2026-07-11 23:18:11 [info     ] SLOMonitor initialized         threshold_ms=200.0 violation_window=30
2026-07-11 23:18:11 [info     ] Algorithm1ControllerV3 initialized max_knative=50 r_saturation=33.3 target_cpu_util=0.5 total_budget=1000
2026-07-11 23:18:11 [info     ] Using V3 controller (Capacity-Driven) scenario=s3-hybrid-reactive version=v3
2026-07-11 23:18:11 [info     ] HAProxyWeightAdjuster initialized backend=servers host=localhost port=19999
2026-07-11 23:18:11 [info     ] GRUClient initialized          base_url=http://localhost:8090
2026-07-11 23:18:11 [info     ] K8sScaler initialized          deployment=test-app-warm namespace=default
2026-07-11 23:18:11 [info     ] RoutingDaemon initialized      decision_interval=15 description='Algorithm 1 reactive routing without predictions' scenario=s3-hybrid-reactive use_algorithm=True use_predictions=False
2026-07-11 23:18:11 [info     ] Starting routing daemon        interval=15 scenario=s3-hybrid-reactive
2026-07-11 23:18:11 [info     ] Weights updated                k3s=80 knative=20
2026-07-11 23:18:11 [info     ] Initial weights applied        k3s=80 knative=20
2026-07-11 23:18:11 [debug    ] HAProxy fallback primed        total_requests=0
2026-07-11 23:18:11 [info     ] algorithm2_scaling_decision    action=MAINTAIN alpha=0.030030030030030033 beta=0.0 buffer=1.2 current_replicas=3 predicted_load=0.0 required_resources=0.0 target_replicas=3
2026-07-11 23:18:11 [info     ] algorithm2_decision            action=MAINTAIN applied_target=3 current_replicas=3 hold_until=0.0 observed_load=0.0 observed_target=3 point_forecasts=None prediction_age_sec=None predictive_target=3 proactive=False scenario=s3-hybrid-reactive target_replicas=3 upper_forecasts=None
2026-07-11 23:18:11 [debug    ] Decision loop completed        action=MAINTAIN latency_ms=107.01 p99=0.0
2026-07-11 23:18:26 [info     ] algorithm2_scaling_decision    action=MAINTAIN alpha=0.030030030030030033 beta=0.0 buffer=1.2 current_replicas=3 predicted_load=0.0 required_resources=0.0 target_replicas=3
2026-07-11 23:18:26 [info     ] algorithm2_decision            action=MAINTAIN applied_target=3 current_replicas=3 hold_until=0.0 observed_load=0.0 observed_target=3 point_forecasts=None prediction_age_sec=None predictive_target=3 proactive=False scenario=s3-hybrid-reactive target_replicas=3 upper_forecasts=None
2026-07-11 23:18:26 [debug    ] Decision loop completed        action=MAINTAIN latency_ms=113.06 p99=0.0
2026-07-11 23:18:41 [info     ] algorithm2_scaling_decision    action=MAINTAIN alpha=0.030030030030030033 beta=0.0 buffer=1.2 current_replicas=3 predicted_load=0.0 required_resources=0.0 target_replicas=3
2026-07-11 23:18:41 [info     ] algorithm2_decision            action=MAINTAIN applied_target=3 current_replicas=3 hold_until=0.0 observed_load=0.0 observed_target=3 point_forecasts=None prediction_age_sec=None predictive_target=3 proactive=False scenario=s3-hybrid-reactive target_replicas=3 upper_forecasts=None
2026-07-11 23:18:41 [debug    ] Decision loop completed        action=MAINTAIN latency_ms=104.63 p99=0.0
2026-07-11 23:18:56 [debug    ] HAProxy fallback latency       delta_requests=640 interval_avg_ms=64.0 max_rtime_ms=124.0 p99_est=124.0
2026-07-11 23:18:56 [info     ] controller_decision_v3         action=RECOVERY available_replicas=3 budget_remaining=1000 burn_adjustment=0 burst_ratio=0 capacity_deficit=False confidence=0 current_load=42.305215011922414 decision_id=adb0cd35 k8s_capacity=49.9 k8s_weight=100 knative_weight=0 p99=124.0 predicted_load=0 r_effective=16.6 serverless_enabled=False total_load=42.3 weights_after={'k3s': 100, 'knative': 0} weights_before={'k3s': 80, 'knative': 20}
2026-07-11 23:18:56 [info     ] Weights updated                k3s=100 knative=0
2026-07-11 23:18:56 [info     ] Weights updated                action=RECOVERY reason='load=42RPS | k8s_cap=50RPS | (reducing-serverless)' weights={'k3s': 100, 'knative': 0}
2026-07-11 23:18:56 [info     ] algorithm2_scaling_decision    action=MAINTAIN alpha=0.030030030030030033 beta=0.0 buffer=1.2 current_replicas=3 predicted_load=21.152607505961207 required_resources=0.635 target_replicas=3
2026-07-11 23:18:56 [info     ] algorithm2_decision            action=MAINTAIN applied_target=3 current_replicas=3 hold_until=0.0 observed_load=21.15 observed_target=3 point_forecasts=None prediction_age_sec=None predictive_target=3 proactive=False scenario=s3-hybrid-reactive target_replicas=3 upper_forecasts=None
2026-07-11 23:18:56 [debug    ] Decision loop completed        action=RECOVERY latency_ms=142.68 p99=124.0
2026-07-11 23:19:11 [debug    ] HAProxy fallback latency       delta_requests=667 interval_avg_ms=64.0 max_rtime_ms=126.0 p99_est=126.0
2026-07-11 23:19:12 [info     ] algorithm2_scaling_decision    action=MAINTAIN alpha=0.030030030030030033 beta=0.0 buffer=1.2 current_replicas=3 predicted_load=43.14298460093063 required_resources=1.296 target_replicas=3
2026-07-11 23:19:12 [info     ] algorithm2_decision            action=MAINTAIN applied_target=3 current_replicas=3 hold_until=0.0 observed_load=43.14 observed_target=3 point_forecasts=None prediction_age_sec=None predictive_target=3 proactive=False scenario=s3-hybrid-reactive target_replicas=3 upper_forecasts=None
2026-07-11 23:19:12 [debug    ] Decision loop completed        action=MAINTAIN latency_ms=107.68 p99=126.0
2026-07-11 23:19:27 [debug    ] HAProxy fallback latency       delta_requests=715 interval_avg_ms=72.48 max_rtime_ms=126.0 p99_est=126.0
2026-07-11 23:19:27 [info     ] algorithm2_scaling_decision    action=MAINTAIN alpha=0.030030030030030033 beta=0.0 buffer=1.2 current_replicas=3 predicted_load=45.68684345030939 required_resources=1.372 target_replicas=3
2026-07-11 23:19:27 [info     ] algorithm2_decision            action=MAINTAIN applied_target=3 current_replicas=3 hold_until=0.0 observed_load=45.69 observed_target=3 point_forecasts=None prediction_age_sec=None predictive_target=3 proactive=False scenario=s3-hybrid-reactive target_replicas=3 upper_forecasts=None
2026-07-11 23:19:27 [debug    ] Decision loop completed        action=MAINTAIN latency_ms=114.59 p99=126.0
2026-07-11 23:19:42 [debug    ] HAProxy fallback latency       delta_requests=823 interval_avg_ms=63.54 max_rtime_ms=156.0 p99_est=127.09
2026-07-11 23:19:42 [info     ] Knative pre-warm OK            cold_start_ms=2.7
2026-07-11 23:19:42 [info     ] controller_decision_v3         action=REACTIVE available_replicas=3 budget_remaining=1000 burn_adjustment=0 burst_ratio=0.0815 capacity_deficit=False confidence=0 current_load=54.383050280676095 decision_id=0c03bccb k8s_capacity=49.9 k8s_weight=91 knative_weight=9 p99=127.1 predicted_load=0 r_effective=16.6 serverless_enabled=True total_load=54.4 weights_after={'k3s': 91, 'knative': 9} weights_before={'k3s': 100, 'knative': 0}
2026-07-11 23:19:42 [info     ] Weights updated                k3s=91 knative=9
2026-07-11 23:19:42 [info     ] Weights updated                action=REACTIVE reason='load=54RPS | k8s_cap=50RPS | (burst-routing)' weights={'k3s': 91, 'knative': 9}
2026-07-11 23:19:42 [info     ] algorithm2_scaling_decision    action=MAINTAIN alpha=0.030030030030030033 beta=0.0 buffer=1.2 current_replicas=3 predicted_load=50.88799149567801 required_resources=1.528 target_replicas=3
2026-07-11 23:19:42 [info     ] algorithm2_decision            action=MAINTAIN applied_target=3 current_replicas=3 hold_until=0.0 observed_load=50.89 observed_target=3 point_forecasts=None prediction_age_sec=None predictive_target=3 proactive=False scenario=s3-hybrid-reactive target_replicas=3 upper_forecasts=None
2026-07-11 23:19:42 [debug    ] Decision loop completed        action=REACTIVE latency_ms=114.0 p99=127.08626974483596
2026-07-11 23:19:57 [debug    ] HAProxy fallback latency       delta_requests=768 interval_avg_ms=66.0 max_rtime_ms=156.0 p99_est=132.0
2026-07-11 23:19:57 [info     ] controller_decision_v3         action=RECOVERY available_replicas=3 budget_remaining=1000 burn_adjustment=0 burst_ratio=0.017 capacity_deficit=False confidence=0 current_load=50.81472773699318 decision_id=cff2d828 k8s_capacity=49.9 k8s_weight=98 knative_weight=2 p99=132.0 predicted_load=0 r_effective=16.6 serverless_enabled=True total_load=50.8 weights_after={'k3s': 98, 'knative': 2} weights_before={'k3s': 91, 'knative': 9}
2026-07-11 23:19:57 [info     ] Weights updated                k3s=98 knative=2
2026-07-11 23:19:57 [info     ] Weights updated                action=RECOVERY reason='load=51RPS | k8s_cap=50RPS | (reducing-serverless)' weights={'k3s': 98, 'knative': 2}
2026-07-11 23:19:57 [info     ] algorithm2_scaling_decision    action=MAINTAIN alpha=0.030030030030030033 beta=0.0 buffer=1.2 current_replicas=3 predicted_load=52.59888900883463 required_resources=1.58 target_replicas=3
2026-07-11 23:19:57 [info     ] algorithm2_decision            action=MAINTAIN applied_target=3 current_replicas=3 hold_until=0.0 observed_load=52.6 observed_target=3 point_forecasts=None prediction_age_sec=None predictive_target=3 proactive=False scenario=s3-hybrid-reactive target_replicas=3 upper_forecasts=None
2026-07-11 23:19:57 [debug    ] Decision loop completed        action=RECOVERY latency_ms=141.69 p99=132.0
2026-07-11 23:20:12 [debug    ] HAProxy fallback latency       delta_requests=547 interval_avg_ms=58.39 max_rtime_ms=156.0 p99_est=116.79
2026-07-11 23:20:12 [info     ] controller_decision_v3         action=RECOVERY available_replicas=3 budget_remaining=1000 burn_adjustment=0 burst_ratio=0 capacity_deficit=False confidence=0 current_load=36.19162482573023 decision_id=9606cfc8 k8s_capacity=49.9 k8s_weight=100 knative_weight=0 p99=116.8 predicted_load=0 r_effective=16.6 serverless_enabled=False total_load=36.2 weights_after={'k3s': 100, 'knative': 0} weights_before={'k3s': 98, 'knative': 2}
2026-07-11 23:20:12 [info     ] Weights updated                k3s=100 knative=0
2026-07-11 23:20:12 [info     ] Weights updated                action=RECOVERY reason='load=36RPS | k8s_cap=50RPS | (reducing-serverless)' weights={'k3s': 100, 'knative': 0}
2026-07-11 23:20:12 [info     ] algorithm2_scaling_decision    action=MAINTAIN alpha=0.030030030030030033 beta=0.0 buffer=1.2 current_replicas=3 predicted_load=43.503176281361704 required_resources=1.306 target_replicas=3
2026-07-11 23:20:12 [info     ] algorithm2_decision            action=MAINTAIN applied_target=3 current_replicas=3 hold_until=0.0 observed_load=43.5 observed_target=3 point_forecasts=None prediction_age_sec=None predictive_target=3 proactive=False scenario=s3-hybrid-reactive target_replicas=3 upper_forecasts=None
2026-07-11 23:20:12 [debug    ] Decision loop completed        action=RECOVERY latency_ms=139.0 p99=116.78976234003656
2026-07-11 23:20:27 [debug    ] HAProxy fallback latency       delta_requests=412 interval_avg_ms=65.0 max_rtime_ms=156.0 p99_est=130.0
2026-07-11 23:20:27 [info     ] algorithm2_scaling_decision    action=MAINTAIN alpha=0.030030030030030033 beta=0.0 buffer=1.2 current_replicas=3 predicted_load=31.70234362375837 required_resources=0.952 target_replicas=3
2026-07-11 23:20:27 [info     ] algorithm2_decision            action=MAINTAIN applied_target=3 current_replicas=3 hold_until=0.0 observed_load=31.7 observed_target=3 point_forecasts=None prediction_age_sec=None predictive_target=3 proactive=False scenario=s3-hybrid-reactive target_replicas=3 upper_forecasts=None
2026-07-11 23:20:27 [debug    ] Decision loop completed        action=MAINTAIN latency_ms=113.9 p99=130.0
2026-07-11 23:20:42 [debug    ] HAProxy fallback latency       delta_requests=358 interval_avg_ms=51.23 max_rtime_ms=156.0 p99_est=102.46
2026-07-11 23:20:42 [info     ] algorithm2_scaling_decision    action=MAINTAIN alpha=0.030030030030030033 beta=0.0 buffer=1.2 current_replicas=3 predicted_load=25.450150033733983 required_resources=0.764 target_replicas=3
2026-07-11 23:20:42 [info     ] algorithm2_decision            action=MAINTAIN applied_target=3 current_replicas=3 hold_until=0.0 observed_load=25.45 observed_target=3 point_forecasts=None prediction_age_sec=None predictive_target=3 proactive=False scenario=s3-hybrid-reactive target_replicas=3 upper_forecasts=None
2026-07-11 23:20:42 [debug    ] Decision loop completed        action=MAINTAIN latency_ms=106.9 p99=102.45810055865921
2026-07-11 23:20:57 [debug    ] HAProxy fallback latency       delta_requests=485 interval_avg_ms=75.16 max_rtime_ms=156.0 p99_est=150.33
2026-07-11 23:20:57 [info     ] algorithm2_scaling_decision    action=MAINTAIN alpha=0.030030030030030033 beta=0.0 buffer=1.2 current_replicas=3 predicted_load=27.86301314667283 required_resources=0.837 target_replicas=3
2026-07-11 23:20:57 [info     ] algorithm2_decision            action=MAINTAIN applied_target=3 current_replicas=3 hold_until=0.0 observed_load=27.86 observed_target=3 point_forecasts=None prediction_age_sec=None predictive_target=3 proactive=False scenario=s3-hybrid-reactive target_replicas=3 upper_forecasts=None
2026-07-11 23:20:57 [debug    ] Decision loop completed        action=MAINTAIN latency_ms=113.01 p99=150.3298969072165
2026-07-11 23:21:12 [debug    ] HAProxy fallback latency       delta_requests=774 interval_avg_ms=57.0 max_rtime_ms=156.0 p99_est=114.01
2026-07-11 23:21:12 [info     ] Knative pre-warm OK            cold_start_ms=2.5
2026-07-11 23:21:12 [info     ] controller_decision_v3         action=REACTIVE available_replicas=3 budget_remaining=1000 burn_adjustment=0 burst_ratio=0.0234 capacity_deficit=False confidence=0 current_load=51.14534624242103 decision_id=ba9263fb k8s_capacity=49.9 k8s_weight=97 knative_weight=3 p99=114.0 predicted_load=0 r_effective=16.6 serverless_enabled=True total_load=51.1 weights_after={'k3s': 97, 'knative': 3} weights_before={'k3s': 100, 'knative': 0}
2026-07-11 23:21:12 [info     ] Weights updated                k3s=97 knative=3
2026-07-11 23:21:12 [info     ] Weights updated                action=REACTIVE reason='load=51RPS | k8s_cap=50RPS | (burst-routing)' weights={'k3s': 97, 'knative': 3}
2026-07-11 23:21:12 [info     ] algorithm2_scaling_decision    action=MAINTAIN alpha=0.030030030030030033 beta=0.0 buffer=1.2 current_replicas=3 predicted_load=41.592067445042616 required_resources=1.249 target_replicas=3
2026-07-11 23:21:12 [info     ] algorithm2_decision            action=MAINTAIN applied_target=3 current_replicas=3 hold_until=0.0 observed_load=41.59 observed_target=3 point_forecasts=None prediction_age_sec=None predictive_target=3 proactive=False scenario=s3-hybrid-reactive target_replicas=3 upper_forecasts=None
2026-07-11 23:21:12 [debug    ] Decision loop completed        action=REACTIVE latency_ms=108.6 p99=114.0077519379845
2026-07-11 23:21:28 [debug    ] HAProxy fallback latency       delta_requests=811 interval_avg_ms=81.26 max_rtime_ms=156.0 p99_est=156.0
2026-07-11 23:21:28 [info     ] controller_decision_v3         action=REACTIVE available_replicas=3 budget_remaining=1000 burn_adjustment=0 burst_ratio=0.0706 capacity_deficit=False confidence=0 current_load=53.74459696564709 decision_id=0f4e7f7e k8s_capacity=49.9 k8s_weight=92 knative_weight=8 p99=156.0 predicted_load=0 r_effective=16.6 serverless_enabled=True total_load=53.7 weights_after={'k3s': 92, 'knative': 8} weights_before={'k3s': 97, 'knative': 3}
2026-07-11 23:21:28 [info     ] Weights updated                k3s=92 knative=8
2026-07-11 23:21:28 [info     ] Weights updated                action=REACTIVE reason='load=54RPS | k8s_cap=50RPS | (burst-routing)' weights={'k3s': 92, 'knative': 8}
2026-07-11 23:21:28 [info     ] algorithm2_scaling_decision    action=MAINTAIN alpha=0.030030030030030033 beta=0.0 buffer=1.2 current_replicas=3 predicted_load=52.44497160403406 required_resources=1.575 target_replicas=3
2026-07-11 23:21:28 [info     ] algorithm2_decision            action=MAINTAIN applied_target=3 current_replicas=3 hold_until=0.0 observed_load=52.44 observed_target=3 point_forecasts=None prediction_age_sec=None predictive_target=3 proactive=False scenario=s3-hybrid-reactive target_replicas=3 upper_forecasts=None
2026-07-11 23:21:28 [debug    ] Decision loop completed        action=REACTIVE latency_ms=114.81 p99=156.0
2026-07-11 23:21:43 [debug    ] HAProxy fallback latency       delta_requests=638 interval_avg_ms=54.03 max_rtime_ms=156.0 p99_est=108.06
2026-07-11 23:21:43 [info     ] controller_decision_v3         action=RECOVERY available_replicas=3 budget_remaining=1000 burn_adjustment=0 burst_ratio=0 capacity_deficit=False confidence=0 current_load=42.21021344948083 decision_id=596c5fe6 k8s_capacity=49.9 k8s_weight=100 knative_weight=0 p99=108.1 predicted_load=0 r_effective=16.6 serverless_enabled=False total_load=42.2 weights_after={'k3s': 100, 'knative': 0} weights_before={'k3s': 92, 'knative': 8}
2026-07-11 23:21:43 [info     ] Weights updated                k3s=100 knative=0
2026-07-11 23:21:43 [info     ] Weights updated                action=RECOVERY reason='load=42RPS | k8s_cap=50RPS | (reducing-serverless)' weights={'k3s': 100, 'knative': 0}
2026-07-11 23:21:43 [info     ] algorithm2_scaling_decision    action=MAINTAIN alpha=0.030030030030030033 beta=0.0 buffer=1.2 current_replicas=3 predicted_load=47.97740520756396 required_resources=1.441 target_replicas=3
2026-07-11 23:21:43 [info     ] algorithm2_decision            action=MAINTAIN applied_target=3 current_replicas=3 hold_until=0.0 observed_load=47.98 observed_target=3 point_forecasts=None prediction_age_sec=None predictive_target=3 proactive=False scenario=s3-hybrid-reactive target_replicas=3 upper_forecasts=None
2026-07-11 23:21:43 [debug    ] Decision loop completed        action=RECOVERY latency_ms=143.39 p99=108.0564263322884
2026-07-11 23:21:58 [debug    ] HAProxy fallback latency       delta_requests=658 interval_avg_ms=52.39 max_rtime_ms=156.0 p99_est=104.78
2026-07-11 23:21:58 [info     ] algorithm2_scaling_decision    action=MAINTAIN alpha=0.030030030030030033 beta=0.0 buffer=1.2 current_replicas=3 predicted_load=42.830867206486175 required_resources=1.286 target_replicas=3
2026-07-11 23:21:58 [info     ] algorithm2_decision            action=MAINTAIN applied_target=3 current_replicas=3 hold_until=0.0 observed_load=42.83 observed_target=3 point_forecasts=None prediction_age_sec=None predictive_target=3 proactive=False scenario=s3-hybrid-reactive target_replicas=3 upper_forecasts=None
2026-07-11 23:21:58 [debug    ] Decision loop completed        action=MAINTAIN latency_ms=105.24 p99=104.78419452887537
2026-07-11 23:22:13 [debug    ] HAProxy fallback latency       delta_requests=831 interval_avg_ms=74.98 max_rtime_ms=156.0 p99_est=149.97
2026-07-11 23:22:13 [info     ] Knative pre-warm OK            cold_start_ms=2.7
2026-07-11 23:22:13 [info     ] controller_decision_v3         action=REACTIVE available_replicas=3 budget_remaining=1000 burn_adjustment=0 burst_ratio=0.092 capacity_deficit=False confidence=0 current_load=55.01271269076439 decision_id=21dee585 k8s_capacity=49.9 k8s_weight=90 knative_weight=10 p99=150.0 predicted_load=0 r_effective=16.6 serverless_enabled=True total_load=55.0 weights_after={'k3s': 90, 'knative': 10} weights_before={'k3s': 100, 'knative': 0}
2026-07-11 23:22:13 [info     ] Weights updated                k3s=90 knative=10
2026-07-11 23:22:13 [info     ] Weights updated                action=REACTIVE reason='load=55RPS | k8s_cap=50RPS | (burst-routing)' weights={'k3s': 90, 'knative': 10}
2026-07-11 23:22:13 [info     ] algorithm2_scaling_decision    action=MAINTAIN alpha=0.030030030030030033 beta=0.0 buffer=1.2 current_replicas=3 predicted_load=49.23211682712795 required_resources=1.478 target_replicas=3
2026-07-11 23:22:13 [info     ] algorithm2_decision            action=MAINTAIN applied_target=3 current_replicas=3 hold_until=0.0 observed_load=49.23 observed_target=3 point_forecasts=None prediction_age_sec=None predictive_target=3 proactive=False scenario=s3-hybrid-reactive target_replicas=3 upper_forecasts=None
2026-07-11 23:22:13 [debug    ] Decision loop completed        action=REACTIVE latency_ms=111.82 p99=149.96630565583635
2026-07-11 23:22:28 [debug    ] HAProxy fallback latency       delta_requests=916 interval_avg_ms=86.93 max_rtime_ms=156.0 p99_est=156.0
2026-07-11 23:22:28 [info     ] controller_decision_v3         action=REACTIVE available_replicas=3 budget_remaining=1000 burn_adjustment=0 burst_ratio=0.1751 capacity_deficit=False confidence=0 current_load=60.54932948328992 decision_id=d1855017 k8s_capacity=49.9 k8s_weight=82 knative_weight=18 p99=156.0 predicted_load=0 r_effective=16.6 serverless_enabled=True total_load=60.5 weights_after={'k3s': 82, 'knative': 18} weights_before={'k3s': 90, 'knative': 10}
2026-07-11 23:22:28 [info     ] Weights updated                k3s=82 knative=18
2026-07-11 23:22:28 [info     ] Weights updated                action=REACTIVE reason='load=61RPS | k8s_cap=50RPS | (burst-routing)' weights={'k3s': 82, 'knative': 18}
2026-07-11 23:22:28 [info     ] algorithm2_scaling_decision    action=MAINTAIN alpha=0.030030030030030033 beta=0.0 buffer=1.2 current_replicas=3 predicted_load=57.781021087027156 required_resources=1.735 target_replicas=3
2026-07-11 23:22:28 [info     ] algorithm2_decision            action=MAINTAIN applied_target=3 current_replicas=3 hold_until=0.0 observed_load=57.78 observed_target=3 point_forecasts=None prediction_age_sec=None predictive_target=3 proactive=False scenario=s3-hybrid-reactive target_replicas=3 upper_forecasts=None
2026-07-11 23:22:28 [debug    ] Decision loop completed        action=REACTIVE latency_ms=110.67 p99=156.0
2026-07-11 23:22:43 [debug    ] HAProxy fallback latency       delta_requests=932 interval_avg_ms=67.0 max_rtime_ms=156.0 p99_est=134.0
2026-07-11 23:22:43 [info     ] controller_decision_v3         action=REACTIVE available_replicas=3 budget_remaining=1000 burn_adjustment=0 burst_ratio=0.1892 capacity_deficit=False confidence=0 current_load=61.606306733726385 decision_id=cf78d961 k8s_capacity=49.9 k8s_weight=81 knative_weight=19 p99=134.0 predicted_load=0 r_effective=16.6 serverless_enabled=True total_load=61.6 weights_after={'k3s': 81, 'knative': 19} weights_before={'k3s': 82, 'knative': 18}
2026-07-11 23:22:43 [info     ] Weights updated                k3s=81 knative=19
2026-07-11 23:22:43 [info     ] Weights updated                action=REACTIVE reason='load=62RPS | k8s_cap=50RPS | (burst-routing)' weights={'k3s': 81, 'knative': 19}
2026-07-11 23:22:43 [info     ] algorithm2_scaling_decision    action=MAINTAIN alpha=0.030030030030030033 beta=0.0 buffer=1.2 current_replicas=3 predicted_load=61.077818108508154 required_resources=1.834 target_replicas=3
2026-07-11 23:22:43 [info     ] algorithm2_decision            action=MAINTAIN applied_target=3 current_replicas=3 hold_until=0.0 observed_load=61.08 observed_target=3 point_forecasts=None prediction_age_sec=None predictive_target=3 proactive=False scenario=s3-hybrid-reactive target_replicas=3 upper_forecasts=None
2026-07-11 23:22:43 [debug    ] Decision loop completed        action=REACTIVE latency_ms=157.89 p99=134.0
2026-07-11 23:22:58 [debug    ] HAProxy fallback latency       delta_requests=1006 interval_avg_ms=55.09 max_rtime_ms=156.0 p99_est=110.18
2026-07-11 23:22:58 [info     ] controller_decision_v3         action=REACTIVE available_replicas=3 budget_remaining=1000 burn_adjustment=0 burst_ratio=0.2482 capacity_deficit=False confidence=0 current_load=66.4377725626201 decision_id=16765d3c k8s_capacity=49.9 k8s_weight=75 knative_weight=25 p99=110.2 predicted_load=0 r_effective=16.6 serverless_enabled=True total_load=66.4 weights_after={'k3s': 75, 'knative': 25} weights_before={'k3s': 81, 'knative': 19}
2026-07-11 23:22:58 [info     ] Weights updated                k3s=75 knative=25
2026-07-11 23:22:58 [info     ] Weights updated                action=REACTIVE reason='load=66RPS | k8s_cap=50RPS | (burst-routing)' weights={'k3s': 75, 'knative': 25}
2026-07-11 23:22:58 [info     ] algorithm2_scaling_decision    action=MAINTAIN alpha=0.030030030030030033 beta=0.0 buffer=1.2 current_replicas=3 predicted_load=64.02203964817323 required_resources=1.923 target_replicas=3
2026-07-11 23:22:58 [info     ] algorithm2_decision            action=MAINTAIN applied_target=3 current_replicas=3 hold_until=0.0 observed_load=64.02 observed_target=3 point_forecasts=None prediction_age_sec=None predictive_target=3 proactive=False scenario=s3-hybrid-reactive target_replicas=3 upper_forecasts=None
2026-07-11 23:22:58 [debug    ] Decision loop completed        action=REACTIVE latency_ms=109.63 p99=110.18091451292247
2026-07-11 23:23:13 [debug    ] HAProxy fallback latency       delta_requests=1119 interval_avg_ms=54.29 max_rtime_ms=156.0 p99_est=108.59
2026-07-11 23:23:13 [info     ] controller_decision_v3         action=REACTIVE available_replicas=3 budget_remaining=1000 burn_adjustment=0 burst_ratio=0.3255 capacity_deficit=False confidence=0 current_load=74.05966378861147 decision_id=356702ec k8s_capacity=49.9 k8s_weight=67 knative_weight=33 p99=108.6 predicted_load=0 r_effective=16.6 serverless_enabled=True total_load=74.1 weights_after={'k3s': 67, 'knative': 33} weights_before={'k3s': 75, 'knative': 25}
2026-07-11 23:23:13 [info     ] Weights updated                k3s=67 knative=33
2026-07-11 23:23:13 [info     ] Weights updated                action=REACTIVE reason='load=74RPS | k8s_cap=50RPS | (burst-routing)' weights={'k3s': 67, 'knative': 33}
2026-07-11 23:23:13 [info     ] algorithm2_scaling_decision    action=MAINTAIN alpha=0.030030030030030033 beta=0.0 buffer=1.2 current_replicas=3 predicted_load=70.24871817561578 required_resources=2.11 target_replicas=3
2026-07-11 23:23:13 [info     ] algorithm2_decision            action=MAINTAIN applied_target=3 current_replicas=3 hold_until=0.0 observed_load=70.25 observed_target=3 point_forecasts=None prediction_age_sec=None predictive_target=3 proactive=False scenario=s3-hybrid-reactive target_replicas=3 upper_forecasts=None
2026-07-11 23:23:13 [debug    ] Decision loop completed        action=REACTIVE latency_ms=108.05 p99=108.58623771224308
2026-07-11 23:23:28 [debug    ] HAProxy fallback latency       delta_requests=1274 interval_avg_ms=76.28 max_rtime_ms=156.0 p99_est=152.57
2026-07-11 23:23:28 [info     ] controller_decision_v3         action=REACTIVE available_replicas=3 budget_remaining=1000 burn_adjustment=0 burst_ratio=0.4072 capacity_deficit=False confidence=0 current_load=84.25760773269849 decision_id=748ad2f1 k8s_capacity=49.9 k8s_weight=59 knative_weight=41 p99=152.6 predicted_load=0 r_effective=16.6 serverless_enabled=True total_load=84.3 weights_after={'k3s': 59, 'knative': 41} weights_before={'k3s': 67, 'knative': 33}
2026-07-11 23:23:28 [info     ] Weights updated                k3s=59 knative=41
2026-07-11 23:23:28 [info     ] Weights updated                action=REACTIVE reason='load=84RPS | k8s_cap=50RPS | (burst-routing)' weights={'k3s': 59, 'knative': 41}
2026-07-11 23:23:29 [info     ] algorithm2_scaling_decision    action=MAINTAIN alpha=0.030030030030030033 beta=0.0 buffer=1.2 current_replicas=3 predicted_load=79.15863576065499 required_resources=2.377 target_replicas=3
2026-07-11 23:23:29 [info     ] algorithm2_decision            action=MAINTAIN applied_target=3 current_replicas=3 hold_until=0.0 observed_load=79.16 observed_target=3 point_forecasts=None prediction_age_sec=None predictive_target=3 proactive=False scenario=s3-hybrid-reactive target_replicas=3 upper_forecasts=None
2026-07-11 23:23:29 [debug    ] Decision loop completed        action=REACTIVE latency_ms=107.3 p99=152.5651491365777
2026-07-11 23:23:44 [debug    ] HAProxy fallback latency       delta_requests=1457 interval_avg_ms=55.13 max_rtime_ms=156.0 p99_est=110.27
2026-07-11 23:23:44 [info     ] controller_decision_v3         action=REACTIVE available_replicas=3 budget_remaining=1000 burn_adjustment=0 burst_ratio=0.4821 capacity_deficit=False confidence=0 current_load=96.4404822209597 decision_id=81913db7 k8s_capacity=49.9 k8s_weight=51 knative_weight=49 p99=110.3 predicted_load=0 r_effective=16.6 serverless_enabled=True total_load=96.4 weights_after={'k3s': 51, 'knative': 49} weights_before={'k3s': 59, 'knative': 41}
2026-07-11 23:23:44 [info     ] Weights updated                k3s=51 knative=49
2026-07-11 23:23:44 [info     ] Weights updated                action=REACTIVE reason='load=96RPS | k8s_cap=50RPS | (burst-routing)' weights={'k3s': 51, 'knative': 49}
2026-07-11 23:23:44 [info     ] algorithm2_scaling_decision    action=SCALE_UP alpha=0.030030030030030033 beta=0.0 buffer=1.2 current_replicas=3 predicted_load=90.34904497682909 required_resources=2.713 target_replicas=4
2026-07-11 23:23:44 [info     ] algorithm2_decision            action=SCALE_UP applied_target=4 current_replicas=3 hold_until=0.0 observed_load=90.35 observed_target=4 point_forecasts=None prediction_age_sec=None predictive_target=4 proactive=False scenario=s3-hybrid-reactive target_replicas=4 upper_forecasts=None
2026-07-11 23:23:44 [info     ] k8s_scale_executed             deployment=test-app-warm replicas=4
2026-07-11 23:23:44 [debug    ] Decision loop completed        action=REACTIVE latency_ms=145.77 p99=110.26904598490049
2026-07-11 23:23:59 [debug    ] HAProxy fallback latency       delta_requests=1672 interval_avg_ms=85.94 max_rtime_ms=156.0 p99_est=156.0
2026-07-11 23:23:59 [info     ] controller_decision_v3         action=RECOVERY available_replicas=4 budget_remaining=1000 burn_adjustment=0 burst_ratio=0.3963 capacity_deficit=False confidence=0 current_load=110.32343112655629 decision_id=37449244 k8s_capacity=66.6 k8s_weight=60 knative_weight=40 p99=156.0 predicted_load=0 r_effective=16.6 serverless_enabled=True total_load=110.3 weights_after={'k3s': 60, 'knative': 40} weights_before={'k3s': 51, 'knative': 49}
2026-07-11 23:23:59 [info     ] Weights updated                k3s=60 knative=40
2026-07-11 23:23:59 [info     ] Weights updated                action=RECOVERY reason='load=110RPS | k8s_cap=67RPS | (reducing-serverless)' weights={'k3s': 60, 'knative': 40}
2026-07-11 23:23:59 [info     ] algorithm2_scaling_decision    action=MAINTAIN alpha=0.030030030030030033 beta=0.0 buffer=1.2 current_replicas=4 predicted_load=103.381956673758 required_resources=3.105 target_replicas=4
2026-07-11 23:23:59 [info     ] algorithm2_decision            action=MAINTAIN applied_target=4 current_replicas=4 hold_until=0.0 observed_load=103.38 observed_target=4 point_forecasts=None prediction_age_sec=None predictive_target=4 proactive=False scenario=s3-hybrid-reactive target_replicas=4 upper_forecasts=None
2026-07-11 23:23:59 [debug    ] Decision loop completed        action=RECOVERY latency_ms=142.85 p99=156.0
2026-07-11 23:24:14 [debug    ] HAProxy fallback latency       delta_requests=1894 interval_avg_ms=87.48 max_rtime_ms=156.0 p99_est=156.0
2026-07-11 23:24:14 [info     ] controller_decision_v3         action=REACTIVE available_replicas=4 budget_remaining=1000 burn_adjustment=0 burst_ratio=0.4675 capacity_deficit=False confidence=0 current_load=125.07878859294476 decision_id=30c54c77 k8s_capacity=66.6 k8s_weight=53 knative_weight=47 p99=156.0 predicted_load=0 r_effective=16.6 serverless_enabled=True total_load=125.1 weights_after={'k3s': 53, 'knative': 47} weights_before={'k3s': 60, 'knative': 40}
2026-07-11 23:24:14 [info     ] Weights updated                k3s=53 knative=47
2026-07-11 23:24:14 [info     ] Weights updated                action=REACTIVE reason='load=125RPS | k8s_cap=67RPS | (burst-routing)' weights={'k3s': 53, 'knative': 47}
2026-07-11 23:24:14 [info     ] algorithm2_scaling_decision    action=SCALE_UP alpha=0.030030030030030033 beta=0.0 buffer=1.2 current_replicas=4 predicted_load=117.70110985975052 required_resources=3.535 target_replicas=5
2026-07-11 23:24:14 [info     ] algorithm2_decision            action=SCALE_UP applied_target=5 current_replicas=4 hold_until=0.0 observed_load=117.7 observed_target=5 point_forecasts=None prediction_age_sec=None predictive_target=5 proactive=False scenario=s3-hybrid-reactive target_replicas=5 upper_forecasts=None
2026-07-11 23:24:14 [info     ] k8s_scale_executed             deployment=test-app-warm replicas=5
2026-07-11 23:24:14 [debug    ] Decision loop completed        action=REACTIVE latency_ms=147.85 p99=156.0
2026-07-11 23:24:29 [debug    ] HAProxy fallback latency       delta_requests=1721 interval_avg_ms=56.73 max_rtime_ms=156.0 p99_est=113.46
2026-07-11 23:24:29 [info     ] controller_decision_v3         action=RECOVERY available_replicas=5 budget_remaining=1000 burn_adjustment=0 burst_ratio=0.2677 capacity_deficit=False confidence=0 current_load=113.68198769851342 decision_id=c36513df k8s_capacity=83.2 k8s_weight=73 knative_weight=27 p99=113.5 predicted_load=0 r_effective=16.6 serverless_enabled=True total_load=113.7 weights_after={'k3s': 73, 'knative': 27} weights_before={'k3s': 53, 'knative': 47}
2026-07-11 23:24:29 [info     ] Weights updated                k3s=73 knative=27
2026-07-11 23:24:29 [info     ] Weights updated                action=RECOVERY reason='load=114RPS | k8s_cap=83RPS | (reducing-serverless)' weights={'k3s': 73, 'knative': 27}
2026-07-11 23:24:29 [info     ] algorithm2_scaling_decision    action=MAINTAIN alpha=0.030030030030030033 beta=0.0 buffer=1.2 current_replicas=5 predicted_load=119.38038814572909 required_resources=3.585 target_replicas=5
2026-07-11 23:24:29 [info     ] algorithm2_decision            action=MAINTAIN applied_target=5 current_replicas=5 hold_until=0.0 observed_load=119.38 observed_target=5 point_forecasts=None prediction_age_sec=None predictive_target=5 proactive=False scenario=s3-hybrid-reactive target_replicas=5 upper_forecasts=None
2026-07-11 23:24:29 [debug    ] Decision loop completed        action=RECOVERY latency_ms=144.43 p99=113.45845438698431
2026-07-11 23:24:44 [debug    ] HAProxy fallback latency       delta_requests=1311 interval_avg_ms=33.78 max_rtime_ms=156.0 p99_est=67.57
2026-07-11 23:24:44 [info     ] controller_decision_v3         action=RECOVERY available_replicas=5 budget_remaining=1000 burn_adjustment=0 burst_ratio=0.0397 capacity_deficit=False confidence=0 current_load=86.69535004834965 decision_id=77102021 k8s_capacity=83.2 k8s_weight=96 knative_weight=4 p99=67.6 predicted_load=0 r_effective=16.6 serverless_enabled=True total_load=86.7 weights_after={'k3s': 96, 'knative': 4} weights_before={'k3s': 73, 'knative': 27}
2026-07-11 23:24:44 [info     ] Weights updated                k3s=96 knative=4
2026-07-11 23:24:44 [info     ] Weights updated                action=RECOVERY reason='load=87RPS | k8s_cap=83RPS | (reducing-serverless)' weights={'k3s': 96, 'knative': 4}
2026-07-11 23:24:44 [info     ] algorithm2_scaling_decision    action=MAINTAIN alpha=0.030030030030030033 beta=0.0 buffer=1.2 current_replicas=5 predicted_load=100.18866887343154 required_resources=3.009 target_replicas=4
2026-07-11 23:24:44 [info     ] algorithm2_decision            action=MAINTAIN applied_target=4 current_replicas=5 hold_until=0.0 observed_load=100.19 observed_target=4 point_forecasts=None prediction_age_sec=None predictive_target=4 proactive=False scenario=s3-hybrid-reactive target_replicas=4 upper_forecasts=None
2026-07-11 23:24:44 [debug    ] Decision loop completed        action=RECOVERY latency_ms=146.72 p99=67.56674294431731
2026-07-11 23:24:59 [debug    ] HAProxy fallback latency       delta_requests=1132 interval_avg_ms=66.0 max_rtime_ms=156.0 p99_est=132.0
2026-07-11 23:24:59 [info     ] controller_decision_v3         action=RECOVERY available_replicas=5 budget_remaining=1000 burn_adjustment=0 burst_ratio=0 capacity_deficit=False confidence=0 current_load=74.66881727196802 decision_id=e47cb517 k8s_capacity=83.2 k8s_weight=100 knative_weight=0 p99=132.0 predicted_load=0 r_effective=16.6 serverless_enabled=False total_load=74.7 weights_after={'k3s': 100, 'knative': 0} weights_before={'k3s': 96, 'knative': 4}
2026-07-11 23:24:59 [info     ] Weights updated                k3s=100 knative=0
2026-07-11 23:24:59 [info     ] Weights updated                action=RECOVERY reason='load=75RPS | k8s_cap=83RPS | (reducing-serverless)' weights={'k3s': 100, 'knative': 0}
2026-07-11 23:24:59 [info     ] algorithm2_scaling_decision    action=MAINTAIN alpha=0.030030030030030033 beta=0.0 buffer=1.2 current_replicas=5 predicted_load=80.68208366015884 required_resources=2.423 target_replicas=3
2026-07-11 23:24:59 [info     ] algorithm2_decision            action=MAINTAIN applied_target=3 current_replicas=5 hold_until=0.0 observed_load=80.68 observed_target=3 point_forecasts=None prediction_age_sec=None predictive_target=3 proactive=False scenario=s3-hybrid-reactive target_replicas=3 upper_forecasts=None
2026-07-11 23:24:59 [debug    ] Decision loop completed        action=RECOVERY latency_ms=149.99 p99=132.0
2026-07-11 23:25:14 [debug    ] HAProxy fallback latency       delta_requests=1075 interval_avg_ms=66.0 max_rtime_ms=156.0 p99_est=132.0
2026-07-11 23:25:15 [info     ] algorithm2_scaling_decision    action=MAINTAIN alpha=0.030030030030030033 beta=0.0 buffer=1.2 current_replicas=5 predicted_load=72.84620602316579 required_resources=2.188 target_replicas=3
2026-07-11 23:25:15 [info     ] algorithm2_decision            action=MAINTAIN applied_target=3 current_replicas=5 hold_until=0.0 observed_load=72.85 observed_target=3 point_forecasts=None prediction_age_sec=None predictive_target=3 proactive=False scenario=s3-hybrid-reactive target_replicas=3 upper_forecasts=None
2026-07-11 23:25:15 [debug    ] Decision loop completed        action=MAINTAIN latency_ms=110.05 p99=132.0
2026-07-11 23:25:30 [debug    ] HAProxy fallback latency       delta_requests=945 interval_avg_ms=66.0 max_rtime_ms=156.0 p99_est=132.0
2026-07-11 23:25:30 [info     ] algorithm2_scaling_decision    action=MAINTAIN alpha=0.030030030030030033 beta=0.0 buffer=1.2 current_replicas=5 predicted_load=66.7486418874526 required_resources=2.004 target_replicas=3
2026-07-11 23:25:30 [info     ] algorithm2_decision            action=MAINTAIN applied_target=3 current_replicas=5 hold_until=0.0 observed_load=66.75 observed_target=3 point_forecasts=None prediction_age_sec=None predictive_target=3 proactive=False scenario=s3-hybrid-reactive target_replicas=3 upper_forecasts=None
2026-07-11 23:25:30 [debug    ] Decision loop completed        action=MAINTAIN latency_ms=112.7 p99=132.0
2026-07-11 23:25:45 [debug    ] HAProxy fallback latency       delta_requests=792 interval_avg_ms=99.3 max_rtime_ms=156.0 p99_est=156.0
2026-07-11 23:25:45 [info     ] algorithm2_scaling_decision    action=MAINTAIN alpha=0.030030030030030033 beta=0.0 buffer=1.2 current_replicas=5 predicted_load=57.47232013937858 required_resources=1.726 target_replicas=3
2026-07-11 23:25:45 [info     ] algorithm2_decision            action=MAINTAIN applied_target=3 current_replicas=5 hold_until=0.0 observed_load=57.47 observed_target=3 point_forecasts=None prediction_age_sec=None predictive_target=3 proactive=False scenario=s3-hybrid-reactive target_replicas=3 upper_forecasts=None
2026-07-11 23:25:45 [debug    ] Decision loop completed        action=MAINTAIN latency_ms=109.72 p99=156.0
2026-07-11 23:26:00 [debug    ] HAProxy fallback latency       delta_requests=1206 interval_avg_ms=89.87 max_rtime_ms=156.0 p99_est=156.0
2026-07-11 23:26:00 [info     ] algorithm2_scaling_decision    action=MAINTAIN alpha=0.030030030030030033 beta=0.0 buffer=1.2 current_replicas=5 predicted_load=66.07691165645086 required_resources=1.984 target_replicas=3
2026-07-11 23:26:00 [info     ] algorithm2_decision            action=MAINTAIN applied_target=3 current_replicas=5 hold_until=0.0 observed_load=66.08 observed_target=3 point_forecasts=None prediction_age_sec=None predictive_target=3 proactive=False scenario=s3-hybrid-reactive target_replicas=3 upper_forecasts=None
2026-07-11 23:26:00 [debug    ] Decision loop completed        action=MAINTAIN latency_ms=108.76 p99=156.0
2026-07-11 23:26:15 [debug    ] HAProxy fallback latency       delta_requests=1874 interval_avg_ms=193.73 max_rtime_ms=199.0 p99_est=199.0
2026-07-11 23:26:15 [info     ] Knative pre-warm OK            cold_start_ms=2.3
2026-07-11 23:26:15 [info     ] controller_decision_v3         action=REACTIVE available_replicas=5 budget_remaining=1000 burn_adjustment=0 burst_ratio=0.3284 capacity_deficit=False confidence=0 current_load=123.96382578998082 decision_id=7a601ded k8s_capacity=83.2 k8s_weight=67 knative_weight=33 p99=199.0 predicted_load=0 r_effective=16.6 serverless_enabled=True total_load=124.0 weights_after={'k3s': 67, 'knative': 33} weights_before={'k3s': 100, 'knative': 0}
2026-07-11 23:26:15 [info     ] Weights updated                k3s=67 knative=33
2026-07-11 23:26:15 [info     ] Weights updated                action=REACTIVE reason='load=124RPS | k8s_cap=83RPS | (burst-routing)' weights={'k3s': 67, 'knative': 33}
2026-07-11 23:26:15 [info     ] algorithm2_scaling_decision    action=MAINTAIN alpha=0.030030030030030033 beta=0.0 buffer=1.2 current_replicas=5 predicted_load=101.82334891233351 required_resources=3.058 target_replicas=4
2026-07-11 23:26:15 [info     ] algorithm2_decision            action=MAINTAIN applied_target=4 current_replicas=5 hold_until=0.0 observed_load=101.82 observed_target=4 point_forecasts=None prediction_age_sec=None predictive_target=4 proactive=False scenario=s3-hybrid-reactive target_replicas=4 upper_forecasts=None
2026-07-11 23:26:15 [debug    ] Decision loop completed        action=REACTIVE latency_ms=112.46 p99=199.0
2026-07-11 23:26:30 [info     ] controller_decision_v3         action=RECOVERY available_replicas=5 budget_remaining=1000 burn_adjustment=0 burst_ratio=0.3072 capacity_deficit=False confidence=0 current_load=120.1711897372969 decision_id=5603ea92 k8s_capacity=83.2 k8s_weight=69 knative_weight=31 p99=199.0 predicted_load=0 r_effective=16.6 serverless_enabled=True total_load=120.2 weights_after={'k3s': 69, 'knative': 31} weights_before={'k3s': 67, 'knative': 33}
2026-07-11 23:26:30 [info     ] Weights updated                k3s=69 knative=31
2026-07-11 23:26:30 [info     ] Weights updated                action=RECOVERY reason='load=120RPS | k8s_cap=83RPS | (reducing-serverless)' weights={'k3s': 69, 'knative': 31}
2026-07-11 23:26:30 [info     ] algorithm2_scaling_decision    action=MAINTAIN alpha=0.030030030030030033 beta=0.0 buffer=1.2 current_replicas=5 predicted_load=122.06750776363886 required_resources=3.666 target_replicas=5
2026-07-11 23:26:30 [info     ] algorithm2_decision            action=MAINTAIN applied_target=5 current_replicas=5 hold_until=0.0 observed_load=122.07 observed_target=5 point_forecasts=None prediction_age_sec=None predictive_target=5 proactive=False scenario=s3-hybrid-reactive target_replicas=5 upper_forecasts=None
2026-07-11 23:26:30 [debug    ] Decision loop completed        action=RECOVERY latency_ms=143.94 p99=199.0
2026-07-11 23:26:45 [debug    ] HAProxy fallback latency       delta_requests=1422 interval_avg_ms=43.01 max_rtime_ms=199.0 p99_est=86.02
2026-07-11 23:26:45 [info     ] controller_decision_v3         action=RECOVERY available_replicas=5 budget_remaining=1000 burn_adjustment=0 burst_ratio=0.114 capacity_deficit=False confidence=0 current_load=93.96620233293015 decision_id=9e18ef97 k8s_capacity=83.2 k8s_weight=88 knative_weight=12 p99=86.0 predicted_load=0 r_effective=16.6 serverless_enabled=True total_load=94.0 weights_after={'k3s': 88, 'knative': 12} weights_before={'k3s': 69, 'knative': 31}
2026-07-11 23:26:45 [info     ] Weights updated                k3s=88 knative=12
2026-07-11 23:26:45 [info     ] Weights updated                action=RECOVERY reason='load=94RPS | k8s_cap=83RPS | (reducing-serverless)' weights={'k3s': 88, 'knative': 12}
2026-07-11 23:26:45 [info     ] algorithm2_scaling_decision    action=MAINTAIN alpha=0.030030030030030033 beta=0.0 buffer=1.2 current_replicas=5 predicted_load=107.06869603511353 required_resources=3.215 target_replicas=4
2026-07-11 23:26:45 [info     ] algorithm2_decision            action=MAINTAIN applied_target=4 current_replicas=5 hold_until=0.0 observed_load=107.07 observed_target=4 point_forecasts=None prediction_age_sec=None predictive_target=4 proactive=False scenario=s3-hybrid-reactive target_replicas=4 upper_forecasts=None
2026-07-11 23:26:45 [debug    ] Decision loop completed        action=RECOVERY latency_ms=146.54 p99=86.0225035161744
2026-07-11 23:27:00 [debug    ] HAProxy fallback latency       delta_requests=1230 interval_avg_ms=92.58 max_rtime_ms=199.0 p99_est=185.15
2026-07-11 23:27:00 [info     ] controller_decision_v3         action=RECOVERY available_replicas=5 budget_remaining=1000 burn_adjustment=0 burst_ratio=0 capacity_deficit=False confidence=0 current_load=81.27074900534714 decision_id=2ffc8721 k8s_capacity=83.2 k8s_weight=100 knative_weight=0 p99=185.2 predicted_load=0 r_effective=16.6 serverless_enabled=False total_load=81.3 weights_after={'k3s': 100, 'knative': 0} weights_before={'k3s': 88, 'knative': 12}
2026-07-11 23:27:00 [info     ] Weights updated                k3s=100 knative=0
2026-07-11 23:27:00 [info     ] Weights updated                action=RECOVERY reason='load=81RPS | k8s_cap=83RPS | (reducing-serverless)' weights={'k3s': 100, 'knative': 0}
2026-07-11 23:27:00 [info     ] algorithm2_scaling_decision    action=MAINTAIN alpha=0.030030030030030033 beta=0.0 buffer=1.2 current_replicas=5 predicted_load=87.61847566913865 required_resources=2.631 target_replicas=4
2026-07-11 23:27:00 [info     ] algorithm2_decision            action=MAINTAIN applied_target=4 current_replicas=5 hold_until=0.0 observed_load=87.62 observed_target=4 point_forecasts=None prediction_age_sec=None predictive_target=4 proactive=False scenario=s3-hybrid-reactive target_replicas=4 upper_forecasts=None
2026-07-11 23:27:00 [debug    ] Decision loop completed        action=RECOVERY latency_ms=139.79 p99=185.15447154471545
2026-07-11 23:27:15 [debug    ] HAProxy fallback latency       delta_requests=1149 interval_avg_ms=66.0 max_rtime_ms=199.0 p99_est=132.0
2026-07-11 23:27:16 [info     ] algorithm2_scaling_decision    action=MAINTAIN alpha=0.030030030030030033 beta=0.0 buffer=1.2 current_replicas=5 predicted_load=78.58123638195104 required_resources=2.36 target_replicas=3
2026-07-11 23:27:16 [info     ] algorithm2_decision            action=MAINTAIN applied_target=3 current_replicas=5 hold_until=0.0 observed_load=78.58 observed_target=3 point_forecasts=None prediction_age_sec=None predictive_target=3 proactive=False scenario=s3-hybrid-reactive target_replicas=3 upper_forecasts=None
2026-07-11 23:27:16 [debug    ] Decision loop completed        action=MAINTAIN latency_ms=104.83 p99=132.0
2026-07-11 23:27:31 [debug    ] HAProxy fallback latency       delta_requests=1493 interval_avg_ms=139.47 max_rtime_ms=199.0 p99_est=199.0
2026-07-11 23:27:31 [info     ] Knative pre-warm OK            cold_start_ms=2.9
2026-07-11 23:27:31 [info     ] controller_decision_v3         action=REACTIVE available_replicas=5 budget_remaining=1000 burn_adjustment=0 burst_ratio=0.1566 capacity_deficit=False confidence=0 current_load=98.71225873280548 decision_id=db0fced6 k8s_capacity=83.2 k8s_weight=84 knative_weight=16 p99=199.0 predicted_load=0 r_effective=16.6 serverless_enabled=True total_load=98.7 weights_after={'k3s': 84, 'knative': 16} weights_before={'k3s': 100, 'knative': 0}
2026-07-11 23:27:31 [info     ] Weights updated                k3s=84 knative=16
2026-07-11 23:27:31 [info     ] Weights updated                action=REACTIVE reason='load=99RPS | k8s_cap=83RPS | (burst-routing)' weights={'k3s': 84, 'knative': 16}
2026-07-11 23:27:31 [info     ] algorithm2_scaling_decision    action=MAINTAIN alpha=0.030030030030030033 beta=0.0 buffer=1.2 current_replicas=5 predicted_load=87.30199124568023 required_resources=2.622 target_replicas=4
2026-07-11 23:27:31 [info     ] algorithm2_decision            action=MAINTAIN applied_target=4 current_replicas=5 hold_until=0.0 observed_load=87.3 observed_target=4 point_forecasts=None prediction_age_sec=None predictive_target=4 proactive=False scenario=s3-hybrid-reactive target_replicas=4 upper_forecasts=None
2026-07-11 23:27:31 [debug    ] Decision loop completed        action=REACTIVE latency_ms=112.51 p99=199.0
2026-07-11 23:27:46 [debug    ] HAProxy fallback latency       delta_requests=2007 interval_avg_ms=165.09 max_rtime_ms=272.0 p99_est=272.0
2026-07-11 23:27:46 [info     ] controller_decision_v3         action=REACTIVE available_replicas=5 budget_remaining=999 burn_adjustment=0 burst_ratio=0.3728 capacity_deficit=False confidence=0 current_load=132.7282936987907 decision_id=5bf95522 k8s_capacity=83.2 k8s_weight=62 knative_weight=38 p99=272.0 predicted_load=0 r_effective=16.6 serverless_enabled=True total_load=132.7 weights_after={'k3s': 62, 'knative': 38} weights_before={'k3s': 84, 'knative': 16}
2026-07-11 23:27:46 [info     ] Weights updated                k3s=62 knative=38
2026-07-11 23:27:46 [info     ] Weights updated                action=REACTIVE reason='load=133RPS | k8s_cap=83RPS | (burst-routing)' weights={'k3s': 62, 'knative': 38}
2026-07-11 23:27:46 [info     ] algorithm2_scaling_decision    action=MAINTAIN alpha=0.030030030030030033 beta=0.0 buffer=1.2 current_replicas=5 predicted_load=115.7202762157981 required_resources=3.475 target_replicas=5
2026-07-11 23:27:46 [info     ] algorithm2_decision            action=MAINTAIN applied_target=5 current_replicas=5 hold_until=0.0 observed_load=115.72 observed_target=5 point_forecasts=None prediction_age_sec=None predictive_target=5 proactive=False scenario=s3-hybrid-reactive target_replicas=5 upper_forecasts=None
2026-07-11 23:27:46 [debug    ] Decision loop completed        action=REACTIVE latency_ms=109.94 p99=272.0
2026-07-11 23:28:01 [info     ] controller_decision_v3         action=REACTIVE available_replicas=5 budget_remaining=998 burn_adjustment=0 burst_ratio=0.4463 capacity_deficit=False confidence=0 current_load=150.36396280809873 decision_id=d1527283 k8s_capacity=83.2 k8s_weight=55 knative_weight=45 p99=272.0 predicted_load=0 r_effective=16.6 serverless_enabled=True total_load=150.4 weights_after={'k3s': 55, 'knative': 45} weights_before={'k3s': 62, 'knative': 38}
2026-07-11 23:28:01 [info     ] Weights updated                k3s=55 knative=45
2026-07-11 23:28:01 [info     ] Weights updated                action=REACTIVE reason='load=150RPS | k8s_cap=83RPS | (burst-routing)' weights={'k3s': 55, 'knative': 45}
2026-07-11 23:28:01 [info     ] algorithm2_scaling_decision    action=SCALE_UP alpha=0.030030030030030033 beta=0.0 buffer=1.2 current_replicas=5 predicted_load=141.54612825344472 required_resources=4.251 target_replicas=6
2026-07-11 23:28:01 [info     ] algorithm2_decision            action=SCALE_UP applied_target=6 current_replicas=5 hold_until=0.0 observed_load=141.55 observed_target=6 point_forecasts=None prediction_age_sec=None predictive_target=6 proactive=False scenario=s3-hybrid-reactive target_replicas=6 upper_forecasts=None
2026-07-11 23:28:01 [info     ] k8s_scale_executed             deployment=test-app-warm replicas=6
2026-07-11 23:28:01 [debug    ] Decision loop completed        action=REACTIVE latency_ms=149.39 p99=272.0
2026-07-11 23:28:16 [debug    ] HAProxy fallback latency       delta_requests=2427 interval_avg_ms=84.83 max_rtime_ms=272.0 p99_est=169.66
2026-07-11 23:28:16 [info     ] controller_decision_v3         action=RECOVERY available_replicas=6 budget_remaining=998 burn_adjustment=0 burst_ratio=0.3764 capacity_deficit=False confidence=0 current_load=160.20407967088872 decision_id=34f784b9 k8s_capacity=99.9 k8s_weight=62 knative_weight=38 p99=169.7 predicted_load=0 r_effective=16.6 serverless_enabled=True total_load=160.2 weights_after={'k3s': 62, 'knative': 38} weights_before={'k3s': 55, 'knative': 45}
2026-07-11 23:28:16 [info     ] Weights updated                k3s=62 knative=38
2026-07-11 23:28:16 [info     ] Weights updated                action=RECOVERY reason='load=160RPS | k8s_cap=100RPS | (reducing-serverless)' weights={'k3s': 62, 'knative': 38}
2026-07-11 23:28:16 [info     ] algorithm2_scaling_decision    action=MAINTAIN alpha=0.030030030030030033 beta=0.0 buffer=1.2 current_replicas=6 predicted_load=155.2840212394937 required_resources=4.663 target_replicas=6
2026-07-11 23:28:16 [info     ] algorithm2_decision            action=MAINTAIN applied_target=6 current_replicas=6 hold_until=0.0 observed_load=155.28 observed_target=6 point_forecasts=None prediction_age_sec=None predictive_target=6 proactive=False scenario=s3-hybrid-reactive target_replicas=6 upper_forecasts=None
2026-07-11 23:28:16 [debug    ] Decision loop completed        action=RECOVERY latency_ms=150.91 p99=169.65636588380718
2026-07-11 23:28:31 [debug    ] HAProxy fallback latency       delta_requests=2200 interval_avg_ms=109.34 max_rtime_ms=272.0 p99_est=218.67
2026-07-11 23:28:31 [info     ] controller_decision_v3         action=RECOVERY available_replicas=6 budget_remaining=997 burn_adjustment=0 burst_ratio=0.3123 capacity_deficit=False confidence=0 current_load=145.27698344625443 decision_id=ce40ee6a k8s_capacity=99.9 k8s_weight=68 knative_weight=32 p99=218.7 predicted_load=0 r_effective=16.6 serverless_enabled=True total_load=145.3 weights_after={'k3s': 68, 'knative': 32} weights_before={'k3s': 62, 'knative': 38}
2026-07-11 23:28:31 [info     ] Weights updated                k3s=68 knative=32
2026-07-11 23:28:31 [info     ] Weights updated                action=RECOVERY reason='load=145RPS | k8s_cap=100RPS | (reducing-serverless)' weights={'k3s': 68, 'knative': 32}
2026-07-11 23:28:31 [info     ] algorithm2_scaling_decision    action=MAINTAIN alpha=0.030030030030030033 beta=0.0 buffer=1.2 current_replicas=6 predicted_load=152.74053155857158 required_resources=4.587 target_replicas=6
2026-07-11 23:28:31 [info     ] algorithm2_decision            action=MAINTAIN applied_target=6 current_replicas=6 hold_until=0.0 observed_load=152.74 observed_target=6 point_forecasts=None prediction_age_sec=None predictive_target=6 proactive=False scenario=s3-hybrid-reactive target_replicas=6 upper_forecasts=None
2026-07-11 23:28:31 [debug    ] Decision loop completed        action=RECOVERY latency_ms=151.6 p99=218.67090909090908
2026-07-11 23:28:46 [info     ] controller_decision_v3         action=RECOVERY available_replicas=6 budget_remaining=996 burn_adjustment=0 burst_ratio=0.1822 capacity_deficit=False confidence=0 current_load=122.16217386910141 decision_id=3e90cd27 k8s_capacity=99.9 k8s_weight=81 knative_weight=19 p99=218.7 predicted_load=0 r_effective=16.6 serverless_enabled=True total_load=122.2 weights_after={'k3s': 81, 'knative': 19} weights_before={'k3s': 68, 'knative': 32}
2026-07-11 23:28:46 [info     ] Weights updated                k3s=81 knative=19
2026-07-11 23:28:46 [info     ] Weights updated                action=RECOVERY reason='load=122RPS | k8s_cap=100RPS | (reducing-serverless)' weights={'k3s': 81, 'knative': 19}
2026-07-11 23:28:46 [info     ] algorithm2_scaling_decision    action=MAINTAIN alpha=0.030030030030030033 beta=0.0 buffer=1.2 current_replicas=6 predicted_load=133.7195786576779 required_resources=4.016 target_replicas=5
2026-07-11 23:28:46 [info     ] algorithm2_decision            action=MAINTAIN applied_target=5 current_replicas=6 hold_until=0.0 observed_load=133.72 observed_target=5 point_forecasts=None prediction_age_sec=None predictive_target=5 proactive=False scenario=s3-hybrid-reactive target_replicas=5 upper_forecasts=None
2026-07-11 23:28:46 [debug    ] Decision loop completed        action=RECOVERY latency_ms=152.05 p99=218.67090909090908
2026-07-11 23:29:01 [debug    ] HAProxy fallback latency       delta_requests=1789 interval_avg_ms=93.45 max_rtime_ms=272.0 p99_est=186.9
2026-07-11 23:29:01 [info     ] controller_decision_v3         action=RECOVERY available_replicas=6 budget_remaining=996 burn_adjustment=0 burst_ratio=0.1534 capacity_deficit=False confidence=0 current_load=118.00249187186631 decision_id=4d9b095f k8s_capacity=99.9 k8s_weight=84 knative_weight=16 p99=186.9 predicted_load=0 r_effective=16.6 serverless_enabled=True total_load=118.0 weights_after={'k3s': 84, 'knative': 16} weights_before={'k3s': 81, 'knative': 19}
2026-07-11 23:29:01 [info     ] Weights updated                k3s=84 knative=16
2026-07-11 23:29:01 [info     ] Weights updated                action=RECOVERY reason='load=118RPS | k8s_cap=100RPS | (reducing-serverless)' weights={'k3s': 84, 'knative': 16}
2026-07-11 23:29:01 [info     ] algorithm2_scaling_decision    action=MAINTAIN alpha=0.030030030030030033 beta=0.0 buffer=1.2 current_replicas=6 predicted_load=120.08233287048387 required_resources=3.606 target_replicas=5
2026-07-11 23:29:01 [info     ] algorithm2_decision            action=MAINTAIN applied_target=5 current_replicas=6 hold_until=0.0 observed_load=120.08 observed_target=5 point_forecasts=None prediction_age_sec=None predictive_target=5 proactive=False scenario=s3-hybrid-reactive target_replicas=5 upper_forecasts=None
2026-07-11 23:29:01 [debug    ] Decision loop completed        action=RECOVERY latency_ms=141.69 p99=186.89994410285075
2026-07-11 23:29:17 [debug    ] HAProxy fallback latency       delta_requests=1821 interval_avg_ms=94.97 max_rtime_ms=272.0 p99_est=189.94
2026-07-11 23:29:17 [info     ] controller_decision_v3         action=REACTIVE available_replicas=6 budget_remaining=996 burn_adjustment=0 burst_ratio=0.1698 capacity_deficit=False confidence=0 current_load=120.33125496668116 decision_id=c06adde2 k8s_capacity=99.9 k8s_weight=83 knative_weight=17 p99=189.9 predicted_load=0 r_effective=16.6 serverless_enabled=True total_load=120.3 weights_after={'k3s': 83, 'knative': 17} weights_before={'k3s': 84, 'knative': 16}
2026-07-11 23:29:17 [info     ] Weights updated                k3s=83 knative=17
2026-07-11 23:29:17 [info     ] Weights updated                action=REACTIVE reason='load=120RPS | k8s_cap=100RPS | (burst-routing)' weights={'k3s': 83, 'knative': 17}
2026-07-11 23:29:17 [info     ] algorithm2_scaling_decision    action=MAINTAIN alpha=0.030030030030030033 beta=0.0 buffer=1.2 current_replicas=6 predicted_load=119.16687341927374 required_resources=3.579 target_replicas=5
2026-07-11 23:29:17 [info     ] algorithm2_decision            action=MAINTAIN applied_target=5 current_replicas=6 hold_until=0.0 observed_load=119.17 observed_target=5 point_forecasts=None prediction_age_sec=None predictive_target=5 proactive=False scenario=s3-hybrid-reactive target_replicas=5 upper_forecasts=None
2026-07-11 23:29:17 [debug    ] Decision loop completed        action=REACTIVE latency_ms=104.36 p99=189.93520043931906
2026-07-11 23:29:32 [debug    ] HAProxy fallback latency       delta_requests=1816 interval_avg_ms=38.96 max_rtime_ms=272.0 p99_est=77.91
2026-07-11 23:29:32 [info     ] algorithm2_scaling_decision    action=MAINTAIN alpha=0.030030030030030033 beta=0.0 buffer=1.2 current_replicas=6 predicted_load=120.27977267766329 required_resources=3.612 target_replicas=5
2026-07-11 23:29:32 [info     ] algorithm2_decision            action=MAINTAIN applied_target=5 current_replicas=6 hold_until=0.0 observed_load=120.28 observed_target=5 point_forecasts=None prediction_age_sec=None predictive_target=5 proactive=False scenario=s3-hybrid-reactive target_replicas=5 upper_forecasts=None
2026-07-11 23:29:32 [debug    ] Decision loop completed        action=MAINTAIN latency_ms=104.02 p99=77.91079295154185
2026-07-11 23:29:47 [debug    ] HAProxy fallback latency       delta_requests=1784 interval_avg_ms=128.13 max_rtime_ms=272.0 p99_est=256.26
2026-07-11 23:29:47 [info     ] controller_decision_v3         action=RECOVERY available_replicas=6 budget_remaining=995 burn_adjustment=0 burst_ratio=0.1542 capacity_deficit=False confidence=0 current_load=118.11421402556564 decision_id=d24432d5 k8s_capacity=99.9 k8s_weight=84 knative_weight=16 p99=256.3 predicted_load=0 r_effective=16.6 serverless_enabled=True total_load=118.1 weights_after={'k3s': 84, 'knative': 16} weights_before={'k3s': 83, 'knative': 17}
2026-07-11 23:29:47 [info     ] Weights updated                k3s=84 knative=16
2026-07-11 23:29:47 [info     ] Weights updated                action=RECOVERY reason='load=118RPS | k8s_cap=100RPS | (reducing-serverless)' weights={'k3s': 84, 'knative': 16}
2026-07-11 23:29:47 [info     ] algorithm2_scaling_decision    action=MAINTAIN alpha=0.030030030030030033 beta=0.0 buffer=1.2 current_replicas=6 predicted_load=119.17125220710552 required_resources=3.579 target_replicas=5
2026-07-11 23:29:47 [info     ] algorithm2_decision            action=MAINTAIN applied_target=5 current_replicas=6 hold_until=0.0 observed_load=119.17 observed_target=5 point_forecasts=None prediction_age_sec=None predictive_target=5 proactive=False scenario=s3-hybrid-reactive target_replicas=5 upper_forecasts=None
2026-07-11 23:29:47 [debug    ] Decision loop completed        action=RECOVERY latency_ms=140.15 p99=256.26233183856505
2026-07-11 23:30:02 [info     ] controller_decision_v3         action=RECOVERY available_replicas=6 budget_remaining=994 burn_adjustment=0 burst_ratio=0.0242 capacity_deficit=False confidence=0 current_load=102.37365033045536 decision_id=93fa3f89 k8s_capacity=99.9 k8s_weight=97 knative_weight=3 p99=256.3 predicted_load=0 r_effective=16.6 serverless_enabled=True total_load=102.4 weights_after={'k3s': 97, 'knative': 3} weights_before={'k3s': 84, 'knative': 16}
2026-07-11 23:30:02 [info     ] Weights updated                k3s=97 knative=3
2026-07-11 23:30:02 [info     ] Weights updated                action=RECOVERY reason='load=102RPS | k8s_cap=100RPS | (reducing-serverless)' weights={'k3s': 97, 'knative': 3}
2026-07-11 23:30:02 [info     ] algorithm2_scaling_decision    action=MAINTAIN alpha=0.030030030030030033 beta=0.0 buffer=1.2 current_replicas=6 predicted_load=110.24393217801051 required_resources=3.311 target_replicas=4
2026-07-11 23:30:02 [info     ] algorithm2_decision            action=MAINTAIN applied_target=4 current_replicas=6 hold_until=0.0 observed_load=110.24 observed_target=4 point_forecasts=None prediction_age_sec=None predictive_target=4 proactive=False scenario=s3-hybrid-reactive target_replicas=4 upper_forecasts=None
2026-07-11 23:30:02 [debug    ] Decision loop completed        action=RECOVERY latency_ms=146.54 p99=256.26233183856505
2026-07-11 23:30:17 [debug    ] HAProxy fallback latency       delta_requests=1257 interval_avg_ms=21.39 max_rtime_ms=272.0 p99_est=42.77
2026-07-11 23:30:17 [info     ] controller_decision_v3         action=RECOVERY available_replicas=6 budget_remaining=994 burn_adjustment=0 burst_ratio=0 capacity_deficit=False confidence=0 current_load=82.98764401427015 decision_id=3420a533 k8s_capacity=99.9 k8s_weight=100 knative_weight=0 p99=42.8 predicted_load=0 r_effective=16.6 serverless_enabled=False total_load=83.0 weights_after={'k3s': 100, 'knative': 0} weights_before={'k3s': 97, 'knative': 3}
2026-07-11 23:30:17 [info     ] Weights updated                k3s=100 knative=0
2026-07-11 23:30:17 [info     ] Weights updated                action=RECOVERY reason='load=83RPS | k8s_cap=100RPS | (reducing-serverless)' weights={'k3s': 100, 'knative': 0}
2026-07-11 23:30:17 [info     ] algorithm2_scaling_decision    action=MAINTAIN alpha=0.030030030030030033 beta=0.0 buffer=1.2 current_replicas=6 predicted_load=92.68064717236275 required_resources=2.783 target_replicas=4
2026-07-11 23:30:17 [info     ] algorithm2_decision            action=MAINTAIN applied_target=4 current_replicas=6 hold_until=0.0 observed_load=92.68 observed_target=4 point_forecasts=None prediction_age_sec=None predictive_target=4 proactive=False scenario=s3-hybrid-reactive target_replicas=4 upper_forecasts=None
2026-07-11 23:30:17 [debug    ] Decision loop completed        action=RECOVERY latency_ms=144.72 p99=42.77486077963405
2026-07-11 23:30:32 [debug    ] HAProxy fallback latency       delta_requests=1118 interval_avg_ms=66.0 max_rtime_ms=272.0 p99_est=132.0
2026-07-11 23:30:32 [info     ] algorithm2_scaling_decision    action=MAINTAIN alpha=0.030030030030030033 beta=0.0 buffer=1.2 current_replicas=6 predicted_load=78.43657489702707 required_resources=2.355 target_replicas=3
2026-07-11 23:30:32 [info     ] algorithm2_decision            action=MAINTAIN applied_target=3 current_replicas=6 hold_until=0.0 observed_load=78.44 observed_target=3 point_forecasts=None prediction_age_sec=None predictive_target=3 proactive=False scenario=s3-hybrid-reactive target_replicas=3 upper_forecasts=None
2026-07-11 23:30:32 [debug    ] Decision loop completed        action=MAINTAIN latency_ms=108.22 p99=132.0
2026-07-11 23:30:47 [debug    ] HAProxy fallback latency       delta_requests=1044 interval_avg_ms=122.99 max_rtime_ms=272.0 p99_est=245.98
2026-07-11 23:30:47 [info     ] algorithm2_scaling_decision    action=MAINTAIN alpha=0.030030030030030033 beta=0.0 buffer=1.2 current_replicas=6 predicted_load=71.45960773029043 required_resources=2.146 target_replicas=3
2026-07-11 23:30:47 [info     ] algorithm2_decision            action=MAINTAIN applied_target=3 current_replicas=6 hold_until=0.0 observed_load=71.46 observed_target=3 point_forecasts=None prediction_age_sec=None predictive_target=3 proactive=False scenario=s3-hybrid-reactive target_replicas=3 upper_forecasts=None
2026-07-11 23:30:47 [debug    ] Decision loop completed        action=MAINTAIN latency_ms=109.18 p99=245.97892720306513
2026-07-11 23:31:02 [debug    ] HAProxy fallback latency       delta_requests=1177 interval_avg_ms=170.1 max_rtime_ms=272.0 p99_est=272.0
2026-07-11 23:31:02 [info     ] algorithm2_scaling_decision    action=MAINTAIN alpha=0.030030030030030033 beta=0.0 buffer=1.2 current_replicas=6 predicted_load=73.43329633879924 required_resources=2.205 target_replicas=3
2026-07-11 23:31:02 [info     ] algorithm2_decision            action=MAINTAIN applied_target=3 current_replicas=6 hold_until=0.0 observed_load=73.43 observed_target=3 point_forecasts=None prediction_age_sec=None predictive_target=3 proactive=False scenario=s3-hybrid-reactive target_replicas=3 upper_forecasts=None
2026-07-11 23:31:02 [debug    ] Decision loop completed        action=MAINTAIN latency_ms=105.94 p99=272.0
2026-07-11 23:31:17 [debug    ] HAProxy fallback latency       delta_requests=1328 interval_avg_ms=162.38 max_rtime_ms=332.0 p99_est=324.75
2026-07-11 23:31:18 [info     ] algorithm2_scaling_decision    action=MAINTAIN alpha=0.030030030030030033 beta=0.0 buffer=1.2 current_replicas=6 predicted_load=82.90626614218198 required_resources=2.49 target_replicas=3
2026-07-11 23:31:18 [info     ] algorithm2_decision            action=MAINTAIN applied_target=3 current_replicas=6 hold_until=0.0 observed_load=82.91 observed_target=3 point_forecasts=None prediction_age_sec=None predictive_target=3 proactive=False scenario=s3-hybrid-reactive target_replicas=3 upper_forecasts=None
2026-07-11 23:31:18 [debug    ] Decision loop completed        action=MAINTAIN latency_ms=106.28 p99=324.7530120481928
2026-07-11 23:31:33 [info     ] algorithm2_scaling_decision    action=MAINTAIN alpha=0.030030030030030033 beta=0.0 buffer=1.2 current_replicas=6 predicted_load=80.06740021096991 required_resources=2.404 target_replicas=3
2026-07-11 23:31:33 [info     ] algorithm2_decision            action=MAINTAIN applied_target=3 current_replicas=6 hold_until=0.0 observed_load=80.07 observed_target=3 point_forecasts=None prediction_age_sec=None predictive_target=3 proactive=False scenario=s3-hybrid-reactive target_replicas=3 upper_forecasts=None
2026-07-11 23:31:33 [debug    ] Decision loop completed        action=MAINTAIN latency_ms=124.9 p99=324.7530120481928
2026-07-11 23:31:48 [info     ] algorithm2_scaling_decision    action=MAINTAIN alpha=0.030030030030030033 beta=0.0 buffer=1.2 current_replicas=6 predicted_load=61.66375873902645 required_resources=1.852 target_replicas=3
2026-07-11 23:31:48 [info     ] algorithm2_decision            action=MAINTAIN applied_target=3 current_replicas=6 hold_until=0.0 observed_load=61.66 observed_target=3 point_forecasts=None prediction_age_sec=None predictive_target=3 proactive=False scenario=s3-hybrid-reactive target_replicas=3 upper_forecasts=None
2026-07-11 23:31:48 [debug    ] Decision loop completed        action=MAINTAIN latency_ms=109.52 p99=324.7530120481928
2026-07-11 23:32:03 [debug    ] HAProxy fallback latency       delta_requests=703 interval_avg_ms=64.0 max_rtime_ms=332.0 p99_est=128.0
2026-07-11 23:32:03 [info     ] algorithm2_scaling_decision    action=MAINTAIN alpha=0.030030030030030033 beta=0.0 buffer=1.2 current_replicas=6 predicted_load=48.850681221612554 required_resources=1.467 target_replicas=3
2026-07-11 23:32:03 [info     ] algorithm2_decision            action=MAINTAIN applied_target=3 current_replicas=6 hold_until=0.0 observed_load=48.85 observed_target=3 point_forecasts=None prediction_age_sec=None predictive_target=3 proactive=False scenario=s3-hybrid-reactive target_replicas=3 upper_forecasts=None
2026-07-11 23:32:03 [debug    ] Decision loop completed        action=MAINTAIN latency_ms=108.57 p99=128.0
2026-07-11 23:32:18 [info     ] algorithm2_scaling_decision    action=MAINTAIN alpha=0.030030030030030033 beta=0.0 buffer=1.2 current_replicas=6 predicted_load=46.19772785064895 required_resources=1.387 target_replicas=3
2026-07-11 23:32:18 [info     ] algorithm2_decision            action=MAINTAIN applied_target=3 current_replicas=6 hold_until=0.0 observed_load=46.2 observed_target=3 point_forecasts=None prediction_age_sec=None predictive_target=3 proactive=False scenario=s3-hybrid-reactive target_replicas=3 upper_forecasts=None
2026-07-11 23:32:18 [debug    ] Decision loop completed        action=MAINTAIN latency_ms=103.06 p99=128.0
2026-07-11 23:32:33 [debug    ] HAProxy fallback latency       delta_requests=654 interval_avg_ms=163.79 max_rtime_ms=332.0 p99_est=327.57
2026-07-11 23:32:33 [info     ] algorithm2_scaling_decision    action=MAINTAIN alpha=0.030030030030030033 beta=0.0 buffer=1.2 current_replicas=6 predicted_load=44.550719114272866 required_resources=1.338 target_replicas=3
2026-07-11 23:32:33 [info     ] algorithm2_decision            action=MAINTAIN applied_target=3 current_replicas=6 hold_until=0.0 observed_load=44.55 observed_target=3 point_forecasts=None prediction_age_sec=None predictive_target=3 proactive=False scenario=s3-hybrid-reactive target_replicas=3 upper_forecasts=None
2026-07-11 23:32:33 [debug    ] Decision loop completed        action=MAINTAIN latency_ms=111.93 p99=327.57186544342505
2026-07-11 23:32:48 [info     ] algorithm2_scaling_decision    action=MAINTAIN alpha=0.030030030030030033 beta=0.0 buffer=1.2 current_replicas=6 predicted_load=42.594337565200746 required_resources=1.279 target_replicas=3
2026-07-11 23:32:48 [info     ] algorithm2_decision            action=MAINTAIN applied_target=3 current_replicas=6 hold_until=0.0 observed_load=42.59 observed_target=3 point_forecasts=None prediction_age_sec=None predictive_target=3 proactive=False scenario=s3-hybrid-reactive target_replicas=3 upper_forecasts=None
2026-07-11 23:32:48 [debug    ] Decision loop completed        action=MAINTAIN latency_ms=107.94 p99=327.57186544342505
2026-07-11 23:33:03 [debug    ] HAProxy fallback latency       delta_requests=836 interval_avg_ms=143.6 max_rtime_ms=332.0 p99_est=287.21
2026-07-11 23:33:03 [info     ] algorithm2_scaling_decision    action=MAINTAIN alpha=0.030030030030030033 beta=0.0 buffer=1.2 current_replicas=6 predicted_load=48.64398122946642 required_resources=1.461 target_replicas=3
2026-07-11 23:33:03 [info     ] algorithm2_decision            action=MAINTAIN applied_target=3 current_replicas=6 hold_until=0.0 observed_load=48.64 observed_target=3 point_forecasts=None prediction_age_sec=None predictive_target=3 proactive=False scenario=s3-hybrid-reactive target_replicas=3 upper_forecasts=None
2026-07-11 23:33:03 [debug    ] Decision loop completed        action=MAINTAIN latency_ms=112.57 p99=287.20574162679424
2026-07-11 23:33:18 [debug    ] HAProxy fallback latency       delta_requests=1061 interval_avg_ms=128.51 max_rtime_ms=332.0 p99_est=257.02
2026-07-11 23:33:18 [info     ] algorithm2_scaling_decision    action=MAINTAIN alpha=0.030030030030030033 beta=0.0 buffer=1.2 current_replicas=6 predicted_load=62.73628502660452 required_resources=1.884 target_replicas=3
2026-07-11 23:33:18 [info     ] algorithm2_decision            action=MAINTAIN applied_target=3 current_replicas=6 hold_until=0.0 observed_load=62.74 observed_target=3 point_forecasts=None prediction_age_sec=None predictive_target=3 proactive=False scenario=s3-hybrid-reactive target_replicas=3 upper_forecasts=None
2026-07-11 23:33:18 [debug    ] Decision loop completed        action=MAINTAIN latency_ms=105.59 p99=257.0197926484449
2026-07-11 23:33:33 [debug    ] HAProxy fallback latency       delta_requests=1074 interval_avg_ms=65.0 max_rtime_ms=332.0 p99_est=130.0
2026-07-11 23:33:34 [info     ] algorithm2_scaling_decision    action=MAINTAIN alpha=0.030030030030030033 beta=0.0 buffer=1.2 current_replicas=6 predicted_load=70.61873915301152 required_resources=2.121 target_replicas=3
2026-07-11 23:33:34 [info     ] algorithm2_decision            action=MAINTAIN applied_target=3 current_replicas=6 hold_until=0.0 observed_load=70.62 observed_target=3 point_forecasts=None prediction_age_sec=None predictive_target=3 proactive=False scenario=s3-hybrid-reactive target_replicas=3 upper_forecasts=None
2026-07-11 23:33:34 [debug    ] Decision loop completed        action=MAINTAIN latency_ms=108.21 p99=130.0
2026-07-11 23:33:49 [info     ] algorithm2_scaling_decision    action=MAINTAIN alpha=0.030030030030030033 beta=0.0 buffer=1.2 current_replicas=6 predicted_load=70.29907312322426 required_resources=2.111 target_replicas=3
2026-07-11 23:33:49 [info     ] algorithm2_decision            action=MAINTAIN applied_target=3 current_replicas=6 hold_until=0.0 observed_load=70.3 observed_target=3 point_forecasts=None prediction_age_sec=None predictive_target=3 proactive=False scenario=s3-hybrid-reactive target_replicas=3 upper_forecasts=None
2026-07-11 23:33:49 [debug    ] Decision loop completed        action=MAINTAIN latency_ms=106.03 p99=130.0
2026-07-11 23:34:04 [debug    ] HAProxy fallback latency       delta_requests=1071 interval_avg_ms=130.89 max_rtime_ms=332.0 p99_est=261.78
2026-07-11 23:34:04 [info     ] algorithm2_scaling_decision    action=MAINTAIN alpha=0.030030030030030033 beta=0.0 buffer=1.2 current_replicas=6 predicted_load=70.23120054957035 required_resources=2.109 target_replicas=3
2026-07-11 23:34:04 [info     ] algorithm2_decision            action=MAINTAIN applied_target=3 current_replicas=6 hold_until=0.0 observed_load=70.23 observed_target=3 point_forecasts=None prediction_age_sec=None predictive_target=3 proactive=False scenario=s3-hybrid-reactive target_replicas=3 upper_forecasts=None
2026-07-11 23:34:04 [debug    ] Decision loop completed        action=MAINTAIN latency_ms=120.84 p99=261.781512605042
2026-07-11 23:34:19 [debug    ] HAProxy fallback latency       delta_requests=1133 interval_avg_ms=65.0 max_rtime_ms=332.0 p99_est=130.0
2026-07-11 23:34:19 [info     ] algorithm2_scaling_decision    action=MAINTAIN alpha=0.030030030030030033 beta=0.0 buffer=1.2 current_replicas=6 predicted_load=72.91405617578545 required_resources=2.19 target_replicas=3
2026-07-11 23:34:19 [info     ] algorithm2_decision            action=MAINTAIN applied_target=3 current_replicas=6 hold_until=0.0 observed_load=72.91 observed_target=3 point_forecasts=None prediction_age_sec=None predictive_target=3 proactive=False scenario=s3-hybrid-reactive target_replicas=3 upper_forecasts=None
2026-07-11 23:34:19 [debug    ] Decision loop completed        action=MAINTAIN latency_ms=108.13 p99=130.0
2026-07-11 23:34:34 [debug    ] HAProxy fallback latency       delta_requests=1397 interval_avg_ms=118.09 max_rtime_ms=332.0 p99_est=236.18
2026-07-11 23:34:34 [info     ] algorithm2_scaling_decision    action=MAINTAIN alpha=0.030030030030030033 beta=0.0 buffer=1.2 current_replicas=6 predicted_load=83.63118099985763 required_resources=2.511 target_replicas=4
2026-07-11 23:34:34 [info     ] algorithm2_decision            action=MAINTAIN applied_target=4 current_replicas=6 hold_until=0.0 observed_load=83.63 observed_target=4 point_forecasts=None prediction_age_sec=None predictive_target=4 proactive=False scenario=s3-hybrid-reactive target_replicas=4 upper_forecasts=None
2026-07-11 23:34:34 [debug    ] Decision loop completed        action=MAINTAIN latency_ms=117.85 p99=236.184681460272
2026-07-11 23:34:49 [debug    ] HAProxy fallback latency       delta_requests=1636 interval_avg_ms=66.0 max_rtime_ms=332.0 p99_est=132.0
2026-07-11 23:34:49 [info     ] Knative pre-warm OK            cold_start_ms=2.9
2026-07-11 23:34:49 [info     ] controller_decision_v3         action=REACTIVE available_replicas=6 budget_remaining=983 burn_adjustment=0 burst_ratio=0.0774 capacity_deficit=False confidence=0 current_load=108.27886999296763 decision_id=4aa1ac37 k8s_capacity=99.9 k8s_weight=92 knative_weight=8 p99=132.0 predicted_load=0 r_effective=16.6 serverless_enabled=True total_load=108.3 weights_after={'k3s': 92, 'knative': 8} weights_before={'k3s': 100, 'knative': 0}
2026-07-11 23:34:49 [info     ] Weights updated                k3s=92 knative=8
2026-07-11 23:34:49 [info     ] Weights updated                action=REACTIVE reason='load=108RPS | k8s_cap=100RPS | (burst-routing)' weights={'k3s': 92, 'knative': 8}
2026-07-11 23:34:49 [info     ] algorithm2_scaling_decision    action=MAINTAIN alpha=0.030030030030030033 beta=0.0 buffer=1.2 current_replicas=6 predicted_load=100.3382743509735 required_resources=3.013 target_replicas=4
2026-07-11 23:34:49 [info     ] algorithm2_decision            action=MAINTAIN applied_target=4 current_replicas=6 hold_until=0.0 observed_load=100.34 observed_target=4 point_forecasts=None prediction_age_sec=None predictive_target=4 proactive=False scenario=s3-hybrid-reactive target_replicas=4 upper_forecasts=None
2026-07-11 23:34:49 [debug    ] Decision loop completed        action=REACTIVE latency_ms=116.69 p99=132.0
2026-07-11 23:35:04 [debug    ] HAProxy fallback latency       delta_requests=1447 interval_avg_ms=12.61 max_rtime_ms=332.0 p99_est=25.22
2026-07-11 23:35:04 [info     ] controller_decision_v3         action=RECOVERY available_replicas=6 budget_remaining=983 burn_adjustment=0 burst_ratio=0 capacity_deficit=False confidence=0 current_load=95.72500456294668 decision_id=9dd72372 k8s_capacity=99.9 k8s_weight=100 knative_weight=0 p99=25.2 predicted_load=0 r_effective=16.6 serverless_enabled=False total_load=95.7 weights_after={'k3s': 100, 'knative': 0} weights_before={'k3s': 92, 'knative': 8}
2026-07-11 23:35:04 [info     ] Weights updated                k3s=100 knative=0
2026-07-11 23:35:04 [info     ] Weights updated                action=RECOVERY reason='load=96RPS | k8s_cap=100RPS | (reducing-serverless)' weights={'k3s': 100, 'knative': 0}
2026-07-11 23:35:04 [info     ] algorithm2_scaling_decision    action=MAINTAIN alpha=0.030030030030030033 beta=0.0 buffer=1.2 current_replicas=6 predicted_load=102.00193727795715 required_resources=3.063 target_replicas=4
2026-07-11 23:35:04 [info     ] algorithm2_decision            action=MAINTAIN applied_target=4 current_replicas=6 hold_until=0.0 observed_load=102.0 observed_target=4 point_forecasts=None prediction_age_sec=None predictive_target=4 proactive=False scenario=s3-hybrid-reactive target_replicas=4 upper_forecasts=None
2026-07-11 23:35:04 [debug    ] Decision loop completed        action=RECOVERY latency_ms=151.78 p99=25.223220456116103
2026-07-11 23:35:19 [debug    ] HAProxy fallback latency       delta_requests=1184 interval_avg_ms=65.0 max_rtime_ms=332.0 p99_est=130.0
2026-07-11 23:35:19 [info     ] algorithm2_scaling_decision    action=MAINTAIN alpha=0.030030030030030033 beta=0.0 buffer=1.2 current_replicas=6 predicted_load=86.93326874450592 required_resources=2.611 target_replicas=4
2026-07-11 23:35:19 [info     ] algorithm2_decision            action=MAINTAIN applied_target=4 current_replicas=6 hold_until=0.0 observed_load=86.93 observed_target=4 point_forecasts=None prediction_age_sec=None predictive_target=4 proactive=False scenario=s3-hybrid-reactive target_replicas=4 upper_forecasts=None
2026-07-11 23:35:19 [debug    ] Decision loop completed        action=MAINTAIN latency_ms=114.23 p99=130.0
2026-07-11 23:35:34 [debug    ] HAProxy fallback latency       delta_requests=920 interval_avg_ms=65.0 max_rtime_ms=332.0 p99_est=130.0
2026-07-11 23:35:34 [info     ] algorithm2_scaling_decision    action=MAINTAIN alpha=0.030030030030030033 beta=0.0 buffer=1.2 current_replicas=6 predicted_load=69.53763265337571 required_resources=2.088 target_replicas=3
2026-07-11 23:35:34 [info     ] algorithm2_decision            action=MAINTAIN applied_target=3 current_replicas=6 hold_until=0.0 observed_load=69.54 observed_target=3 point_forecasts=None prediction_age_sec=None predictive_target=3 proactive=False scenario=s3-hybrid-reactive target_replicas=3 upper_forecasts=None
2026-07-11 23:35:34 [debug    ] Decision loop completed        action=MAINTAIN latency_ms=108.85 p99=130.0
2026-07-11 23:35:50 [info     ] algorithm2_scaling_decision    action=MAINTAIN alpha=0.030030030030030033 beta=0.0 buffer=1.2 current_replicas=6 predicted_load=53.43430529735245 required_resources=1.605 target_replicas=3
2026-07-11 23:35:50 [info     ] algorithm2_decision            action=MAINTAIN applied_target=3 current_replicas=6 hold_until=0.0 observed_load=53.43 observed_target=3 point_forecasts=None prediction_age_sec=None predictive_target=3 proactive=False scenario=s3-hybrid-reactive target_replicas=3 upper_forecasts=None
2026-07-11 23:35:50 [debug    ] Decision loop completed        action=MAINTAIN latency_ms=108.6 p99=130.0
2026-07-11 23:36:05 [debug    ] HAProxy fallback latency       delta_requests=657 interval_avg_ms=64.0 max_rtime_ms=332.0 p99_est=128.0
2026-07-11 23:36:05 [info     ] algorithm2_scaling_decision    action=MAINTAIN alpha=0.030030030030030033 beta=0.0 buffer=1.2 current_replicas=6 predicted_load=44.7413687868264 required_resources=1.344 target_replicas=3
2026-07-11 23:36:05 [info     ] algorithm2_decision            action=MAINTAIN applied_target=3 current_replicas=6 hold_until=0.0 observed_load=44.74 observed_target=3 point_forecasts=None prediction_age_sec=None predictive_target=3 proactive=False scenario=s3-hybrid-reactive target_replicas=3 upper_forecasts=None
2026-07-11 23:36:05 [debug    ] Decision loop completed        action=MAINTAIN latency_ms=107.7 p99=128.0
2026-07-11 23:36:20 [debug    ] HAProxy fallback latency       delta_requests=668 interval_avg_ms=64.0 max_rtime_ms=332.0 p99_est=128.0
2026-07-11 23:36:20 [info     ] algorithm2_scaling_decision    action=MAINTAIN alpha=0.030030030030030033 beta=0.0 buffer=1.2 current_replicas=6 predicted_load=43.8493002896476 required_resources=1.317 target_replicas=3
2026-07-11 23:36:20 [info     ] algorithm2_decision            action=MAINTAIN applied_target=3 current_replicas=6 hold_until=0.0 observed_load=43.85 observed_target=3 point_forecasts=None prediction_age_sec=None predictive_target=3 proactive=False scenario=s3-hybrid-reactive target_replicas=3 upper_forecasts=None
2026-07-11 23:36:20 [debug    ] Decision loop completed        action=MAINTAIN latency_ms=108.61 p99=128.0
2026-07-11 23:36:35 [debug    ] HAProxy fallback latency       delta_requests=774 interval_avg_ms=170.14 max_rtime_ms=332.0 p99_est=332.0
2026-07-11 23:36:35 [info     ] algorithm2_scaling_decision    action=MAINTAIN alpha=0.030030030030030033 beta=0.0 buffer=1.2 current_replicas=6 predicted_load=47.690256521655996 required_resources=1.432 target_replicas=3
2026-07-11 23:36:35 [info     ] algorithm2_decision            action=MAINTAIN applied_target=3 current_replicas=6 hold_until=0.0 observed_load=47.69 observed_target=3 point_forecasts=None prediction_age_sec=None predictive_target=3 proactive=False scenario=s3-hybrid-reactive target_replicas=3 upper_forecasts=None
2026-07-11 23:36:35 [debug    ] Decision loop completed        action=MAINTAIN latency_ms=105.06 p99=332.0
2026-07-11 23:36:50 [debug    ] HAProxy fallback latency       delta_requests=854 interval_avg_ms=65.0 max_rtime_ms=332.0 p99_est=130.0
2026-07-11 23:36:50 [info     ] algorithm2_scaling_decision    action=MAINTAIN alpha=0.030030030030030033 beta=0.0 buffer=1.2 current_replicas=6 predicted_load=53.88329936950524 required_resources=1.618 target_replicas=3
2026-07-11 23:36:50 [info     ] algorithm2_decision            action=MAINTAIN applied_target=3 current_replicas=6 hold_until=0.0 observed_load=53.88 observed_target=3 point_forecasts=None prediction_age_sec=None predictive_target=3 proactive=False scenario=s3-hybrid-reactive target_replicas=3 upper_forecasts=None
2026-07-11 23:36:50 [debug    ] Decision loop completed        action=MAINTAIN latency_ms=104.42 p99=130.0
2026-07-11 23:37:05 [debug    ] HAProxy fallback latency       delta_requests=717 interval_avg_ms=65.0 max_rtime_ms=332.0 p99_est=130.0
2026-07-11 23:37:05 [info     ] algorithm2_scaling_decision    action=MAINTAIN alpha=0.030030030030030033 beta=0.0 buffer=1.2 current_replicas=6 predicted_load=52.03532586462234 required_resources=1.563 target_replicas=3
2026-07-11 23:37:05 [info     ] algorithm2_decision            action=MAINTAIN applied_target=3 current_replicas=6 hold_until=0.0 observed_load=52.04 observed_target=3 point_forecasts=None prediction_age_sec=None predictive_target=3 proactive=False scenario=s3-hybrid-reactive target_replicas=3 upper_forecasts=None
2026-07-11 23:37:05 [debug    ] Decision loop completed        action=MAINTAIN latency_ms=113.28 p99=130.0
2026-07-11 23:37:20 [debug    ] HAProxy fallback latency       delta_requests=579 interval_avg_ms=65.0 max_rtime_ms=332.0 p99_est=130.0
2026-07-11 23:37:20 [info     ] algorithm2_scaling_decision    action=MAINTAIN alpha=0.030030030030030033 beta=0.0 buffer=1.2 current_replicas=6 predicted_load=42.922747413001844 required_resources=1.289 target_replicas=3
2026-07-11 23:37:20 [info     ] algorithm2_decision            action=MAINTAIN applied_target=3 current_replicas=6 hold_until=0.0 observed_load=42.92 observed_target=3 point_forecasts=None prediction_age_sec=None predictive_target=3 proactive=False scenario=s3-hybrid-reactive target_replicas=3 upper_forecasts=None
2026-07-11 23:37:20 [debug    ] Decision loop completed        action=MAINTAIN latency_ms=102.59 p99=130.0
2026-07-11 23:37:35 [info     ] algorithm2_scaling_decision    action=MAINTAIN alpha=0.030030030030030033 beta=0.0 buffer=1.2 current_replicas=6 predicted_load=38.45599126816982 required_resources=1.155 target_replicas=3
2026-07-11 23:37:35 [info     ] algorithm2_decision            action=MAINTAIN applied_target=3 current_replicas=6 hold_until=0.0 observed_load=38.46 observed_target=3 point_forecasts=None prediction_age_sec=None predictive_target=3 proactive=False scenario=s3-hybrid-reactive target_replicas=3 upper_forecasts=None
2026-07-11 23:37:35 [debug    ] Decision loop completed        action=MAINTAIN latency_ms=117.77 p99=130.0
2026-07-11 23:37:50 [debug    ] HAProxy fallback latency       delta_requests=607 interval_avg_ms=64.0 max_rtime_ms=332.0 p99_est=128.0
2026-07-11 23:37:50 [info     ] algorithm2_scaling_decision    action=MAINTAIN alpha=0.030030030030030033 beta=0.0 buffer=1.2 current_replicas=6 predicted_load=39.34327060633031 required_resources=1.181 target_replicas=3
2026-07-11 23:37:50 [info     ] algorithm2_decision            action=MAINTAIN applied_target=3 current_replicas=6 hold_until=0.0 observed_load=39.34 observed_target=3 point_forecasts=None prediction_age_sec=None predictive_target=3 proactive=False scenario=s3-hybrid-reactive target_replicas=3 upper_forecasts=None
2026-07-11 23:37:50 [debug    ] Decision loop completed        action=MAINTAIN latency_ms=107.69 p99=128.0
2026-07-11 23:38:05 [debug    ] HAProxy fallback latency       delta_requests=628 interval_avg_ms=64.0 max_rtime_ms=332.0 p99_est=128.0
2026-07-11 23:38:06 [info     ] algorithm2_scaling_decision    action=MAINTAIN alpha=0.030030030030030033 beta=0.0 buffer=1.2 current_replicas=6 predicted_load=40.85974208641895 required_resources=1.227 target_replicas=3
2026-07-11 23:38:06 [info     ] algorithm2_decision            action=MAINTAIN applied_target=3 current_replicas=6 hold_until=0.0 observed_load=40.86 observed_target=3 point_forecasts=None prediction_age_sec=None predictive_target=3 proactive=False scenario=s3-hybrid-reactive target_replicas=3 upper_forecasts=None
2026-07-11 23:38:06 [debug    ] Decision loop completed        action=MAINTAIN latency_ms=107.52 p99=128.0
2026-07-11 23:38:21 [debug    ] HAProxy fallback latency       delta_requests=662 interval_avg_ms=64.0 max_rtime_ms=332.0 p99_est=128.0
2026-07-11 23:38:21 [info     ] algorithm2_scaling_decision    action=MAINTAIN alpha=0.030030030030030033 beta=0.0 buffer=1.2 current_replicas=6 predicted_load=42.72702238444685 required_resources=1.283 target_replicas=3
2026-07-11 23:38:21 [info     ] algorithm2_decision            action=MAINTAIN applied_target=3 current_replicas=6 hold_until=0.0 observed_load=42.73 observed_target=3 point_forecasts=None prediction_age_sec=None predictive_target=3 proactive=False scenario=s3-hybrid-reactive target_replicas=3 upper_forecasts=None
2026-07-11 23:38:21 [debug    ] Decision loop completed        action=MAINTAIN latency_ms=109.46 p99=128.0
2026-07-11 23:38:36 [debug    ] HAProxy fallback latency       delta_requests=741 interval_avg_ms=182.11 max_rtime_ms=332.0 p99_est=332.0
2026-07-11 23:38:36 [info     ] algorithm2_scaling_decision    action=MAINTAIN alpha=0.030030030030030033 beta=0.0 buffer=1.2 current_replicas=6 predicted_load=46.398846874306955 required_resources=1.393 target_replicas=3
2026-07-11 23:38:36 [info     ] algorithm2_decision            action=MAINTAIN applied_target=3 current_replicas=6 hold_until=0.0 observed_load=46.4 observed_target=3 point_forecasts=None prediction_age_sec=None predictive_target=3 proactive=False scenario=s3-hybrid-reactive target_replicas=3 upper_forecasts=None
2026-07-11 23:38:36 [debug    ] Decision loop completed        action=MAINTAIN latency_ms=109.59 p99=332.0
2026-07-11 23:38:51 [debug    ] HAProxy fallback latency       delta_requests=319 interval_avg_ms=65.0 max_rtime_ms=332.0 p99_est=130.0
2026-07-11 23:38:51 [info     ] algorithm2_scaling_decision    action=MAINTAIN alpha=0.030030030030030033 beta=0.0 buffer=1.2 current_replicas=6 predicted_load=35.109495705340045 required_resources=1.054 target_replicas=3
2026-07-11 23:38:51 [info     ] algorithm2_decision            action=MAINTAIN applied_target=3 current_replicas=6 hold_until=0.0 observed_load=35.11 observed_target=3 point_forecasts=None prediction_age_sec=None predictive_target=3 proactive=False scenario=s3-hybrid-reactive target_replicas=3 upper_forecasts=None
2026-07-11 23:38:51 [debug    ] Decision loop completed        action=MAINTAIN latency_ms=169.31 p99=130.0
2026-07-11 23:39:06 [info     ] algorithm2_scaling_decision    action=MAINTAIN alpha=0.030030030030030033 beta=0.0 buffer=1.2 current_replicas=6 predicted_load=10.621043473280736 required_resources=0.319 target_replicas=3
2026-07-11 23:39:06 [info     ] algorithm2_decision            action=MAINTAIN applied_target=3 current_replicas=6 hold_until=0.0 observed_load=10.62 observed_target=3 point_forecasts=None prediction_age_sec=None predictive_target=3 proactive=False scenario=s3-hybrid-reactive target_replicas=3 upper_forecasts=None
2026-07-11 23:39:06 [debug    ] Decision loop completed        action=MAINTAIN latency_ms=177.66 p99=130.0
2026-07-11 23:39:21 [info     ] algorithm2_scaling_decision    action=MAINTAIN alpha=0.030030030030030033 beta=0.0 buffer=1.2 current_replicas=6 predicted_load=0.0 required_resources=0.0 target_replicas=3
2026-07-11 23:39:21 [info     ] algorithm2_decision            action=MAINTAIN applied_target=3 current_replicas=6 hold_until=0.0 observed_load=0.0 observed_target=3 point_forecasts=None prediction_age_sec=None predictive_target=3 proactive=False scenario=s3-hybrid-reactive target_replicas=3 upper_forecasts=None
2026-07-11 23:39:21 [debug    ] Decision loop completed        action=MAINTAIN latency_ms=107.16 p99=130.0
2026-07-11 23:39:36 [info     ] algorithm2_scaling_decision    action=MAINTAIN alpha=0.030030030030030033 beta=0.0 buffer=1.2 current_replicas=6 predicted_load=0.0 required_resources=0.0 target_replicas=3
2026-07-11 23:39:36 [info     ] algorithm2_decision            action=MAINTAIN applied_target=3 current_replicas=6 hold_until=0.0 observed_load=0.0 observed_target=3 point_forecasts=None prediction_age_sec=None predictive_target=3 proactive=False scenario=s3-hybrid-reactive target_replicas=3 upper_forecasts=None
2026-07-11 23:39:36 [debug    ] Decision loop completed        action=MAINTAIN latency_ms=103.82 p99=130.0
2026-07-11 23:39:43 [info     ] Received shutdown signal
2026-07-11 23:39:43 [info     ] Stopping routing daemon...
2026-07-11 23:39:43 [info     ] Routing daemon stopped
