2026-09-12 10:10:15 [info     ] SLOMonitor initialized         threshold_ms=200.0 violation_window=30
2026-09-12 10:10:15 [info     ] Algorithm1ControllerV3 initialized max_knative=50 r_saturation=33.3 target_cpu_util=0.5 total_budget=1000
2026-09-12 10:10:15 [info     ] Using V3 controller (Capacity-Driven) scenario=s3-hybrid-reactive version=v3
2026-09-12 10:10:15 [info     ] HAProxyWeightAdjuster initialized backend=servers host=localhost port=19999
2026-09-12 10:10:15 [info     ] GRUClient initialized          base_url=http://localhost:8090
2026-09-12 10:10:15 [info     ] K8sScaler initialized          deployment=test-app-warm namespace=default
2026-09-12 10:10:15 [info     ] RoutingDaemon initialized      decision_interval=15 description='Algorithm 1 reactive routing without predictions' scenario=s3-hybrid-reactive use_algorithm=True use_predictions=False
2026-09-12 10:10:15 [info     ] Starting routing daemon        interval=15 scenario=s3-hybrid-reactive
2026-09-12 10:10:15 [info     ] Weights updated                k3s=80 knative=20
2026-09-12 10:10:15 [info     ] Initial weights applied        k3s=80 knative=20
2026-09-12 10:10:15 [debug    ] HAProxy fallback primed        total_requests=0
2026-09-12 10:10:15 [info     ] algorithm2_scaling_decision    action=MAINTAIN alpha=0.060060060060060066 beta=0.0 buffer=1.0 current_replicas=3 predicted_load=0.0 required_resources=0.0 target_replicas=3
2026-09-12 10:10:15 [info     ] algorithm2_decision            action=MAINTAIN applied_target=3 current_replicas=3 hold_until=0.0 observed_load=0.0 observed_target=3 point_forecasts=None prediction_age_sec=None predictive_target=3 proactive=False scenario=s3-hybrid-reactive target_replicas=3 upper_forecasts=None
2026-09-12 10:10:15 [debug    ] Decision loop completed        action=MAINTAIN latency_ms=103.44 p99=0.0
2026-09-12 10:10:31 [info     ] algorithm2_scaling_decision    action=MAINTAIN alpha=0.060060060060060066 beta=0.0 buffer=1.0 current_replicas=3 predicted_load=0.0 required_resources=0.0 target_replicas=3
2026-09-12 10:10:31 [info     ] algorithm2_decision            action=MAINTAIN applied_target=3 current_replicas=3 hold_until=0.0 observed_load=0.0 observed_target=3 point_forecasts=None prediction_age_sec=None predictive_target=3 proactive=False scenario=s3-hybrid-reactive target_replicas=3 upper_forecasts=None
2026-09-12 10:10:31 [debug    ] Decision loop completed        action=MAINTAIN latency_ms=98.09 p99=0.0
2026-09-12 10:10:46 [info     ] algorithm2_scaling_decision    action=MAINTAIN alpha=0.060060060060060066 beta=0.0 buffer=1.0 current_replicas=3 predicted_load=0.0 required_resources=0.0 target_replicas=3
2026-09-12 10:10:46 [info     ] algorithm2_decision            action=MAINTAIN applied_target=3 current_replicas=3 hold_until=0.0 observed_load=0.0 observed_target=3 point_forecasts=None prediction_age_sec=None predictive_target=3 proactive=False scenario=s3-hybrid-reactive target_replicas=3 upper_forecasts=None
2026-09-12 10:10:46 [debug    ] Decision loop completed        action=MAINTAIN latency_ms=95.04 p99=0.0
2026-09-12 10:11:01 [debug    ] HAProxy fallback latency       delta_requests=638 interval_avg_ms=65.0 max_rtime_ms=122.0 p99_est=122.0
2026-09-12 10:11:01 [info     ] controller_decision_v3         action=RECOVERY available_replicas=3 budget_remaining=1000 burn_adjustment=0 burst_ratio=0 capacity_deficit=False confidence=0 current_load=42.13480503768235 decision_id=fa8b2457 k8s_capacity=49.9 k8s_weight=100 knative_weight=0 p99=122.0 predicted_load=0 r_effective=16.6 serverless_enabled=False total_load=42.1 weights_after={'k3s': 100, 'knative': 0} weights_before={'k3s': 80, 'knative': 20}
2026-09-12 10:11:01 [info     ] Weights updated                k3s=100 knative=0
2026-09-12 10:11:01 [info     ] Weights updated                action=RECOVERY reason='load=42RPS | k8s_cap=50RPS | (reducing-serverless)' weights={'k3s': 100, 'knative': 0}
2026-09-12 10:11:01 [info     ] algorithm2_scaling_decision    action=MAINTAIN alpha=0.060060060060060066 beta=0.0 buffer=1.0 current_replicas=3 predicted_load=21.067402518841174 required_resources=1.265 target_replicas=3
2026-09-12 10:11:01 [info     ] algorithm2_decision            action=MAINTAIN applied_target=3 current_replicas=3 hold_until=0.0 observed_load=21.07 observed_target=3 point_forecasts=None prediction_age_sec=None predictive_target=3 proactive=False scenario=s3-hybrid-reactive target_replicas=3 upper_forecasts=None
2026-09-12 10:11:01 [debug    ] Decision loop completed        action=RECOVERY latency_ms=126.22 p99=122.0
2026-09-12 10:11:16 [debug    ] HAProxy fallback latency       delta_requests=666 interval_avg_ms=65.0 max_rtime_ms=128.0 p99_est=128.0
2026-09-12 10:11:16 [info     ] algorithm2_scaling_decision    action=MAINTAIN alpha=0.060060060060060066 beta=0.0 buffer=1.0 current_replicas=3 predicted_load=43.08192844712319 required_resources=2.588 target_replicas=3
2026-09-12 10:11:16 [info     ] algorithm2_decision            action=MAINTAIN applied_target=3 current_replicas=3 hold_until=0.0 observed_load=43.08 observed_target=3 point_forecasts=None prediction_age_sec=None predictive_target=3 proactive=False scenario=s3-hybrid-reactive target_replicas=3 upper_forecasts=None
2026-09-12 10:11:16 [debug    ] Decision loop completed        action=MAINTAIN latency_ms=94.26 p99=128.0
2026-09-12 10:11:31 [debug    ] HAProxy fallback latency       delta_requests=714 interval_avg_ms=67.83 max_rtime_ms=144.0 p99_est=135.65
2026-09-12 10:11:31 [info     ] algorithm2_scaling_decision    action=MAINTAIN alpha=0.060060060060060066 beta=0.0 buffer=1.0 current_replicas=3 predicted_load=45.6668634819476 required_resources=2.743 target_replicas=3
2026-09-12 10:11:31 [info     ] algorithm2_decision            action=MAINTAIN applied_target=3 current_replicas=3 hold_until=0.0 observed_load=45.67 observed_target=3 point_forecasts=None prediction_age_sec=None predictive_target=3 proactive=False scenario=s3-hybrid-reactive target_replicas=3 upper_forecasts=None
2026-09-12 10:11:31 [debug    ] Decision loop completed        action=MAINTAIN latency_ms=94.33 p99=135.65266106442576
2026-09-12 10:11:46 [debug    ] HAProxy fallback latency       delta_requests=821 interval_avg_ms=1359.28 max_rtime_ms=2646.0 p99_est=2646.0
2026-09-12 10:11:46 [warning  ] Knative pre-warm non-200       status=404
2026-09-12 10:11:46 [info     ] controller_decision_v3         action=REACTIVE available_replicas=3 budget_remaining=999 burn_adjustment=0 burst_ratio=0.0816 capacity_deficit=False confidence=0 current_load=54.38863242880295 decision_id=05399995 k8s_capacity=49.9 k8s_weight=91 knative_weight=9 p99=2646.0 predicted_load=0 r_effective=16.6 serverless_enabled=True total_load=54.4 weights_after={'k3s': 91, 'knative': 9} weights_before={'k3s': 100, 'knative': 0}
2026-09-12 10:11:46 [info     ] Weights updated                k3s=91 knative=9
2026-09-12 10:11:46 [info     ] Weights updated                action=REACTIVE reason='load=54RPS | k8s_cap=50RPS | (burst-routing)' weights={'k3s': 91, 'knative': 9}
2026-09-12 10:11:46 [info     ] algorithm2_scaling_decision    action=SCALE_UP alpha=0.060060060060060066 beta=0.0 buffer=1.0 current_replicas=3 predicted_load=50.84665376806706 required_resources=3.054 target_replicas=4
2026-09-12 10:11:46 [info     ] algorithm2_decision            action=SCALE_UP applied_target=4 current_replicas=3 hold_until=0.0 observed_load=50.85 observed_target=4 point_forecasts=None prediction_age_sec=None predictive_target=4 proactive=False scenario=s3-hybrid-reactive target_replicas=4 upper_forecasts=None
2026-09-12 10:11:46 [info     ] k8s_scale_executed             deployment=test-app-warm replicas=4
2026-09-12 10:11:46 [debug    ] Decision loop completed        action=REACTIVE latency_ms=129.42 p99=2646.0
2026-09-12 10:12:01 [info     ] controller_decision_v3         action=RECOVERY available_replicas=3 budget_remaining=998 burn_adjustment=0 burst_ratio=0.0186 capacity_deficit=False confidence=0 current_load=50.89435101483565 decision_id=977f1a28 k8s_capacity=49.9 k8s_weight=98 knative_weight=2 p99=2646.0 predicted_load=0 r_effective=16.6 serverless_enabled=True total_load=50.9 weights_after={'k3s': 98, 'knative': 2} weights_before={'k3s': 91, 'knative': 9}
2026-09-12 10:12:01 [info     ] Weights updated                k3s=98 knative=2
2026-09-12 10:12:01 [info     ] Weights updated                action=RECOVERY reason='load=51RPS | k8s_cap=50RPS | (reducing-serverless)' weights={'k3s': 98, 'knative': 2}
2026-09-12 10:12:01 [info     ] algorithm2_scaling_decision    action=MAINTAIN alpha=0.060060060060060066 beta=0.0 buffer=1.0 current_replicas=4 predicted_load=52.6414917218193 required_resources=3.162 target_replicas=4
2026-09-12 10:12:01 [info     ] algorithm2_decision            action=MAINTAIN applied_target=4 current_replicas=4 hold_until=0.0 observed_load=52.64 observed_target=4 point_forecasts=None prediction_age_sec=None predictive_target=4 proactive=False scenario=s3-hybrid-reactive target_replicas=4 upper_forecasts=None
2026-09-12 10:12:01 [debug    ] Decision loop completed        action=RECOVERY latency_ms=119.72 p99=2646.0
2026-09-12 10:12:16 [info     ] controller_decision_v3         action=RECOVERY available_replicas=3 budget_remaining=997 burn_adjustment=0 burst_ratio=0 capacity_deficit=False confidence=0 current_load=36.31040353322188 decision_id=c1bb3b2f k8s_capacity=49.9 k8s_weight=100 knative_weight=0 p99=2646.0 predicted_load=0 r_effective=16.6 serverless_enabled=False total_load=36.3 weights_after={'k3s': 100, 'knative': 0} weights_before={'k3s': 98, 'knative': 2}
2026-09-12 10:12:16 [info     ] Weights updated                k3s=100 knative=0
2026-09-12 10:12:16 [info     ] Weights updated                action=RECOVERY reason='load=36RPS | k8s_cap=50RPS | (reducing-serverless)' weights={'k3s': 100, 'knative': 0}
2026-09-12 10:12:16 [info     ] algorithm2_scaling_decision    action=MAINTAIN alpha=0.060060060060060066 beta=0.0 buffer=1.0 current_replicas=4 predicted_load=43.60237727402877 required_resources=2.619 target_replicas=3
2026-09-12 10:12:16 [info     ] algorithm2_decision            action=MAINTAIN applied_target=3 current_replicas=4 hold_until=0.0 observed_load=43.6 observed_target=3 point_forecasts=None prediction_age_sec=None predictive_target=3 proactive=False scenario=s3-hybrid-reactive target_replicas=3 upper_forecasts=None
2026-09-12 10:12:16 [debug    ] Decision loop completed        action=RECOVERY latency_ms=123.37 p99=2646.0
2026-09-12 10:12:31 [info     ] algorithm2_scaling_decision    action=MAINTAIN alpha=0.060060060060060066 beta=0.0 buffer=1.0 current_replicas=4 predicted_load=31.776528537862106 required_resources=1.909 target_replicas=3
2026-09-12 10:12:31 [info     ] algorithm2_decision            action=MAINTAIN applied_target=3 current_replicas=4 hold_until=0.0 observed_load=31.78 observed_target=3 point_forecasts=None prediction_age_sec=None predictive_target=3 proactive=False scenario=s3-hybrid-reactive target_replicas=3 upper_forecasts=None
2026-09-12 10:12:31 [debug    ] Decision loop completed        action=MAINTAIN latency_ms=96.72 p99=2646.0
2026-09-12 10:12:47 [info     ] algorithm2_scaling_decision    action=MAINTAIN alpha=0.060060060060060066 beta=0.0 buffer=1.0 current_replicas=4 predicted_load=25.477676119327604 required_resources=1.53 target_replicas=3
2026-09-12 10:12:47 [info     ] algorithm2_decision            action=MAINTAIN applied_target=3 current_replicas=4 hold_until=0.0 observed_load=25.48 observed_target=3 point_forecasts=None prediction_age_sec=None predictive_target=3 proactive=False scenario=s3-hybrid-reactive target_replicas=3 upper_forecasts=None
2026-09-12 10:12:47 [debug    ] Decision loop completed        action=MAINTAIN latency_ms=97.15 p99=2646.0
2026-09-12 10:13:02 [debug    ] HAProxy fallback latency       delta_requests=482 interval_avg_ms=27.12 max_rtime_ms=2646.0 p99_est=54.24
2026-09-12 10:13:02 [info     ] algorithm2_scaling_decision    action=MAINTAIN alpha=0.060060060060060066 beta=0.0 buffer=1.0 current_replicas=4 predicted_load=27.786129901567598 required_resources=1.669 target_replicas=3
2026-09-12 10:13:02 [info     ] algorithm2_decision            action=MAINTAIN applied_target=3 current_replicas=4 hold_until=0.0 observed_load=27.79 observed_target=3 point_forecasts=None prediction_age_sec=None predictive_target=3 proactive=False scenario=s3-hybrid-reactive target_replicas=3 upper_forecasts=None
2026-09-12 10:13:02 [debug    ] Decision loop completed        action=MAINTAIN latency_ms=97.45 p99=54.24066390041494
2026-09-12 10:13:17 [debug    ] HAProxy fallback latency       delta_requests=770 interval_avg_ms=68.0 max_rtime_ms=2646.0 p99_est=136.0
2026-09-12 10:13:17 [warning  ] Knative pre-warm non-200       status=404
2026-09-12 10:13:17 [info     ] controller_decision_v3         action=REACTIVE available_replicas=3 budget_remaining=995 burn_adjustment=0 burst_ratio=0.0193 capacity_deficit=False confidence=0 current_load=50.93396190348084 decision_id=42512420 k8s_capacity=49.9 k8s_weight=98 knative_weight=2 p99=136.0 predicted_load=0 r_effective=16.6 serverless_enabled=True total_load=50.9 weights_after={'k3s': 98, 'knative': 2} weights_before={'k3s': 100, 'knative': 0}
2026-09-12 10:13:17 [info     ] Weights updated                k3s=98 knative=2
2026-09-12 10:13:17 [info     ] Weights updated                action=REACTIVE reason='load=51RPS | k8s_cap=50RPS | (burst-routing)' weights={'k3s': 98, 'knative': 2}
2026-09-12 10:13:17 [info     ] algorithm2_scaling_decision    action=MAINTAIN alpha=0.060060060060060066 beta=0.0 buffer=1.0 current_replicas=4 predicted_load=41.39676150523158 required_resources=2.486 target_replicas=3
2026-09-12 10:13:17 [info     ] algorithm2_decision            action=MAINTAIN applied_target=3 current_replicas=4 hold_until=0.0 observed_load=41.4 observed_target=3 point_forecasts=None prediction_age_sec=None predictive_target=3 proactive=False scenario=s3-hybrid-reactive target_replicas=3 upper_forecasts=None
2026-09-12 10:13:17 [debug    ] Decision loop completed        action=REACTIVE latency_ms=99.74 p99=136.0
2026-09-12 10:13:32 [debug    ] HAProxy fallback latency       delta_requests=814 interval_avg_ms=50.82 max_rtime_ms=2646.0 p99_est=101.64
2026-09-12 10:13:32 [info     ] controller_decision_v3         action=REACTIVE available_replicas=3 budget_remaining=995 burn_adjustment=0 burst_ratio=0.0734 capacity_deficit=False confidence=0 current_load=53.90829289957561 decision_id=21e9c6bf k8s_capacity=49.9 k8s_weight=92 knative_weight=8 p99=101.6 predicted_load=0 r_effective=16.6 serverless_enabled=True total_load=53.9 weights_after={'k3s': 92, 'knative': 8} weights_before={'k3s': 98, 'knative': 2}
2026-09-12 10:13:32 [info     ] Weights updated                k3s=92 knative=8
2026-09-12 10:13:32 [info     ] Weights updated                action=REACTIVE reason='load=54RPS | k8s_cap=50RPS | (burst-routing)' weights={'k3s': 92, 'knative': 8}
2026-09-12 10:13:32 [info     ] algorithm2_scaling_decision    action=MAINTAIN alpha=0.060060060060060066 beta=0.0 buffer=1.0 current_replicas=4 predicted_load=52.421127401528224 required_resources=3.148 target_replicas=4
2026-09-12 10:13:32 [info     ] algorithm2_decision            action=MAINTAIN applied_target=4 current_replicas=4 hold_until=0.0 observed_load=52.42 observed_target=4 point_forecasts=None prediction_age_sec=None predictive_target=4 proactive=False scenario=s3-hybrid-reactive target_replicas=4 upper_forecasts=None
2026-09-12 10:13:32 [debug    ] Decision loop completed        action=REACTIVE latency_ms=100.45 p99=101.64127764127764
2026-09-12 10:13:47 [debug    ] HAProxy fallback latency       delta_requests=638 interval_avg_ms=54.04 max_rtime_ms=2646.0 p99_est=108.08
2026-09-12 10:13:47 [info     ] controller_decision_v3         action=RECOVERY available_replicas=3 budget_remaining=995 burn_adjustment=0 burst_ratio=0 capacity_deficit=False confidence=0 current_load=42.318062805029065 decision_id=95820b42 k8s_capacity=49.9 k8s_weight=100 knative_weight=0 p99=108.1 predicted_load=0 r_effective=16.6 serverless_enabled=False total_load=42.3 weights_after={'k3s': 100, 'knative': 0} weights_before={'k3s': 92, 'knative': 8}
2026-09-12 10:13:47 [info     ] Weights updated                k3s=100 knative=0
2026-09-12 10:13:47 [info     ] Weights updated                action=RECOVERY reason='load=42RPS | k8s_cap=50RPS | (reducing-serverless)' weights={'k3s': 100, 'knative': 0}
2026-09-12 10:13:47 [info     ] algorithm2_scaling_decision    action=MAINTAIN alpha=0.060060060060060066 beta=0.0 buffer=1.0 current_replicas=4 predicted_load=48.11317785230234 required_resources=2.89 target_replicas=3
2026-09-12 10:13:47 [info     ] algorithm2_decision            action=MAINTAIN applied_target=3 current_replicas=4 hold_until=0.0 observed_load=48.11 observed_target=3 point_forecasts=None prediction_age_sec=None predictive_target=3 proactive=False scenario=s3-hybrid-reactive target_replicas=3 upper_forecasts=None
2026-09-12 10:13:47 [debug    ] Decision loop completed        action=RECOVERY latency_ms=131.68 p99=108.08150470219435
2026-09-12 10:14:02 [debug    ] HAProxy fallback latency       delta_requests=656 interval_avg_ms=65.0 max_rtime_ms=2646.0 p99_est=130.0
2026-09-12 10:14:02 [info     ] Scale readiness observed       elapsed_sec=136.0 ewma_delay=82.8 samples=1 target=4
2026-09-12 10:14:02 [info     ] algorithm2_scaling_decision    action=MAINTAIN alpha=0.060060060060060066 beta=0.0 buffer=1.0 current_replicas=4 predicted_load=42.80080028901635 required_resources=2.571 target_replicas=3
2026-09-12 10:14:02 [info     ] algorithm2_decision            action=MAINTAIN applied_target=3 current_replicas=4 hold_until=0.0 observed_load=42.8 observed_target=3 point_forecasts=None prediction_age_sec=None predictive_target=3 proactive=False scenario=s3-hybrid-reactive target_replicas=3 upper_forecasts=None
2026-09-12 10:14:02 [debug    ] Decision loop completed        action=MAINTAIN latency_ms=100.14 p99=130.0
2026-09-12 10:14:17 [debug    ] HAProxy fallback latency       delta_requests=828 interval_avg_ms=76.01 max_rtime_ms=2646.0 p99_est=152.01
2026-09-12 10:14:17 [info     ] algorithm2_scaling_decision    action=MAINTAIN alpha=0.060060060060060066 beta=0.0 buffer=1.0 current_replicas=4 predicted_load=49.06023094491677 required_resources=2.947 target_replicas=3
2026-09-12 10:14:17 [info     ] algorithm2_decision            action=MAINTAIN applied_target=3 current_replicas=4 hold_until=0.0 observed_load=49.06 observed_target=3 point_forecasts=None prediction_age_sec=None predictive_target=3 proactive=False scenario=s3-hybrid-reactive target_replicas=3 upper_forecasts=None
2026-09-12 10:14:17 [debug    ] Decision loop completed        action=MAINTAIN latency_ms=101.4 p99=152.0144927536232
2026-09-12 10:14:32 [debug    ] HAProxy fallback latency       delta_requests=915 interval_avg_ms=87.92 max_rtime_ms=2646.0 p99_est=175.84
2026-09-12 10:14:32 [info     ] algorithm2_scaling_decision    action=MAINTAIN alpha=0.060060060060060066 beta=0.0 buffer=1.0 current_replicas=4 predicted_load=57.71301238527157 required_resources=3.466 target_replicas=4
2026-09-12 10:14:32 [info     ] algorithm2_decision            action=MAINTAIN applied_target=4 current_replicas=4 hold_until=0.0 observed_load=57.71 observed_target=4 point_forecasts=None prediction_age_sec=None predictive_target=4 proactive=False scenario=s3-hybrid-reactive target_replicas=4 upper_forecasts=None
2026-09-12 10:14:32 [debug    ] Decision loop completed        action=MAINTAIN latency_ms=98.64 p99=175.84262295081967
2026-09-12 10:14:47 [debug    ] HAProxy fallback latency       delta_requests=930 interval_avg_ms=103.35 max_rtime_ms=2646.0 p99_est=206.7
2026-09-12 10:14:47 [info     ] algorithm2_scaling_decision    action=MAINTAIN alpha=0.060060060060060066 beta=0.0 buffer=1.0 current_replicas=4 predicted_load=61.09278048983596 required_resources=3.669 target_replicas=4
2026-09-12 10:14:47 [info     ] algorithm2_decision            action=MAINTAIN applied_target=4 current_replicas=4 hold_until=0.0 observed_load=61.09 observed_target=4 point_forecasts=None prediction_age_sec=None predictive_target=4 proactive=False scenario=s3-hybrid-reactive target_replicas=4 upper_forecasts=None
2026-09-12 10:14:47 [debug    ] Decision loop completed        action=MAINTAIN latency_ms=96.54 p99=206.70322580645163
2026-09-12 10:15:02 [debug    ] HAProxy fallback latency       delta_requests=1001 interval_avg_ms=202.43 max_rtime_ms=2646.0 p99_est=404.86
2026-09-12 10:15:02 [info     ] algorithm2_scaling_decision    action=MAINTAIN alpha=0.060060060060060066 beta=0.0 buffer=1.0 current_replicas=4 predicted_load=63.95013589652973 required_resources=3.841 target_replicas=4
2026-09-12 10:15:02 [info     ] algorithm2_decision            action=MAINTAIN applied_target=4 current_replicas=4 hold_until=0.0 observed_load=63.95 observed_target=4 point_forecasts=None prediction_age_sec=None predictive_target=4 proactive=False scenario=s3-hybrid-reactive target_replicas=4 upper_forecasts=None
2026-09-12 10:15:02 [debug    ] Decision loop completed        action=MAINTAIN latency_ms=97.83 p99=404.85714285714283
2026-09-12 10:15:18 [debug    ] HAProxy fallback latency       delta_requests=1116 interval_avg_ms=550.67 max_rtime_ms=2646.0 p99_est=1101.35
2026-09-12 10:15:18 [warning  ] Knative pre-warm non-200       status=404
2026-09-12 10:15:18 [info     ] controller_decision_v3         action=REACTIVE available_replicas=4 budget_remaining=992 burn_adjustment=0 burst_ratio=0.0982 capacity_deficit=False confidence=0 current_load=73.85274772820219 decision_id=8605b415 k8s_capacity=66.6 k8s_weight=90 knative_weight=10 p99=1101.3 predicted_load=0 r_effective=16.6 serverless_enabled=True total_load=73.9 weights_after={'k3s': 90, 'knative': 10} weights_before={'k3s': 100, 'knative': 0}
2026-09-12 10:15:18 [info     ] Weights updated                k3s=90 knative=10
2026-09-12 10:15:18 [info     ] Weights updated                action=REACTIVE reason='load=74RPS | k8s_cap=67RPS | (burst-routing)' weights={'k3s': 90, 'knative': 10}
2026-09-12 10:15:18 [info     ] algorithm2_scaling_decision    action=SCALE_UP alpha=0.060060060060060066 beta=0.0 buffer=1.0 current_replicas=4 predicted_load=70.07827959765149 required_resources=4.209 target_replicas=5
2026-09-12 10:15:18 [info     ] algorithm2_decision            action=SCALE_UP applied_target=5 current_replicas=4 hold_until=0.0 observed_load=70.08 observed_target=5 point_forecasts=None prediction_age_sec=None predictive_target=5 proactive=False scenario=s3-hybrid-reactive target_replicas=5 upper_forecasts=None
2026-09-12 10:15:18 [info     ] k8s_scale_executed             deployment=test-app-warm replicas=5
2026-09-12 10:15:18 [debug    ] Decision loop completed        action=REACTIVE latency_ms=136.86 p99=1101.347670250896
2026-09-12 10:15:33 [debug    ] HAProxy fallback latency       delta_requests=1273 interval_avg_ms=155.82 max_rtime_ms=2646.0 p99_est=311.63
2026-09-12 10:15:33 [info     ] controller_decision_v3         action=RECOVERY available_replicas=5 budget_remaining=991 burn_adjustment=0 burst_ratio=0.0101 capacity_deficit=False confidence=0 current_load=84.09886267463588 decision_id=9e94e214 k8s_capacity=83.2 k8s_weight=98 knative_weight=2 p99=311.6 predicted_load=0 r_effective=16.6 serverless_enabled=True total_load=84.1 weights_after={'k3s': 98, 'knative': 2} weights_before={'k3s': 90, 'knative': 10}
2026-09-12 10:15:33 [info     ] Weights updated                k3s=98 knative=2
2026-09-12 10:15:33 [info     ] Weights updated                action=RECOVERY reason='load=84RPS | k8s_cap=83RPS | (reducing-serverless)' weights={'k3s': 98, 'knative': 2}
2026-09-12 10:15:33 [info     ] Scale readiness observed       elapsed_sec=15.1 ewma_delay=62.5 samples=2 target=5
2026-09-12 10:15:33 [info     ] algorithm2_scaling_decision    action=MAINTAIN alpha=0.060060060060060066 beta=0.0 buffer=1.0 current_replicas=5 predicted_load=78.97580520141904 required_resources=4.743 target_replicas=5
2026-09-12 10:15:33 [info     ] algorithm2_decision            action=MAINTAIN applied_target=5 current_replicas=5 hold_until=0.0 observed_load=78.98 observed_target=5 point_forecasts=None prediction_age_sec=None predictive_target=5 proactive=False scenario=s3-hybrid-reactive target_replicas=5 upper_forecasts=None
2026-09-12 10:15:33 [debug    ] Decision loop completed        action=RECOVERY latency_ms=138.31 p99=311.630793401414
2026-09-12 10:15:48 [debug    ] HAProxy fallback latency       delta_requests=1456 interval_avg_ms=309.54 max_rtime_ms=2646.0 p99_est=619.07
2026-09-12 10:15:48 [info     ] controller_decision_v3         action=REACTIVE available_replicas=5 budget_remaining=990 burn_adjustment=0 burst_ratio=0.1344 capacity_deficit=False confidence=0 current_load=96.17829192364344 decision_id=b7dbf708 k8s_capacity=83.2 k8s_weight=86 knative_weight=14 p99=619.1 predicted_load=0 r_effective=16.6 serverless_enabled=True total_load=96.2 weights_after={'k3s': 86, 'knative': 14} weights_before={'k3s': 98, 'knative': 2}
2026-09-12 10:15:48 [info     ] Weights updated                k3s=86 knative=14
2026-09-12 10:15:48 [info     ] Weights updated                action=REACTIVE reason='load=96RPS | k8s_cap=83RPS | (burst-routing)' weights={'k3s': 86, 'knative': 14}
2026-09-12 10:15:48 [info     ] algorithm2_scaling_decision    action=SCALE_UP alpha=0.060060060060060066 beta=0.0 buffer=1.0 current_replicas=5 predicted_load=90.13857729913965 required_resources=5.414 target_replicas=6
2026-09-12 10:15:48 [info     ] algorithm2_decision            action=SCALE_UP applied_target=6 current_replicas=5 hold_until=0.0 observed_load=90.14 observed_target=6 point_forecasts=None prediction_age_sec=None predictive_target=6 proactive=False scenario=s3-hybrid-reactive target_replicas=6 upper_forecasts=None
2026-09-12 10:15:48 [info     ] k8s_scale_executed             deployment=test-app-warm replicas=6
2026-09-12 10:15:48 [debug    ] Decision loop completed        action=REACTIVE latency_ms=136.53 p99=619.0728021978022
2026-09-12 10:16:03 [info     ] controller_decision_v3         action=RECOVERY available_replicas=6 budget_remaining=989 burn_adjustment=0 burst_ratio=0.0923 capacity_deficit=False confidence=0 current_load=110.06357575241802 decision_id=119d9f7d k8s_capacity=99.9 k8s_weight=90 knative_weight=10 p99=619.1 predicted_load=0 r_effective=16.6 serverless_enabled=True total_load=110.1 weights_after={'k3s': 90, 'knative': 10} weights_before={'k3s': 86, 'knative': 14}
2026-09-12 10:16:03 [info     ] Weights updated                k3s=90 knative=10
2026-09-12 10:16:03 [info     ] Weights updated                action=RECOVERY reason='load=110RPS | k8s_cap=100RPS | (reducing-serverless)' weights={'k3s': 90, 'knative': 10}
2026-09-12 10:16:03 [info     ] Scale readiness observed       elapsed_sec=15.1 ewma_delay=48.3 samples=3 target=6
2026-09-12 10:16:03 [info     ] algorithm2_scaling_decision    action=MAINTAIN alpha=0.060060060060060066 beta=0.0 buffer=1.0 current_replicas=6 predicted_load=103.12093383803074 required_resources=6.193 target_replicas=6
2026-09-12 10:16:03 [info     ] algorithm2_decision            action=MAINTAIN applied_target=6 current_replicas=6 hold_until=0.0 observed_load=103.12 observed_target=6 point_forecasts=None prediction_age_sec=None predictive_target=6 proactive=False scenario=s3-hybrid-reactive target_replicas=6 upper_forecasts=None
2026-09-12 10:16:03 [debug    ] Decision loop completed        action=RECOVERY latency_ms=138.39 p99=619.0728021978022
2026-09-12 10:16:18 [debug    ] HAProxy fallback latency       delta_requests=1892 interval_avg_ms=119.0 max_rtime_ms=2646.0 p99_est=238.0
2026-09-12 10:16:18 [info     ] controller_decision_v3         action=REACTIVE available_replicas=6 budget_remaining=988 burn_adjustment=0 burst_ratio=0.2007 capacity_deficit=False confidence=0 current_load=124.98093805294013 decision_id=e356ca11 k8s_capacity=99.9 k8s_weight=79 knative_weight=21 p99=238.0 predicted_load=0 r_effective=16.6 serverless_enabled=True total_load=125.0 weights_after={'k3s': 79, 'knative': 21} weights_before={'k3s': 90, 'knative': 10}
2026-09-12 10:16:18 [info     ] Weights updated                k3s=79 knative=21
2026-09-12 10:16:18 [info     ] Weights updated                action=REACTIVE reason='load=125RPS | k8s_cap=100RPS | (burst-routing)' weights={'k3s': 79, 'knative': 21}
2026-09-12 10:16:18 [info     ] algorithm2_scaling_decision    action=MAINTAIN alpha=0.060060060060060066 beta=0.0 buffer=1.0 current_replicas=6 predicted_load=117.52225690267908 required_resources=7.058 target_replicas=6
2026-09-12 10:16:18 [info     ] algorithm2_decision            action=MAINTAIN applied_target=6 current_replicas=6 hold_until=0.0 observed_load=117.52 observed_target=6 point_forecasts=None prediction_age_sec=None predictive_target=6 proactive=False scenario=s3-hybrid-reactive target_replicas=6 upper_forecasts=None
2026-09-12 10:16:18 [debug    ] Decision loop completed        action=REACTIVE latency_ms=99.73 p99=238.0
2026-09-12 10:16:33 [info     ] controller_decision_v3         action=RECOVERY available_replicas=6 budget_remaining=987 burn_adjustment=0 burst_ratio=0.1245 capacity_deficit=False confidence=0 current_load=114.10065355861231 decision_id=19689d06 k8s_capacity=99.9 k8s_weight=87 knative_weight=13 p99=238.0 predicted_load=0 r_effective=16.6 serverless_enabled=True total_load=114.1 weights_after={'k3s': 87, 'knative': 13} weights_before={'k3s': 79, 'knative': 21}
2026-09-12 10:16:33 [info     ] Weights updated                k3s=87 knative=13
2026-09-12 10:16:33 [info     ] Weights updated                action=RECOVERY reason='load=114RPS | k8s_cap=100RPS | (reducing-serverless)' weights={'k3s': 87, 'knative': 13}
2026-09-12 10:16:33 [info     ] algorithm2_scaling_decision    action=MAINTAIN alpha=0.060060060060060066 beta=0.0 buffer=1.0 current_replicas=6 predicted_load=119.54079580577621 required_resources=7.18 target_replicas=6
2026-09-12 10:16:33 [info     ] algorithm2_decision            action=MAINTAIN applied_target=6 current_replicas=6 hold_until=0.0 observed_load=119.54 observed_target=6 point_forecasts=None prediction_age_sec=None predictive_target=6 proactive=False scenario=s3-hybrid-reactive target_replicas=6 upper_forecasts=None
2026-09-12 10:16:33 [debug    ] Decision loop completed        action=RECOVERY latency_ms=141.03 p99=238.0
2026-09-12 10:16:48 [info     ] controller_decision_v3         action=RECOVERY available_replicas=6 budget_remaining=986 burn_adjustment=0 burst_ratio=0 capacity_deficit=False confidence=0 current_load=87.18315265266564 decision_id=e1117bb1 k8s_capacity=99.9 k8s_weight=100 knative_weight=0 p99=238.0 predicted_load=0 r_effective=16.6 serverless_enabled=False total_load=87.2 weights_after={'k3s': 100, 'knative': 0} weights_before={'k3s': 87, 'knative': 13}
2026-09-12 10:16:48 [info     ] Weights updated                k3s=100 knative=0
2026-09-12 10:16:48 [info     ] Weights updated                action=RECOVERY reason='load=87RPS | k8s_cap=100RPS | (reducing-serverless)' weights={'k3s': 100, 'knative': 0}
2026-09-12 10:16:48 [info     ] algorithm2_scaling_decision    action=MAINTAIN alpha=0.060060060060060066 beta=0.0 buffer=1.0 current_replicas=6 predicted_load=100.64190310563897 required_resources=6.045 target_replicas=6
2026-09-12 10:16:48 [info     ] algorithm2_decision            action=MAINTAIN applied_target=6 current_replicas=6 hold_until=0.0 observed_load=100.64 observed_target=6 point_forecasts=None prediction_age_sec=None predictive_target=6 proactive=False scenario=s3-hybrid-reactive target_replicas=6 upper_forecasts=None
2026-09-12 10:16:48 [debug    ] Decision loop completed        action=RECOVERY latency_ms=131.18 p99=238.0
2026-09-12 10:17:03 [debug    ] HAProxy fallback latency       delta_requests=1131 interval_avg_ms=27.38 max_rtime_ms=2646.0 p99_est=54.76
2026-09-12 10:17:04 [info     ] algorithm2_scaling_decision    action=MAINTAIN alpha=0.060060060060060066 beta=0.0 buffer=1.0 current_replicas=6 predicted_load=80.96467893988128 required_resources=4.863 target_replicas=5
2026-09-12 10:17:04 [info     ] algorithm2_decision            action=MAINTAIN applied_target=5 current_replicas=6 hold_until=0.0 observed_load=80.96 observed_target=5 point_forecasts=None prediction_age_sec=None predictive_target=5 proactive=False scenario=s3-hybrid-reactive target_replicas=5 upper_forecasts=None
2026-09-12 10:17:04 [debug    ] Decision loop completed        action=MAINTAIN latency_ms=96.33 p99=54.760389036251105
2026-09-12 10:17:19 [debug    ] HAProxy fallback latency       delta_requests=1074 interval_avg_ms=67.0 max_rtime_ms=2646.0 p99_est=134.0
2026-09-12 10:17:19 [info     ] algorithm2_scaling_decision    action=MAINTAIN alpha=0.060060060060060066 beta=0.0 buffer=1.0 current_replicas=6 predicted_load=72.94479031763319 required_resources=4.381 target_replicas=5
2026-09-12 10:17:19 [info     ] algorithm2_decision            action=MAINTAIN applied_target=5 current_replicas=6 hold_until=0.0 observed_load=72.94 observed_target=5 point_forecasts=None prediction_age_sec=None predictive_target=5 proactive=False scenario=s3-hybrid-reactive target_replicas=5 upper_forecasts=None
2026-09-12 10:17:19 [debug    ] Decision loop completed        action=MAINTAIN latency_ms=93.5 p99=134.0
2026-09-12 10:17:34 [debug    ] HAProxy fallback latency       delta_requests=948 interval_avg_ms=67.0 max_rtime_ms=2646.0 p99_est=134.0
2026-09-12 10:17:34 [info     ] algorithm2_scaling_decision    action=MAINTAIN alpha=0.060060060060060066 beta=0.0 buffer=1.0 current_replicas=6 predicted_load=66.97510339283619 required_resources=4.023 target_replicas=5
2026-09-12 10:17:34 [info     ] algorithm2_decision            action=MAINTAIN applied_target=5 current_replicas=6 hold_until=0.0 observed_load=66.98 observed_target=5 point_forecasts=None prediction_age_sec=None predictive_target=5 proactive=False scenario=s3-hybrid-reactive target_replicas=5 upper_forecasts=None
2026-09-12 10:17:34 [debug    ] Decision loop completed        action=MAINTAIN latency_ms=101.32 p99=134.0
2026-09-12 10:17:49 [debug    ] HAProxy fallback latency       delta_requests=792 interval_avg_ms=33.73 max_rtime_ms=2646.0 p99_est=67.46
2026-09-12 10:17:49 [info     ] algorithm2_scaling_decision    action=SCALE_DOWN alpha=0.060060060060060066 beta=0.0 buffer=1.0 current_replicas=6 predicted_load=57.65939814570946 required_resources=3.463 target_replicas=4
2026-09-12 10:17:49 [info     ] algorithm2_decision            action=SCALE_DOWN applied_target=4 current_replicas=6 hold_until=0.0 observed_load=57.66 observed_target=4 point_forecasts=None prediction_age_sec=None predictive_target=4 proactive=False scenario=s3-hybrid-reactive target_replicas=4 upper_forecasts=None
2026-09-12 10:17:49 [info     ] k8s_scale_executed             deployment=test-app-warm replicas=4
2026-09-12 10:17:49 [debug    ] Decision loop completed        action=MAINTAIN latency_ms=129.94 p99=67.45959595959596
2026-09-12 10:18:04 [debug    ] HAProxy fallback latency       delta_requests=1190 interval_avg_ms=575.14 max_rtime_ms=2646.0 p99_est=1150.29
2026-09-12 10:18:04 [warning  ] Knative pre-warm non-200       status=404
2026-09-12 10:18:04 [info     ] controller_decision_v3         action=REACTIVE available_replicas=4 budget_remaining=985 burn_adjustment=0 burst_ratio=0.1511 capacity_deficit=False confidence=0 current_load=78.45386931618671 decision_id=894425e2 k8s_capacity=66.6 k8s_weight=84 knative_weight=16 p99=1150.3 predicted_load=0 r_effective=16.6 serverless_enabled=True total_load=78.5 weights_after={'k3s': 84, 'knative': 16} weights_before={'k3s': 100, 'knative': 0}
2026-09-12 10:18:04 [info     ] Weights updated                k3s=84 knative=16
2026-09-12 10:18:04 [info     ] Weights updated                action=REACTIVE reason='load=78RPS | k8s_cap=67RPS | (burst-routing)' weights={'k3s': 84, 'knative': 16}
2026-09-12 10:18:04 [info     ] algorithm2_scaling_decision    action=MAINTAIN alpha=0.060060060060060066 beta=0.0 buffer=1.0 current_replicas=4 predicted_load=65.48291711505135 required_resources=3.933 target_replicas=4
2026-09-12 10:18:04 [info     ] algorithm2_decision            action=MAINTAIN applied_target=4 current_replicas=4 hold_until=0.0 observed_load=65.48 observed_target=4 point_forecasts=None prediction_age_sec=None predictive_target=4 proactive=False scenario=s3-hybrid-reactive target_replicas=4 upper_forecasts=None
2026-09-12 10:18:04 [debug    ] Decision loop completed        action=REACTIVE latency_ms=97.02 p99=1150.2857142857142
2026-09-12 10:18:19 [debug    ] HAProxy fallback latency       delta_requests=1860 interval_avg_ms=688.65 max_rtime_ms=2646.0 p99_est=1377.29
2026-09-12 10:18:19 [info     ] controller_decision_v3         action=REACTIVE available_replicas=4 budget_remaining=984 burn_adjustment=0 burst_ratio=0.4594 capacity_deficit=False confidence=0 current_load=123.19809162003261 decision_id=6e19b303 k8s_capacity=66.6 k8s_weight=54 knative_weight=46 p99=1377.3 predicted_load=0 r_effective=16.6 serverless_enabled=True total_load=123.2 weights_after={'k3s': 54, 'knative': 46} weights_before={'k3s': 84, 'knative': 16}
2026-09-12 10:18:19 [info     ] Weights updated                k3s=54 knative=46
2026-09-12 10:18:19 [info     ] Weights updated                action=REACTIVE reason='load=123RPS | k8s_cap=67RPS | (burst-routing)' weights={'k3s': 54, 'knative': 46}
2026-09-12 10:18:19 [info     ] algorithm2_scaling_decision    action=SCALE_UP alpha=0.060060060060060066 beta=0.0 buffer=1.0 current_replicas=4 predicted_load=100.82598046810966 required_resources=6.056 target_replicas=6
2026-09-12 10:18:19 [info     ] algorithm2_decision            action=SCALE_UP applied_target=6 current_replicas=4 hold_until=0.0 observed_load=100.83 observed_target=6 point_forecasts=None prediction_age_sec=None predictive_target=6 proactive=False scenario=s3-hybrid-reactive target_replicas=6 upper_forecasts=None
2026-09-12 10:18:19 [info     ] k8s_scale_executed             deployment=test-app-warm replicas=6
2026-09-12 10:18:19 [debug    ] Decision loop completed        action=REACTIVE latency_ms=132.4 p99=1377.2903225806451
2026-09-12 10:18:34 [info     ] controller_decision_v3         action=RECOVERY available_replicas=6 budget_remaining=983 burn_adjustment=0 burst_ratio=0.1734 capacity_deficit=False confidence=0 current_load=120.86107496216445 decision_id=940ce588 k8s_capacity=99.9 k8s_weight=82 knative_weight=18 p99=1377.3 predicted_load=0 r_effective=16.6 serverless_enabled=True total_load=120.9 weights_after={'k3s': 82, 'knative': 18} weights_before={'k3s': 54, 'knative': 46}
2026-09-12 10:18:34 [info     ] Weights updated                k3s=82 knative=18
2026-09-12 10:18:34 [info     ] Weights updated                action=RECOVERY reason='load=121RPS | k8s_cap=100RPS | (reducing-serverless)' weights={'k3s': 82, 'knative': 18}
2026-09-12 10:18:34 [info     ] Scale readiness observed       elapsed_sec=15.1 ewma_delay=38.3 samples=4 target=6
2026-09-12 10:18:34 [info     ] algorithm2_scaling_decision    action=MAINTAIN alpha=0.060060060060060066 beta=0.0 buffer=1.0 current_replicas=6 predicted_load=122.02958329109853 required_resources=7.329 target_replicas=6
2026-09-12 10:18:34 [info     ] algorithm2_decision            action=MAINTAIN applied_target=6 current_replicas=6 hold_until=0.0 observed_load=122.03 observed_target=6 point_forecasts=None prediction_age_sec=None predictive_target=6 proactive=False scenario=s3-hybrid-reactive target_replicas=6 upper_forecasts=None
2026-09-12 10:18:34 [debug    ] Decision loop completed        action=RECOVERY latency_ms=130.69 p99=1377.2903225806451
2026-09-12 10:18:49 [debug    ] HAProxy fallback latency       delta_requests=1429 interval_avg_ms=47.15 max_rtime_ms=2646.0 p99_est=94.29
2026-09-12 10:18:49 [info     ] controller_decision_v3         action=RECOVERY available_replicas=6 budget_remaining=983 burn_adjustment=0 burst_ratio=0 capacity_deficit=False confidence=0 current_load=94.51314458663168 decision_id=9fec8a75 k8s_capacity=99.9 k8s_weight=100 knative_weight=0 p99=94.3 predicted_load=0 r_effective=16.6 serverless_enabled=False total_load=94.5 weights_after={'k3s': 100, 'knative': 0} weights_before={'k3s': 82, 'knative': 18}
2026-09-12 10:18:49 [info     ] Weights updated                k3s=100 knative=0
2026-09-12 10:18:49 [info     ] Weights updated                action=RECOVERY reason='load=95RPS | k8s_cap=100RPS | (reducing-serverless)' weights={'k3s': 100, 'knative': 0}
2026-09-12 10:18:49 [info     ] algorithm2_scaling_decision    action=MAINTAIN alpha=0.060060060060060066 beta=0.0 buffer=1.0 current_replicas=6 predicted_load=107.68710977439807 required_resources=6.468 target_replicas=6
2026-09-12 10:18:49 [info     ] algorithm2_decision            action=MAINTAIN applied_target=6 current_replicas=6 hold_until=0.0 observed_load=107.69 observed_target=6 point_forecasts=None prediction_age_sec=None predictive_target=6 proactive=False scenario=s3-hybrid-reactive target_replicas=6 upper_forecasts=None
2026-09-12 10:18:49 [debug    ] Decision loop completed        action=RECOVERY latency_ms=128.85 p99=94.29391182645206
2026-09-12 10:19:04 [debug    ] HAProxy fallback latency       delta_requests=1232 interval_avg_ms=13.99 max_rtime_ms=2646.0 p99_est=27.97
2026-09-12 10:19:04 [info     ] algorithm2_scaling_decision    action=MAINTAIN alpha=0.060060060060060066 beta=0.0 buffer=1.0 current_replicas=6 predicted_load=87.97406019437213 required_resources=5.284 target_replicas=6
2026-09-12 10:19:04 [info     ] algorithm2_decision            action=MAINTAIN applied_target=6 current_replicas=6 hold_until=0.0 observed_load=87.97 observed_target=6 point_forecasts=None prediction_age_sec=None predictive_target=6 proactive=False scenario=s3-hybrid-reactive target_replicas=6 upper_forecasts=None
2026-09-12 10:19:04 [debug    ] Decision loop completed        action=MAINTAIN latency_ms=98.43 p99=27.97077922077922
2026-09-12 10:19:19 [debug    ] HAProxy fallback latency       delta_requests=1145 interval_avg_ms=5.81 max_rtime_ms=2646.0 p99_est=11.61
2026-09-12 10:19:20 [info     ] algorithm2_scaling_decision    action=MAINTAIN alpha=0.060060060060060066 beta=0.0 buffer=1.0 current_replicas=6 predicted_load=78.60051273363948 required_resources=4.721 target_replicas=5
2026-09-12 10:19:20 [info     ] algorithm2_decision            action=MAINTAIN applied_target=5 current_replicas=6 hold_until=0.0 observed_load=78.6 observed_target=5 point_forecasts=None prediction_age_sec=None predictive_target=5 proactive=False scenario=s3-hybrid-reactive target_replicas=5 upper_forecasts=None
2026-09-12 10:19:20 [debug    ] Decision loop completed        action=MAINTAIN latency_ms=99.74 p99=11.610480349344979
2026-09-12 10:19:35 [debug    ] HAProxy fallback latency       delta_requests=1477 interval_avg_ms=163.88 max_rtime_ms=2646.0 p99_est=327.76
2026-09-12 10:19:35 [info     ] algorithm2_scaling_decision    action=MAINTAIN alpha=0.060060060060060066 beta=0.0 buffer=1.0 current_replicas=6 predicted_load=86.75801224434593 required_resources=5.211 target_replicas=6
2026-09-12 10:19:35 [info     ] algorithm2_decision            action=MAINTAIN applied_target=6 current_replicas=6 hold_until=0.0 observed_load=86.76 observed_target=6 point_forecasts=None prediction_age_sec=None predictive_target=6 proactive=False scenario=s3-hybrid-reactive target_replicas=6 upper_forecasts=None
2026-09-12 10:19:35 [debug    ] Decision loop completed        action=MAINTAIN latency_ms=101.29 p99=327.75761679079216
2026-09-12 10:19:50 [debug    ] HAProxy fallback latency       delta_requests=1991 interval_avg_ms=1461.34 max_rtime_ms=2646.0 p99_est=2646.0
2026-09-12 10:19:50 [warning  ] Knative pre-warm non-200       status=404
2026-09-12 10:19:50 [info     ] controller_decision_v3         action=REACTIVE available_replicas=6 budget_remaining=981 burn_adjustment=0 burst_ratio=0.2423 capacity_deficit=False confidence=0 current_load=131.843168305827 decision_id=a7726fa8 k8s_capacity=99.9 k8s_weight=75 knative_weight=25 p99=2646.0 predicted_load=0 r_effective=16.6 serverless_enabled=True total_load=131.8 weights_after={'k3s': 75, 'knative': 25} weights_before={'k3s': 100, 'knative': 0}
2026-09-12 10:19:50 [info     ] Weights updated                k3s=75 knative=25
2026-09-12 10:19:50 [info     ] Weights updated                action=REACTIVE reason='load=132RPS | k8s_cap=100RPS | (burst-routing)' weights={'k3s': 75, 'knative': 25}
2026-09-12 10:19:50 [info     ] algorithm2_scaling_decision    action=MAINTAIN alpha=0.060060060060060066 beta=0.0 buffer=1.0 current_replicas=6 predicted_load=114.79657156467623 required_resources=6.895 target_replicas=6
2026-09-12 10:19:50 [info     ] algorithm2_decision            action=MAINTAIN applied_target=6 current_replicas=6 hold_until=0.0 observed_load=114.8 observed_target=6 point_forecasts=None prediction_age_sec=None predictive_target=6 proactive=False scenario=s3-hybrid-reactive target_replicas=6 upper_forecasts=None
2026-09-12 10:19:50 [debug    ] Decision loop completed        action=REACTIVE latency_ms=97.49 p99=2646.0
2026-09-12 10:20:05 [info     ] controller_decision_v3         action=REACTIVE available_replicas=6 budget_remaining=980 burn_adjustment=0 burst_ratio=0.3341 capacity_deficit=False confidence=0 current_load=150.02751965723078 decision_id=5f667740 k8s_capacity=99.9 k8s_weight=66 knative_weight=34 p99=2646.0 predicted_load=0 r_effective=16.6 serverless_enabled=True total_load=150.0 weights_after={'k3s': 66, 'knative': 34} weights_before={'k3s': 75, 'knative': 25}
2026-09-12 10:20:05 [info     ] Weights updated                k3s=66 knative=34
2026-09-12 10:20:05 [info     ] Weights updated                action=REACTIVE reason='load=150RPS | k8s_cap=100RPS | (burst-routing)' weights={'k3s': 66, 'knative': 34}
2026-09-12 10:20:05 [info     ] algorithm2_scaling_decision    action=MAINTAIN alpha=0.060060060060060066 beta=0.0 buffer=1.0 current_replicas=6 predicted_load=140.9353439815289 required_resources=8.465 target_replicas=6
2026-09-12 10:20:05 [info     ] algorithm2_decision            action=MAINTAIN applied_target=6 current_replicas=6 hold_until=0.0 observed_load=140.94 observed_target=6 point_forecasts=None prediction_age_sec=None predictive_target=6 proactive=False scenario=s3-hybrid-reactive target_replicas=6 upper_forecasts=None
2026-09-12 10:20:05 [debug    ] Decision loop completed        action=REACTIVE latency_ms=102.42 p99=2646.0
2026-09-12 10:20:20 [info     ] controller_decision_v3         action=REACTIVE available_replicas=6 budget_remaining=979 burn_adjustment=0 burst_ratio=0.376 capacity_deficit=False confidence=0 current_load=160.10013757133297 decision_id=cb9bcbfe k8s_capacity=99.9 k8s_weight=62 knative_weight=38 p99=2646.0 predicted_load=0 r_effective=16.6 serverless_enabled=True total_load=160.1 weights_after={'k3s': 62, 'knative': 38} weights_before={'k3s': 66, 'knative': 34}
2026-09-12 10:20:20 [info     ] Weights updated                k3s=62 knative=38
2026-09-12 10:20:20 [info     ] Weights updated                action=REACTIVE reason='load=160RPS | k8s_cap=100RPS | (burst-routing)' weights={'k3s': 62, 'knative': 38}
2026-09-12 10:20:20 [info     ] algorithm2_scaling_decision    action=MAINTAIN alpha=0.060060060060060066 beta=0.0 buffer=1.0 current_replicas=6 predicted_load=155.06382861428187 required_resources=9.313 target_replicas=6
2026-09-12 10:20:20 [info     ] algorithm2_decision            action=MAINTAIN applied_target=6 current_replicas=6 hold_until=0.0 observed_load=155.06 observed_target=6 point_forecasts=None prediction_age_sec=None predictive_target=6 proactive=False scenario=s3-hybrid-reactive target_replicas=6 upper_forecasts=None
2026-09-12 10:20:20 [debug    ] Decision loop completed        action=REACTIVE latency_ms=102.32 p99=2646.0
2026-09-12 10:20:35 [debug    ] HAProxy fallback latency       delta_requests=2207 interval_avg_ms=12.3 max_rtime_ms=2646.0 p99_est=24.59
2026-09-12 10:20:35 [info     ] controller_decision_v3         action=RECOVERY available_replicas=6 budget_remaining=979 burn_adjustment=0 burst_ratio=0.3164 capacity_deficit=False confidence=0 current_load=146.1358121068867 decision_id=ea8a430e k8s_capacity=99.9 k8s_weight=68 knative_weight=32 p99=24.6 predicted_load=0 r_effective=16.6 serverless_enabled=True total_load=146.1 weights_after={'k3s': 68, 'knative': 32} weights_before={'k3s': 62, 'knative': 38}
2026-09-12 10:20:35 [info     ] Weights updated                k3s=68 knative=32
2026-09-12 10:20:35 [info     ] Weights updated                action=RECOVERY reason='load=146RPS | k8s_cap=100RPS | (reducing-serverless)' weights={'k3s': 68, 'knative': 32}
2026-09-12 10:20:35 [info     ] algorithm2_scaling_decision    action=MAINTAIN alpha=0.060060060060060066 beta=0.0 buffer=1.0 current_replicas=6 predicted_load=153.11797483910982 required_resources=9.196 target_replicas=6
2026-09-12 10:20:35 [info     ] algorithm2_decision            action=MAINTAIN applied_target=6 current_replicas=6 hold_until=0.0 observed_load=153.12 observed_target=6 point_forecasts=None prediction_age_sec=None predictive_target=6 proactive=False scenario=s3-hybrid-reactive target_replicas=6 upper_forecasts=None
2026-09-12 10:20:35 [debug    ] Decision loop completed        action=RECOVERY latency_ms=138.09 p99=24.59356592659719
2026-09-12 10:20:50 [info     ] controller_decision_v3         action=RECOVERY available_replicas=6 budget_remaining=979 burn_adjustment=0 burst_ratio=0.1865 capacity_deficit=False confidence=0 current_load=122.80638194743094 decision_id=2f24b1bf k8s_capacity=99.9 k8s_weight=81 knative_weight=19 p99=24.6 predicted_load=0 r_effective=16.6 serverless_enabled=True total_load=122.8 weights_after={'k3s': 81, 'knative': 19} weights_before={'k3s': 68, 'knative': 32}
2026-09-12 10:20:50 [info     ] Weights updated                k3s=81 knative=19
2026-09-12 10:20:50 [info     ] Weights updated                action=RECOVERY reason='load=123RPS | k8s_cap=100RPS | (reducing-serverless)' weights={'k3s': 81, 'knative': 19}
2026-09-12 10:20:50 [info     ] algorithm2_scaling_decision    action=MAINTAIN alpha=0.060060060060060066 beta=0.0 buffer=1.0 current_replicas=6 predicted_load=134.4710970271588 required_resources=8.076 target_replicas=6
2026-09-12 10:20:50 [info     ] algorithm2_decision            action=MAINTAIN applied_target=6 current_replicas=6 hold_until=0.0 observed_load=134.47 observed_target=6 point_forecasts=None prediction_age_sec=None predictive_target=6 proactive=False scenario=s3-hybrid-reactive target_replicas=6 upper_forecasts=None
2026-09-12 10:20:50 [debug    ] Decision loop completed        action=RECOVERY latency_ms=132.31 p99=24.59356592659719
2026-09-12 10:21:05 [debug    ] HAProxy fallback latency       delta_requests=1784 interval_avg_ms=40.51 max_rtime_ms=2646.0 p99_est=81.03
2026-09-12 10:21:05 [info     ] controller_decision_v3         action=RECOVERY available_replicas=6 budget_remaining=979 burn_adjustment=0 burst_ratio=0.153 capacity_deficit=False confidence=0 current_load=117.95014915426734 decision_id=5479eb8e k8s_capacity=99.9 k8s_weight=84 knative_weight=16 p99=81.0 predicted_load=0 r_effective=16.6 serverless_enabled=True total_load=118.0 weights_after={'k3s': 84, 'knative': 16} weights_before={'k3s': 81, 'knative': 19}
2026-09-12 10:21:05 [info     ] Weights updated                k3s=84 knative=16
2026-09-12 10:21:05 [info     ] Weights updated                action=RECOVERY reason='load=118RPS | k8s_cap=100RPS | (reducing-serverless)' weights={'k3s': 84, 'knative': 16}
2026-09-12 10:21:05 [info     ] algorithm2_scaling_decision    action=MAINTAIN alpha=0.060060060060060066 beta=0.0 buffer=1.0 current_replicas=6 predicted_load=120.37826555084914 required_resources=7.23 target_replicas=6
2026-09-12 10:21:05 [info     ] algorithm2_decision            action=MAINTAIN applied_target=6 current_replicas=6 hold_until=0.0 observed_load=120.38 observed_target=6 point_forecasts=None prediction_age_sec=None predictive_target=6 proactive=False scenario=s3-hybrid-reactive target_replicas=6 upper_forecasts=None
2026-09-12 10:21:05 [debug    ] Decision loop completed        action=RECOVERY latency_ms=139.31 p99=81.02690582959642
2026-09-12 10:21:20 [debug    ] HAProxy fallback latency       delta_requests=1821 interval_avg_ms=122.86 max_rtime_ms=2646.0 p99_est=245.71
2026-09-12 10:21:20 [info     ] controller_decision_v3         action=REACTIVE available_replicas=6 budget_remaining=978 burn_adjustment=0 burst_ratio=0.1695 capacity_deficit=False confidence=0 current_load=120.28925863542977 decision_id=5f0371a8 k8s_capacity=99.9 k8s_weight=83 knative_weight=17 p99=245.7 predicted_load=0 r_effective=16.6 serverless_enabled=True total_load=120.3 weights_after={'k3s': 83, 'knative': 17} weights_before={'k3s': 84, 'knative': 16}
2026-09-12 10:21:20 [info     ] Weights updated                k3s=83 knative=17
2026-09-12 10:21:20 [info     ] Weights updated                action=REACTIVE reason='load=120RPS | k8s_cap=100RPS | (burst-routing)' weights={'k3s': 83, 'knative': 17}
2026-09-12 10:21:20 [info     ] algorithm2_scaling_decision    action=MAINTAIN alpha=0.060060060060060066 beta=0.0 buffer=1.0 current_replicas=6 predicted_load=119.11970389484856 required_resources=7.154 target_replicas=6
2026-09-12 10:21:20 [info     ] algorithm2_decision            action=MAINTAIN applied_target=6 current_replicas=6 hold_until=0.0 observed_load=119.12 observed_target=6 point_forecasts=None prediction_age_sec=None predictive_target=6 proactive=False scenario=s3-hybrid-reactive target_replicas=6 upper_forecasts=None
2026-09-12 10:21:20 [debug    ] Decision loop completed        action=REACTIVE latency_ms=101.96 p99=245.71224601867107
2026-09-12 10:21:35 [debug    ] HAProxy fallback latency       delta_requests=1815 interval_avg_ms=69.0 max_rtime_ms=2646.0 p99_est=138.0
2026-09-12 10:21:36 [info     ] algorithm2_scaling_decision    action=MAINTAIN alpha=0.060060060060060066 beta=0.0 buffer=1.0 current_replicas=6 predicted_load=120.23451002898966 required_resources=7.221 target_replicas=6
2026-09-12 10:21:36 [info     ] algorithm2_decision            action=MAINTAIN applied_target=6 current_replicas=6 hold_until=0.0 observed_load=120.23 observed_target=6 point_forecasts=None prediction_age_sec=None predictive_target=6 proactive=False scenario=s3-hybrid-reactive target_replicas=6 upper_forecasts=None
2026-09-12 10:21:36 [debug    ] Decision loop completed        action=MAINTAIN latency_ms=98.41 p99=138.0
2026-09-12 10:21:51 [debug    ] HAProxy fallback latency       delta_requests=1788 interval_avg_ms=8.08 max_rtime_ms=2646.0 p99_est=16.17
2026-09-12 10:21:51 [info     ] controller_decision_v3         action=RECOVERY available_replicas=6 budget_remaining=978 burn_adjustment=0 burst_ratio=0.1569 capacity_deficit=False confidence=0 current_load=118.48517692948394 decision_id=75f1e563 k8s_capacity=99.9 k8s_weight=84 knative_weight=16 p99=16.2 predicted_load=0 r_effective=16.6 serverless_enabled=True total_load=118.5 weights_after={'k3s': 84, 'knative': 16} weights_before={'k3s': 83, 'knative': 17}
2026-09-12 10:21:51 [info     ] Weights updated                k3s=84 knative=16
2026-09-12 10:21:51 [info     ] Weights updated                action=RECOVERY reason='load=118RPS | k8s_cap=100RPS | (reducing-serverless)' weights={'k3s': 84, 'knative': 16}
2026-09-12 10:21:51 [info     ] algorithm2_scaling_decision    action=MAINTAIN alpha=0.060060060060060066 beta=0.0 buffer=1.0 current_replicas=6 predicted_load=119.33246917601676 required_resources=7.167 target_replicas=6
2026-09-12 10:21:51 [info     ] algorithm2_decision            action=MAINTAIN applied_target=6 current_replicas=6 hold_until=0.0 observed_load=119.33 observed_target=6 point_forecasts=None prediction_age_sec=None predictive_target=6 proactive=False scenario=s3-hybrid-reactive target_replicas=6 upper_forecasts=None
2026-09-12 10:21:51 [debug    ] Decision loop completed        action=RECOVERY latency_ms=127.61 p99=16.165548098434005
2026-09-12 10:22:06 [debug    ] HAProxy fallback latency       delta_requests=1561 interval_avg_ms=174.66 max_rtime_ms=2646.0 p99_est=349.33
2026-09-12 10:22:06 [info     ] controller_decision_v3         action=RECOVERY available_replicas=6 budget_remaining=977 burn_adjustment=0 burst_ratio=0.0312 capacity_deficit=False confidence=0 current_load=103.1220996824831 decision_id=fdf549ba k8s_capacity=99.9 k8s_weight=96 knative_weight=4 p99=349.3 predicted_load=0 r_effective=16.6 serverless_enabled=True total_load=103.1 weights_after={'k3s': 96, 'knative': 4} weights_before={'k3s': 84, 'knative': 16}
2026-09-12 10:22:06 [info     ] Weights updated                k3s=96 knative=4
2026-09-12 10:22:06 [info     ] Weights updated                action=RECOVERY reason='load=103RPS | k8s_cap=100RPS | (reducing-serverless)' weights={'k3s': 96, 'knative': 4}
2026-09-12 10:22:06 [info     ] algorithm2_scaling_decision    action=MAINTAIN alpha=0.060060060060060066 beta=0.0 buffer=1.0 current_replicas=6 predicted_load=110.80363830598353 required_resources=6.655 target_replicas=6
2026-09-12 10:22:06 [info     ] algorithm2_decision            action=MAINTAIN applied_target=6 current_replicas=6 hold_until=0.0 observed_load=110.8 observed_target=6 point_forecasts=None prediction_age_sec=None predictive_target=6 proactive=False scenario=s3-hybrid-reactive target_replicas=6 upper_forecasts=None
2026-09-12 10:22:06 [debug    ] Decision loop completed        action=RECOVERY latency_ms=130.81 p99=349.3273542600897
2026-09-12 10:22:21 [info     ] controller_decision_v3         action=RECOVERY available_replicas=6 budget_remaining=976 burn_adjustment=0 burst_ratio=0 capacity_deficit=False confidence=0 current_load=83.67020690078333 decision_id=4e20e2d0 k8s_capacity=99.9 k8s_weight=100 knative_weight=0 p99=349.3 predicted_load=0 r_effective=16.6 serverless_enabled=False total_load=83.7 weights_after={'k3s': 100, 'knative': 0} weights_before={'k3s': 96, 'knative': 4}
2026-09-12 10:22:21 [info     ] Weights updated                k3s=100 knative=0
2026-09-12 10:22:21 [info     ] Weights updated                action=RECOVERY reason='load=84RPS | k8s_cap=100RPS | (reducing-serverless)' weights={'k3s': 100, 'knative': 0}
2026-09-12 10:22:21 [info     ] algorithm2_scaling_decision    action=MAINTAIN alpha=0.060060060060060066 beta=0.0 buffer=1.0 current_replicas=6 predicted_load=93.39615329163321 required_resources=5.609 target_replicas=6
2026-09-12 10:22:21 [info     ] algorithm2_decision            action=MAINTAIN applied_target=6 current_replicas=6 hold_until=0.0 observed_load=93.4 observed_target=6 point_forecasts=None prediction_age_sec=None predictive_target=6 proactive=False scenario=s3-hybrid-reactive target_replicas=6 upper_forecasts=None
2026-09-12 10:22:21 [debug    ] Decision loop completed        action=RECOVERY latency_ms=134.03 p99=349.3273542600897
2026-09-12 10:22:36 [info     ] algorithm2_scaling_decision    action=MAINTAIN alpha=0.060060060060060066 beta=0.0 buffer=1.0 current_replicas=6 predicted_load=78.90338201640753 required_resources=4.739 target_replicas=5
2026-09-12 10:22:36 [info     ] algorithm2_decision            action=MAINTAIN applied_target=5 current_replicas=6 hold_until=0.0 observed_load=78.9 observed_target=5 point_forecasts=None prediction_age_sec=None predictive_target=5 proactive=False scenario=s3-hybrid-reactive target_replicas=5 upper_forecasts=None
2026-09-12 10:22:36 [debug    ] Decision loop completed        action=MAINTAIN latency_ms=99.59 p99=349.3273542600897
2026-09-12 10:22:51 [debug    ] HAProxy fallback latency       delta_requests=1042 interval_avg_ms=8.95 max_rtime_ms=2646.0 p99_est=17.89
2026-09-12 10:22:51 [info     ] algorithm2_scaling_decision    action=MAINTAIN alpha=0.060060060060060066 beta=0.0 buffer=1.0 current_replicas=6 predicted_load=71.60606485407615 required_resources=4.301 target_replicas=5
2026-09-12 10:22:51 [info     ] algorithm2_decision            action=MAINTAIN applied_target=5 current_replicas=6 hold_until=0.0 observed_load=71.61 observed_target=5 point_forecasts=None prediction_age_sec=None predictive_target=5 proactive=False scenario=s3-hybrid-reactive target_replicas=5 upper_forecasts=None
2026-09-12 10:22:51 [debug    ] Decision loop completed        action=MAINTAIN latency_ms=98.67 p99=17.892514395393473
2026-09-12 10:23:06 [debug    ] HAProxy fallback latency       delta_requests=1168 interval_avg_ms=116.9 max_rtime_ms=2646.0 p99_est=233.8
2026-09-12 10:23:06 [info     ] algorithm2_scaling_decision    action=MAINTAIN alpha=0.060060060060060066 beta=0.0 buffer=1.0 current_replicas=6 predicted_load=73.1841912463184 required_resources=4.395 target_replicas=5
2026-09-12 10:23:06 [info     ] algorithm2_decision            action=MAINTAIN applied_target=5 current_replicas=6 hold_until=0.0 observed_load=73.18 observed_target=5 point_forecasts=None prediction_age_sec=None predictive_target=5 proactive=False scenario=s3-hybrid-reactive target_replicas=5 upper_forecasts=None
2026-09-12 10:23:06 [debug    ] Decision loop completed        action=MAINTAIN latency_ms=101.92 p99=233.79794520547946
2026-09-12 10:23:21 [debug    ] HAProxy fallback latency       delta_requests=1327 interval_avg_ms=112.68 max_rtime_ms=2646.0 p99_est=225.36
2026-09-12 10:23:21 [info     ] algorithm2_scaling_decision    action=MAINTAIN alpha=0.060060060060060066 beta=0.0 buffer=1.0 current_replicas=6 predicted_load=82.61191815722044 required_resources=4.962 target_replicas=5
2026-09-12 10:23:21 [info     ] algorithm2_decision            action=MAINTAIN applied_target=5 current_replicas=6 hold_until=0.0 observed_load=82.61 observed_target=5 point_forecasts=None prediction_age_sec=None predictive_target=5 proactive=False scenario=s3-hybrid-reactive target_replicas=5 upper_forecasts=None
2026-09-12 10:23:21 [debug    ] Decision loop completed        action=MAINTAIN latency_ms=96.26 p99=225.36096458176337
2026-09-12 10:23:36 [debug    ] HAProxy fallback latency       delta_requests=1105 interval_avg_ms=9.94 max_rtime_ms=2646.0 p99_est=19.88
2026-09-12 10:23:36 [info     ] algorithm2_scaling_decision    action=MAINTAIN alpha=0.060060060060060066 beta=0.0 buffer=1.0 current_replicas=6 predicted_load=80.56295238433297 required_resources=4.839 target_replicas=5
2026-09-12 10:23:36 [info     ] algorithm2_decision            action=MAINTAIN applied_target=5 current_replicas=6 hold_until=0.0 observed_load=80.56 observed_target=5 point_forecasts=None prediction_age_sec=None predictive_target=5 proactive=False scenario=s3-hybrid-reactive target_replicas=5 upper_forecasts=None
2026-09-12 10:23:36 [debug    ] Decision loop completed        action=MAINTAIN latency_ms=98.74 p99=19.88235294117647
2026-09-12 10:23:52 [info     ] algorithm2_scaling_decision    action=SCALE_DOWN alpha=0.060060060060060066 beta=0.0 buffer=1.0 current_replicas=6 predicted_load=62.49536332344228 required_resources=3.753 target_replicas=4
2026-09-12 10:23:52 [info     ] algorithm2_decision            action=SCALE_DOWN applied_target=4 current_replicas=6 hold_until=0.0 observed_load=62.5 observed_target=4 point_forecasts=None prediction_age_sec=None predictive_target=4 proactive=False scenario=s3-hybrid-reactive target_replicas=4 upper_forecasts=None
2026-09-12 10:23:52 [info     ] k8s_scale_executed             deployment=test-app-warm replicas=4
2026-09-12 10:23:52 [debug    ] Decision loop completed        action=MAINTAIN latency_ms=128.92 p99=19.88235294117647
2026-09-12 10:24:07 [debug    ] HAProxy fallback latency       delta_requests=704 interval_avg_ms=64.0 max_rtime_ms=2646.0 p99_est=128.0
2026-09-12 10:24:07 [info     ] algorithm2_scaling_decision    action=MAINTAIN alpha=0.060060060060060066 beta=0.0 buffer=1.0 current_replicas=4 predicted_load=49.19645111024252 required_resources=2.955 target_replicas=3
2026-09-12 10:24:07 [info     ] algorithm2_decision            action=MAINTAIN applied_target=3 current_replicas=4 hold_until=0.0 observed_load=49.2 observed_target=3 point_forecasts=None prediction_age_sec=None predictive_target=3 proactive=False scenario=s3-hybrid-reactive target_replicas=3 upper_forecasts=None
2026-09-12 10:24:07 [debug    ] Decision loop completed        action=MAINTAIN latency_ms=96.27 p99=128.0
2026-09-12 10:24:22 [debug    ] HAProxy fallback latency       delta_requests=693 interval_avg_ms=64.0 max_rtime_ms=2646.0 p99_est=128.0
2026-09-12 10:24:22 [info     ] algorithm2_scaling_decision    action=MAINTAIN alpha=0.060060060060060066 beta=0.0 buffer=1.0 current_replicas=4 predicted_load=46.25163698561968 required_resources=2.778 target_replicas=3
2026-09-12 10:24:22 [info     ] algorithm2_decision            action=MAINTAIN applied_target=3 current_replicas=4 hold_until=0.0 observed_load=46.25 observed_target=3 point_forecasts=None prediction_age_sec=None predictive_target=3 proactive=False scenario=s3-hybrid-reactive target_replicas=3 upper_forecasts=None
2026-09-12 10:24:22 [debug    ] Decision loop completed        action=MAINTAIN latency_ms=99.57 p99=128.0
2026-09-12 10:24:37 [debug    ] HAProxy fallback latency       delta_requests=656 interval_avg_ms=64.0 max_rtime_ms=2646.0 p99_est=128.0
2026-09-12 10:24:37 [info     ] algorithm2_scaling_decision    action=MAINTAIN alpha=0.060060060060060066 beta=0.0 buffer=1.0 current_replicas=4 predicted_load=44.64129403514439 required_resources=2.681 target_replicas=3
2026-09-12 10:24:37 [info     ] algorithm2_decision            action=MAINTAIN applied_target=3 current_replicas=4 hold_until=0.0 observed_load=44.64 observed_target=3 point_forecasts=None prediction_age_sec=None predictive_target=3 proactive=False scenario=s3-hybrid-reactive target_replicas=3 upper_forecasts=None
2026-09-12 10:24:37 [debug    ] Decision loop completed        action=MAINTAIN latency_ms=96.62 p99=128.0
2026-09-12 10:24:52 [debug    ] HAProxy fallback latency       delta_requests=630 interval_avg_ms=64.0 max_rtime_ms=2646.0 p99_est=128.0
2026-09-12 10:24:52 [info     ] algorithm2_scaling_decision    action=MAINTAIN alpha=0.060060060060060066 beta=0.0 buffer=1.0 current_replicas=4 predicted_load=42.58758485947655 required_resources=2.558 target_replicas=3
2026-09-12 10:24:52 [info     ] algorithm2_decision            action=MAINTAIN applied_target=3 current_replicas=4 hold_until=0.0 observed_load=42.59 observed_target=3 point_forecasts=None prediction_age_sec=None predictive_target=3 proactive=False scenario=s3-hybrid-reactive target_replicas=3 upper_forecasts=None
2026-09-12 10:24:52 [debug    ] Decision loop completed        action=MAINTAIN latency_ms=107.1 p99=128.0
2026-09-12 10:25:07 [debug    ] HAProxy fallback latency       delta_requests=824 interval_avg_ms=145.72 max_rtime_ms=2646.0 p99_est=291.44
2026-09-12 10:25:07 [info     ] algorithm2_scaling_decision    action=MAINTAIN alpha=0.060060060060060066 beta=0.0 buffer=1.0 current_replicas=4 predicted_load=48.13816624200236 required_resources=2.891 target_replicas=3
2026-09-12 10:25:07 [info     ] algorithm2_decision            action=MAINTAIN applied_target=3 current_replicas=4 hold_until=0.0 observed_load=48.14 observed_target=3 point_forecasts=None prediction_age_sec=None predictive_target=3 proactive=False scenario=s3-hybrid-reactive target_replicas=3 upper_forecasts=None
2026-09-12 10:25:07 [debug    ] Decision loop completed        action=MAINTAIN latency_ms=103.44 p99=291.44417475728153
2026-09-12 10:25:22 [debug    ] HAProxy fallback latency       delta_requests=1053 interval_avg_ms=389.75 max_rtime_ms=2646.0 p99_est=779.5
2026-09-12 10:25:22 [warning  ] Knative pre-warm non-200       status=404
2026-09-12 10:25:22 [info     ] controller_decision_v3         action=REACTIVE available_replicas=4 budget_remaining=971 burn_adjustment=0 burst_ratio=0.0447 capacity_deficit=False confidence=0 current_load=69.71788771097086 decision_id=42700931 k8s_capacity=66.6 k8s_weight=95 knative_weight=5 p99=779.5 predicted_load=0 r_effective=16.6 serverless_enabled=True total_load=69.7 weights_after={'k3s': 95, 'knative': 5} weights_before={'k3s': 100, 'knative': 0}
2026-09-12 10:25:22 [info     ] Weights updated                k3s=95 knative=5
2026-09-12 10:25:22 [info     ] Weights updated                action=REACTIVE reason='load=70RPS | k8s_cap=67RPS | (burst-routing)' weights={'k3s': 95, 'knative': 5}
2026-09-12 10:25:22 [info     ] algorithm2_scaling_decision    action=MAINTAIN alpha=0.060060060060060066 beta=0.0 buffer=1.0 current_replicas=4 predicted_load=62.09770925970683 required_resources=3.73 target_replicas=4
2026-09-12 10:25:22 [info     ] algorithm2_decision            action=MAINTAIN applied_target=4 current_replicas=4 hold_until=0.0 observed_load=62.1 observed_target=4 point_forecasts=None prediction_age_sec=None predictive_target=4 proactive=False scenario=s3-hybrid-reactive target_replicas=4 upper_forecasts=None
2026-09-12 10:25:22 [debug    ] Decision loop completed        action=REACTIVE latency_ms=100.54 p99=779.4966761633428
2026-09-12 10:25:37 [info     ] controller_decision_v3         action=REACTIVE available_replicas=4 budget_remaining=970 burn_adjustment=0 burst_ratio=0.0645 capacity_deficit=False confidence=0 current_load=71.18993461446613 decision_id=7ecfd440 k8s_capacity=66.6 k8s_weight=93 knative_weight=7 p99=779.5 predicted_load=0 r_effective=16.6 serverless_enabled=True total_load=71.2 weights_after={'k3s': 93, 'knative': 7} weights_before={'k3s': 95, 'knative': 5}
2026-09-12 10:25:37 [info     ] Weights updated                k3s=93 knative=7
2026-09-12 10:25:37 [info     ] Weights updated                action=REACTIVE reason='load=71RPS | k8s_cap=67RPS | (burst-routing)' weights={'k3s': 93, 'knative': 7}
2026-09-12 10:25:37 [info     ] algorithm2_scaling_decision    action=SCALE_UP alpha=0.060060060060060066 beta=0.0 buffer=1.0 current_replicas=4 predicted_load=70.4539111627185 required_resources=4.231 target_replicas=5
2026-09-12 10:25:37 [info     ] algorithm2_decision            action=SCALE_UP applied_target=5 current_replicas=4 hold_until=0.0 observed_load=70.45 observed_target=5 point_forecasts=None prediction_age_sec=None predictive_target=5 proactive=False scenario=s3-hybrid-reactive target_replicas=5 upper_forecasts=None
2026-09-12 10:25:37 [info     ] k8s_scale_executed             deployment=test-app-warm replicas=5
2026-09-12 10:25:37 [debug    ] Decision loop completed        action=REACTIVE latency_ms=138.68 p99=779.4966761633428
2026-09-12 10:25:52 [debug    ] HAProxy fallback latency       delta_requests=1053 interval_avg_ms=0.03 max_rtime_ms=2646.0 p99_est=0.06
2026-09-12 10:25:52 [info     ] controller_decision_v3         action=RECOVERY available_replicas=5 budget_remaining=970 burn_adjustment=0 burst_ratio=0 capacity_deficit=False confidence=0 current_load=69.55451871787488 decision_id=32836b46 k8s_capacity=83.2 k8s_weight=100 knative_weight=0 p99=0.1 predicted_load=0 r_effective=16.6 serverless_enabled=False total_load=69.6 weights_after={'k3s': 100, 'knative': 0} weights_before={'k3s': 93, 'knative': 7}
2026-09-12 10:25:52 [info     ] Weights updated                k3s=100 knative=0
2026-09-12 10:25:52 [info     ] Weights updated                action=RECOVERY reason='load=70RPS | k8s_cap=83RPS | (reducing-serverless)' weights={'k3s': 100, 'knative': 0}
2026-09-12 10:25:52 [info     ] Scale readiness observed       elapsed_sec=15.1 ewma_delay=31.4 samples=5 target=5
2026-09-12 10:25:52 [info     ] algorithm2_scaling_decision    action=MAINTAIN alpha=0.060060060060060066 beta=0.0 buffer=1.0 current_replicas=5 predicted_load=70.3722266661705 required_resources=4.227 target_replicas=5
2026-09-12 10:25:52 [info     ] algorithm2_decision            action=MAINTAIN applied_target=5 current_replicas=5 hold_until=0.0 observed_load=70.37 observed_target=5 point_forecasts=None prediction_age_sec=None predictive_target=5 proactive=False scenario=s3-hybrid-reactive target_replicas=5 upper_forecasts=None
2026-09-12 10:25:52 [debug    ] Decision loop completed        action=RECOVERY latency_ms=140.69 p99=0.05887939221272555
2026-09-12 10:26:07 [debug    ] HAProxy fallback latency       delta_requests=1072 interval_avg_ms=132.78 max_rtime_ms=2646.0 p99_est=265.57
2026-09-12 10:26:08 [info     ] algorithm2_scaling_decision    action=MAINTAIN alpha=0.060060060060060066 beta=0.0 buffer=1.0 current_replicas=5 predicted_load=70.17951917935957 required_resources=4.215 target_replicas=5
2026-09-12 10:26:08 [info     ] algorithm2_decision            action=MAINTAIN applied_target=5 current_replicas=5 hold_until=0.0 observed_load=70.18 observed_target=5 point_forecasts=None prediction_age_sec=None predictive_target=5 proactive=False scenario=s3-hybrid-reactive target_replicas=5 upper_forecasts=None
2026-09-12 10:26:08 [debug    ] Decision loop completed        action=MAINTAIN latency_ms=95.38 p99=265.56716417910445
2026-09-12 10:26:23 [debug    ] HAProxy fallback latency       delta_requests=1124 interval_avg_ms=2.31 max_rtime_ms=2646.0 p99_est=4.61
2026-09-12 10:26:23 [info     ] algorithm2_scaling_decision    action=MAINTAIN alpha=0.060060060060060066 beta=0.0 buffer=1.0 current_replicas=5 predicted_load=72.59673161816178 required_resources=4.36 target_replicas=5
2026-09-12 10:26:23 [info     ] algorithm2_decision            action=MAINTAIN applied_target=5 current_replicas=5 hold_until=0.0 observed_load=72.6 observed_target=5 point_forecasts=None prediction_age_sec=None predictive_target=5 proactive=False scenario=s3-hybrid-reactive target_replicas=5 upper_forecasts=None
2026-09-12 10:26:23 [debug    ] Decision loop completed        action=MAINTAIN latency_ms=102.28 p99=4.612099644128114
2026-09-12 10:26:38 [debug    ] HAProxy fallback latency       delta_requests=1382 interval_avg_ms=173.23 max_rtime_ms=2646.0 p99_est=346.47
2026-09-12 10:26:38 [warning  ] Knative pre-warm non-200       status=404
2026-09-12 10:26:38 [info     ] controller_decision_v3         action=REACTIVE available_replicas=5 budget_remaining=968 burn_adjustment=0 burst_ratio=0.0903 capacity_deficit=False confidence=0 current_load=91.51121851210002 decision_id=7f22fe32 k8s_capacity=83.2 k8s_weight=90 knative_weight=10 p99=346.5 predicted_load=0 r_effective=16.6 serverless_enabled=True total_load=91.5 weights_after={'k3s': 90, 'knative': 10} weights_before={'k3s': 100, 'knative': 0}
2026-09-12 10:26:38 [info     ] Weights updated                k3s=90 knative=10
2026-09-12 10:26:38 [info     ] Weights updated                action=REACTIVE reason='load=92RPS | k8s_cap=83RPS | (burst-routing)' weights={'k3s': 90, 'knative': 10}
2026-09-12 10:26:38 [info     ] algorithm2_scaling_decision    action=MAINTAIN alpha=0.060060060060060066 beta=0.0 buffer=1.0 current_replicas=5 predicted_load=82.95008105378967 required_resources=4.982 target_replicas=5
2026-09-12 10:26:38 [info     ] algorithm2_decision            action=MAINTAIN applied_target=5 current_replicas=5 hold_until=0.0 observed_load=82.95 observed_target=5 point_forecasts=None prediction_age_sec=None predictive_target=5 proactive=False scenario=s3-hybrid-reactive target_replicas=5 upper_forecasts=None
2026-09-12 10:26:38 [debug    ] Decision loop completed        action=REACTIVE latency_ms=98.4 p99=346.465991316932
2026-09-12 10:26:53 [debug    ] HAProxy fallback latency       delta_requests=1632 interval_avg_ms=114.4 max_rtime_ms=2646.0 p99_est=228.81
2026-09-12 10:26:53 [info     ] controller_decision_v3         action=REACTIVE available_replicas=5 budget_remaining=967 burn_adjustment=0 burst_ratio=0.2298 capacity_deficit=False confidence=0 current_load=108.08937460976105 decision_id=b0d4f0ee k8s_capacity=83.2 k8s_weight=77 knative_weight=23 p99=228.8 predicted_load=0 r_effective=16.6 serverless_enabled=True total_load=108.1 weights_after={'k3s': 77, 'knative': 23} weights_before={'k3s': 90, 'knative': 10}
2026-09-12 10:26:53 [info     ] Weights updated                k3s=77 knative=23
2026-09-12 10:26:53 [info     ] Weights updated                action=REACTIVE reason='load=108RPS | k8s_cap=83RPS | (burst-routing)' weights={'k3s': 77, 'knative': 23}
2026-09-12 10:26:53 [info     ] algorithm2_scaling_decision    action=SCALE_UP alpha=0.060060060060060066 beta=0.0 buffer=1.0 current_replicas=5 predicted_load=99.80029656093053 required_resources=5.994 target_replicas=6
2026-09-12 10:26:53 [info     ] algorithm2_decision            action=SCALE_UP applied_target=6 current_replicas=5 hold_until=0.0 observed_load=99.8 observed_target=6 point_forecasts=None prediction_age_sec=None predictive_target=6 proactive=False scenario=s3-hybrid-reactive target_replicas=6 upper_forecasts=None
2026-09-12 10:26:53 [info     ] k8s_scale_executed             deployment=test-app-warm replicas=6
2026-09-12 10:26:53 [debug    ] Decision loop completed        action=REACTIVE latency_ms=131.97 p99=228.8063725490196
2026-09-12 10:27:08 [info     ] controller_decision_v3         action=RECOVERY available_replicas=6 budget_remaining=966 burn_adjustment=0 burst_ratio=0 capacity_deficit=False confidence=0 current_load=96.54781512975627 decision_id=e947b091 k8s_capacity=99.9 k8s_weight=100 knative_weight=0 p99=228.8 predicted_load=0 r_effective=16.6 serverless_enabled=False total_load=96.5 weights_after={'k3s': 100, 'knative': 0} weights_before={'k3s': 77, 'knative': 23}
2026-09-12 10:27:08 [info     ] Weights updated                k3s=100 knative=0
2026-09-12 10:27:08 [info     ] Weights updated                action=RECOVERY reason='load=97RPS | k8s_cap=100RPS | (reducing-serverless)' weights={'k3s': 100, 'knative': 0}
2026-09-12 10:27:08 [info     ] Scale readiness observed       elapsed_sec=15.1 ewma_delay=26.5 samples=6 target=6
2026-09-12 10:27:08 [info     ] algorithm2_scaling_decision    action=MAINTAIN alpha=0.060060060060060066 beta=0.0 buffer=1.0 current_replicas=6 predicted_load=102.31859486975867 required_resources=6.145 target_replicas=6
2026-09-12 10:27:08 [info     ] algorithm2_decision            action=MAINTAIN applied_target=6 current_replicas=6 hold_until=0.0 observed_load=102.32 observed_target=6 point_forecasts=None prediction_age_sec=None predictive_target=6 proactive=False scenario=s3-hybrid-reactive target_replicas=6 upper_forecasts=None
2026-09-12 10:27:08 [debug    ] Decision loop completed        action=RECOVERY latency_ms=130.16 p99=228.8063725490196
2026-09-12 10:27:23 [debug    ] HAProxy fallback latency       delta_requests=1195 interval_avg_ms=132.59 max_rtime_ms=2646.0 p99_est=265.19
2026-09-12 10:27:23 [info     ] algorithm2_scaling_decision    action=MAINTAIN alpha=0.060060060060060066 beta=0.0 buffer=1.0 current_replicas=6 predicted_load=87.7643274576007 required_resources=5.271 target_replicas=6
2026-09-12 10:27:23 [info     ] algorithm2_decision            action=MAINTAIN applied_target=6 current_replicas=6 hold_until=0.0 observed_load=87.76 observed_target=6 point_forecasts=None prediction_age_sec=None predictive_target=6 proactive=False scenario=s3-hybrid-reactive target_replicas=6 upper_forecasts=None
2026-09-12 10:27:23 [debug    ] Decision loop completed        action=MAINTAIN latency_ms=95.54 p99=265.1899581589958
2026-09-12 10:27:38 [info     ] algorithm2_scaling_decision    action=MAINTAIN alpha=0.060060060060060066 beta=0.0 buffer=1.0 current_replicas=6 predicted_load=70.39329047061793 required_resources=4.228 target_replicas=5
2026-09-12 10:27:38 [info     ] algorithm2_decision            action=MAINTAIN applied_target=5 current_replicas=6 hold_until=0.0 observed_load=70.39 observed_target=5 point_forecasts=None prediction_age_sec=None predictive_target=5 proactive=False scenario=s3-hybrid-reactive target_replicas=5 upper_forecasts=None
2026-09-12 10:27:38 [debug    ] Decision loop completed        action=MAINTAIN latency_ms=97.87 p99=265.1899581589958
2026-09-12 10:27:53 [info     ] algorithm2_scaling_decision    action=SCALE_DOWN alpha=0.060060060060060066 beta=0.0 buffer=1.0 current_replicas=6 predicted_load=54.11794651695563 required_resources=3.25 target_replicas=4
2026-09-12 10:27:53 [info     ] algorithm2_decision            action=SCALE_DOWN applied_target=4 current_replicas=6 hold_until=0.0 observed_load=54.12 observed_target=4 point_forecasts=None prediction_age_sec=None predictive_target=4 proactive=False scenario=s3-hybrid-reactive target_replicas=4 upper_forecasts=None
2026-09-12 10:27:53 [debug    ] Decision loop completed        action=MAINTAIN latency_ms=95.78 p99=265.1899581589958
2026-09-12 10:28:08 [debug    ] HAProxy fallback latency       delta_requests=657 interval_avg_ms=64.0 max_rtime_ms=2646.0 p99_est=128.0
2026-09-12 10:28:08 [info     ] algorithm2_scaling_decision    action=SCALE_DOWN alpha=0.060060060060060066 beta=0.0 buffer=1.0 current_replicas=6 predicted_load=44.97546193097179 required_resources=2.701 target_replicas=3
2026-09-12 10:28:08 [info     ] algorithm2_decision            action=SCALE_DOWN applied_target=3 current_replicas=6 hold_until=0.0 observed_load=44.98 observed_target=3 point_forecasts=None prediction_age_sec=None predictive_target=3 proactive=False scenario=s3-hybrid-reactive target_replicas=3 upper_forecasts=None
2026-09-12 10:28:08 [info     ] k8s_scale_executed             deployment=test-app-warm replicas=3
2026-09-12 10:28:08 [debug    ] Decision loop completed        action=MAINTAIN latency_ms=129.47 p99=128.0
2026-09-12 10:28:23 [debug    ] HAProxy fallback latency       delta_requests=669 interval_avg_ms=64.0 max_rtime_ms=2646.0 p99_est=128.0
2026-09-12 10:28:24 [info     ] algorithm2_scaling_decision    action=MAINTAIN alpha=0.060060060060060066 beta=0.0 buffer=1.0 current_replicas=3 predicted_load=43.83672218542948 required_resources=2.633 target_replicas=3
2026-09-12 10:28:24 [info     ] algorithm2_decision            action=MAINTAIN applied_target=3 current_replicas=3 hold_until=0.0 observed_load=43.84 observed_target=3 point_forecasts=None prediction_age_sec=None predictive_target=3 proactive=False scenario=s3-hybrid-reactive target_replicas=3 upper_forecasts=None
2026-09-12 10:28:24 [debug    ] Decision loop completed        action=MAINTAIN latency_ms=93.49 p99=128.0
2026-09-12 10:28:39 [debug    ] HAProxy fallback latency       delta_requests=768 interval_avg_ms=384.75 max_rtime_ms=2646.0 p99_est=769.5
2026-09-12 10:28:39 [warning  ] Knative pre-warm non-200       status=404
2026-09-12 10:28:39 [info     ] controller_decision_v3         action=REACTIVE available_replicas=3 budget_remaining=962 burn_adjustment=0 burst_ratio=0.0184 capacity_deficit=False confidence=0 current_load=50.8847203864706 decision_id=6c933f2c k8s_capacity=49.9 k8s_weight=98 knative_weight=2 p99=769.5 predicted_load=0 r_effective=16.6 serverless_enabled=True total_load=50.9 weights_after={'k3s': 98, 'knative': 2} weights_before={'k3s': 100, 'knative': 0}
2026-09-12 10:28:39 [info     ] Weights updated                k3s=98 knative=2
2026-09-12 10:28:39 [info     ] Weights updated                action=REACTIVE reason='load=51RPS | k8s_cap=50RPS | (burst-routing)' weights={'k3s': 98, 'knative': 2}
2026-09-12 10:28:39 [info     ] algorithm2_scaling_decision    action=MAINTAIN alpha=0.060060060060060066 beta=0.0 buffer=1.0 current_replicas=3 predicted_load=47.51869638675325 required_resources=2.854 target_replicas=3
2026-09-12 10:28:39 [info     ] algorithm2_decision            action=MAINTAIN applied_target=3 current_replicas=3 hold_until=0.0 observed_load=47.52 observed_target=3 point_forecasts=None prediction_age_sec=None predictive_target=3 proactive=False scenario=s3-hybrid-reactive target_replicas=3 upper_forecasts=None
2026-09-12 10:28:39 [debug    ] Decision loop completed        action=REACTIVE latency_ms=100.6 p99=769.5
2026-09-12 10:28:54 [debug    ] HAProxy fallback latency       delta_requests=855 interval_avg_ms=67.0 max_rtime_ms=2646.0 p99_est=134.0
2026-09-12 10:28:54 [info     ] controller_decision_v3         action=REACTIVE available_replicas=3 budget_remaining=962 burn_adjustment=0 burst_ratio=0.1178 capacity_deficit=False confidence=0 current_load=56.61846903332977 decision_id=b26ce79e k8s_capacity=49.9 k8s_weight=88 knative_weight=12 p99=134.0 predicted_load=0 r_effective=16.6 serverless_enabled=True total_load=56.6 weights_after={'k3s': 88, 'knative': 12} weights_before={'k3s': 98, 'knative': 2}
2026-09-12 10:28:54 [info     ] Weights updated                k3s=88 knative=12
2026-09-12 10:28:54 [info     ] Weights updated                action=REACTIVE reason='load=57RPS | k8s_cap=50RPS | (burst-routing)' weights={'k3s': 88, 'knative': 12}
2026-09-12 10:28:54 [info     ] algorithm2_scaling_decision    action=SCALE_UP alpha=0.060060060060060066 beta=0.0 buffer=1.0 current_replicas=3 predicted_load=53.75159470990018 required_resources=3.228 target_replicas=4
2026-09-12 10:28:54 [info     ] algorithm2_decision            action=SCALE_UP applied_target=4 current_replicas=3 hold_until=0.0 observed_load=53.75 observed_target=4 point_forecasts=None prediction_age_sec=None predictive_target=4 proactive=False scenario=s3-hybrid-reactive target_replicas=4 upper_forecasts=None
2026-09-12 10:28:54 [info     ] k8s_scale_executed             deployment=test-app-warm replicas=4
2026-09-12 10:28:54 [debug    ] Decision loop completed        action=REACTIVE latency_ms=132.27 p99=134.0
2026-09-12 10:29:09 [info     ] controller_decision_v3         action=RECOVERY available_replicas=4 budget_remaining=962 burn_adjustment=0 burst_ratio=0 capacity_deficit=False confidence=0 current_load=48.04286628920061 decision_id=3449c582 k8s_capacity=66.6 k8s_weight=100 knative_weight=0 p99=134.0 predicted_load=0 r_effective=16.6 serverless_enabled=False total_load=48.0 weights_after={'k3s': 100, 'knative': 0} weights_before={'k3s': 88, 'knative': 12}
2026-09-12 10:29:09 [info     ] Weights updated                k3s=100 knative=0
2026-09-12 10:29:09 [info     ] Weights updated                action=RECOVERY reason='load=48RPS | k8s_cap=67RPS | (reducing-serverless)' weights={'k3s': 100, 'knative': 0}
2026-09-12 10:29:09 [info     ] Scale readiness observed       elapsed_sec=15.1 ewma_delay=23.1 samples=7 target=4
2026-09-12 10:29:09 [info     ] algorithm2_scaling_decision    action=MAINTAIN alpha=0.060060060060060066 beta=0.0 buffer=1.0 current_replicas=4 predicted_load=52.33066766126519 required_resources=3.143 target_replicas=4
2026-09-12 10:29:09 [info     ] algorithm2_decision            action=MAINTAIN applied_target=4 current_replicas=4 hold_until=0.0 observed_load=52.33 observed_target=4 point_forecasts=None prediction_age_sec=None predictive_target=4 proactive=False scenario=s3-hybrid-reactive target_replicas=4 upper_forecasts=None
2026-09-12 10:29:09 [debug    ] Decision loop completed        action=RECOVERY latency_ms=133.22 p99=134.0
2026-09-12 10:29:24 [debug    ] HAProxy fallback latency       delta_requests=584 interval_avg_ms=66.0 max_rtime_ms=2646.0 p99_est=132.0
2026-09-12 10:29:24 [info     ] algorithm2_scaling_decision    action=MAINTAIN alpha=0.060060060060060066 beta=0.0 buffer=1.0 current_replicas=4 predicted_load=43.28278617536091 required_resources=2.6 target_replicas=3
2026-09-12 10:29:24 [info     ] algorithm2_decision            action=MAINTAIN applied_target=3 current_replicas=4 hold_until=0.0 observed_load=43.28 observed_target=3 point_forecasts=None prediction_age_sec=None predictive_target=3 proactive=False scenario=s3-hybrid-reactive target_replicas=3 upper_forecasts=None
2026-09-12 10:29:24 [debug    ] Decision loop completed        action=MAINTAIN latency_ms=95.53 p99=132.0
2026-09-12 10:29:39 [info     ] algorithm2_scaling_decision    action=MAINTAIN alpha=0.060060060060060066 beta=0.0 buffer=1.0 current_replicas=4 predicted_load=38.53912104582798 required_resources=2.315 target_replicas=3
2026-09-12 10:29:39 [info     ] algorithm2_decision            action=MAINTAIN applied_target=3 current_replicas=4 hold_until=0.0 observed_load=38.54 observed_target=3 point_forecasts=None prediction_age_sec=None predictive_target=3 proactive=False scenario=s3-hybrid-reactive target_replicas=3 upper_forecasts=None
2026-09-12 10:29:39 [debug    ] Decision loop completed        action=MAINTAIN latency_ms=98.59 p99=132.0
2026-09-12 10:29:54 [info     ] algorithm2_scaling_decision    action=MAINTAIN alpha=0.060060060060060066 beta=0.0 buffer=1.0 current_replicas=4 predicted_load=39.2790506313798 required_resources=2.359 target_replicas=3
2026-09-12 10:29:54 [info     ] algorithm2_decision            action=MAINTAIN applied_target=3 current_replicas=4 hold_until=0.0 observed_load=39.28 observed_target=3 point_forecasts=None prediction_age_sec=None predictive_target=3 proactive=False scenario=s3-hybrid-reactive target_replicas=3 upper_forecasts=None
2026-09-12 10:29:54 [debug    ] Decision loop completed        action=MAINTAIN latency_ms=97.66 p99=132.0
2026-09-12 10:30:09 [debug    ] HAProxy fallback latency       delta_requests=627 interval_avg_ms=64.0 max_rtime_ms=2646.0 p99_est=128.0
2026-09-12 10:30:09 [info     ] algorithm2_scaling_decision    action=MAINTAIN alpha=0.060060060060060066 beta=0.0 buffer=1.0 current_replicas=4 predicted_load=40.76641672305081 required_resources=2.448 target_replicas=3
2026-09-12 10:30:09 [info     ] algorithm2_decision            action=MAINTAIN applied_target=3 current_replicas=4 hold_until=0.0 observed_load=40.77 observed_target=3 point_forecasts=None prediction_age_sec=None predictive_target=3 proactive=False scenario=s3-hybrid-reactive target_replicas=3 upper_forecasts=None
2026-09-12 10:30:09 [debug    ] Decision loop completed        action=MAINTAIN latency_ms=95.39 p99=128.0
2026-09-12 10:30:24 [debug    ] HAProxy fallback latency       delta_requests=658 interval_avg_ms=64.0 max_rtime_ms=2646.0 p99_est=128.0
2026-09-12 10:30:24 [info     ] algorithm2_scaling_decision    action=MAINTAIN alpha=0.060060060060060066 beta=0.0 buffer=1.0 current_replicas=4 predicted_load=42.5925635931618 required_resources=2.558 target_replicas=3
2026-09-12 10:30:24 [info     ] algorithm2_decision            action=MAINTAIN applied_target=3 current_replicas=4 hold_until=0.0 observed_load=42.59 observed_target=3 point_forecasts=None prediction_age_sec=None predictive_target=3 proactive=False scenario=s3-hybrid-reactive target_replicas=3 upper_forecasts=None
2026-09-12 10:30:24 [debug    ] Decision loop completed        action=MAINTAIN latency_ms=99.29 p99=128.0
2026-09-12 10:30:39 [debug    ] HAProxy fallback latency       delta_requests=736 interval_avg_ms=301.73 max_rtime_ms=2646.0 p99_est=603.46
2026-09-12 10:30:39 [info     ] algorithm2_scaling_decision    action=MAINTAIN alpha=0.060060060060060066 beta=0.0 buffer=1.0 current_replicas=4 predicted_load=46.16514378396613 required_resources=2.773 target_replicas=3
2026-09-12 10:30:39 [info     ] algorithm2_decision            action=MAINTAIN applied_target=3 current_replicas=4 hold_until=0.0 observed_load=46.17 observed_target=3 point_forecasts=None prediction_age_sec=None predictive_target=3 proactive=False scenario=s3-hybrid-reactive target_replicas=3 upper_forecasts=None
2026-09-12 10:30:39 [debug    ] Decision loop completed        action=MAINTAIN latency_ms=99.44 p99=603.4565217391304
2026-09-12 10:30:55 [debug    ] HAProxy fallback latency       delta_requests=360 interval_avg_ms=66.0 max_rtime_ms=2646.0 p99_est=132.0
2026-09-12 10:30:55 [info     ] algorithm2_scaling_decision    action=MAINTAIN alpha=0.060060060060060066 beta=0.0 buffer=1.0 current_replicas=4 predicted_load=36.3242075956875 required_resources=2.182 target_replicas=3
2026-09-12 10:30:55 [info     ] algorithm2_decision            action=MAINTAIN applied_target=3 current_replicas=4 hold_until=0.0 observed_load=36.32 observed_target=3 point_forecasts=None prediction_age_sec=None predictive_target=3 proactive=False scenario=s3-hybrid-reactive target_replicas=3 upper_forecasts=None
2026-09-12 10:30:55 [debug    ] Decision loop completed        action=MAINTAIN latency_ms=97.62 p99=132.0
2026-09-12 10:31:10 [info     ] algorithm2_scaling_decision    action=MAINTAIN alpha=0.060060060060060066 beta=0.0 buffer=1.0 current_replicas=4 predicted_load=11.986493298144783 required_resources=0.72 target_replicas=3
2026-09-12 10:31:10 [info     ] algorithm2_decision            action=MAINTAIN applied_target=3 current_replicas=4 hold_until=0.0 observed_load=11.99 observed_target=3 point_forecasts=None prediction_age_sec=None predictive_target=3 proactive=False scenario=s3-hybrid-reactive target_replicas=3 upper_forecasts=None
2026-09-12 10:31:10 [debug    ] Decision loop completed        action=MAINTAIN latency_ms=97.84 p99=132.0
2026-09-12 10:31:25 [info     ] algorithm2_scaling_decision    action=MAINTAIN alpha=0.060060060060060066 beta=0.0 buffer=1.0 current_replicas=4 predicted_load=0.0 required_resources=0.0 target_replicas=3
2026-09-12 10:31:25 [info     ] algorithm2_decision            action=MAINTAIN applied_target=3 current_replicas=4 hold_until=0.0 observed_load=0.0 observed_target=3 point_forecasts=None prediction_age_sec=None predictive_target=3 proactive=False scenario=s3-hybrid-reactive target_replicas=3 upper_forecasts=None
2026-09-12 10:31:25 [debug    ] Decision loop completed        action=MAINTAIN latency_ms=94.21 p99=132.0
2026-09-12 10:31:40 [info     ] algorithm2_scaling_decision    action=MAINTAIN alpha=0.060060060060060066 beta=0.0 buffer=1.0 current_replicas=4 predicted_load=0.0 required_resources=0.0 target_replicas=3
2026-09-12 10:31:40 [info     ] algorithm2_decision            action=MAINTAIN applied_target=3 current_replicas=4 hold_until=0.0 observed_load=0.0 observed_target=3 point_forecasts=None prediction_age_sec=None predictive_target=3 proactive=False scenario=s3-hybrid-reactive target_replicas=3 upper_forecasts=None
2026-09-12 10:31:40 [debug    ] Decision loop completed        action=MAINTAIN latency_ms=95.97 p99=132.0
2026-09-12 10:31:48 [info     ] Received shutdown signal
2026-09-12 10:31:48 [info     ] Stopping routing daemon...
2026-09-12 10:31:48 [info     ] Routing daemon stopped
