2026-08-09 04:10:24 [info     ] SLOMonitor initialized         threshold_ms=200.0 violation_window=30
2026-08-09 04:10:24 [info     ] Algorithm1ControllerV3 initialized max_knative=50 r_saturation=33.3 target_cpu_util=0.5 total_budget=1000
2026-08-09 04:10:24 [info     ] Using V3 controller (Capacity-Driven) scenario=s3-hybrid-reactive version=v3
2026-08-09 04:10:24 [info     ] HAProxyWeightAdjuster initialized backend=servers host=localhost port=19999
2026-08-09 04:10:24 [info     ] GRUClient initialized          base_url=http://localhost:8090
2026-08-09 04:10:24 [info     ] K8sScaler initialized          deployment=test-app-warm namespace=default
2026-08-09 04:10:24 [info     ] RoutingDaemon initialized      decision_interval=15 description='Algorithm 1 reactive routing without predictions' scenario=s3-hybrid-reactive use_algorithm=True use_predictions=False
2026-08-09 04:10:24 [info     ] Starting routing daemon        interval=15 scenario=s3-hybrid-reactive
2026-08-09 04:10:24 [info     ] Weights updated                k3s=80 knative=20
2026-08-09 04:10:24 [info     ] Initial weights applied        k3s=80 knative=20
2026-08-09 04:10:24 [debug    ] HAProxy fallback primed        total_requests=0
2026-08-09 04:10:24 [info     ] algorithm2_scaling_decision    action=MAINTAIN alpha=0.060060060060060066 beta=0.0 buffer=1.0 current_replicas=3 predicted_load=0.0 required_resources=0.0 target_replicas=3
2026-08-09 04:10:24 [info     ] algorithm2_decision            action=MAINTAIN applied_target=3 current_replicas=3 hold_until=0.0 observed_load=0.0 observed_target=3 point_forecasts=None prediction_age_sec=None predictive_target=3 proactive=False scenario=s3-hybrid-reactive target_replicas=3 upper_forecasts=None
2026-08-09 04:10:24 [debug    ] Decision loop completed        action=MAINTAIN latency_ms=106.79 p99=0.0
2026-08-09 04:10:39 [info     ] algorithm2_scaling_decision    action=MAINTAIN alpha=0.060060060060060066 beta=0.0 buffer=1.0 current_replicas=3 predicted_load=0.0 required_resources=0.0 target_replicas=3
2026-08-09 04:10:39 [info     ] algorithm2_decision            action=MAINTAIN applied_target=3 current_replicas=3 hold_until=0.0 observed_load=0.0 observed_target=3 point_forecasts=None prediction_age_sec=None predictive_target=3 proactive=False scenario=s3-hybrid-reactive target_replicas=3 upper_forecasts=None
2026-08-09 04:10:39 [debug    ] Decision loop completed        action=MAINTAIN latency_ms=97.46 p99=0.0
2026-08-09 04:10:54 [info     ] algorithm2_scaling_decision    action=MAINTAIN alpha=0.060060060060060066 beta=0.0 buffer=1.0 current_replicas=3 predicted_load=0.0 required_resources=0.0 target_replicas=3
2026-08-09 04:10:54 [info     ] algorithm2_decision            action=MAINTAIN applied_target=3 current_replicas=3 hold_until=0.0 observed_load=0.0 observed_target=3 point_forecasts=None prediction_age_sec=None predictive_target=3 proactive=False scenario=s3-hybrid-reactive target_replicas=3 upper_forecasts=None
2026-08-09 04:10:54 [debug    ] Decision loop completed        action=MAINTAIN latency_ms=107.4 p99=0.0
2026-08-09 04:11:09 [debug    ] HAProxy fallback latency       delta_requests=639 interval_avg_ms=64.0 max_rtime_ms=79.0 p99_est=79.0
2026-08-09 04:11:09 [info     ] controller_decision_v3         action=RECOVERY available_replicas=3 budget_remaining=1000 burn_adjustment=0 burst_ratio=0 capacity_deficit=False confidence=0 current_load=42.166734193919666 decision_id=2aa6f286 k8s_capacity=49.9 k8s_weight=100 knative_weight=0 p99=79.0 predicted_load=0 r_effective=16.6 serverless_enabled=False total_load=42.2 weights_after={'k3s': 100, 'knative': 0} weights_before={'k3s': 80, 'knative': 20}
2026-08-09 04:11:09 [info     ] Weights updated                k3s=100 knative=0
2026-08-09 04:11:09 [info     ] Weights updated                action=RECOVERY reason='load=42RPS | k8s_cap=50RPS | (reducing-serverless)' weights={'k3s': 100, 'knative': 0}
2026-08-09 04:11:09 [info     ] algorithm2_scaling_decision    action=MAINTAIN alpha=0.060060060060060066 beta=0.0 buffer=1.0 current_replicas=3 predicted_load=21.083367096959833 required_resources=1.266 target_replicas=3
2026-08-09 04:11:09 [info     ] algorithm2_decision            action=MAINTAIN applied_target=3 current_replicas=3 hold_until=0.0 observed_load=21.08 observed_target=3 point_forecasts=None prediction_age_sec=None predictive_target=3 proactive=False scenario=s3-hybrid-reactive target_replicas=3 upper_forecasts=None
2026-08-09 04:11:09 [debug    ] Decision loop completed        action=RECOVERY latency_ms=140.58 p99=79.0
2026-08-09 04:11:24 [debug    ] HAProxy fallback latency       delta_requests=666 interval_avg_ms=64.0 max_rtime_ms=111.0 p99_est=111.0
2026-08-09 04:11:24 [info     ] algorithm2_scaling_decision    action=MAINTAIN alpha=0.060060060060060066 beta=0.0 buffer=1.0 current_replicas=3 predicted_load=43.07722571156127 required_resources=2.587 target_replicas=3
2026-08-09 04:11:24 [info     ] algorithm2_decision            action=MAINTAIN applied_target=3 current_replicas=3 hold_until=0.0 observed_load=43.08 observed_target=3 point_forecasts=None prediction_age_sec=None predictive_target=3 proactive=False scenario=s3-hybrid-reactive target_replicas=3 upper_forecasts=None
2026-08-09 04:11:24 [debug    ] Decision loop completed        action=MAINTAIN latency_ms=104.09 p99=111.0
2026-08-09 04:11:39 [debug    ] HAProxy fallback latency       delta_requests=715 interval_avg_ms=64.0 max_rtime_ms=111.0 p99_est=111.0
2026-08-09 04:11:39 [info     ] algorithm2_scaling_decision    action=MAINTAIN alpha=0.060060060060060066 beta=0.0 buffer=1.0 current_replicas=3 predicted_load=45.69541677067566 required_resources=2.744 target_replicas=3
2026-08-09 04:11:39 [info     ] algorithm2_decision            action=MAINTAIN applied_target=3 current_replicas=3 hold_until=0.0 observed_load=45.7 observed_target=3 point_forecasts=None prediction_age_sec=None predictive_target=3 proactive=False scenario=s3-hybrid-reactive target_replicas=3 upper_forecasts=None
2026-08-09 04:11:39 [debug    ] Decision loop completed        action=MAINTAIN latency_ms=108.1 p99=111.0
2026-08-09 04:11:54 [debug    ] HAProxy fallback latency       delta_requests=822 interval_avg_ms=67.46 max_rtime_ms=130.0 p99_est=130.0
2026-08-09 04:11:54 [info     ] Knative pre-warm OK            cold_start_ms=2.5
2026-08-09 04:11:54 [info     ] controller_decision_v3         action=REACTIVE available_replicas=3 budget_remaining=1000 burn_adjustment=0 burst_ratio=0.0808 capacity_deficit=False confidence=0 current_load=54.343390971231344 decision_id=2d774cb7 k8s_capacity=49.9 k8s_weight=91 knative_weight=9 p99=130.0 predicted_load=0 r_effective=16.6 serverless_enabled=True total_load=54.3 weights_after={'k3s': 91, 'knative': 9} weights_before={'k3s': 100, 'knative': 0}
2026-08-09 04:11:54 [info     ] Weights updated                k3s=91 knative=9
2026-08-09 04:11:54 [info     ] Weights updated                action=REACTIVE reason='load=54RPS | k8s_cap=50RPS | (burst-routing)' weights={'k3s': 91, 'knative': 9}
2026-08-09 04:11:54 [info     ] algorithm2_scaling_decision    action=SCALE_UP alpha=0.060060060060060066 beta=0.0 buffer=1.0 current_replicas=3 predicted_load=50.8732536416899 required_resources=3.055 target_replicas=4
2026-08-09 04:11:54 [info     ] algorithm2_decision            action=SCALE_UP applied_target=4 current_replicas=3 hold_until=0.0 observed_load=50.87 observed_target=4 point_forecasts=None prediction_age_sec=None predictive_target=4 proactive=False scenario=s3-hybrid-reactive target_replicas=4 upper_forecasts=None
2026-08-09 04:11:54 [info     ] k8s_scale_executed             deployment=test-app-warm replicas=4
2026-08-09 04:11:54 [debug    ] Decision loop completed        action=REACTIVE latency_ms=144.74 p99=130.0
2026-08-09 04:12:09 [debug    ] HAProxy fallback latency       delta_requests=770 interval_avg_ms=65.0 max_rtime_ms=130.0 p99_est=130.0
2026-08-09 04:12:09 [info     ] controller_decision_v3         action=RECOVERY available_replicas=4 budget_remaining=1000 burn_adjustment=0 burst_ratio=0 capacity_deficit=False confidence=0 current_load=50.84188127364214 decision_id=cc3fc71c k8s_capacity=66.6 k8s_weight=100 knative_weight=0 p99=130.0 predicted_load=0 r_effective=16.6 serverless_enabled=False total_load=50.8 weights_after={'k3s': 100, 'knative': 0} weights_before={'k3s': 91, 'knative': 9}
2026-08-09 04:12:09 [info     ] Weights updated                k3s=100 knative=0
2026-08-09 04:12:09 [info     ] Weights updated                action=RECOVERY reason='load=51RPS | k8s_cap=67RPS | (reducing-serverless)' weights={'k3s': 100, 'knative': 0}
2026-08-09 04:12:10 [info     ] Scale readiness observed       elapsed_sec=15.1 ewma_delay=46.5 samples=1 target=4
2026-08-09 04:12:10 [info     ] algorithm2_scaling_decision    action=MAINTAIN alpha=0.060060060060060066 beta=0.0 buffer=1.0 current_replicas=4 predicted_load=52.592636122436744 required_resources=3.159 target_replicas=4
2026-08-09 04:12:10 [info     ] algorithm2_decision            action=MAINTAIN applied_target=4 current_replicas=4 hold_until=0.0 observed_load=52.59 observed_target=4 point_forecasts=None prediction_age_sec=None predictive_target=4 proactive=False scenario=s3-hybrid-reactive target_replicas=4 upper_forecasts=None
2026-08-09 04:12:10 [debug    ] Decision loop completed        action=RECOVERY latency_ms=137.13 p99=130.0
2026-08-09 04:12:25 [debug    ] HAProxy fallback latency       delta_requests=548 interval_avg_ms=72.59 max_rtime_ms=130.0 p99_est=130.0
2026-08-09 04:12:25 [info     ] algorithm2_scaling_decision    action=MAINTAIN alpha=0.060060060060060066 beta=0.0 buffer=1.0 current_replicas=4 predicted_load=43.55467376381261 required_resources=2.616 target_replicas=3
2026-08-09 04:12:25 [info     ] algorithm2_decision            action=MAINTAIN applied_target=3 current_replicas=4 hold_until=0.0 observed_load=43.55 observed_target=3 point_forecasts=None prediction_age_sec=None predictive_target=3 proactive=False scenario=s3-hybrid-reactive target_replicas=3 upper_forecasts=None
2026-08-09 04:12:25 [debug    ] Decision loop completed        action=MAINTAIN latency_ms=104.9 p99=130.0
2026-08-09 04:12:40 [debug    ] HAProxy fallback latency       delta_requests=411 interval_avg_ms=66.0 max_rtime_ms=130.0 p99_est=130.0
2026-08-09 04:12:40 [info     ] algorithm2_scaling_decision    action=MAINTAIN alpha=0.060060060060060066 beta=0.0 buffer=1.0 current_replicas=4 predicted_load=31.738905611760707 required_resources=1.906 target_replicas=3
2026-08-09 04:12:40 [info     ] algorithm2_decision            action=MAINTAIN applied_target=3 current_replicas=4 hold_until=0.0 observed_load=31.74 observed_target=3 point_forecasts=None prediction_age_sec=None predictive_target=3 proactive=False scenario=s3-hybrid-reactive target_replicas=3 upper_forecasts=None
2026-08-09 04:12:40 [debug    ] Decision loop completed        action=MAINTAIN latency_ms=101.16 p99=130.0
2026-08-09 04:12:55 [debug    ] HAProxy fallback latency       delta_requests=357 interval_avg_ms=66.0 max_rtime_ms=130.0 p99_est=130.0
2026-08-09 04:12:55 [info     ] algorithm2_scaling_decision    action=MAINTAIN alpha=0.060060060060060066 beta=0.0 buffer=1.0 current_replicas=4 predicted_load=25.424536113606774 required_resources=1.527 target_replicas=3
2026-08-09 04:12:55 [info     ] algorithm2_decision            action=MAINTAIN applied_target=3 current_replicas=4 hold_until=0.0 observed_load=25.42 observed_target=3 point_forecasts=None prediction_age_sec=None predictive_target=3 proactive=False scenario=s3-hybrid-reactive target_replicas=3 upper_forecasts=None
2026-08-09 04:12:55 [debug    ] Decision loop completed        action=MAINTAIN latency_ms=107.0 p99=130.0
2026-08-09 04:13:10 [debug    ] HAProxy fallback latency       delta_requests=484 interval_avg_ms=66.0 max_rtime_ms=130.0 p99_est=130.0
2026-08-09 04:13:10 [info     ] algorithm2_scaling_decision    action=MAINTAIN alpha=0.060060060060060066 beta=0.0 buffer=1.0 current_replicas=4 predicted_load=27.805988028323824 required_resources=1.67 target_replicas=3
2026-08-09 04:13:10 [info     ] algorithm2_decision            action=MAINTAIN applied_target=3 current_replicas=4 hold_until=0.0 observed_load=27.81 observed_target=3 point_forecasts=None prediction_age_sec=None predictive_target=3 proactive=False scenario=s3-hybrid-reactive target_replicas=3 upper_forecasts=None
2026-08-09 04:13:10 [debug    ] Decision loop completed        action=MAINTAIN latency_ms=101.88 p99=130.0
2026-08-09 04:13:25 [debug    ] HAProxy fallback latency       delta_requests=772 interval_avg_ms=66.0 max_rtime_ms=154.0 p99_est=132.0
2026-08-09 04:13:25 [info     ] algorithm2_scaling_decision    action=MAINTAIN alpha=0.060060060060060066 beta=0.0 buffer=1.0 current_replicas=4 predicted_load=41.5468534612594 required_resources=2.495 target_replicas=3
2026-08-09 04:13:25 [info     ] algorithm2_decision            action=MAINTAIN applied_target=3 current_replicas=4 hold_until=0.0 observed_load=41.55 observed_target=3 point_forecasts=None prediction_age_sec=None predictive_target=3 proactive=False scenario=s3-hybrid-reactive target_replicas=3 upper_forecasts=None
2026-08-09 04:13:25 [debug    ] Decision loop completed        action=MAINTAIN latency_ms=98.31 p99=132.0
2026-08-09 04:13:40 [debug    ] HAProxy fallback latency       delta_requests=812 interval_avg_ms=66.0 max_rtime_ms=154.0 p99_est=132.0
2026-08-09 04:13:40 [info     ] algorithm2_scaling_decision    action=MAINTAIN alpha=0.060060060060060066 beta=0.0 buffer=1.0 current_replicas=4 predicted_load=52.44954849595166 required_resources=3.15 target_replicas=4
2026-08-09 04:13:40 [info     ] algorithm2_decision            action=MAINTAIN applied_target=4 current_replicas=4 hold_until=0.0 observed_load=52.45 observed_target=4 point_forecasts=None prediction_age_sec=None predictive_target=4 proactive=False scenario=s3-hybrid-reactive target_replicas=4 upper_forecasts=None
2026-08-09 04:13:40 [debug    ] Decision loop completed        action=MAINTAIN latency_ms=101.49 p99=132.0
2026-08-09 04:13:55 [debug    ] HAProxy fallback latency       delta_requests=638 interval_avg_ms=54.03 max_rtime_ms=154.0 p99_est=108.07
2026-08-09 04:13:55 [info     ] algorithm2_scaling_decision    action=MAINTAIN alpha=0.060060060060060066 beta=0.0 buffer=1.0 current_replicas=4 predicted_load=48.01289941186424 required_resources=2.884 target_replicas=3
2026-08-09 04:13:55 [info     ] algorithm2_decision            action=MAINTAIN applied_target=3 current_replicas=4 hold_until=0.0 observed_load=48.01 observed_target=3 point_forecasts=None prediction_age_sec=None predictive_target=3 proactive=False scenario=s3-hybrid-reactive target_replicas=3 upper_forecasts=None
2026-08-09 04:13:55 [debug    ] Decision loop completed        action=MAINTAIN latency_ms=99.66 p99=108.06896551724138
2026-08-09 04:14:10 [debug    ] HAProxy fallback latency       delta_requests=655 interval_avg_ms=77.65 max_rtime_ms=154.0 p99_est=154.0
2026-08-09 04:14:10 [info     ] algorithm2_scaling_decision    action=MAINTAIN alpha=0.060060060060060066 beta=0.0 buffer=1.0 current_replicas=4 predicted_load=42.81268963434519 required_resources=2.571 target_replicas=3
2026-08-09 04:14:10 [info     ] algorithm2_decision            action=MAINTAIN applied_target=3 current_replicas=4 hold_until=0.0 observed_load=42.81 observed_target=3 point_forecasts=None prediction_age_sec=None predictive_target=3 proactive=False scenario=s3-hybrid-reactive target_replicas=3 upper_forecasts=None
2026-08-09 04:14:10 [debug    ] Decision loop completed        action=MAINTAIN latency_ms=99.32 p99=154.0
2026-08-09 04:14:25 [debug    ] HAProxy fallback latency       delta_requests=829 interval_avg_ms=66.0 max_rtime_ms=154.0 p99_est=132.0
2026-08-09 04:14:25 [info     ] algorithm2_scaling_decision    action=MAINTAIN alpha=0.060060060060060066 beta=0.0 buffer=1.0 current_replicas=4 predicted_load=49.14099962911088 required_resources=2.951 target_replicas=3
2026-08-09 04:14:25 [info     ] algorithm2_decision            action=MAINTAIN applied_target=3 current_replicas=4 hold_until=0.0 observed_load=49.14 observed_target=3 point_forecasts=None prediction_age_sec=None predictive_target=3 proactive=False scenario=s3-hybrid-reactive target_replicas=3 upper_forecasts=None
2026-08-09 04:14:25 [debug    ] Decision loop completed        action=MAINTAIN latency_ms=103.57 p99=132.0
2026-08-09 04:14:40 [debug    ] HAProxy fallback latency       delta_requests=915 interval_avg_ms=44.07 max_rtime_ms=154.0 p99_est=88.14
2026-08-09 04:14:41 [info     ] algorithm2_scaling_decision    action=MAINTAIN alpha=0.060060060060060066 beta=0.0 buffer=1.0 current_replicas=4 predicted_load=57.74275372314506 required_resources=3.468 target_replicas=4
2026-08-09 04:14:41 [info     ] algorithm2_decision            action=MAINTAIN applied_target=4 current_replicas=4 hold_until=0.0 observed_load=57.74 observed_target=4 point_forecasts=None prediction_age_sec=None predictive_target=4 proactive=False scenario=s3-hybrid-reactive target_replicas=4 upper_forecasts=None
2026-08-09 04:14:41 [debug    ] Decision loop completed        action=MAINTAIN latency_ms=101.67 p99=88.13989071038252
2026-08-09 04:14:56 [debug    ] HAProxy fallback latency       delta_requests=930 interval_avg_ms=64.0 max_rtime_ms=154.0 p99_est=128.0
2026-08-09 04:14:56 [info     ] algorithm2_scaling_decision    action=MAINTAIN alpha=0.060060060060060066 beta=0.0 buffer=1.0 current_replicas=4 predicted_load=61.082281332040054 required_resources=3.669 target_replicas=4
2026-08-09 04:14:56 [info     ] algorithm2_decision            action=MAINTAIN applied_target=4 current_replicas=4 hold_until=0.0 observed_load=61.08 observed_target=4 point_forecasts=None prediction_age_sec=None predictive_target=4 proactive=False scenario=s3-hybrid-reactive target_replicas=4 upper_forecasts=None
2026-08-09 04:14:56 [debug    ] Decision loop completed        action=MAINTAIN latency_ms=106.4 p99=128.0
2026-08-09 04:15:11 [debug    ] HAProxy fallback latency       delta_requests=1002 interval_avg_ms=99.82 max_rtime_ms=154.0 p99_est=154.0
2026-08-09 04:15:11 [info     ] algorithm2_scaling_decision    action=MAINTAIN alpha=0.060060060060060066 beta=0.0 buffer=1.0 current_replicas=4 predicted_load=63.954242294831595 required_resources=3.841 target_replicas=4
2026-08-09 04:15:11 [info     ] algorithm2_decision            action=MAINTAIN applied_target=4 current_replicas=4 hold_until=0.0 observed_load=63.95 observed_target=4 point_forecasts=None prediction_age_sec=None predictive_target=4 proactive=False scenario=s3-hybrid-reactive target_replicas=4 upper_forecasts=None
2026-08-09 04:15:11 [debug    ] Decision loop completed        action=MAINTAIN latency_ms=101.41 p99=154.0
2026-08-09 04:15:26 [debug    ] HAProxy fallback latency       delta_requests=1117 interval_avg_ms=55.29 max_rtime_ms=154.0 p99_est=110.58
2026-08-09 04:15:26 [info     ] Knative pre-warm OK            cold_start_ms=2.9
2026-08-09 04:15:26 [info     ] controller_decision_v3         action=REACTIVE available_replicas=4 budget_remaining=1000 burn_adjustment=0 burst_ratio=0.0988 capacity_deficit=False confidence=0 current_load=73.90095626713565 decision_id=85ed615b k8s_capacity=66.6 k8s_weight=90 knative_weight=10 p99=110.6 predicted_load=0 r_effective=16.6 serverless_enabled=True total_load=73.9 weights_after={'k3s': 90, 'knative': 10} weights_before={'k3s': 100, 'knative': 0}
2026-08-09 04:15:26 [info     ] Weights updated                k3s=90 knative=10
2026-08-09 04:15:26 [info     ] Weights updated                action=REACTIVE reason='load=74RPS | k8s_cap=67RPS | (burst-routing)' weights={'k3s': 90, 'knative': 10}
2026-08-09 04:15:26 [info     ] algorithm2_scaling_decision    action=SCALE_UP alpha=0.060060060060060066 beta=0.0 buffer=1.0 current_replicas=4 predicted_load=70.11330284705298 required_resources=4.211 target_replicas=5
2026-08-09 04:15:26 [info     ] algorithm2_decision            action=SCALE_UP applied_target=5 current_replicas=4 hold_until=0.0 observed_load=70.11 observed_target=5 point_forecasts=None prediction_age_sec=None predictive_target=5 proactive=False scenario=s3-hybrid-reactive target_replicas=5 upper_forecasts=None
2026-08-09 04:15:26 [info     ] k8s_scale_executed             deployment=test-app-warm replicas=5
2026-08-09 04:15:26 [debug    ] Decision loop completed        action=REACTIVE latency_ms=150.59 p99=110.57654431512981
2026-08-09 04:15:41 [debug    ] HAProxy fallback latency       delta_requests=1275 interval_avg_ms=77.26 max_rtime_ms=154.0 p99_est=154.0
2026-08-09 04:15:41 [info     ] controller_decision_v3         action=RECOVERY available_replicas=5 budget_remaining=1000 burn_adjustment=0 burst_ratio=0.0107 capacity_deficit=False confidence=0 current_load=84.15449521773495 decision_id=a27c5ea0 k8s_capacity=83.2 k8s_weight=98 knative_weight=2 p99=154.0 predicted_load=0 r_effective=16.6 serverless_enabled=True total_load=84.2 weights_after={'k3s': 98, 'knative': 2} weights_before={'k3s': 90, 'knative': 10}
2026-08-09 04:15:41 [info     ] Weights updated                k3s=98 knative=2
2026-08-09 04:15:41 [info     ] Weights updated                action=RECOVERY reason='load=84RPS | k8s_cap=83RPS | (reducing-serverless)' weights={'k3s': 98, 'knative': 2}
2026-08-09 04:15:41 [info     ] Scale readiness observed       elapsed_sec=15.1 ewma_delay=37.1 samples=2 target=5
2026-08-09 04:15:41 [info     ] algorithm2_scaling_decision    action=MAINTAIN alpha=0.060060060060060066 beta=0.0 buffer=1.0 current_replicas=5 predicted_load=79.02772574243531 required_resources=4.746 target_replicas=5
2026-08-09 04:15:41 [info     ] algorithm2_decision            action=MAINTAIN applied_target=5 current_replicas=5 hold_until=0.0 observed_load=79.03 observed_target=5 point_forecasts=None prediction_age_sec=None predictive_target=5 proactive=False scenario=s3-hybrid-reactive target_replicas=5 upper_forecasts=None
2026-08-09 04:15:41 [debug    ] Decision loop completed        action=RECOVERY latency_ms=140.4 p99=154.0
2026-08-09 04:15:56 [debug    ] HAProxy fallback latency       delta_requests=1458 interval_avg_ms=67.0 max_rtime_ms=154.0 p99_est=134.0
2026-08-09 04:15:56 [info     ] controller_decision_v3         action=REACTIVE available_replicas=5 budget_remaining=1000 burn_adjustment=0 burst_ratio=0.1349 capacity_deficit=False confidence=0 current_load=96.2328633690388 decision_id=8cecc808 k8s_capacity=83.2 k8s_weight=86 knative_weight=14 p99=134.0 predicted_load=0 r_effective=16.6 serverless_enabled=True total_load=96.2 weights_after={'k3s': 86, 'knative': 14} weights_before={'k3s': 98, 'knative': 2}
2026-08-09 04:15:56 [info     ] Weights updated                k3s=86 knative=14
2026-08-09 04:15:56 [info     ] Weights updated                action=REACTIVE reason='load=96RPS | k8s_cap=83RPS | (burst-routing)' weights={'k3s': 86, 'knative': 14}
2026-08-09 04:15:56 [info     ] algorithm2_scaling_decision    action=SCALE_UP alpha=0.060060060060060066 beta=0.0 buffer=1.0 current_replicas=5 predicted_load=90.19367929338688 required_resources=5.417 target_replicas=6
2026-08-09 04:15:56 [info     ] algorithm2_decision            action=SCALE_UP applied_target=6 current_replicas=5 hold_until=0.0 observed_load=90.19 observed_target=6 point_forecasts=None prediction_age_sec=None predictive_target=6 proactive=False scenario=s3-hybrid-reactive target_replicas=6 upper_forecasts=None
2026-08-09 04:15:56 [info     ] k8s_scale_executed             deployment=test-app-warm replicas=6
2026-08-09 04:15:56 [debug    ] Decision loop completed        action=REACTIVE latency_ms=144.13 p99=134.0
2026-08-09 04:16:11 [debug    ] HAProxy fallback latency       delta_requests=1669 interval_avg_ms=87.95 max_rtime_ms=156.0 p99_est=156.0
2026-08-09 04:16:11 [info     ] controller_decision_v3         action=REACTIVE available_replicas=5 budget_remaining=1000 burn_adjustment=0 burst_ratio=0.2446 capacity_deficit=False confidence=0 current_load=110.20146827227255 decision_id=7082e339 k8s_capacity=83.2 k8s_weight=75 knative_weight=25 p99=156.0 predicted_load=0 r_effective=16.6 serverless_enabled=True total_load=110.2 weights_after={'k3s': 75, 'knative': 25} weights_before={'k3s': 86, 'knative': 14}
2026-08-09 04:16:11 [info     ] Weights updated                k3s=75 knative=25
2026-08-09 04:16:11 [info     ] Weights updated                action=REACTIVE reason='load=110RPS | k8s_cap=83RPS | (burst-routing)' weights={'k3s': 75, 'knative': 25}
2026-08-09 04:16:11 [info     ] algorithm2_scaling_decision    action=SCALE_UP alpha=0.060060060060060066 beta=0.0 buffer=1.0 current_replicas=6 predicted_load=103.21716582065568 required_resources=6.199 target_replicas=7
2026-08-09 04:16:11 [info     ] algorithm2_decision            action=SCALE_UP applied_target=7 current_replicas=6 hold_until=0.0 observed_load=103.22 observed_target=7 point_forecasts=None prediction_age_sec=None predictive_target=7 proactive=False scenario=s3-hybrid-reactive target_replicas=7 upper_forecasts=None
2026-08-09 04:16:11 [info     ] k8s_scale_executed             deployment=test-app-warm replicas=7
2026-08-09 04:16:11 [debug    ] Decision loop completed        action=REACTIVE latency_ms=143.3 p99=156.0
2026-08-09 04:16:26 [debug    ] HAProxy fallback latency       delta_requests=1893 interval_avg_ms=79.24 max_rtime_ms=156.0 p99_est=156.0
2026-08-09 04:16:26 [info     ] controller_decision_v3         action=REACTIVE available_replicas=5 budget_remaining=1000 burn_adjustment=0 burst_ratio=0.3341 capacity_deficit=False confidence=0 current_load=125.00970417221922 decision_id=70d7fcb5 k8s_capacity=83.2 k8s_weight=66 knative_weight=34 p99=156.0 predicted_load=0 r_effective=16.6 serverless_enabled=True total_load=125.0 weights_after={'k3s': 66, 'knative': 34} weights_before={'k3s': 75, 'knative': 25}
2026-08-09 04:16:26 [info     ] Weights updated                k3s=66 knative=34
2026-08-09 04:16:26 [info     ] Weights updated                action=REACTIVE reason='load=125RPS | k8s_cap=83RPS | (burst-routing)' weights={'k3s': 66, 'knative': 34}
2026-08-09 04:16:26 [info     ] algorithm2_scaling_decision    action=SCALE_UP alpha=0.060060060060060066 beta=0.0 buffer=1.0 current_replicas=7 predicted_load=117.60558622224588 required_resources=7.063 target_replicas=8
2026-08-09 04:16:26 [info     ] algorithm2_decision            action=SCALE_UP applied_target=8 current_replicas=7 hold_until=0.0 observed_load=117.61 observed_target=8 point_forecasts=None prediction_age_sec=None predictive_target=8 proactive=False scenario=s3-hybrid-reactive target_replicas=8 upper_forecasts=None
2026-08-09 04:16:26 [info     ] k8s_scale_executed             deployment=test-app-warm replicas=8
2026-08-09 04:16:26 [debug    ] Decision loop completed        action=REACTIVE latency_ms=140.29 p99=156.0
2026-08-09 04:16:41 [debug    ] HAProxy fallback latency       delta_requests=1724 interval_avg_ms=33.28 max_rtime_ms=156.0 p99_est=66.56
2026-08-09 04:16:42 [info     ] controller_decision_v3         action=RECOVERY available_replicas=5 budget_remaining=1000 burn_adjustment=0 burst_ratio=0.2693 capacity_deficit=False confidence=0 current_load=113.93809101400993 decision_id=71bb1a66 k8s_capacity=83.2 k8s_weight=73 knative_weight=27 p99=66.6 predicted_load=0 r_effective=16.6 serverless_enabled=True total_load=113.9 weights_after={'k3s': 73, 'knative': 27} weights_before={'k3s': 66, 'knative': 34}
2026-08-09 04:16:42 [info     ] Weights updated                k3s=73 knative=27
2026-08-09 04:16:42 [info     ] Weights updated                action=RECOVERY reason='load=114RPS | k8s_cap=83RPS | (reducing-serverless)' weights={'k3s': 73, 'knative': 27}
2026-08-09 04:16:42 [info     ] algorithm2_scaling_decision    action=MAINTAIN alpha=0.060060060060060066 beta=0.0 buffer=1.0 current_replicas=8 predicted_load=119.47389759311457 required_resources=7.176 target_replicas=8
2026-08-09 04:16:42 [info     ] algorithm2_decision            action=MAINTAIN applied_target=8 current_replicas=8 hold_until=0.0 observed_load=119.47 observed_target=8 point_forecasts=None prediction_age_sec=None predictive_target=8 proactive=False scenario=s3-hybrid-reactive target_replicas=8 upper_forecasts=None
2026-08-09 04:16:42 [debug    ] Decision loop completed        action=RECOVERY latency_ms=139.5 p99=66.56264501160094
2026-08-09 04:16:57 [debug    ] HAProxy fallback latency       delta_requests=1316 interval_avg_ms=32.93 max_rtime_ms=156.0 p99_est=65.86
2026-08-09 04:16:57 [info     ] controller_decision_v3         action=RECOVERY available_replicas=5 budget_remaining=1000 burn_adjustment=0 burst_ratio=0.0422 capacity_deficit=False confidence=0 current_load=86.91833988848755 decision_id=ba57bd01 k8s_capacity=83.2 k8s_weight=95 knative_weight=5 p99=65.9 predicted_load=0 r_effective=16.6 serverless_enabled=True total_load=86.9 weights_after={'k3s': 95, 'knative': 5} weights_before={'k3s': 73, 'knative': 27}
2026-08-09 04:16:57 [info     ] Weights updated                k3s=95 knative=5
2026-08-09 04:16:57 [info     ] Weights updated                action=RECOVERY reason='load=87RPS | k8s_cap=83RPS | (reducing-serverless)' weights={'k3s': 95, 'knative': 5}
2026-08-09 04:16:57 [info     ] algorithm2_scaling_decision    action=MAINTAIN alpha=0.060060060060060066 beta=0.0 buffer=1.0 current_replicas=8 predicted_load=100.42821545124875 required_resources=6.032 target_replicas=7
2026-08-09 04:16:57 [info     ] algorithm2_decision            action=MAINTAIN applied_target=7 current_replicas=8 hold_until=0.0 observed_load=100.43 observed_target=7 point_forecasts=None prediction_age_sec=None predictive_target=7 proactive=False scenario=s3-hybrid-reactive target_replicas=7 upper_forecasts=None
2026-08-09 04:16:57 [debug    ] Decision loop completed        action=RECOVERY latency_ms=138.28 p99=65.86322188449849
2026-08-09 04:17:12 [debug    ] HAProxy fallback latency       delta_requests=1131 interval_avg_ms=65.0 max_rtime_ms=156.0 p99_est=130.0
2026-08-09 04:17:12 [info     ] controller_decision_v3         action=RECOVERY available_replicas=5 budget_remaining=1000 burn_adjustment=0 burst_ratio=0 capacity_deficit=False confidence=0 current_load=74.71198232221735 decision_id=58af366c k8s_capacity=83.2 k8s_weight=100 knative_weight=0 p99=130.0 predicted_load=0 r_effective=16.6 serverless_enabled=False total_load=74.7 weights_after={'k3s': 100, 'knative': 0} weights_before={'k3s': 95, 'knative': 5}
2026-08-09 04:17:12 [info     ] Weights updated                k3s=100 knative=0
2026-08-09 04:17:12 [info     ] Weights updated                action=RECOVERY reason='load=75RPS | k8s_cap=83RPS | (reducing-serverless)' weights={'k3s': 100, 'knative': 0}
2026-08-09 04:17:12 [info     ] algorithm2_scaling_decision    action=SCALE_DOWN alpha=0.060060060060060066 beta=0.0 buffer=1.0 current_replicas=8 predicted_load=80.81516110535244 required_resources=4.854 target_replicas=5
2026-08-09 04:17:12 [info     ] algorithm2_decision            action=SCALE_DOWN applied_target=5 current_replicas=8 hold_until=0.0 observed_load=80.82 observed_target=5 point_forecasts=None prediction_age_sec=None predictive_target=5 proactive=False scenario=s3-hybrid-reactive target_replicas=5 upper_forecasts=None
2026-08-09 04:17:12 [info     ] k8s_scale_executed             deployment=test-app-warm replicas=5
2026-08-09 04:17:12 [debug    ] Decision loop completed        action=RECOVERY latency_ms=172.56 p99=130.0
2026-08-09 04:17:27 [debug    ] HAProxy fallback latency       delta_requests=1078 interval_avg_ms=65.0 max_rtime_ms=156.0 p99_est=130.0
2026-08-09 04:17:27 [info     ] algorithm2_scaling_decision    action=MAINTAIN alpha=0.060060060060060066 beta=0.0 buffer=1.0 current_replicas=5 predicted_load=72.91424177263005 required_resources=4.379 target_replicas=5
2026-08-09 04:17:27 [info     ] algorithm2_decision            action=MAINTAIN applied_target=5 current_replicas=5 hold_until=0.0 observed_load=72.91 observed_target=5 point_forecasts=None prediction_age_sec=None predictive_target=5 proactive=False scenario=s3-hybrid-reactive target_replicas=5 upper_forecasts=None
2026-08-09 04:17:27 [debug    ] Decision loop completed        action=MAINTAIN latency_ms=100.0 p99=130.0
2026-08-09 04:17:42 [debug    ] HAProxy fallback latency       delta_requests=945 interval_avg_ms=65.0 max_rtime_ms=156.0 p99_est=130.0
2026-08-09 04:17:42 [info     ] algorithm2_scaling_decision    action=MAINTAIN alpha=0.060060060060060066 beta=0.0 buffer=1.0 current_replicas=5 predicted_load=66.84773503970271 required_resources=4.015 target_replicas=5
2026-08-09 04:17:42 [info     ] algorithm2_decision            action=MAINTAIN applied_target=5 current_replicas=5 hold_until=0.0 observed_load=66.85 observed_target=5 point_forecasts=None prediction_age_sec=None predictive_target=5 proactive=False scenario=s3-hybrid-reactive target_replicas=5 upper_forecasts=None
2026-08-09 04:17:42 [debug    ] Decision loop completed        action=MAINTAIN latency_ms=107.62 p99=130.0
2026-08-09 04:17:57 [debug    ] HAProxy fallback latency       delta_requests=793 interval_avg_ms=65.0 max_rtime_ms=156.0 p99_est=130.0
2026-08-09 04:17:57 [info     ] algorithm2_scaling_decision    action=MAINTAIN alpha=0.060060060060060066 beta=0.0 buffer=1.0 current_replicas=5 predicted_load=57.53554601540185 required_resources=3.456 target_replicas=4
2026-08-09 04:17:57 [info     ] algorithm2_decision            action=MAINTAIN applied_target=4 current_replicas=5 hold_until=0.0 observed_load=57.54 observed_target=4 point_forecasts=None prediction_age_sec=None predictive_target=4 proactive=False scenario=s3-hybrid-reactive target_replicas=4 upper_forecasts=None
2026-08-09 04:17:57 [debug    ] Decision loop completed        action=MAINTAIN latency_ms=108.56 p99=130.0
2026-08-09 04:18:12 [debug    ] HAProxy fallback latency       delta_requests=1197 interval_avg_ms=111.05 max_rtime_ms=156.0 p99_est=156.0
2026-08-09 04:18:12 [info     ] algorithm2_scaling_decision    action=MAINTAIN alpha=0.060060060060060066 beta=0.0 buffer=1.0 current_replicas=5 predicted_load=65.8255739424988 required_resources=3.953 target_replicas=4
2026-08-09 04:18:12 [info     ] algorithm2_decision            action=MAINTAIN applied_target=4 current_replicas=5 hold_until=0.0 observed_load=65.83 observed_target=4 point_forecasts=None prediction_age_sec=None predictive_target=4 proactive=False scenario=s3-hybrid-reactive target_replicas=4 upper_forecasts=None
2026-08-09 04:18:12 [debug    ] Decision loop completed        action=MAINTAIN latency_ms=102.74 p99=156.0
2026-08-09 04:18:27 [debug    ] HAProxy fallback latency       delta_requests=1868 interval_avg_ms=618.4 max_rtime_ms=306.0 p99_est=306.0
2026-08-09 04:18:27 [info     ] Knative pre-warm OK            cold_start_ms=2.4
2026-08-09 04:18:27 [info     ] controller_decision_v3         action=REACTIVE available_replicas=5 budget_remaining=999 burn_adjustment=0 burst_ratio=0.3265 capacity_deficit=False confidence=0 current_load=123.61625398291939 decision_id=8c744fd6 k8s_capacity=83.2 k8s_weight=67 knative_weight=33 p99=306.0 predicted_load=0 r_effective=16.6 serverless_enabled=True total_load=123.6 weights_after={'k3s': 67, 'knative': 33} weights_before={'k3s': 100, 'knative': 0}
2026-08-09 04:18:27 [info     ] Weights updated                k3s=67 knative=33
2026-08-09 04:18:27 [info     ] Weights updated                action=REACTIVE reason='load=124RPS | k8s_cap=83RPS | (burst-routing)' weights={'k3s': 67, 'knative': 33}
2026-08-09 04:18:27 [info     ] algorithm2_scaling_decision    action=SCALE_UP alpha=0.060060060060060066 beta=0.0 buffer=1.0 current_replicas=5 predicted_load=101.38763934673797 required_resources=6.089 target_replicas=7
2026-08-09 04:18:27 [info     ] algorithm2_decision            action=SCALE_UP applied_target=7 current_replicas=5 hold_until=0.0 observed_load=101.39 observed_target=7 point_forecasts=None prediction_age_sec=None predictive_target=7 proactive=False scenario=s3-hybrid-reactive target_replicas=7 upper_forecasts=None
2026-08-09 04:18:27 [info     ] k8s_scale_executed             deployment=test-app-warm replicas=7
2026-08-09 04:18:27 [debug    ] Decision loop completed        action=REACTIVE latency_ms=144.81 p99=306.0
2026-08-09 04:18:43 [info     ] controller_decision_v3         action=RECOVERY available_replicas=7 budget_remaining=998 burn_adjustment=0 burst_ratio=0.0323 capacity_deficit=False confidence=0 current_load=120.43425563391915 decision_id=8f57286e k8s_capacity=116.5 k8s_weight=96 knative_weight=4 p99=306.0 predicted_load=0 r_effective=16.6 serverless_enabled=True total_load=120.4 weights_after={'k3s': 96, 'knative': 4} weights_before={'k3s': 67, 'knative': 33}
2026-08-09 04:18:43 [info     ] Weights updated                k3s=96 knative=4
2026-08-09 04:18:43 [info     ] Weights updated                action=RECOVERY reason='load=120RPS | k8s_cap=117RPS | (reducing-serverless)' weights={'k3s': 96, 'knative': 4}
2026-08-09 04:18:43 [info     ] Scale readiness observed       elapsed_sec=15.1 ewma_delay=30.5 samples=3 target=7
2026-08-09 04:18:43 [info     ] algorithm2_scaling_decision    action=SCALE_UP alpha=0.060060060060060066 beta=0.0 buffer=1.0 current_replicas=7 predicted_load=122.02525480841928 required_resources=7.329 target_replicas=8
2026-08-09 04:18:43 [info     ] algorithm2_decision            action=SCALE_UP applied_target=8 current_replicas=7 hold_until=0.0 observed_load=122.03 observed_target=8 point_forecasts=None prediction_age_sec=None predictive_target=8 proactive=False scenario=s3-hybrid-reactive target_replicas=8 upper_forecasts=None
2026-08-09 04:18:43 [info     ] k8s_scale_executed             deployment=test-app-warm replicas=8
2026-08-09 04:18:43 [debug    ] Decision loop completed        action=RECOVERY latency_ms=180.0 p99=306.0
2026-08-09 04:18:58 [debug    ] HAProxy fallback latency       delta_requests=1428 interval_avg_ms=44.11 max_rtime_ms=442.0 p99_est=88.23
2026-08-09 04:18:58 [info     ] controller_decision_v3         action=RECOVERY available_replicas=8 budget_remaining=998 burn_adjustment=0 burst_ratio=0 capacity_deficit=False confidence=0 current_load=94.1377006319363 decision_id=3361addd k8s_capacity=133.2 k8s_weight=100 knative_weight=0 p99=88.2 predicted_load=0 r_effective=16.6 serverless_enabled=False total_load=94.1 weights_after={'k3s': 100, 'knative': 0} weights_before={'k3s': 96, 'knative': 4}
2026-08-09 04:18:58 [info     ] Weights updated                k3s=100 knative=0
2026-08-09 04:18:58 [info     ] Weights updated                action=RECOVERY reason='load=94RPS | k8s_cap=133RPS | (reducing-serverless)' weights={'k3s': 100, 'knative': 0}
2026-08-09 04:18:58 [info     ] Scale readiness observed       elapsed_sec=15.1 ewma_delay=25.9 samples=4 target=8
2026-08-09 04:18:58 [info     ] algorithm2_scaling_decision    action=MAINTAIN alpha=0.060060060060060066 beta=0.0 buffer=1.0 current_replicas=8 predicted_load=107.28597813292772 required_resources=6.444 target_replicas=7
2026-08-09 04:18:58 [info     ] algorithm2_decision            action=MAINTAIN applied_target=7 current_replicas=8 hold_until=0.0 observed_load=107.29 observed_target=7 point_forecasts=None prediction_age_sec=None predictive_target=7 proactive=False scenario=s3-hybrid-reactive target_replicas=7 upper_forecasts=None
2026-08-09 04:18:58 [debug    ] Decision loop completed        action=RECOVERY latency_ms=136.83 p99=88.22829131652661
2026-08-09 04:19:13 [debug    ] HAProxy fallback latency       delta_requests=1230 interval_avg_ms=38.43 max_rtime_ms=442.0 p99_est=76.86
2026-08-09 04:19:13 [info     ] algorithm2_scaling_decision    action=MAINTAIN alpha=0.060060060060060066 beta=0.0 buffer=1.0 current_replicas=8 predicted_load=87.699389777546 required_resources=5.267 target_replicas=6
2026-08-09 04:19:13 [info     ] algorithm2_decision            action=MAINTAIN applied_target=6 current_replicas=8 hold_until=0.0 observed_load=87.7 observed_target=6 point_forecasts=None prediction_age_sec=None predictive_target=6 proactive=False scenario=s3-hybrid-reactive target_replicas=6 upper_forecasts=None
2026-08-09 04:19:13 [debug    ] Decision loop completed        action=MAINTAIN latency_ms=102.9 p99=76.86016260162602
2026-08-09 04:19:28 [debug    ] HAProxy fallback latency       delta_requests=1146 interval_avg_ms=34.41 max_rtime_ms=442.0 p99_est=68.82
2026-08-09 04:19:28 [info     ] algorithm2_scaling_decision    action=SCALE_DOWN alpha=0.060060060060060066 beta=0.0 buffer=1.0 current_replicas=8 predicted_load=78.56870189839964 required_resources=4.719 target_replicas=5
2026-08-09 04:19:28 [info     ] algorithm2_decision            action=SCALE_DOWN applied_target=5 current_replicas=8 hold_until=0.0 observed_load=78.57 observed_target=5 point_forecasts=None prediction_age_sec=None predictive_target=5 proactive=False scenario=s3-hybrid-reactive target_replicas=5 upper_forecasts=None
2026-08-09 04:19:28 [info     ] k8s_scale_executed             deployment=test-app-warm replicas=5
2026-08-09 04:19:28 [debug    ] Decision loop completed        action=MAINTAIN latency_ms=133.33 p99=68.81849912739965
2026-08-09 04:19:43 [debug    ] HAProxy fallback latency       delta_requests=1493 interval_avg_ms=161.92 max_rtime_ms=442.0 p99_est=323.85
2026-08-09 04:19:43 [info     ] Knative pre-warm OK            cold_start_ms=2.8
2026-08-09 04:19:43 [info     ] controller_decision_v3         action=REACTIVE available_replicas=5 budget_remaining=997 burn_adjustment=0 burst_ratio=0.155 capacity_deficit=False confidence=0 current_load=98.52127925298532 decision_id=392205b3 k8s_capacity=83.2 k8s_weight=84 knative_weight=16 p99=323.8 predicted_load=0 r_effective=16.6 serverless_enabled=True total_load=98.5 weights_after={'k3s': 84, 'knative': 16} weights_before={'k3s': 100, 'knative': 0}
2026-08-09 04:19:43 [info     ] Weights updated                k3s=84 knative=16
2026-08-09 04:19:43 [info     ] Weights updated                action=REACTIVE reason='load=99RPS | k8s_cap=83RPS | (burst-routing)' weights={'k3s': 84, 'knative': 16}
2026-08-09 04:19:43 [info     ] algorithm2_scaling_decision    action=SCALE_UP alpha=0.060060060060060066 beta=0.0 buffer=1.0 current_replicas=5 predicted_load=87.19880206331445 required_resources=5.237 target_replicas=6
2026-08-09 04:19:43 [info     ] algorithm2_decision            action=SCALE_UP applied_target=6 current_replicas=5 hold_until=0.0 observed_load=87.2 observed_target=6 point_forecasts=None prediction_age_sec=None predictive_target=6 proactive=False scenario=s3-hybrid-reactive target_replicas=6 upper_forecasts=None
2026-08-09 04:19:43 [info     ] k8s_scale_executed             deployment=test-app-warm replicas=6
2026-08-09 04:19:43 [debug    ] Decision loop completed        action=REACTIVE latency_ms=151.39 p99=323.8472873409243
2026-08-09 04:19:58 [debug    ] HAProxy fallback latency       delta_requests=2008 interval_avg_ms=68.0 max_rtime_ms=442.0 p99_est=136.0
2026-08-09 04:19:58 [info     ] controller_decision_v3         action=REACTIVE available_replicas=6 budget_remaining=997 burn_adjustment=0 burst_ratio=0.2462 capacity_deficit=False confidence=0 current_load=132.53102309348665 decision_id=73707e4f k8s_capacity=99.9 k8s_weight=75 knative_weight=25 p99=136.0 predicted_load=0 r_effective=16.6 serverless_enabled=True total_load=132.5 weights_after={'k3s': 75, 'knative': 25} weights_before={'k3s': 84, 'knative': 16}
2026-08-09 04:19:58 [info     ] Weights updated                k3s=75 knative=25
2026-08-09 04:19:58 [info     ] Weights updated                action=REACTIVE reason='load=133RPS | k8s_cap=100RPS | (burst-routing)' weights={'k3s': 75, 'knative': 25}
2026-08-09 04:19:58 [info     ] Scale readiness observed       elapsed_sec=15.1 ewma_delay=22.7 samples=5 target=6
2026-08-09 04:19:58 [info     ] algorithm2_scaling_decision    action=SCALE_UP alpha=0.060060060060060066 beta=0.0 buffer=1.0 current_replicas=6 predicted_load=115.52615117323599 required_resources=6.939 target_replicas=7
2026-08-09 04:19:58 [info     ] algorithm2_decision            action=SCALE_UP applied_target=7 current_replicas=6 hold_until=0.0 observed_load=115.53 observed_target=7 point_forecasts=None prediction_age_sec=None predictive_target=7 proactive=False scenario=s3-hybrid-reactive target_replicas=7 upper_forecasts=None
2026-08-09 04:19:58 [info     ] k8s_scale_executed             deployment=test-app-warm replicas=7
2026-08-09 04:19:58 [debug    ] Decision loop completed        action=REACTIVE latency_ms=143.73 p99=136.0
2026-08-09 04:20:13 [debug    ] HAProxy fallback latency       delta_requests=2277 interval_avg_ms=68.0 max_rtime_ms=442.0 p99_est=136.0
2026-08-09 04:20:13 [info     ] controller_decision_v3         action=RECOVERY available_replicas=7 budget_remaining=997 burn_adjustment=0 burst_ratio=0.2245 capacity_deficit=False confidence=0 current_load=150.29537765598124 decision_id=b322dde1 k8s_capacity=116.5 k8s_weight=77 knative_weight=23 p99=136.0 predicted_load=0 r_effective=16.6 serverless_enabled=True total_load=150.3 weights_after={'k3s': 77, 'knative': 23} weights_before={'k3s': 75, 'knative': 25}
2026-08-09 04:20:13 [info     ] Weights updated                k3s=77 knative=23
2026-08-09 04:20:13 [info     ] Weights updated                action=RECOVERY reason='load=150RPS | k8s_cap=117RPS | (reducing-serverless)' weights={'k3s': 77, 'knative': 23}
2026-08-09 04:20:13 [info     ] Scale readiness observed       elapsed_sec=15.1 ewma_delay=20.4 samples=6 target=7
2026-08-09 04:20:13 [info     ] algorithm2_scaling_decision    action=SCALE_UP alpha=0.060060060060060066 beta=0.0 buffer=1.0 current_replicas=7 predicted_load=141.41320037473395 required_resources=8.493 target_replicas=9
2026-08-09 04:20:13 [info     ] algorithm2_decision            action=SCALE_UP applied_target=9 current_replicas=7 hold_until=0.0 observed_load=141.41 observed_target=9 point_forecasts=None prediction_age_sec=None predictive_target=9 proactive=False scenario=s3-hybrid-reactive target_replicas=9 upper_forecasts=None
2026-08-09 04:20:13 [info     ] k8s_scale_executed             deployment=test-app-warm replicas=9
2026-08-09 04:20:13 [debug    ] Decision loop completed        action=RECOVERY latency_ms=178.72 p99=136.0
2026-08-09 04:20:29 [debug    ] HAProxy fallback latency       delta_requests=2431 interval_avg_ms=68.0 max_rtime_ms=442.0 p99_est=136.0
2026-08-09 04:20:29 [info     ] controller_decision_v3         action=RECOVERY available_replicas=8 budget_remaining=997 burn_adjustment=0 burst_ratio=0.1683 capacity_deficit=False confidence=0 current_load=160.15832670061647 decision_id=87001aee k8s_capacity=133.2 k8s_weight=83 knative_weight=17 p99=136.0 predicted_load=0 r_effective=16.6 serverless_enabled=True total_load=160.2 weights_after={'k3s': 83, 'knative': 17} weights_before={'k3s': 77, 'knative': 23}
2026-08-09 04:20:29 [info     ] Weights updated                k3s=83 knative=17
2026-08-09 04:20:29 [info     ] Weights updated                action=RECOVERY reason='load=160RPS | k8s_cap=133RPS | (reducing-serverless)' weights={'k3s': 83, 'knative': 17}
2026-08-09 04:20:29 [info     ] algorithm2_scaling_decision    action=SCALE_UP alpha=0.060060060060060066 beta=0.0 buffer=1.0 current_replicas=9 predicted_load=155.22685217829886 required_resources=9.323 target_replicas=10
2026-08-09 04:20:29 [info     ] algorithm2_decision            action=SCALE_UP applied_target=10 current_replicas=9 hold_until=0.0 observed_load=155.23 observed_target=10 point_forecasts=None prediction_age_sec=None predictive_target=10 proactive=False scenario=s3-hybrid-reactive target_replicas=10 upper_forecasts=None
2026-08-09 04:20:29 [info     ] k8s_scale_executed             deployment=test-app-warm replicas=10
2026-08-09 04:20:29 [debug    ] Decision loop completed        action=RECOVERY latency_ms=170.8 p99=136.0
2026-08-09 04:20:44 [debug    ] HAProxy fallback latency       delta_requests=2203 interval_avg_ms=47.36 max_rtime_ms=442.0 p99_est=94.72
2026-08-09 04:20:44 [info     ] controller_decision_v3         action=RECOVERY available_replicas=8 budget_remaining=997 burn_adjustment=0 burst_ratio=0.0831 capacity_deficit=False confidence=0 current_load=145.27169658886964 decision_id=c17918e0 k8s_capacity=133.2 k8s_weight=91 knative_weight=9 p99=94.7 predicted_load=0 r_effective=16.6 serverless_enabled=True total_load=145.3 weights_after={'k3s': 91, 'knative': 9} weights_before={'k3s': 83, 'knative': 17}
2026-08-09 04:20:44 [info     ] Weights updated                k3s=91 knative=9
2026-08-09 04:20:44 [info     ] Weights updated                action=RECOVERY reason='load=145RPS | k8s_cap=133RPS | (reducing-serverless)' weights={'k3s': 91, 'knative': 9}
2026-08-09 04:20:44 [info     ] algorithm2_scaling_decision    action=MAINTAIN alpha=0.060060060060060066 beta=0.0 buffer=1.0 current_replicas=10 predicted_load=152.71501164474307 required_resources=9.172 target_replicas=10
2026-08-09 04:20:44 [info     ] algorithm2_decision            action=MAINTAIN applied_target=10 current_replicas=10 hold_until=0.0 observed_load=152.72 observed_target=10 point_forecasts=None prediction_age_sec=None predictive_target=10 proactive=False scenario=s3-hybrid-reactive target_replicas=10 upper_forecasts=None
2026-08-09 04:20:44 [debug    ] Decision loop completed        action=RECOVERY latency_ms=141.83 p99=94.7208352246936
2026-08-09 04:20:59 [debug    ] HAProxy fallback latency       delta_requests=1850 interval_avg_ms=67.0 max_rtime_ms=442.0 p99_est=134.0
2026-08-09 04:20:59 [info     ] controller_decision_v3         action=RECOVERY available_replicas=8 budget_remaining=997 burn_adjustment=0 burst_ratio=0 capacity_deficit=False confidence=0 current_load=122.24533071154526 decision_id=83569687 k8s_capacity=133.2 k8s_weight=100 knative_weight=0 p99=134.0 predicted_load=0 r_effective=16.6 serverless_enabled=False total_load=122.2 weights_after={'k3s': 100, 'knative': 0} weights_before={'k3s': 91, 'knative': 9}
2026-08-09 04:20:59 [info     ] Weights updated                k3s=100 knative=0
2026-08-09 04:20:59 [info     ] Weights updated                action=RECOVERY reason='load=122RPS | k8s_cap=133RPS | (reducing-serverless)' weights={'k3s': 100, 'knative': 0}
2026-08-09 04:20:59 [info     ] algorithm2_scaling_decision    action=MAINTAIN alpha=0.060060060060060066 beta=0.0 buffer=1.0 current_replicas=10 predicted_load=133.75851365020745 required_resources=8.034 target_replicas=9
2026-08-09 04:20:59 [info     ] algorithm2_decision            action=MAINTAIN applied_target=9 current_replicas=10 hold_until=0.0 observed_load=133.76 observed_target=9 point_forecasts=None prediction_age_sec=None predictive_target=9 proactive=False scenario=s3-hybrid-reactive target_replicas=9 upper_forecasts=None
2026-08-09 04:20:59 [debug    ] Decision loop completed        action=RECOVERY latency_ms=141.72 p99=134.0
2026-08-09 04:21:14 [debug    ] HAProxy fallback latency       delta_requests=1787 interval_avg_ms=67.0 max_rtime_ms=442.0 p99_est=134.0
2026-08-09 04:21:14 [info     ] algorithm2_scaling_decision    action=MAINTAIN alpha=0.060060060060060066 beta=0.0 buffer=1.0 current_replicas=10 predicted_load=120.09715582737618 required_resources=7.213 target_replicas=8
2026-08-09 04:21:14 [info     ] algorithm2_decision            action=MAINTAIN applied_target=8 current_replicas=10 hold_until=0.0 observed_load=120.1 observed_target=8 point_forecasts=None prediction_age_sec=None predictive_target=8 proactive=False scenario=s3-hybrid-reactive target_replicas=8 upper_forecasts=None
2026-08-09 04:21:14 [debug    ] Decision loop completed        action=MAINTAIN latency_ms=105.24 p99=134.0
2026-08-09 04:21:29 [debug    ] HAProxy fallback latency       delta_requests=1818 interval_avg_ms=67.0 max_rtime_ms=442.0 p99_est=134.0
2026-08-09 04:21:29 [info     ] Scale readiness observed       elapsed_sec=60.5 ewma_delay=32.4 samples=7 target=10
2026-08-09 04:21:29 [info     ] algorithm2_scaling_decision    action=MAINTAIN alpha=0.060060060060060066 beta=0.0 buffer=1.0 current_replicas=10 predicted_load=119.15224751013909 required_resources=7.156 target_replicas=8
2026-08-09 04:21:29 [info     ] algorithm2_decision            action=MAINTAIN applied_target=8 current_replicas=10 hold_until=0.0 observed_load=119.15 observed_target=8 point_forecasts=None prediction_age_sec=None predictive_target=8 proactive=False scenario=s3-hybrid-reactive target_replicas=8 upper_forecasts=None
2026-08-09 04:21:29 [debug    ] Decision loop completed        action=MAINTAIN latency_ms=109.87 p99=134.0
2026-08-09 04:21:44 [debug    ] HAProxy fallback latency       delta_requests=1815 interval_avg_ms=67.0 max_rtime_ms=442.0 p99_est=134.0
2026-08-09 04:21:44 [info     ] algorithm2_scaling_decision    action=MAINTAIN alpha=0.060060060060060066 beta=0.0 buffer=1.0 current_replicas=10 predicted_load=120.27242915109056 required_resources=7.224 target_replicas=8
2026-08-09 04:21:44 [info     ] algorithm2_decision            action=MAINTAIN applied_target=8 current_replicas=10 hold_until=0.0 observed_load=120.27 observed_target=8 point_forecasts=None prediction_age_sec=None predictive_target=8 proactive=False scenario=s3-hybrid-reactive target_replicas=8 upper_forecasts=None
2026-08-09 04:21:44 [debug    ] Decision loop completed        action=MAINTAIN latency_ms=103.77 p99=134.0
2026-08-09 04:21:59 [debug    ] HAProxy fallback latency       delta_requests=1785 interval_avg_ms=67.0 max_rtime_ms=442.0 p99_est=134.0
2026-08-09 04:21:59 [info     ] algorithm2_scaling_decision    action=MAINTAIN alpha=0.060060060060060066 beta=0.0 buffer=1.0 current_replicas=10 predicted_load=119.18349872365732 required_resources=7.158 target_replicas=8
2026-08-09 04:21:59 [info     ] algorithm2_decision            action=MAINTAIN applied_target=8 current_replicas=10 hold_until=0.0 observed_load=119.18 observed_target=8 point_forecasts=None prediction_age_sec=None predictive_target=8 proactive=False scenario=s3-hybrid-reactive target_replicas=8 upper_forecasts=None
2026-08-09 04:21:59 [debug    ] Decision loop completed        action=MAINTAIN latency_ms=103.8 p99=134.0
2026-08-09 04:22:14 [debug    ] HAProxy fallback latency       delta_requests=1547 interval_avg_ms=30.76 max_rtime_ms=442.0 p99_est=61.51
2026-08-09 04:22:14 [info     ] algorithm2_scaling_decision    action=SCALE_DOWN alpha=0.060060060060060066 beta=0.0 buffer=1.0 current_replicas=10 predicted_load=110.33308803242025 required_resources=6.627 target_replicas=7
2026-08-09 04:22:14 [info     ] algorithm2_decision            action=SCALE_DOWN applied_target=7 current_replicas=10 hold_until=0.0 observed_load=110.33 observed_target=7 point_forecasts=None prediction_age_sec=None predictive_target=7 proactive=False scenario=s3-hybrid-reactive target_replicas=7 upper_forecasts=None
2026-08-09 04:22:15 [info     ] k8s_scale_executed             deployment=test-app-warm replicas=7
2026-08-09 04:22:15 [debug    ] Decision loop completed        action=MAINTAIN latency_ms=142.3 p99=61.510019392372335
2026-08-09 04:22:30 [debug    ] HAProxy fallback latency       delta_requests=1259 interval_avg_ms=157.07 max_rtime_ms=442.0 p99_est=314.14
2026-08-09 04:22:30 [info     ] algorithm2_scaling_decision    action=MAINTAIN alpha=0.060060060060060066 beta=0.0 buffer=1.0 current_replicas=7 predicted_load=92.85061553919458 required_resources=5.577 target_replicas=6
2026-08-09 04:22:30 [info     ] algorithm2_decision            action=MAINTAIN applied_target=6 current_replicas=7 hold_until=0.0 observed_load=92.85 observed_target=6 point_forecasts=None prediction_age_sec=None predictive_target=6 proactive=False scenario=s3-hybrid-reactive target_replicas=6 upper_forecasts=None
2026-08-09 04:22:30 [debug    ] Decision loop completed        action=MAINTAIN latency_ms=109.08 p99=314.1445591739476
2026-08-09 04:22:45 [info     ] algorithm2_scaling_decision    action=SCALE_DOWN alpha=0.060060060060060066 beta=0.0 buffer=1.0 current_replicas=7 predicted_load=78.56928656631999 required_resources=4.719 target_replicas=5
2026-08-09 04:22:45 [info     ] algorithm2_decision            action=SCALE_DOWN applied_target=5 current_replicas=7 hold_until=0.0 observed_load=78.57 observed_target=5 point_forecasts=None prediction_age_sec=None predictive_target=5 proactive=False scenario=s3-hybrid-reactive target_replicas=5 upper_forecasts=None
2026-08-09 04:22:45 [debug    ] Decision loop completed        action=MAINTAIN latency_ms=104.06 p99=314.1445591739476
2026-08-09 04:23:00 [debug    ] HAProxy fallback latency       delta_requests=1043 interval_avg_ms=8.96 max_rtime_ms=442.0 p99_est=17.93
2026-08-09 04:23:00 [info     ] algorithm2_scaling_decision    action=SCALE_DOWN alpha=0.060060060060060066 beta=0.0 buffer=1.0 current_replicas=7 predicted_load=71.49008987809543 required_resources=4.294 target_replicas=5
2026-08-09 04:23:00 [info     ] algorithm2_decision            action=SCALE_DOWN applied_target=5 current_replicas=7 hold_until=0.0 observed_load=71.49 observed_target=5 point_forecasts=None prediction_age_sec=None predictive_target=5 proactive=False scenario=s3-hybrid-reactive target_replicas=5 upper_forecasts=None
2026-08-09 04:23:00 [debug    ] Decision loop completed        action=MAINTAIN latency_ms=106.96 p99=17.925215723873443
2026-08-09 04:23:15 [debug    ] HAProxy fallback latency       delta_requests=1175 interval_avg_ms=65.0 max_rtime_ms=442.0 p99_est=130.0
2026-08-09 04:23:15 [info     ] algorithm2_scaling_decision    action=SCALE_DOWN alpha=0.060060060060060066 beta=0.0 buffer=1.0 current_replicas=7 predicted_load=73.38423701302915 required_resources=4.407 target_replicas=5
2026-08-09 04:23:15 [info     ] algorithm2_decision            action=SCALE_DOWN applied_target=5 current_replicas=7 hold_until=0.0 observed_load=73.38 observed_target=5 point_forecasts=None prediction_age_sec=None predictive_target=5 proactive=False scenario=s3-hybrid-reactive target_replicas=5 upper_forecasts=None
2026-08-09 04:23:15 [debug    ] Decision loop completed        action=MAINTAIN latency_ms=101.87 p99=130.0
2026-08-09 04:23:30 [debug    ] HAProxy fallback latency       delta_requests=1328 interval_avg_ms=111.68 max_rtime_ms=442.0 p99_est=223.36
2026-08-09 04:23:30 [info     ] algorithm2_scaling_decision    action=SCALE_DOWN alpha=0.060060060060060066 beta=0.0 buffer=1.0 current_replicas=7 predicted_load=82.82340137579595 required_resources=4.974 target_replicas=5
2026-08-09 04:23:30 [info     ] algorithm2_decision            action=SCALE_DOWN applied_target=5 current_replicas=7 hold_until=0.0 observed_load=82.82 observed_target=5 point_forecasts=None prediction_age_sec=None predictive_target=5 proactive=False scenario=s3-hybrid-reactive target_replicas=5 upper_forecasts=None
2026-08-09 04:23:30 [debug    ] Decision loop completed        action=MAINTAIN latency_ms=102.34 p99=223.3629518072289
2026-08-09 04:23:45 [info     ] algorithm2_scaling_decision    action=SCALE_DOWN alpha=0.060060060060060066 beta=0.0 buffer=1.0 current_replicas=7 predicted_load=80.15196392407111 required_resources=4.814 target_replicas=5
2026-08-09 04:23:45 [info     ] algorithm2_decision            action=SCALE_DOWN applied_target=5 current_replicas=7 hold_until=0.0 observed_load=80.15 observed_target=5 point_forecasts=None prediction_age_sec=None predictive_target=5 proactive=False scenario=s3-hybrid-reactive target_replicas=5 upper_forecasts=None
2026-08-09 04:23:45 [debug    ] Decision loop completed        action=MAINTAIN latency_ms=106.31 p99=223.3629518072289
2026-08-09 04:24:00 [debug    ] HAProxy fallback latency       delta_requests=775 interval_avg_ms=64.0 max_rtime_ms=442.0 p99_est=128.0
2026-08-09 04:24:00 [info     ] algorithm2_scaling_decision    action=SCALE_DOWN alpha=0.060060060060060066 beta=0.0 buffer=1.0 current_replicas=7 predicted_load=61.837187645299664 required_resources=3.714 target_replicas=4
2026-08-09 04:24:00 [info     ] algorithm2_decision            action=SCALE_DOWN applied_target=4 current_replicas=7 hold_until=0.0 observed_load=61.84 observed_target=4 point_forecasts=None prediction_age_sec=None predictive_target=4 proactive=False scenario=s3-hybrid-reactive target_replicas=4 upper_forecasts=None
2026-08-09 04:24:00 [debug    ] Decision loop completed        action=MAINTAIN latency_ms=112.96 p99=128.0
2026-08-09 04:24:15 [info     ] algorithm2_scaling_decision    action=SCALE_DOWN alpha=0.060060060060060066 beta=0.0 buffer=1.0 current_replicas=7 predicted_load=48.941950539482704 required_resources=2.939 target_replicas=3
2026-08-09 04:24:15 [info     ] algorithm2_decision            action=SCALE_DOWN applied_target=3 current_replicas=7 hold_until=0.0 observed_load=48.94 observed_target=3 point_forecasts=None prediction_age_sec=None predictive_target=3 proactive=False scenario=s3-hybrid-reactive target_replicas=3 upper_forecasts=None
2026-08-09 04:24:15 [info     ] k8s_scale_executed             deployment=test-app-warm replicas=3
2026-08-09 04:24:15 [debug    ] Decision loop completed        action=MAINTAIN latency_ms=136.32 p99=128.0
2026-08-09 04:24:30 [debug    ] HAProxy fallback latency       delta_requests=696 interval_avg_ms=156.76 max_rtime_ms=442.0 p99_est=313.53
2026-08-09 04:24:30 [info     ] algorithm2_scaling_decision    action=MAINTAIN alpha=0.060060060060060066 beta=0.0 buffer=1.0 current_replicas=3 predicted_load=46.28212920865372 required_resources=2.78 target_replicas=3
2026-08-09 04:24:30 [info     ] algorithm2_decision            action=MAINTAIN applied_target=3 current_replicas=3 hold_until=0.0 observed_load=46.28 observed_target=3 point_forecasts=None prediction_age_sec=None predictive_target=3 proactive=False scenario=s3-hybrid-reactive target_replicas=3 upper_forecasts=None
2026-08-09 04:24:30 [debug    ] Decision loop completed        action=MAINTAIN latency_ms=102.35 p99=313.5258620689655
2026-08-09 04:24:46 [debug    ] HAProxy fallback latency       delta_requests=654 interval_avg_ms=64.0 max_rtime_ms=442.0 p99_est=128.0
2026-08-09 04:24:46 [info     ] algorithm2_scaling_decision    action=MAINTAIN alpha=0.060060060060060066 beta=0.0 buffer=1.0 current_replicas=3 predicted_load=44.64275516921616 required_resources=2.681 target_replicas=3
2026-08-09 04:24:46 [info     ] algorithm2_decision            action=MAINTAIN applied_target=3 current_replicas=3 hold_until=0.0 observed_load=44.64 observed_target=3 point_forecasts=None prediction_age_sec=None predictive_target=3 proactive=False scenario=s3-hybrid-reactive target_replicas=3 upper_forecasts=None
2026-08-09 04:24:46 [debug    ] Decision loop completed        action=MAINTAIN latency_ms=102.29 p99=128.0
2026-08-09 04:25:01 [debug    ] HAProxy fallback latency       delta_requests=633 interval_avg_ms=64.0 max_rtime_ms=442.0 p99_est=128.0
2026-08-09 04:25:01 [info     ] algorithm2_scaling_decision    action=MAINTAIN alpha=0.060060060060060066 beta=0.0 buffer=1.0 current_replicas=3 predicted_load=42.60780212072214 required_resources=2.559 target_replicas=3
2026-08-09 04:25:01 [info     ] algorithm2_decision            action=MAINTAIN applied_target=3 current_replicas=3 hold_until=0.0 observed_load=42.61 observed_target=3 point_forecasts=None prediction_age_sec=None predictive_target=3 proactive=False scenario=s3-hybrid-reactive target_replicas=3 upper_forecasts=None
2026-08-09 04:25:01 [debug    ] Decision loop completed        action=MAINTAIN latency_ms=101.12 p99=128.0
2026-08-09 04:25:16 [debug    ] HAProxy fallback latency       delta_requests=834 interval_avg_ms=144.79 max_rtime_ms=442.0 p99_est=289.58
2026-08-09 04:25:16 [info     ] Knative pre-warm OK            cold_start_ms=2.8
2026-08-09 04:25:16 [info     ] controller_decision_v3         action=REACTIVE available_replicas=3 budget_remaining=991 burn_adjustment=0 burst_ratio=0.0934 capacity_deficit=False confidence=0 current_load=55.097018825875494 decision_id=61c16bff k8s_capacity=49.9 k8s_weight=90 knative_weight=10 p99=289.6 predicted_load=0 r_effective=16.6 serverless_enabled=True total_load=55.1 weights_after={'k3s': 90, 'knative': 10} weights_before={'k3s': 100, 'knative': 0}
2026-08-09 04:25:16 [info     ] Weights updated                k3s=90 knative=10
2026-08-09 04:25:16 [info     ] Weights updated                action=REACTIVE reason='load=55RPS | k8s_cap=50RPS | (burst-routing)' weights={'k3s': 90, 'knative': 10}
2026-08-09 04:25:16 [info     ] algorithm2_scaling_decision    action=MAINTAIN alpha=0.060060060060060066 beta=0.0 buffer=1.0 current_replicas=3 predicted_load=48.50528054726219 required_resources=2.913 target_replicas=3
2026-08-09 04:25:16 [info     ] algorithm2_decision            action=MAINTAIN applied_target=3 current_replicas=3 hold_until=0.0 observed_load=48.51 observed_target=3 point_forecasts=None prediction_age_sec=None predictive_target=3 proactive=False scenario=s3-hybrid-reactive target_replicas=3 upper_forecasts=None
2026-08-09 04:25:16 [debug    ] Decision loop completed        action=REACTIVE latency_ms=104.52 p99=289.58273381294964
2026-08-09 04:25:31 [debug    ] HAProxy fallback latency       delta_requests=1058 interval_avg_ms=129.69 max_rtime_ms=442.0 p99_est=259.37
2026-08-09 04:25:31 [info     ] controller_decision_v3         action=REACTIVE available_replicas=3 budget_remaining=990 burn_adjustment=0 burst_ratio=0.2876 capacity_deficit=False confidence=0 current_load=70.11185802784517 decision_id=d60fedf5 k8s_capacity=49.9 k8s_weight=71 knative_weight=29 p99=259.4 predicted_load=0 r_effective=16.6 serverless_enabled=True total_load=70.1 weights_after={'k3s': 71, 'knative': 29} weights_before={'k3s': 90, 'knative': 10}
2026-08-09 04:25:31 [info     ] Weights updated                k3s=71 knative=29
2026-08-09 04:25:31 [info     ] Weights updated                action=REACTIVE reason='load=70RPS | k8s_cap=50RPS | (burst-routing)' weights={'k3s': 71, 'knative': 29}
2026-08-09 04:25:31 [info     ] algorithm2_scaling_decision    action=SCALE_UP alpha=0.060060060060060066 beta=0.0 buffer=1.0 current_replicas=3 predicted_load=62.604438426860334 required_resources=3.76 target_replicas=4
2026-08-09 04:25:31 [info     ] algorithm2_decision            action=SCALE_UP applied_target=4 current_replicas=3 hold_until=0.0 observed_load=62.6 observed_target=4 point_forecasts=None prediction_age_sec=None predictive_target=4 proactive=False scenario=s3-hybrid-reactive target_replicas=4 upper_forecasts=None
2026-08-09 04:25:31 [info     ] k8s_scale_executed             deployment=test-app-warm replicas=4
2026-08-09 04:25:31 [debug    ] Decision loop completed        action=REACTIVE latency_ms=139.93 p99=259.3724007561437
2026-08-09 04:25:46 [debug    ] HAProxy fallback latency       delta_requests=1077 interval_avg_ms=1.45 max_rtime_ms=442.0 p99_est=2.91
2026-08-09 04:25:46 [info     ] controller_decision_v3         action=RECOVERY available_replicas=4 budget_remaining=990 burn_adjustment=0 burst_ratio=0.0638 capacity_deficit=False confidence=0 current_load=71.13682131357565 decision_id=b64419f5 k8s_capacity=66.6 k8s_weight=93 knative_weight=7 p99=2.9 predicted_load=0 r_effective=16.6 serverless_enabled=True total_load=71.1 weights_after={'k3s': 93, 'knative': 7} weights_before={'k3s': 71, 'knative': 29}
2026-08-09 04:25:46 [info     ] Weights updated                k3s=93 knative=7
2026-08-09 04:25:46 [info     ] Weights updated                action=RECOVERY reason='load=71RPS | k8s_cap=67RPS | (reducing-serverless)' weights={'k3s': 93, 'knative': 7}
2026-08-09 04:25:46 [info     ] Scale readiness observed       elapsed_sec=15.1 ewma_delay=27.2 samples=8 target=4
2026-08-09 04:25:46 [info     ] algorithm2_scaling_decision    action=SCALE_UP alpha=0.060060060060060066 beta=0.0 buffer=1.0 current_replicas=4 predicted_load=70.62433967071041 required_resources=4.242 target_replicas=5
2026-08-09 04:25:46 [info     ] algorithm2_decision            action=SCALE_UP applied_target=5 current_replicas=4 hold_until=0.0 observed_load=70.62 observed_target=5 point_forecasts=None prediction_age_sec=None predictive_target=5 proactive=False scenario=s3-hybrid-reactive target_replicas=5 upper_forecasts=None
2026-08-09 04:25:46 [info     ] k8s_scale_executed             deployment=test-app-warm replicas=5
2026-08-09 04:25:46 [debug    ] Decision loop completed        action=RECOVERY latency_ms=173.76 p99=2.9099350046425254
2026-08-09 04:26:01 [debug    ] HAProxy fallback latency       delta_requests=1056 interval_avg_ms=198.66 max_rtime_ms=442.0 p99_est=397.31
2026-08-09 04:26:01 [info     ] controller_decision_v3         action=RECOVERY available_replicas=5 budget_remaining=989 burn_adjustment=0 burst_ratio=0 capacity_deficit=False confidence=0 current_load=69.52428665182745 decision_id=52436cd5 k8s_capacity=83.2 k8s_weight=100 knative_weight=0 p99=397.3 predicted_load=0 r_effective=16.6 serverless_enabled=False total_load=69.5 weights_after={'k3s': 100, 'knative': 0} weights_before={'k3s': 93, 'knative': 7}
2026-08-09 04:26:01 [info     ] Weights updated                k3s=100 knative=0
2026-08-09 04:26:01 [info     ] Weights updated                action=RECOVERY reason='load=70RPS | k8s_cap=83RPS | (reducing-serverless)' weights={'k3s': 100, 'knative': 0}
2026-08-09 04:26:01 [info     ] Scale readiness observed       elapsed_sec=15.1 ewma_delay=23.6 samples=9 target=5
2026-08-09 04:26:01 [info     ] algorithm2_scaling_decision    action=MAINTAIN alpha=0.060060060060060066 beta=0.0 buffer=1.0 current_replicas=5 predicted_load=70.33055398270156 required_resources=4.224 target_replicas=5
2026-08-09 04:26:01 [info     ] algorithm2_decision            action=MAINTAIN applied_target=5 current_replicas=5 hold_until=0.0 observed_load=70.33 observed_target=5 point_forecasts=None prediction_age_sec=None predictive_target=5 proactive=False scenario=s3-hybrid-reactive target_replicas=5 upper_forecasts=None
2026-08-09 04:26:01 [debug    ] Decision loop completed        action=RECOVERY latency_ms=139.89 p99=397.31439393939394
2026-08-09 04:26:16 [debug    ] HAProxy fallback latency       delta_requests=1074 interval_avg_ms=0.29 max_rtime_ms=442.0 p99_est=0.58
2026-08-09 04:26:16 [info     ] algorithm2_scaling_decision    action=MAINTAIN alpha=0.060060060060060066 beta=0.0 buffer=1.0 current_replicas=5 predicted_load=70.23156867584132 required_resources=4.218 target_replicas=5
2026-08-09 04:26:16 [info     ] algorithm2_decision            action=MAINTAIN applied_target=5 current_replicas=5 hold_until=0.0 observed_load=70.23 observed_target=5 point_forecasts=None prediction_age_sec=None predictive_target=5 proactive=False scenario=s3-hybrid-reactive target_replicas=5 upper_forecasts=None
2026-08-09 04:26:16 [debug    ] Decision loop completed        action=MAINTAIN latency_ms=111.88 p99=0.5828677839851024
2026-08-09 04:26:31 [debug    ] HAProxy fallback latency       delta_requests=1131 interval_avg_ms=66.0 max_rtime_ms=442.0 p99_est=132.0
2026-08-09 04:26:31 [info     ] algorithm2_scaling_decision    action=MAINTAIN alpha=0.060060060060060066 beta=0.0 buffer=1.0 current_replicas=5 predicted_load=72.88969003829695 required_resources=4.378 target_replicas=5
2026-08-09 04:26:31 [info     ] algorithm2_decision            action=MAINTAIN applied_target=5 current_replicas=5 hold_until=0.0 observed_load=72.89 observed_target=5 point_forecasts=None prediction_age_sec=None predictive_target=5 proactive=False scenario=s3-hybrid-reactive target_replicas=5 upper_forecasts=None
2026-08-09 04:26:31 [debug    ] Decision loop completed        action=MAINTAIN latency_ms=98.94 p99=132.0
2026-08-09 04:26:47 [debug    ] HAProxy fallback latency       delta_requests=1396 interval_avg_ms=225.4 max_rtime_ms=442.0 p99_est=442.0
2026-08-09 04:26:47 [info     ] Knative pre-warm OK            cold_start_ms=2.7
2026-08-09 04:26:47 [info     ] controller_decision_v3         action=REACTIVE available_replicas=5 budget_remaining=988 burn_adjustment=0 burst_ratio=0.0989 capacity_deficit=False confidence=0 current_load=92.39054707062222 decision_id=1fdd8093 k8s_capacity=83.2 k8s_weight=90 knative_weight=10 p99=442.0 predicted_load=0 r_effective=16.6 serverless_enabled=True total_load=92.4 weights_after={'k3s': 90, 'knative': 10} weights_before={'k3s': 100, 'knative': 0}
2026-08-09 04:26:47 [info     ] Weights updated                k3s=90 knative=10
2026-08-09 04:26:47 [info     ] Weights updated                action=REACTIVE reason='load=92RPS | k8s_cap=83RPS | (burst-routing)' weights={'k3s': 90, 'knative': 10}
2026-08-09 04:26:47 [info     ] algorithm2_scaling_decision    action=SCALE_UP alpha=0.060060060060060066 beta=0.0 buffer=1.0 current_replicas=5 predicted_load=83.61553822368047 required_resources=5.022 target_replicas=6
2026-08-09 04:26:47 [info     ] algorithm2_decision            action=SCALE_UP applied_target=6 current_replicas=5 hold_until=0.0 observed_load=83.62 observed_target=6 point_forecasts=None prediction_age_sec=None predictive_target=6 proactive=False scenario=s3-hybrid-reactive target_replicas=6 upper_forecasts=None
2026-08-09 04:26:47 [info     ] k8s_scale_executed             deployment=test-app-warm replicas=6
2026-08-09 04:26:47 [debug    ] Decision loop completed        action=REACTIVE latency_ms=147.84 p99=442.0
2026-08-09 04:27:02 [debug    ] HAProxy fallback latency       delta_requests=1639 interval_avg_ms=69.0 max_rtime_ms=442.0 p99_est=138.0
2026-08-09 04:27:02 [info     ] controller_decision_v3         action=RECOVERY available_replicas=6 budget_remaining=988 burn_adjustment=0 burst_ratio=0.0767 capacity_deficit=False confidence=0 current_load=108.19738219994996 decision_id=75cc1d16 k8s_capacity=99.9 k8s_weight=92 knative_weight=8 p99=138.0 predicted_load=0 r_effective=16.6 serverless_enabled=True total_load=108.2 weights_after={'k3s': 92, 'knative': 8} weights_before={'k3s': 90, 'knative': 10}
2026-08-09 04:27:02 [info     ] Weights updated                k3s=92 knative=8
2026-08-09 04:27:02 [info     ] Weights updated                action=RECOVERY reason='load=108RPS | k8s_cap=100RPS | (reducing-serverless)' weights={'k3s': 92, 'knative': 8}
2026-08-09 04:27:02 [info     ] Scale readiness observed       elapsed_sec=15.1 ewma_delay=21.1 samples=10 target=6
2026-08-09 04:27:02 [info     ] algorithm2_scaling_decision    action=SCALE_UP alpha=0.060060060060060066 beta=0.0 buffer=1.0 current_replicas=6 predicted_load=100.29396463528609 required_resources=6.024 target_replicas=7
2026-08-09 04:27:02 [info     ] algorithm2_decision            action=SCALE_UP applied_target=7 current_replicas=6 hold_until=0.0 observed_load=100.29 observed_target=7 point_forecasts=None prediction_age_sec=None predictive_target=7 proactive=False scenario=s3-hybrid-reactive target_replicas=7 upper_forecasts=None
2026-08-09 04:27:02 [info     ] k8s_scale_executed             deployment=test-app-warm replicas=7
2026-08-09 04:27:02 [debug    ] Decision loop completed        action=RECOVERY latency_ms=179.82 p99=138.0
2026-08-09 04:27:17 [info     ] controller_decision_v3         action=RECOVERY available_replicas=7 budget_remaining=988 burn_adjustment=0 burst_ratio=0 capacity_deficit=False confidence=0 current_load=95.72104141914063 decision_id=38ec6682 k8s_capacity=116.5 k8s_weight=100 knative_weight=0 p99=138.0 predicted_load=0 r_effective=16.6 serverless_enabled=False total_load=95.7 weights_after={'k3s': 100, 'knative': 0} weights_before={'k3s': 92, 'knative': 8}
2026-08-09 04:27:17 [info     ] Weights updated                k3s=100 knative=0
2026-08-09 04:27:17 [info     ] Weights updated                action=RECOVERY reason='load=96RPS | k8s_cap=117RPS | (reducing-serverless)' weights={'k3s': 100, 'knative': 0}
2026-08-09 04:27:17 [info     ] Scale readiness observed       elapsed_sec=15.1 ewma_delay=19.3 samples=11 target=7
2026-08-09 04:27:17 [info     ] algorithm2_scaling_decision    action=MAINTAIN alpha=0.060060060060060066 beta=0.0 buffer=1.0 current_replicas=7 predicted_load=101.9592118095453 required_resources=6.124 target_replicas=7
2026-08-09 04:27:17 [info     ] algorithm2_decision            action=MAINTAIN applied_target=7 current_replicas=7 hold_until=0.0 observed_load=101.96 observed_target=7 point_forecasts=None prediction_age_sec=None predictive_target=7 proactive=False scenario=s3-hybrid-reactive target_replicas=7 upper_forecasts=None
2026-08-09 04:27:17 [debug    ] Decision loop completed        action=RECOVERY latency_ms=141.1 p99=138.0
2026-08-09 04:27:32 [debug    ] HAProxy fallback latency       delta_requests=1182 interval_avg_ms=67.0 max_rtime_ms=442.0 p99_est=134.0
2026-08-09 04:27:32 [info     ] algorithm2_scaling_decision    action=MAINTAIN alpha=0.060060060060060066 beta=0.0 buffer=1.0 current_replicas=7 predicted_load=86.92631324386241 required_resources=5.221 target_replicas=6
2026-08-09 04:27:32 [info     ] algorithm2_decision            action=MAINTAIN applied_target=6 current_replicas=7 hold_until=0.0 observed_load=86.93 observed_target=6 point_forecasts=None prediction_age_sec=None predictive_target=6 proactive=False scenario=s3-hybrid-reactive target_replicas=6 upper_forecasts=None
2026-08-09 04:27:32 [debug    ] Decision loop completed        action=MAINTAIN latency_ms=101.57 p99=134.0
2026-08-09 04:27:47 [info     ] algorithm2_scaling_decision    action=SCALE_DOWN alpha=0.060060060060060066 beta=0.0 buffer=1.0 current_replicas=7 predicted_load=69.49176355426133 required_resources=4.174 target_replicas=5
2026-08-09 04:27:47 [info     ] algorithm2_decision            action=SCALE_DOWN applied_target=5 current_replicas=7 hold_until=0.0 observed_load=69.49 observed_target=5 point_forecasts=None prediction_age_sec=None predictive_target=5 proactive=False scenario=s3-hybrid-reactive target_replicas=5 upper_forecasts=None
2026-08-09 04:27:47 [info     ] k8s_scale_executed             deployment=test-app-warm replicas=5
2026-08-09 04:27:47 [debug    ] Decision loop completed        action=MAINTAIN latency_ms=137.45 p99=134.0
2026-08-09 04:28:02 [info     ] algorithm2_scaling_decision    action=MAINTAIN alpha=0.060060060060060066 beta=0.0 buffer=1.0 current_replicas=5 predicted_load=53.415596298370104 required_resources=3.208 target_replicas=4
2026-08-09 04:28:02 [info     ] algorithm2_decision            action=MAINTAIN applied_target=4 current_replicas=5 hold_until=0.0 observed_load=53.42 observed_target=4 point_forecasts=None prediction_age_sec=None predictive_target=4 proactive=False scenario=s3-hybrid-reactive target_replicas=4 upper_forecasts=None
2026-08-09 04:28:02 [debug    ] Decision loop completed        action=MAINTAIN latency_ms=97.68 p99=134.0
2026-08-09 04:28:17 [info     ] algorithm2_scaling_decision    action=SCALE_DOWN alpha=0.060060060060060066 beta=0.0 buffer=1.0 current_replicas=5 predicted_load=44.7479920700363 required_resources=2.688 target_replicas=3
2026-08-09 04:28:17 [info     ] algorithm2_decision            action=SCALE_DOWN applied_target=3 current_replicas=5 hold_until=0.0 observed_load=44.75 observed_target=3 point_forecasts=None prediction_age_sec=None predictive_target=3 proactive=False scenario=s3-hybrid-reactive target_replicas=3 upper_forecasts=None
2026-08-09 04:28:17 [debug    ] Decision loop completed        action=MAINTAIN latency_ms=98.6 p99=134.0
2026-08-09 04:28:32 [debug    ] HAProxy fallback latency       delta_requests=667 interval_avg_ms=186.01 max_rtime_ms=442.0 p99_est=372.03
2026-08-09 04:28:32 [info     ] algorithm2_scaling_decision    action=SCALE_DOWN alpha=0.060060060060060066 beta=0.0 buffer=1.0 current_replicas=5 predicted_load=43.84508806518435 required_resources=2.633 target_replicas=3
2026-08-09 04:28:32 [info     ] algorithm2_decision            action=SCALE_DOWN applied_target=3 current_replicas=5 hold_until=0.0 observed_load=43.85 observed_target=3 point_forecasts=None prediction_age_sec=None predictive_target=3 proactive=False scenario=s3-hybrid-reactive target_replicas=3 upper_forecasts=None
2026-08-09 04:28:32 [debug    ] Decision loop completed        action=MAINTAIN latency_ms=106.91 p99=372.02698650674665
2026-08-09 04:28:48 [debug    ] HAProxy fallback latency       delta_requests=775 interval_avg_ms=171.01 max_rtime_ms=442.0 p99_est=342.02
2026-08-09 04:28:48 [info     ] algorithm2_scaling_decision    action=SCALE_DOWN alpha=0.060060060060060066 beta=0.0 buffer=1.0 current_replicas=5 predicted_load=47.70612954886095 required_resources=2.865 target_replicas=3
2026-08-09 04:28:48 [info     ] algorithm2_decision            action=SCALE_DOWN applied_target=3 current_replicas=5 hold_until=0.0 observed_load=47.71 observed_target=3 point_forecasts=None prediction_age_sec=None predictive_target=3 proactive=False scenario=s3-hybrid-reactive target_replicas=3 upper_forecasts=None
2026-08-09 04:28:48 [debug    ] Decision loop completed        action=MAINTAIN latency_ms=102.04 p99=342.0206451612903
2026-08-09 04:29:03 [info     ] algorithm2_scaling_decision    action=MAINTAIN alpha=0.060060060060060066 beta=0.0 buffer=1.0 current_replicas=5 predicted_load=53.89241059945458 required_resources=3.237 target_replicas=4
2026-08-09 04:29:03 [info     ] algorithm2_decision            action=MAINTAIN applied_target=4 current_replicas=5 hold_until=0.0 observed_load=53.89 observed_target=4 point_forecasts=None prediction_age_sec=None predictive_target=4 proactive=False scenario=s3-hybrid-reactive target_replicas=4 upper_forecasts=None
2026-08-09 04:29:03 [debug    ] Decision loop completed        action=MAINTAIN latency_ms=102.85 p99=342.0206451612903
2026-08-09 04:29:18 [debug    ] HAProxy fallback latency       delta_requests=716 interval_avg_ms=181.94 max_rtime_ms=442.0 p99_est=363.88
2026-08-09 04:29:18 [info     ] algorithm2_scaling_decision    action=MAINTAIN alpha=0.060060060060060066 beta=0.0 buffer=1.0 current_replicas=5 predicted_load=52.0091596314005 required_resources=3.124 target_replicas=4
2026-08-09 04:29:18 [info     ] algorithm2_decision            action=MAINTAIN applied_target=4 current_replicas=5 hold_until=0.0 observed_load=52.01 observed_target=4 point_forecasts=None prediction_age_sec=None predictive_target=4 proactive=False scenario=s3-hybrid-reactive target_replicas=4 upper_forecasts=None
2026-08-09 04:29:18 [debug    ] Decision loop completed        action=MAINTAIN latency_ms=107.09 p99=363.877094972067
2026-08-09 04:29:33 [debug    ] HAProxy fallback latency       delta_requests=579 interval_avg_ms=66.0 max_rtime_ms=442.0 p99_est=132.0
2026-08-09 04:29:33 [info     ] algorithm2_scaling_decision    action=SCALE_DOWN alpha=0.060060060060060066 beta=0.0 buffer=1.0 current_replicas=5 predicted_load=42.89885953751373 required_resources=2.577 target_replicas=3
2026-08-09 04:29:33 [info     ] algorithm2_decision            action=SCALE_DOWN applied_target=3 current_replicas=5 hold_until=0.0 observed_load=42.9 observed_target=3 point_forecasts=None prediction_age_sec=None predictive_target=3 proactive=False scenario=s3-hybrid-reactive target_replicas=3 upper_forecasts=None
2026-08-09 04:29:33 [debug    ] Decision loop completed        action=MAINTAIN latency_ms=101.04 p99=132.0
2026-08-09 04:29:48 [debug    ] HAProxy fallback latency       delta_requests=583 interval_avg_ms=66.0 max_rtime_ms=442.0 p99_est=132.0
2026-08-09 04:29:48 [info     ] algorithm2_scaling_decision    action=SCALE_DOWN alpha=0.060060060060060066 beta=0.0 buffer=1.0 current_replicas=5 predicted_load=38.465279972357735 required_resources=2.31 target_replicas=3
2026-08-09 04:29:48 [info     ] algorithm2_decision            action=SCALE_DOWN applied_target=3 current_replicas=5 hold_until=0.0 observed_load=38.47 observed_target=3 point_forecasts=None prediction_age_sec=None predictive_target=3 proactive=False scenario=s3-hybrid-reactive target_replicas=3 upper_forecasts=None
2026-08-09 04:29:48 [info     ] k8s_scale_executed             deployment=test-app-warm replicas=3
2026-08-09 04:29:48 [debug    ] Decision loop completed        action=MAINTAIN latency_ms=137.79 p99=132.0
2026-08-09 04:30:03 [info     ] algorithm2_scaling_decision    action=MAINTAIN alpha=0.060060060060060066 beta=0.0 buffer=1.0 current_replicas=3 predicted_load=39.419124678065444 required_resources=2.368 target_replicas=3
2026-08-09 04:30:03 [info     ] algorithm2_decision            action=MAINTAIN applied_target=3 current_replicas=3 hold_until=0.0 observed_load=39.42 observed_target=3 point_forecasts=None prediction_age_sec=None predictive_target=3 proactive=False scenario=s3-hybrid-reactive target_replicas=3 upper_forecasts=None
2026-08-09 04:30:03 [debug    ] Decision loop completed        action=MAINTAIN latency_ms=103.14 p99=132.0
2026-08-09 04:30:18 [info     ] algorithm2_scaling_decision    action=MAINTAIN alpha=0.060060060060060066 beta=0.0 buffer=1.0 current_replicas=3 predicted_load=40.905915323350314 required_resources=2.457 target_replicas=3
2026-08-09 04:30:18 [info     ] algorithm2_decision            action=MAINTAIN applied_target=3 current_replicas=3 hold_until=0.0 observed_load=40.91 observed_target=3 point_forecasts=None prediction_age_sec=None predictive_target=3 proactive=False scenario=s3-hybrid-reactive target_replicas=3 upper_forecasts=None
2026-08-09 04:30:18 [debug    ] Decision loop completed        action=MAINTAIN latency_ms=104.57 p99=132.0
2026-08-09 04:30:33 [debug    ] HAProxy fallback latency       delta_requests=662 interval_avg_ms=64.0 max_rtime_ms=442.0 p99_est=128.0
2026-08-09 04:30:33 [info     ] algorithm2_scaling_decision    action=MAINTAIN alpha=0.060060060060060066 beta=0.0 buffer=1.0 current_replicas=3 predicted_load=42.703533827475084 required_resources=2.565 target_replicas=3
2026-08-09 04:30:33 [info     ] algorithm2_decision            action=MAINTAIN applied_target=3 current_replicas=3 hold_until=0.0 observed_load=42.7 observed_target=3 point_forecasts=None prediction_age_sec=None predictive_target=3 proactive=False scenario=s3-hybrid-reactive target_replicas=3 upper_forecasts=None
2026-08-09 04:30:33 [debug    ] Decision loop completed        action=MAINTAIN latency_ms=96.4 p99=128.0
2026-08-09 04:30:48 [debug    ] HAProxy fallback latency       delta_requests=740 interval_avg_ms=300.57 max_rtime_ms=442.0 p99_est=442.0
2026-08-09 04:30:48 [info     ] algorithm2_scaling_decision    action=MAINTAIN alpha=0.060060060060060066 beta=0.0 buffer=1.0 current_replicas=3 predicted_load=46.4235393774022 required_resources=2.788 target_replicas=3
2026-08-09 04:30:48 [info     ] algorithm2_decision            action=MAINTAIN applied_target=3 current_replicas=3 hold_until=0.0 observed_load=46.42 observed_target=3 point_forecasts=None prediction_age_sec=None predictive_target=3 proactive=False scenario=s3-hybrid-reactive target_replicas=3 upper_forecasts=None
2026-08-09 04:30:48 [debug    ] Decision loop completed        action=MAINTAIN latency_ms=105.73 p99=442.0
2026-08-09 04:31:04 [info     ] algorithm2_scaling_decision    action=MAINTAIN alpha=0.060060060060060066 beta=0.0 buffer=1.0 current_replicas=3 predicted_load=35.10108263391055 required_resources=2.108 target_replicas=3
2026-08-09 04:31:04 [info     ] algorithm2_decision            action=MAINTAIN applied_target=3 current_replicas=3 hold_until=0.0 observed_load=35.1 observed_target=3 point_forecasts=None prediction_age_sec=None predictive_target=3 proactive=False scenario=s3-hybrid-reactive target_replicas=3 upper_forecasts=None
2026-08-09 04:31:04 [debug    ] Decision loop completed        action=MAINTAIN latency_ms=112.1 p99=442.0
2026-08-09 04:31:19 [info     ] algorithm2_scaling_decision    action=MAINTAIN alpha=0.060060060060060066 beta=0.0 buffer=1.0 current_replicas=3 predicted_load=10.591708696596607 required_resources=0.636 target_replicas=3
2026-08-09 04:31:19 [info     ] algorithm2_decision            action=MAINTAIN applied_target=3 current_replicas=3 hold_until=0.0 observed_load=10.59 observed_target=3 point_forecasts=None prediction_age_sec=None predictive_target=3 proactive=False scenario=s3-hybrid-reactive target_replicas=3 upper_forecasts=None
2026-08-09 04:31:19 [debug    ] Decision loop completed        action=MAINTAIN latency_ms=109.91 p99=442.0
2026-08-09 04:31:34 [info     ] algorithm2_scaling_decision    action=MAINTAIN alpha=0.060060060060060066 beta=0.0 buffer=1.0 current_replicas=3 predicted_load=0.0 required_resources=0.0 target_replicas=3
2026-08-09 04:31:34 [info     ] algorithm2_decision            action=MAINTAIN applied_target=3 current_replicas=3 hold_until=0.0 observed_load=0.0 observed_target=3 point_forecasts=None prediction_age_sec=None predictive_target=3 proactive=False scenario=s3-hybrid-reactive target_replicas=3 upper_forecasts=None
2026-08-09 04:31:34 [debug    ] Decision loop completed        action=MAINTAIN latency_ms=106.35 p99=442.0
2026-08-09 04:31:49 [info     ] algorithm2_scaling_decision    action=MAINTAIN alpha=0.060060060060060066 beta=0.0 buffer=1.0 current_replicas=3 predicted_load=0.0 required_resources=0.0 target_replicas=3
2026-08-09 04:31:49 [info     ] algorithm2_decision            action=MAINTAIN applied_target=3 current_replicas=3 hold_until=0.0 observed_load=0.0 observed_target=3 point_forecasts=None prediction_age_sec=None predictive_target=3 proactive=False scenario=s3-hybrid-reactive target_replicas=3 upper_forecasts=None
2026-08-09 04:31:49 [debug    ] Decision loop completed        action=MAINTAIN latency_ms=106.99 p99=442.0
2026-08-09 04:31:55 [info     ] Received shutdown signal
2026-08-09 04:31:55 [info     ] Stopping routing daemon...
2026-08-09 04:31:55 [info     ] Routing daemon stopped
