2026-09-11 16:39:12 [info     ] SLOMonitor initialized         threshold_ms=200.0 violation_window=30
2026-09-11 16:39:12 [info     ] Algorithm1Controller initialized cooldown=15 weight_step=10
2026-09-11 16:39:12 [info     ] HAProxyWeightAdjuster initialized backend=servers host=localhost port=19999
2026-09-11 16:39:12 [info     ] GRUClient initialized          base_url=http://localhost:8090
2026-09-11 16:39:12 [info     ] K8sScaler initialized          deployment=test-app-warm namespace=default
2026-09-11 16:39:12 [info     ] RoutingDaemon initialized      decision_interval=15 description='Static routing to K8s cluster only' scenario=s1-k8s-only use_algorithm=False use_predictions=False
2026-09-11 16:39:12 [info     ] Starting routing daemon        interval=15 scenario=s1-k8s-only
2026-09-11 16:39:12 [info     ] Weights updated                k3s=100 knative=0
2026-09-11 16:39:12 [info     ] Initial weights applied        k3s=100 knative=0
2026-09-11 16:39:12 [error    ] HPA conflict detected — Algorithm 2 manual scaling may conflict with HPA deployment=test-app-warm hpa_name=test-app-warm
2026-09-11 16:39:12 [error    ] HPA detected — Algorithm 2 scaling may conflict with HPA
2026-09-11 16:39:12 [debug    ] Static scenario - no decision needed scenario=s1-k8s-only weights={'k3s': 100, 'knative': 0}
2026-09-11 16:39:27 [debug    ] Static scenario - no decision needed scenario=s1-k8s-only weights={'k3s': 100, 'knative': 0}
2026-09-11 16:39:42 [debug    ] Static scenario - no decision needed scenario=s1-k8s-only weights={'k3s': 100, 'knative': 0}
2026-09-11 16:39:57 [debug    ] Static scenario - no decision needed scenario=s1-k8s-only weights={'k3s': 100, 'knative': 0}
2026-09-11 16:40:12 [debug    ] Static scenario - no decision needed scenario=s1-k8s-only weights={'k3s': 100, 'knative': 0}
2026-09-11 16:40:28 [debug    ] Static scenario - no decision needed scenario=s1-k8s-only weights={'k3s': 100, 'knative': 0}
2026-09-11 16:40:43 [debug    ] Static scenario - no decision needed scenario=s1-k8s-only weights={'k3s': 100, 'knative': 0}
2026-09-11 16:40:58 [debug    ] Static scenario - no decision needed scenario=s1-k8s-only weights={'k3s': 100, 'knative': 0}
2026-09-11 16:41:13 [debug    ] Static scenario - no decision needed scenario=s1-k8s-only weights={'k3s': 100, 'knative': 0}
2026-09-11 16:41:28 [debug    ] Static scenario - no decision needed scenario=s1-k8s-only weights={'k3s': 100, 'knative': 0}
2026-09-11 16:41:43 [debug    ] Static scenario - no decision needed scenario=s1-k8s-only weights={'k3s': 100, 'knative': 0}
2026-09-11 16:41:58 [debug    ] Static scenario - no decision needed scenario=s1-k8s-only weights={'k3s': 100, 'knative': 0}
2026-09-11 16:42:13 [debug    ] Static scenario - no decision needed scenario=s1-k8s-only weights={'k3s': 100, 'knative': 0}
2026-09-11 16:42:28 [debug    ] Static scenario - no decision needed scenario=s1-k8s-only weights={'k3s': 100, 'knative': 0}
2026-09-11 16:42:43 [debug    ] Static scenario - no decision needed scenario=s1-k8s-only weights={'k3s': 100, 'knative': 0}
2026-09-11 16:42:58 [debug    ] Static scenario - no decision needed scenario=s1-k8s-only weights={'k3s': 100, 'knative': 0}
2026-09-11 16:43:13 [debug    ] Static scenario - no decision needed scenario=s1-k8s-only weights={'k3s': 100, 'knative': 0}
2026-09-11 16:43:29 [debug    ] Static scenario - no decision needed scenario=s1-k8s-only weights={'k3s': 100, 'knative': 0}
2026-09-11 16:43:44 [debug    ] Static scenario - no decision needed scenario=s1-k8s-only weights={'k3s': 100, 'knative': 0}
2026-09-11 16:43:59 [debug    ] Static scenario - no decision needed scenario=s1-k8s-only weights={'k3s': 100, 'knative': 0}
2026-09-11 16:44:03 [info     ] Received shutdown signal
2026-09-11 16:44:03 [info     ] Stopping routing daemon...
2026-09-11 16:44:03 [info     ] Routing daemon stopped
