2026-07-14 02:45:50 [info     ] SLOMonitor initialized         threshold_ms=200.0 violation_window=30
2026-07-14 02:45:50 [info     ] Algorithm1ControllerV3 initialized max_knative=50 r_saturation=33.3 target_cpu_util=0.5 total_budget=1000
2026-07-14 02:45:50 [info     ] Using V3 controller (Capacity-Driven) scenario=s3-hybrid-reactive version=v3
2026-07-14 02:45:50 [info     ] HAProxyWeightAdjuster initialized backend=servers host=localhost port=19999
2026-07-14 02:45:50 [info     ] GRUClient initialized          base_url=http://localhost:8090
2026-07-14 02:45:50 [info     ] K8sScaler initialized          deployment=test-app-warm namespace=default
2026-07-14 02:45:50 [info     ] RoutingDaemon initialized      decision_interval=15 description='Algorithm 1 reactive routing without predictions' scenario=s3-hybrid-reactive use_algorithm=True use_predictions=False
2026-07-14 02:45:50 [info     ] Starting routing daemon        interval=15 scenario=s3-hybrid-reactive
2026-07-14 02:45:50 [info     ] Weights updated                k3s=80 knative=20
2026-07-14 02:45:50 [info     ] Initial weights applied        k3s=80 knative=20
2026-07-14 02:45:50 [debug    ] HAProxy fallback primed        total_requests=0
2026-07-14 02:45:50 [info     ] algorithm2_scaling_decision    action=MAINTAIN alpha=0.060060060060060066 beta=0.0 buffer=1.0 current_replicas=3 predicted_load=0.0 required_resources=0.0 target_replicas=3
2026-07-14 02:45:50 [info     ] algorithm2_decision            action=MAINTAIN applied_target=3 current_replicas=3 hold_until=0.0 observed_load=0.0 observed_target=3 point_forecasts=None prediction_age_sec=None predictive_target=3 proactive=False scenario=s3-hybrid-reactive target_replicas=3 upper_forecasts=None
2026-07-14 02:45:50 [debug    ] Decision loop completed        action=MAINTAIN latency_ms=115.92 p99=0.0
2026-07-14 02:46:05 [info     ] algorithm2_scaling_decision    action=MAINTAIN alpha=0.060060060060060066 beta=0.0 buffer=1.0 current_replicas=3 predicted_load=0.0 required_resources=0.0 target_replicas=3
2026-07-14 02:46:05 [info     ] algorithm2_decision            action=MAINTAIN applied_target=3 current_replicas=3 hold_until=0.0 observed_load=0.0 observed_target=3 point_forecasts=None prediction_age_sec=None predictive_target=3 proactive=False scenario=s3-hybrid-reactive target_replicas=3 upper_forecasts=None
2026-07-14 02:46:05 [debug    ] Decision loop completed        action=MAINTAIN latency_ms=107.69 p99=0.0
2026-07-14 02:46:20 [info     ] algorithm2_scaling_decision    action=MAINTAIN alpha=0.060060060060060066 beta=0.0 buffer=1.0 current_replicas=3 predicted_load=0.0 required_resources=0.0 target_replicas=3
2026-07-14 02:46:20 [info     ] algorithm2_decision            action=MAINTAIN applied_target=3 current_replicas=3 hold_until=0.0 observed_load=0.0 observed_target=3 point_forecasts=None prediction_age_sec=None predictive_target=3 proactive=False scenario=s3-hybrid-reactive target_replicas=3 upper_forecasts=None
2026-07-14 02:46:20 [debug    ] Decision loop completed        action=MAINTAIN latency_ms=113.37 p99=0.0
2026-07-14 02:46:35 [debug    ] HAProxy fallback latency       delta_requests=641 interval_avg_ms=64.0 max_rtime_ms=94.0 p99_est=94.0
2026-07-14 02:46:35 [info     ] controller_decision_v3         action=RECOVERY available_replicas=3 budget_remaining=1000 burn_adjustment=0 burst_ratio=0 capacity_deficit=False confidence=0 current_load=42.28022712715747 decision_id=8227c407 k8s_capacity=49.9 k8s_weight=100 knative_weight=0 p99=94.0 predicted_load=0 r_effective=16.6 serverless_enabled=False total_load=42.3 weights_after={'k3s': 100, 'knative': 0} weights_before={'k3s': 80, 'knative': 20}
2026-07-14 02:46:35 [info     ] Weights updated                k3s=100 knative=0
2026-07-14 02:46:35 [info     ] Weights updated                action=RECOVERY reason='load=42RPS | k8s_cap=50RPS | (reducing-serverless)' weights={'k3s': 100, 'knative': 0}
2026-07-14 02:46:35 [info     ] algorithm2_scaling_decision    action=MAINTAIN alpha=0.060060060060060066 beta=0.0 buffer=1.0 current_replicas=3 predicted_load=21.140113563578733 required_resources=1.27 target_replicas=3
2026-07-14 02:46:35 [info     ] algorithm2_decision            action=MAINTAIN applied_target=3 current_replicas=3 hold_until=0.0 observed_load=21.14 observed_target=3 point_forecasts=None prediction_age_sec=None predictive_target=3 proactive=False scenario=s3-hybrid-reactive target_replicas=3 upper_forecasts=None
2026-07-14 02:46:35 [debug    ] Decision loop completed        action=RECOVERY latency_ms=145.4 p99=94.0
2026-07-14 02:46:50 [debug    ] HAProxy fallback latency       delta_requests=667 interval_avg_ms=64.0 max_rtime_ms=109.0 p99_est=109.0
2026-07-14 02:46:50 [info     ] algorithm2_scaling_decision    action=MAINTAIN alpha=0.060060060060060066 beta=0.0 buffer=1.0 current_replicas=3 predicted_load=43.15941769394129 required_resources=2.592 target_replicas=3
2026-07-14 02:46:50 [info     ] algorithm2_decision            action=MAINTAIN applied_target=3 current_replicas=3 hold_until=0.0 observed_load=43.16 observed_target=3 point_forecasts=None prediction_age_sec=None predictive_target=3 proactive=False scenario=s3-hybrid-reactive target_replicas=3 upper_forecasts=None
2026-07-14 02:46:50 [debug    ] Decision loop completed        action=MAINTAIN latency_ms=115.18 p99=109.0
2026-07-14 02:47:05 [debug    ] HAProxy fallback latency       delta_requests=716 interval_avg_ms=69.65 max_rtime_ms=109.0 p99_est=109.0
2026-07-14 02:47:05 [info     ] algorithm2_scaling_decision    action=MAINTAIN alpha=0.060060060060060066 beta=0.0 buffer=1.0 current_replicas=3 predicted_load=45.704792391693374 required_resources=2.745 target_replicas=3
2026-07-14 02:47:05 [info     ] algorithm2_decision            action=MAINTAIN applied_target=3 current_replicas=3 hold_until=0.0 observed_load=45.7 observed_target=3 point_forecasts=None prediction_age_sec=None predictive_target=3 proactive=False scenario=s3-hybrid-reactive target_replicas=3 upper_forecasts=None
2026-07-14 02:47:05 [debug    ] Decision loop completed        action=MAINTAIN latency_ms=112.21 p99=109.0
2026-07-14 02:47:20 [debug    ] HAProxy fallback latency       delta_requests=823 interval_avg_ms=66.0 max_rtime_ms=128.0 p99_est=128.0
2026-07-14 02:47:20 [info     ] Knative pre-warm OK            cold_start_ms=2.9
2026-07-14 02:47:20 [info     ] controller_decision_v3         action=REACTIVE available_replicas=3 budget_remaining=1000 burn_adjustment=0 burst_ratio=0.0817 capacity_deficit=False confidence=0 current_load=54.39371419737361 decision_id=7fa5d9b1 k8s_capacity=49.9 k8s_weight=91 knative_weight=9 p99=128.0 predicted_load=0 r_effective=16.6 serverless_enabled=True total_load=54.4 weights_after={'k3s': 91, 'knative': 9} weights_before={'k3s': 100, 'knative': 0}
2026-07-14 02:47:20 [info     ] Weights updated                k3s=91 knative=9
2026-07-14 02:47:20 [info     ] Weights updated                action=REACTIVE reason='load=54RPS | k8s_cap=50RPS | (burst-routing)' weights={'k3s': 91, 'knative': 9}
2026-07-14 02:47:20 [info     ] algorithm2_scaling_decision    action=SCALE_UP alpha=0.060060060060060066 beta=0.0 buffer=1.0 current_replicas=3 predicted_load=50.882345360017624 required_resources=3.056 target_replicas=4
2026-07-14 02:47:20 [info     ] algorithm2_decision            action=SCALE_UP applied_target=4 current_replicas=3 hold_until=0.0 observed_load=50.88 observed_target=4 point_forecasts=None prediction_age_sec=None predictive_target=4 proactive=False scenario=s3-hybrid-reactive target_replicas=4 upper_forecasts=None
2026-07-14 02:47:20 [info     ] k8s_scale_executed             deployment=test-app-warm replicas=4
2026-07-14 02:47:20 [debug    ] Decision loop completed        action=REACTIVE latency_ms=166.79 p99=128.0
2026-07-14 02:47:35 [debug    ] HAProxy fallback latency       delta_requests=769 interval_avg_ms=61.3 max_rtime_ms=128.0 p99_est=122.6
2026-07-14 02:47:36 [info     ] controller_decision_v3         action=RECOVERY available_replicas=4 budget_remaining=1000 burn_adjustment=0 burst_ratio=0 capacity_deficit=False confidence=0 current_load=50.76623625534432 decision_id=ace7c0a5 k8s_capacity=66.6 k8s_weight=100 knative_weight=0 p99=122.6 predicted_load=0 r_effective=16.6 serverless_enabled=False total_load=50.8 weights_after={'k3s': 100, 'knative': 0} weights_before={'k3s': 91, 'knative': 9}
2026-07-14 02:47:36 [info     ] Weights updated                k3s=100 knative=0
2026-07-14 02:47:36 [info     ] Weights updated                action=RECOVERY reason='load=51RPS | k8s_cap=67RPS | (reducing-serverless)' weights={'k3s': 100, 'knative': 0}
2026-07-14 02:47:36 [info     ] Scale readiness observed       elapsed_sec=15.2 ewma_delay=46.5 samples=1 target=4
2026-07-14 02:47:36 [info     ] algorithm2_scaling_decision    action=MAINTAIN alpha=0.060060060060060066 beta=0.0 buffer=1.0 current_replicas=4 predicted_load=52.57997522635897 required_resources=3.158 target_replicas=4
2026-07-14 02:47:36 [info     ] algorithm2_decision            action=MAINTAIN applied_target=4 current_replicas=4 hold_until=0.0 observed_load=52.58 observed_target=4 point_forecasts=None prediction_age_sec=None predictive_target=4 proactive=False scenario=s3-hybrid-reactive target_replicas=4 upper_forecasts=None
2026-07-14 02:47:36 [debug    ] Decision loop completed        action=RECOVERY latency_ms=153.59 p99=122.59557867360208
2026-07-14 02:47:51 [debug    ] HAProxy fallback latency       delta_requests=547 interval_avg_ms=57.39 max_rtime_ms=128.0 p99_est=114.78
2026-07-14 02:47:51 [info     ] algorithm2_scaling_decision    action=MAINTAIN alpha=0.060060060060060066 beta=0.0 buffer=1.0 current_replicas=4 predicted_load=43.46439288129372 required_resources=2.61 target_replicas=3
2026-07-14 02:47:51 [info     ] algorithm2_decision            action=MAINTAIN applied_target=3 current_replicas=4 hold_until=0.0 observed_load=43.46 observed_target=3 point_forecasts=None prediction_age_sec=None predictive_target=3 proactive=False scenario=s3-hybrid-reactive target_replicas=3 upper_forecasts=None
2026-07-14 02:47:51 [debug    ] Decision loop completed        action=MAINTAIN latency_ms=117.98 p99=114.77879341864717
2026-07-14 02:48:06 [debug    ] HAProxy fallback latency       delta_requests=411 interval_avg_ms=64.0 max_rtime_ms=128.0 p99_est=128.0
2026-07-14 02:48:06 [info     ] algorithm2_scaling_decision    action=MAINTAIN alpha=0.060060060060060066 beta=0.0 buffer=1.0 current_replicas=4 predicted_load=31.67475183622709 required_resources=1.902 target_replicas=3
2026-07-14 02:48:06 [info     ] algorithm2_decision            action=MAINTAIN applied_target=3 current_replicas=4 hold_until=0.0 observed_load=31.67 observed_target=3 point_forecasts=None prediction_age_sec=None predictive_target=3 proactive=False scenario=s3-hybrid-reactive target_replicas=3 upper_forecasts=None
2026-07-14 02:48:06 [debug    ] Decision loop completed        action=MAINTAIN latency_ms=104.76 p99=128.0
2026-07-14 02:48:21 [debug    ] HAProxy fallback latency       delta_requests=357 interval_avg_ms=64.0 max_rtime_ms=128.0 p99_est=128.0
2026-07-14 02:48:21 [info     ] algorithm2_scaling_decision    action=MAINTAIN alpha=0.060060060060060066 beta=0.0 buffer=1.0 current_replicas=4 predicted_load=25.41075294343409 required_resources=1.526 target_replicas=3
2026-07-14 02:48:21 [info     ] algorithm2_decision            action=MAINTAIN applied_target=3 current_replicas=4 hold_until=0.0 observed_load=25.41 observed_target=3 point_forecasts=None prediction_age_sec=None predictive_target=3 proactive=False scenario=s3-hybrid-reactive target_replicas=3 upper_forecasts=None
2026-07-14 02:48:21 [debug    ] Decision loop completed        action=MAINTAIN latency_ms=114.88 p99=128.0
2026-07-14 02:48:36 [debug    ] HAProxy fallback latency       delta_requests=486 interval_avg_ms=64.0 max_rtime_ms=128.0 p99_est=128.0
2026-07-14 02:48:36 [info     ] algorithm2_scaling_decision    action=MAINTAIN alpha=0.060060060060060066 beta=0.0 buffer=1.0 current_replicas=4 predicted_load=27.89312036264097 required_resources=1.675 target_replicas=3
2026-07-14 02:48:36 [info     ] algorithm2_decision            action=MAINTAIN applied_target=3 current_replicas=4 hold_until=0.0 observed_load=27.89 observed_target=3 point_forecasts=None prediction_age_sec=None predictive_target=3 proactive=False scenario=s3-hybrid-reactive target_replicas=3 upper_forecasts=None
2026-07-14 02:48:36 [debug    ] Decision loop completed        action=MAINTAIN latency_ms=111.04 p99=128.0
2026-07-14 02:48:51 [debug    ] HAProxy fallback latency       delta_requests=775 interval_avg_ms=64.0 max_rtime_ms=128.0 p99_est=128.0
2026-07-14 02:48:51 [info     ] algorithm2_scaling_decision    action=MAINTAIN alpha=0.060060060060060066 beta=0.0 buffer=1.0 current_replicas=4 predicted_load=41.68686466680545 required_resources=2.504 target_replicas=3
2026-07-14 02:48:51 [info     ] algorithm2_decision            action=MAINTAIN applied_target=3 current_replicas=4 hold_until=0.0 observed_load=41.69 observed_target=3 point_forecasts=None prediction_age_sec=None predictive_target=3 proactive=False scenario=s3-hybrid-reactive target_replicas=3 upper_forecasts=None
2026-07-14 02:48:51 [debug    ] Decision loop completed        action=MAINTAIN latency_ms=112.64 p99=128.0
2026-07-14 02:49:06 [debug    ] HAProxy fallback latency       delta_requests=812 interval_avg_ms=72.63 max_rtime_ms=128.0 p99_est=128.0
2026-07-14 02:49:06 [info     ] algorithm2_scaling_decision    action=MAINTAIN alpha=0.060060060060060066 beta=0.0 buffer=1.0 current_replicas=4 predicted_load=52.47629217366079 required_resources=3.152 target_replicas=4
2026-07-14 02:49:06 [info     ] algorithm2_decision            action=MAINTAIN applied_target=4 current_replicas=4 hold_until=0.0 observed_load=52.48 observed_target=4 point_forecasts=None prediction_age_sec=None predictive_target=4 proactive=False scenario=s3-hybrid-reactive target_replicas=4 upper_forecasts=None
2026-07-14 02:49:06 [debug    ] Decision loop completed        action=MAINTAIN latency_ms=109.82 p99=128.0
2026-07-14 02:49:21 [debug    ] HAProxy fallback latency       delta_requests=636 interval_avg_ms=65.0 max_rtime_ms=128.0 p99_est=128.0
2026-07-14 02:49:21 [info     ] algorithm2_scaling_decision    action=MAINTAIN alpha=0.060060060060060066 beta=0.0 buffer=1.0 current_replicas=4 predicted_load=47.94357894713339 required_resources=2.879 target_replicas=3
2026-07-14 02:49:21 [info     ] algorithm2_decision            action=MAINTAIN applied_target=3 current_replicas=4 hold_until=0.0 observed_load=47.94 observed_target=3 point_forecasts=None prediction_age_sec=None predictive_target=3 proactive=False scenario=s3-hybrid-reactive target_replicas=3 upper_forecasts=None
2026-07-14 02:49:21 [debug    ] Decision loop completed        action=MAINTAIN latency_ms=117.8 p99=128.0
2026-07-14 02:49:36 [debug    ] HAProxy fallback latency       delta_requests=658 interval_avg_ms=77.61 max_rtime_ms=128.0 p99_est=128.0
2026-07-14 02:49:36 [info     ] algorithm2_scaling_decision    action=MAINTAIN alpha=0.060060060060060066 beta=0.0 buffer=1.0 current_replicas=4 predicted_load=42.80802235155286 required_resources=2.571 target_replicas=3
2026-07-14 02:49:36 [info     ] algorithm2_decision            action=MAINTAIN applied_target=3 current_replicas=4 hold_until=0.0 observed_load=42.81 observed_target=3 point_forecasts=None prediction_age_sec=None predictive_target=3 proactive=False scenario=s3-hybrid-reactive target_replicas=3 upper_forecasts=None
2026-07-14 02:49:36 [debug    ] Decision loop completed        action=MAINTAIN latency_ms=115.1 p99=128.0
2026-07-14 02:49:52 [debug    ] HAProxy fallback latency       delta_requests=832 interval_avg_ms=66.0 max_rtime_ms=132.0 p99_est=132.0
2026-07-14 02:49:52 [info     ] algorithm2_scaling_decision    action=MAINTAIN alpha=0.060060060060060066 beta=0.0 buffer=1.0 current_replicas=4 predicted_load=49.251254553212505 required_resources=2.958 target_replicas=3
2026-07-14 02:49:52 [info     ] algorithm2_decision            action=MAINTAIN applied_target=3 current_replicas=4 hold_until=0.0 observed_load=49.25 observed_target=3 point_forecasts=None prediction_age_sec=None predictive_target=3 proactive=False scenario=s3-hybrid-reactive target_replicas=3 upper_forecasts=None
2026-07-14 02:49:52 [debug    ] Decision loop completed        action=MAINTAIN latency_ms=113.25 p99=132.0
2026-07-14 02:50:07 [debug    ] HAProxy fallback latency       delta_requests=916 interval_avg_ms=55.03 max_rtime_ms=144.0 p99_est=110.07
2026-07-14 02:50:07 [info     ] algorithm2_scaling_decision    action=MAINTAIN alpha=0.060060060060060066 beta=0.0 buffer=1.0 current_replicas=4 predicted_load=57.79239607572389 required_resources=3.471 target_replicas=4
2026-07-14 02:50:07 [info     ] algorithm2_decision            action=MAINTAIN applied_target=4 current_replicas=4 hold_until=0.0 observed_load=57.79 observed_target=4 point_forecasts=None prediction_age_sec=None predictive_target=4 proactive=False scenario=s3-hybrid-reactive target_replicas=4 upper_forecasts=None
2026-07-14 02:50:07 [debug    ] Decision loop completed        action=MAINTAIN latency_ms=116.93 p99=110.06550218340611
2026-07-14 02:50:22 [debug    ] HAProxy fallback latency       delta_requests=931 interval_avg_ms=65.0 max_rtime_ms=144.0 p99_est=130.0
2026-07-14 02:50:22 [info     ] algorithm2_scaling_decision    action=MAINTAIN alpha=0.060060060060060066 beta=0.0 buffer=1.0 current_replicas=4 predicted_load=61.09682216005387 required_resources=3.669 target_replicas=4
2026-07-14 02:50:22 [info     ] algorithm2_decision            action=MAINTAIN applied_target=4 current_replicas=4 hold_until=0.0 observed_load=61.1 observed_target=4 point_forecasts=None prediction_age_sec=None predictive_target=4 proactive=False scenario=s3-hybrid-reactive target_replicas=4 upper_forecasts=None
2026-07-14 02:50:22 [debug    ] Decision loop completed        action=MAINTAIN latency_ms=118.03 p99=130.0
2026-07-14 02:50:37 [debug    ] HAProxy fallback latency       delta_requests=1005 interval_avg_ms=76.92 max_rtime_ms=144.0 p99_est=144.0
2026-07-14 02:50:37 [info     ] algorithm2_scaling_decision    action=MAINTAIN alpha=0.060060060060060066 beta=0.0 buffer=1.0 current_replicas=4 predicted_load=64.03108518330599 required_resources=3.846 target_replicas=4
2026-07-14 02:50:37 [info     ] algorithm2_decision            action=MAINTAIN applied_target=4 current_replicas=4 hold_until=0.0 observed_load=64.03 observed_target=4 point_forecasts=None prediction_age_sec=None predictive_target=4 proactive=False scenario=s3-hybrid-reactive target_replicas=4 upper_forecasts=None
2026-07-14 02:50:37 [debug    ] Decision loop completed        action=MAINTAIN latency_ms=116.97 p99=144.0
2026-07-14 02:50:52 [debug    ] HAProxy fallback latency       delta_requests=1120 interval_avg_ms=66.0 max_rtime_ms=145.0 p99_est=132.0
2026-07-14 02:50:52 [info     ] Knative pre-warm OK            cold_start_ms=3.2
2026-07-14 02:50:52 [info     ] controller_decision_v3         action=REACTIVE available_replicas=4 budget_remaining=1000 burn_adjustment=0 burst_ratio=0.1011 capacity_deficit=False confidence=0 current_load=74.08901092816032 decision_id=2de5d1f5 k8s_capacity=66.6 k8s_weight=89 knative_weight=11 p99=132.0 predicted_load=0 r_effective=16.6 serverless_enabled=True total_load=74.1 weights_after={'k3s': 89, 'knative': 11} weights_before={'k3s': 100, 'knative': 0}
2026-07-14 02:50:52 [info     ] Weights updated                k3s=89 knative=11
2026-07-14 02:50:52 [info     ] Weights updated                action=REACTIVE reason='load=74RPS | k8s_cap=67RPS | (burst-routing)' weights={'k3s': 89, 'knative': 11}
2026-07-14 02:50:52 [info     ] algorithm2_scaling_decision    action=SCALE_UP alpha=0.060060060060060066 beta=0.0 buffer=1.0 current_replicas=4 predicted_load=70.24962542293089 required_resources=4.219 target_replicas=5
2026-07-14 02:50:52 [info     ] algorithm2_decision            action=SCALE_UP applied_target=5 current_replicas=4 hold_until=0.0 observed_load=70.25 observed_target=5 point_forecasts=None prediction_age_sec=None predictive_target=5 proactive=False scenario=s3-hybrid-reactive target_replicas=5 upper_forecasts=None
2026-07-14 02:50:52 [info     ] k8s_scale_executed             deployment=test-app-warm replicas=5
2026-07-14 02:50:52 [debug    ] Decision loop completed        action=REACTIVE latency_ms=156.33 p99=132.0
2026-07-14 02:51:07 [debug    ] HAProxy fallback latency       delta_requests=1278 interval_avg_ms=88.5 max_rtime_ms=308.0 p99_est=177.01
2026-07-14 02:51:07 [info     ] controller_decision_v3         action=RECOVERY available_replicas=5 budget_remaining=1000 burn_adjustment=0 burst_ratio=0.0127 capacity_deficit=False confidence=0 current_load=84.32099953421725 decision_id=6658b3d4 k8s_capacity=83.2 k8s_weight=98 knative_weight=2 p99=177.0 predicted_load=0 r_effective=16.6 serverless_enabled=True total_load=84.3 weights_after={'k3s': 98, 'knative': 2} weights_before={'k3s': 89, 'knative': 11}
2026-07-14 02:51:07 [info     ] Weights updated                k3s=98 knative=2
2026-07-14 02:51:07 [info     ] Weights updated                action=RECOVERY reason='load=84RPS | k8s_cap=83RPS | (reducing-serverless)' weights={'k3s': 98, 'knative': 2}
2026-07-14 02:51:07 [info     ] Scale readiness observed       elapsed_sec=15.2 ewma_delay=37.1 samples=2 target=5
2026-07-14 02:51:07 [info     ] algorithm2_scaling_decision    action=MAINTAIN alpha=0.060060060060060066 beta=0.0 buffer=1.0 current_replicas=5 predicted_load=79.20500523118878 required_resources=4.757 target_replicas=5
2026-07-14 02:51:07 [info     ] algorithm2_decision            action=MAINTAIN applied_target=5 current_replicas=5 hold_until=0.0 observed_load=79.21 observed_target=5 point_forecasts=None prediction_age_sec=None predictive_target=5 proactive=False scenario=s3-hybrid-reactive target_replicas=5 upper_forecasts=None
2026-07-14 02:51:07 [debug    ] Decision loop completed        action=RECOVERY latency_ms=153.9 p99=177.00782472613457
2026-07-14 02:51:22 [debug    ] HAProxy fallback latency       delta_requests=1463 interval_avg_ms=78.83 max_rtime_ms=308.0 p99_est=157.66
2026-07-14 02:51:22 [info     ] controller_decision_v3         action=REACTIVE available_replicas=5 budget_remaining=1000 burn_adjustment=0 burst_ratio=0.1371 capacity_deficit=False confidence=0 current_load=96.47306307087972 decision_id=d90315d3 k8s_capacity=83.2 k8s_weight=86 knative_weight=14 p99=157.7 predicted_load=0 r_effective=16.6 serverless_enabled=True total_load=96.5 weights_after={'k3s': 86, 'knative': 14} weights_before={'k3s': 98, 'knative': 2}
2026-07-14 02:51:22 [info     ] Weights updated                k3s=86 knative=14
2026-07-14 02:51:22 [info     ] Weights updated                action=REACTIVE reason='load=96RPS | k8s_cap=83RPS | (burst-routing)' weights={'k3s': 86, 'knative': 14}
2026-07-14 02:51:22 [info     ] algorithm2_scaling_decision    action=SCALE_UP alpha=0.060060060060060066 beta=0.0 buffer=1.0 current_replicas=5 predicted_load=90.39703130254848 required_resources=5.429 target_replicas=6
2026-07-14 02:51:22 [info     ] algorithm2_decision            action=SCALE_UP applied_target=6 current_replicas=5 hold_until=0.0 observed_load=90.4 observed_target=6 point_forecasts=None prediction_age_sec=None predictive_target=6 proactive=False scenario=s3-hybrid-reactive target_replicas=6 upper_forecasts=None
2026-07-14 02:51:22 [info     ] k8s_scale_executed             deployment=test-app-warm replicas=6
2026-07-14 02:51:22 [debug    ] Decision loop completed        action=REACTIVE latency_ms=150.55 p99=157.65823650034176
2026-07-14 02:51:37 [debug    ] HAProxy fallback latency       delta_requests=1674 interval_avg_ms=58.54 max_rtime_ms=308.0 p99_est=117.07
2026-07-14 02:51:37 [info     ] controller_decision_v3         action=RECOVERY available_replicas=6 budget_remaining=1000 burn_adjustment=0 burst_ratio=0.0953 capacity_deficit=False confidence=0 current_load=110.42423554213993 decision_id=86d2f56d k8s_capacity=99.9 k8s_weight=90 knative_weight=10 p99=117.1 predicted_load=0 r_effective=16.6 serverless_enabled=True total_load=110.4 weights_after={'k3s': 90, 'knative': 10} weights_before={'k3s': 86, 'knative': 14}
2026-07-14 02:51:38 [info     ] Weights updated                k3s=90 knative=10
2026-07-14 02:51:38 [info     ] Weights updated                action=RECOVERY reason='load=110RPS | k8s_cap=100RPS | (reducing-serverless)' weights={'k3s': 90, 'knative': 10}
2026-07-14 02:51:38 [info     ] Scale readiness observed       elapsed_sec=15.2 ewma_delay=30.5 samples=3 target=6
2026-07-14 02:51:38 [info     ] algorithm2_scaling_decision    action=SCALE_UP alpha=0.060060060060060066 beta=0.0 buffer=1.0 current_replicas=6 predicted_load=103.44864930650982 required_resources=6.213 target_replicas=7
2026-07-14 02:51:38 [info     ] algorithm2_decision            action=SCALE_UP applied_target=7 current_replicas=6 hold_until=0.0 observed_load=103.45 observed_target=7 point_forecasts=None prediction_age_sec=None predictive_target=7 proactive=False scenario=s3-hybrid-reactive target_replicas=7 upper_forecasts=None
2026-07-14 02:51:38 [info     ] k8s_scale_executed             deployment=test-app-warm replicas=7
2026-07-14 02:51:38 [debug    ] Decision loop completed        action=RECOVERY latency_ms=190.48 p99=117.07168458781362
2026-07-14 02:51:53 [debug    ] HAProxy fallback latency       delta_requests=1903 interval_avg_ms=78.2 max_rtime_ms=308.0 p99_est=156.41
2026-07-14 02:51:53 [info     ] controller_decision_v3         action=REACTIVE available_replicas=6 budget_remaining=1000 burn_adjustment=0 burst_ratio=0.2021 capacity_deficit=False confidence=0 current_load=125.21098064269215 decision_id=143b948f k8s_capacity=99.9 k8s_weight=79 knative_weight=21 p99=156.4 predicted_load=0 r_effective=16.6 serverless_enabled=True total_load=125.2 weights_after={'k3s': 79, 'knative': 21} weights_before={'k3s': 90, 'knative': 10}
2026-07-14 02:51:53 [info     ] Weights updated                k3s=79 knative=21
2026-07-14 02:51:53 [info     ] Weights updated                action=REACTIVE reason='load=125RPS | k8s_cap=100RPS | (burst-routing)' weights={'k3s': 79, 'knative': 21}
2026-07-14 02:51:53 [info     ] algorithm2_scaling_decision    action=SCALE_UP alpha=0.060060060060060066 beta=0.0 buffer=1.0 current_replicas=7 predicted_load=117.81760809241604 required_resources=7.076 target_replicas=8
2026-07-14 02:51:53 [info     ] algorithm2_decision            action=SCALE_UP applied_target=8 current_replicas=7 hold_until=0.0 observed_load=117.82 observed_target=8 point_forecasts=None prediction_age_sec=None predictive_target=8 proactive=False scenario=s3-hybrid-reactive target_replicas=8 upper_forecasts=None
2026-07-14 02:51:53 [info     ] k8s_scale_executed             deployment=test-app-warm replicas=8
2026-07-14 02:51:53 [debug    ] Decision loop completed        action=REACTIVE latency_ms=162.69 p99=156.40987913820283
2026-07-14 02:52:08 [debug    ] HAProxy fallback latency       delta_requests=1716 interval_avg_ms=32.05 max_rtime_ms=308.0 p99_est=64.1
2026-07-14 02:52:08 [info     ] controller_decision_v3         action=RECOVERY available_replicas=6 budget_remaining=1000 burn_adjustment=0 burst_ratio=0.1183 capacity_deficit=False confidence=0 current_load=113.30370356207187 decision_id=9e0379f6 k8s_capacity=99.9 k8s_weight=88 knative_weight=12 p99=64.1 predicted_load=0 r_effective=16.6 serverless_enabled=True total_load=113.3 weights_after={'k3s': 88, 'knative': 12} weights_before={'k3s': 79, 'knative': 21}
2026-07-14 02:52:08 [info     ] Weights updated                k3s=88 knative=12
2026-07-14 02:52:08 [info     ] Weights updated                action=RECOVERY reason='load=113RPS | k8s_cap=100RPS | (reducing-serverless)' weights={'k3s': 88, 'knative': 12}
2026-07-14 02:52:08 [info     ] algorithm2_scaling_decision    action=MAINTAIN alpha=0.060060060060060066 beta=0.0 buffer=1.0 current_replicas=8 predicted_load=119.25734210238201 required_resources=7.163 target_replicas=8
2026-07-14 02:52:08 [info     ] algorithm2_decision            action=MAINTAIN applied_target=8 current_replicas=8 hold_until=0.0 observed_load=119.26 observed_target=8 point_forecasts=None prediction_age_sec=None predictive_target=8 proactive=False scenario=s3-hybrid-reactive target_replicas=8 upper_forecasts=None
2026-07-14 02:52:08 [debug    ] Decision loop completed        action=RECOVERY latency_ms=156.88 p99=64.0979020979021
2026-07-14 02:52:23 [debug    ] HAProxy fallback latency       delta_requests=1309 interval_avg_ms=66.0 max_rtime_ms=308.0 p99_est=132.0
2026-07-14 02:52:23 [info     ] controller_decision_v3         action=RECOVERY available_replicas=6 budget_remaining=1000 burn_adjustment=0 burst_ratio=0 capacity_deficit=False confidence=0 current_load=86.40606472784307 decision_id=c2bd1d37 k8s_capacity=99.9 k8s_weight=100 knative_weight=0 p99=132.0 predicted_load=0 r_effective=16.6 serverless_enabled=False total_load=86.4 weights_after={'k3s': 100, 'knative': 0} weights_before={'k3s': 88, 'knative': 12}
2026-07-14 02:52:23 [info     ] Weights updated                k3s=100 knative=0
2026-07-14 02:52:23 [info     ] Weights updated                action=RECOVERY reason='load=86RPS | k8s_cap=100RPS | (reducing-serverless)' weights={'k3s': 100, 'knative': 0}
2026-07-14 02:52:23 [info     ] algorithm2_scaling_decision    action=MAINTAIN alpha=0.060060060060060066 beta=0.0 buffer=1.0 current_replicas=8 predicted_load=99.85488414495748 required_resources=5.997 target_replicas=6
2026-07-14 02:52:23 [info     ] algorithm2_decision            action=MAINTAIN applied_target=6 current_replicas=8 hold_until=0.0 observed_load=99.85 observed_target=6 point_forecasts=None prediction_age_sec=None predictive_target=6 proactive=False scenario=s3-hybrid-reactive target_replicas=6 upper_forecasts=None
2026-07-14 02:52:23 [debug    ] Decision loop completed        action=RECOVERY latency_ms=162.96 p99=132.0
2026-07-14 02:52:38 [debug    ] HAProxy fallback latency       delta_requests=1131 interval_avg_ms=45.15 max_rtime_ms=308.0 p99_est=90.31
2026-07-14 02:52:38 [info     ] algorithm2_scaling_decision    action=SCALE_DOWN alpha=0.060060060060060066 beta=0.0 buffer=1.0 current_replicas=8 predicted_load=80.50642424418476 required_resources=4.835 target_replicas=5
2026-07-14 02:52:38 [info     ] algorithm2_decision            action=SCALE_DOWN applied_target=5 current_replicas=8 hold_until=0.0 observed_load=80.51 observed_target=5 point_forecasts=None prediction_age_sec=None predictive_target=5 proactive=False scenario=s3-hybrid-reactive target_replicas=5 upper_forecasts=None
2026-07-14 02:52:38 [info     ] k8s_scale_executed             deployment=test-app-warm replicas=5
2026-07-14 02:52:38 [debug    ] Decision loop completed        action=MAINTAIN latency_ms=156.86 p99=90.30946065428824
2026-07-14 02:52:53 [debug    ] HAProxy fallback latency       delta_requests=1075 interval_avg_ms=65.0 max_rtime_ms=308.0 p99_est=130.0
2026-07-14 02:52:53 [info     ] algorithm2_scaling_decision    action=MAINTAIN alpha=0.060060060060060066 beta=0.0 buffer=1.0 current_replicas=5 predicted_load=72.79848330027289 required_resources=4.372 target_replicas=5
2026-07-14 02:52:53 [info     ] algorithm2_decision            action=MAINTAIN applied_target=5 current_replicas=5 hold_until=0.0 observed_load=72.8 observed_target=5 point_forecasts=None prediction_age_sec=None predictive_target=5 proactive=False scenario=s3-hybrid-reactive target_replicas=5 upper_forecasts=None
2026-07-14 02:52:53 [debug    ] Decision loop completed        action=MAINTAIN latency_ms=109.53 p99=130.0
2026-07-14 02:53:08 [debug    ] HAProxy fallback latency       delta_requests=942 interval_avg_ms=65.0 max_rtime_ms=308.0 p99_est=130.0
2026-07-14 02:53:08 [info     ] algorithm2_scaling_decision    action=MAINTAIN alpha=0.060060060060060066 beta=0.0 buffer=1.0 current_replicas=5 predicted_load=66.66778360283752 required_resources=4.004 target_replicas=5
2026-07-14 02:53:08 [info     ] algorithm2_decision            action=MAINTAIN applied_target=5 current_replicas=5 hold_until=0.0 observed_load=66.67 observed_target=5 point_forecasts=None prediction_age_sec=None predictive_target=5 proactive=False scenario=s3-hybrid-reactive target_replicas=5 upper_forecasts=None
2026-07-14 02:53:08 [debug    ] Decision loop completed        action=MAINTAIN latency_ms=111.14 p99=130.0
2026-07-14 02:53:24 [debug    ] HAProxy fallback latency       delta_requests=793 interval_avg_ms=65.0 max_rtime_ms=308.0 p99_est=130.0
2026-07-14 02:53:24 [info     ] algorithm2_scaling_decision    action=MAINTAIN alpha=0.060060060060060066 beta=0.0 buffer=1.0 current_replicas=5 predicted_load=57.41033052493323 required_resources=3.448 target_replicas=4
2026-07-14 02:53:24 [info     ] algorithm2_decision            action=MAINTAIN applied_target=4 current_replicas=5 hold_until=0.0 observed_load=57.41 observed_target=4 point_forecasts=None prediction_age_sec=None predictive_target=4 proactive=False scenario=s3-hybrid-reactive target_replicas=4 upper_forecasts=None
2026-07-14 02:53:24 [debug    ] Decision loop completed        action=MAINTAIN latency_ms=111.17 p99=130.0
2026-07-14 02:53:39 [debug    ] HAProxy fallback latency       delta_requests=1216 interval_avg_ms=518.98 max_rtime_ms=308.0 p99_est=308.0
2026-07-14 02:53:39 [info     ] algorithm2_scaling_decision    action=MAINTAIN alpha=0.060060060060060066 beta=0.0 buffer=1.0 current_replicas=5 predicted_load=66.37256071527993 required_resources=3.986 target_replicas=4
2026-07-14 02:53:39 [info     ] algorithm2_decision            action=MAINTAIN applied_target=4 current_replicas=5 hold_until=0.0 observed_load=66.37 observed_target=4 point_forecasts=None prediction_age_sec=None predictive_target=4 proactive=False scenario=s3-hybrid-reactive target_replicas=4 upper_forecasts=None
2026-07-14 02:53:39 [debug    ] Decision loop completed        action=MAINTAIN latency_ms=115.76 p99=308.0
2026-07-14 02:53:54 [debug    ] HAProxy fallback latency       delta_requests=1881 interval_avg_ms=2389.09 max_rtime_ms=1117.0 p99_est=1117.0
2026-07-14 02:53:54 [info     ] Knative pre-warm OK            cold_start_ms=2.6
2026-07-14 02:53:54 [info     ] controller_decision_v3         action=REACTIVE available_replicas=5 budget_remaining=998 burn_adjustment=0 burst_ratio=0.331 capacity_deficit=False confidence=0 current_load=124.44142543646298 decision_id=c6bec0bc k8s_capacity=83.2 k8s_weight=66 knative_weight=34 p99=1117.0 predicted_load=0 r_effective=16.6 serverless_enabled=True total_load=124.4 weights_after={'k3s': 66, 'knative': 34} weights_before={'k3s': 100, 'knative': 0}
2026-07-14 02:53:54 [info     ] Weights updated                k3s=66 knative=34
2026-07-14 02:53:54 [info     ] Weights updated                action=REACTIVE reason='load=124RPS | k8s_cap=83RPS | (burst-routing)' weights={'k3s': 66, 'knative': 34}
2026-07-14 02:53:54 [info     ] algorithm2_scaling_decision    action=SCALE_UP alpha=0.060060060060060066 beta=0.0 buffer=1.0 current_replicas=5 predicted_load=102.35563509140601 required_resources=6.147 target_replicas=7
2026-07-14 02:53:54 [info     ] algorithm2_decision            action=SCALE_UP applied_target=7 current_replicas=5 hold_until=0.0 observed_load=102.36 observed_target=7 point_forecasts=None prediction_age_sec=None predictive_target=7 proactive=False scenario=s3-hybrid-reactive target_replicas=7 upper_forecasts=None
2026-07-14 02:53:54 [info     ] k8s_scale_executed             deployment=test-app-warm replicas=7
2026-07-14 02:53:54 [debug    ] Decision loop completed        action=REACTIVE latency_ms=154.59 p99=1117.0
2026-07-14 02:54:09 [info     ] controller_decision_v3         action=RECOVERY available_replicas=7 budget_remaining=997 burn_adjustment=0 burst_ratio=0.0268 capacity_deficit=False confidence=0 current_load=119.7637360658739 decision_id=6fe09330 k8s_capacity=116.5 k8s_weight=97 knative_weight=3 p99=1117.0 predicted_load=0 r_effective=16.6 serverless_enabled=True total_load=119.8 weights_after={'k3s': 97, 'knative': 3} weights_before={'k3s': 66, 'knative': 34}
2026-07-14 02:54:09 [info     ] Weights updated                k3s=97 knative=3
2026-07-14 02:54:09 [info     ] Weights updated                action=RECOVERY reason='load=120RPS | k8s_cap=117RPS | (reducing-serverless)' weights={'k3s': 97, 'knative': 3}
2026-07-14 02:54:09 [info     ] Scale readiness observed       elapsed_sec=15.2 ewma_delay=25.9 samples=4 target=7
2026-07-14 02:54:09 [info     ] algorithm2_scaling_decision    action=SCALE_UP alpha=0.060060060060060066 beta=0.0 buffer=1.0 current_replicas=7 predicted_load=122.10258075116843 required_resources=7.333 target_replicas=8
2026-07-14 02:54:09 [info     ] algorithm2_decision            action=SCALE_UP applied_target=8 current_replicas=7 hold_until=0.0 observed_load=122.1 observed_target=8 point_forecasts=None prediction_age_sec=None predictive_target=8 proactive=False scenario=s3-hybrid-reactive target_replicas=8 upper_forecasts=None
2026-07-14 02:54:09 [info     ] k8s_scale_executed             deployment=test-app-warm replicas=8
2026-07-14 02:54:09 [debug    ] Decision loop completed        action=RECOVERY latency_ms=214.34 p99=1117.0
2026-07-14 02:54:24 [info     ] controller_decision_v3         action=RECOVERY available_replicas=8 budget_remaining=996 burn_adjustment=0 burst_ratio=0 capacity_deficit=False confidence=0 current_load=93.46127723949972 decision_id=99605647 k8s_capacity=133.2 k8s_weight=100 knative_weight=0 p99=1117.0 predicted_load=0 r_effective=16.6 serverless_enabled=False total_load=93.5 weights_after={'k3s': 100, 'knative': 0} weights_before={'k3s': 97, 'knative': 3}
2026-07-14 02:54:24 [info     ] Weights updated                k3s=100 knative=0
2026-07-14 02:54:24 [info     ] Weights updated                action=RECOVERY reason='load=93RPS | k8s_cap=133RPS | (reducing-serverless)' weights={'k3s': 100, 'knative': 0}
2026-07-14 02:54:24 [info     ] Scale readiness observed       elapsed_sec=15.2 ewma_delay=22.7 samples=5 target=8
2026-07-14 02:54:24 [info     ] algorithm2_scaling_decision    action=MAINTAIN alpha=0.060060060060060066 beta=0.0 buffer=1.0 current_replicas=8 predicted_load=106.61250665268682 required_resources=6.403 target_replicas=7
2026-07-14 02:54:24 [info     ] algorithm2_decision            action=MAINTAIN applied_target=7 current_replicas=8 hold_until=0.0 observed_load=106.61 observed_target=7 point_forecasts=None prediction_age_sec=None predictive_target=7 proactive=False scenario=s3-hybrid-reactive target_replicas=7 upper_forecasts=None
2026-07-14 02:54:24 [debug    ] Decision loop completed        action=RECOVERY latency_ms=157.16 p99=1117.0
2026-07-14 02:54:39 [info     ] algorithm2_scaling_decision    action=MAINTAIN alpha=0.060060060060060066 beta=0.0 buffer=1.0 current_replicas=8 predicted_load=87.3058467875654 required_resources=5.244 target_replicas=6
2026-07-14 02:54:39 [info     ] algorithm2_decision            action=MAINTAIN applied_target=6 current_replicas=8 hold_until=0.0 observed_load=87.31 observed_target=6 point_forecasts=None prediction_age_sec=None predictive_target=6 proactive=False scenario=s3-hybrid-reactive target_replicas=6 upper_forecasts=None
2026-07-14 02:54:39 [debug    ] Decision loop completed        action=MAINTAIN latency_ms=116.14 p99=1117.0
2026-07-14 02:54:54 [debug    ] HAProxy fallback latency       delta_requests=1149 interval_avg_ms=37.45 max_rtime_ms=1117.0 p99_est=74.91
2026-07-14 02:54:54 [info     ] algorithm2_scaling_decision    action=SCALE_DOWN alpha=0.060060060060060066 beta=0.0 buffer=1.0 current_replicas=8 predicted_load=78.54775708344921 required_resources=4.718 target_replicas=5
2026-07-14 02:54:54 [info     ] algorithm2_decision            action=SCALE_DOWN applied_target=5 current_replicas=8 hold_until=0.0 observed_load=78.55 observed_target=5 point_forecasts=None prediction_age_sec=None predictive_target=5 proactive=False scenario=s3-hybrid-reactive target_replicas=5 upper_forecasts=None
2026-07-14 02:54:54 [info     ] k8s_scale_executed             deployment=test-app-warm replicas=5
2026-07-14 02:54:54 [debug    ] Decision loop completed        action=MAINTAIN latency_ms=151.0 p99=74.90861618798955
2026-07-14 02:55:10 [debug    ] HAProxy fallback latency       delta_requests=1511 interval_avg_ms=188.14 max_rtime_ms=1117.0 p99_est=376.28
2026-07-14 02:55:10 [info     ] Knative pre-warm OK            cold_start_ms=2.8
2026-07-14 02:55:10 [info     ] controller_decision_v3         action=REACTIVE available_replicas=5 budget_remaining=994 burn_adjustment=0 burst_ratio=0.1652 capacity_deficit=False confidence=0 current_load=99.72624418557352 decision_id=76d64aee k8s_capacity=83.2 k8s_weight=83 knative_weight=17 p99=376.3 predicted_load=0 r_effective=16.6 serverless_enabled=True total_load=99.7 weights_after={'k3s': 83, 'knative': 17} weights_before={'k3s': 100, 'knative': 0}
2026-07-14 02:55:10 [info     ] Weights updated                k3s=83 knative=17
2026-07-14 02:55:10 [info     ] Weights updated                action=REACTIVE reason='load=100RPS | k8s_cap=83RPS | (burst-routing)' weights={'k3s': 83, 'knative': 17}
2026-07-14 02:55:10 [info     ] algorithm2_scaling_decision    action=SCALE_UP alpha=0.060060060060060066 beta=0.0 buffer=1.0 current_replicas=5 predicted_load=87.83567100842043 required_resources=5.275 target_replicas=6
2026-07-14 02:55:10 [info     ] algorithm2_decision            action=SCALE_UP applied_target=6 current_replicas=5 hold_until=0.0 observed_load=87.84 observed_target=6 point_forecasts=None prediction_age_sec=None predictive_target=6 proactive=False scenario=s3-hybrid-reactive target_replicas=6 upper_forecasts=None
2026-07-14 02:55:10 [info     ] k8s_scale_executed             deployment=test-app-warm replicas=6
2026-07-14 02:55:10 [debug    ] Decision loop completed        action=REACTIVE latency_ms=156.96 p99=376.2766379880874
2026-07-14 02:55:25 [debug    ] HAProxy fallback latency       delta_requests=2024 interval_avg_ms=205.61 max_rtime_ms=1117.0 p99_est=411.22
2026-07-14 02:55:25 [info     ] controller_decision_v3         action=REACTIVE available_replicas=6 budget_remaining=993 burn_adjustment=0 burst_ratio=0.2512 capacity_deficit=False confidence=0 current_load=133.4095495753818 decision_id=f40af79a k8s_capacity=99.9 k8s_weight=74 knative_weight=26 p99=411.2 predicted_load=0 r_effective=16.6 serverless_enabled=True total_load=133.4 weights_after={'k3s': 74, 'knative': 26} weights_before={'k3s': 83, 'knative': 17}
2026-07-14 02:55:25 [info     ] Weights updated                k3s=74 knative=26
2026-07-14 02:55:25 [info     ] Weights updated                action=REACTIVE reason='load=133RPS | k8s_cap=100RPS | (burst-routing)' weights={'k3s': 74, 'knative': 26}
2026-07-14 02:55:25 [info     ] Scale readiness observed       elapsed_sec=15.1 ewma_delay=20.4 samples=6 target=6
2026-07-14 02:55:25 [info     ] algorithm2_scaling_decision    action=SCALE_UP alpha=0.060060060060060066 beta=0.0 buffer=1.0 current_replicas=6 predicted_load=116.56789688047766 required_resources=7.001 target_replicas=8
2026-07-14 02:55:25 [info     ] algorithm2_decision            action=SCALE_UP applied_target=8 current_replicas=6 hold_until=0.0 observed_load=116.57 observed_target=8 point_forecasts=None prediction_age_sec=None predictive_target=8 proactive=False scenario=s3-hybrid-reactive target_replicas=8 upper_forecasts=None
2026-07-14 02:55:25 [info     ] k8s_scale_executed             deployment=test-app-warm replicas=8
2026-07-14 02:55:25 [debug    ] Decision loop completed        action=REACTIVE latency_ms=155.37 p99=411.2173913043478
2026-07-14 02:55:40 [info     ] controller_decision_v3         action=RECOVERY available_replicas=8 budget_remaining=992 burn_adjustment=0 burst_ratio=0.1161 capacity_deficit=False confidence=0 current_load=150.69691669877304 decision_id=71ee1cb1 k8s_capacity=133.2 k8s_weight=88 knative_weight=12 p99=411.2 predicted_load=0 r_effective=16.6 serverless_enabled=True total_load=150.7 weights_after={'k3s': 88, 'knative': 12} weights_before={'k3s': 74, 'knative': 26}
2026-07-14 02:55:40 [info     ] Weights updated                k3s=88 knative=12
2026-07-14 02:55:40 [info     ] Weights updated                action=RECOVERY reason='load=151RPS | k8s_cap=133RPS | (reducing-serverless)' weights={'k3s': 88, 'knative': 12}
2026-07-14 02:55:40 [info     ] Scale readiness observed       elapsed_sec=15.1 ewma_delay=18.8 samples=7 target=8
2026-07-14 02:55:40 [info     ] algorithm2_scaling_decision    action=SCALE_UP alpha=0.060060060060060066 beta=0.0 buffer=1.0 current_replicas=8 predicted_load=142.05323313707743 required_resources=8.532 target_replicas=9
2026-07-14 02:55:40 [info     ] algorithm2_decision            action=SCALE_UP applied_target=9 current_replicas=8 hold_until=0.0 observed_load=142.05 observed_target=9 point_forecasts=None prediction_age_sec=None predictive_target=9 proactive=False scenario=s3-hybrid-reactive target_replicas=9 upper_forecasts=None
2026-07-14 02:55:40 [info     ] k8s_scale_executed             deployment=test-app-warm replicas=9
2026-07-14 02:55:40 [debug    ] Decision loop completed        action=RECOVERY latency_ms=186.39 p99=411.2173913043478
2026-07-14 02:55:55 [debug    ] HAProxy fallback latency       delta_requests=2433 interval_avg_ms=231.35 max_rtime_ms=1117.0 p99_est=462.71
2026-07-14 02:55:55 [info     ] controller_decision_v3         action=RECOVERY available_replicas=9 budget_remaining=991 burn_adjustment=0 burst_ratio=0.0647 capacity_deficit=False confidence=0 current_load=160.21069962651828 decision_id=5b963206 k8s_capacity=149.8 k8s_weight=93 knative_weight=7 p99=462.7 predicted_load=0 r_effective=16.6 serverless_enabled=True total_load=160.2 weights_after={'k3s': 93, 'knative': 7} weights_before={'k3s': 88, 'knative': 12}
2026-07-14 02:55:55 [info     ] Weights updated                k3s=93 knative=7
2026-07-14 02:55:55 [info     ] Weights updated                action=RECOVERY reason='load=160RPS | k8s_cap=150RPS | (reducing-serverless)' weights={'k3s': 93, 'knative': 7}
2026-07-14 02:55:55 [info     ] Scale readiness observed       elapsed_sec=15.2 ewma_delay=17.7 samples=8 target=9
2026-07-14 02:55:55 [info     ] algorithm2_scaling_decision    action=SCALE_UP alpha=0.060060060060060066 beta=0.0 buffer=1.0 current_replicas=9 predicted_load=155.45380816264566 required_resources=9.337 target_replicas=10
2026-07-14 02:55:55 [info     ] algorithm2_decision            action=SCALE_UP applied_target=10 current_replicas=9 hold_until=0.0 observed_load=155.45 observed_target=10 point_forecasts=None prediction_age_sec=None predictive_target=10 proactive=False scenario=s3-hybrid-reactive target_replicas=10 upper_forecasts=None
2026-07-14 02:55:55 [info     ] k8s_scale_executed             deployment=test-app-warm replicas=10
2026-07-14 02:55:55 [debug    ] Decision loop completed        action=RECOVERY latency_ms=192.76 p99=462.7077681874229
2026-07-14 02:56:10 [info     ] controller_decision_v3         action=RECOVERY available_replicas=9 budget_remaining=990 burn_adjustment=0 burst_ratio=0 capacity_deficit=False confidence=0 current_load=144.4755301315094 decision_id=a769cfd8 k8s_capacity=149.8 k8s_weight=100 knative_weight=0 p99=462.7 predicted_load=0 r_effective=16.6 serverless_enabled=False total_load=144.5 weights_after={'k3s': 100, 'knative': 0} weights_before={'k3s': 93, 'knative': 7}
2026-07-14 02:56:10 [info     ] Weights updated                k3s=100 knative=0
2026-07-14 02:56:10 [info     ] Weights updated                action=RECOVERY reason='load=144RPS | k8s_cap=150RPS | (reducing-serverless)' weights={'k3s': 100, 'knative': 0}
2026-07-14 02:56:10 [info     ] algorithm2_scaling_decision    action=MAINTAIN alpha=0.060060060060060066 beta=0.0 buffer=1.0 current_replicas=10 predicted_load=152.34311487901385 required_resources=9.15 target_replicas=10
2026-07-14 02:56:10 [info     ] algorithm2_decision            action=MAINTAIN applied_target=10 current_replicas=10 hold_until=0.0 observed_load=152.34 observed_target=10 point_forecasts=None prediction_age_sec=None predictive_target=10 proactive=False scenario=s3-hybrid-reactive target_replicas=10 upper_forecasts=None
2026-07-14 02:56:10 [debug    ] Decision loop completed        action=RECOVERY latency_ms=164.9 p99=462.7077681874229
2026-07-14 02:56:25 [debug    ] HAProxy fallback latency       delta_requests=1843 interval_avg_ms=76.0 max_rtime_ms=1117.0 p99_est=152.0
2026-07-14 02:56:25 [info     ] algorithm2_scaling_decision    action=MAINTAIN alpha=0.060060060060060066 beta=0.0 buffer=1.0 current_replicas=10 predicted_load=133.0356914187224 required_resources=7.99 target_replicas=8
2026-07-14 02:56:25 [info     ] algorithm2_decision            action=MAINTAIN applied_target=8 current_replicas=10 hold_until=0.0 observed_load=133.04 observed_target=8 point_forecasts=None prediction_age_sec=None predictive_target=8 proactive=False scenario=s3-hybrid-reactive target_replicas=8 upper_forecasts=None
2026-07-14 02:56:25 [debug    ] Decision loop completed        action=MAINTAIN latency_ms=118.08 p99=152.0
2026-07-14 02:56:41 [debug    ] HAProxy fallback latency       delta_requests=1785 interval_avg_ms=268.83 max_rtime_ms=1117.0 p99_est=537.66
2026-07-14 02:56:41 [info     ] algorithm2_scaling_decision    action=MAINTAIN alpha=0.060060060060060066 beta=0.0 buffer=1.0 current_replicas=10 predicted_load=119.83445516025206 required_resources=7.197 target_replicas=8
2026-07-14 02:56:41 [info     ] algorithm2_decision            action=MAINTAIN applied_target=8 current_replicas=10 hold_until=0.0 observed_load=119.83 observed_target=8 point_forecasts=None prediction_age_sec=None predictive_target=8 proactive=False scenario=s3-hybrid-reactive target_replicas=8 upper_forecasts=None
2026-07-14 02:56:41 [debug    ] Decision loop completed        action=MAINTAIN latency_ms=118.92 p99=537.6627450980392
2026-07-14 02:56:56 [info     ] algorithm2_scaling_decision    action=MAINTAIN alpha=0.060060060060060066 beta=0.0 buffer=1.0 current_replicas=10 predicted_load=119.22367330052212 required_resources=7.161 target_replicas=8
2026-07-14 02:56:56 [info     ] algorithm2_decision            action=MAINTAIN applied_target=8 current_replicas=10 hold_until=0.0 observed_load=119.22 observed_target=8 point_forecasts=None prediction_age_sec=None predictive_target=8 proactive=False scenario=s3-hybrid-reactive target_replicas=8 upper_forecasts=None
2026-07-14 02:56:56 [debug    ] Decision loop completed        action=MAINTAIN latency_ms=112.76 p99=537.6627450980392
2026-07-14 02:57:11 [debug    ] HAProxy fallback latency       delta_requests=1816 interval_avg_ms=45.92 max_rtime_ms=1117.0 p99_est=91.84
2026-07-14 02:57:11 [info     ] algorithm2_scaling_decision    action=MAINTAIN alpha=0.060060060060060066 beta=0.0 buffer=1.0 current_replicas=10 predicted_load=120.26840365615786 required_resources=7.223 target_replicas=8
2026-07-14 02:57:11 [info     ] algorithm2_decision            action=MAINTAIN applied_target=8 current_replicas=10 hold_until=0.0 observed_load=120.27 observed_target=8 point_forecasts=None prediction_age_sec=None predictive_target=8 proactive=False scenario=s3-hybrid-reactive target_replicas=8 upper_forecasts=None
2026-07-14 02:57:11 [debug    ] Decision loop completed        action=MAINTAIN latency_ms=114.33 p99=91.84140969162996
2026-07-14 02:57:26 [info     ] algorithm2_scaling_decision    action=MAINTAIN alpha=0.060060060060060066 beta=0.0 buffer=1.0 current_replicas=10 predicted_load=119.03110835130862 required_resources=7.149 target_replicas=8
2026-07-14 02:57:26 [info     ] algorithm2_decision            action=MAINTAIN applied_target=8 current_replicas=10 hold_until=0.0 observed_load=119.03 observed_target=8 point_forecasts=None prediction_age_sec=None predictive_target=8 proactive=False scenario=s3-hybrid-reactive target_replicas=8 upper_forecasts=None
2026-07-14 02:57:26 [debug    ] Decision loop completed        action=MAINTAIN latency_ms=117.92 p99=91.84140969162996
2026-07-14 02:57:41 [info     ] Scale readiness observed       elapsed_sec=105.9 ewma_delay=44.2 samples=9 target=10
2026-07-14 02:57:41 [info     ] algorithm2_scaling_decision    action=SCALE_DOWN alpha=0.060060060060060066 beta=0.0 buffer=1.0 current_replicas=10 predicted_load=109.78383700228989 required_resources=6.594 target_replicas=7
2026-07-14 02:57:41 [info     ] algorithm2_decision            action=SCALE_DOWN applied_target=7 current_replicas=10 hold_until=0.0 observed_load=109.78 observed_target=7 point_forecasts=None prediction_age_sec=None predictive_target=7 proactive=False scenario=s3-hybrid-reactive target_replicas=7 upper_forecasts=None
2026-07-14 02:57:41 [info     ] k8s_scale_executed             deployment=test-app-warm replicas=7
2026-07-14 02:57:41 [debug    ] Decision loop completed        action=MAINTAIN latency_ms=157.08 p99=91.84140969162996
2026-07-14 02:57:56 [info     ] algorithm2_scaling_decision    action=MAINTAIN alpha=0.060060060060060066 beta=0.0 buffer=1.0 current_replicas=7 predicted_load=92.0978899541409 required_resources=5.531 target_replicas=6
2026-07-14 02:57:56 [info     ] algorithm2_decision            action=MAINTAIN applied_target=6 current_replicas=7 hold_until=0.0 observed_load=92.1 observed_target=6 point_forecasts=None prediction_age_sec=None predictive_target=6 proactive=False scenario=s3-hybrid-reactive target_replicas=6 upper_forecasts=None
2026-07-14 02:57:56 [debug    ] Decision loop completed        action=MAINTAIN latency_ms=117.69 p99=91.84140969162996
2026-07-14 02:58:11 [debug    ] HAProxy fallback latency       delta_requests=1113 interval_avg_ms=12.45 max_rtime_ms=1117.0 p99_est=24.9
2026-07-14 02:58:11 [info     ] algorithm2_scaling_decision    action=SCALE_DOWN alpha=0.060060060060060066 beta=0.0 buffer=1.0 current_replicas=7 predicted_load=78.1108882010215 required_resources=4.691 target_replicas=5
2026-07-14 02:58:11 [info     ] algorithm2_decision            action=SCALE_DOWN applied_target=5 current_replicas=7 hold_until=0.0 observed_load=78.11 observed_target=5 point_forecasts=None prediction_age_sec=None predictive_target=5 proactive=False scenario=s3-hybrid-reactive target_replicas=5 upper_forecasts=None
2026-07-14 02:58:11 [debug    ] Decision loop completed        action=MAINTAIN latency_ms=109.41 p99=24.898472596585805
2026-07-14 02:58:26 [debug    ] HAProxy fallback latency       delta_requests=1044 interval_avg_ms=64.0 max_rtime_ms=1117.0 p99_est=128.0
2026-07-14 02:58:26 [info     ] algorithm2_scaling_decision    action=SCALE_DOWN alpha=0.060060060060060066 beta=0.0 buffer=1.0 current_replicas=7 predicted_load=71.36129793788423 required_resources=4.286 target_replicas=5
2026-07-14 02:58:26 [info     ] algorithm2_decision            action=SCALE_DOWN applied_target=5 current_replicas=7 hold_until=0.0 observed_load=71.36 observed_target=5 point_forecasts=None prediction_age_sec=None predictive_target=5 proactive=False scenario=s3-hybrid-reactive target_replicas=5 upper_forecasts=None
2026-07-14 02:58:26 [debug    ] Decision loop completed        action=MAINTAIN latency_ms=117.16 p99=128.0
2026-07-14 02:58:41 [debug    ] HAProxy fallback latency       delta_requests=1184 interval_avg_ms=166.56 max_rtime_ms=1117.0 p99_est=333.12
2026-07-14 02:58:42 [info     ] algorithm2_scaling_decision    action=SCALE_DOWN alpha=0.060060060060060066 beta=0.0 buffer=1.0 current_replicas=7 predicted_load=73.6429521545792 required_resources=4.423 target_replicas=5
2026-07-14 02:58:42 [info     ] algorithm2_decision            action=SCALE_DOWN applied_target=5 current_replicas=7 hold_until=0.0 observed_load=73.64 observed_target=5 point_forecasts=None prediction_age_sec=None predictive_target=5 proactive=False scenario=s3-hybrid-reactive target_replicas=5 upper_forecasts=None
2026-07-14 02:58:42 [debug    ] Decision loop completed        action=MAINTAIN latency_ms=118.3 p99=333.125
2026-07-14 02:58:57 [debug    ] HAProxy fallback latency       delta_requests=1329 interval_avg_ms=66.0 max_rtime_ms=1117.0 p99_est=132.0
2026-07-14 02:58:57 [info     ] algorithm2_scaling_decision    action=SCALE_DOWN alpha=0.060060060060060066 beta=0.0 buffer=1.0 current_replicas=7 predicted_load=83.07876923668876 required_resources=4.99 target_replicas=5
2026-07-14 02:58:57 [info     ] algorithm2_decision            action=SCALE_DOWN applied_target=5 current_replicas=7 hold_until=0.0 observed_load=83.08 observed_target=5 point_forecasts=None prediction_age_sec=None predictive_target=5 proactive=False scenario=s3-hybrid-reactive target_replicas=5 upper_forecasts=None
2026-07-14 02:58:57 [debug    ] Decision loop completed        action=MAINTAIN latency_ms=110.28 p99=132.0
2026-07-14 02:59:12 [debug    ] HAProxy fallback latency       delta_requests=1078 interval_avg_ms=7.44 max_rtime_ms=1117.0 p99_est=14.89
2026-07-14 02:59:12 [info     ] algorithm2_scaling_decision    action=SCALE_DOWN alpha=0.060060060060060066 beta=0.0 buffer=1.0 current_replicas=7 predicted_load=79.65404271973165 required_resources=4.784 target_replicas=5
2026-07-14 02:59:12 [info     ] algorithm2_decision            action=SCALE_DOWN applied_target=5 current_replicas=7 hold_until=0.0 observed_load=79.65 observed_target=5 point_forecasts=None prediction_age_sec=None predictive_target=5 proactive=False scenario=s3-hybrid-reactive target_replicas=5 upper_forecasts=None
2026-07-14 02:59:12 [debug    ] Decision loop completed        action=MAINTAIN latency_ms=130.24 p99=14.886827458256029
2026-07-14 02:59:27 [debug    ] HAProxy fallback latency       delta_requests=766 interval_avg_ms=65.0 max_rtime_ms=1117.0 p99_est=130.0
2026-07-14 02:59:27 [info     ] algorithm2_scaling_decision    action=SCALE_DOWN alpha=0.060060060060060066 beta=0.0 buffer=1.0 current_replicas=7 predicted_load=61.08408360555518 required_resources=3.669 target_replicas=4
2026-07-14 02:59:27 [info     ] algorithm2_decision            action=SCALE_DOWN applied_target=4 current_replicas=7 hold_until=0.0 observed_load=61.08 observed_target=4 point_forecasts=None prediction_age_sec=None predictive_target=4 proactive=False scenario=s3-hybrid-reactive target_replicas=4 upper_forecasts=None
2026-07-14 02:59:27 [debug    ] Decision loop completed        action=MAINTAIN latency_ms=108.61 p99=130.0
2026-07-14 02:59:42 [info     ] algorithm2_scaling_decision    action=SCALE_DOWN alpha=0.060060060060060066 beta=0.0 buffer=1.0 current_replicas=7 predicted_load=48.645126797622304 required_resources=2.922 target_replicas=3
2026-07-14 02:59:42 [info     ] algorithm2_decision            action=SCALE_DOWN applied_target=3 current_replicas=7 hold_until=0.0 observed_load=48.65 observed_target=3 point_forecasts=None prediction_age_sec=None predictive_target=3 proactive=False scenario=s3-hybrid-reactive target_replicas=3 upper_forecasts=None
2026-07-14 02:59:42 [info     ] k8s_scale_executed             deployment=test-app-warm replicas=3
2026-07-14 02:59:42 [debug    ] Decision loop completed        action=MAINTAIN latency_ms=157.68 p99=130.0
2026-07-14 02:59:57 [debug    ] HAProxy fallback latency       delta_requests=694 interval_avg_ms=64.0 max_rtime_ms=1117.0 p99_est=128.0
2026-07-14 02:59:57 [info     ] algorithm2_scaling_decision    action=MAINTAIN alpha=0.060060060060060066 beta=0.0 buffer=1.0 current_replicas=3 predicted_load=46.15635797604604 required_resources=2.772 target_replicas=3
2026-07-14 02:59:57 [info     ] algorithm2_decision            action=MAINTAIN applied_target=3 current_replicas=3 hold_until=0.0 observed_load=46.16 observed_target=3 point_forecasts=None prediction_age_sec=None predictive_target=3 proactive=False scenario=s3-hybrid-reactive target_replicas=3 upper_forecasts=None
2026-07-14 02:59:57 [debug    ] Decision loop completed        action=MAINTAIN latency_ms=112.2 p99=128.0
2026-07-14 03:00:12 [debug    ] HAProxy fallback latency       delta_requests=652 interval_avg_ms=64.0 max_rtime_ms=1117.0 p99_est=128.0
2026-07-14 03:00:12 [info     ] algorithm2_scaling_decision    action=MAINTAIN alpha=0.060060060060060066 beta=0.0 buffer=1.0 current_replicas=3 predicted_load=44.46425098115249 required_resources=2.671 target_replicas=3
2026-07-14 03:00:12 [info     ] algorithm2_decision            action=MAINTAIN applied_target=3 current_replicas=3 hold_until=0.0 observed_load=44.46 observed_target=3 point_forecasts=None prediction_age_sec=None predictive_target=3 proactive=False scenario=s3-hybrid-reactive target_replicas=3 upper_forecasts=None
2026-07-14 03:00:12 [debug    ] Decision loop completed        action=MAINTAIN latency_ms=112.26 p99=128.0
2026-07-14 03:00:27 [debug    ] HAProxy fallback latency       delta_requests=638 interval_avg_ms=64.0 max_rtime_ms=1117.0 p99_est=128.0
2026-07-14 03:00:27 [info     ] algorithm2_scaling_decision    action=MAINTAIN alpha=0.060060060060060066 beta=0.0 buffer=1.0 current_replicas=3 predicted_load=42.64773548888242 required_resources=2.561 target_replicas=3
2026-07-14 03:00:27 [info     ] algorithm2_decision            action=MAINTAIN applied_target=3 current_replicas=3 hold_until=0.0 observed_load=42.65 observed_target=3 point_forecasts=None prediction_age_sec=None predictive_target=3 proactive=False scenario=s3-hybrid-reactive target_replicas=3 upper_forecasts=None
2026-07-14 03:00:27 [debug    ] Decision loop completed        action=MAINTAIN latency_ms=112.84 p99=128.0
2026-07-14 03:00:42 [debug    ] HAProxy fallback latency       delta_requests=846 interval_avg_ms=143.7 max_rtime_ms=1117.0 p99_est=287.39
2026-07-14 03:00:42 [info     ] Knative pre-warm OK            cold_start_ms=2.5
2026-07-14 03:00:42 [info     ] controller_decision_v3         action=REACTIVE available_replicas=3 budget_remaining=986 burn_adjustment=0 burst_ratio=0.1067 capacity_deficit=False confidence=0 current_load=55.91442149523529 decision_id=e104eee7 k8s_capacity=49.9 k8s_weight=89 knative_weight=11 p99=287.4 predicted_load=0 r_effective=16.6 serverless_enabled=True total_load=55.9 weights_after={'k3s': 89, 'knative': 11} weights_before={'k3s': 100, 'knative': 0}
2026-07-14 03:00:42 [info     ] Weights updated                k3s=89 knative=11
2026-07-14 03:00:42 [info     ] Weights updated                action=REACTIVE reason='load=56RPS | k8s_cap=50RPS | (burst-routing)' weights={'k3s': 89, 'knative': 11}
2026-07-14 03:00:43 [info     ] algorithm2_scaling_decision    action=MAINTAIN alpha=0.060060060060060066 beta=0.0 buffer=1.0 current_replicas=3 predicted_load=49.032096278806634 required_resources=2.945 target_replicas=3
2026-07-14 03:00:43 [info     ] algorithm2_decision            action=MAINTAIN applied_target=3 current_replicas=3 hold_until=0.0 observed_load=49.03 observed_target=3 point_forecasts=None prediction_age_sec=None predictive_target=3 proactive=False scenario=s3-hybrid-reactive target_replicas=3 upper_forecasts=None
2026-07-14 03:00:43 [debug    ] Decision loop completed        action=REACTIVE latency_ms=117.32 p99=287.3924349881797
2026-07-14 03:00:58 [debug    ] HAProxy fallback latency       delta_requests=1065 interval_avg_ms=65.0 max_rtime_ms=1117.0 p99_est=130.0
2026-07-14 03:00:58 [info     ] controller_decision_v3         action=REACTIVE available_replicas=3 budget_remaining=986 burn_adjustment=0 burst_ratio=0.291 capacity_deficit=False confidence=0 current_load=70.44733919434869 decision_id=c99d5cb8 k8s_capacity=49.9 k8s_weight=70 knative_weight=30 p99=130.0 predicted_load=0 r_effective=16.6 serverless_enabled=True total_load=70.4 weights_after={'k3s': 70, 'knative': 30} weights_before={'k3s': 89, 'knative': 11}
2026-07-14 03:00:58 [info     ] Weights updated                k3s=70 knative=30
2026-07-14 03:00:58 [info     ] Weights updated                action=REACTIVE reason='load=70RPS | k8s_cap=50RPS | (burst-routing)' weights={'k3s': 70, 'knative': 30}
2026-07-14 03:00:58 [info     ] algorithm2_scaling_decision    action=SCALE_UP alpha=0.060060060060060066 beta=0.0 buffer=1.0 current_replicas=3 predicted_load=63.18088034479199 required_resources=3.795 target_replicas=4
2026-07-14 03:00:58 [info     ] algorithm2_decision            action=SCALE_UP applied_target=4 current_replicas=3 hold_until=0.0 observed_load=63.18 observed_target=4 point_forecasts=None prediction_age_sec=None predictive_target=4 proactive=False scenario=s3-hybrid-reactive target_replicas=4 upper_forecasts=None
2026-07-14 03:00:58 [info     ] k8s_scale_executed             deployment=test-app-warm replicas=4
2026-07-14 03:00:58 [debug    ] Decision loop completed        action=REACTIVE latency_ms=158.46 p99=130.0
2026-07-14 03:01:13 [debug    ] HAProxy fallback latency       delta_requests=1077 interval_avg_ms=129.59 max_rtime_ms=1117.0 p99_est=259.18
2026-07-14 03:01:13 [info     ] controller_decision_v3         action=RECOVERY available_replicas=4 budget_remaining=985 burn_adjustment=0 burst_ratio=0.0626 capacity_deficit=False confidence=0 current_load=71.04865870860442 decision_id=5adc8df3 k8s_capacity=66.6 k8s_weight=93 knative_weight=7 p99=259.2 predicted_load=0 r_effective=16.6 serverless_enabled=True total_load=71.0 weights_after={'k3s': 93, 'knative': 7} weights_before={'k3s': 70, 'knative': 30}
2026-07-14 03:01:13 [info     ] Weights updated                k3s=93 knative=7
2026-07-14 03:01:13 [info     ] Weights updated                action=RECOVERY reason='load=71RPS | k8s_cap=67RPS | (reducing-serverless)' weights={'k3s': 93, 'knative': 7}
2026-07-14 03:01:13 [info     ] Scale readiness observed       elapsed_sec=15.2 ewma_delay=35.5 samples=10 target=4
2026-07-14 03:01:13 [info     ] algorithm2_scaling_decision    action=SCALE_UP alpha=0.060060060060060066 beta=0.0 buffer=1.0 current_replicas=4 predicted_load=70.74799895147655 required_resources=4.249 target_replicas=5
2026-07-14 03:01:13 [info     ] algorithm2_decision            action=SCALE_UP applied_target=5 current_replicas=4 hold_until=0.0 observed_load=70.75 observed_target=5 point_forecasts=None prediction_age_sec=None predictive_target=5 proactive=False scenario=s3-hybrid-reactive target_replicas=5 upper_forecasts=None
2026-07-14 03:01:13 [info     ] k8s_scale_executed             deployment=test-app-warm replicas=5
2026-07-14 03:01:13 [debug    ] Decision loop completed        action=RECOVERY latency_ms=201.25 p99=259.1829155060353
2026-07-14 03:01:28 [info     ] controller_decision_v3         action=RECOVERY available_replicas=5 budget_remaining=984 burn_adjustment=0 burst_ratio=0 capacity_deficit=False confidence=0 current_load=69.53128175729928 decision_id=5d438d82 k8s_capacity=83.2 k8s_weight=100 knative_weight=0 p99=259.2 predicted_load=0 r_effective=16.6 serverless_enabled=False total_load=69.5 weights_after={'k3s': 100, 'knative': 0} weights_before={'k3s': 93, 'knative': 7}
2026-07-14 03:01:28 [info     ] Weights updated                k3s=100 knative=0
2026-07-14 03:01:28 [info     ] Weights updated                action=RECOVERY reason='load=70RPS | k8s_cap=83RPS | (reducing-serverless)' weights={'k3s': 100, 'knative': 0}
2026-07-14 03:01:28 [info     ] Scale readiness observed       elapsed_sec=15.2 ewma_delay=29.4 samples=11 target=5
2026-07-14 03:01:28 [info     ] algorithm2_scaling_decision    action=MAINTAIN alpha=0.060060060060060066 beta=0.0 buffer=1.0 current_replicas=5 predicted_load=70.28997023295184 required_resources=4.222 target_replicas=5
2026-07-14 03:01:28 [info     ] algorithm2_decision            action=MAINTAIN applied_target=5 current_replicas=5 hold_until=0.0 observed_load=70.29 observed_target=5 point_forecasts=None prediction_age_sec=None predictive_target=5 proactive=False scenario=s3-hybrid-reactive target_replicas=5 upper_forecasts=None
2026-07-14 03:01:28 [debug    ] Decision loop completed        action=RECOVERY latency_ms=158.44 p99=259.1829155060353
2026-07-14 03:01:43 [debug    ] HAProxy fallback latency       delta_requests=1076 interval_avg_ms=65.0 max_rtime_ms=1117.0 p99_est=130.0
2026-07-14 03:01:43 [info     ] algorithm2_scaling_decision    action=MAINTAIN alpha=0.060060060060060066 beta=0.0 buffer=1.0 current_replicas=5 predicted_load=70.25757408176038 required_resources=4.22 target_replicas=5
2026-07-14 03:01:43 [info     ] algorithm2_decision            action=MAINTAIN applied_target=5 current_replicas=5 hold_until=0.0 observed_load=70.26 observed_target=5 point_forecasts=None prediction_age_sec=None predictive_target=5 proactive=False scenario=s3-hybrid-reactive target_replicas=5 upper_forecasts=None
2026-07-14 03:01:43 [debug    ] Decision loop completed        action=MAINTAIN latency_ms=109.86 p99=130.0
2026-07-14 03:01:58 [debug    ] HAProxy fallback latency       delta_requests=1141 interval_avg_ms=128.84 max_rtime_ms=1117.0 p99_est=257.68
2026-07-14 03:01:58 [info     ] algorithm2_scaling_decision    action=MAINTAIN alpha=0.060060060060060066 beta=0.0 buffer=1.0 current_replicas=5 predicted_load=73.2152246444899 required_resources=4.397 target_replicas=5
2026-07-14 03:01:58 [info     ] algorithm2_decision            action=MAINTAIN applied_target=5 current_replicas=5 hold_until=0.0 observed_load=73.22 observed_target=5 point_forecasts=None prediction_age_sec=None predictive_target=5 proactive=False scenario=s3-hybrid-reactive target_replicas=5 upper_forecasts=None
2026-07-14 03:01:58 [debug    ] Decision loop completed        action=MAINTAIN latency_ms=121.58 p99=257.67572304995616
2026-07-14 03:02:13 [debug    ] HAProxy fallback latency       delta_requests=1413 interval_avg_ms=118.55 max_rtime_ms=1117.0 p99_est=237.1
2026-07-14 03:02:13 [info     ] Knative pre-warm OK            cold_start_ms=2.8
2026-07-14 03:02:13 [info     ] controller_decision_v3         action=REACTIVE available_replicas=5 budget_remaining=982 burn_adjustment=0 burst_ratio=0.1091 capacity_deficit=False confidence=0 current_load=93.44361016109576 decision_id=f0b8dd49 k8s_capacity=83.2 k8s_weight=89 knative_weight=11 p99=237.1 predicted_load=0 r_effective=16.6 serverless_enabled=True total_load=93.4 weights_after={'k3s': 89, 'knative': 11} weights_before={'k3s': 100, 'knative': 0}
2026-07-14 03:02:13 [info     ] Weights updated                k3s=89 knative=11
2026-07-14 03:02:13 [info     ] Weights updated                action=REACTIVE reason='load=93RPS | k8s_cap=83RPS | (burst-routing)' weights={'k3s': 89, 'knative': 11}
2026-07-14 03:02:13 [info     ] algorithm2_scaling_decision    action=SCALE_UP alpha=0.060060060060060066 beta=0.0 buffer=1.0 current_replicas=5 predicted_load=84.44509652192704 required_resources=5.072 target_replicas=6
2026-07-14 03:02:13 [info     ] algorithm2_decision            action=SCALE_UP applied_target=6 current_replicas=5 hold_until=0.0 observed_load=84.45 observed_target=6 point_forecasts=None prediction_age_sec=None predictive_target=6 proactive=False scenario=s3-hybrid-reactive target_replicas=6 upper_forecasts=None
2026-07-14 03:02:13 [info     ] k8s_scale_executed             deployment=test-app-warm replicas=6
2026-07-14 03:02:13 [debug    ] Decision loop completed        action=REACTIVE latency_ms=156.61 p99=237.09837225760793
2026-07-14 03:02:28 [debug    ] HAProxy fallback latency       delta_requests=1641 interval_avg_ms=20.75 max_rtime_ms=1117.0 p99_est=41.5
2026-07-14 03:02:28 [info     ] controller_decision_v3         action=RECOVERY available_replicas=6 budget_remaining=982 burn_adjustment=0 burst_ratio=0.0773 capacity_deficit=False confidence=0 current_load=108.26523848504263 decision_id=a6bd2918 k8s_capacity=99.9 k8s_weight=92 knative_weight=8 p99=41.5 predicted_load=0 r_effective=16.6 serverless_enabled=True total_load=108.3 weights_after={'k3s': 92, 'knative': 8} weights_before={'k3s': 89, 'knative': 11}
2026-07-14 03:02:29 [info     ] Weights updated                k3s=92 knative=8
2026-07-14 03:02:29 [info     ] Weights updated                action=RECOVERY reason='load=108RPS | k8s_cap=100RPS | (reducing-serverless)' weights={'k3s': 92, 'knative': 8}
2026-07-14 03:02:29 [info     ] Scale readiness observed       elapsed_sec=15.2 ewma_delay=25.1 samples=12 target=6
2026-07-14 03:02:29 [info     ] algorithm2_scaling_decision    action=SCALE_UP alpha=0.060060060060060066 beta=0.0 buffer=1.0 current_replicas=6 predicted_load=100.8544243230692 required_resources=6.057 target_replicas=7
2026-07-14 03:02:29 [info     ] algorithm2_decision            action=SCALE_UP applied_target=7 current_replicas=6 hold_until=0.0 observed_load=100.85 observed_target=7 point_forecasts=None prediction_age_sec=None predictive_target=7 proactive=False scenario=s3-hybrid-reactive target_replicas=7 upper_forecasts=None
2026-07-14 03:02:29 [info     ] k8s_scale_executed             deployment=test-app-warm replicas=7
2026-07-14 03:02:29 [debug    ] Decision loop completed        action=RECOVERY latency_ms=196.05 p99=41.503960999390614
2026-07-14 03:02:44 [debug    ] HAProxy fallback latency       delta_requests=1439 interval_avg_ms=66.0 max_rtime_ms=1117.0 p99_est=132.0
2026-07-14 03:02:44 [info     ] controller_decision_v3         action=RECOVERY available_replicas=7 budget_remaining=982 burn_adjustment=0 burst_ratio=0 capacity_deficit=False confidence=0 current_load=94.76515686072815 decision_id=3207c670 k8s_capacity=116.5 k8s_weight=100 knative_weight=0 p99=132.0 predicted_load=0 r_effective=16.6 serverless_enabled=False total_load=94.8 weights_after={'k3s': 100, 'knative': 0} weights_before={'k3s': 92, 'knative': 8}
2026-07-14 03:02:44 [info     ] Weights updated                k3s=100 knative=0
2026-07-14 03:02:44 [info     ] Weights updated                action=RECOVERY reason='load=95RPS | k8s_cap=117RPS | (reducing-serverless)' weights={'k3s': 100, 'knative': 0}
2026-07-14 03:02:44 [info     ] Scale readiness observed       elapsed_sec=15.2 ewma_delay=22.1 samples=13 target=7
2026-07-14 03:02:44 [info     ] algorithm2_scaling_decision    action=MAINTAIN alpha=0.060060060060060066 beta=0.0 buffer=1.0 current_replicas=7 predicted_load=101.51519767288539 required_resources=6.097 target_replicas=7
2026-07-14 03:02:44 [info     ] algorithm2_decision            action=MAINTAIN applied_target=7 current_replicas=7 hold_until=0.0 observed_load=101.52 observed_target=7 point_forecasts=None prediction_age_sec=None predictive_target=7 proactive=False scenario=s3-hybrid-reactive target_replicas=7 upper_forecasts=None
2026-07-14 03:02:44 [debug    ] Decision loop completed        action=RECOVERY latency_ms=156.77 p99=132.0
2026-07-14 03:02:59 [info     ] algorithm2_scaling_decision    action=MAINTAIN alpha=0.060060060060060066 beta=0.0 buffer=1.0 current_replicas=7 predicted_load=85.94431795116157 required_resources=5.162 target_replicas=6
2026-07-14 03:02:59 [info     ] algorithm2_decision            action=MAINTAIN applied_target=6 current_replicas=7 hold_until=0.0 observed_load=85.94 observed_target=6 point_forecasts=None prediction_age_sec=None predictive_target=6 proactive=False scenario=s3-hybrid-reactive target_replicas=6 upper_forecasts=None
2026-07-14 03:02:59 [debug    ] Decision loop completed        action=MAINTAIN latency_ms=117.14 p99=132.0
2026-07-14 03:03:14 [debug    ] HAProxy fallback latency       delta_requests=906 interval_avg_ms=64.0 max_rtime_ms=1117.0 p99_est=128.0
2026-07-14 03:03:14 [info     ] algorithm2_scaling_decision    action=SCALE_DOWN alpha=0.060060060060060066 beta=0.0 buffer=1.0 current_replicas=7 predicted_load=68.5275336378035 required_resources=4.116 target_replicas=5
2026-07-14 03:03:14 [info     ] algorithm2_decision            action=SCALE_DOWN applied_target=5 current_replicas=7 hold_until=0.0 observed_load=68.53 observed_target=5 point_forecasts=None prediction_age_sec=None predictive_target=5 proactive=False scenario=s3-hybrid-reactive target_replicas=5 upper_forecasts=None
2026-07-14 03:03:14 [info     ] k8s_scale_executed             deployment=test-app-warm replicas=5
2026-07-14 03:03:14 [debug    ] Decision loop completed        action=MAINTAIN latency_ms=161.58 p99=128.0
2026-07-14 03:03:29 [debug    ] HAProxy fallback latency       delta_requests=690 interval_avg_ms=64.0 max_rtime_ms=1117.0 p99_est=128.0
2026-07-14 03:03:29 [info     ] algorithm2_scaling_decision    action=MAINTAIN alpha=0.060060060060060066 beta=0.0 buffer=1.0 current_replicas=5 predicted_load=52.71982714069329 required_resources=3.166 target_replicas=4
2026-07-14 03:03:29 [info     ] algorithm2_decision            action=MAINTAIN applied_target=4 current_replicas=5 hold_until=0.0 observed_load=52.72 observed_target=4 point_forecasts=None prediction_age_sec=None predictive_target=4 proactive=False scenario=s3-hybrid-reactive target_replicas=4 upper_forecasts=None
2026-07-14 03:03:29 [debug    ] Decision loop completed        action=MAINTAIN latency_ms=114.48 p99=128.0
2026-07-14 03:03:44 [debug    ] HAProxy fallback latency       delta_requests=657 interval_avg_ms=64.0 max_rtime_ms=1117.0 p99_est=128.0
2026-07-14 03:03:44 [info     ] algorithm2_scaling_decision    action=SCALE_DOWN alpha=0.060060060060060066 beta=0.0 buffer=1.0 current_replicas=5 predicted_load=44.488423856477965 required_resources=2.672 target_replicas=3
2026-07-14 03:03:44 [info     ] algorithm2_decision            action=SCALE_DOWN applied_target=3 current_replicas=5 hold_until=0.0 observed_load=44.49 observed_target=3 point_forecasts=None prediction_age_sec=None predictive_target=3 proactive=False scenario=s3-hybrid-reactive target_replicas=3 upper_forecasts=None
2026-07-14 03:03:44 [debug    ] Decision loop completed        action=MAINTAIN latency_ms=109.57 p99=128.0
2026-07-14 03:03:59 [debug    ] HAProxy fallback latency       delta_requests=671 interval_avg_ms=64.0 max_rtime_ms=1117.0 p99_est=128.0
2026-07-14 03:03:59 [info     ] algorithm2_scaling_decision    action=SCALE_DOWN alpha=0.060060060060060066 beta=0.0 buffer=1.0 current_replicas=5 predicted_load=43.97237424681278 required_resources=2.641 target_replicas=3
2026-07-14 03:03:59 [info     ] algorithm2_decision            action=SCALE_DOWN applied_target=3 current_replicas=5 hold_until=0.0 observed_load=43.97 observed_target=3 point_forecasts=None prediction_age_sec=None predictive_target=3 proactive=False scenario=s3-hybrid-reactive target_replicas=3 upper_forecasts=None
2026-07-14 03:03:59 [debug    ] Decision loop completed        action=MAINTAIN latency_ms=118.44 p99=128.0
2026-07-14 03:04:14 [debug    ] HAProxy fallback latency       delta_requests=784 interval_avg_ms=64.0 max_rtime_ms=1117.0 p99_est=128.0
2026-07-14 03:04:15 [info     ] algorithm2_scaling_decision    action=SCALE_DOWN alpha=0.060060060060060066 beta=0.0 buffer=1.0 current_replicas=5 predicted_load=48.0992689729911 required_resources=2.889 target_replicas=3
2026-07-14 03:04:15 [info     ] algorithm2_decision            action=SCALE_DOWN applied_target=3 current_replicas=5 hold_until=0.0 observed_load=48.1 observed_target=3 point_forecasts=None prediction_age_sec=None predictive_target=3 proactive=False scenario=s3-hybrid-reactive target_replicas=3 upper_forecasts=None
2026-07-14 03:04:15 [debug    ] Decision loop completed        action=MAINTAIN latency_ms=133.14 p99=128.0
2026-07-14 03:04:30 [debug    ] HAProxy fallback latency       delta_requests=852 interval_avg_ms=161.49 max_rtime_ms=1117.0 p99_est=322.98
2026-07-14 03:04:30 [info     ] algorithm2_scaling_decision    action=MAINTAIN alpha=0.060060060060060066 beta=0.0 buffer=1.0 current_replicas=5 predicted_load=54.04471614608507 required_resources=3.246 target_replicas=4
2026-07-14 03:04:30 [info     ] algorithm2_decision            action=MAINTAIN applied_target=4 current_replicas=5 hold_until=0.0 observed_load=54.04 observed_target=4 point_forecasts=None prediction_age_sec=None predictive_target=4 proactive=False scenario=s3-hybrid-reactive target_replicas=4 upper_forecasts=None
2026-07-14 03:04:30 [debug    ] Decision loop completed        action=MAINTAIN latency_ms=113.18 p99=322.9765258215962
2026-07-14 03:04:45 [info     ] algorithm2_scaling_decision    action=MAINTAIN alpha=0.060060060060060066 beta=0.0 buffer=1.0 current_replicas=5 predicted_load=51.53961392889451 required_resources=3.095 target_replicas=4
2026-07-14 03:04:45 [info     ] algorithm2_decision            action=MAINTAIN applied_target=4 current_replicas=5 hold_until=0.0 observed_load=51.54 observed_target=4 point_forecasts=None prediction_age_sec=None predictive_target=4 proactive=False scenario=s3-hybrid-reactive target_replicas=4 upper_forecasts=None
2026-07-14 03:04:45 [debug    ] Decision loop completed        action=MAINTAIN latency_ms=117.27 p99=322.9765258215962
2026-07-14 03:05:00 [debug    ] HAProxy fallback latency       delta_requests=577 interval_avg_ms=64.0 max_rtime_ms=1117.0 p99_est=128.0
2026-07-14 03:05:00 [info     ] algorithm2_scaling_decision    action=SCALE_DOWN alpha=0.060060060060060066 beta=0.0 buffer=1.0 current_replicas=5 predicted_load=42.440363580039104 required_resources=2.549 target_replicas=3
2026-07-14 03:05:00 [info     ] algorithm2_decision            action=SCALE_DOWN applied_target=3 current_replicas=5 hold_until=0.0 observed_load=42.44 observed_target=3 point_forecasts=None prediction_age_sec=None predictive_target=3 proactive=False scenario=s3-hybrid-reactive target_replicas=3 upper_forecasts=None
2026-07-14 03:05:00 [debug    ] Decision loop completed        action=MAINTAIN latency_ms=119.64 p99=128.0
2026-07-14 03:05:15 [debug    ] HAProxy fallback latency       delta_requests=585 interval_avg_ms=64.0 max_rtime_ms=1117.0 p99_est=128.0
2026-07-14 03:05:15 [info     ] algorithm2_scaling_decision    action=SCALE_DOWN alpha=0.060060060060060066 beta=0.0 buffer=1.0 current_replicas=5 predicted_load=38.429564597066815 required_resources=2.308 target_replicas=3
2026-07-14 03:05:15 [info     ] algorithm2_decision            action=SCALE_DOWN applied_target=3 current_replicas=5 hold_until=0.0 observed_load=38.43 observed_target=3 point_forecasts=None prediction_age_sec=None predictive_target=3 proactive=False scenario=s3-hybrid-reactive target_replicas=3 upper_forecasts=None
2026-07-14 03:05:15 [info     ] k8s_scale_executed             deployment=test-app-warm replicas=3
2026-07-14 03:05:15 [debug    ] Decision loop completed        action=MAINTAIN latency_ms=146.96 p99=128.0
2026-07-14 03:05:30 [debug    ] HAProxy fallback latency       delta_requests=609 interval_avg_ms=64.0 max_rtime_ms=1117.0 p99_est=128.0
2026-07-14 03:05:30 [info     ] algorithm2_scaling_decision    action=MAINTAIN alpha=0.060060060060060066 beta=0.0 buffer=1.0 current_replicas=3 predicted_load=39.44892903102485 required_resources=2.369 target_replicas=3
2026-07-14 03:05:30 [info     ] algorithm2_decision            action=MAINTAIN applied_target=3 current_replicas=3 hold_until=0.0 observed_load=39.45 observed_target=3 point_forecasts=None prediction_age_sec=None predictive_target=3 proactive=False scenario=s3-hybrid-reactive target_replicas=3 upper_forecasts=None
2026-07-14 03:05:30 [debug    ] Decision loop completed        action=MAINTAIN latency_ms=111.44 p99=128.0
2026-07-14 03:05:45 [debug    ] HAProxy fallback latency       delta_requests=630 interval_avg_ms=64.0 max_rtime_ms=1117.0 p99_est=128.0
2026-07-14 03:05:45 [info     ] algorithm2_scaling_decision    action=MAINTAIN alpha=0.060060060060060066 beta=0.0 buffer=1.0 current_replicas=3 predicted_load=40.98160804164799 required_resources=2.461 target_replicas=3
2026-07-14 03:05:45 [info     ] algorithm2_decision            action=MAINTAIN applied_target=3 current_replicas=3 hold_until=0.0 observed_load=40.98 observed_target=3 point_forecasts=None prediction_age_sec=None predictive_target=3 proactive=False scenario=s3-hybrid-reactive target_replicas=3 upper_forecasts=None
2026-07-14 03:05:45 [debug    ] Decision loop completed        action=MAINTAIN latency_ms=107.4 p99=128.0
2026-07-14 03:06:00 [debug    ] HAProxy fallback latency       delta_requests=667 interval_avg_ms=64.0 max_rtime_ms=1117.0 p99_est=128.0
2026-07-14 03:06:00 [info     ] algorithm2_scaling_decision    action=MAINTAIN alpha=0.060060060060060066 beta=0.0 buffer=1.0 current_replicas=3 predicted_load=42.91959411271699 required_resources=2.578 target_replicas=3
2026-07-14 03:06:00 [info     ] algorithm2_decision            action=MAINTAIN applied_target=3 current_replicas=3 hold_until=0.0 observed_load=42.92 observed_target=3 point_forecasts=None prediction_age_sec=None predictive_target=3 proactive=False scenario=s3-hybrid-reactive target_replicas=3 upper_forecasts=None
2026-07-14 03:06:00 [debug    ] Decision loop completed        action=MAINTAIN latency_ms=120.88 p99=128.0
2026-07-14 03:06:15 [debug    ] HAProxy fallback latency       delta_requests=747 interval_avg_ms=181.24 max_rtime_ms=1117.0 p99_est=362.49
2026-07-14 03:06:15 [info     ] algorithm2_scaling_decision    action=MAINTAIN alpha=0.060060060060060066 beta=0.0 buffer=1.0 current_replicas=3 predicted_load=46.74173233426967 required_resources=2.807 target_replicas=3
2026-07-14 03:06:15 [info     ] algorithm2_decision            action=MAINTAIN applied_target=3 current_replicas=3 hold_until=0.0 observed_load=46.74 observed_target=3 point_forecasts=None prediction_age_sec=None predictive_target=3 proactive=False scenario=s3-hybrid-reactive target_replicas=3 upper_forecasts=None
2026-07-14 03:06:15 [debug    ] Decision loop completed        action=MAINTAIN latency_ms=120.77 p99=362.4872824631861
2026-07-14 03:06:31 [debug    ] HAProxy fallback latency       delta_requests=263 interval_avg_ms=399.01 max_rtime_ms=1117.0 p99_est=798.02
2026-07-14 03:06:31 [info     ] algorithm2_scaling_decision    action=MAINTAIN alpha=0.060060060060060066 beta=0.0 buffer=1.0 current_replicas=3 predicted_load=33.463135404828265 required_resources=2.01 target_replicas=3
2026-07-14 03:06:31 [info     ] algorithm2_decision            action=MAINTAIN applied_target=3 current_replicas=3 hold_until=0.0 observed_load=33.46 observed_target=3 point_forecasts=None prediction_age_sec=None predictive_target=3 proactive=False scenario=s3-hybrid-reactive target_replicas=3 upper_forecasts=None
2026-07-14 03:06:31 [debug    ] Decision loop completed        action=MAINTAIN latency_ms=116.8 p99=798.0152091254753
2026-07-14 03:06:46 [info     ] algorithm2_scaling_decision    action=MAINTAIN alpha=0.060060060060060066 beta=0.0 buffer=1.0 current_replicas=3 predicted_load=8.7629338138463 required_resources=0.526 target_replicas=3
2026-07-14 03:06:46 [info     ] algorithm2_decision            action=MAINTAIN applied_target=3 current_replicas=3 hold_until=0.0 observed_load=8.76 observed_target=3 point_forecasts=None prediction_age_sec=None predictive_target=3 proactive=False scenario=s3-hybrid-reactive target_replicas=3 upper_forecasts=None
2026-07-14 03:06:46 [debug    ] Decision loop completed        action=MAINTAIN latency_ms=107.16 p99=798.0152091254753
2026-07-14 03:07:01 [info     ] algorithm2_scaling_decision    action=MAINTAIN alpha=0.060060060060060066 beta=0.0 buffer=1.0 current_replicas=3 predicted_load=0.0 required_resources=0.0 target_replicas=3
2026-07-14 03:07:01 [info     ] algorithm2_decision            action=MAINTAIN applied_target=3 current_replicas=3 hold_until=0.0 observed_load=0.0 observed_target=3 point_forecasts=None prediction_age_sec=None predictive_target=3 proactive=False scenario=s3-hybrid-reactive target_replicas=3 upper_forecasts=None
2026-07-14 03:07:01 [debug    ] Decision loop completed        action=MAINTAIN latency_ms=107.24 p99=798.0152091254753
2026-07-14 03:07:16 [info     ] algorithm2_scaling_decision    action=MAINTAIN alpha=0.060060060060060066 beta=0.0 buffer=1.0 current_replicas=3 predicted_load=0.0 required_resources=0.0 target_replicas=3
2026-07-14 03:07:16 [info     ] algorithm2_decision            action=MAINTAIN applied_target=3 current_replicas=3 hold_until=0.0 observed_load=0.0 observed_target=3 point_forecasts=None prediction_age_sec=None predictive_target=3 proactive=False scenario=s3-hybrid-reactive target_replicas=3 upper_forecasts=None
2026-07-14 03:07:16 [debug    ] Decision loop completed        action=MAINTAIN latency_ms=157.08 p99=798.0152091254753
2026-07-14 03:07:22 [info     ] Received shutdown signal
2026-07-14 03:07:22 [info     ] Stopping routing daemon...
2026-07-14 03:07:22 [info     ] Routing daemon stopped
