<frozen runpy>:128: RuntimeWarning: 'daemon.routing_daemon' found in sys.modules after import of package 'daemon', but prior to execution of 'daemon.routing_daemon'; this may result in unpredictable behaviour
2026-07-04 04:45:45 [info     ] SLOMonitor initialized         threshold_ms=200.0 violation_window=30
2026-07-04 04:45:45 [info     ] Algorithm1Controller initialized cooldown=15 weight_step=10
2026-07-04 04:45:45 [info     ] HAProxyWeightAdjuster initialized backend=servers socket_path=/tmp/haproxy.sock tcp_socket=localhost:19999 tcp_socket_available=True unix_socket_available=False
2026-07-04 04:45:45 [info     ] GRUClient initialized          base_url=http://localhost:8090
2026-07-04 04:45:45 [info     ] K8sScaler initialized          deployment=test-app-warm namespace=default
2026-07-04 04:45:45 [info     ] RoutingDaemon initialized      decision_interval=15 description='Static routing to serverless only' scenario=s2-serverless-only use_algorithm=False use_predictions=False
2026-07-04 04:45:45 [info     ] Starting routing daemon        interval=15 scenario=s2-serverless-only
2026-07-04 04:45:45 [debug    ] HAProxy TCP command sent       command='show stat' response_length=2595
2026-07-04 04:45:45 [debug    ] Current weights retrieved via socket weights={'k3s': 0, 'knative': 100}
2026-07-04 04:45:45 [debug    ] Weights already set correctly  k3s=0 knative=100
2026-07-04 04:45:45 [info     ] Initial weights applied        k3s=0 knative=100
2026-07-04 04:45:45 [debug    ] HAProxy TCP command sent       command='show stat' response_length=2595
2026-07-04 04:45:45 [debug    ] Static scenario - no decision needed scenario=s2-serverless-only weights={'k3s': 0, 'knative': 100}
2026-07-04 04:46:00 [debug    ] HAProxy TCP command sent       command='show stat' response_length=2596
2026-07-04 04:46:00 [debug    ] Static scenario - no decision needed scenario=s2-serverless-only weights={'k3s': 0, 'knative': 100}
2026-07-04 04:46:15 [debug    ] HAProxy TCP command sent       command='show stat' response_length=2596
2026-07-04 04:46:15 [debug    ] Static scenario - no decision needed scenario=s2-serverless-only weights={'k3s': 0, 'knative': 100}
2026-07-04 04:46:30 [debug    ] HAProxy TCP command sent       command='show stat' response_length=2699
2026-07-04 04:46:30 [debug    ] Static scenario - no decision needed scenario=s2-serverless-only weights={'k3s': 0, 'knative': 100}
2026-07-04 04:46:45 [debug    ] HAProxy TCP command sent       command='show stat' response_length=2709
2026-07-04 04:46:45 [debug    ] Static scenario - no decision needed scenario=s2-serverless-only weights={'k3s': 0, 'knative': 100}
2026-07-04 04:47:00 [debug    ] HAProxy TCP command sent       command='show stat' response_length=2706
2026-07-04 04:47:00 [debug    ] Static scenario - no decision needed scenario=s2-serverless-only weights={'k3s': 0, 'knative': 100}
2026-07-04 04:47:15 [debug    ] HAProxy TCP command sent       command='show stat' response_length=2704
2026-07-04 04:47:16 [debug    ] Static scenario - no decision needed scenario=s2-serverless-only weights={'k3s': 0, 'knative': 100}
2026-07-04 04:47:31 [debug    ] HAProxy TCP command sent       command='show stat' response_length=2708
2026-07-04 04:47:31 [debug    ] Static scenario - no decision needed scenario=s2-serverless-only weights={'k3s': 0, 'knative': 100}
2026-07-04 04:47:46 [debug    ] HAProxy TCP command sent       command='show stat' response_length=2716
2026-07-04 04:47:46 [debug    ] Static scenario - no decision needed scenario=s2-serverless-only weights={'k3s': 0, 'knative': 100}
2026-07-04 04:48:01 [debug    ] HAProxy TCP command sent       command='show stat' response_length=2715
2026-07-04 04:48:01 [debug    ] Static scenario - no decision needed scenario=s2-serverless-only weights={'k3s': 0, 'knative': 100}
2026-07-04 04:48:16 [debug    ] HAProxy TCP command sent       command='show stat' response_length=2712
2026-07-04 04:48:16 [debug    ] Static scenario - no decision needed scenario=s2-serverless-only weights={'k3s': 0, 'knative': 100}
2026-07-04 04:48:31 [debug    ] HAProxy TCP command sent       command='show stat' response_length=2712
2026-07-04 04:48:31 [debug    ] Static scenario - no decision needed scenario=s2-serverless-only weights={'k3s': 0, 'knative': 100}
2026-07-04 04:48:46 [debug    ] HAProxy TCP command sent       command='show stat' response_length=2720
2026-07-04 04:48:46 [debug    ] Static scenario - no decision needed scenario=s2-serverless-only weights={'k3s': 0, 'knative': 100}
2026-07-04 04:49:01 [debug    ] HAProxy TCP command sent       command='show stat' response_length=2720
2026-07-04 04:49:01 [debug    ] Static scenario - no decision needed scenario=s2-serverless-only weights={'k3s': 0, 'knative': 100}
2026-07-04 04:49:16 [debug    ] HAProxy TCP command sent       command='show stat' response_length=2715
2026-07-04 04:49:16 [debug    ] Static scenario - no decision needed scenario=s2-serverless-only weights={'k3s': 0, 'knative': 100}
2026-07-04 04:49:31 [debug    ] HAProxy TCP command sent       command='show stat' response_length=2712
2026-07-04 04:49:31 [debug    ] Static scenario - no decision needed scenario=s2-serverless-only weights={'k3s': 0, 'knative': 100}
2026-07-04 04:49:46 [debug    ] HAProxy TCP command sent       command='show stat' response_length=2710
2026-07-04 04:49:46 [debug    ] Static scenario - no decision needed scenario=s2-serverless-only weights={'k3s': 0, 'knative': 100}
2026-07-04 04:50:01 [debug    ] HAProxy TCP command sent       command='show stat' response_length=2717
2026-07-04 04:50:01 [debug    ] Static scenario - no decision needed scenario=s2-serverless-only weights={'k3s': 0, 'knative': 100}
2026-07-04 04:50:16 [debug    ] HAProxy TCP command sent       command='show stat' response_length=2736
2026-07-04 04:50:16 [debug    ] Static scenario - no decision needed scenario=s2-serverless-only weights={'k3s': 0, 'knative': 100}
2026-07-04 04:50:31 [debug    ] HAProxy TCP command sent       command='show stat' response_length=2730
2026-07-04 04:50:31 [debug    ] Static scenario - no decision needed scenario=s2-serverless-only weights={'k3s': 0, 'knative': 100}
2026-07-04 04:50:46 [debug    ] HAProxy TCP command sent       command='show stat' response_length=2728
2026-07-04 04:50:46 [debug    ] Static scenario - no decision needed scenario=s2-serverless-only weights={'k3s': 0, 'knative': 100}
2026-07-04 04:51:01 [debug    ] HAProxy TCP command sent       command='show stat' response_length=2725
2026-07-04 04:51:01 [debug    ] Static scenario - no decision needed scenario=s2-serverless-only weights={'k3s': 0, 'knative': 100}
2026-07-04 04:51:16 [debug    ] HAProxy TCP command sent       command='show stat' response_length=2743
2026-07-04 04:51:16 [debug    ] Static scenario - no decision needed scenario=s2-serverless-only weights={'k3s': 0, 'knative': 100}
2026-07-04 04:51:31 [debug    ] HAProxy TCP command sent       command='show stat' response_length=2742
2026-07-04 04:51:31 [debug    ] Static scenario - no decision needed scenario=s2-serverless-only weights={'k3s': 0, 'knative': 100}
2026-07-04 04:51:46 [debug    ] HAProxy TCP command sent       command='show stat' response_length=2742
2026-07-04 04:51:46 [debug    ] Static scenario - no decision needed scenario=s2-serverless-only weights={'k3s': 0, 'knative': 100}
2026-07-04 04:52:01 [debug    ] HAProxy TCP command sent       command='show stat' response_length=2742
2026-07-04 04:52:01 [debug    ] Static scenario - no decision needed scenario=s2-serverless-only weights={'k3s': 0, 'knative': 100}
2026-07-04 04:52:16 [debug    ] HAProxy TCP command sent       command='show stat' response_length=2744
2026-07-04 04:52:16 [debug    ] Static scenario - no decision needed scenario=s2-serverless-only weights={'k3s': 0, 'knative': 100}
2026-07-04 04:52:31 [debug    ] HAProxy TCP command sent       command='show stat' response_length=2743
2026-07-04 04:52:31 [debug    ] Static scenario - no decision needed scenario=s2-serverless-only weights={'k3s': 0, 'knative': 100}
2026-07-04 04:52:46 [debug    ] HAProxy TCP command sent       command='show stat' response_length=2735
2026-07-04 04:52:46 [debug    ] Static scenario - no decision needed scenario=s2-serverless-only weights={'k3s': 0, 'knative': 100}
2026-07-04 04:53:01 [debug    ] HAProxy TCP command sent       command='show stat' response_length=2735
2026-07-04 04:53:01 [debug    ] Static scenario - no decision needed scenario=s2-serverless-only weights={'k3s': 0, 'knative': 100}
2026-07-04 04:53:16 [debug    ] HAProxy TCP command sent       command='show stat' response_length=2730
2026-07-04 04:53:16 [debug    ] Static scenario - no decision needed scenario=s2-serverless-only weights={'k3s': 0, 'knative': 100}
2026-07-04 04:53:31 [debug    ] HAProxy TCP command sent       command='show stat' response_length=2740
2026-07-04 04:53:32 [debug    ] Static scenario - no decision needed scenario=s2-serverless-only weights={'k3s': 0, 'knative': 100}
2026-07-04 04:53:47 [debug    ] HAProxy TCP command sent       command='show stat' response_length=2742
2026-07-04 04:53:47 [debug    ] Static scenario - no decision needed scenario=s2-serverless-only weights={'k3s': 0, 'knative': 100}
2026-07-04 04:54:02 [debug    ] HAProxy TCP command sent       command='show stat' response_length=2742
2026-07-04 04:54:02 [debug    ] Static scenario - no decision needed scenario=s2-serverless-only weights={'k3s': 0, 'knative': 100}
2026-07-04 04:54:17 [debug    ] HAProxy TCP command sent       command='show stat' response_length=2744
2026-07-04 04:54:17 [debug    ] Static scenario - no decision needed scenario=s2-serverless-only weights={'k3s': 0, 'knative': 100}
2026-07-04 04:54:32 [debug    ] HAProxy TCP command sent       command='show stat' response_length=2746
2026-07-04 04:54:32 [debug    ] Static scenario - no decision needed scenario=s2-serverless-only weights={'k3s': 0, 'knative': 100}
2026-07-04 04:54:47 [debug    ] HAProxy TCP command sent       command='show stat' response_length=2740
2026-07-04 04:54:47 [debug    ] Static scenario - no decision needed scenario=s2-serverless-only weights={'k3s': 0, 'knative': 100}
2026-07-04 04:55:02 [debug    ] HAProxy TCP command sent       command='show stat' response_length=2743
2026-07-04 04:55:02 [debug    ] Static scenario - no decision needed scenario=s2-serverless-only weights={'k3s': 0, 'knative': 100}
2026-07-04 04:55:17 [debug    ] HAProxy TCP command sent       command='show stat' response_length=2742
2026-07-04 04:55:17 [debug    ] Static scenario - no decision needed scenario=s2-serverless-only weights={'k3s': 0, 'knative': 100}
2026-07-04 04:55:32 [debug    ] HAProxy TCP command sent       command='show stat' response_length=2742
2026-07-04 04:55:32 [debug    ] Static scenario - no decision needed scenario=s2-serverless-only weights={'k3s': 0, 'knative': 100}
2026-07-04 04:55:47 [debug    ] HAProxy TCP command sent       command='show stat' response_length=2745
2026-07-04 04:55:47 [debug    ] Static scenario - no decision needed scenario=s2-serverless-only weights={'k3s': 0, 'knative': 100}
2026-07-04 04:56:02 [debug    ] HAProxy TCP command sent       command='show stat' response_length=2742
2026-07-04 04:56:02 [debug    ] Static scenario - no decision needed scenario=s2-serverless-only weights={'k3s': 0, 'knative': 100}
2026-07-04 04:56:17 [debug    ] HAProxy TCP command sent       command='show stat' response_length=2742
2026-07-04 04:56:17 [debug    ] Static scenario - no decision needed scenario=s2-serverless-only weights={'k3s': 0, 'knative': 100}
2026-07-04 04:56:32 [debug    ] HAProxy TCP command sent       command='show stat' response_length=2742
2026-07-04 04:56:32 [debug    ] Static scenario - no decision needed scenario=s2-serverless-only weights={'k3s': 0, 'knative': 100}
2026-07-04 04:56:47 [debug    ] HAProxy TCP command sent       command='show stat' response_length=2748
2026-07-04 04:56:47 [debug    ] Static scenario - no decision needed scenario=s2-serverless-only weights={'k3s': 0, 'knative': 100}
2026-07-04 04:57:02 [debug    ] HAProxy TCP command sent       command='show stat' response_length=2745
2026-07-04 04:57:02 [debug    ] Static scenario - no decision needed scenario=s2-serverless-only weights={'k3s': 0, 'knative': 100}
2026-07-04 04:57:17 [debug    ] HAProxy TCP command sent       command='show stat' response_length=2745
2026-07-04 04:57:17 [debug    ] Static scenario - no decision needed scenario=s2-serverless-only weights={'k3s': 0, 'knative': 100}
2026-07-04 04:57:32 [debug    ] HAProxy TCP command sent       command='show stat' response_length=2745
2026-07-04 04:57:32 [debug    ] Static scenario - no decision needed scenario=s2-serverless-only weights={'k3s': 0, 'knative': 100}
2026-07-04 04:57:47 [debug    ] HAProxy TCP command sent       command='show stat' response_length=2747
2026-07-04 04:57:47 [debug    ] Static scenario - no decision needed scenario=s2-serverless-only weights={'k3s': 0, 'knative': 100}
2026-07-04 04:58:02 [debug    ] HAProxy TCP command sent       command='show stat' response_length=2746
2026-07-04 04:58:02 [debug    ] Static scenario - no decision needed scenario=s2-serverless-only weights={'k3s': 0, 'knative': 100}
2026-07-04 04:58:17 [debug    ] HAProxy TCP command sent       command='show stat' response_length=2738
2026-07-04 04:58:17 [debug    ] Static scenario - no decision needed scenario=s2-serverless-only weights={'k3s': 0, 'knative': 100}
2026-07-04 04:58:32 [debug    ] HAProxy TCP command sent       command='show stat' response_length=2734
2026-07-04 04:58:32 [debug    ] Static scenario - no decision needed scenario=s2-serverless-only weights={'k3s': 0, 'knative': 100}
2026-07-04 04:58:47 [debug    ] HAProxy TCP command sent       command='show stat' response_length=2737
2026-07-04 04:58:47 [debug    ] Static scenario - no decision needed scenario=s2-serverless-only weights={'k3s': 0, 'knative': 100}
2026-07-04 04:59:02 [debug    ] HAProxy TCP command sent       command='show stat' response_length=2737
2026-07-04 04:59:02 [debug    ] Static scenario - no decision needed scenario=s2-serverless-only weights={'k3s': 0, 'knative': 100}
2026-07-04 04:59:17 [debug    ] HAProxy TCP command sent       command='show stat' response_length=2743
2026-07-04 04:59:17 [debug    ] Static scenario - no decision needed scenario=s2-serverless-only weights={'k3s': 0, 'knative': 100}
2026-07-04 04:59:32 [debug    ] HAProxy TCP command sent       command='show stat' response_length=2738
2026-07-04 04:59:32 [debug    ] Static scenario - no decision needed scenario=s2-serverless-only weights={'k3s': 0, 'knative': 100}
2026-07-04 04:59:47 [debug    ] HAProxy TCP command sent       command='show stat' response_length=2735
2026-07-04 04:59:47 [debug    ] Static scenario - no decision needed scenario=s2-serverless-only weights={'k3s': 0, 'knative': 100}
2026-07-04 05:00:02 [debug    ] HAProxy TCP command sent       command='show stat' response_length=2733
2026-07-04 05:00:03 [debug    ] Static scenario - no decision needed scenario=s2-serverless-only weights={'k3s': 0, 'knative': 100}
2026-07-04 05:00:18 [debug    ] HAProxy TCP command sent       command='show stat' response_length=2733
2026-07-04 05:00:18 [debug    ] Static scenario - no decision needed scenario=s2-serverless-only weights={'k3s': 0, 'knative': 100}
2026-07-04 05:00:33 [debug    ] HAProxy TCP command sent       command='show stat' response_length=2744
2026-07-04 05:00:33 [debug    ] Static scenario - no decision needed scenario=s2-serverless-only weights={'k3s': 0, 'knative': 100}
2026-07-04 05:00:48 [debug    ] HAProxy TCP command sent       command='show stat' response_length=2739
2026-07-04 05:00:48 [debug    ] Static scenario - no decision needed scenario=s2-serverless-only weights={'k3s': 0, 'knative': 100}
2026-07-04 05:01:03 [debug    ] HAProxy TCP command sent       command='show stat' response_length=2735
2026-07-04 05:01:03 [debug    ] Static scenario - no decision needed scenario=s2-serverless-only weights={'k3s': 0, 'knative': 100}
2026-07-04 05:01:18 [debug    ] HAProxy TCP command sent       command='show stat' response_length=2734
2026-07-04 05:01:18 [debug    ] Static scenario - no decision needed scenario=s2-serverless-only weights={'k3s': 0, 'knative': 100}
2026-07-04 05:01:33 [debug    ] HAProxy TCP command sent       command='show stat' response_length=2734
2026-07-04 05:01:33 [debug    ] Static scenario - no decision needed scenario=s2-serverless-only weights={'k3s': 0, 'knative': 100}
2026-07-04 05:01:48 [debug    ] HAProxy TCP command sent       command='show stat' response_length=2750
2026-07-04 05:01:48 [debug    ] Static scenario - no decision needed scenario=s2-serverless-only weights={'k3s': 0, 'knative': 100}
2026-07-04 05:02:03 [debug    ] HAProxy TCP command sent       command='show stat' response_length=2748
2026-07-04 05:02:03 [debug    ] Static scenario - no decision needed scenario=s2-serverless-only weights={'k3s': 0, 'knative': 100}
2026-07-04 05:02:18 [debug    ] HAProxy TCP command sent       command='show stat' response_length=2749
2026-07-04 05:02:18 [debug    ] Static scenario - no decision needed scenario=s2-serverless-only weights={'k3s': 0, 'knative': 100}
2026-07-04 05:02:33 [debug    ] HAProxy TCP command sent       command='show stat' response_length=2748
2026-07-04 05:02:33 [debug    ] Static scenario - no decision needed scenario=s2-serverless-only weights={'k3s': 0, 'knative': 100}
2026-07-04 05:02:48 [debug    ] HAProxy TCP command sent       command='show stat' response_length=2748
2026-07-04 05:02:48 [debug    ] Static scenario - no decision needed scenario=s2-serverless-only weights={'k3s': 0, 'knative': 100}
2026-07-04 05:03:03 [debug    ] HAProxy TCP command sent       command='show stat' response_length=2745
2026-07-04 05:03:03 [debug    ] Static scenario - no decision needed scenario=s2-serverless-only weights={'k3s': 0, 'knative': 100}
2026-07-04 05:03:18 [debug    ] HAProxy TCP command sent       command='show stat' response_length=2740
2026-07-04 05:03:18 [debug    ] Static scenario - no decision needed scenario=s2-serverless-only weights={'k3s': 0, 'knative': 100}
2026-07-04 05:03:33 [debug    ] HAProxy TCP command sent       command='show stat' response_length=2737
2026-07-04 05:03:33 [debug    ] Static scenario - no decision needed scenario=s2-serverless-only weights={'k3s': 0, 'knative': 100}
2026-07-04 05:03:48 [debug    ] HAProxy TCP command sent       command='show stat' response_length=2735
2026-07-04 05:03:48 [debug    ] Static scenario - no decision needed scenario=s2-serverless-only weights={'k3s': 0, 'knative': 100}
2026-07-04 05:04:03 [debug    ] HAProxy TCP command sent       command='show stat' response_length=2739
2026-07-04 05:04:03 [debug    ] Static scenario - no decision needed scenario=s2-serverless-only weights={'k3s': 0, 'knative': 100}
2026-07-04 05:04:18 [debug    ] HAProxy TCP command sent       command='show stat' response_length=2745
2026-07-04 05:04:18 [debug    ] Static scenario - no decision needed scenario=s2-serverless-only weights={'k3s': 0, 'knative': 100}
2026-07-04 05:04:33 [debug    ] HAProxy TCP command sent       command='show stat' response_length=2740
2026-07-04 05:04:33 [debug    ] Static scenario - no decision needed scenario=s2-serverless-only weights={'k3s': 0, 'knative': 100}
2026-07-04 05:04:48 [debug    ] HAProxy TCP command sent       command='show stat' response_length=2737
2026-07-04 05:04:48 [debug    ] Static scenario - no decision needed scenario=s2-serverless-only weights={'k3s': 0, 'knative': 100}
2026-07-04 05:05:03 [debug    ] HAProxy TCP command sent       command='show stat' response_length=2735
2026-07-04 05:05:03 [debug    ] Static scenario - no decision needed scenario=s2-serverless-only weights={'k3s': 0, 'knative': 100}
2026-07-04 05:05:18 [debug    ] HAProxy TCP command sent       command='show stat' response_length=2741
2026-07-04 05:05:18 [debug    ] Static scenario - no decision needed scenario=s2-serverless-only weights={'k3s': 0, 'knative': 100}
2026-07-04 05:05:33 [debug    ] HAProxy TCP command sent       command='show stat' response_length=2743
2026-07-04 05:05:33 [debug    ] Static scenario - no decision needed scenario=s2-serverless-only weights={'k3s': 0, 'knative': 100}
2026-07-04 05:05:48 [debug    ] HAProxy TCP command sent       command='show stat' response_length=2740
2026-07-04 05:05:48 [debug    ] Static scenario - no decision needed scenario=s2-serverless-only weights={'k3s': 0, 'knative': 100}
2026-07-04 05:06:03 [debug    ] HAProxy TCP command sent       command='show stat' response_length=2737
2026-07-04 05:06:03 [debug    ] Static scenario - no decision needed scenario=s2-serverless-only weights={'k3s': 0, 'knative': 100}
2026-07-04 05:06:18 [debug    ] HAProxy TCP command sent       command='show stat' response_length=2730
2026-07-04 05:06:19 [debug    ] Static scenario - no decision needed scenario=s2-serverless-only weights={'k3s': 0, 'knative': 100}
2026-07-04 05:06:34 [debug    ] HAProxy TCP command sent       command='show stat' response_length=2732
2026-07-04 05:06:34 [debug    ] Static scenario - no decision needed scenario=s2-serverless-only weights={'k3s': 0, 'knative': 100}
2026-07-04 05:06:49 [debug    ] HAProxy TCP command sent       command='show stat' response_length=2732
2026-07-04 05:06:49 [debug    ] Static scenario - no decision needed scenario=s2-serverless-only weights={'k3s': 0, 'knative': 100}
2026-07-04 05:07:04 [debug    ] HAProxy TCP command sent       command='show stat' response_length=2732
2026-07-04 05:07:04 [debug    ] Static scenario - no decision needed scenario=s2-serverless-only weights={'k3s': 0, 'knative': 100}
2026-07-04 05:07:17 [info     ] Received shutdown signal
2026-07-04 05:07:17 [info     ] Stopping routing daemon...
2026-07-04 05:07:17 [info     ] Routing daemon stopped
