2026-07-08 13:09:37 [info     ] SLOMonitor initialized         threshold_ms=200.0 violation_window=30
2026-07-08 13:09:37 [info     ] Algorithm1ControllerV3 initialized max_knative=50 r_saturation=66.7 target_cpu_util=0.5 total_budget=1000
2026-07-08 13:09:37 [info     ] Using V3 controller (Capacity-Driven) scenario=s4-hybrid-predictive version=v3
2026-07-08 13:09:37 [info     ] HAProxyWeightAdjuster initialized backend=servers host=localhost port=19999
2026-07-08 13:09:37 [info     ] GRUClient initialized          base_url=http://localhost:8090
2026-07-08 13:09:37 [info     ] K8sScaler initialized          deployment=test-app-warm namespace=default
2026-07-08 13:09:37 [info     ] RoutingDaemon initialized      decision_interval=15 description='Algorithm 1 with GRU predictions (Algorithm 2)' scenario=s4-hybrid-predictive use_algorithm=True use_predictions=True
2026-07-08 13:09:37 [info     ] Starting routing daemon        interval=15 scenario=s4-hybrid-predictive
2026-07-08 13:09:37 [info     ] Weights updated                k3s=80 knative=20
2026-07-08 13:09:37 [info     ] Initial weights applied        k3s=80 knative=20
2026-07-08 13:09:37 [debug    ] HAProxy fallback primed        total_requests=0
2026-07-08 13:09:38 [info     ] algorithm2_scaling_decision    action=MAINTAIN alpha=0.014992503748125937 beta=0.0 buffer=1.2 current_replicas=3 predicted_load=0.0 required_resources=0.0 target_replicas=3
2026-07-08 13:09:38 [debug    ] Decision loop completed        action=MAINTAIN latency_ms=105.71 p99=0.0
2026-07-08 13:09:53 [info     ] algorithm2_scaling_decision    action=MAINTAIN alpha=0.014992503748125937 beta=0.0 buffer=1.2 current_replicas=3 predicted_load=0.0 required_resources=0.0 target_replicas=3
2026-07-08 13:09:53 [debug    ] Decision loop completed        action=MAINTAIN latency_ms=106.74 p99=0.0
2026-07-08 13:10:08 [info     ] algorithm2_scaling_decision    action=MAINTAIN alpha=0.014992503748125937 beta=0.0 buffer=1.2 current_replicas=3 predicted_load=0.0 required_resources=0.0 target_replicas=3
2026-07-08 13:10:08 [debug    ] Decision loop completed        action=MAINTAIN latency_ms=110.02 p99=0.0
2026-07-08 13:10:23 [debug    ] HAProxy fallback latency       delta_requests=640 interval_avg_ms=64.0 max_rtime_ms=129.0 p99_est=128.0
2026-07-08 13:10:23 [debug    ] burn_rate_adjustment           actual_burn=0.0 adjustment=-5 allowed_burn=0.83 budget_remaining=1000 burn_error=-1.0 burn_ratio=0.0
2026-07-08 13:10:23 [info     ] controller_decision_v3         action=RECOVERY available_replicas=3 budget_remaining=1000 burn_adjustment=-5 burst_ratio=0 capacity_deficit=False confidence=0 current_load=42.291669624671094 decision_id=d6bdc3b4 k8s_capacity=100.1 k8s_weight=100 knative_weight=0 p99=128.0 predicted_load=0 r_effective=33.4 serverless_enabled=False total_load=42.3 weights_after={'k3s': 100, 'knative': 0} weights_before={'k3s': 80, 'knative': 20}
2026-07-08 13:10:23 [info     ] Weights updated                k3s=100 knative=0
2026-07-08 13:10:23 [info     ] Weights updated                action=RECOVERY reason='load=42RPS | k8s_cap=100RPS | (reducing-serverless)' weights={'k3s': 100, 'knative': 0}
2026-07-08 13:10:23 [info     ] algorithm2_scaling_decision    action=MAINTAIN alpha=0.014992503748125937 beta=0.0 buffer=1.2 current_replicas=3 predicted_load=21.145834812335547 required_resources=0.317 target_replicas=3
2026-07-08 13:10:23 [debug    ] Decision loop completed        action=RECOVERY latency_ms=143.86 p99=128.0
2026-07-08 13:10:38 [debug    ] HAProxy fallback latency       delta_requests=667 interval_avg_ms=65.96 max_rtime_ms=153.0 p99_est=131.92
2026-07-08 13:10:38 [debug    ] burn_rate_adjustment           actual_burn=0.0 adjustment=-6 allowed_burn=0.83 budget_remaining=1000 burn_error=-1.0 burn_ratio=0.0
2026-07-08 13:10:38 [info     ] algorithm2_scaling_decision    action=MAINTAIN alpha=0.014992503748125937 beta=0.0 buffer=1.2 current_replicas=3 predicted_load=43.13479315967401 required_resources=0.647 target_replicas=3
2026-07-08 13:10:38 [debug    ] Decision loop completed        action=MAINTAIN latency_ms=108.35 p99=131.91904047976013
2026-07-08 13:10:53 [debug    ] HAProxy fallback latency       delta_requests=715 interval_avg_ms=70.66 max_rtime_ms=153.0 p99_est=141.31
2026-07-08 13:10:53 [debug    ] GRU prediction received        confidence=0.72 latency_ms=10.54 predicted=66
2026-07-08 13:10:53 [debug    ] Using GRU prediction           confidence=0.72 predicted=66
2026-07-08 13:10:53 [debug    ] burn_rate_adjustment           actual_burn=0.0 adjustment=-6 allowed_burn=0.83 budget_remaining=1000 burn_error=-1.0 burn_ratio=0.0
2026-07-08 13:10:53 [info     ] algorithm2_scaling_decision    action=MAINTAIN alpha=0.014992503748125937 beta=0.0 buffer=1.2 current_replicas=3 predicted_load=66.0 required_resources=0.99 target_replicas=3
2026-07-08 13:10:53 [debug    ] Decision loop completed        action=MAINTAIN latency_ms=117.81 p99=141.31188811188812
2026-07-08 13:11:08 [debug    ] HAProxy fallback latency       delta_requests=824 interval_avg_ms=70.45 max_rtime_ms=185.0 p99_est=140.91
2026-07-08 13:11:08 [debug    ] GRU prediction received        confidence=0.72 latency_ms=11.63 predicted=67
2026-07-08 13:11:08 [debug    ] Using GRU prediction           confidence=0.72 predicted=67
2026-07-08 13:11:08 [debug    ] burn_rate_adjustment           actual_burn=0.0 adjustment=-7 allowed_burn=0.83 budget_remaining=1000 burn_error=-1.0 burn_ratio=0.0
2026-07-08 13:11:08 [info     ] algorithm2_scaling_decision    action=MAINTAIN alpha=0.014992503748125937 beta=0.0 buffer=1.2 current_replicas=3 predicted_load=67.0 required_resources=1.004 target_replicas=3
2026-07-08 13:11:08 [debug    ] Decision loop completed        action=MAINTAIN latency_ms=127.22 p99=140.90776699029126
2026-07-08 13:11:23 [debug    ] HAProxy fallback latency       delta_requests=768 interval_avg_ms=68.0 max_rtime_ms=185.0 p99_est=136.0
2026-07-08 13:11:23 [debug    ] GRU prediction received        confidence=0.82 latency_ms=12.26 predicted=67
2026-07-08 13:11:23 [debug    ] Using GRU prediction           confidence=0.82 predicted=67
2026-07-08 13:11:23 [debug    ] burn_rate_adjustment           actual_burn=0.0 adjustment=-7 allowed_burn=0.83 budget_remaining=1000 burn_error=-1.0 burn_ratio=0.0
2026-07-08 13:11:23 [info     ] algorithm2_scaling_decision    action=MAINTAIN alpha=0.014992503748125937 beta=0.0 buffer=1.2 current_replicas=3 predicted_load=67.0 required_resources=1.004 target_replicas=3
2026-07-08 13:11:23 [debug    ] Decision loop completed        action=MAINTAIN latency_ms=120.15 p99=136.0
2026-07-08 13:11:38 [debug    ] HAProxy fallback latency       delta_requests=546 interval_avg_ms=60.38 max_rtime_ms=185.0 p99_est=120.76
2026-07-08 13:11:38 [debug    ] GRU prediction received        confidence=0.78 latency_ms=10.52 predicted=66
2026-07-08 13:11:38 [debug    ] Using GRU prediction           confidence=0.78 predicted=66
2026-07-08 13:11:38 [debug    ] burn_rate_adjustment           actual_burn=0.0 adjustment=-7 allowed_burn=0.83 budget_remaining=1000 burn_error=-1.0 burn_ratio=0.0
2026-07-08 13:11:38 [info     ] algorithm2_scaling_decision    action=MAINTAIN alpha=0.014992503748125937 beta=0.0 buffer=1.2 current_replicas=3 predicted_load=66.0 required_resources=0.99 target_replicas=3
2026-07-08 13:11:38 [debug    ] Decision loop completed        action=MAINTAIN latency_ms=113.88 p99=120.76190476190476
2026-07-08 13:11:54 [debug    ] HAProxy fallback latency       delta_requests=411 interval_avg_ms=55.88 max_rtime_ms=185.0 p99_est=111.76
2026-07-08 13:11:54 [debug    ] GRU prediction received        confidence=0.72 latency_ms=11.99 predicted=66
2026-07-08 13:11:54 [debug    ] Using GRU prediction           confidence=0.72 predicted=66
2026-07-08 13:11:54 [debug    ] burn_rate_adjustment           actual_burn=0.0 adjustment=-7 allowed_burn=0.83 budget_remaining=1000 burn_error=-1.0 burn_ratio=0.0
2026-07-08 13:11:54 [info     ] algorithm2_scaling_decision    action=MAINTAIN alpha=0.014992503748125937 beta=0.0 buffer=1.2 current_replicas=3 predicted_load=66.0 required_resources=0.99 target_replicas=3
2026-07-08 13:11:54 [debug    ] Decision loop completed        action=MAINTAIN latency_ms=124.68 p99=111.7566909975669
2026-07-08 13:12:09 [debug    ] HAProxy fallback latency       delta_requests=358 interval_avg_ms=66.0 max_rtime_ms=185.0 p99_est=132.0
2026-07-08 13:12:09 [debug    ] GRU prediction received        confidence=0.72 latency_ms=13.54 predicted=65
2026-07-08 13:12:09 [debug    ] Using GRU prediction           confidence=0.72 predicted=65
2026-07-08 13:12:09 [debug    ] burn_rate_adjustment           actual_burn=0.0 adjustment=-7 allowed_burn=0.83 budget_remaining=1000 burn_error=-1.0 burn_ratio=0.0
2026-07-08 13:12:09 [info     ] algorithm2_scaling_decision    action=MAINTAIN alpha=0.014992503748125937 beta=0.0 buffer=1.2 current_replicas=3 predicted_load=65.0 required_resources=0.975 target_replicas=3
2026-07-08 13:12:09 [debug    ] Decision loop completed        action=MAINTAIN latency_ms=120.77 p99=132.0
2026-07-08 13:12:24 [debug    ] HAProxy fallback latency       delta_requests=485 interval_avg_ms=66.0 max_rtime_ms=185.0 p99_est=132.0
2026-07-08 13:12:24 [debug    ] GRU prediction received        confidence=0.72 latency_ms=9.95 predicted=65
2026-07-08 13:12:24 [debug    ] Using GRU prediction           confidence=0.72 predicted=65
2026-07-08 13:12:24 [debug    ] burn_rate_adjustment           actual_burn=0.0 adjustment=-7 allowed_burn=0.83 budget_remaining=1000 burn_error=-1.0 burn_ratio=0.0
2026-07-08 13:12:24 [info     ] algorithm2_scaling_decision    action=MAINTAIN alpha=0.014992503748125937 beta=0.0 buffer=1.2 current_replicas=3 predicted_load=65.0 required_resources=0.975 target_replicas=3
2026-07-08 13:12:24 [debug    ] Decision loop completed        action=MAINTAIN latency_ms=123.79 p99=132.0
2026-07-08 13:12:39 [debug    ] HAProxy fallback latency       delta_requests=775 interval_avg_ms=58.01 max_rtime_ms=185.0 p99_est=116.03
2026-07-08 13:12:39 [debug    ] GRU prediction received        confidence=0.72 latency_ms=11.64 predicted=65
2026-07-08 13:12:39 [debug    ] Using GRU prediction           confidence=0.72 predicted=65
2026-07-08 13:12:39 [debug    ] burn_rate_adjustment           actual_burn=0.0 adjustment=-7 allowed_burn=0.83 budget_remaining=1000 burn_error=-1.0 burn_ratio=0.0
2026-07-08 13:12:39 [info     ] algorithm2_scaling_decision    action=MAINTAIN alpha=0.014992503748125937 beta=0.0 buffer=1.2 current_replicas=3 predicted_load=65.0 required_resources=0.975 target_replicas=3
2026-07-08 13:12:39 [debug    ] Decision loop completed        action=MAINTAIN latency_ms=120.5 p99=116.0283870967742
2026-07-08 13:12:54 [debug    ] HAProxy fallback latency       delta_requests=812 interval_avg_ms=73.62 max_rtime_ms=185.0 p99_est=147.24
2026-07-08 13:12:54 [debug    ] GRU prediction received        confidence=0.72 latency_ms=13.87 predicted=66
2026-07-08 13:12:54 [debug    ] Using GRU prediction           confidence=0.72 predicted=66
2026-07-08 13:12:54 [debug    ] burn_rate_adjustment           actual_burn=0.0 adjustment=-7 allowed_burn=0.83 budget_remaining=1000 burn_error=-1.0 burn_ratio=0.0
2026-07-08 13:12:54 [info     ] algorithm2_scaling_decision    action=MAINTAIN alpha=0.014992503748125937 beta=0.0 buffer=1.2 current_replicas=3 predicted_load=66.0 required_resources=0.99 target_replicas=3
2026-07-08 13:12:54 [debug    ] Decision loop completed        action=MAINTAIN latency_ms=122.08 p99=147.24384236453201
2026-07-08 13:13:09 [debug    ] HAProxy fallback latency       delta_requests=638 interval_avg_ms=54.03 max_rtime_ms=185.0 p99_est=108.05
2026-07-08 13:13:09 [debug    ] GRU prediction received        confidence=0.72 latency_ms=12.45 predicted=65
2026-07-08 13:13:09 [debug    ] Using GRU prediction           confidence=0.72 predicted=65
2026-07-08 13:13:09 [debug    ] burn_rate_adjustment           actual_burn=0.0 adjustment=-7 allowed_burn=0.83 budget_remaining=1000 burn_error=-1.0 burn_ratio=0.0
2026-07-08 13:13:09 [info     ] algorithm2_scaling_decision    action=MAINTAIN alpha=0.014992503748125937 beta=0.0 buffer=1.2 current_replicas=3 predicted_load=65.0 required_resources=0.975 target_replicas=3
2026-07-08 13:13:09 [debug    ] Decision loop completed        action=MAINTAIN latency_ms=120.38 p99=108.05329153605015
2026-07-08 13:13:24 [debug    ] HAProxy fallback latency       delta_requests=657 interval_avg_ms=65.0 max_rtime_ms=185.0 p99_est=130.0
2026-07-08 13:13:24 [debug    ] GRU prediction received        confidence=0.75 latency_ms=9.91 predicted=65
2026-07-08 13:13:24 [debug    ] Using GRU prediction           confidence=0.75 predicted=65
2026-07-08 13:13:24 [debug    ] burn_rate_adjustment           actual_burn=0.0 adjustment=-7 allowed_burn=0.83 budget_remaining=1000 burn_error=-1.0 burn_ratio=0.0
2026-07-08 13:13:24 [info     ] algorithm2_scaling_decision    action=MAINTAIN alpha=0.014992503748125937 beta=0.0 buffer=1.2 current_replicas=3 predicted_load=65.0 required_resources=0.975 target_replicas=3
2026-07-08 13:13:24 [debug    ] Decision loop completed        action=MAINTAIN latency_ms=116.91 p99=130.0
2026-07-08 13:13:39 [debug    ] HAProxy fallback latency       delta_requests=832 interval_avg_ms=65.0 max_rtime_ms=185.0 p99_est=130.0
2026-07-08 13:13:39 [debug    ] GRU prediction received        confidence=0.8 latency_ms=10.97 predicted=66
2026-07-08 13:13:39 [debug    ] Using GRU prediction           confidence=0.8 predicted=66
2026-07-08 13:13:39 [debug    ] burn_rate_adjustment           actual_burn=0.0 adjustment=-7 allowed_burn=0.83 budget_remaining=1000 burn_error=-1.0 burn_ratio=0.0
2026-07-08 13:13:39 [info     ] algorithm2_scaling_decision    action=MAINTAIN alpha=0.014992503748125937 beta=0.0 buffer=1.2 current_replicas=3 predicted_load=66.0 required_resources=0.99 target_replicas=3
2026-07-08 13:13:39 [debug    ] Decision loop completed        action=MAINTAIN latency_ms=124.24 p99=130.0
2026-07-08 13:13:54 [debug    ] HAProxy fallback latency       delta_requests=916 interval_avg_ms=54.03 max_rtime_ms=185.0 p99_est=108.07
2026-07-08 13:13:54 [debug    ] GRU prediction received        confidence=0.78 latency_ms=12.46 predicted=66
2026-07-08 13:13:54 [debug    ] Using GRU prediction           confidence=0.78 predicted=66
2026-07-08 13:13:55 [debug    ] burn_rate_adjustment           actual_burn=0.0 adjustment=-7 allowed_burn=0.83 budget_remaining=1000 burn_error=-1.0 burn_ratio=0.0
2026-07-08 13:13:55 [info     ] algorithm2_scaling_decision    action=MAINTAIN alpha=0.014992503748125937 beta=0.0 buffer=1.2 current_replicas=3 predicted_load=66.0 required_resources=0.99 target_replicas=3
2026-07-08 13:13:55 [debug    ] Decision loop completed        action=MAINTAIN latency_ms=121.96 p99=108.06986899563319
2026-07-08 13:14:10 [debug    ] HAProxy fallback latency       delta_requests=932 interval_avg_ms=64.0 max_rtime_ms=185.0 p99_est=128.0
2026-07-08 13:14:10 [debug    ] GRU prediction received        confidence=0.76 latency_ms=11.67 predicted=67
2026-07-08 13:14:10 [debug    ] Using GRU prediction           confidence=0.76 predicted=67
2026-07-08 13:14:10 [debug    ] burn_rate_adjustment           actual_burn=0.0 adjustment=-7 allowed_burn=0.83 budget_remaining=1000 burn_error=-1.0 burn_ratio=0.0
2026-07-08 13:14:10 [info     ] algorithm2_scaling_decision    action=MAINTAIN alpha=0.014992503748125937 beta=0.0 buffer=1.2 current_replicas=3 predicted_load=67.0 required_resources=1.004 target_replicas=3
2026-07-08 13:14:10 [debug    ] Decision loop completed        action=MAINTAIN latency_ms=121.52 p99=128.0
2026-07-08 13:14:25 [debug    ] HAProxy fallback latency       delta_requests=1005 interval_avg_ms=87.84 max_rtime_ms=185.0 p99_est=175.69
2026-07-08 13:14:25 [debug    ] GRU prediction received        confidence=0.78 latency_ms=9.95 predicted=67
2026-07-08 13:14:25 [debug    ] Using GRU prediction           confidence=0.78 predicted=67
2026-07-08 13:14:25 [debug    ] burn_rate_adjustment           actual_burn=0.0 adjustment=-7 allowed_burn=0.83 budget_remaining=1000 burn_error=-1.0 burn_ratio=0.0
2026-07-08 13:14:25 [info     ] algorithm2_scaling_decision    action=MAINTAIN alpha=0.014992503748125937 beta=0.0 buffer=1.2 current_replicas=3 predicted_load=67.0 required_resources=1.004 target_replicas=3
2026-07-08 13:14:25 [debug    ] Decision loop completed        action=MAINTAIN latency_ms=121.79 p99=175.68557213930347
2026-07-08 13:14:40 [debug    ] HAProxy fallback latency       delta_requests=1120 interval_avg_ms=54.3 max_rtime_ms=185.0 p99_est=108.61
2026-07-08 13:14:40 [debug    ] GRU prediction received        confidence=0.81 latency_ms=11.18 predicted=68
2026-07-08 13:14:40 [debug    ] Using GRU prediction           confidence=0.81 predicted=68
2026-07-08 13:14:40 [debug    ] burn_rate_adjustment           actual_burn=0.0 adjustment=-7 allowed_burn=0.83 budget_remaining=1000 burn_error=-1.0 burn_ratio=0.0
2026-07-08 13:14:40 [info     ] algorithm2_scaling_decision    action=MAINTAIN alpha=0.014992503748125937 beta=0.0 buffer=1.2 current_replicas=3 predicted_load=70.22956584883701 required_resources=1.053 target_replicas=3
2026-07-08 13:14:40 [debug    ] Decision loop completed        action=MAINTAIN latency_ms=114.14 p99=108.60535714285714
2026-07-08 13:14:55 [debug    ] HAProxy fallback latency       delta_requests=1275 interval_avg_ms=87.55 max_rtime_ms=185.0 p99_est=175.1
2026-07-08 13:14:55 [debug    ] GRU prediction received        confidence=0.79 latency_ms=11.3 predicted=69
2026-07-08 13:14:55 [debug    ] Using GRU prediction           confidence=0.79 predicted=69
2026-07-08 13:14:55 [debug    ] burn_rate_adjustment           actual_burn=0.0 adjustment=-7 allowed_burn=0.83 budget_remaining=1000 burn_error=-1.0 burn_ratio=0.0
2026-07-08 13:14:55 [info     ] algorithm2_scaling_decision    action=MAINTAIN alpha=0.014992503748125937 beta=0.0 buffer=1.2 current_replicas=3 predicted_load=79.17740587851281 required_resources=1.187 target_replicas=3
2026-07-08 13:14:55 [debug    ] Decision loop completed        action=MAINTAIN latency_ms=118.42 p99=175.10117647058823
2026-07-08 13:15:10 [debug    ] HAProxy fallback latency       delta_requests=1458 interval_avg_ms=99.58 max_rtime_ms=185.0 p99_est=185.0
2026-07-08 13:15:10 [debug    ] GRU prediction received        confidence=0.75 latency_ms=32.89 predicted=71
2026-07-08 13:15:10 [debug    ] Using GRU prediction           confidence=0.75 predicted=71
2026-07-08 13:15:10 [debug    ] burn_rate_adjustment           actual_burn=0.0 adjustment=-7 allowed_burn=0.83 budget_remaining=1000 burn_error=-1.0 burn_ratio=0.0
2026-07-08 13:15:10 [info     ] algorithm2_scaling_decision    action=MAINTAIN alpha=0.014992503748125937 beta=0.0 buffer=1.2 current_replicas=3 predicted_load=90.36498567226002 required_resources=1.355 target_replicas=3
2026-07-08 13:15:10 [debug    ] Decision loop completed        action=MAINTAIN latency_ms=156.23 p99=185.0
2026-07-08 13:15:25 [debug    ] HAProxy fallback latency       delta_requests=1674 interval_avg_ms=111.84 max_rtime_ms=185.0 p99_est=185.0
2026-07-08 13:15:25 [debug    ] GRU prediction received        confidence=0.74 latency_ms=12.63 predicted=73
2026-07-08 13:15:25 [debug    ] Using GRU prediction           confidence=0.74 predicted=73
2026-07-08 13:15:25 [debug    ] burn_rate_adjustment           actual_burn=0.0 adjustment=-7 allowed_burn=0.83 budget_remaining=1000 burn_error=-1.0 burn_ratio=0.0
2026-07-08 13:15:25 [info     ] Knative pre-warm OK            cold_start_ms=2.8
2026-07-08 13:15:25 [info     ] controller_decision_v3         action=REACTIVE available_replicas=3 budget_remaining=1000 burn_adjustment=-7 burst_ratio=0.0936 capacity_deficit=False confidence=0.74 current_load=110.38657174156732 decision_id=13495d21 k8s_capacity=100.1 k8s_weight=97 knative_weight=3 p99=185.0 predicted_load=73 r_effective=33.4 serverless_enabled=True total_load=110.4 weights_after={'k3s': 97, 'knative': 3} weights_before={'k3s': 100, 'knative': 0}
2026-07-08 13:15:25 [info     ] Weights updated                k3s=97 knative=3
2026-07-08 13:15:25 [info     ] Weights updated                action=REACTIVE reason='load=110RPS | k8s_cap=100RPS | (burst-routing)' weights={'k3s': 97, 'knative': 3}
2026-07-08 13:15:25 [info     ] algorithm2_scaling_decision    action=MAINTAIN alpha=0.014992503748125937 beta=0.0 buffer=1.2 current_replicas=3 predicted_load=103.4127065550696 required_resources=1.55 target_replicas=3
2026-07-08 13:15:25 [debug    ] Decision loop completed        action=REACTIVE latency_ms=125.27 p99=185.0
2026-07-08 13:15:40 [debug    ] HAProxy fallback latency       delta_requests=1892 interval_avg_ms=115.01 max_rtime_ms=222.0 p99_est=222.0
2026-07-08 13:15:40 [debug    ] GRU prediction received        confidence=0.73 latency_ms=11.79 predicted=75
2026-07-08 13:15:40 [debug    ] Using GRU prediction           confidence=0.73 predicted=75
2026-07-08 13:15:40 [debug    ] burn_rate_adjustment           actual_burn=0.0 adjustment=-7 allowed_burn=0.83 budget_remaining=999 burn_error=-0.997 burn_ratio=0.003
2026-07-08 13:15:40 [info     ] controller_decision_v3         action=REACTIVE available_replicas=3 budget_remaining=999 burn_adjustment=-7 burst_ratio=0.2005 capacity_deficit=False confidence=0.73 current_load=125.1479423282327 decision_id=c515d8ea k8s_capacity=100.1 k8s_weight=86 knative_weight=14 p99=222.0 predicted_load=75 r_effective=33.4 serverless_enabled=True total_load=125.1 weights_after={'k3s': 86, 'knative': 14} weights_before={'k3s': 97, 'knative': 3}
2026-07-08 13:15:40 [info     ] Weights updated                k3s=86 knative=14
2026-07-08 13:15:40 [info     ] Weights updated                action=REACTIVE reason='load=125RPS | k8s_cap=100RPS | (burst-routing)' weights={'k3s': 86, 'knative': 14}
2026-07-08 13:15:40 [info     ] algorithm2_scaling_decision    action=MAINTAIN alpha=0.014992503748125937 beta=0.0 buffer=1.2 current_replicas=3 predicted_load=117.76725703490001 required_resources=1.766 target_replicas=3
2026-07-08 13:15:40 [debug    ] Decision loop completed        action=REACTIVE latency_ms=122.45 p99=222.0
2026-07-08 13:15:55 [debug    ] HAProxy fallback latency       delta_requests=1718 interval_avg_ms=4.25 max_rtime_ms=222.0 p99_est=8.49
2026-07-08 13:15:55 [debug    ] GRU prediction received        confidence=0.78 latency_ms=10.78 predicted=78
2026-07-08 13:15:55 [debug    ] Using GRU prediction           confidence=0.78 predicted=78
2026-07-08 13:15:56 [debug    ] burn_rate_adjustment           actual_burn=0.0 adjustment=-7 allowed_burn=0.83 budget_remaining=999 burn_error=-0.997 burn_ratio=0.003
2026-07-08 13:15:56 [info     ] controller_decision_v3         action=RECOVERY available_replicas=3 budget_remaining=999 burn_adjustment=-7 burst_ratio=0.1193 capacity_deficit=False confidence=0.78 current_load=113.60610851479234 decision_id=cdb8aeed k8s_capacity=100.1 k8s_weight=95 knative_weight=5 p99=8.5 predicted_load=78 r_effective=33.4 serverless_enabled=True total_load=113.6 weights_after={'k3s': 95, 'knative': 5} weights_before={'k3s': 86, 'knative': 14}
2026-07-08 13:15:56 [info     ] Weights updated                k3s=95 knative=5
2026-07-08 13:15:56 [info     ] Weights updated                action=RECOVERY reason='load=114RPS | k8s_cap=100RPS | (reducing-serverless)' weights={'k3s': 95, 'knative': 5}
2026-07-08 13:15:56 [info     ] algorithm2_scaling_decision    action=MAINTAIN alpha=0.014992503748125937 beta=0.0 buffer=1.2 current_replicas=3 predicted_load=119.37702542151251 required_resources=1.79 target_replicas=3
2026-07-08 13:15:56 [debug    ] Decision loop completed        action=RECOVERY latency_ms=158.01 p99=8.49359720605355
2026-07-08 13:16:11 [debug    ] HAProxy fallback latency       delta_requests=1312 interval_avg_ms=3.62 max_rtime_ms=222.0 p99_est=7.23
2026-07-08 13:16:11 [debug    ] GRU prediction received        confidence=0.79 latency_ms=10.77 predicted=78
2026-07-08 13:16:11 [debug    ] Using GRU prediction           confidence=0.79 predicted=78
2026-07-08 13:16:11 [debug    ] burn_rate_adjustment           actual_burn=0.0 adjustment=-7 allowed_burn=0.83 budget_remaining=999 burn_error=-0.997 burn_ratio=0.003
2026-07-08 13:16:11 [info     ] controller_decision_v3         action=RECOVERY available_replicas=3 budget_remaining=999 burn_adjustment=-7 burst_ratio=0 capacity_deficit=False confidence=0.79 current_load=86.68647400826308 decision_id=06ecbef2 k8s_capacity=100.1 k8s_weight=100 knative_weight=0 p99=7.2 predicted_load=78 r_effective=33.4 serverless_enabled=False total_load=86.7 weights_after={'k3s': 100, 'knative': 0} weights_before={'k3s': 95, 'knative': 5}
2026-07-08 13:16:11 [info     ] Weights updated                k3s=100 knative=0
2026-07-08 13:16:11 [info     ] Weights updated                action=RECOVERY reason='load=87RPS | k8s_cap=100RPS | (reducing-serverless)' weights={'k3s': 100, 'knative': 0}
2026-07-08 13:16:11 [info     ] algorithm2_scaling_decision    action=MAINTAIN alpha=0.014992503748125937 beta=0.0 buffer=1.2 current_replicas=3 predicted_load=100.14629126152771 required_resources=1.501 target_replicas=3
2026-07-08 13:16:11 [debug    ] Decision loop completed        action=RECOVERY latency_ms=150.91 p99=7.2317073170731705
2026-07-08 13:16:26 [debug    ] HAProxy fallback latency       delta_requests=1132 interval_avg_ms=26.37 max_rtime_ms=222.0 p99_est=52.74
2026-07-08 13:16:26 [debug    ] GRU prediction received        confidence=0.74 latency_ms=11.41 predicted=77
2026-07-08 13:16:26 [debug    ] Using GRU prediction           confidence=0.74 predicted=77
2026-07-08 13:16:26 [debug    ] burn_rate_adjustment           actual_burn=0.0 adjustment=-7 allowed_burn=0.83 budget_remaining=999 burn_error=-0.997 burn_ratio=0.003
2026-07-08 13:16:26 [info     ] algorithm2_scaling_decision    action=MAINTAIN alpha=0.014992503748125937 beta=0.0 buffer=1.2 current_replicas=3 predicted_load=80.66638888429003 required_resources=1.209 target_replicas=3
2026-07-08 13:16:26 [debug    ] Decision loop completed        action=MAINTAIN latency_ms=115.17 p99=52.74204946996466
2026-07-08 13:16:41 [debug    ] HAProxy fallback latency       delta_requests=1073 interval_avg_ms=66.0 max_rtime_ms=222.0 p99_est=132.0
2026-07-08 13:16:41 [debug    ] GRU prediction received        confidence=0.72 latency_ms=10.2 predicted=77
2026-07-08 13:16:41 [debug    ] Using GRU prediction           confidence=0.72 predicted=77
2026-07-08 13:16:41 [debug    ] burn_rate_adjustment           actual_burn=0.0 adjustment=-7 allowed_burn=0.83 budget_remaining=999 burn_error=-0.997 burn_ratio=0.003
2026-07-08 13:16:41 [info     ] algorithm2_scaling_decision    action=MAINTAIN alpha=0.014992503748125937 beta=0.0 buffer=1.2 current_replicas=3 predicted_load=77.0 required_resources=1.154 target_replicas=3
2026-07-08 13:16:41 [debug    ] Decision loop completed        action=MAINTAIN latency_ms=122.02 p99=132.0
2026-07-08 13:16:56 [debug    ] HAProxy fallback latency       delta_requests=945 interval_avg_ms=38.93 max_rtime_ms=222.0 p99_est=77.86
2026-07-08 13:16:56 [debug    ] GRU prediction received        confidence=0.72 latency_ms=10.36 predicted=76
2026-07-08 13:16:56 [debug    ] Using GRU prediction           confidence=0.72 predicted=76
2026-07-08 13:16:56 [debug    ] burn_rate_adjustment           actual_burn=0.0 adjustment=-7 allowed_burn=0.83 budget_remaining=999 burn_error=-0.997 burn_ratio=0.003
2026-07-08 13:16:56 [info     ] algorithm2_scaling_decision    action=MAINTAIN alpha=0.014992503748125937 beta=0.0 buffer=1.2 current_replicas=3 predicted_load=76.0 required_resources=1.139 target_replicas=3
2026-07-08 13:16:56 [debug    ] Decision loop completed        action=MAINTAIN latency_ms=122.93 p99=77.86243386243386
2026-07-08 13:17:11 [debug    ] HAProxy fallback latency       delta_requests=794 interval_avg_ms=98.22 max_rtime_ms=222.0 p99_est=196.43
2026-07-08 13:17:11 [debug    ] GRU prediction received        confidence=0.75 latency_ms=9.56 predicted=74
2026-07-08 13:17:11 [debug    ] Using GRU prediction           confidence=0.75 predicted=74
2026-07-08 13:17:11 [debug    ] burn_rate_adjustment           actual_burn=0.0 adjustment=-7 allowed_burn=0.83 budget_remaining=999 burn_error=-0.997 burn_ratio=0.003
2026-07-08 13:17:11 [info     ] algorithm2_scaling_decision    action=MAINTAIN alpha=0.014992503748125937 beta=0.0 buffer=1.2 current_replicas=3 predicted_load=74.0 required_resources=1.109 target_replicas=3
2026-07-08 13:17:11 [debug    ] Decision loop completed        action=MAINTAIN latency_ms=114.68 p99=196.43324937027708
2026-07-08 13:17:26 [debug    ] HAProxy fallback latency       delta_requests=1206 interval_avg_ms=843.55 max_rtime_ms=555.0 p99_est=555.0
2026-07-08 13:17:26 [debug    ] GRU prediction received        confidence=0.77 latency_ms=12.98 predicted=75
2026-07-08 13:17:26 [debug    ] Using GRU prediction           confidence=0.77 predicted=75
2026-07-08 13:17:26 [debug    ] burn_rate_adjustment           actual_burn=0.0 adjustment=-7 allowed_burn=0.83 budget_remaining=998 burn_error=-0.995 burn_ratio=0.005
2026-07-08 13:17:26 [info     ] algorithm2_scaling_decision    action=MAINTAIN alpha=0.014992503748125937 beta=0.0 buffer=1.2 current_replicas=3 predicted_load=75.0 required_resources=1.124 target_replicas=3
2026-07-08 13:17:26 [debug    ] Decision loop completed        action=MAINTAIN latency_ms=122.71 p99=555.0
2026-07-08 13:17:41 [debug    ] HAProxy fallback latency       delta_requests=1876 interval_avg_ms=1497.43 max_rtime_ms=695.0 p99_est=695.0
2026-07-08 13:17:41 [debug    ] GRU prediction received        confidence=0.72 latency_ms=9.94 predicted=78
2026-07-08 13:17:41 [debug    ] Using GRU prediction           confidence=0.72 predicted=78
2026-07-08 13:17:41 [debug    ] burn_rate_adjustment           actual_burn=0.01 adjustment=-7 allowed_burn=0.83 budget_remaining=997 burn_error=-0.993 burn_ratio=0.007
2026-07-08 13:17:41 [info     ] Knative pre-warm OK            cold_start_ms=2.7
2026-07-08 13:17:41 [info     ] controller_decision_v3         action=REACTIVE available_replicas=3 budget_remaining=997 burn_adjustment=-7 burst_ratio=0.1931 capacity_deficit=False confidence=0.72 current_load=123.99015945409595 decision_id=9969cf52 k8s_capacity=100.1 k8s_weight=87 knative_weight=13 p99=695.0 predicted_load=78 r_effective=33.4 serverless_enabled=True total_load=124.0 weights_after={'k3s': 87, 'knative': 13} weights_before={'k3s': 100, 'knative': 0}
2026-07-08 13:17:41 [info     ] Weights updated                k3s=87 knative=13
2026-07-08 13:17:41 [info     ] Weights updated                action=REACTIVE reason='load=124RPS | k8s_cap=100RPS | (burst-routing)' weights={'k3s': 87, 'knative': 13}
2026-07-08 13:17:41 [info     ] algorithm2_scaling_decision    action=MAINTAIN alpha=0.014992503748125937 beta=0.0 buffer=1.2 current_replicas=3 predicted_load=101.82214355133671 required_resources=1.527 target_replicas=3
2026-07-08 13:17:41 [debug    ] Decision loop completed        action=REACTIVE latency_ms=125.09 p99=695.0
2026-07-08 13:17:57 [debug    ] GRU prediction received        confidence=0.72 latency_ms=12.7 predicted=81
2026-07-08 13:17:57 [debug    ] Using GRU prediction           confidence=0.72 predicted=81
2026-07-08 13:17:57 [debug    ] burn_rate_adjustment           actual_burn=0.01 adjustment=-7 allowed_burn=0.83 budget_remaining=996 burn_error=-0.99 burn_ratio=0.01
2026-07-08 13:17:57 [info     ] controller_decision_v3         action=RECOVERY available_replicas=3 budget_remaining=996 burn_adjustment=-7 burst_ratio=0.1672 capacity_deficit=False confidence=0.72 current_load=120.129760216688 decision_id=b976ede4 k8s_capacity=100.1 k8s_weight=90 knative_weight=10 p99=695.0 predicted_load=81 r_effective=33.4 serverless_enabled=True total_load=120.1 weights_after={'k3s': 90, 'knative': 10} weights_before={'k3s': 87, 'knative': 13}
2026-07-08 13:17:57 [info     ] Weights updated                k3s=90 knative=10
2026-07-08 13:17:57 [info     ] Weights updated                action=RECOVERY reason='load=120RPS | k8s_cap=100RPS | (reducing-serverless)' weights={'k3s': 90, 'knative': 10}
2026-07-08 13:17:57 [info     ] algorithm2_scaling_decision    action=MAINTAIN alpha=0.014992503748125937 beta=0.0 buffer=1.2 current_replicas=3 predicted_load=122.05995983539196 required_resources=1.83 target_replicas=3
2026-07-08 13:17:57 [debug    ] Decision loop completed        action=RECOVERY latency_ms=158.44 p99=695.0
2026-07-08 13:18:12 [debug    ] GRU prediction received        confidence=0.72 latency_ms=13.47 predicted=82
2026-07-08 13:18:12 [debug    ] Using GRU prediction           confidence=0.72 predicted=82
2026-07-08 13:18:12 [debug    ] burn_rate_adjustment           actual_burn=0.01 adjustment=-7 allowed_burn=0.83 budget_remaining=995 burn_error=-0.988 burn_ratio=0.012
2026-07-08 13:18:12 [info     ] controller_decision_v3         action=RECOVERY available_replicas=3 budget_remaining=995 burn_adjustment=-7 burst_ratio=0 capacity_deficit=False confidence=0.72 current_load=93.87284743396998 decision_id=e30dd78c k8s_capacity=100.1 k8s_weight=100 knative_weight=0 p99=695.0 predicted_load=82 r_effective=33.4 serverless_enabled=False total_load=93.9 weights_after={'k3s': 100, 'knative': 0} weights_before={'k3s': 90, 'knative': 10}
2026-07-08 13:18:12 [info     ] Weights updated                k3s=100 knative=0
2026-07-08 13:18:12 [info     ] Weights updated                action=RECOVERY reason='load=94RPS | k8s_cap=100RPS | (reducing-serverless)' weights={'k3s': 100, 'knative': 0}
2026-07-08 13:18:12 [info     ] algorithm2_scaling_decision    action=MAINTAIN alpha=0.014992503748125937 beta=0.0 buffer=1.2 current_replicas=3 predicted_load=107.00130382532899 required_resources=1.604 target_replicas=3
2026-07-08 13:18:12 [debug    ] Decision loop completed        action=RECOVERY latency_ms=160.46 p99=695.0
2026-07-08 13:18:27 [debug    ] GRU prediction received        confidence=0.73 latency_ms=9.83 predicted=81
2026-07-08 13:18:27 [debug    ] Using GRU prediction           confidence=0.73 predicted=81
2026-07-08 13:18:27 [debug    ] burn_rate_adjustment           actual_burn=0.01 adjustment=-7 allowed_burn=0.83 budget_remaining=994 burn_error=-0.986 burn_ratio=0.014
2026-07-08 13:18:27 [info     ] algorithm2_scaling_decision    action=MAINTAIN alpha=0.014992503748125937 beta=0.0 buffer=1.2 current_replicas=3 predicted_load=87.56779467600401 required_resources=1.313 target_replicas=3
2026-07-08 13:18:27 [debug    ] Decision loop completed        action=MAINTAIN latency_ms=115.1 p99=695.0
2026-07-08 13:18:42 [debug    ] HAProxy fallback latency       delta_requests=1148 interval_avg_ms=36.45 max_rtime_ms=695.0 p99_est=72.9
2026-07-08 13:18:42 [debug    ] GRU prediction received        confidence=0.72 latency_ms=11.56 predicted=81
2026-07-08 13:18:42 [debug    ] Using GRU prediction           confidence=0.72 predicted=81
2026-07-08 13:18:42 [debug    ] burn_rate_adjustment           actual_burn=0.01 adjustment=-7 allowed_burn=0.83 budget_remaining=994 burn_error=-0.987 burn_ratio=0.013
2026-07-08 13:18:42 [info     ] algorithm2_scaling_decision    action=MAINTAIN alpha=0.014992503748125937 beta=0.0 buffer=1.2 current_replicas=3 predicted_load=81.0 required_resources=1.214 target_replicas=3
2026-07-08 13:18:42 [debug    ] Decision loop completed        action=MAINTAIN latency_ms=123.04 p99=72.897212543554
2026-07-08 13:18:57 [debug    ] HAProxy fallback latency       delta_requests=1497 interval_avg_ms=603.43 max_rtime_ms=695.0 p99_est=695.0
2026-07-08 13:18:57 [debug    ] GRU prediction received        confidence=0.75 latency_ms=10.18 predicted=82
2026-07-08 13:18:57 [debug    ] Using GRU prediction           confidence=0.75 predicted=82
2026-07-08 13:18:57 [debug    ] burn_rate_adjustment           actual_burn=0.01 adjustment=-7 allowed_burn=0.83 budget_remaining=993 burn_error=-0.985 burn_ratio=0.015
2026-07-08 13:18:57 [info     ] algorithm2_scaling_decision    action=MAINTAIN alpha=0.014992503748125937 beta=0.0 buffer=1.2 current_replicas=3 predicted_load=87.3706274979375 required_resources=1.31 target_replicas=3
2026-07-08 13:18:57 [debug    ] Decision loop completed        action=MAINTAIN latency_ms=120.96 p99=695.0
2026-07-08 13:19:12 [debug    ] HAProxy fallback latency       delta_requests=2009 interval_avg_ms=1009.75 max_rtime_ms=695.0 p99_est=695.0
2026-07-08 13:19:12 [debug    ] GRU prediction received        confidence=0.72 latency_ms=10.62 predicted=86
2026-07-08 13:19:12 [debug    ] Using GRU prediction           confidence=0.72 predicted=86
2026-07-08 13:19:12 [debug    ] burn_rate_adjustment           actual_burn=0.01 adjustment=-7 allowed_burn=0.83 budget_remaining=992 burn_error=-0.983 burn_ratio=0.017
2026-07-08 13:19:12 [info     ] Knative pre-warm OK            cold_start_ms=3.1
2026-07-08 13:19:12 [info     ] controller_decision_v3         action=REACTIVE available_replicas=3 budget_remaining=992 burn_adjustment=-7 burst_ratio=0.2469 capacity_deficit=False confidence=0.72 current_load=132.85755025589998 decision_id=b58f5750 k8s_capacity=100.1 k8s_weight=82 knative_weight=18 p99=695.0 predicted_load=86 r_effective=33.4 serverless_enabled=True total_load=132.9 weights_after={'k3s': 82, 'knative': 18} weights_before={'k3s': 100, 'knative': 0}
2026-07-08 13:19:12 [info     ] Weights updated                k3s=82 knative=18
2026-07-08 13:19:12 [info     ] Weights updated                action=REACTIVE reason='load=133RPS | k8s_cap=100RPS | (burst-routing)' weights={'k3s': 82, 'knative': 18}
2026-07-08 13:19:12 [info     ] algorithm2_scaling_decision    action=MAINTAIN alpha=0.014992503748125937 beta=0.0 buffer=1.2 current_replicas=3 predicted_load=115.85689014583843 required_resources=1.737 target_replicas=3
2026-07-08 13:19:12 [debug    ] Decision loop completed        action=REACTIVE latency_ms=126.36 p99=695.0
2026-07-08 13:19:27 [debug    ] GRU prediction received        confidence=0.72 latency_ms=13.1 predicted=92
2026-07-08 13:19:27 [debug    ] Using GRU prediction           confidence=0.72 predicted=92
2026-07-08 13:19:27 [debug    ] burn_rate_adjustment           actual_burn=0.02 adjustment=-7 allowed_burn=0.83 budget_remaining=991 burn_error=-0.982 burn_ratio=0.018
2026-07-08 13:19:27 [info     ] controller_decision_v3         action=REACTIVE available_replicas=3 budget_remaining=991 burn_adjustment=-7 burst_ratio=0.3348 capacity_deficit=False confidence=0.72 current_load=150.40208976976444 decision_id=5b923c77 k8s_capacity=100.1 k8s_weight=73 knative_weight=27 p99=695.0 predicted_load=92 r_effective=33.4 serverless_enabled=True total_load=150.4 weights_after={'k3s': 73, 'knative': 27} weights_before={'k3s': 82, 'knative': 18}
2026-07-08 13:19:27 [info     ] Weights updated                k3s=73 knative=27
2026-07-08 13:19:27 [info     ] Weights updated                action=REACTIVE reason='load=150RPS | k8s_cap=100RPS | (burst-routing)' weights={'k3s': 73, 'knative': 27}
2026-07-08 13:19:27 [info     ] algorithm2_scaling_decision    action=MAINTAIN alpha=0.014992503748125937 beta=0.0 buffer=1.2 current_replicas=3 predicted_load=141.62982001283223 required_resources=2.123 target_replicas=3
2026-07-08 13:19:27 [debug    ] Decision loop completed        action=REACTIVE latency_ms=124.42 p99=695.0
2026-07-08 13:19:42 [debug    ] GRU prediction received        confidence=0.72 latency_ms=12.38 predicted=99
2026-07-08 13:19:42 [debug    ] Using GRU prediction           confidence=0.72 predicted=99
2026-07-08 13:19:42 [debug    ] burn_rate_adjustment           actual_burn=0.02 adjustment=-7 allowed_burn=0.83 budget_remaining=990 burn_error=-0.98 burn_ratio=0.02
2026-07-08 13:19:42 [info     ] controller_decision_v3         action=REACTIVE available_replicas=3 budget_remaining=990 burn_adjustment=-7 burst_ratio=0.3755 capacity_deficit=False confidence=0.72 current_load=160.19749105548908 decision_id=2fabb3c7 k8s_capacity=100.1 k8s_weight=69 knative_weight=31 p99=695.0 predicted_load=99 r_effective=33.4 serverless_enabled=True total_load=160.2 weights_after={'k3s': 69, 'knative': 31} weights_before={'k3s': 73, 'knative': 27}
2026-07-08 13:19:42 [info     ] Weights updated                k3s=69 knative=31
2026-07-08 13:19:42 [info     ] Weights updated                action=REACTIVE reason='load=160RPS | k8s_cap=100RPS | (burst-routing)' weights={'k3s': 69, 'knative': 31}
2026-07-08 13:19:43 [info     ] algorithm2_scaling_decision    action=MAINTAIN alpha=0.014992503748125937 beta=0.0 buffer=1.2 current_replicas=3 predicted_load=155.29979041262675 required_resources=2.328 target_replicas=3
2026-07-08 13:19:43 [debug    ] Decision loop completed        action=REACTIVE latency_ms=123.3 p99=695.0
2026-07-08 13:19:58 [debug    ] GRU prediction received        confidence=0.76 latency_ms=11.07 predicted=108
2026-07-08 13:19:58 [debug    ] Using GRU prediction           confidence=0.76 predicted=108
2026-07-08 13:19:58 [debug    ] burn_rate_adjustment           actual_burn=0.02 adjustment=-7 allowed_burn=0.83 budget_remaining=989 burn_error=-0.979 burn_ratio=0.021
2026-07-08 13:19:58 [info     ] controller_decision_v3         action=RECOVERY available_replicas=3 budget_remaining=989 burn_adjustment=-7 burst_ratio=0.311 capacity_deficit=False confidence=0.76 current_load=145.21339412099238 decision_id=e42e8ad0 k8s_capacity=100.1 k8s_weight=75 knative_weight=25 p99=695.0 predicted_load=108 r_effective=33.4 serverless_enabled=True total_load=145.2 weights_after={'k3s': 75, 'knative': 25} weights_before={'k3s': 69, 'knative': 31}
2026-07-08 13:19:58 [info     ] Weights updated                k3s=75 knative=25
2026-07-08 13:19:58 [info     ] Weights updated                action=RECOVERY reason='load=145RPS | k8s_cap=100RPS | (reducing-serverless)' weights={'k3s': 75, 'knative': 25}
2026-07-08 13:19:58 [info     ] algorithm2_scaling_decision    action=MAINTAIN alpha=0.014992503748125937 beta=0.0 buffer=1.2 current_replicas=3 predicted_load=152.70544258824071 required_resources=2.289 target_replicas=3
2026-07-08 13:19:58 [debug    ] Decision loop completed        action=RECOVERY latency_ms=155.74 p99=695.0
2026-07-08 13:20:13 [debug    ] HAProxy fallback latency       delta_requests=1851 interval_avg_ms=42.43 max_rtime_ms=695.0 p99_est=84.87
2026-07-08 13:20:13 [debug    ] GRU prediction received        confidence=0.82 latency_ms=11.94 predicted=113
2026-07-08 13:20:13 [debug    ] Using GRU prediction           confidence=0.82 predicted=113
2026-07-08 13:20:13 [debug    ] burn_rate_adjustment           actual_burn=0.02 adjustment=-7 allowed_burn=0.83 budget_remaining=989 burn_error=-0.979 burn_ratio=0.021
2026-07-08 13:20:13 [info     ] controller_decision_v3         action=RECOVERY available_replicas=3 budget_remaining=989 burn_adjustment=-7 burst_ratio=0.1808 capacity_deficit=False confidence=0.82 current_load=122.12609450756547 decision_id=fcfb06ca k8s_capacity=100.1 k8s_weight=88 knative_weight=12 p99=84.9 predicted_load=113 r_effective=33.4 serverless_enabled=True total_load=122.1 weights_after={'k3s': 88, 'knative': 12} weights_before={'k3s': 75, 'knative': 25}
2026-07-08 13:20:13 [info     ] Weights updated                k3s=88 knative=12
2026-07-08 13:20:13 [info     ] Weights updated                action=RECOVERY reason='load=122RPS | k8s_cap=100RPS | (reducing-serverless)' weights={'k3s': 88, 'knative': 12}
2026-07-08 13:20:13 [info     ] algorithm2_scaling_decision    action=MAINTAIN alpha=0.014992503748125937 beta=0.0 buffer=1.2 current_replicas=3 predicted_load=133.66974431427892 required_resources=2.004 target_replicas=3
2026-07-08 13:20:13 [debug    ] Decision loop completed        action=RECOVERY latency_ms=159.71 p99=84.8665586169638
2026-07-08 13:20:28 [debug    ] HAProxy fallback latency       delta_requests=1789 interval_avg_ms=149.36 max_rtime_ms=695.0 p99_est=298.72
2026-07-08 13:20:28 [debug    ] GRU prediction received        confidence=0.79 latency_ms=13.31 predicted=115
2026-07-08 13:20:28 [debug    ] Using GRU prediction           confidence=0.79 predicted=115
2026-07-08 13:20:28 [debug    ] burn_rate_adjustment           actual_burn=0.02 adjustment=-7 allowed_burn=0.83 budget_remaining=988 burn_error=-0.978 burn_ratio=0.022
2026-07-08 13:20:28 [info     ] controller_decision_v3         action=RECOVERY available_replicas=3 budget_remaining=988 burn_adjustment=-7 burst_ratio=0.1522 capacity_deficit=False confidence=0.79 current_load=118.00717625991123 decision_id=1069ae6d k8s_capacity=100.1 k8s_weight=91 knative_weight=9 p99=298.7 predicted_load=115 r_effective=33.4 serverless_enabled=True total_load=118.0 weights_after={'k3s': 91, 'knative': 9} weights_before={'k3s': 88, 'knative': 12}
2026-07-08 13:20:28 [info     ] Weights updated                k3s=91 knative=9
2026-07-08 13:20:28 [info     ] Weights updated                action=RECOVERY reason='load=118RPS | k8s_cap=100RPS | (reducing-serverless)' weights={'k3s': 91, 'knative': 9}
2026-07-08 13:20:28 [info     ] algorithm2_scaling_decision    action=MAINTAIN alpha=0.014992503748125937 beta=0.0 buffer=1.2 current_replicas=3 predicted_load=120.06663538373834 required_resources=1.8 target_replicas=3
2026-07-08 13:20:28 [debug    ] Decision loop completed        action=RECOVERY latency_ms=163.6 p99=298.7166014533259
2026-07-08 13:20:43 [debug    ] HAProxy fallback latency       delta_requests=1825 interval_avg_ms=209.56 max_rtime_ms=695.0 p99_est=419.11
2026-07-08 13:20:43 [debug    ] GRU prediction received        confidence=0.79 latency_ms=12.25 predicted=116
2026-07-08 13:20:43 [debug    ] Using GRU prediction           confidence=0.79 predicted=116
2026-07-08 13:20:43 [debug    ] burn_rate_adjustment           actual_burn=0.02 adjustment=-7 allowed_burn=0.83 budget_remaining=987 burn_error=-0.977 burn_ratio=0.023
2026-07-08 13:20:43 [info     ] controller_decision_v3         action=REACTIVE available_replicas=3 budget_remaining=987 burn_adjustment=-7 burst_ratio=0.1687 capacity_deficit=False confidence=0.79 current_load=120.35619726479369 decision_id=5a17f201 k8s_capacity=100.1 k8s_weight=90 knative_weight=10 p99=419.1 predicted_load=116 r_effective=33.4 serverless_enabled=True total_load=120.4 weights_after={'k3s': 90, 'knative': 10} weights_before={'k3s': 91, 'knative': 9}
2026-07-08 13:20:43 [info     ] Weights updated                k3s=90 knative=10
2026-07-08 13:20:43 [info     ] Weights updated                action=REACTIVE reason='load=120RPS | k8s_cap=100RPS | (burst-routing)' weights={'k3s': 90, 'knative': 10}
2026-07-08 13:20:43 [info     ] algorithm2_scaling_decision    action=MAINTAIN alpha=0.014992503748125937 beta=0.0 buffer=1.2 current_replicas=3 predicted_load=119.18168676235246 required_resources=1.787 target_replicas=3
2026-07-08 13:20:43 [debug    ] Decision loop completed        action=REACTIVE latency_ms=125.28 p99=419.1123287671233
2026-07-08 13:20:58 [debug    ] GRU prediction received        confidence=0.83 latency_ms=12.44 predicted=118
2026-07-08 13:20:58 [debug    ] Using GRU prediction           confidence=0.83 predicted=118
2026-07-08 13:20:58 [debug    ] burn_rate_adjustment           actual_burn=0.02 adjustment=-7 allowed_burn=0.83 budget_remaining=986 burn_error=-0.975 burn_ratio=0.025
2026-07-08 13:20:58 [info     ] algorithm2_scaling_decision    action=MAINTAIN alpha=0.014992503748125937 beta=0.0 buffer=1.2 current_replicas=3 predicted_load=120.27671704062539 required_resources=1.803 target_replicas=3
2026-07-08 13:20:58 [debug    ] Decision loop completed        action=MAINTAIN latency_ms=121.01 p99=419.1123287671233
2026-07-08 13:21:13 [debug    ] HAProxy fallback latency       delta_requests=1785 interval_avg_ms=40.44 max_rtime_ms=695.0 p99_est=80.89
2026-07-08 13:21:13 [debug    ] GRU prediction received        confidence=0.89 latency_ms=12.5 predicted=118
2026-07-08 13:21:13 [debug    ] Using GRU prediction           confidence=0.89 predicted=118
2026-07-08 13:21:13 [debug    ] burn_rate_adjustment           actual_burn=0.02 adjustment=-7 allowed_burn=0.83 budget_remaining=986 burn_error=-0.976 burn_ratio=0.024
2026-07-08 13:21:13 [info     ] controller_decision_v3         action=RECOVERY available_replicas=3 budget_remaining=986 burn_adjustment=-7 burst_ratio=0.1529 capacity_deficit=False confidence=0.89 current_load=118.1114655405875 decision_id=a2fac022 k8s_capacity=100.1 k8s_weight=91 knative_weight=9 p99=80.9 predicted_load=118 r_effective=33.4 serverless_enabled=True total_load=118.1 weights_after={'k3s': 91, 'knative': 9} weights_before={'k3s': 90, 'knative': 10}
2026-07-08 13:21:13 [info     ] Weights updated                k3s=91 knative=9
2026-07-08 13:21:13 [info     ] Weights updated                action=RECOVERY reason='load=118RPS | k8s_cap=100RPS | (reducing-serverless)' weights={'k3s': 91, 'knative': 9}
2026-07-08 13:21:13 [info     ] algorithm2_scaling_decision    action=MAINTAIN alpha=0.014992503748125937 beta=0.0 buffer=1.2 current_replicas=3 predicted_load=119.15435117852229 required_resources=1.786 target_replicas=3
2026-07-08 13:21:13 [debug    ] Decision loop completed        action=RECOVERY latency_ms=160.9 p99=80.88963585434173
2026-07-08 13:21:28 [debug    ] HAProxy fallback latency       delta_requests=1549 interval_avg_ms=33.79 max_rtime_ms=695.0 p99_est=67.58
2026-07-08 13:21:28 [debug    ] GRU prediction received        confidence=0.85 latency_ms=10.04 predicted=114
2026-07-08 13:21:28 [debug    ] Using GRU prediction           confidence=0.85 predicted=114
2026-07-08 13:21:29 [debug    ] burn_rate_adjustment           actual_burn=0.02 adjustment=-7 allowed_burn=0.83 budget_remaining=986 burn_error=-0.976 burn_ratio=0.024
2026-07-08 13:21:29 [info     ] controller_decision_v3         action=RECOVERY available_replicas=3 budget_remaining=986 burn_adjustment=-7 burst_ratio=0.1224 capacity_deficit=False confidence=0.85 current_load=102.16752864109455 decision_id=43fc70fc k8s_capacity=100.1 k8s_weight=94 knative_weight=6 p99=67.6 predicted_load=114 r_effective=33.4 serverless_enabled=True total_load=114 weights_after={'k3s': 94, 'knative': 6} weights_before={'k3s': 91, 'knative': 9}
2026-07-08 13:21:29 [info     ] Weights updated                k3s=94 knative=6
2026-07-08 13:21:29 [info     ] Weights updated                action=RECOVERY reason='load=114RPS | k8s_cap=100RPS | (reducing-serverless)' weights={'k3s': 94, 'knative': 6}
2026-07-08 13:21:29 [info     ] algorithm2_scaling_decision    action=MAINTAIN alpha=0.014992503748125937 beta=0.0 buffer=1.2 current_replicas=3 predicted_load=114.0 required_resources=1.709 target_replicas=3
2026-07-08 13:21:29 [debug    ] Decision loop completed        action=RECOVERY latency_ms=156.98 p99=67.57908327953518
2026-07-08 13:21:44 [debug    ] GRU prediction received        confidence=0.78 latency_ms=9.9 predicted=105
2026-07-08 13:21:44 [debug    ] Using GRU prediction           confidence=0.78 predicted=105
2026-07-08 13:21:44 [debug    ] burn_rate_adjustment           actual_burn=0.02 adjustment=-7 allowed_burn=0.83 budget_remaining=986 burn_error=-0.977 burn_ratio=0.023
2026-07-08 13:21:44 [info     ] controller_decision_v3         action=RECOVERY available_replicas=3 budget_remaining=986 burn_adjustment=-7 burst_ratio=0.0471 capacity_deficit=False confidence=0.78 current_load=82.86434807379425 decision_id=babbeba8 k8s_capacity=100.1 k8s_weight=100 knative_weight=0 p99=67.6 predicted_load=105 r_effective=33.4 serverless_enabled=False total_load=105 weights_after={'k3s': 100, 'knative': 0} weights_before={'k3s': 94, 'knative': 6}
2026-07-08 13:21:44 [info     ] Weights updated                k3s=100 knative=0
2026-07-08 13:21:44 [info     ] Weights updated                action=RECOVERY reason='load=105RPS | k8s_cap=100RPS | (reducing-serverless)' weights={'k3s': 100, 'knative': 0}
2026-07-08 13:21:44 [info     ] algorithm2_scaling_decision    action=MAINTAIN alpha=0.014992503748125937 beta=0.0 buffer=1.2 current_replicas=3 predicted_load=105.0 required_resources=1.574 target_replicas=3
2026-07-08 13:21:44 [debug    ] Decision loop completed        action=RECOVERY latency_ms=150.04 p99=67.57908327953518
2026-07-08 13:21:59 [debug    ] HAProxy fallback latency       delta_requests=1118 interval_avg_ms=13.71 max_rtime_ms=695.0 p99_est=27.42
2026-07-08 13:21:59 [debug    ] GRU prediction received        confidence=0.73 latency_ms=12.85 predicted=98
2026-07-08 13:21:59 [debug    ] Using GRU prediction           confidence=0.73 predicted=98
2026-07-08 13:21:59 [debug    ] burn_rate_adjustment           actual_burn=0.02 adjustment=-7 allowed_burn=0.83 budget_remaining=986 burn_error=-0.977 burn_ratio=0.023
2026-07-08 13:21:59 [info     ] algorithm2_scaling_decision    action=MAINTAIN alpha=0.014992503748125937 beta=0.0 buffer=1.2 current_replicas=3 predicted_load=98.0 required_resources=1.469 target_replicas=3
2026-07-08 13:21:59 [debug    ] Decision loop completed        action=MAINTAIN latency_ms=122.93 p99=27.415026833631483
2026-07-08 13:22:14 [debug    ] HAProxy fallback latency       delta_requests=1045 interval_avg_ms=121.95 max_rtime_ms=695.0 p99_est=243.89
2026-07-08 13:22:14 [debug    ] GRU prediction received        confidence=0.72 latency_ms=13.19 predicted=93
2026-07-08 13:22:14 [debug    ] Using GRU prediction           confidence=0.72 predicted=93
2026-07-08 13:22:14 [debug    ] burn_rate_adjustment           actual_burn=0.02 adjustment=-7 allowed_burn=0.83 budget_remaining=985 burn_error=-0.976 burn_ratio=0.024
2026-07-08 13:22:14 [info     ] algorithm2_scaling_decision    action=MAINTAIN alpha=0.014992503748125937 beta=0.0 buffer=1.2 current_replicas=3 predicted_load=93.0 required_resources=1.394 target_replicas=3
2026-07-08 13:22:14 [debug    ] Decision loop completed        action=MAINTAIN latency_ms=126.43 p99=243.8909090909091
2026-07-08 13:22:29 [debug    ] HAProxy fallback latency       delta_requests=1180 interval_avg_ms=117.43 max_rtime_ms=695.0 p99_est=234.86
2026-07-08 13:22:29 [debug    ] GRU prediction received        confidence=0.77 latency_ms=10.45 predicted=92
2026-07-08 13:22:29 [debug    ] Using GRU prediction           confidence=0.77 predicted=92
2026-07-08 13:22:29 [debug    ] burn_rate_adjustment           actual_burn=0.02 adjustment=-7 allowed_burn=0.83 budget_remaining=984 burn_error=-0.975 burn_ratio=0.025
2026-07-08 13:22:29 [info     ] algorithm2_scaling_decision    action=MAINTAIN alpha=0.014992503748125937 beta=0.0 buffer=1.2 current_replicas=3 predicted_load=92.0 required_resources=1.379 target_replicas=3
2026-07-08 13:22:29 [debug    ] Decision loop completed        action=MAINTAIN latency_ms=119.47 p99=234.86101694915254
2026-07-08 13:22:44 [debug    ] HAProxy fallback latency       delta_requests=1329 interval_avg_ms=253.66 max_rtime_ms=695.0 p99_est=507.32
2026-07-08 13:22:44 [debug    ] GRU prediction received        confidence=0.82 latency_ms=9.65 predicted=92
2026-07-08 13:22:44 [debug    ] Using GRU prediction           confidence=0.82 predicted=92
2026-07-08 13:22:44 [debug    ] burn_rate_adjustment           actual_burn=0.02 adjustment=-7 allowed_burn=0.83 budget_remaining=983 burn_error=-0.974 burn_ratio=0.026
2026-07-08 13:22:44 [info     ] algorithm2_scaling_decision    action=MAINTAIN alpha=0.014992503748125937 beta=0.0 buffer=1.2 current_replicas=3 predicted_load=92.0 required_resources=1.379 target_replicas=3
2026-07-08 13:22:44 [debug    ] Decision loop completed        action=MAINTAIN latency_ms=119.89 p99=507.3152746425884
2026-07-08 13:22:59 [debug    ] GRU prediction received        confidence=0.82 latency_ms=12.62 predicted=89
2026-07-08 13:22:59 [debug    ] Using GRU prediction           confidence=0.82 predicted=89
2026-07-08 13:22:59 [debug    ] burn_rate_adjustment           actual_burn=0.02 adjustment=-7 allowed_burn=0.83 budget_remaining=982 burn_error=-0.973 burn_ratio=0.027
2026-07-08 13:22:59 [info     ] algorithm2_scaling_decision    action=MAINTAIN alpha=0.014992503748125937 beta=0.0 buffer=1.2 current_replicas=3 predicted_load=89.0 required_resources=1.334 target_replicas=3
2026-07-08 13:22:59 [debug    ] Decision loop completed        action=MAINTAIN latency_ms=113.49 p99=507.3152746425884
2026-07-08 13:23:14 [debug    ] GRU prediction received        confidence=0.75 latency_ms=10.73 predicted=84
2026-07-08 13:23:14 [debug    ] Using GRU prediction           confidence=0.75 predicted=84
2026-07-08 13:23:14 [debug    ] burn_rate_adjustment           actual_burn=0.02 adjustment=-7 allowed_burn=0.83 budget_remaining=981 burn_error=-0.972 burn_ratio=0.028
2026-07-08 13:23:14 [info     ] algorithm2_scaling_decision    action=MAINTAIN alpha=0.014992503748125937 beta=0.0 buffer=1.2 current_replicas=3 predicted_load=84.0 required_resources=1.259 target_replicas=3
2026-07-08 13:23:14 [debug    ] Decision loop completed        action=MAINTAIN latency_ms=121.14 p99=507.3152746425884
2026-07-08 13:23:29 [debug    ] GRU prediction received        confidence=0.72 latency_ms=11.26 predicted=81
2026-07-08 13:23:29 [debug    ] Using GRU prediction           confidence=0.72 predicted=81
2026-07-08 13:23:30 [debug    ] burn_rate_adjustment           actual_burn=0.02 adjustment=-7 allowed_burn=0.83 budget_remaining=980 burn_error=-0.971 burn_ratio=0.029
2026-07-08 13:23:30 [info     ] algorithm2_scaling_decision    action=MAINTAIN alpha=0.014992503748125937 beta=0.0 buffer=1.2 current_replicas=3 predicted_load=81.0 required_resources=1.214 target_replicas=3
2026-07-08 13:23:30 [debug    ] Decision loop completed        action=MAINTAIN latency_ms=118.0 p99=507.3152746425884
2026-07-08 13:23:45 [debug    ] HAProxy fallback latency       delta_requests=693 interval_avg_ms=64.0 max_rtime_ms=695.0 p99_est=128.0
2026-07-08 13:23:45 [debug    ] GRU prediction received        confidence=0.72 latency_ms=13.38 predicted=79
2026-07-08 13:23:45 [debug    ] Using GRU prediction           confidence=0.72 predicted=79
2026-07-08 13:23:45 [debug    ] burn_rate_adjustment           actual_burn=0.02 adjustment=-7 allowed_burn=0.83 budget_remaining=980 burn_error=-0.972 burn_ratio=0.028
2026-07-08 13:23:45 [info     ] algorithm2_scaling_decision    action=MAINTAIN alpha=0.014992503748125937 beta=0.0 buffer=1.2 current_replicas=3 predicted_load=79.0 required_resources=1.184 target_replicas=3
2026-07-08 13:23:45 [debug    ] Decision loop completed        action=MAINTAIN latency_ms=120.78 p99=128.0
2026-07-08 13:24:00 [debug    ] HAProxy fallback latency       delta_requests=653 interval_avg_ms=64.0 max_rtime_ms=695.0 p99_est=128.0
2026-07-08 13:24:00 [debug    ] GRU prediction received        confidence=0.72 latency_ms=9.9 predicted=78
2026-07-08 13:24:00 [debug    ] Using GRU prediction           confidence=0.72 predicted=78
2026-07-08 13:24:00 [debug    ] burn_rate_adjustment           actual_burn=0.02 adjustment=-7 allowed_burn=0.83 budget_remaining=980 burn_error=-0.972 burn_ratio=0.028
2026-07-08 13:24:00 [info     ] algorithm2_scaling_decision    action=MAINTAIN alpha=0.014992503748125937 beta=0.0 buffer=1.2 current_replicas=3 predicted_load=78.0 required_resources=1.169 target_replicas=3
2026-07-08 13:24:00 [debug    ] Decision loop completed        action=MAINTAIN latency_ms=118.72 p99=128.0
2026-07-08 13:24:15 [debug    ] HAProxy fallback latency       delta_requests=636 interval_avg_ms=64.0 max_rtime_ms=695.0 p99_est=128.0
2026-07-08 13:24:15 [debug    ] GRU prediction received        confidence=0.84 latency_ms=11.15 predicted=76
2026-07-08 13:24:15 [debug    ] Using GRU prediction           confidence=0.84 predicted=76
2026-07-08 13:24:15 [debug    ] burn_rate_adjustment           actual_burn=0.02 adjustment=-7 allowed_burn=0.83 budget_remaining=980 burn_error=-0.973 burn_ratio=0.027
2026-07-08 13:24:15 [info     ] algorithm2_scaling_decision    action=MAINTAIN alpha=0.014992503748125937 beta=0.0 buffer=1.2 current_replicas=3 predicted_load=76.0 required_resources=1.139 target_replicas=3
2026-07-08 13:24:15 [debug    ] Decision loop completed        action=MAINTAIN latency_ms=120.76 p99=128.0
2026-07-08 13:24:30 [debug    ] HAProxy fallback latency       delta_requests=841 interval_avg_ms=144.14 max_rtime_ms=695.0 p99_est=288.29
2026-07-08 13:24:30 [debug    ] GRU prediction received        confidence=0.81 latency_ms=11.29 predicted=76
2026-07-08 13:24:30 [debug    ] Using GRU prediction           confidence=0.81 predicted=76
2026-07-08 13:24:30 [debug    ] burn_rate_adjustment           actual_burn=0.02 adjustment=-7 allowed_burn=0.83 budget_remaining=979 burn_error=-0.972 burn_ratio=0.028
2026-07-08 13:24:30 [info     ] algorithm2_scaling_decision    action=MAINTAIN alpha=0.014992503748125937 beta=0.0 buffer=1.2 current_replicas=3 predicted_load=76.0 required_resources=1.139 target_replicas=3
2026-07-08 13:24:30 [debug    ] Decision loop completed        action=MAINTAIN latency_ms=120.26 p99=288.28537455410225
2026-07-08 13:24:45 [debug    ] HAProxy fallback latency       delta_requests=1063 interval_avg_ms=129.41 max_rtime_ms=695.0 p99_est=258.81
2026-07-08 13:24:45 [debug    ] GRU prediction received        confidence=0.72 latency_ms=9.79 predicted=77
2026-07-08 13:24:45 [debug    ] Using GRU prediction           confidence=0.72 predicted=77
2026-07-08 13:24:45 [debug    ] burn_rate_adjustment           actual_burn=0.02 adjustment=-7 allowed_burn=0.83 budget_remaining=978 burn_error=-0.971 burn_ratio=0.029
2026-07-08 13:24:45 [info     ] algorithm2_scaling_decision    action=MAINTAIN alpha=0.014992503748125937 beta=0.0 buffer=1.2 current_replicas=3 predicted_load=77.0 required_resources=1.154 target_replicas=3
2026-07-08 13:24:45 [debug    ] Decision loop completed        action=MAINTAIN latency_ms=116.37 p99=258.81091251175917
2026-07-08 13:25:00 [debug    ] HAProxy fallback latency       delta_requests=1074 interval_avg_ms=130.75 max_rtime_ms=695.0 p99_est=261.49
2026-07-08 13:25:00 [debug    ] GRU prediction received        confidence=0.72 latency_ms=10.37 predicted=77
2026-07-08 13:25:00 [debug    ] Using GRU prediction           confidence=0.72 predicted=77
2026-07-08 13:25:00 [debug    ] burn_rate_adjustment           actual_burn=0.02 adjustment=-7 allowed_burn=0.83 budget_remaining=977 burn_error=-0.97 burn_ratio=0.03
2026-07-08 13:25:00 [info     ] algorithm2_scaling_decision    action=MAINTAIN alpha=0.014992503748125937 beta=0.0 buffer=1.2 current_replicas=3 predicted_load=77.0 required_resources=1.154 target_replicas=3
2026-07-08 13:25:00 [debug    ] Decision loop completed        action=MAINTAIN latency_ms=118.37 p99=261.49162011173183
2026-07-08 13:25:15 [debug    ] HAProxy fallback latency       delta_requests=1051 interval_avg_ms=67.0 max_rtime_ms=695.0 p99_est=134.0
2026-07-08 13:25:15 [debug    ] GRU prediction received        confidence=0.73 latency_ms=11.86 predicted=77
2026-07-08 13:25:15 [debug    ] Using GRU prediction           confidence=0.73 predicted=77
2026-07-08 13:25:15 [debug    ] burn_rate_adjustment           actual_burn=0.02 adjustment=-7 allowed_burn=0.83 budget_remaining=977 burn_error=-0.971 burn_ratio=0.029
2026-07-08 13:25:15 [info     ] algorithm2_scaling_decision    action=MAINTAIN alpha=0.014992503748125937 beta=0.0 buffer=1.2 current_replicas=3 predicted_load=77.0 required_resources=1.154 target_replicas=3
2026-07-08 13:25:15 [debug    ] Decision loop completed        action=MAINTAIN latency_ms=115.88 p99=134.0
2026-07-08 13:25:30 [debug    ] HAProxy fallback latency       delta_requests=1073 interval_avg_ms=0.21 max_rtime_ms=695.0 p99_est=0.43
2026-07-08 13:25:30 [debug    ] GRU prediction received        confidence=0.82 latency_ms=14.7 predicted=77
2026-07-08 13:25:30 [debug    ] Using GRU prediction           confidence=0.82 predicted=77
2026-07-08 13:25:30 [debug    ] burn_rate_adjustment           actual_burn=0.02 adjustment=-7 allowed_burn=0.83 budget_remaining=977 burn_error=-0.971 burn_ratio=0.029
2026-07-08 13:25:31 [info     ] algorithm2_scaling_decision    action=MAINTAIN alpha=0.014992503748125937 beta=0.0 buffer=1.2 current_replicas=3 predicted_load=77.0 required_resources=1.154 target_replicas=3
2026-07-08 13:25:31 [debug    ] Decision loop completed        action=MAINTAIN latency_ms=120.93 p99=0.42870456663560114
2026-07-08 13:25:46 [debug    ] HAProxy fallback latency       delta_requests=1135 interval_avg_ms=130.14 max_rtime_ms=695.0 p99_est=260.27
2026-07-08 13:25:46 [debug    ] GRU prediction received        confidence=0.88 latency_ms=9.78 predicted=78
2026-07-08 13:25:46 [debug    ] Using GRU prediction           confidence=0.88 predicted=78
2026-07-08 13:25:46 [debug    ] burn_rate_adjustment           actual_burn=0.02 adjustment=-7 allowed_burn=0.83 budget_remaining=976 burn_error=-0.97 burn_ratio=0.03
2026-07-08 13:25:46 [info     ] algorithm2_scaling_decision    action=MAINTAIN alpha=0.014992503748125937 beta=0.0 buffer=1.2 current_replicas=3 predicted_load=78.0 required_resources=1.169 target_replicas=3
2026-07-08 13:25:46 [debug    ] Decision loop completed        action=MAINTAIN latency_ms=117.05 p99=260.2748898678414
2026-07-08 13:26:01 [debug    ] HAProxy fallback latency       delta_requests=1404 interval_avg_ms=1652.47 max_rtime_ms=695.0 p99_est=695.0
2026-07-08 13:26:01 [debug    ] GRU prediction received        confidence=0.8 latency_ms=13.22 predicted=79
2026-07-08 13:26:01 [debug    ] Using GRU prediction           confidence=0.8 predicted=79
2026-07-08 13:26:01 [debug    ] burn_rate_adjustment           actual_burn=0.03 adjustment=-7 allowed_burn=0.83 budget_remaining=975 burn_error=-0.969 burn_ratio=0.031
2026-07-08 13:26:01 [info     ] algorithm2_scaling_decision    action=MAINTAIN alpha=0.014992503748125937 beta=0.0 buffer=1.2 current_replicas=3 predicted_load=83.9343300545119 required_resources=1.258 target_replicas=3
2026-07-08 13:26:01 [debug    ] Decision loop completed        action=MAINTAIN latency_ms=120.57 p99=695.0
2026-07-08 13:26:16 [debug    ] HAProxy fallback latency       delta_requests=1637 interval_avg_ms=2830.28 max_rtime_ms=695.0 p99_est=695.0
2026-07-08 13:26:16 [debug    ] GRU prediction received        confidence=0.74 latency_ms=12.03 predicted=82
2026-07-08 13:26:16 [debug    ] Using GRU prediction           confidence=0.74 predicted=82
2026-07-08 13:26:16 [debug    ] burn_rate_adjustment           actual_burn=0.03 adjustment=-7 allowed_burn=0.83 budget_remaining=974 burn_error=-0.969 burn_ratio=0.031
2026-07-08 13:26:16 [info     ] Knative pre-warm OK            cold_start_ms=2.6
2026-07-08 13:26:16 [info     ] controller_decision_v3         action=REACTIVE available_replicas=3 budget_remaining=974 burn_adjustment=-7 burst_ratio=0.0759 capacity_deficit=False confidence=0.74 current_load=108.26466144936401 decision_id=e7ae794f k8s_capacity=100.1 k8s_weight=99 knative_weight=1 p99=695.0 predicted_load=82 r_effective=33.4 serverless_enabled=True total_load=108.3 weights_after={'k3s': 99, 'knative': 1} weights_before={'k3s': 100, 'knative': 0}
2026-07-08 13:26:16 [info     ] Weights updated                k3s=99 knative=1
2026-07-08 13:26:16 [info     ] Weights updated                action=REACTIVE reason='load=108RPS | k8s_cap=100RPS | (burst-routing)' weights={'k3s': 99, 'knative': 1}
2026-07-08 13:26:16 [info     ] algorithm2_scaling_decision    action=MAINTAIN alpha=0.014992503748125937 beta=0.0 buffer=1.2 current_replicas=3 predicted_load=100.53638971053832 required_resources=1.507 target_replicas=3
2026-07-08 13:26:16 [debug    ] Decision loop completed        action=REACTIVE latency_ms=129.45 p99=695.0
2026-07-08 13:26:31 [debug    ] GRU prediction received        confidence=0.76 latency_ms=13.35 predicted=83
2026-07-08 13:26:31 [debug    ] Using GRU prediction           confidence=0.76 predicted=83
2026-07-08 13:26:31 [debug    ] burn_rate_adjustment           actual_burn=0.03 adjustment=-7 allowed_burn=0.83 budget_remaining=973 burn_error=-0.968 burn_ratio=0.032
2026-07-08 13:26:31 [info     ] controller_decision_v3         action=RECOVERY available_replicas=3 budget_remaining=973 burn_adjustment=-7 burst_ratio=0 capacity_deficit=False confidence=0.76 current_load=95.37420354666664 decision_id=0f276cbb k8s_capacity=100.1 k8s_weight=100 knative_weight=0 p99=695.0 predicted_load=83 r_effective=33.4 serverless_enabled=False total_load=95.4 weights_after={'k3s': 100, 'knative': 0} weights_before={'k3s': 99, 'knative': 1}
2026-07-08 13:26:31 [info     ] Weights updated                k3s=100 knative=0
2026-07-08 13:26:31 [info     ] Weights updated                action=RECOVERY reason='load=95RPS | k8s_cap=100RPS | (reducing-serverless)' weights={'k3s': 100, 'knative': 0}
2026-07-08 13:26:31 [info     ] algorithm2_scaling_decision    action=MAINTAIN alpha=0.014992503748125937 beta=0.0 buffer=1.2 current_replicas=3 predicted_load=101.81943249801532 required_resources=1.527 target_replicas=3
2026-07-08 13:26:31 [debug    ] Decision loop completed        action=RECOVERY latency_ms=156.35 p99=695.0
2026-07-08 13:26:46 [debug    ] GRU prediction received        confidence=0.78 latency_ms=9.79 predicted=82
2026-07-08 13:26:46 [debug    ] Using GRU prediction           confidence=0.78 predicted=82
2026-07-08 13:26:46 [debug    ] burn_rate_adjustment           actual_burn=0.03 adjustment=-7 allowed_burn=0.83 budget_remaining=972 burn_error=-0.967 burn_ratio=0.033
2026-07-08 13:26:46 [info     ] algorithm2_scaling_decision    action=MAINTAIN alpha=0.014992503748125937 beta=0.0 buffer=1.2 current_replicas=3 predicted_load=86.61437223484458 required_resources=1.299 target_replicas=3
2026-07-08 13:26:46 [debug    ] Decision loop completed        action=MAINTAIN latency_ms=118.18 p99=695.0
2026-07-08 13:27:01 [debug    ] GRU prediction received        confidence=0.73 latency_ms=10.34 predicted=80
2026-07-08 13:27:01 [debug    ] Using GRU prediction           confidence=0.73 predicted=80
2026-07-08 13:27:01 [debug    ] burn_rate_adjustment           actual_burn=0.03 adjustment=-7 allowed_burn=0.83 budget_remaining=971 burn_error=-0.967 burn_ratio=0.033
2026-07-08 13:27:01 [info     ] algorithm2_scaling_decision    action=MAINTAIN alpha=0.014992503748125937 beta=0.0 buffer=1.2 current_replicas=3 predicted_load=80.0 required_resources=1.199 target_replicas=3
2026-07-08 13:27:01 [debug    ] Decision loop completed        action=MAINTAIN latency_ms=118.19 p99=695.0
2026-07-08 13:27:16 [debug    ] GRU prediction received        confidence=0.72 latency_ms=10.1 predicted=77
2026-07-08 13:27:16 [debug    ] Using GRU prediction           confidence=0.72 predicted=77
2026-07-08 13:27:16 [debug    ] burn_rate_adjustment           actual_burn=0.03 adjustment=-7 allowed_burn=0.83 budget_remaining=970 burn_error=-0.966 burn_ratio=0.034
2026-07-08 13:27:16 [info     ] algorithm2_scaling_decision    action=MAINTAIN alpha=0.014992503748125937 beta=0.0 buffer=1.2 current_replicas=3 predicted_load=77.0 required_resources=1.154 target_replicas=3
2026-07-08 13:27:16 [debug    ] Decision loop completed        action=MAINTAIN latency_ms=120.55 p99=695.0
2026-07-08 13:27:31 [debug    ] GRU prediction received        confidence=0.72 latency_ms=12.54 predicted=75
2026-07-08 13:27:31 [debug    ] Using GRU prediction           confidence=0.72 predicted=75
2026-07-08 13:27:31 [debug    ] burn_rate_adjustment           actual_burn=0.03 adjustment=-7 allowed_burn=0.83 budget_remaining=969 burn_error=-0.965 burn_ratio=0.035
2026-07-08 13:27:32 [info     ] algorithm2_scaling_decision    action=MAINTAIN alpha=0.014992503748125937 beta=0.0 buffer=1.2 current_replicas=3 predicted_load=75.0 required_resources=1.124 target_replicas=3
2026-07-08 13:27:32 [debug    ] Decision loop completed        action=MAINTAIN latency_ms=121.5 p99=695.0
2026-07-08 13:27:47 [debug    ] HAProxy fallback latency       delta_requests=669 interval_avg_ms=64.0 max_rtime_ms=695.0 p99_est=128.0
2026-07-08 13:27:47 [debug    ] GRU prediction received        confidence=0.72 latency_ms=12.79 predicted=74
2026-07-08 13:27:47 [debug    ] Using GRU prediction           confidence=0.72 predicted=74
2026-07-08 13:27:47 [debug    ] burn_rate_adjustment           actual_burn=0.03 adjustment=-7 allowed_burn=0.83 budget_remaining=969 burn_error=-0.966 burn_ratio=0.034
2026-07-08 13:27:47 [info     ] algorithm2_scaling_decision    action=MAINTAIN alpha=0.014992503748125937 beta=0.0 buffer=1.2 current_replicas=3 predicted_load=74.0 required_resources=1.109 target_replicas=3
2026-07-08 13:27:47 [debug    ] Decision loop completed        action=MAINTAIN latency_ms=121.74 p99=128.0
2026-07-08 13:28:02 [debug    ] HAProxy fallback latency       delta_requests=778 interval_avg_ms=169.62 max_rtime_ms=695.0 p99_est=339.23
2026-07-08 13:28:02 [debug    ] GRU prediction received        confidence=0.78 latency_ms=12.21 predicted=73
2026-07-08 13:28:02 [debug    ] Using GRU prediction           confidence=0.78 predicted=73
2026-07-08 13:28:02 [debug    ] burn_rate_adjustment           actual_burn=0.03 adjustment=-7 allowed_burn=0.83 budget_remaining=968 burn_error=-0.965 burn_ratio=0.035
2026-07-08 13:28:02 [info     ] algorithm2_scaling_decision    action=MAINTAIN alpha=0.014992503748125937 beta=0.0 buffer=1.2 current_replicas=3 predicted_load=73.0 required_resources=1.094 target_replicas=3
2026-07-08 13:28:02 [debug    ] Decision loop completed        action=MAINTAIN latency_ms=117.56 p99=339.2339331619537
2026-07-08 13:28:17 [debug    ] HAProxy fallback latency       delta_requests=854 interval_avg_ms=65.0 max_rtime_ms=695.0 p99_est=130.0
2026-07-08 13:28:17 [debug    ] GRU prediction received        confidence=0.81 latency_ms=9.44 predicted=73
2026-07-08 13:28:17 [debug    ] Using GRU prediction           confidence=0.81 predicted=73
2026-07-08 13:28:17 [debug    ] burn_rate_adjustment           actual_burn=0.03 adjustment=-7 allowed_burn=0.83 budget_remaining=968 burn_error=-0.966 burn_ratio=0.034
2026-07-08 13:28:17 [info     ] algorithm2_scaling_decision    action=MAINTAIN alpha=0.014992503748125937 beta=0.0 buffer=1.2 current_replicas=3 predicted_load=73.0 required_resources=1.094 target_replicas=3
2026-07-08 13:28:17 [debug    ] Decision loop completed        action=MAINTAIN latency_ms=118.03 p99=130.0
2026-07-08 13:28:32 [debug    ] HAProxy fallback latency       delta_requests=713 interval_avg_ms=65.0 max_rtime_ms=695.0 p99_est=130.0
2026-07-08 13:28:32 [debug    ] GRU prediction received        confidence=0.81 latency_ms=10.74 predicted=72
2026-07-08 13:28:32 [debug    ] Using GRU prediction           confidence=0.81 predicted=72
2026-07-08 13:28:32 [debug    ] burn_rate_adjustment           actual_burn=0.03 adjustment=-7 allowed_burn=0.83 budget_remaining=968 burn_error=-0.966 burn_ratio=0.034
2026-07-08 13:28:32 [info     ] algorithm2_scaling_decision    action=MAINTAIN alpha=0.014992503748125937 beta=0.0 buffer=1.2 current_replicas=3 predicted_load=72.0 required_resources=1.079 target_replicas=3
2026-07-08 13:28:32 [debug    ] Decision loop completed        action=MAINTAIN latency_ms=118.31 p99=130.0
2026-07-08 13:28:47 [debug    ] HAProxy fallback latency       delta_requests=578 interval_avg_ms=65.0 max_rtime_ms=695.0 p99_est=130.0
2026-07-08 13:28:47 [debug    ] GRU prediction received        confidence=0.78 latency_ms=10.78 predicted=71
2026-07-08 13:28:47 [debug    ] Using GRU prediction           confidence=0.78 predicted=71
2026-07-08 13:28:47 [debug    ] burn_rate_adjustment           actual_burn=0.03 adjustment=-7 allowed_burn=0.83 budget_remaining=968 burn_error=-0.967 burn_ratio=0.033
2026-07-08 13:28:47 [info     ] algorithm2_scaling_decision    action=MAINTAIN alpha=0.014992503748125937 beta=0.0 buffer=1.2 current_replicas=3 predicted_load=71.0 required_resources=1.064 target_replicas=3
2026-07-08 13:28:47 [debug    ] Decision loop completed        action=MAINTAIN latency_ms=115.59 p99=130.0
2026-07-08 13:29:02 [debug    ] HAProxy fallback latency       delta_requests=584 interval_avg_ms=65.0 max_rtime_ms=695.0 p99_est=130.0
2026-07-08 13:29:02 [debug    ] GRU prediction received        confidence=0.76 latency_ms=10.37 predicted=70
2026-07-08 13:29:02 [debug    ] Using GRU prediction           confidence=0.76 predicted=70
2026-07-08 13:29:02 [debug    ] burn_rate_adjustment           actual_burn=0.03 adjustment=-7 allowed_burn=0.83 budget_remaining=968 burn_error=-0.967 burn_ratio=0.033
2026-07-08 13:29:02 [info     ] algorithm2_scaling_decision    action=MAINTAIN alpha=0.014992503748125937 beta=0.0 buffer=1.2 current_replicas=3 predicted_load=70.0 required_resources=1.049 target_replicas=3
2026-07-08 13:29:02 [debug    ] Decision loop completed        action=MAINTAIN latency_ms=118.8 p99=130.0
2026-07-08 13:29:17 [debug    ] GRU prediction received        confidence=0.76 latency_ms=9.45 predicted=69
2026-07-08 13:29:17 [debug    ] Using GRU prediction           confidence=0.76 predicted=69
2026-07-08 13:29:17 [debug    ] burn_rate_adjustment           actual_burn=0.03 adjustment=-7 allowed_burn=0.83 budget_remaining=968 burn_error=-0.967 burn_ratio=0.033
2026-07-08 13:29:17 [info     ] algorithm2_scaling_decision    action=MAINTAIN alpha=0.014992503748125937 beta=0.0 buffer=1.2 current_replicas=3 predicted_load=69.0 required_resources=1.034 target_replicas=3
2026-07-08 13:29:17 [debug    ] Decision loop completed        action=MAINTAIN latency_ms=125.94 p99=130.0
2026-07-08 13:29:32 [debug    ] HAProxy fallback latency       delta_requests=630 interval_avg_ms=64.0 max_rtime_ms=695.0 p99_est=128.0
2026-07-08 13:29:32 [debug    ] GRU prediction received        confidence=0.83 latency_ms=13.13 predicted=69
2026-07-08 13:29:32 [debug    ] Using GRU prediction           confidence=0.83 predicted=69
2026-07-08 13:29:32 [debug    ] burn_rate_adjustment           actual_burn=0.03 adjustment=-7 allowed_burn=0.83 budget_remaining=968 burn_error=-0.968 burn_ratio=0.032
2026-07-08 13:29:32 [info     ] algorithm2_scaling_decision    action=MAINTAIN alpha=0.014992503748125937 beta=0.0 buffer=1.2 current_replicas=3 predicted_load=69.0 required_resources=1.034 target_replicas=3
2026-07-08 13:29:32 [debug    ] Decision loop completed        action=MAINTAIN latency_ms=120.43 p99=128.0
2026-07-08 13:29:48 [debug    ] HAProxy fallback latency       delta_requests=664 interval_avg_ms=64.0 max_rtime_ms=695.0 p99_est=128.0
2026-07-08 13:29:48 [debug    ] GRU prediction received        confidence=0.85 latency_ms=10.03 predicted=68
2026-07-08 13:29:48 [debug    ] Using GRU prediction           confidence=0.85 predicted=68
2026-07-08 13:29:48 [debug    ] burn_rate_adjustment           actual_burn=0.03 adjustment=-7 allowed_burn=0.83 budget_remaining=968 burn_error=-0.968 burn_ratio=0.032
2026-07-08 13:29:48 [info     ] algorithm2_scaling_decision    action=MAINTAIN alpha=0.014992503748125937 beta=0.0 buffer=1.2 current_replicas=3 predicted_load=68.0 required_resources=1.019 target_replicas=3
2026-07-08 13:29:48 [debug    ] Decision loop completed        action=MAINTAIN latency_ms=120.9 p99=128.0
2026-07-08 13:30:03 [debug    ] HAProxy fallback latency       delta_requests=743 interval_avg_ms=181.83 max_rtime_ms=695.0 p99_est=363.65
2026-07-08 13:30:03 [debug    ] GRU prediction received        confidence=0.82 latency_ms=13.0 predicted=68
2026-07-08 13:30:03 [debug    ] Using GRU prediction           confidence=0.82 predicted=68
2026-07-08 13:30:03 [debug    ] burn_rate_adjustment           actual_burn=0.03 adjustment=-7 allowed_burn=0.83 budget_remaining=967 burn_error=-0.968 burn_ratio=0.032
2026-07-08 13:30:03 [info     ] algorithm2_scaling_decision    action=MAINTAIN alpha=0.014992503748125937 beta=0.0 buffer=1.2 current_replicas=3 predicted_load=68.0 required_resources=1.019 target_replicas=3
2026-07-08 13:30:03 [debug    ] Decision loop completed        action=MAINTAIN latency_ms=118.11 p99=363.650067294751
2026-07-08 13:30:18 [debug    ] HAProxy fallback latency       delta_requests=296 interval_avg_ms=65.0 max_rtime_ms=695.0 p99_est=130.0
2026-07-08 13:30:18 [debug    ] GRU prediction received        confidence=0.72 latency_ms=11.9 predicted=66
2026-07-08 13:30:18 [debug    ] Using GRU prediction           confidence=0.72 predicted=66
2026-07-08 13:30:18 [debug    ] burn_rate_adjustment           actual_burn=0.03 adjustment=-7 allowed_burn=0.83 budget_remaining=967 burn_error=-0.968 burn_ratio=0.032
2026-07-08 13:30:18 [info     ] algorithm2_scaling_decision    action=MAINTAIN alpha=0.014992503748125937 beta=0.0 buffer=1.2 current_replicas=3 predicted_load=66.0 required_resources=0.99 target_replicas=3
2026-07-08 13:30:18 [debug    ] Decision loop completed        action=MAINTAIN latency_ms=120.35 p99=130.0
2026-07-08 13:30:33 [debug    ] GRU prediction received        confidence=0.72 latency_ms=12.61 predicted=64
2026-07-08 13:30:33 [debug    ] Using GRU prediction           confidence=0.72 predicted=64
2026-07-08 13:30:33 [debug    ] burn_rate_adjustment           actual_burn=0.03 adjustment=-7 allowed_burn=0.83 budget_remaining=967 burn_error=-0.968 burn_ratio=0.032
2026-07-08 13:30:33 [info     ] algorithm2_scaling_decision    action=MAINTAIN alpha=0.014992503748125937 beta=0.0 buffer=1.2 current_replicas=3 predicted_load=64.0 required_resources=0.96 target_replicas=3
2026-07-08 13:30:33 [debug    ] Decision loop completed        action=MAINTAIN latency_ms=122.53 p99=130.0
2026-07-08 13:30:48 [debug    ] GRU prediction received        confidence=0.72 latency_ms=12.45 predicted=62
2026-07-08 13:30:48 [debug    ] Using GRU prediction           confidence=0.72 predicted=62
2026-07-08 13:30:48 [debug    ] burn_rate_adjustment           actual_burn=0.03 adjustment=-7 allowed_burn=0.83 budget_remaining=967 burn_error=-0.969 burn_ratio=0.031
2026-07-08 13:30:48 [info     ] algorithm2_scaling_decision    action=MAINTAIN alpha=0.014992503748125937 beta=0.0 buffer=1.2 current_replicas=3 predicted_load=62.0 required_resources=0.93 target_replicas=3
2026-07-08 13:30:48 [debug    ] Decision loop completed        action=MAINTAIN latency_ms=121.55 p99=130.0
2026-07-08 13:31:03 [debug    ] GRU prediction received        confidence=0.72 latency_ms=10.68 predicted=61
2026-07-08 13:31:03 [debug    ] Using GRU prediction           confidence=0.72 predicted=61
2026-07-08 13:31:03 [debug    ] burn_rate_adjustment           actual_burn=0.03 adjustment=-7 allowed_burn=0.83 budget_remaining=967 burn_error=-0.969 burn_ratio=0.031
2026-07-08 13:31:03 [info     ] algorithm2_scaling_decision    action=MAINTAIN alpha=0.014992503748125937 beta=0.0 buffer=1.2 current_replicas=3 predicted_load=61.0 required_resources=0.915 target_replicas=3
2026-07-08 13:31:03 [debug    ] Decision loop completed        action=MAINTAIN latency_ms=116.83 p99=130.0
2026-07-08 13:31:09 [info     ] Received shutdown signal
2026-07-08 13:31:09 [info     ] Stopping routing daemon...
2026-07-08 13:31:09 [info     ] Routing daemon stopped
