2026-07-14 00:17:54 [info     ] SLOMonitor initialized         threshold_ms=200.0 violation_window=30
2026-07-14 00:17:54 [info     ] Algorithm1ControllerV3 initialized max_knative=50 r_saturation=33.3 target_cpu_util=0.5 total_budget=1000
2026-07-14 00:17:54 [info     ] Using V3 controller (Capacity-Driven) scenario=s3-hybrid-reactive version=v3
2026-07-14 00:17:54 [info     ] HAProxyWeightAdjuster initialized backend=servers host=localhost port=19999
2026-07-14 00:17:54 [info     ] GRUClient initialized          base_url=http://localhost:8090
2026-07-14 00:17:54 [info     ] K8sScaler initialized          deployment=test-app-warm namespace=default
2026-07-14 00:17:54 [info     ] RoutingDaemon initialized      decision_interval=15 description='Algorithm 1 reactive routing without predictions' scenario=s3-hybrid-reactive use_algorithm=True use_predictions=False
2026-07-14 00:17:54 [info     ] Starting routing daemon        interval=15 scenario=s3-hybrid-reactive
2026-07-14 00:17:54 [info     ] Weights updated                k3s=80 knative=20
2026-07-14 00:17:54 [info     ] Initial weights applied        k3s=80 knative=20
2026-07-14 00:17:54 [debug    ] HAProxy fallback primed        total_requests=0
2026-07-14 00:17:54 [info     ] algorithm2_scaling_decision    action=MAINTAIN alpha=0.060060060060060066 beta=0.0 buffer=1.0 current_replicas=3 predicted_load=0.0 required_resources=0.0 target_replicas=3
2026-07-14 00:17:54 [info     ] algorithm2_decision            action=MAINTAIN applied_target=3 current_replicas=3 hold_until=0.0 observed_load=0.0 observed_target=3 point_forecasts=None prediction_age_sec=None predictive_target=3 proactive=False scenario=s3-hybrid-reactive target_replicas=3 upper_forecasts=None
2026-07-14 00:17:54 [debug    ] Decision loop completed        action=MAINTAIN latency_ms=128.37 p99=0.0
2026-07-14 00:18:09 [info     ] algorithm2_scaling_decision    action=MAINTAIN alpha=0.060060060060060066 beta=0.0 buffer=1.0 current_replicas=3 predicted_load=0.0 required_resources=0.0 target_replicas=3
2026-07-14 00:18:09 [info     ] algorithm2_decision            action=MAINTAIN applied_target=3 current_replicas=3 hold_until=0.0 observed_load=0.0 observed_target=3 point_forecasts=None prediction_age_sec=None predictive_target=3 proactive=False scenario=s3-hybrid-reactive target_replicas=3 upper_forecasts=None
2026-07-14 00:18:09 [debug    ] Decision loop completed        action=MAINTAIN latency_ms=125.36 p99=0.0
2026-07-14 00:18:24 [info     ] algorithm2_scaling_decision    action=MAINTAIN alpha=0.060060060060060066 beta=0.0 buffer=1.0 current_replicas=3 predicted_load=0.0 required_resources=0.0 target_replicas=3
2026-07-14 00:18:24 [info     ] algorithm2_decision            action=MAINTAIN applied_target=3 current_replicas=3 hold_until=0.0 observed_load=0.0 observed_target=3 point_forecasts=None prediction_age_sec=None predictive_target=3 proactive=False scenario=s3-hybrid-reactive target_replicas=3 upper_forecasts=None
2026-07-14 00:18:24 [debug    ] Decision loop completed        action=MAINTAIN latency_ms=116.93 p99=0.0
2026-07-14 00:18:40 [debug    ] HAProxy fallback latency       delta_requests=645 interval_avg_ms=65.0 max_rtime_ms=123.0 p99_est=123.0
2026-07-14 00:18:40 [info     ] controller_decision_v3         action=RECOVERY available_replicas=3 budget_remaining=1000 burn_adjustment=0 burst_ratio=0 capacity_deficit=False confidence=0 current_load=42.53612254586157 decision_id=d5480424 k8s_capacity=49.9 k8s_weight=100 knative_weight=0 p99=123.0 predicted_load=0 r_effective=16.6 serverless_enabled=False total_load=42.5 weights_after={'k3s': 100, 'knative': 0} weights_before={'k3s': 80, 'knative': 20}
2026-07-14 00:18:40 [info     ] Weights updated                k3s=100 knative=0
2026-07-14 00:18:40 [info     ] Weights updated                action=RECOVERY reason='load=43RPS | k8s_cap=50RPS | (reducing-serverless)' weights={'k3s': 100, 'knative': 0}
2026-07-14 00:18:40 [info     ] algorithm2_scaling_decision    action=MAINTAIN alpha=0.060060060060060066 beta=0.0 buffer=1.0 current_replicas=3 predicted_load=21.268061272930787 required_resources=1.277 target_replicas=3
2026-07-14 00:18:40 [info     ] algorithm2_decision            action=MAINTAIN applied_target=3 current_replicas=3 hold_until=0.0 observed_load=21.27 observed_target=3 point_forecasts=None prediction_age_sec=None predictive_target=3 proactive=False scenario=s3-hybrid-reactive target_replicas=3 upper_forecasts=None
2026-07-14 00:18:40 [debug    ] Decision loop completed        action=RECOVERY latency_ms=160.57 p99=123.0
2026-07-14 00:18:55 [debug    ] HAProxy fallback latency       delta_requests=667 interval_avg_ms=65.0 max_rtime_ms=133.0 p99_est=130.0
2026-07-14 00:18:55 [info     ] algorithm2_scaling_decision    action=MAINTAIN alpha=0.060060060060060066 beta=0.0 buffer=1.0 current_replicas=3 predicted_load=43.264529982074166 required_resources=2.598 target_replicas=3
2026-07-14 00:18:55 [info     ] algorithm2_decision            action=MAINTAIN applied_target=3 current_replicas=3 hold_until=0.0 observed_load=43.26 observed_target=3 point_forecasts=None prediction_age_sec=None predictive_target=3 proactive=False scenario=s3-hybrid-reactive target_replicas=3 upper_forecasts=None
2026-07-14 00:18:55 [debug    ] Decision loop completed        action=MAINTAIN latency_ms=120.47 p99=130.0
2026-07-14 00:19:10 [debug    ] HAProxy fallback latency       delta_requests=717 interval_avg_ms=65.0 max_rtime_ms=133.0 p99_est=130.0
2026-07-14 00:19:10 [info     ] algorithm2_scaling_decision    action=MAINTAIN alpha=0.060060060060060066 beta=0.0 buffer=1.0 current_replicas=3 predicted_load=45.70653922054606 required_resources=2.745 target_replicas=3
2026-07-14 00:19:10 [info     ] algorithm2_decision            action=MAINTAIN applied_target=3 current_replicas=3 hold_until=0.0 observed_load=45.71 observed_target=3 point_forecasts=None prediction_age_sec=None predictive_target=3 proactive=False scenario=s3-hybrid-reactive target_replicas=3 upper_forecasts=None
2026-07-14 00:19:10 [debug    ] Decision loop completed        action=MAINTAIN latency_ms=119.56 p99=130.0
2026-07-14 00:19:25 [debug    ] HAProxy fallback latency       delta_requests=824 interval_avg_ms=65.0 max_rtime_ms=133.0 p99_est=130.0
2026-07-14 00:19:25 [info     ] Knative pre-warm OK            cold_start_ms=2.7
2026-07-14 00:19:25 [info     ] controller_decision_v3         action=REACTIVE available_replicas=3 budget_remaining=1000 burn_adjustment=0 burst_ratio=0.0834 capacity_deficit=False confidence=0 current_load=54.496978522639374 decision_id=4df3f95f k8s_capacity=49.9 k8s_weight=91 knative_weight=9 p99=130.0 predicted_load=0 r_effective=16.6 serverless_enabled=True total_load=54.5 weights_after={'k3s': 91, 'knative': 9} weights_before={'k3s': 100, 'knative': 0}
2026-07-14 00:19:25 [info     ] Weights updated                k3s=91 knative=9
2026-07-14 00:19:25 [info     ] Weights updated                action=REACTIVE reason='load=54RPS | k8s_cap=50RPS | (burst-routing)' weights={'k3s': 91, 'knative': 9}
2026-07-14 00:19:25 [info     ] algorithm2_scaling_decision    action=SCALE_UP alpha=0.060060060060060066 beta=0.0 buffer=1.0 current_replicas=3 predicted_load=50.95855977272237 required_resources=3.061 target_replicas=4
2026-07-14 00:19:25 [info     ] algorithm2_decision            action=SCALE_UP applied_target=4 current_replicas=3 hold_until=0.0 observed_load=50.96 observed_target=4 point_forecasts=None prediction_age_sec=None predictive_target=4 proactive=False scenario=s3-hybrid-reactive target_replicas=4 upper_forecasts=None
2026-07-14 00:19:25 [info     ] k8s_scale_executed             deployment=test-app-warm replicas=4
2026-07-14 00:19:25 [debug    ] Decision loop completed        action=REACTIVE latency_ms=157.21 p99=130.0
2026-07-14 00:19:40 [debug    ] HAProxy fallback latency       delta_requests=767 interval_avg_ms=65.0 max_rtime_ms=133.0 p99_est=130.0
2026-07-14 00:19:40 [info     ] controller_decision_v3         action=RECOVERY available_replicas=4 budget_remaining=1000 burn_adjustment=0 burst_ratio=0 capacity_deficit=False confidence=0 current_load=50.6689862765712 decision_id=69bad7c9 k8s_capacity=66.6 k8s_weight=100 knative_weight=0 p99=130.0 predicted_load=0 r_effective=16.6 serverless_enabled=False total_load=50.7 weights_after={'k3s': 100, 'knative': 0} weights_before={'k3s': 91, 'knative': 9}
2026-07-14 00:19:40 [info     ] Weights updated                k3s=100 knative=0
2026-07-14 00:19:40 [info     ] Weights updated                action=RECOVERY reason='load=51RPS | k8s_cap=67RPS | (reducing-serverless)' weights={'k3s': 100, 'knative': 0}
2026-07-14 00:19:40 [info     ] Scale readiness observed       elapsed_sec=15.2 ewma_delay=46.5 samples=1 target=4
2026-07-14 00:19:40 [info     ] algorithm2_scaling_decision    action=MAINTAIN alpha=0.060060060060060066 beta=0.0 buffer=1.0 current_replicas=4 predicted_load=52.582982399605285 required_resources=3.158 target_replicas=4
2026-07-14 00:19:40 [info     ] algorithm2_decision            action=MAINTAIN applied_target=4 current_replicas=4 hold_until=0.0 observed_load=52.58 observed_target=4 point_forecasts=None prediction_age_sec=None predictive_target=4 proactive=False scenario=s3-hybrid-reactive target_replicas=4 upper_forecasts=None
2026-07-14 00:19:40 [debug    ] Decision loop completed        action=RECOVERY latency_ms=163.69 p99=130.0
2026-07-14 00:19:55 [debug    ] HAProxy fallback latency       delta_requests=546 interval_avg_ms=65.0 max_rtime_ms=133.0 p99_est=130.0
2026-07-14 00:19:55 [info     ] algorithm2_scaling_decision    action=MAINTAIN alpha=0.060060060060060066 beta=0.0 buffer=1.0 current_replicas=4 predicted_load=43.33717956811708 required_resources=2.603 target_replicas=3
2026-07-14 00:19:55 [info     ] algorithm2_decision            action=MAINTAIN applied_target=3 current_replicas=4 hold_until=0.0 observed_load=43.34 observed_target=3 point_forecasts=None prediction_age_sec=None predictive_target=3 proactive=False scenario=s3-hybrid-reactive target_replicas=3 upper_forecasts=None
2026-07-14 00:19:55 [debug    ] Decision loop completed        action=MAINTAIN latency_ms=128.52 p99=130.0
2026-07-14 00:20:10 [debug    ] HAProxy fallback latency       delta_requests=411 interval_avg_ms=53.86 max_rtime_ms=133.0 p99_est=107.73
2026-07-14 00:20:10 [info     ] algorithm2_scaling_decision    action=MAINTAIN alpha=0.060060060060060066 beta=0.0 buffer=1.0 current_replicas=4 predicted_load=31.58609007327408 required_resources=1.897 target_replicas=3
2026-07-14 00:20:10 [info     ] algorithm2_decision            action=MAINTAIN applied_target=3 current_replicas=4 hold_until=0.0 observed_load=31.59 observed_target=3 point_forecasts=None prediction_age_sec=None predictive_target=3 proactive=False scenario=s3-hybrid-reactive target_replicas=3 upper_forecasts=None
2026-07-14 00:20:10 [debug    ] Decision loop completed        action=MAINTAIN latency_ms=122.37 p99=107.72749391727494
2026-07-14 00:20:26 [debug    ] HAProxy fallback latency       delta_requests=357 interval_avg_ms=77.82 max_rtime_ms=133.0 p99_est=133.0
2026-07-14 00:20:26 [info     ] algorithm2_scaling_decision    action=MAINTAIN alpha=0.060060060060060066 beta=0.0 buffer=1.0 current_replicas=4 predicted_load=25.3877185094451 required_resources=1.525 target_replicas=3
2026-07-14 00:20:26 [info     ] algorithm2_decision            action=MAINTAIN applied_target=3 current_replicas=4 hold_until=0.0 observed_load=25.39 observed_target=3 point_forecasts=None prediction_age_sec=None predictive_target=3 proactive=False scenario=s3-hybrid-reactive target_replicas=3 upper_forecasts=None
2026-07-14 00:20:26 [debug    ] Decision loop completed        action=MAINTAIN latency_ms=120.94 p99=133.0
2026-07-14 00:20:41 [debug    ] HAProxy fallback latency       delta_requests=490 interval_avg_ms=65.0 max_rtime_ms=133.0 p99_est=130.0
2026-07-14 00:20:41 [info     ] algorithm2_scaling_decision    action=MAINTAIN alpha=0.060060060060060066 beta=0.0 buffer=1.0 current_replicas=4 predicted_load=27.974350970415564 required_resources=1.68 target_replicas=3
2026-07-14 00:20:41 [info     ] algorithm2_decision            action=MAINTAIN applied_target=3 current_replicas=4 hold_until=0.0 observed_load=27.97 observed_target=3 point_forecasts=None prediction_age_sec=None predictive_target=3 proactive=False scenario=s3-hybrid-reactive target_replicas=3 upper_forecasts=None
2026-07-14 00:20:41 [debug    ] Decision loop completed        action=MAINTAIN latency_ms=125.42 p99=130.0
2026-07-14 00:20:56 [debug    ] HAProxy fallback latency       delta_requests=778 interval_avg_ms=65.0 max_rtime_ms=133.0 p99_est=130.0
2026-07-14 00:20:56 [info     ] algorithm2_scaling_decision    action=MAINTAIN alpha=0.060060060060060066 beta=0.0 buffer=1.0 current_replicas=4 predicted_load=41.854747199723896 required_resources=2.514 target_replicas=3
2026-07-14 00:20:56 [info     ] algorithm2_decision            action=MAINTAIN applied_target=3 current_replicas=4 hold_until=0.0 observed_load=41.85 observed_target=3 point_forecasts=None prediction_age_sec=None predictive_target=3 proactive=False scenario=s3-hybrid-reactive target_replicas=3 upper_forecasts=None
2026-07-14 00:20:56 [debug    ] Decision loop completed        action=MAINTAIN latency_ms=120.72 p99=130.0
2026-07-14 00:21:11 [debug    ] HAProxy fallback latency       delta_requests=809 interval_avg_ms=65.0 max_rtime_ms=133.0 p99_est=130.0
2026-07-14 00:21:11 [info     ] algorithm2_scaling_decision    action=MAINTAIN alpha=0.060060060060060066 beta=0.0 buffer=1.0 current_replicas=4 predicted_load=52.501185163838635 required_resources=3.153 target_replicas=4
2026-07-14 00:21:11 [info     ] algorithm2_decision            action=MAINTAIN applied_target=4 current_replicas=4 hold_until=0.0 observed_load=52.5 observed_target=4 point_forecasts=None prediction_age_sec=None predictive_target=4 proactive=False scenario=s3-hybrid-reactive target_replicas=4 upper_forecasts=None
2026-07-14 00:21:11 [debug    ] Decision loop completed        action=MAINTAIN latency_ms=118.57 p99=130.0
2026-07-14 00:21:26 [debug    ] HAProxy fallback latency       delta_requests=636 interval_avg_ms=65.0 max_rtime_ms=133.0 p99_est=130.0
2026-07-14 00:21:26 [info     ] algorithm2_scaling_decision    action=MAINTAIN alpha=0.060060060060060066 beta=0.0 buffer=1.0 current_replicas=4 predicted_load=47.81742218450115 required_resources=2.872 target_replicas=3
2026-07-14 00:21:26 [info     ] algorithm2_decision            action=MAINTAIN applied_target=3 current_replicas=4 hold_until=0.0 observed_load=47.82 observed_target=3 point_forecasts=None prediction_age_sec=None predictive_target=3 proactive=False scenario=s3-hybrid-reactive target_replicas=3 upper_forecasts=None
2026-07-14 00:21:26 [debug    ] Decision loop completed        action=MAINTAIN latency_ms=117.94 p99=130.0
2026-07-14 00:21:41 [debug    ] HAProxy fallback latency       delta_requests=659 interval_avg_ms=65.0 max_rtime_ms=133.0 p99_est=130.0
2026-07-14 00:21:41 [info     ] algorithm2_scaling_decision    action=MAINTAIN alpha=0.060060060060060066 beta=0.0 buffer=1.0 current_replicas=4 predicted_load=42.795318711804256 required_resources=2.57 target_replicas=3
2026-07-14 00:21:41 [info     ] algorithm2_decision            action=MAINTAIN applied_target=3 current_replicas=4 hold_until=0.0 observed_load=42.8 observed_target=3 point_forecasts=None prediction_age_sec=None predictive_target=3 proactive=False scenario=s3-hybrid-reactive target_replicas=3 upper_forecasts=None
2026-07-14 00:21:41 [debug    ] Decision loop completed        action=MAINTAIN latency_ms=125.47 p99=130.0
2026-07-14 00:21:56 [debug    ] HAProxy fallback latency       delta_requests=835 interval_avg_ms=65.0 max_rtime_ms=133.0 p99_est=130.0
2026-07-14 00:21:56 [info     ] algorithm2_scaling_decision    action=MAINTAIN alpha=0.060060060060060066 beta=0.0 buffer=1.0 current_replicas=4 predicted_load=49.39729043778801 required_resources=2.967 target_replicas=3
2026-07-14 00:21:56 [info     ] algorithm2_decision            action=MAINTAIN applied_target=3 current_replicas=4 hold_until=0.0 observed_load=49.4 observed_target=3 point_forecasts=None prediction_age_sec=None predictive_target=3 proactive=False scenario=s3-hybrid-reactive target_replicas=3 upper_forecasts=None
2026-07-14 00:21:56 [debug    ] Decision loop completed        action=MAINTAIN latency_ms=126.99 p99=130.0
2026-07-14 00:22:11 [debug    ] HAProxy fallback latency       delta_requests=917 interval_avg_ms=65.0 max_rtime_ms=133.0 p99_est=130.0
2026-07-14 00:22:11 [info     ] algorithm2_scaling_decision    action=MAINTAIN alpha=0.060060060060060066 beta=0.0 buffer=1.0 current_replicas=4 predicted_load=57.877333549492505 required_resources=3.476 target_replicas=4
2026-07-14 00:22:11 [info     ] algorithm2_decision            action=MAINTAIN applied_target=4 current_replicas=4 hold_until=0.0 observed_load=57.88 observed_target=4 point_forecasts=None prediction_age_sec=None predictive_target=4 proactive=False scenario=s3-hybrid-reactive target_replicas=4 upper_forecasts=None
2026-07-14 00:22:11 [debug    ] Decision loop completed        action=MAINTAIN latency_ms=122.17 p99=130.0
2026-07-14 00:22:26 [debug    ] HAProxy fallback latency       delta_requests=932 interval_avg_ms=65.0 max_rtime_ms=133.0 p99_est=130.0
2026-07-14 00:22:27 [info     ] algorithm2_scaling_decision    action=MAINTAIN alpha=0.060060060060060066 beta=0.0 buffer=1.0 current_replicas=4 predicted_load=61.09189421023852 required_resources=3.669 target_replicas=4
2026-07-14 00:22:27 [info     ] algorithm2_decision            action=MAINTAIN applied_target=4 current_replicas=4 hold_until=0.0 observed_load=61.09 observed_target=4 point_forecasts=None prediction_age_sec=None predictive_target=4 proactive=False scenario=s3-hybrid-reactive target_replicas=4 upper_forecasts=None
2026-07-14 00:22:27 [debug    ] Decision loop completed        action=MAINTAIN latency_ms=120.5 p99=130.0
2026-07-14 00:22:42 [debug    ] HAProxy fallback latency       delta_requests=1007 interval_avg_ms=65.0 max_rtime_ms=133.0 p99_est=130.0
2026-07-14 00:22:42 [info     ] algorithm2_scaling_decision    action=MAINTAIN alpha=0.060060060060060066 beta=0.0 buffer=1.0 current_replicas=4 predicted_load=64.11732103550257 required_resources=3.851 target_replicas=4
2026-07-14 00:22:42 [info     ] algorithm2_decision            action=MAINTAIN applied_target=4 current_replicas=4 hold_until=0.0 observed_load=64.12 observed_target=4 point_forecasts=None prediction_age_sec=None predictive_target=4 proactive=False scenario=s3-hybrid-reactive target_replicas=4 upper_forecasts=None
2026-07-14 00:22:42 [debug    ] Decision loop completed        action=MAINTAIN latency_ms=131.69 p99=130.0
2026-07-14 00:22:57 [debug    ] HAProxy fallback latency       delta_requests=1122 interval_avg_ms=76.69 max_rtime_ms=184.0 p99_est=153.39
2026-07-14 00:22:57 [info     ] Knative pre-warm OK            cold_start_ms=3.0
2026-07-14 00:22:57 [info     ] controller_decision_v3         action=REACTIVE available_replicas=4 budget_remaining=1000 burn_adjustment=0 burst_ratio=0.1018 capacity_deficit=False confidence=0 current_load=74.14839002192116 decision_id=bb1bfd1e k8s_capacity=66.6 k8s_weight=89 knative_weight=11 p99=153.4 predicted_load=0 r_effective=16.6 serverless_enabled=True total_load=74.1 weights_after={'k3s': 89, 'knative': 11} weights_before={'k3s': 100, 'knative': 0}
2026-07-14 00:22:57 [info     ] Weights updated                k3s=89 knative=11
2026-07-14 00:22:57 [info     ] Weights updated                action=REACTIVE reason='load=74RPS | k8s_cap=67RPS | (burst-routing)' weights={'k3s': 89, 'knative': 11}
2026-07-14 00:22:57 [info     ] algorithm2_scaling_decision    action=SCALE_UP alpha=0.060060060060060066 beta=0.0 buffer=1.0 current_replicas=4 predicted_load=70.37403554376003 required_resources=4.227 target_replicas=5
2026-07-14 00:22:57 [info     ] algorithm2_decision            action=SCALE_UP applied_target=5 current_replicas=4 hold_until=0.0 observed_load=70.37 observed_target=5 point_forecasts=None prediction_age_sec=None predictive_target=5 proactive=False scenario=s3-hybrid-reactive target_replicas=5 upper_forecasts=None
2026-07-14 00:22:57 [info     ] k8s_scale_executed             deployment=test-app-warm replicas=5
2026-07-14 00:22:57 [debug    ] Decision loop completed        action=REACTIVE latency_ms=169.03 p99=153.3850267379679
2026-07-14 00:23:12 [debug    ] HAProxy fallback latency       delta_requests=1282 interval_avg_ms=66.0 max_rtime_ms=184.0 p99_est=132.0
2026-07-14 00:23:12 [info     ] controller_decision_v3         action=RECOVERY available_replicas=5 budget_remaining=1000 burn_adjustment=0 burst_ratio=0.015 capacity_deficit=False confidence=0 current_load=84.51467669629284 decision_id=214147c6 k8s_capacity=83.2 k8s_weight=98 knative_weight=2 p99=132.0 predicted_load=0 r_effective=16.6 serverless_enabled=True total_load=84.5 weights_after={'k3s': 98, 'knative': 2} weights_before={'k3s': 89, 'knative': 11}
2026-07-14 00:23:12 [info     ] Weights updated                k3s=98 knative=2
2026-07-14 00:23:12 [info     ] Weights updated                action=RECOVERY reason='load=85RPS | k8s_cap=83RPS | (reducing-serverless)' weights={'k3s': 98, 'knative': 2}
2026-07-14 00:23:12 [info     ] Scale readiness observed       elapsed_sec=15.2 ewma_delay=37.1 samples=2 target=5
2026-07-14 00:23:12 [info     ] algorithm2_scaling_decision    action=MAINTAIN alpha=0.060060060060060066 beta=0.0 buffer=1.0 current_replicas=5 predicted_load=79.331533359107 required_resources=4.765 target_replicas=5
2026-07-14 00:23:12 [info     ] algorithm2_decision            action=MAINTAIN applied_target=5 current_replicas=5 hold_until=0.0 observed_load=79.33 observed_target=5 point_forecasts=None prediction_age_sec=None predictive_target=5 proactive=False scenario=s3-hybrid-reactive target_replicas=5 upper_forecasts=None
2026-07-14 00:23:12 [debug    ] Decision loop completed        action=RECOVERY latency_ms=162.61 p99=132.0
2026-07-14 00:23:27 [debug    ] HAProxy fallback latency       delta_requests=1467 interval_avg_ms=87.63 max_rtime_ms=184.0 p99_est=175.27
2026-07-14 00:23:27 [info     ] controller_decision_v3         action=REACTIVE available_replicas=5 budget_remaining=1000 burn_adjustment=0 burst_ratio=0.1383 capacity_deficit=False confidence=0 current_load=96.6151565528483 decision_id=3737b022 k8s_capacity=83.2 k8s_weight=86 knative_weight=14 p99=175.3 predicted_load=0 r_effective=16.6 serverless_enabled=True total_load=96.6 weights_after={'k3s': 86, 'knative': 14} weights_before={'k3s': 98, 'knative': 2}
2026-07-14 00:23:27 [info     ] Weights updated                k3s=86 knative=14
2026-07-14 00:23:27 [info     ] Weights updated                action=REACTIVE reason='load=97RPS | k8s_cap=83RPS | (burst-routing)' weights={'k3s': 86, 'knative': 14}
2026-07-14 00:23:27 [info     ] algorithm2_scaling_decision    action=SCALE_UP alpha=0.060060060060060066 beta=0.0 buffer=1.0 current_replicas=5 predicted_load=90.56491662457057 required_resources=5.439 target_replicas=6
2026-07-14 00:23:27 [info     ] algorithm2_decision            action=SCALE_UP applied_target=6 current_replicas=5 hold_until=0.0 observed_load=90.56 observed_target=6 point_forecasts=None prediction_age_sec=None predictive_target=6 proactive=False scenario=s3-hybrid-reactive target_replicas=6 upper_forecasts=None
2026-07-14 00:23:27 [info     ] k8s_scale_executed             deployment=test-app-warm replicas=6
2026-07-14 00:23:27 [debug    ] Decision loop completed        action=REACTIVE latency_ms=165.18 p99=175.266530334015
2026-07-14 00:23:42 [debug    ] HAProxy fallback latency       delta_requests=1680 interval_avg_ms=78.45 max_rtime_ms=184.0 p99_est=156.89
2026-07-14 00:23:42 [info     ] controller_decision_v3         action=RECOVERY available_replicas=6 budget_remaining=1000 burn_adjustment=0 burst_ratio=0.0982 capacity_deficit=False confidence=0 current_load=110.78286958799765 decision_id=3eca096a k8s_capacity=99.9 k8s_weight=90 knative_weight=10 p99=156.9 predicted_load=0 r_effective=16.6 serverless_enabled=True total_load=110.8 weights_after={'k3s': 90, 'knative': 10} weights_before={'k3s': 86, 'knative': 14}
2026-07-14 00:23:42 [info     ] Weights updated                k3s=90 knative=10
2026-07-14 00:23:42 [info     ] Weights updated                action=RECOVERY reason='load=111RPS | k8s_cap=100RPS | (reducing-serverless)' weights={'k3s': 90, 'knative': 10}
2026-07-14 00:23:42 [info     ] Scale readiness observed       elapsed_sec=15.2 ewma_delay=30.5 samples=3 target=6
2026-07-14 00:23:42 [info     ] algorithm2_scaling_decision    action=SCALE_UP alpha=0.060060060060060066 beta=0.0 buffer=1.0 current_replicas=6 predicted_load=103.69901307042298 required_resources=6.228 target_replicas=7
2026-07-14 00:23:42 [info     ] algorithm2_decision            action=SCALE_UP applied_target=7 current_replicas=6 hold_until=0.0 observed_load=103.7 observed_target=7 point_forecasts=None prediction_age_sec=None predictive_target=7 proactive=False scenario=s3-hybrid-reactive target_replicas=7 upper_forecasts=None
2026-07-14 00:23:42 [info     ] k8s_scale_executed             deployment=test-app-warm replicas=7
2026-07-14 00:23:42 [debug    ] Decision loop completed        action=RECOVERY latency_ms=203.82 p99=156.8904761904762
2026-07-14 00:23:57 [debug    ] HAProxy fallback latency       delta_requests=1906 interval_avg_ms=120.03 max_rtime_ms=209.0 p99_est=209.0
2026-07-14 00:23:57 [info     ] controller_decision_v3         action=REACTIVE available_replicas=6 budget_remaining=999 burn_adjustment=0 burst_ratio=0.2026 capacity_deficit=False confidence=0 current_load=125.28834983253932 decision_id=16e0e74c k8s_capacity=99.9 k8s_weight=79 knative_weight=21 p99=209.0 predicted_load=0 r_effective=16.6 serverless_enabled=True total_load=125.3 weights_after={'k3s': 79, 'knative': 21} weights_before={'k3s': 90, 'knative': 10}
2026-07-14 00:23:57 [info     ] Weights updated                k3s=79 knative=21
2026-07-14 00:23:57 [info     ] Weights updated                action=REACTIVE reason='load=125RPS | k8s_cap=100RPS | (burst-routing)' weights={'k3s': 79, 'knative': 21}
2026-07-14 00:23:58 [info     ] algorithm2_scaling_decision    action=SCALE_UP alpha=0.060060060060060066 beta=0.0 buffer=1.0 current_replicas=7 predicted_load=118.03560971026849 required_resources=7.089 target_replicas=8
2026-07-14 00:23:58 [info     ] algorithm2_decision            action=SCALE_UP applied_target=8 current_replicas=7 hold_until=0.0 observed_load=118.04 observed_target=8 point_forecasts=None prediction_age_sec=None predictive_target=8 proactive=False scenario=s3-hybrid-reactive target_replicas=8 upper_forecasts=None
2026-07-14 00:23:58 [info     ] k8s_scale_executed             deployment=test-app-warm replicas=8
2026-07-14 00:23:58 [debug    ] Decision loop completed        action=REACTIVE latency_ms=179.99 p99=209.0
2026-07-14 00:24:13 [info     ] controller_decision_v3         action=RECOVERY available_replicas=6 budget_remaining=998 burn_adjustment=0 burst_ratio=0.1147 capacity_deficit=False confidence=0 current_load=112.8470049019079 decision_id=3c395185 k8s_capacity=99.9 k8s_weight=88 knative_weight=12 p99=209.0 predicted_load=0 r_effective=16.6 serverless_enabled=True total_load=112.8 weights_after={'k3s': 88, 'knative': 12} weights_before={'k3s': 79, 'knative': 21}
2026-07-14 00:24:13 [info     ] Weights updated                k3s=88 knative=12
2026-07-14 00:24:13 [info     ] Weights updated                action=RECOVERY reason='load=113RPS | k8s_cap=100RPS | (reducing-serverless)' weights={'k3s': 88, 'knative': 12}
2026-07-14 00:24:13 [info     ] algorithm2_scaling_decision    action=MAINTAIN alpha=0.060060060060060066 beta=0.0 buffer=1.0 current_replicas=8 predicted_load=119.06767736722361 required_resources=7.151 target_replicas=8
2026-07-14 00:24:13 [info     ] algorithm2_decision            action=MAINTAIN applied_target=8 current_replicas=8 hold_until=0.0 observed_load=119.07 observed_target=8 point_forecasts=None prediction_age_sec=None predictive_target=8 proactive=False scenario=s3-hybrid-reactive target_replicas=8 upper_forecasts=None
2026-07-14 00:24:13 [debug    ] Decision loop completed        action=RECOVERY latency_ms=168.33 p99=209.0
2026-07-14 00:24:28 [debug    ] HAProxy fallback latency       delta_requests=1303 interval_avg_ms=49.76 max_rtime_ms=209.0 p99_est=99.51
2026-07-14 00:24:28 [info     ] controller_decision_v3         action=RECOVERY available_replicas=6 budget_remaining=998 burn_adjustment=0 burst_ratio=0 capacity_deficit=False confidence=0 current_load=85.90056898588182 decision_id=def0a9aa k8s_capacity=99.9 k8s_weight=100 knative_weight=0 p99=99.5 predicted_load=0 r_effective=16.6 serverless_enabled=False total_load=85.9 weights_after={'k3s': 100, 'knative': 0} weights_before={'k3s': 88, 'knative': 12}
2026-07-14 00:24:28 [info     ] Weights updated                k3s=100 knative=0
2026-07-14 00:24:28 [info     ] Weights updated                action=RECOVERY reason='load=86RPS | k8s_cap=100RPS | (reducing-serverless)' weights={'k3s': 100, 'knative': 0}
2026-07-14 00:24:28 [info     ] algorithm2_scaling_decision    action=MAINTAIN alpha=0.060060060060060066 beta=0.0 buffer=1.0 current_replicas=8 predicted_load=99.37378694389486 required_resources=5.968 target_replicas=6
2026-07-14 00:24:28 [info     ] algorithm2_decision            action=MAINTAIN applied_target=6 current_replicas=8 hold_until=0.0 observed_load=99.37 observed_target=6 point_forecasts=None prediction_age_sec=None predictive_target=6 proactive=False scenario=s3-hybrid-reactive target_replicas=6 upper_forecasts=None
2026-07-14 00:24:28 [debug    ] Decision loop completed        action=RECOVERY latency_ms=170.64 p99=99.5134305448964
2026-07-14 00:24:43 [debug    ] HAProxy fallback latency       delta_requests=1131 interval_avg_ms=66.0 max_rtime_ms=209.0 p99_est=132.0
2026-07-14 00:24:43 [info     ] algorithm2_scaling_decision    action=MAINTAIN alpha=0.060060060060060066 beta=0.0 buffer=1.0 current_replicas=8 predicted_load=80.22608686490307 required_resources=4.818 target_replicas=5
2026-07-14 00:24:43 [info     ] algorithm2_decision            action=MAINTAIN applied_target=5 current_replicas=8 hold_until=0.0 observed_load=80.23 observed_target=5 point_forecasts=None prediction_age_sec=None predictive_target=5 proactive=False scenario=s3-hybrid-reactive target_replicas=5 upper_forecasts=None
2026-07-14 00:24:43 [debug    ] Decision loop completed        action=MAINTAIN latency_ms=162.85 p99=132.0
2026-07-14 00:24:58 [debug    ] HAProxy fallback latency       delta_requests=1074 interval_avg_ms=66.0 max_rtime_ms=209.0 p99_est=132.0
2026-07-14 00:24:58 [info     ] algorithm2_scaling_decision    action=MAINTAIN alpha=0.060060060060060066 beta=0.0 buffer=1.0 current_replicas=8 predicted_load=72.72443687196245 required_resources=4.368 target_replicas=5
2026-07-14 00:24:58 [info     ] algorithm2_decision            action=MAINTAIN applied_target=5 current_replicas=8 hold_until=0.0 observed_load=72.72 observed_target=5 point_forecasts=None prediction_age_sec=None predictive_target=5 proactive=False scenario=s3-hybrid-reactive target_replicas=5 upper_forecasts=None
2026-07-14 00:24:58 [debug    ] Decision loop completed        action=MAINTAIN latency_ms=119.35 p99=132.0
2026-07-14 00:25:13 [debug    ] HAProxy fallback latency       delta_requests=938 interval_avg_ms=38.7 max_rtime_ms=209.0 p99_est=77.39
2026-07-14 00:25:13 [info     ] algorithm2_scaling_decision    action=MAINTAIN alpha=0.060060060060060066 beta=0.0 buffer=1.0 current_replicas=8 predicted_load=66.50106031370923 required_resources=3.994 target_replicas=4
2026-07-14 00:25:13 [info     ] algorithm2_decision            action=MAINTAIN applied_target=4 current_replicas=8 hold_until=0.0 observed_load=66.5 observed_target=4 point_forecasts=None prediction_age_sec=None predictive_target=4 proactive=False scenario=s3-hybrid-reactive target_replicas=4 upper_forecasts=None
2026-07-14 00:25:13 [debug    ] Decision loop completed        action=MAINTAIN latency_ms=120.32 p99=77.39232409381663
2026-07-14 00:25:28 [debug    ] HAProxy fallback latency       delta_requests=794 interval_avg_ms=65.0 max_rtime_ms=209.0 p99_est=130.0
2026-07-14 00:25:28 [info     ] algorithm2_scaling_decision    action=MAINTAIN alpha=0.060060060060060066 beta=0.0 buffer=1.0 current_replicas=8 predicted_load=57.30814674655677 required_resources=3.442 target_replicas=4
2026-07-14 00:25:28 [info     ] algorithm2_decision            action=MAINTAIN applied_target=4 current_replicas=8 hold_until=0.0 observed_load=57.31 observed_target=4 point_forecasts=None prediction_age_sec=None predictive_target=4 proactive=False scenario=s3-hybrid-reactive target_replicas=4 upper_forecasts=None
2026-07-14 00:25:28 [debug    ] Decision loop completed        action=MAINTAIN latency_ms=120.74 p99=130.0
2026-07-14 00:25:43 [debug    ] HAProxy fallback latency       delta_requests=1232 interval_avg_ms=87.43 max_rtime_ms=209.0 p99_est=174.87
2026-07-14 00:25:44 [info     ] algorithm2_scaling_decision    action=MAINTAIN alpha=0.060060060060060066 beta=0.0 buffer=1.0 current_replicas=8 predicted_load=66.92882621985002 required_resources=4.02 target_replicas=5
2026-07-14 00:25:44 [info     ] algorithm2_decision            action=MAINTAIN applied_target=5 current_replicas=8 hold_until=0.0 observed_load=66.93 observed_target=5 point_forecasts=None prediction_age_sec=None predictive_target=5 proactive=False scenario=s3-hybrid-reactive target_replicas=5 upper_forecasts=None
2026-07-14 00:25:44 [debug    ] Decision loop completed        action=MAINTAIN latency_ms=124.94 p99=174.86525974025975
2026-07-14 00:25:59 [debug    ] HAProxy fallback latency       delta_requests=1893 interval_avg_ms=175.2 max_rtime_ms=209.0 p99_est=209.0
2026-07-14 00:25:59 [info     ] Scale readiness observed       elapsed_sec=121.1 ewma_delay=57.7 samples=4 target=8
2026-07-14 00:25:59 [info     ] algorithm2_scaling_decision    action=MAINTAIN alpha=0.060060060060060066 beta=0.0 buffer=1.0 current_replicas=8 predicted_load=103.18448014211108 required_resources=6.197 target_replicas=7
2026-07-14 00:25:59 [info     ] algorithm2_decision            action=MAINTAIN applied_target=7 current_replicas=8 hold_until=0.0 observed_load=103.18 observed_target=7 point_forecasts=None prediction_age_sec=None predictive_target=7 proactive=False scenario=s3-hybrid-reactive target_replicas=7 upper_forecasts=None
2026-07-14 00:25:59 [debug    ] Decision loop completed        action=MAINTAIN latency_ms=119.22 p99=209.0
2026-07-14 00:26:14 [debug    ] HAProxy fallback latency       delta_requests=1800 interval_avg_ms=3.38 max_rtime_ms=209.0 p99_est=6.76
2026-07-14 00:26:14 [info     ] algorithm2_scaling_decision    action=MAINTAIN alpha=0.060060060060060066 beta=0.0 buffer=1.0 current_replicas=8 predicted_load=122.10404371663026 required_resources=7.334 target_replicas=8
2026-07-14 00:26:14 [info     ] algorithm2_decision            action=MAINTAIN applied_target=8 current_replicas=8 hold_until=0.0 observed_load=122.1 observed_target=8 point_forecasts=None prediction_age_sec=None predictive_target=8 proactive=False scenario=s3-hybrid-reactive target_replicas=8 upper_forecasts=None
2026-07-14 00:26:14 [debug    ] Decision loop completed        action=MAINTAIN latency_ms=126.27 p99=6.7555555555555555
2026-07-14 00:26:29 [debug    ] HAProxy fallback latency       delta_requests=1408 interval_avg_ms=45.75 max_rtime_ms=209.0 p99_est=91.5
2026-07-14 00:26:29 [info     ] algorithm2_scaling_decision    action=MAINTAIN alpha=0.060060060060060066 beta=0.0 buffer=1.0 current_replicas=8 predicted_load=106.13303497946546 required_resources=6.374 target_replicas=7
2026-07-14 00:26:29 [info     ] algorithm2_decision            action=MAINTAIN applied_target=7 current_replicas=8 hold_until=0.0 observed_load=106.13 observed_target=7 point_forecasts=None prediction_age_sec=None predictive_target=7 proactive=False scenario=s3-hybrid-reactive target_replicas=7 upper_forecasts=None
2026-07-14 00:26:29 [debug    ] Decision loop completed        action=MAINTAIN latency_ms=119.34 p99=91.4971590909091
2026-07-14 00:26:44 [debug    ] HAProxy fallback latency       delta_requests=1224 interval_avg_ms=12.51 max_rtime_ms=209.0 p99_est=25.01
2026-07-14 00:26:44 [info     ] algorithm2_scaling_decision    action=MAINTAIN alpha=0.060060060060060066 beta=0.0 buffer=1.0 current_replicas=8 predicted_load=87.0509831096123 required_resources=5.228 target_replicas=6
2026-07-14 00:26:44 [info     ] algorithm2_decision            action=MAINTAIN applied_target=6 current_replicas=8 hold_until=0.0 observed_load=87.05 observed_target=6 point_forecasts=None prediction_age_sec=None predictive_target=6 proactive=False scenario=s3-hybrid-reactive target_replicas=6 upper_forecasts=None
2026-07-14 00:26:44 [debug    ] Decision loop completed        action=MAINTAIN latency_ms=116.89 p99=25.013071895424837
2026-07-14 00:26:59 [debug    ] HAProxy fallback latency       delta_requests=1150 interval_avg_ms=35.47 max_rtime_ms=209.0 p99_est=70.94
2026-07-14 00:26:59 [info     ] algorithm2_scaling_decision    action=MAINTAIN alpha=0.060060060060060066 beta=0.0 buffer=1.0 current_replicas=8 predicted_load=78.54709624505372 required_resources=4.718 target_replicas=5
2026-07-14 00:26:59 [info     ] algorithm2_decision            action=MAINTAIN applied_target=5 current_replicas=8 hold_until=0.0 observed_load=78.55 observed_target=5 point_forecasts=None prediction_age_sec=None predictive_target=5 proactive=False scenario=s3-hybrid-reactive target_replicas=5 upper_forecasts=None
2026-07-14 00:26:59 [debug    ] Decision loop completed        action=MAINTAIN latency_ms=131.39 p99=70.93565217391304
2026-07-14 00:27:14 [debug    ] HAProxy fallback latency       delta_requests=1515 interval_avg_ms=113.35 max_rtime_ms=209.0 p99_est=209.0
2026-07-14 00:27:14 [info     ] algorithm2_scaling_decision    action=MAINTAIN alpha=0.060060060060060066 beta=0.0 buffer=1.0 current_replicas=8 predicted_load=87.99590101303512 required_resources=5.285 target_replicas=6
2026-07-14 00:27:14 [info     ] algorithm2_decision            action=MAINTAIN applied_target=6 current_replicas=8 hold_until=0.0 observed_load=88.0 observed_target=6 point_forecasts=None prediction_age_sec=None predictive_target=6 proactive=False scenario=s3-hybrid-reactive target_replicas=6 upper_forecasts=None
2026-07-14 00:27:14 [debug    ] Decision loop completed        action=MAINTAIN latency_ms=136.29 p99=209.0
2026-07-14 00:27:29 [debug    ] HAProxy fallback latency       delta_requests=2025 interval_avg_ms=773.23 max_rtime_ms=526.0 p99_est=526.0
2026-07-14 00:27:29 [info     ] Knative pre-warm OK            cold_start_ms=10.9
2026-07-14 00:27:29 [info     ] controller_decision_v3         action=REACTIVE available_replicas=8 budget_remaining=995 burn_adjustment=0 burst_ratio=0.0045 capacity_deficit=False confidence=0 current_load=133.7973845864694 decision_id=ade6b9ab k8s_capacity=133.2 k8s_weight=99 knative_weight=1 p99=526.0 predicted_load=0 r_effective=16.6 serverless_enabled=True total_load=133.8 weights_after={'k3s': 99, 'knative': 1} weights_before={'k3s': 100, 'knative': 0}
2026-07-14 00:27:29 [info     ] Weights updated                k3s=99 knative=1
2026-07-14 00:27:29 [info     ] Weights updated                action=REACTIVE reason='load=134RPS | k8s_cap=133RPS | (burst-routing)' weights={'k3s': 99, 'knative': 1}
2026-07-14 00:27:29 [info     ] algorithm2_scaling_decision    action=MAINTAIN alpha=0.060060060060060066 beta=0.0 buffer=1.0 current_replicas=8 predicted_load=116.8581140528843 required_resources=7.019 target_replicas=8
2026-07-14 00:27:29 [info     ] algorithm2_decision            action=MAINTAIN applied_target=8 current_replicas=8 hold_until=0.0 observed_load=116.86 observed_target=8 point_forecasts=None prediction_age_sec=None predictive_target=8 proactive=False scenario=s3-hybrid-reactive target_replicas=8 upper_forecasts=None
2026-07-14 00:27:29 [debug    ] Decision loop completed        action=REACTIVE latency_ms=146.79 p99=526.0
2026-07-14 00:27:45 [debug    ] HAProxy fallback latency       delta_requests=2285 interval_avg_ms=1376.0 max_rtime_ms=1048.0 p99_est=1048.0
2026-07-14 00:27:45 [info     ] controller_decision_v3         action=REACTIVE available_replicas=8 budget_remaining=994 burn_adjustment=0 burst_ratio=0.1166 capacity_deficit=False confidence=0 current_load=150.78589164065173 decision_id=2f7033cb k8s_capacity=133.2 k8s_weight=88 knative_weight=12 p99=1048.0 predicted_load=0 r_effective=16.6 serverless_enabled=True total_load=150.8 weights_after={'k3s': 88, 'knative': 12} weights_before={'k3s': 99, 'knative': 1}
2026-07-14 00:27:45 [info     ] Weights updated                k3s=88 knative=12
2026-07-14 00:27:45 [info     ] Weights updated                action=REACTIVE reason='load=151RPS | k8s_cap=133RPS | (burst-routing)' weights={'k3s': 88, 'knative': 12}
2026-07-14 00:27:45 [info     ] algorithm2_scaling_decision    action=SCALE_UP alpha=0.060060060060060066 beta=0.0 buffer=1.0 current_replicas=8 predicted_load=142.29163811356057 required_resources=8.546 target_replicas=9
2026-07-14 00:27:45 [info     ] algorithm2_decision            action=SCALE_UP applied_target=9 current_replicas=8 hold_until=0.0 observed_load=142.29 observed_target=9 point_forecasts=None prediction_age_sec=None predictive_target=9 proactive=False scenario=s3-hybrid-reactive target_replicas=9 upper_forecasts=None
2026-07-14 00:27:45 [info     ] k8s_scale_executed             deployment=test-app-warm replicas=9
2026-07-14 00:27:45 [debug    ] Decision loop completed        action=REACTIVE latency_ms=168.94 p99=1048.0
2026-07-14 00:28:00 [info     ] controller_decision_v3         action=RECOVERY available_replicas=9 budget_remaining=993 burn_adjustment=0 burst_ratio=0.0646 capacity_deficit=False confidence=0 current_load=160.19281180529708 decision_id=9525ed7d k8s_capacity=149.8 k8s_weight=93 knative_weight=7 p99=1048.0 predicted_load=0 r_effective=16.6 serverless_enabled=True total_load=160.2 weights_after={'k3s': 93, 'knative': 7} weights_before={'k3s': 88, 'knative': 12}
2026-07-14 00:28:00 [info     ] Weights updated                k3s=93 knative=7
2026-07-14 00:28:00 [info     ] Weights updated                action=RECOVERY reason='load=160RPS | k8s_cap=150RPS | (reducing-serverless)' weights={'k3s': 93, 'knative': 7}
2026-07-14 00:28:00 [info     ] Scale readiness observed       elapsed_sec=15.2 ewma_delay=45.0 samples=5 target=9
2026-07-14 00:28:00 [info     ] algorithm2_scaling_decision    action=SCALE_UP alpha=0.060060060060060066 beta=0.0 buffer=1.0 current_replicas=9 predicted_load=155.4893517229744 required_resources=9.339 target_replicas=10
2026-07-14 00:28:00 [info     ] algorithm2_decision            action=SCALE_UP applied_target=10 current_replicas=9 hold_until=0.0 observed_load=155.49 observed_target=10 point_forecasts=None prediction_age_sec=None predictive_target=10 proactive=False scenario=s3-hybrid-reactive target_replicas=10 upper_forecasts=None
2026-07-14 00:28:00 [info     ] k8s_scale_executed             deployment=test-app-warm replicas=10
2026-07-14 00:28:00 [debug    ] Decision loop completed        action=RECOVERY latency_ms=228.74 p99=1048.0
2026-07-14 00:28:15 [debug    ] HAProxy fallback latency       delta_requests=2195 interval_avg_ms=20.73 max_rtime_ms=1048.0 p99_est=41.46
2026-07-14 00:28:15 [info     ] controller_decision_v3         action=RECOVERY available_replicas=9 budget_remaining=993 burn_adjustment=0 burst_ratio=0 capacity_deficit=False confidence=0 current_load=144.20179596505136 decision_id=bb026abe k8s_capacity=149.8 k8s_weight=100 knative_weight=0 p99=41.5 predicted_load=0 r_effective=16.6 serverless_enabled=False total_load=144.2 weights_after={'k3s': 100, 'knative': 0} weights_before={'k3s': 93, 'knative': 7}
2026-07-14 00:28:15 [info     ] Weights updated                k3s=100 knative=0
2026-07-14 00:28:15 [info     ] Weights updated                action=RECOVERY reason='load=144RPS | k8s_cap=150RPS | (reducing-serverless)' weights={'k3s': 100, 'knative': 0}
2026-07-14 00:28:15 [info     ] algorithm2_scaling_decision    action=MAINTAIN alpha=0.060060060060060066 beta=0.0 buffer=1.0 current_replicas=10 predicted_load=152.19730388517422 required_resources=9.141 target_replicas=10
2026-07-14 00:28:15 [info     ] algorithm2_decision            action=MAINTAIN applied_target=10 current_replicas=10 hold_until=0.0 observed_load=152.2 observed_target=10 point_forecasts=None prediction_age_sec=None predictive_target=10 proactive=False scenario=s3-hybrid-reactive target_replicas=10 upper_forecasts=None
2026-07-14 00:28:15 [debug    ] Decision loop completed        action=RECOVERY latency_ms=161.9 p99=41.45694760820046
2026-07-14 00:28:30 [info     ] algorithm2_scaling_decision    action=MAINTAIN alpha=0.060060060060060066 beta=0.0 buffer=1.0 current_replicas=10 predicted_load=132.84209635539065 required_resources=7.979 target_replicas=8
2026-07-14 00:28:30 [info     ] algorithm2_decision            action=MAINTAIN applied_target=8 current_replicas=10 hold_until=0.0 observed_load=132.84 observed_target=8 point_forecasts=None prediction_age_sec=None predictive_target=8 proactive=False scenario=s3-hybrid-reactive target_replicas=8 upper_forecasts=None
2026-07-14 00:28:30 [debug    ] Decision loop completed        action=MAINTAIN latency_ms=130.74 p99=41.45694760820046
2026-07-14 00:28:45 [debug    ] HAProxy fallback latency       delta_requests=1787 interval_avg_ms=44.47 max_rtime_ms=1048.0 p99_est=88.95
2026-07-14 00:28:45 [info     ] algorithm2_scaling_decision    action=MAINTAIN alpha=0.060060060060060066 beta=0.0 buffer=1.0 current_replicas=10 predicted_load=119.792624950977 required_resources=7.195 target_replicas=8
2026-07-14 00:28:45 [info     ] algorithm2_decision            action=MAINTAIN applied_target=8 current_replicas=10 hold_until=0.0 observed_load=119.79 observed_target=8 point_forecasts=None prediction_age_sec=None predictive_target=8 proactive=False scenario=s3-hybrid-reactive target_replicas=8 upper_forecasts=None
2026-07-14 00:28:45 [debug    ] Decision loop completed        action=MAINTAIN latency_ms=121.78 p99=88.94683827644096
2026-07-14 00:29:00 [debug    ] HAProxy fallback latency       delta_requests=1821 interval_avg_ms=71.0 max_rtime_ms=1048.0 p99_est=142.0
2026-07-14 00:29:00 [info     ] algorithm2_scaling_decision    action=MAINTAIN alpha=0.060060060060060066 beta=0.0 buffer=1.0 current_replicas=10 predicted_load=119.26075943087397 required_resources=7.163 target_replicas=8
2026-07-14 00:29:00 [info     ] algorithm2_decision            action=MAINTAIN applied_target=8 current_replicas=10 hold_until=0.0 observed_load=119.26 observed_target=8 point_forecasts=None prediction_age_sec=None predictive_target=8 proactive=False scenario=s3-hybrid-reactive target_replicas=8 upper_forecasts=None
2026-07-14 00:29:00 [debug    ] Decision loop completed        action=MAINTAIN latency_ms=123.85 p99=142.0
2026-07-14 00:29:15 [debug    ] HAProxy fallback latency       delta_requests=1817 interval_avg_ms=41.93 max_rtime_ms=1048.0 p99_est=83.85
2026-07-14 00:29:16 [info     ] algorithm2_scaling_decision    action=MAINTAIN alpha=0.060060060060060066 beta=0.0 buffer=1.0 current_replicas=10 predicted_load=120.28303271348742 required_resources=7.224 target_replicas=8
2026-07-14 00:29:16 [info     ] algorithm2_decision            action=MAINTAIN applied_target=8 current_replicas=10 hold_until=0.0 observed_load=120.28 observed_target=8 point_forecasts=None prediction_age_sec=None predictive_target=8 proactive=False scenario=s3-hybrid-reactive target_replicas=8 upper_forecasts=None
2026-07-14 00:29:16 [debug    ] Decision loop completed        action=MAINTAIN latency_ms=122.29 p99=83.85140341221795
2026-07-14 00:29:31 [debug    ] HAProxy fallback latency       delta_requests=1781 interval_avg_ms=39.34 max_rtime_ms=1048.0 p99_est=78.68
2026-07-14 00:29:31 [info     ] algorithm2_scaling_decision    action=MAINTAIN alpha=0.060060060060060066 beta=0.0 buffer=1.0 current_replicas=10 predicted_load=118.95850082416511 required_resources=7.145 target_replicas=8
2026-07-14 00:29:31 [info     ] algorithm2_decision            action=MAINTAIN applied_target=8 current_replicas=10 hold_until=0.0 observed_load=118.96 observed_target=8 point_forecasts=None prediction_age_sec=None predictive_target=8 proactive=False scenario=s3-hybrid-reactive target_replicas=8 upper_forecasts=None
2026-07-14 00:29:31 [debug    ] Decision loop completed        action=MAINTAIN latency_ms=123.11 p99=78.67602470522179
2026-07-14 00:29:46 [info     ] algorithm2_scaling_decision    action=MAINTAIN alpha=0.060060060060060066 beta=0.0 buffer=1.0 current_replicas=10 predicted_load=109.6010026118153 required_resources=6.583 target_replicas=7
2026-07-14 00:29:46 [info     ] algorithm2_decision            action=MAINTAIN applied_target=7 current_replicas=10 hold_until=0.0 observed_load=109.6 observed_target=7 point_forecasts=None prediction_age_sec=None predictive_target=7 proactive=False scenario=s3-hybrid-reactive target_replicas=7 upper_forecasts=None
2026-07-14 00:29:46 [debug    ] Decision loop completed        action=MAINTAIN latency_ms=113.04 p99=78.67602470522179
2026-07-14 00:30:01 [debug    ] HAProxy fallback latency       delta_requests=1244 interval_avg_ms=20.87 max_rtime_ms=1048.0 p99_est=41.74
2026-07-14 00:30:01 [info     ] algorithm2_scaling_decision    action=MAINTAIN alpha=0.060060060060060066 beta=0.0 buffer=1.0 current_replicas=10 predicted_load=91.8728142139806 required_resources=5.518 target_replicas=6
2026-07-14 00:30:01 [info     ] algorithm2_decision            action=MAINTAIN applied_target=6 current_replicas=10 hold_until=0.0 observed_load=91.87 observed_target=6 point_forecasts=None prediction_age_sec=None predictive_target=6 proactive=False scenario=s3-hybrid-reactive target_replicas=6 upper_forecasts=None
2026-07-14 00:30:01 [debug    ] Decision loop completed        action=MAINTAIN latency_ms=115.78 p99=41.741157556270096
2026-07-14 00:30:16 [debug    ] HAProxy fallback latency       delta_requests=1113 interval_avg_ms=13.44 max_rtime_ms=1048.0 p99_est=26.88
2026-07-14 00:30:16 [info     ] Scale readiness observed       elapsed_sec=136.1 ewma_delay=72.3 samples=6 target=10
2026-07-14 00:30:16 [info     ] algorithm2_scaling_decision    action=MAINTAIN alpha=0.060060060060060066 beta=0.0 buffer=1.0 current_replicas=10 predicted_load=77.97005145308978 required_resources=4.683 target_replicas=5
2026-07-14 00:30:16 [info     ] algorithm2_decision            action=MAINTAIN applied_target=5 current_replicas=10 hold_until=0.0 observed_load=77.97 observed_target=5 point_forecasts=None prediction_age_sec=None predictive_target=5 proactive=False scenario=s3-hybrid-reactive target_replicas=5 upper_forecasts=None
2026-07-14 00:30:16 [debug    ] Decision loop completed        action=MAINTAIN latency_ms=114.18 p99=26.88230008984726
2026-07-14 00:30:31 [debug    ] HAProxy fallback latency       delta_requests=1044 interval_avg_ms=65.0 max_rtime_ms=1048.0 p99_est=130.0
2026-07-14 00:30:31 [info     ] algorithm2_scaling_decision    action=MAINTAIN alpha=0.060060060060060066 beta=0.0 buffer=1.0 current_replicas=10 predicted_load=71.35249712640432 required_resources=4.285 target_replicas=5
2026-07-14 00:30:31 [info     ] algorithm2_decision            action=MAINTAIN applied_target=5 current_replicas=10 hold_until=0.0 observed_load=71.35 observed_target=5 point_forecasts=None prediction_age_sec=None predictive_target=5 proactive=False scenario=s3-hybrid-reactive target_replicas=5 upper_forecasts=None
2026-07-14 00:30:31 [debug    ] Decision loop completed        action=MAINTAIN latency_ms=113.08 p99=130.0
2026-07-14 00:30:46 [debug    ] HAProxy fallback latency       delta_requests=1185 interval_avg_ms=65.0 max_rtime_ms=1048.0 p99_est=130.0
2026-07-14 00:30:46 [info     ] algorithm2_scaling_decision    action=MAINTAIN alpha=0.060060060060060066 beta=0.0 buffer=1.0 current_replicas=10 predicted_load=73.74075995826686 required_resources=4.429 target_replicas=5
2026-07-14 00:30:46 [info     ] algorithm2_decision            action=MAINTAIN applied_target=5 current_replicas=10 hold_until=0.0 observed_load=73.74 observed_target=5 point_forecasts=None prediction_age_sec=None predictive_target=5 proactive=False scenario=s3-hybrid-reactive target_replicas=5 upper_forecasts=None
2026-07-14 00:30:46 [debug    ] Decision loop completed        action=MAINTAIN latency_ms=132.27 p99=130.0
2026-07-14 00:31:01 [debug    ] HAProxy fallback latency       delta_requests=1330 interval_avg_ms=65.0 max_rtime_ms=1048.0 p99_est=130.0
2026-07-14 00:31:01 [info     ] algorithm2_scaling_decision    action=MAINTAIN alpha=0.060060060060060066 beta=0.0 buffer=1.0 current_replicas=10 predicted_load=83.14933606924976 required_resources=4.994 target_replicas=5
2026-07-14 00:31:01 [info     ] algorithm2_decision            action=MAINTAIN applied_target=5 current_replicas=10 hold_until=0.0 observed_load=83.15 observed_target=5 point_forecasts=None prediction_age_sec=None predictive_target=5 proactive=False scenario=s3-hybrid-reactive target_replicas=5 upper_forecasts=None
2026-07-14 00:31:01 [debug    ] Decision loop completed        action=MAINTAIN latency_ms=111.25 p99=130.0
2026-07-14 00:31:16 [debug    ] HAProxy fallback latency       delta_requests=1074 interval_avg_ms=6.22 max_rtime_ms=1048.0 p99_est=12.44
2026-07-14 00:31:16 [info     ] algorithm2_scaling_decision    action=MAINTAIN alpha=0.060060060060060066 beta=0.0 buffer=1.0 current_replicas=10 predicted_load=79.51727054044406 required_resources=4.776 target_replicas=5
2026-07-14 00:31:16 [info     ] algorithm2_decision            action=MAINTAIN applied_target=5 current_replicas=10 hold_until=0.0 observed_load=79.52 observed_target=5 point_forecasts=None prediction_age_sec=None predictive_target=5 proactive=False scenario=s3-hybrid-reactive target_replicas=5 upper_forecasts=None
2026-07-14 00:31:16 [debug    ] Decision loop completed        action=MAINTAIN latency_ms=111.09 p99=12.437616387337057
2026-07-14 00:31:31 [debug    ] HAProxy fallback latency       delta_requests=764 interval_avg_ms=64.0 max_rtime_ms=1048.0 p99_est=128.0
2026-07-14 00:31:32 [info     ] algorithm2_scaling_decision    action=SCALE_DOWN alpha=0.060060060060060066 beta=0.0 buffer=1.0 current_replicas=10 predicted_load=60.848127750907494 required_resources=3.655 target_replicas=4
2026-07-14 00:31:32 [info     ] algorithm2_decision            action=SCALE_DOWN applied_target=4 current_replicas=10 hold_until=0.0 observed_load=60.85 observed_target=4 point_forecasts=None prediction_age_sec=None predictive_target=4 proactive=False scenario=s3-hybrid-reactive target_replicas=4 upper_forecasts=None
2026-07-14 00:31:32 [info     ] k8s_scale_executed             deployment=test-app-warm replicas=4
2026-07-14 00:31:32 [debug    ] Decision loop completed        action=MAINTAIN latency_ms=147.71 p99=128.0
2026-07-14 00:31:47 [debug    ] HAProxy fallback latency       delta_requests=706 interval_avg_ms=64.0 max_rtime_ms=1048.0 p99_est=128.0
2026-07-14 00:31:47 [info     ] algorithm2_scaling_decision    action=MAINTAIN alpha=0.060060060060060066 beta=0.0 buffer=1.0 current_replicas=4 predicted_load=48.58257357382404 required_resources=2.918 target_replicas=3
2026-07-14 00:31:47 [info     ] algorithm2_decision            action=MAINTAIN applied_target=3 current_replicas=4 hold_until=0.0 observed_load=48.58 observed_target=3 point_forecasts=None prediction_age_sec=None predictive_target=3 proactive=False scenario=s3-hybrid-reactive target_replicas=3 upper_forecasts=None
2026-07-14 00:31:47 [debug    ] Decision loop completed        action=MAINTAIN latency_ms=123.36 p99=128.0
2026-07-14 00:32:02 [debug    ] HAProxy fallback latency       delta_requests=692 interval_avg_ms=158.35 max_rtime_ms=1048.0 p99_est=316.71
2026-07-14 00:32:02 [info     ] algorithm2_scaling_decision    action=MAINTAIN alpha=0.060060060060060066 beta=0.0 buffer=1.0 current_replicas=4 predicted_load=46.181253180756315 required_resources=2.774 target_replicas=3
2026-07-14 00:32:02 [info     ] algorithm2_decision            action=MAINTAIN applied_target=3 current_replicas=4 hold_until=0.0 observed_load=46.18 observed_target=3 point_forecasts=None prediction_age_sec=None predictive_target=3 proactive=False scenario=s3-hybrid-reactive target_replicas=3 upper_forecasts=None
2026-07-14 00:32:02 [debug    ] Decision loop completed        action=MAINTAIN latency_ms=117.76 p99=316.7080924855491
2026-07-14 00:32:17 [info     ] algorithm2_scaling_decision    action=MAINTAIN alpha=0.060060060060060066 beta=0.0 buffer=1.0 current_replicas=4 predicted_load=44.44054084248222 required_resources=2.669 target_replicas=3
2026-07-14 00:32:17 [info     ] algorithm2_decision            action=MAINTAIN applied_target=3 current_replicas=4 hold_until=0.0 observed_load=44.44 observed_target=3 point_forecasts=None prediction_age_sec=None predictive_target=3 proactive=False scenario=s3-hybrid-reactive target_replicas=3 upper_forecasts=None
2026-07-14 00:32:17 [debug    ] Decision loop completed        action=MAINTAIN latency_ms=120.77 p99=316.7080924855491
2026-07-14 00:32:32 [debug    ] HAProxy fallback latency       delta_requests=639 interval_avg_ms=64.0 max_rtime_ms=1048.0 p99_est=128.0
2026-07-14 00:32:32 [info     ] algorithm2_scaling_decision    action=MAINTAIN alpha=0.060060060060060066 beta=0.0 buffer=1.0 current_replicas=4 predicted_load=42.69363184443098 required_resources=2.564 target_replicas=3
2026-07-14 00:32:32 [info     ] algorithm2_decision            action=MAINTAIN applied_target=3 current_replicas=4 hold_until=0.0 observed_load=42.69 observed_target=3 point_forecasts=None prediction_age_sec=None predictive_target=3 proactive=False scenario=s3-hybrid-reactive target_replicas=3 upper_forecasts=None
2026-07-14 00:32:32 [debug    ] Decision loop completed        action=MAINTAIN latency_ms=122.44 p99=128.0
2026-07-14 00:32:47 [debug    ] HAProxy fallback latency       delta_requests=849 interval_avg_ms=143.43 max_rtime_ms=1048.0 p99_est=286.85
2026-07-14 00:32:47 [info     ] algorithm2_scaling_decision    action=MAINTAIN alpha=0.060060060060060066 beta=0.0 buffer=1.0 current_replicas=4 predicted_load=49.16926250480637 required_resources=2.953 target_replicas=3
2026-07-14 00:32:47 [info     ] algorithm2_decision            action=MAINTAIN applied_target=3 current_replicas=4 hold_until=0.0 observed_load=49.17 observed_target=3 point_forecasts=None prediction_age_sec=None predictive_target=3 proactive=False scenario=s3-hybrid-reactive target_replicas=3 upper_forecasts=None
2026-07-14 00:32:47 [debug    ] Decision loop completed        action=MAINTAIN latency_ms=117.78 p99=286.8527679623086
2026-07-14 00:33:02 [debug    ] HAProxy fallback latency       delta_requests=1067 interval_avg_ms=129.2 max_rtime_ms=1048.0 p99_est=258.4
2026-07-14 00:33:02 [info     ] Knative pre-warm OK            cold_start_ms=2.7
2026-07-14 00:33:02 [info     ] controller_decision_v3         action=REACTIVE available_replicas=4 budget_remaining=989 burn_adjustment=0 burst_ratio=0.0563 capacity_deficit=False confidence=0 current_load=70.57648473238599 decision_id=164ff8be k8s_capacity=66.6 k8s_weight=94 knative_weight=6 p99=258.4 predicted_load=0 r_effective=16.6 serverless_enabled=True total_load=70.6 weights_after={'k3s': 94, 'knative': 6} weights_before={'k3s': 100, 'knative': 0}
2026-07-14 00:33:02 [info     ] Weights updated                k3s=94 knative=6
2026-07-14 00:33:02 [info     ] Weights updated                action=REACTIVE reason='load=71RPS | k8s_cap=67RPS | (burst-routing)' weights={'k3s': 94, 'knative': 6}
2026-07-14 00:33:02 [info     ] algorithm2_scaling_decision    action=MAINTAIN alpha=0.060060060060060066 beta=0.0 buffer=1.0 current_replicas=4 predicted_load=63.32724270175255 required_resources=3.803 target_replicas=4
2026-07-14 00:33:02 [info     ] algorithm2_decision            action=MAINTAIN applied_target=4 current_replicas=4 hold_until=0.0 observed_load=63.33 observed_target=4 point_forecasts=None prediction_age_sec=None predictive_target=4 proactive=False scenario=s3-hybrid-reactive target_replicas=4 upper_forecasts=None
2026-07-14 00:33:02 [debug    ] Decision loop completed        action=REACTIVE latency_ms=119.95 p99=258.39737582005625
2026-07-14 00:33:17 [debug    ] HAProxy fallback latency       delta_requests=1073 interval_avg_ms=66.0 max_rtime_ms=1048.0 p99_est=132.0
2026-07-14 00:33:17 [info     ] controller_decision_v3         action=REACTIVE available_replicas=4 budget_remaining=989 burn_adjustment=0 burst_ratio=0.0624 capacity_deficit=False confidence=0 current_load=71.03210162977102 decision_id=35b6b07e k8s_capacity=66.6 k8s_weight=93 knative_weight=7 p99=132.0 predicted_load=0 r_effective=16.6 serverless_enabled=True total_load=71.0 weights_after={'k3s': 93, 'knative': 7} weights_before={'k3s': 94, 'knative': 6}
2026-07-14 00:33:17 [info     ] Weights updated                k3s=93 knative=7
2026-07-14 00:33:17 [info     ] Weights updated                action=REACTIVE reason='load=71RPS | k8s_cap=67RPS | (burst-routing)' weights={'k3s': 93, 'knative': 7}
2026-07-14 00:33:17 [info     ] algorithm2_scaling_decision    action=SCALE_UP alpha=0.060060060060060066 beta=0.0 buffer=1.0 current_replicas=4 predicted_load=70.8042931810785 required_resources=4.253 target_replicas=5
2026-07-14 00:33:17 [info     ] algorithm2_decision            action=SCALE_UP applied_target=5 current_replicas=4 hold_until=0.0 observed_load=70.8 observed_target=5 point_forecasts=None prediction_age_sec=None predictive_target=5 proactive=False scenario=s3-hybrid-reactive target_replicas=5 upper_forecasts=None
2026-07-14 00:33:17 [info     ] k8s_scale_executed             deployment=test-app-warm replicas=5
2026-07-14 00:33:17 [debug    ] Decision loop completed        action=REACTIVE latency_ms=150.0 p99=132.0
2026-07-14 00:33:33 [debug    ] HAProxy fallback latency       delta_requests=1054 interval_avg_ms=66.0 max_rtime_ms=1048.0 p99_est=132.0
2026-07-14 00:33:33 [info     ] controller_decision_v3         action=RECOVERY available_replicas=5 budget_remaining=989 burn_adjustment=0 burst_ratio=0 capacity_deficit=False confidence=0 current_load=69.50474989026876 decision_id=3d49e7b1 k8s_capacity=83.2 k8s_weight=100 knative_weight=0 p99=132.0 predicted_load=0 r_effective=16.6 serverless_enabled=False total_load=69.5 weights_after={'k3s': 100, 'knative': 0} weights_before={'k3s': 93, 'knative': 7}
2026-07-14 00:33:33 [info     ] Weights updated                k3s=100 knative=0
2026-07-14 00:33:33 [info     ] Weights updated                action=RECOVERY reason='load=70RPS | k8s_cap=83RPS | (reducing-serverless)' weights={'k3s': 100, 'knative': 0}
2026-07-14 00:33:33 [info     ] Scale readiness observed       elapsed_sec=15.1 ewma_delay=55.2 samples=7 target=5
2026-07-14 00:33:33 [info     ] algorithm2_scaling_decision    action=MAINTAIN alpha=0.060060060060060066 beta=0.0 buffer=1.0 current_replicas=5 predicted_load=70.26842576001988 required_resources=4.22 target_replicas=5
2026-07-14 00:33:33 [info     ] algorithm2_decision            action=MAINTAIN applied_target=5 current_replicas=5 hold_until=0.0 observed_load=70.27 observed_target=5 point_forecasts=None prediction_age_sec=None predictive_target=5 proactive=False scenario=s3-hybrid-reactive target_replicas=5 upper_forecasts=None
2026-07-14 00:33:33 [debug    ] Decision loop completed        action=RECOVERY latency_ms=149.85 p99=132.0
2026-07-14 00:33:48 [debug    ] HAProxy fallback latency       delta_requests=1075 interval_avg_ms=66.0 max_rtime_ms=1048.0 p99_est=132.0
2026-07-14 00:33:48 [info     ] algorithm2_scaling_decision    action=MAINTAIN alpha=0.060060060060060066 beta=0.0 buffer=1.0 current_replicas=5 predicted_load=70.2642595147106 required_resources=4.22 target_replicas=5
2026-07-14 00:33:48 [info     ] algorithm2_decision            action=MAINTAIN applied_target=5 current_replicas=5 hold_until=0.0 observed_load=70.26 observed_target=5 point_forecasts=None prediction_age_sec=None predictive_target=5 proactive=False scenario=s3-hybrid-reactive target_replicas=5 upper_forecasts=None
2026-07-14 00:33:48 [debug    ] Decision loop completed        action=MAINTAIN latency_ms=111.29 p99=132.0
2026-07-14 00:34:03 [debug    ] HAProxy fallback latency       delta_requests=1142 interval_avg_ms=66.0 max_rtime_ms=1048.0 p99_est=132.0
2026-07-14 00:34:03 [info     ] algorithm2_scaling_decision    action=MAINTAIN alpha=0.060060060060060066 beta=0.0 buffer=1.0 current_replicas=5 predicted_load=73.23085514025263 required_resources=4.398 target_replicas=5
2026-07-14 00:34:03 [info     ] algorithm2_decision            action=MAINTAIN applied_target=5 current_replicas=5 hold_until=0.0 observed_load=73.23 observed_target=5 point_forecasts=None prediction_age_sec=None predictive_target=5 proactive=False scenario=s3-hybrid-reactive target_replicas=5 upper_forecasts=None
2026-07-14 00:34:03 [debug    ] Decision loop completed        action=MAINTAIN latency_ms=112.61 p99=132.0
2026-07-14 00:34:18 [debug    ] HAProxy fallback latency       delta_requests=1414 interval_avg_ms=171.03 max_rtime_ms=1048.0 p99_est=342.07
2026-07-14 00:34:18 [info     ] Knative pre-warm OK            cold_start_ms=2.9
2026-07-14 00:34:18 [info     ] controller_decision_v3         action=REACTIVE available_replicas=5 budget_remaining=988 burn_adjustment=0 burst_ratio=0.1102 capacity_deficit=False confidence=0 current_load=93.5575721907027 decision_id=1ed12841 k8s_capacity=83.2 k8s_weight=88 knative_weight=12 p99=342.1 predicted_load=0 r_effective=16.6 serverless_enabled=True total_load=93.6 weights_after={'k3s': 88, 'knative': 12} weights_before={'k3s': 100, 'knative': 0}
2026-07-14 00:34:18 [info     ] Weights updated                k3s=88 knative=12
2026-07-14 00:34:18 [info     ] Weights updated                action=REACTIVE reason='load=94RPS | k8s_cap=83RPS | (burst-routing)' weights={'k3s': 88, 'knative': 12}
2026-07-14 00:34:18 [info     ] algorithm2_scaling_decision    action=SCALE_UP alpha=0.060060060060060066 beta=0.0 buffer=1.0 current_replicas=5 predicted_load=84.49775666602775 required_resources=5.075 target_replicas=6
2026-07-14 00:34:18 [info     ] algorithm2_decision            action=SCALE_UP applied_target=6 current_replicas=5 hold_until=0.0 observed_load=84.5 observed_target=6 point_forecasts=None prediction_age_sec=None predictive_target=6 proactive=False scenario=s3-hybrid-reactive target_replicas=6 upper_forecasts=None
2026-07-14 00:34:18 [info     ] k8s_scale_executed             deployment=test-app-warm replicas=6
2026-07-14 00:34:18 [debug    ] Decision loop completed        action=REACTIVE latency_ms=155.34 p99=342.06506364922205
2026-07-14 00:34:33 [debug    ] HAProxy fallback latency       delta_requests=1642 interval_avg_ms=160.45 max_rtime_ms=1048.0 p99_est=320.9
2026-07-14 00:34:33 [info     ] controller_decision_v3         action=RECOVERY available_replicas=6 budget_remaining=987 burn_adjustment=0 burst_ratio=0.0775 capacity_deficit=False confidence=0 current_load=108.28715175921532 decision_id=465bfa87 k8s_capacity=99.9 k8s_weight=92 knative_weight=8 p99=320.9 predicted_load=0 r_effective=16.6 serverless_enabled=True total_load=108.3 weights_after={'k3s': 92, 'knative': 8} weights_before={'k3s': 88, 'knative': 12}
2026-07-14 00:34:33 [info     ] Weights updated                k3s=92 knative=8
2026-07-14 00:34:33 [info     ] Weights updated                action=RECOVERY reason='load=108RPS | k8s_cap=100RPS | (reducing-serverless)' weights={'k3s': 92, 'knative': 8}
2026-07-14 00:34:33 [info     ] Scale readiness observed       elapsed_sec=15.2 ewma_delay=43.2 samples=8 target=6
2026-07-14 00:34:33 [info     ] algorithm2_scaling_decision    action=SCALE_UP alpha=0.060060060060060066 beta=0.0 buffer=1.0 current_replicas=6 predicted_load=100.92236197495902 required_resources=6.061 target_replicas=7
2026-07-14 00:34:33 [info     ] algorithm2_decision            action=SCALE_UP applied_target=7 current_replicas=6 hold_until=0.0 observed_load=100.92 observed_target=7 point_forecasts=None prediction_age_sec=None predictive_target=7 proactive=False scenario=s3-hybrid-reactive target_replicas=7 upper_forecasts=None
2026-07-14 00:34:33 [info     ] k8s_scale_executed             deployment=test-app-warm replicas=7
2026-07-14 00:34:33 [debug    ] Decision loop completed        action=RECOVERY latency_ms=189.37 p99=320.8964677222899
2026-07-14 00:34:48 [debug    ] HAProxy fallback latency       delta_requests=1437 interval_avg_ms=16.18 max_rtime_ms=1048.0 p99_est=32.36
2026-07-14 00:34:48 [info     ] controller_decision_v3         action=RECOVERY available_replicas=7 budget_remaining=987 burn_adjustment=0 burst_ratio=0 capacity_deficit=False confidence=0 current_load=94.66747424425958 decision_id=2a50fef8 k8s_capacity=116.5 k8s_weight=100 knative_weight=0 p99=32.4 predicted_load=0 r_effective=16.6 serverless_enabled=False total_load=94.7 weights_after={'k3s': 100, 'knative': 0} weights_before={'k3s': 92, 'knative': 8}
2026-07-14 00:34:48 [info     ] Weights updated                k3s=100 knative=0
2026-07-14 00:34:48 [info     ] Weights updated                action=RECOVERY reason='load=95RPS | k8s_cap=117RPS | (reducing-serverless)' weights={'k3s': 100, 'knative': 0}
2026-07-14 00:34:48 [info     ] Scale readiness observed       elapsed_sec=15.2 ewma_delay=34.8 samples=9 target=7
2026-07-14 00:34:48 [info     ] algorithm2_scaling_decision    action=MAINTAIN alpha=0.060060060060060066 beta=0.0 buffer=1.0 current_replicas=7 predicted_load=101.47731300173746 required_resources=6.095 target_replicas=7
2026-07-14 00:34:48 [info     ] algorithm2_decision            action=MAINTAIN applied_target=7 current_replicas=7 hold_until=0.0 observed_load=101.48 observed_target=7 point_forecasts=None prediction_age_sec=None predictive_target=7 proactive=False scenario=s3-hybrid-reactive target_replicas=7 upper_forecasts=None
2026-07-14 00:34:48 [debug    ] Decision loop completed        action=RECOVERY latency_ms=153.75 p99=32.363256784968684
2026-07-14 00:35:03 [info     ] algorithm2_scaling_decision    action=MAINTAIN alpha=0.060060060060060066 beta=0.0 buffer=1.0 current_replicas=7 predicted_load=85.8729326784142 required_resources=5.158 target_replicas=6
2026-07-14 00:35:03 [info     ] algorithm2_decision            action=MAINTAIN applied_target=6 current_replicas=7 hold_until=0.0 observed_load=85.87 observed_target=6 point_forecasts=None prediction_age_sec=None predictive_target=6 proactive=False scenario=s3-hybrid-reactive target_replicas=6 upper_forecasts=None
2026-07-14 00:35:03 [debug    ] Decision loop completed        action=MAINTAIN latency_ms=115.81 p99=32.363256784968684
2026-07-14 00:35:19 [debug    ] HAProxy fallback latency       delta_requests=905 interval_avg_ms=67.0 max_rtime_ms=1048.0 p99_est=134.0
2026-07-14 00:35:19 [info     ] algorithm2_scaling_decision    action=MAINTAIN alpha=0.060060060060060066 beta=0.0 buffer=1.0 current_replicas=7 predicted_load=68.44027361780826 required_resources=4.111 target_replicas=5
2026-07-14 00:35:19 [info     ] algorithm2_decision            action=MAINTAIN applied_target=5 current_replicas=7 hold_until=0.0 observed_load=68.44 observed_target=5 point_forecasts=None prediction_age_sec=None predictive_target=5 proactive=False scenario=s3-hybrid-reactive target_replicas=5 upper_forecasts=None
2026-07-14 00:35:19 [debug    ] Decision loop completed        action=MAINTAIN latency_ms=120.72 p99=134.0
2026-07-14 00:35:34 [info     ] algorithm2_scaling_decision    action=MAINTAIN alpha=0.060060060060060066 beta=0.0 buffer=1.0 current_replicas=7 predicted_load=52.65135670439216 required_resources=3.162 target_replicas=4
2026-07-14 00:35:34 [info     ] algorithm2_decision            action=MAINTAIN applied_target=4 current_replicas=7 hold_until=0.0 observed_load=52.65 observed_target=4 point_forecasts=None prediction_age_sec=None predictive_target=4 proactive=False scenario=s3-hybrid-reactive target_replicas=4 upper_forecasts=None
2026-07-14 00:35:34 [debug    ] Decision loop completed        action=MAINTAIN latency_ms=125.02 p99=134.0
2026-07-14 00:35:49 [debug    ] HAProxy fallback latency       delta_requests=657 interval_avg_ms=65.0 max_rtime_ms=1048.0 p99_est=130.0
2026-07-14 00:35:49 [info     ] algorithm2_scaling_decision    action=SCALE_DOWN alpha=0.060060060060060066 beta=0.0 buffer=1.0 current_replicas=7 predicted_load=44.47000657468877 required_resources=2.671 target_replicas=3
2026-07-14 00:35:49 [info     ] algorithm2_decision            action=SCALE_DOWN applied_target=3 current_replicas=7 hold_until=0.0 observed_load=44.47 observed_target=3 point_forecasts=None prediction_age_sec=None predictive_target=3 proactive=False scenario=s3-hybrid-reactive target_replicas=3 upper_forecasts=None
2026-07-14 00:35:49 [debug    ] Decision loop completed        action=MAINTAIN latency_ms=115.3 p99=130.0
2026-07-14 00:36:04 [debug    ] HAProxy fallback latency       delta_requests=672 interval_avg_ms=65.0 max_rtime_ms=1048.0 p99_est=130.0
2026-07-14 00:36:04 [info     ] algorithm2_scaling_decision    action=SCALE_DOWN alpha=0.060060060060060066 beta=0.0 buffer=1.0 current_replicas=7 predicted_load=43.947633313859185 required_resources=2.639 target_replicas=3
2026-07-14 00:36:04 [info     ] algorithm2_decision            action=SCALE_DOWN applied_target=3 current_replicas=7 hold_until=0.0 observed_load=43.95 observed_target=3 point_forecasts=None prediction_age_sec=None predictive_target=3 proactive=False scenario=s3-hybrid-reactive target_replicas=3 upper_forecasts=None
2026-07-14 00:36:04 [debug    ] Decision loop completed        action=MAINTAIN latency_ms=117.38 p99=130.0
2026-07-14 00:36:19 [debug    ] HAProxy fallback latency       delta_requests=783 interval_avg_ms=169.99 max_rtime_ms=1048.0 p99_est=339.98
2026-07-14 00:36:19 [info     ] algorithm2_scaling_decision    action=SCALE_DOWN alpha=0.060060060060060066 beta=0.0 buffer=1.0 current_replicas=7 predicted_load=48.125156253735035 required_resources=2.89 target_replicas=3
2026-07-14 00:36:19 [info     ] algorithm2_decision            action=SCALE_DOWN applied_target=3 current_replicas=7 hold_until=0.0 observed_load=48.13 observed_target=3 point_forecasts=None prediction_age_sec=None predictive_target=3 proactive=False scenario=s3-hybrid-reactive target_replicas=3 upper_forecasts=None
2026-07-14 00:36:19 [debug    ] Decision loop completed        action=MAINTAIN latency_ms=119.7 p99=339.9795657726692
2026-07-14 00:36:34 [debug    ] HAProxy fallback latency       delta_requests=854 interval_avg_ms=163.26 max_rtime_ms=1048.0 p99_est=326.52
2026-07-14 00:36:34 [info     ] algorithm2_scaling_decision    action=MAINTAIN alpha=0.060060060060060066 beta=0.0 buffer=1.0 current_replicas=7 predicted_load=54.06474108603615 required_resources=3.247 target_replicas=4
2026-07-14 00:36:34 [info     ] algorithm2_decision            action=MAINTAIN applied_target=4 current_replicas=7 hold_until=0.0 observed_load=54.06 observed_target=4 point_forecasts=None prediction_age_sec=None predictive_target=4 proactive=False scenario=s3-hybrid-reactive target_replicas=4 upper_forecasts=None
2026-07-14 00:36:34 [debug    ] Decision loop completed        action=MAINTAIN latency_ms=193.13 p99=326.5222482435597
2026-07-14 00:36:49 [debug    ] HAProxy fallback latency       delta_requests=707 interval_avg_ms=67.0 max_rtime_ms=1048.0 p99_est=134.0
2026-07-14 00:36:49 [info     ] algorithm2_scaling_decision    action=MAINTAIN alpha=0.060060060060060066 beta=0.0 buffer=1.0 current_replicas=7 predicted_load=51.5063658580567 required_resources=3.093 target_replicas=4
2026-07-14 00:36:49 [info     ] algorithm2_decision            action=MAINTAIN applied_target=4 current_replicas=7 hold_until=0.0 observed_load=51.51 observed_target=4 point_forecasts=None prediction_age_sec=None predictive_target=4 proactive=False scenario=s3-hybrid-reactive target_replicas=4 upper_forecasts=None
2026-07-14 00:36:49 [debug    ] Decision loop completed        action=MAINTAIN latency_ms=119.82 p99=134.0
2026-07-14 00:37:04 [info     ] algorithm2_scaling_decision    action=SCALE_DOWN alpha=0.060060060060060066 beta=0.0 buffer=1.0 current_replicas=7 predicted_load=42.38671859958946 required_resources=2.546 target_replicas=3
2026-07-14 00:37:04 [info     ] algorithm2_decision            action=SCALE_DOWN applied_target=3 current_replicas=7 hold_until=0.0 observed_load=42.39 observed_target=3 point_forecasts=None prediction_age_sec=None predictive_target=3 proactive=False scenario=s3-hybrid-reactive target_replicas=3 upper_forecasts=None
2026-07-14 00:37:05 [info     ] k8s_scale_executed             deployment=test-app-warm replicas=3
2026-07-14 00:37:05 [debug    ] Decision loop completed        action=MAINTAIN latency_ms=153.75 p99=134.0
2026-07-14 00:37:20 [debug    ] HAProxy fallback latency       delta_requests=588 interval_avg_ms=209.44 max_rtime_ms=1048.0 p99_est=418.88
2026-07-14 00:37:20 [info     ] algorithm2_scaling_decision    action=MAINTAIN alpha=0.060060060060060066 beta=0.0 buffer=1.0 current_replicas=3 predicted_load=38.448275052233456 required_resources=2.309 target_replicas=3
2026-07-14 00:37:20 [info     ] algorithm2_decision            action=MAINTAIN applied_target=3 current_replicas=3 hold_until=0.0 observed_load=38.45 observed_target=3 point_forecasts=None prediction_age_sec=None predictive_target=3 proactive=False scenario=s3-hybrid-reactive target_replicas=3 upper_forecasts=None
2026-07-14 00:37:20 [debug    ] Decision loop completed        action=MAINTAIN latency_ms=122.31 p99=418.8809523809524
2026-07-14 00:37:35 [info     ] algorithm2_scaling_decision    action=MAINTAIN alpha=0.060060060060060066 beta=0.0 buffer=1.0 current_replicas=3 predicted_load=39.502654943952 required_resources=2.373 target_replicas=3
2026-07-14 00:37:35 [info     ] algorithm2_decision            action=MAINTAIN applied_target=3 current_replicas=3 hold_until=0.0 observed_load=39.5 observed_target=3 point_forecasts=None prediction_age_sec=None predictive_target=3 proactive=False scenario=s3-hybrid-reactive target_replicas=3 upper_forecasts=None
2026-07-14 00:37:35 [debug    ] Decision loop completed        action=MAINTAIN latency_ms=128.52 p99=418.8809523809524
2026-07-14 00:37:50 [debug    ] HAProxy fallback latency       delta_requests=631 interval_avg_ms=64.0 max_rtime_ms=1048.0 p99_est=128.0
2026-07-14 00:37:50 [info     ] algorithm2_scaling_decision    action=MAINTAIN alpha=0.060060060060060066 beta=0.0 buffer=1.0 current_replicas=3 predicted_load=40.957348112972156 required_resources=2.46 target_replicas=3
2026-07-14 00:37:50 [info     ] algorithm2_decision            action=MAINTAIN applied_target=3 current_replicas=3 hold_until=0.0 observed_load=40.96 observed_target=3 point_forecasts=None prediction_age_sec=None predictive_target=3 proactive=False scenario=s3-hybrid-reactive target_replicas=3 upper_forecasts=None
2026-07-14 00:37:50 [debug    ] Decision loop completed        action=MAINTAIN latency_ms=120.38 p99=128.0
2026-07-14 00:38:05 [debug    ] HAProxy fallback latency       delta_requests=667 interval_avg_ms=64.0 max_rtime_ms=1048.0 p99_est=128.0
2026-07-14 00:38:05 [info     ] algorithm2_scaling_decision    action=MAINTAIN alpha=0.060060060060060066 beta=0.0 buffer=1.0 current_replicas=3 predicted_load=42.90974951557838 required_resources=2.577 target_replicas=3
2026-07-14 00:38:05 [info     ] algorithm2_decision            action=MAINTAIN applied_target=3 current_replicas=3 hold_until=0.0 observed_load=42.91 observed_target=3 point_forecasts=None prediction_age_sec=None predictive_target=3 proactive=False scenario=s3-hybrid-reactive target_replicas=3 upper_forecasts=None
2026-07-14 00:38:05 [debug    ] Decision loop completed        action=MAINTAIN latency_ms=120.48 p99=128.0
2026-07-14 00:38:20 [debug    ] HAProxy fallback latency       delta_requests=749 interval_avg_ms=531.75 max_rtime_ms=1048.0 p99_est=1048.0
2026-07-14 00:38:20 [info     ] algorithm2_scaling_decision    action=MAINTAIN alpha=0.060060060060060066 beta=0.0 buffer=1.0 current_replicas=3 predicted_load=46.823302305902786 required_resources=2.812 target_replicas=3
2026-07-14 00:38:20 [info     ] algorithm2_decision            action=MAINTAIN applied_target=3 current_replicas=3 hold_until=0.0 observed_load=46.82 observed_target=3 point_forecasts=None prediction_age_sec=None predictive_target=3 proactive=False scenario=s3-hybrid-reactive target_replicas=3 upper_forecasts=None
2026-07-14 00:38:20 [debug    ] Decision loop completed        action=MAINTAIN latency_ms=120.96 p99=1048.0
2026-07-14 00:38:35 [debug    ] HAProxy fallback latency       delta_requests=256 interval_avg_ms=68.0 max_rtime_ms=1048.0 p99_est=136.0
2026-07-14 00:38:35 [info     ] algorithm2_scaling_decision    action=MAINTAIN alpha=0.060060060060060066 beta=0.0 buffer=1.0 current_replicas=3 predicted_load=33.299886595245205 required_resources=2.0 target_replicas=3
2026-07-14 00:38:35 [info     ] algorithm2_decision            action=MAINTAIN applied_target=3 current_replicas=3 hold_until=0.0 observed_load=33.3 observed_target=3 point_forecasts=None prediction_age_sec=None predictive_target=3 proactive=False scenario=s3-hybrid-reactive target_replicas=3 upper_forecasts=None
2026-07-14 00:38:35 [debug    ] Decision loop completed        action=MAINTAIN latency_ms=122.45 p99=136.0
2026-07-14 00:38:50 [info     ] algorithm2_scaling_decision    action=MAINTAIN alpha=0.060060060060060066 beta=0.0 buffer=1.0 current_replicas=3 predicted_load=8.531208539539797 required_resources=0.512 target_replicas=3
2026-07-14 00:38:50 [info     ] algorithm2_decision            action=MAINTAIN applied_target=3 current_replicas=3 hold_until=0.0 observed_load=8.53 observed_target=3 point_forecasts=None prediction_age_sec=None predictive_target=3 proactive=False scenario=s3-hybrid-reactive target_replicas=3 upper_forecasts=None
2026-07-14 00:38:50 [debug    ] Decision loop completed        action=MAINTAIN latency_ms=118.19 p99=136.0
2026-07-14 00:39:06 [info     ] algorithm2_scaling_decision    action=MAINTAIN alpha=0.060060060060060066 beta=0.0 buffer=1.0 current_replicas=3 predicted_load=0.0 required_resources=0.0 target_replicas=3
2026-07-14 00:39:06 [info     ] algorithm2_decision            action=MAINTAIN applied_target=3 current_replicas=3 hold_until=0.0 observed_load=0.0 observed_target=3 point_forecasts=None prediction_age_sec=None predictive_target=3 proactive=False scenario=s3-hybrid-reactive target_replicas=3 upper_forecasts=None
2026-07-14 00:39:06 [debug    ] Decision loop completed        action=MAINTAIN latency_ms=122.97 p99=136.0
2026-07-14 00:39:21 [info     ] algorithm2_scaling_decision    action=MAINTAIN alpha=0.060060060060060066 beta=0.0 buffer=1.0 current_replicas=3 predicted_load=0.0 required_resources=0.0 target_replicas=3
2026-07-14 00:39:21 [info     ] algorithm2_decision            action=MAINTAIN applied_target=3 current_replicas=3 hold_until=0.0 observed_load=0.0 observed_target=3 point_forecasts=None prediction_age_sec=None predictive_target=3 proactive=False scenario=s3-hybrid-reactive target_replicas=3 upper_forecasts=None
2026-07-14 00:39:21 [debug    ] Decision loop completed        action=MAINTAIN latency_ms=116.63 p99=136.0
2026-07-14 00:39:27 [info     ] Received shutdown signal
2026-07-14 00:39:27 [info     ] Stopping routing daemon...
2026-07-14 00:39:27 [info     ] Routing daemon stopped
