2026-09-13 04:00:45 [info     ] SLOMonitor initialized         threshold_ms=200.0 violation_window=30
2026-09-13 04:00:45 [info     ] Algorithm1Controller initialized cooldown=15 weight_step=10
2026-09-13 04:00:45 [info     ] controller_selected            kind=Algorithm1Controller scenario=s2-serverless-only version=v3
2026-09-13 04:00:45 [info     ] HAProxyWeightAdjuster initialized backend=servers host=localhost port=19999
2026-09-13 04:00:45 [info     ] GRUClient initialized          base_url=http://localhost:8090
2026-09-13 04:00:45 [info     ] K8sScaler initialized          deployment=test-app-warm namespace=default
2026-09-13 04:00:45 [info     ] RoutingDaemon initialized      decision_interval=15 description='Static routing to serverless only' scenario=s2-serverless-only use_algorithm=False use_predictions=False
2026-09-13 04:00:45 [info     ] Starting routing daemon        interval=15 scenario=s2-serverless-only
2026-09-13 04:00:45 [info     ] Weights updated                k3s=0 knative=100
2026-09-13 04:00:45 [info     ] Initial weights applied        k3s=0 knative=100
2026-09-13 04:00:45 [error    ] HPA conflict detected — Algorithm 2 manual scaling may conflict with HPA deployment=test-app-warm hpa_name=test-app-warm
2026-09-13 04:00:45 [error    ] HPA detected — Algorithm 2 scaling may conflict with HPA
2026-09-13 04:00:45 [debug    ] Static scenario - no decision needed scenario=s2-serverless-only weights={'k3s': 0, 'knative': 100}
2026-09-13 04:01:00 [debug    ] Static scenario - no decision needed scenario=s2-serverless-only weights={'k3s': 0, 'knative': 100}
2026-09-13 04:01:15 [debug    ] Static scenario - no decision needed scenario=s2-serverless-only weights={'k3s': 0, 'knative': 100}
2026-09-13 04:01:30 [debug    ] Static scenario - no decision needed scenario=s2-serverless-only weights={'k3s': 0, 'knative': 100}
2026-09-13 04:01:45 [debug    ] Static scenario - no decision needed scenario=s2-serverless-only weights={'k3s': 0, 'knative': 100}
2026-09-13 04:02:00 [debug    ] Static scenario - no decision needed scenario=s2-serverless-only weights={'k3s': 0, 'knative': 100}
2026-09-13 04:02:15 [debug    ] Static scenario - no decision needed scenario=s2-serverless-only weights={'k3s': 0, 'knative': 100}
2026-09-13 04:02:30 [debug    ] Static scenario - no decision needed scenario=s2-serverless-only weights={'k3s': 0, 'knative': 100}
2026-09-13 04:02:45 [debug    ] Static scenario - no decision needed scenario=s2-serverless-only weights={'k3s': 0, 'knative': 100}
2026-09-13 04:03:00 [debug    ] Static scenario - no decision needed scenario=s2-serverless-only weights={'k3s': 0, 'knative': 100}
2026-09-13 04:03:15 [debug    ] Static scenario - no decision needed scenario=s2-serverless-only weights={'k3s': 0, 'knative': 100}
2026-09-13 04:03:30 [debug    ] Static scenario - no decision needed scenario=s2-serverless-only weights={'k3s': 0, 'knative': 100}
2026-09-13 04:03:45 [debug    ] Static scenario - no decision needed scenario=s2-serverless-only weights={'k3s': 0, 'knative': 100}
2026-09-13 04:04:00 [debug    ] Static scenario - no decision needed scenario=s2-serverless-only weights={'k3s': 0, 'knative': 100}
2026-09-13 04:04:15 [debug    ] Static scenario - no decision needed scenario=s2-serverless-only weights={'k3s': 0, 'knative': 100}
2026-09-13 04:04:31 [debug    ] Static scenario - no decision needed scenario=s2-serverless-only weights={'k3s': 0, 'knative': 100}
2026-09-13 04:04:46 [debug    ] Static scenario - no decision needed scenario=s2-serverless-only weights={'k3s': 0, 'knative': 100}
2026-09-13 04:05:01 [debug    ] Static scenario - no decision needed scenario=s2-serverless-only weights={'k3s': 0, 'knative': 100}
2026-09-13 04:05:16 [debug    ] Static scenario - no decision needed scenario=s2-serverless-only weights={'k3s': 0, 'knative': 100}
2026-09-13 04:05:31 [debug    ] Static scenario - no decision needed scenario=s2-serverless-only weights={'k3s': 0, 'knative': 100}
2026-09-13 04:05:46 [debug    ] Static scenario - no decision needed scenario=s2-serverless-only weights={'k3s': 0, 'knative': 100}
2026-09-13 04:06:01 [debug    ] Static scenario - no decision needed scenario=s2-serverless-only weights={'k3s': 0, 'knative': 100}
2026-09-13 04:06:16 [debug    ] Static scenario - no decision needed scenario=s2-serverless-only weights={'k3s': 0, 'knative': 100}
2026-09-13 04:06:31 [debug    ] Static scenario - no decision needed scenario=s2-serverless-only weights={'k3s': 0, 'knative': 100}
2026-09-13 04:06:46 [debug    ] Static scenario - no decision needed scenario=s2-serverless-only weights={'k3s': 0, 'knative': 100}
2026-09-13 04:07:01 [debug    ] Static scenario - no decision needed scenario=s2-serverless-only weights={'k3s': 0, 'knative': 100}
2026-09-13 04:07:16 [debug    ] Static scenario - no decision needed scenario=s2-serverless-only weights={'k3s': 0, 'knative': 100}
2026-09-13 04:07:31 [debug    ] Static scenario - no decision needed scenario=s2-serverless-only weights={'k3s': 0, 'knative': 100}
2026-09-13 04:07:46 [debug    ] Static scenario - no decision needed scenario=s2-serverless-only weights={'k3s': 0, 'knative': 100}
2026-09-13 04:08:01 [debug    ] Static scenario - no decision needed scenario=s2-serverless-only weights={'k3s': 0, 'knative': 100}
2026-09-13 04:08:16 [debug    ] Static scenario - no decision needed scenario=s2-serverless-only weights={'k3s': 0, 'knative': 100}
2026-09-13 04:08:31 [debug    ] Static scenario - no decision needed scenario=s2-serverless-only weights={'k3s': 0, 'knative': 100}
2026-09-13 04:08:46 [debug    ] Static scenario - no decision needed scenario=s2-serverless-only weights={'k3s': 0, 'knative': 100}
2026-09-13 04:09:01 [debug    ] Static scenario - no decision needed scenario=s2-serverless-only weights={'k3s': 0, 'knative': 100}
2026-09-13 04:09:16 [debug    ] Static scenario - no decision needed scenario=s2-serverless-only weights={'k3s': 0, 'knative': 100}
2026-09-13 04:09:31 [debug    ] Static scenario - no decision needed scenario=s2-serverless-only weights={'k3s': 0, 'knative': 100}
2026-09-13 04:09:46 [debug    ] Static scenario - no decision needed scenario=s2-serverless-only weights={'k3s': 0, 'knative': 100}
2026-09-13 04:10:01 [debug    ] Static scenario - no decision needed scenario=s2-serverless-only weights={'k3s': 0, 'knative': 100}
2026-09-13 04:10:16 [debug    ] Static scenario - no decision needed scenario=s2-serverless-only weights={'k3s': 0, 'knative': 100}
2026-09-13 04:10:31 [debug    ] Static scenario - no decision needed scenario=s2-serverless-only weights={'k3s': 0, 'knative': 100}
2026-09-13 04:10:46 [debug    ] Static scenario - no decision needed scenario=s2-serverless-only weights={'k3s': 0, 'knative': 100}
2026-09-13 04:11:01 [debug    ] Static scenario - no decision needed scenario=s2-serverless-only weights={'k3s': 0, 'knative': 100}
2026-09-13 04:11:17 [debug    ] Static scenario - no decision needed scenario=s2-serverless-only weights={'k3s': 0, 'knative': 100}
2026-09-13 04:11:32 [debug    ] Static scenario - no decision needed scenario=s2-serverless-only weights={'k3s': 0, 'knative': 100}
2026-09-13 04:11:47 [debug    ] Static scenario - no decision needed scenario=s2-serverless-only weights={'k3s': 0, 'knative': 100}
2026-09-13 04:12:02 [debug    ] Static scenario - no decision needed scenario=s2-serverless-only weights={'k3s': 0, 'knative': 100}
2026-09-13 04:12:17 [debug    ] Static scenario - no decision needed scenario=s2-serverless-only weights={'k3s': 0, 'knative': 100}
2026-09-13 04:12:32 [debug    ] Static scenario - no decision needed scenario=s2-serverless-only weights={'k3s': 0, 'knative': 100}
2026-09-13 04:12:47 [debug    ] Static scenario - no decision needed scenario=s2-serverless-only weights={'k3s': 0, 'knative': 100}
2026-09-13 04:13:02 [debug    ] Static scenario - no decision needed scenario=s2-serverless-only weights={'k3s': 0, 'knative': 100}
2026-09-13 04:13:17 [debug    ] Static scenario - no decision needed scenario=s2-serverless-only weights={'k3s': 0, 'knative': 100}
2026-09-13 04:13:32 [debug    ] Static scenario - no decision needed scenario=s2-serverless-only weights={'k3s': 0, 'knative': 100}
2026-09-13 04:13:47 [debug    ] Static scenario - no decision needed scenario=s2-serverless-only weights={'k3s': 0, 'knative': 100}
2026-09-13 04:14:02 [debug    ] Static scenario - no decision needed scenario=s2-serverless-only weights={'k3s': 0, 'knative': 100}
2026-09-13 04:14:17 [debug    ] Static scenario - no decision needed scenario=s2-serverless-only weights={'k3s': 0, 'knative': 100}
2026-09-13 04:14:32 [debug    ] Static scenario - no decision needed scenario=s2-serverless-only weights={'k3s': 0, 'knative': 100}
2026-09-13 04:14:47 [debug    ] Static scenario - no decision needed scenario=s2-serverless-only weights={'k3s': 0, 'knative': 100}
2026-09-13 04:15:02 [debug    ] Static scenario - no decision needed scenario=s2-serverless-only weights={'k3s': 0, 'knative': 100}
2026-09-13 04:15:17 [debug    ] Static scenario - no decision needed scenario=s2-serverless-only weights={'k3s': 0, 'knative': 100}
2026-09-13 04:15:32 [debug    ] Static scenario - no decision needed scenario=s2-serverless-only weights={'k3s': 0, 'knative': 100}
2026-09-13 04:15:47 [debug    ] Static scenario - no decision needed scenario=s2-serverless-only weights={'k3s': 0, 'knative': 100}
2026-09-13 04:16:02 [debug    ] Static scenario - no decision needed scenario=s2-serverless-only weights={'k3s': 0, 'knative': 100}
2026-09-13 04:16:17 [debug    ] Static scenario - no decision needed scenario=s2-serverless-only weights={'k3s': 0, 'knative': 100}
2026-09-13 04:16:32 [debug    ] Static scenario - no decision needed scenario=s2-serverless-only weights={'k3s': 0, 'knative': 100}
2026-09-13 04:16:47 [debug    ] Static scenario - no decision needed scenario=s2-serverless-only weights={'k3s': 0, 'knative': 100}
2026-09-13 04:17:02 [debug    ] Static scenario - no decision needed scenario=s2-serverless-only weights={'k3s': 0, 'knative': 100}
2026-09-13 04:17:17 [debug    ] Static scenario - no decision needed scenario=s2-serverless-only weights={'k3s': 0, 'knative': 100}
2026-09-13 04:17:32 [debug    ] Static scenario - no decision needed scenario=s2-serverless-only weights={'k3s': 0, 'knative': 100}
2026-09-13 04:17:47 [debug    ] Static scenario - no decision needed scenario=s2-serverless-only weights={'k3s': 0, 'knative': 100}
2026-09-13 04:18:03 [debug    ] Static scenario - no decision needed scenario=s2-serverless-only weights={'k3s': 0, 'knative': 100}
2026-09-13 04:18:18 [debug    ] Static scenario - no decision needed scenario=s2-serverless-only weights={'k3s': 0, 'knative': 100}
2026-09-13 04:18:33 [debug    ] Static scenario - no decision needed scenario=s2-serverless-only weights={'k3s': 0, 'knative': 100}
2026-09-13 04:18:48 [debug    ] Static scenario - no decision needed scenario=s2-serverless-only weights={'k3s': 0, 'knative': 100}
2026-09-13 04:19:03 [debug    ] Static scenario - no decision needed scenario=s2-serverless-only weights={'k3s': 0, 'knative': 100}
2026-09-13 04:19:18 [debug    ] Static scenario - no decision needed scenario=s2-serverless-only weights={'k3s': 0, 'knative': 100}
2026-09-13 04:19:33 [debug    ] Static scenario - no decision needed scenario=s2-serverless-only weights={'k3s': 0, 'knative': 100}
2026-09-13 04:19:48 [debug    ] Static scenario - no decision needed scenario=s2-serverless-only weights={'k3s': 0, 'knative': 100}
2026-09-13 04:20:03 [debug    ] Static scenario - no decision needed scenario=s2-serverless-only weights={'k3s': 0, 'knative': 100}
2026-09-13 04:20:18 [debug    ] Static scenario - no decision needed scenario=s2-serverless-only weights={'k3s': 0, 'knative': 100}
2026-09-13 04:20:33 [debug    ] Static scenario - no decision needed scenario=s2-serverless-only weights={'k3s': 0, 'knative': 100}
2026-09-13 04:20:48 [debug    ] Static scenario - no decision needed scenario=s2-serverless-only weights={'k3s': 0, 'knative': 100}
2026-09-13 04:21:03 [debug    ] Static scenario - no decision needed scenario=s2-serverless-only weights={'k3s': 0, 'knative': 100}
2026-09-13 04:21:18 [debug    ] Static scenario - no decision needed scenario=s2-serverless-only weights={'k3s': 0, 'knative': 100}
2026-09-13 04:21:33 [debug    ] Static scenario - no decision needed scenario=s2-serverless-only weights={'k3s': 0, 'knative': 100}
2026-09-13 04:21:48 [debug    ] Static scenario - no decision needed scenario=s2-serverless-only weights={'k3s': 0, 'knative': 100}
2026-09-13 04:22:03 [debug    ] Static scenario - no decision needed scenario=s2-serverless-only weights={'k3s': 0, 'knative': 100}
2026-09-13 04:22:16 [info     ] Received shutdown signal
2026-09-13 04:22:16 [info     ] Stopping routing daemon...
2026-09-13 04:22:16 [info     ] Routing daemon stopped
