2026-07-05 10:10:54 [info     ] SLOMonitor initialized         threshold_ms=200.0 violation_window=30
2026-07-05 10:10:54 [info     ] Algorithm1ControllerV3 initialized max_knative=50 r_saturation=35.0 target_cpu_util=0.8 total_budget=1000
2026-07-05 10:10:54 [info     ] Using V3 controller (Capacity-Driven) for S4 scenario=s4-hybrid-predictive version=v3
2026-07-05 10:10:54 [info     ] HAProxyWeightAdjuster initialized backend=servers host=localhost port=19999
2026-07-05 10:10:54 [info     ] GRUClient initialized          base_url=http://localhost:8090
2026-07-05 10:10:54 [info     ] K8sScaler initialized          deployment=test-app-warm namespace=default
2026-07-05 10:10:54 [info     ] RoutingDaemon initialized      decision_interval=15 description='Algorithm 1 with GRU predictions (Algorithm 2)' scenario=s4-hybrid-predictive use_algorithm=True use_predictions=True
2026-07-05 10:10:54 [info     ] Starting routing daemon        interval=15 scenario=s4-hybrid-predictive
2026-07-05 10:10:54 [info     ] Weights updated                k3s=80 knative=20
2026-07-05 10:10:54 [info     ] Initial weights applied        k3s=80 knative=20
2026-07-05 10:10:54 [debug    ] HAProxy fallback primed        total_requests=0
2026-07-05 10:10:54 [info     ] algorithm2_scaling_decision    action=SCALE_UP alpha=0.03 beta=0.0 buffer=1.2 current_replicas=2 predicted_load=0.0 required_resources=0.0 target_replicas=3
2026-07-05 10:10:54 [info     ] k8s_scale_executed             deployment=test-app-warm replicas=3
2026-07-05 10:10:54 [debug    ] Decision loop completed        action=MAINTAIN latency_ms=141.6 p99=0.0
2026-07-05 10:11:09 [info     ] algorithm2_scaling_decision    action=MAINTAIN alpha=0.03 beta=0.0 buffer=1.2 current_replicas=3 predicted_load=0.0 required_resources=0.0 target_replicas=3
2026-07-05 10:11:09 [debug    ] Decision loop completed        action=MAINTAIN latency_ms=106.78 p99=0.0
2026-07-05 10:11:24 [info     ] algorithm2_scaling_decision    action=MAINTAIN alpha=0.03 beta=0.0 buffer=1.2 current_replicas=3 predicted_load=0.0 required_resources=0.0 target_replicas=3
2026-07-05 10:11:24 [debug    ] Decision loop completed        action=MAINTAIN latency_ms=104.67 p99=0.0
2026-07-05 10:11:39 [debug    ] HAProxy fallback latency       delta_requests=644 interval_avg_ms=120.0 max_rtime_ms=1347.0 p99_est=240.0
2026-07-05 10:11:39 [debug    ] burn_rate_adjustment           actual_burn=0.02 adjustment=-5 allowed_burn=0.83 budget_remaining=999 burn_error=-0.974 burn_ratio=0.026
2026-07-05 10:11:39 [info     ] controller_decision_v3         action=RECOVERY available_replicas=3 budget_remaining=999 burn_adjustment=-5 burst_ratio=0 capacity_deficit=False confidence=0 current_load=42.56987444973768 decision_id=a88edc1b k8s_capacity=84.0 k8s_weight=100 knative_weight=0 p99=240.0 predicted_load=0 r_effective=28.0 serverless_enabled=False total_load=42.6 weights_after={'k3s': 100, 'knative': 0} weights_before={'k3s': 80, 'knative': 20}
2026-07-05 10:11:39 [info     ] Weights updated                k3s=100 knative=0
2026-07-05 10:11:39 [info     ] Weights updated                action=RECOVERY reason='load=43RPS | k8s_cap=84RPS | (reducing-serverless)' weights={'k3s': 100, 'knative': 0}
2026-07-05 10:11:39 [info     ] algorithm2_scaling_decision    action=MAINTAIN alpha=0.03 beta=0.0 buffer=1.2 current_replicas=3 predicted_load=21.28493722486884 required_resources=0.639 target_replicas=3
2026-07-05 10:11:39 [debug    ] Decision loop completed        action=RECOVERY latency_ms=141.22 p99=240.0
2026-07-05 10:11:54 [debug    ] HAProxy fallback latency       delta_requests=667 interval_avg_ms=1069.34 max_rtime_ms=2731.0 p99_est=2138.69
2026-07-05 10:11:54 [debug    ] burn_rate_adjustment           actual_burn=0.03 adjustment=-5 allowed_burn=0.83 budget_remaining=998 burn_error=-0.96 burn_ratio=0.04
2026-07-05 10:11:54 [info     ] algorithm2_scaling_decision    action=MAINTAIN alpha=0.03 beta=0.0 buffer=1.2 current_replicas=3 predicted_load=43.277702854647316 required_resources=1.298 target_replicas=3
2026-07-05 10:11:54 [debug    ] Decision loop completed        action=MAINTAIN latency_ms=105.38 p99=2138.689655172414
2026-07-05 10:12:09 [debug    ] HAProxy fallback latency       delta_requests=716 interval_avg_ms=4223.86 max_rtime_ms=7165.0 p99_est=7165.0
2026-07-05 10:12:09 [debug    ] GRU prediction received        confidence=0.72 latency_ms=38.84 predicted=66
2026-07-05 10:12:09 [debug    ] Using GRU prediction           confidence=0.72 predicted=66
2026-07-05 10:12:09 [debug    ] burn_rate_adjustment           actual_burn=0.04 adjustment=-6 allowed_burn=0.83 budget_remaining=997 burn_error=-0.952 burn_ratio=0.048
2026-07-05 10:12:09 [info     ] algorithm2_scaling_decision    action=MAINTAIN alpha=0.03 beta=0.0 buffer=1.2 current_replicas=3 predicted_load=66.0 required_resources=1.98 target_replicas=3
2026-07-05 10:12:09 [debug    ] Decision loop completed        action=MAINTAIN latency_ms=156.58 p99=7165.0
2026-07-05 10:12:24 [debug    ] HAProxy fallback latency       delta_requests=706 interval_avg_ms=10886.19 max_rtime_ms=13220.0 p99_est=13220.0
2026-07-05 10:12:25 [debug    ] GRU prediction received        confidence=0.72 latency_ms=41.06 predicted=66
2026-07-05 10:12:25 [debug    ] Using GRU prediction           confidence=0.72 predicted=66
2026-07-05 10:12:25 [debug    ] burn_rate_adjustment           actual_burn=0.04 adjustment=-6 allowed_burn=0.83 budget_remaining=996 burn_error=-0.947 burn_ratio=0.053
2026-07-05 10:12:25 [info     ] algorithm2_scaling_decision    action=MAINTAIN alpha=0.03 beta=0.0 buffer=1.2 current_replicas=3 predicted_load=66.0 required_resources=1.98 target_replicas=3
2026-07-05 10:12:25 [debug    ] Decision loop completed        action=MAINTAIN latency_ms=150.85 p99=13220.0
2026-07-05 10:12:40 [debug    ] HAProxy fallback latency       delta_requests=680 interval_avg_ms=17378.16 max_rtime_ms=17346.0 p99_est=17346.0
2026-07-05 10:12:40 [debug    ] GRU prediction received        confidence=0.87 latency_ms=38.83 predicted=66
2026-07-05 10:12:40 [debug    ] Using GRU prediction           confidence=0.87 predicted=66
2026-07-05 10:12:40 [debug    ] burn_rate_adjustment           actual_burn=0.05 adjustment=-7 allowed_burn=0.83 budget_remaining=995 burn_error=-0.943 burn_ratio=0.057
2026-07-05 10:12:40 [info     ] algorithm2_scaling_decision    action=MAINTAIN alpha=0.03 beta=0.0 buffer=1.2 current_replicas=3 predicted_load=66.0 required_resources=1.98 target_replicas=3
2026-07-05 10:12:40 [debug    ] Decision loop completed        action=MAINTAIN latency_ms=153.2 p99=17346.0
2026-07-05 10:12:55 [debug    ] HAProxy fallback latency       delta_requests=542 interval_avg_ms=18682.41 max_rtime_ms=19520.0 p99_est=19520.0
2026-07-05 10:12:55 [debug    ] GRU prediction received        confidence=0.82 latency_ms=38.49 predicted=66
2026-07-05 10:12:55 [debug    ] Using GRU prediction           confidence=0.82 predicted=66
2026-07-05 10:12:55 [debug    ] burn_rate_adjustment           actual_burn=0.05 adjustment=-7 allowed_burn=0.83 budget_remaining=994 burn_error=-0.941 burn_ratio=0.059
2026-07-05 10:12:55 [info     ] algorithm2_scaling_decision    action=MAINTAIN alpha=0.03 beta=0.0 buffer=1.2 current_replicas=3 predicted_load=66.0 required_resources=1.98 target_replicas=3
2026-07-05 10:12:55 [debug    ] Decision loop completed        action=MAINTAIN latency_ms=152.16 p99=19520.0
2026-07-05 10:13:10 [debug    ] GRU prediction received        confidence=0.73 latency_ms=41.68 predicted=65
2026-07-05 10:13:10 [debug    ] Using GRU prediction           confidence=0.73 predicted=65
2026-07-05 10:13:10 [debug    ] burn_rate_adjustment           actual_burn=0.05 adjustment=-7 allowed_burn=0.83 budget_remaining=993 burn_error=-0.938 burn_ratio=0.062
2026-07-05 10:13:10 [info     ] algorithm2_scaling_decision    action=MAINTAIN alpha=0.03 beta=0.0 buffer=1.2 current_replicas=3 predicted_load=65.0 required_resources=1.95 target_replicas=3
2026-07-05 10:13:10 [debug    ] Decision loop completed        action=MAINTAIN latency_ms=154.9 p99=19520.0
2026-07-05 10:13:25 [debug    ] GRU prediction received        confidence=0.72 latency_ms=39.82 predicted=65
2026-07-05 10:13:25 [debug    ] Using GRU prediction           confidence=0.72 predicted=65
2026-07-05 10:13:25 [debug    ] burn_rate_adjustment           actual_burn=0.05 adjustment=-7 allowed_burn=0.83 budget_remaining=992 burn_error=-0.937 burn_ratio=0.063
2026-07-05 10:13:25 [info     ] algorithm2_scaling_decision    action=MAINTAIN alpha=0.03 beta=0.0 buffer=1.2 current_replicas=3 predicted_load=65.0 required_resources=1.95 target_replicas=3
2026-07-05 10:13:25 [debug    ] Decision loop completed        action=MAINTAIN latency_ms=151.47 p99=19520.0
2026-07-05 10:13:40 [debug    ] GRU prediction received        confidence=0.72 latency_ms=38.51 predicted=65
2026-07-05 10:13:40 [debug    ] Using GRU prediction           confidence=0.72 predicted=65
2026-07-05 10:13:40 [debug    ] burn_rate_adjustment           actual_burn=0.05 adjustment=-7 allowed_burn=0.83 budget_remaining=991 burn_error=-0.935 burn_ratio=0.065
2026-07-05 10:13:40 [info     ] algorithm2_scaling_decision    action=MAINTAIN alpha=0.03 beta=0.0 buffer=1.2 current_replicas=3 predicted_load=65.0 required_resources=1.95 target_replicas=3
2026-07-05 10:13:40 [debug    ] Decision loop completed        action=MAINTAIN latency_ms=146.06 p99=19520.0
2026-07-05 10:13:55 [debug    ] HAProxy fallback latency       delta_requests=781 interval_avg_ms=5593.21 max_rtime_ms=20909.0 p99_est=11186.41
2026-07-05 10:13:55 [debug    ] GRU prediction received        confidence=0.72 latency_ms=39.73 predicted=65
2026-07-05 10:13:55 [debug    ] Using GRU prediction           confidence=0.72 predicted=65
2026-07-05 10:13:55 [debug    ] burn_rate_adjustment           actual_burn=0.06 adjustment=-7 allowed_burn=0.83 budget_remaining=990 burn_error=-0.934 burn_ratio=0.066
2026-07-05 10:13:56 [info     ] algorithm2_scaling_decision    action=MAINTAIN alpha=0.03 beta=0.0 buffer=1.2 current_replicas=3 predicted_load=65.0 required_resources=1.95 target_replicas=3
2026-07-05 10:13:56 [debug    ] Decision loop completed        action=MAINTAIN latency_ms=155.09 p99=11186.412291933419
2026-07-05 10:14:11 [debug    ] HAProxy fallback latency       delta_requests=705 interval_avg_ms=39743.63 max_rtime_ms=20909.0 p99_est=20909.0
2026-07-05 10:14:11 [debug    ] GRU prediction received        confidence=0.72 latency_ms=38.92 predicted=65
2026-07-05 10:14:11 [debug    ] Using GRU prediction           confidence=0.72 predicted=65
2026-07-05 10:14:11 [debug    ] burn_rate_adjustment           actual_burn=0.06 adjustment=-7 allowed_burn=0.83 budget_remaining=989 burn_error=-0.933 burn_ratio=0.067
2026-07-05 10:14:11 [info     ] algorithm2_scaling_decision    action=MAINTAIN alpha=0.03 beta=0.0 buffer=1.2 current_replicas=3 predicted_load=65.0 required_resources=1.95 target_replicas=3
2026-07-05 10:14:11 [debug    ] Decision loop completed        action=MAINTAIN latency_ms=148.85 p99=20909.0
2026-07-05 10:14:26 [debug    ] HAProxy fallback latency       delta_requests=603 interval_avg_ms=40047.55 max_rtime_ms=20909.0 p99_est=20909.0
2026-07-05 10:14:26 [debug    ] GRU prediction received        confidence=0.72 latency_ms=37.73 predicted=65
2026-07-05 10:14:26 [debug    ] Using GRU prediction           confidence=0.72 predicted=65
2026-07-05 10:14:26 [debug    ] burn_rate_adjustment           actual_burn=0.06 adjustment=-7 allowed_burn=0.83 budget_remaining=988 burn_error=-0.932 burn_ratio=0.068
2026-07-05 10:14:26 [info     ] algorithm2_scaling_decision    action=MAINTAIN alpha=0.03 beta=0.0 buffer=1.2 current_replicas=3 predicted_load=65.0 required_resources=1.95 target_replicas=3
2026-07-05 10:14:26 [debug    ] Decision loop completed        action=MAINTAIN latency_ms=150.19 p99=20909.0
2026-07-05 10:14:41 [debug    ] HAProxy fallback latency       delta_requests=643 interval_avg_ms=13618.54 max_rtime_ms=23195.0 p99_est=23195.0
2026-07-05 10:14:41 [debug    ] GRU prediction received        confidence=0.76 latency_ms=38.83 predicted=65
2026-07-05 10:14:41 [debug    ] Using GRU prediction           confidence=0.76 predicted=65
2026-07-05 10:14:41 [debug    ] burn_rate_adjustment           actual_burn=0.06 adjustment=-7 allowed_burn=0.83 budget_remaining=987 burn_error=-0.931 burn_ratio=0.069
2026-07-05 10:14:41 [info     ] algorithm2_scaling_decision    action=MAINTAIN alpha=0.03 beta=0.0 buffer=1.2 current_replicas=3 predicted_load=65.0 required_resources=1.95 target_replicas=3
2026-07-05 10:14:41 [debug    ] Decision loop completed        action=MAINTAIN latency_ms=153.93 p99=23195.0
2026-07-05 10:14:56 [debug    ] HAProxy fallback latency       delta_requests=604 interval_avg_ms=16577.78 max_rtime_ms=23195.0 p99_est=23195.0
2026-07-05 10:14:56 [debug    ] GRU prediction received        confidence=0.81 latency_ms=38.68 predicted=65
2026-07-05 10:14:56 [debug    ] Using GRU prediction           confidence=0.81 predicted=65
2026-07-05 10:14:56 [debug    ] burn_rate_adjustment           actual_burn=0.06 adjustment=-7 allowed_burn=0.83 budget_remaining=986 burn_error=-0.931 burn_ratio=0.069
2026-07-05 10:14:56 [info     ] algorithm2_scaling_decision    action=MAINTAIN alpha=0.03 beta=0.0 buffer=1.2 current_replicas=3 predicted_load=65.0 required_resources=1.95 target_replicas=3
2026-07-05 10:14:56 [debug    ] Decision loop completed        action=MAINTAIN latency_ms=142.4 p99=23195.0
2026-07-05 10:15:11 [debug    ] HAProxy fallback latency       delta_requests=627 interval_avg_ms=12540.5 max_rtime_ms=23819.0 p99_est=23819.0
2026-07-05 10:15:11 [debug    ] GRU prediction received        confidence=0.85 latency_ms=38.28 predicted=65
2026-07-05 10:15:11 [debug    ] Using GRU prediction           confidence=0.85 predicted=65
2026-07-05 10:15:11 [debug    ] burn_rate_adjustment           actual_burn=0.06 adjustment=-7 allowed_burn=0.83 budget_remaining=985 burn_error=-0.93 burn_ratio=0.07
2026-07-05 10:15:11 [info     ] algorithm2_scaling_decision    action=MAINTAIN alpha=0.03 beta=0.0 buffer=1.2 current_replicas=3 predicted_load=65.0 required_resources=1.95 target_replicas=3
2026-07-05 10:15:11 [debug    ] Decision loop completed        action=MAINTAIN latency_ms=149.25 p99=23819.0
2026-07-05 10:15:26 [debug    ] HAProxy fallback latency       delta_requests=617 interval_avg_ms=10354.21 max_rtime_ms=23819.0 p99_est=20708.42
2026-07-05 10:15:26 [debug    ] GRU prediction received        confidence=0.88 latency_ms=38.89 predicted=65
2026-07-05 10:15:26 [debug    ] Using GRU prediction           confidence=0.88 predicted=65
2026-07-05 10:15:26 [debug    ] burn_rate_adjustment           actual_burn=0.06 adjustment=-7 allowed_burn=0.83 budget_remaining=984 burn_error=-0.93 burn_ratio=0.07
2026-07-05 10:15:26 [info     ] algorithm2_scaling_decision    action=MAINTAIN alpha=0.03 beta=0.0 buffer=1.2 current_replicas=3 predicted_load=65.0 required_resources=1.95 target_replicas=3
2026-07-05 10:15:26 [debug    ] Decision loop completed        action=MAINTAIN latency_ms=151.92 p99=20708.421393841167
2026-07-05 10:15:41 [debug    ] HAProxy fallback latency       delta_requests=625 interval_avg_ms=12005.98 max_rtime_ms=24317.0 p99_est=24011.96
2026-07-05 10:15:41 [debug    ] GRU prediction received        confidence=0.88 latency_ms=39.6 predicted=65
2026-07-05 10:15:41 [debug    ] Using GRU prediction           confidence=0.88 predicted=65
2026-07-05 10:15:42 [debug    ] burn_rate_adjustment           actual_burn=0.06 adjustment=-7 allowed_burn=0.83 budget_remaining=983 burn_error=-0.929 burn_ratio=0.071
2026-07-05 10:15:42 [info     ] algorithm2_scaling_decision    action=MAINTAIN alpha=0.03 beta=0.0 buffer=1.2 current_replicas=3 predicted_load=65.0 required_resources=1.95 target_replicas=3
2026-07-05 10:15:42 [debug    ] Decision loop completed        action=MAINTAIN latency_ms=148.55 p99=24011.9552
2026-07-05 10:15:57 [debug    ] HAProxy fallback latency       delta_requests=755 interval_avg_ms=8656.2 max_rtime_ms=24317.0 p99_est=17312.39
2026-07-05 10:15:57 [debug    ] GRU prediction received        confidence=0.82 latency_ms=39.07 predicted=65
2026-07-05 10:15:57 [debug    ] Using GRU prediction           confidence=0.82 predicted=65
2026-07-05 10:15:57 [debug    ] burn_rate_adjustment           actual_burn=0.06 adjustment=-7 allowed_burn=0.83 budget_remaining=982 burn_error=-0.929 burn_ratio=0.071
2026-07-05 10:15:57 [info     ] algorithm2_scaling_decision    action=MAINTAIN alpha=0.03 beta=0.0 buffer=1.2 current_replicas=3 predicted_load=65.0 required_resources=1.95 target_replicas=3
2026-07-05 10:15:57 [debug    ] Decision loop completed        action=MAINTAIN latency_ms=151.64 p99=17312.392052980133
2026-07-05 10:16:12 [debug    ] GRU prediction received        confidence=0.72 latency_ms=41.5 predicted=66
2026-07-05 10:16:12 [debug    ] Using GRU prediction           confidence=0.72 predicted=66
2026-07-05 10:16:12 [debug    ] burn_rate_adjustment           actual_burn=0.06 adjustment=-7 allowed_burn=0.83 budget_remaining=981 burn_error=-0.928 burn_ratio=0.072
2026-07-05 10:16:12 [info     ] algorithm2_scaling_decision    action=MAINTAIN alpha=0.03 beta=0.0 buffer=1.2 current_replicas=3 predicted_load=66.0 required_resources=1.98 target_replicas=3
2026-07-05 10:16:12 [debug    ] Decision loop completed        action=MAINTAIN latency_ms=158.69 p99=17312.392052980133
2026-07-05 10:16:27 [debug    ] HAProxy fallback latency       delta_requests=606 interval_avg_ms=35083.62 max_rtime_ms=24317.0 p99_est=24317.0
2026-07-05 10:16:27 [debug    ] GRU prediction received        confidence=0.72 latency_ms=38.91 predicted=65
2026-07-05 10:16:27 [debug    ] Using GRU prediction           confidence=0.72 predicted=65
2026-07-05 10:16:27 [debug    ] burn_rate_adjustment           actual_burn=0.06 adjustment=-7 allowed_burn=0.83 budget_remaining=980 burn_error=-0.928 burn_ratio=0.072
2026-07-05 10:16:27 [info     ] algorithm2_scaling_decision    action=MAINTAIN alpha=0.03 beta=0.0 buffer=1.2 current_replicas=3 predicted_load=65.0 required_resources=1.95 target_replicas=3
2026-07-05 10:16:27 [debug    ] Decision loop completed        action=MAINTAIN latency_ms=145.13 p99=24317.0
2026-07-05 10:16:42 [debug    ] HAProxy fallback latency       delta_requests=619 interval_avg_ms=27211.21 max_rtime_ms=24317.0 p99_est=24317.0
2026-07-05 10:16:42 [debug    ] GRU prediction received        confidence=0.72 latency_ms=40.1 predicted=65
2026-07-05 10:16:42 [debug    ] Using GRU prediction           confidence=0.72 predicted=65
2026-07-05 10:16:42 [debug    ] burn_rate_adjustment           actual_burn=0.06 adjustment=-7 allowed_burn=0.83 budget_remaining=979 burn_error=-0.928 burn_ratio=0.072
2026-07-05 10:16:42 [info     ] algorithm2_scaling_decision    action=MAINTAIN alpha=0.03 beta=0.0 buffer=1.2 current_replicas=3 predicted_load=65.0 required_resources=1.95 target_replicas=3
2026-07-05 10:16:42 [debug    ] Decision loop completed        action=MAINTAIN latency_ms=148.2 p99=24317.0
2026-07-05 10:16:57 [debug    ] HAProxy fallback latency       delta_requests=637 interval_avg_ms=14224.05 max_rtime_ms=25808.0 p99_est=25808.0
2026-07-05 10:16:57 [debug    ] GRU prediction received        confidence=0.72 latency_ms=37.87 predicted=65
2026-07-05 10:16:57 [debug    ] Using GRU prediction           confidence=0.72 predicted=65
2026-07-05 10:16:57 [debug    ] burn_rate_adjustment           actual_burn=0.06 adjustment=-7 allowed_burn=0.83 budget_remaining=978 burn_error=-0.927 burn_ratio=0.073
2026-07-05 10:16:57 [info     ] algorithm2_scaling_decision    action=MAINTAIN alpha=0.03 beta=0.0 buffer=1.2 current_replicas=3 predicted_load=65.0 required_resources=1.95 target_replicas=3
2026-07-05 10:16:57 [debug    ] Decision loop completed        action=MAINTAIN latency_ms=148.53 p99=25808.0
2026-07-05 10:17:12 [debug    ] HAProxy fallback latency       delta_requests=605 interval_avg_ms=12523.38 max_rtime_ms=25808.0 p99_est=25046.76
2026-07-05 10:17:12 [debug    ] GRU prediction received        confidence=0.72 latency_ms=38.45 predicted=65
2026-07-05 10:17:12 [debug    ] Using GRU prediction           confidence=0.72 predicted=65
2026-07-05 10:17:12 [debug    ] burn_rate_adjustment           actual_burn=0.06 adjustment=-7 allowed_burn=0.83 budget_remaining=977 burn_error=-0.927 burn_ratio=0.073
2026-07-05 10:17:12 [info     ] algorithm2_scaling_decision    action=MAINTAIN alpha=0.03 beta=0.0 buffer=1.2 current_replicas=3 predicted_load=65.0 required_resources=1.95 target_replicas=3
2026-07-05 10:17:12 [debug    ] Decision loop completed        action=MAINTAIN latency_ms=145.72 p99=25046.760330578512
2026-07-05 10:17:27 [debug    ] HAProxy fallback latency       delta_requests=626 interval_avg_ms=11582.65 max_rtime_ms=25808.0 p99_est=23165.3
2026-07-05 10:17:28 [debug    ] GRU prediction received        confidence=0.88 latency_ms=39.44 predicted=65
2026-07-05 10:17:28 [debug    ] Using GRU prediction           confidence=0.88 predicted=65
2026-07-05 10:17:28 [debug    ] burn_rate_adjustment           actual_burn=0.06 adjustment=-7 allowed_burn=0.83 budget_remaining=976 burn_error=-0.927 burn_ratio=0.073
2026-07-05 10:17:28 [info     ] algorithm2_scaling_decision    action=MAINTAIN alpha=0.03 beta=0.0 buffer=1.2 current_replicas=3 predicted_load=65.0 required_resources=1.95 target_replicas=3
2026-07-05 10:17:28 [debug    ] Decision loop completed        action=MAINTAIN latency_ms=150.29 p99=23165.29712460064
2026-07-05 10:17:43 [debug    ] HAProxy fallback latency       delta_requests=611 interval_avg_ms=8924.25 max_rtime_ms=25808.0 p99_est=17848.5
2026-07-05 10:17:43 [debug    ] GRU prediction received        confidence=0.88 latency_ms=39.26 predicted=65
2026-07-05 10:17:43 [debug    ] Using GRU prediction           confidence=0.88 predicted=65
2026-07-05 10:17:43 [debug    ] burn_rate_adjustment           actual_burn=0.06 adjustment=-7 allowed_burn=0.83 budget_remaining=975 burn_error=-0.927 burn_ratio=0.073
2026-07-05 10:17:43 [info     ] algorithm2_scaling_decision    action=MAINTAIN alpha=0.03 beta=0.0 buffer=1.2 current_replicas=3 predicted_load=65.0 required_resources=1.95 target_replicas=3
2026-07-05 10:17:43 [debug    ] Decision loop completed        action=MAINTAIN latency_ms=149.56 p99=17848.497545008184
2026-07-05 10:17:58 [debug    ] HAProxy fallback latency       delta_requests=618 interval_avg_ms=13469.27 max_rtime_ms=25808.0 p99_est=25808.0
2026-07-05 10:17:58 [debug    ] GRU prediction received        confidence=0.88 latency_ms=39.4 predicted=64
2026-07-05 10:17:58 [debug    ] Using GRU prediction           confidence=0.88 predicted=64
2026-07-05 10:17:58 [debug    ] burn_rate_adjustment           actual_burn=0.06 adjustment=-7 allowed_burn=0.83 budget_remaining=974 burn_error=-0.926 burn_ratio=0.074
2026-07-05 10:17:58 [info     ] algorithm2_scaling_decision    action=MAINTAIN alpha=0.03 beta=0.0 buffer=1.2 current_replicas=3 predicted_load=64.0 required_resources=1.92 target_replicas=3
2026-07-05 10:17:58 [debug    ] Decision loop completed        action=MAINTAIN latency_ms=148.06 p99=25808.0
2026-07-05 10:18:13 [debug    ] HAProxy fallback latency       delta_requests=616 interval_avg_ms=7066.49 max_rtime_ms=28076.0 p99_est=14132.98
2026-07-05 10:18:13 [debug    ] GRU prediction received        confidence=0.89 latency_ms=38.66 predicted=64
2026-07-05 10:18:13 [debug    ] Using GRU prediction           confidence=0.89 predicted=64
2026-07-05 10:18:13 [debug    ] burn_rate_adjustment           actual_burn=0.06 adjustment=-7 allowed_burn=0.83 budget_remaining=973 burn_error=-0.926 burn_ratio=0.074
2026-07-05 10:18:13 [info     ] algorithm2_scaling_decision    action=MAINTAIN alpha=0.03 beta=0.0 buffer=1.2 current_replicas=3 predicted_load=64.0 required_resources=1.92 target_replicas=3
2026-07-05 10:18:13 [debug    ] Decision loop completed        action=MAINTAIN latency_ms=150.96 p99=14132.983766233767
2026-07-05 10:18:28 [debug    ] HAProxy fallback latency       delta_requests=628 interval_avg_ms=8739.97 max_rtime_ms=28076.0 p99_est=17479.95
2026-07-05 10:18:28 [debug    ] GRU prediction received        confidence=0.89 latency_ms=37.28 predicted=64
2026-07-05 10:18:28 [debug    ] Using GRU prediction           confidence=0.89 predicted=64
2026-07-05 10:18:28 [debug    ] burn_rate_adjustment           actual_burn=0.06 adjustment=-7 allowed_burn=0.83 budget_remaining=972 burn_error=-0.926 burn_ratio=0.074
2026-07-05 10:18:28 [info     ] algorithm2_scaling_decision    action=MAINTAIN alpha=0.03 beta=0.0 buffer=1.2 current_replicas=3 predicted_load=64.0 required_resources=1.92 target_replicas=3
2026-07-05 10:18:28 [debug    ] Decision loop completed        action=MAINTAIN latency_ms=141.81 p99=17479.945859872612
2026-07-05 10:18:43 [debug    ] HAProxy fallback latency       delta_requests=622 interval_avg_ms=4820.04 max_rtime_ms=28076.0 p99_est=9640.07
2026-07-05 10:18:43 [debug    ] GRU prediction received        confidence=0.89 latency_ms=39.32 predicted=64
2026-07-05 10:18:43 [debug    ] Using GRU prediction           confidence=0.89 predicted=64
2026-07-05 10:18:43 [debug    ] burn_rate_adjustment           actual_burn=0.06 adjustment=-7 allowed_burn=0.83 budget_remaining=971 burn_error=-0.926 burn_ratio=0.074
2026-07-05 10:18:43 [info     ] algorithm2_scaling_decision    action=MAINTAIN alpha=0.03 beta=0.0 buffer=1.2 current_replicas=3 predicted_load=64.0 required_resources=1.92 target_replicas=3
2026-07-05 10:18:43 [debug    ] Decision loop completed        action=MAINTAIN latency_ms=148.62 p99=9640.07073954984
2026-07-05 10:18:58 [debug    ] HAProxy fallback latency       delta_requests=625 interval_avg_ms=15922.54 max_rtime_ms=28076.0 p99_est=28076.0
2026-07-05 10:18:58 [debug    ] GRU prediction received        confidence=0.89 latency_ms=38.39 predicted=64
2026-07-05 10:18:58 [debug    ] Using GRU prediction           confidence=0.89 predicted=64
2026-07-05 10:18:58 [debug    ] burn_rate_adjustment           actual_burn=0.06 adjustment=-7 allowed_burn=0.83 budget_remaining=970 burn_error=-0.926 burn_ratio=0.074
2026-07-05 10:18:58 [info     ] algorithm2_scaling_decision    action=MAINTAIN alpha=0.03 beta=0.0 buffer=1.2 current_replicas=3 predicted_load=64.0 required_resources=1.92 target_replicas=3
2026-07-05 10:18:58 [debug    ] Decision loop completed        action=MAINTAIN latency_ms=144.29 p99=28076.0
2026-07-05 10:19:14 [debug    ] HAProxy fallback latency       delta_requests=668 interval_avg_ms=6331.14 max_rtime_ms=28076.0 p99_est=12662.28
2026-07-05 10:19:14 [debug    ] GRU prediction received        confidence=0.88 latency_ms=39.46 predicted=64
2026-07-05 10:19:14 [debug    ] Using GRU prediction           confidence=0.88 predicted=64
2026-07-05 10:19:14 [debug    ] burn_rate_adjustment           actual_burn=0.06 adjustment=-7 allowed_burn=0.83 budget_remaining=969 burn_error=-0.926 burn_ratio=0.074
2026-07-05 10:19:14 [info     ] algorithm2_scaling_decision    action=MAINTAIN alpha=0.03 beta=0.0 buffer=1.2 current_replicas=3 predicted_load=64.0 required_resources=1.92 target_replicas=3
2026-07-05 10:19:14 [debug    ] Decision loop completed        action=MAINTAIN latency_ms=148.46 p99=12662.275449101797
2026-07-05 10:19:29 [debug    ] GRU prediction received        confidence=0.72 latency_ms=40.04 predicted=66
2026-07-05 10:19:29 [debug    ] Using GRU prediction           confidence=0.72 predicted=66
2026-07-05 10:19:29 [debug    ] burn_rate_adjustment           actual_burn=0.06 adjustment=-7 allowed_burn=0.83 budget_remaining=968 burn_error=-0.925 burn_ratio=0.075
2026-07-05 10:19:29 [info     ] Knative pre-warm OK            cold_start_ms=3.2
2026-07-05 10:19:29 [info     ] controller_decision_v3         action=REACTIVE available_replicas=3 budget_remaining=968 burn_adjustment=-7 burst_ratio=0.0943 capacity_deficit=False confidence=0.72 current_load=92.75093440749241 decision_id=401f95fb k8s_capacity=84.0 k8s_weight=97 knative_weight=3 p99=12662.3 predicted_load=66 r_effective=28.0 serverless_enabled=True total_load=92.8 weights_after={'k3s': 97, 'knative': 3} weights_before={'k3s': 100, 'knative': 0}
2026-07-05 10:19:29 [info     ] Weights updated                k3s=97 knative=3
2026-07-05 10:19:29 [info     ] Weights updated                action=REACTIVE reason='load=93RPS | k8s_cap=84RPS | (burst-routing)' weights={'k3s': 97, 'knative': 3}
2026-07-05 10:19:29 [info     ] algorithm2_scaling_decision    action=MAINTAIN alpha=0.03 beta=0.0 buffer=1.2 current_replicas=3 predicted_load=68.29710326485663 required_resources=2.049 target_replicas=3
2026-07-05 10:19:29 [debug    ] Decision loop completed        action=REACTIVE latency_ms=156.48 p99=12662.275449101797
2026-07-05 10:19:44 [debug    ] HAProxy fallback latency       delta_requests=651 interval_avg_ms=17193.49 max_rtime_ms=28076.0 p99_est=28076.0
2026-07-05 10:19:44 [debug    ] GRU prediction received        confidence=0.72 latency_ms=38.55 predicted=65
2026-07-05 10:19:44 [debug    ] Using GRU prediction           confidence=0.72 predicted=65
2026-07-05 10:19:44 [debug    ] burn_rate_adjustment           actual_burn=0.06 adjustment=-7 allowed_burn=0.83 budget_remaining=967 burn_error=-0.925 burn_ratio=0.075
2026-07-05 10:19:44 [info     ] controller_decision_v3         action=RECOVERY available_replicas=3 budget_remaining=967 burn_adjustment=-7 burst_ratio=0 capacity_deficit=False confidence=0.72 current_load=43.08397152382323 decision_id=4e921c2b k8s_capacity=84.0 k8s_weight=100 knative_weight=0 p99=28076.0 predicted_load=65 r_effective=28.0 serverless_enabled=False total_load=65 weights_after={'k3s': 100, 'knative': 0} weights_before={'k3s': 97, 'knative': 3}
2026-07-05 10:19:44 [info     ] Weights updated                k3s=100 knative=0
2026-07-05 10:19:44 [info     ] Weights updated                action=RECOVERY reason='load=65RPS | k8s_cap=84RPS | (reducing-serverless)' weights={'k3s': 100, 'knative': 0}
2026-07-05 10:19:44 [info     ] algorithm2_scaling_decision    action=MAINTAIN alpha=0.03 beta=0.0 buffer=1.2 current_replicas=3 predicted_load=67.91745296565782 required_resources=2.038 target_replicas=3
2026-07-05 10:19:44 [debug    ] Decision loop completed        action=RECOVERY latency_ms=189.13 p99=28076.0
2026-07-05 10:19:59 [debug    ] HAProxy fallback latency       delta_requests=650 interval_avg_ms=47779.68 max_rtime_ms=28076.0 p99_est=28076.0
2026-07-05 10:19:59 [debug    ] GRU prediction received        confidence=0.72 latency_ms=37.71 predicted=65
2026-07-05 10:19:59 [debug    ] Using GRU prediction           confidence=0.72 predicted=65
2026-07-05 10:19:59 [debug    ] burn_rate_adjustment           actual_burn=0.06 adjustment=-7 allowed_burn=0.83 budget_remaining=966 burn_error=-0.925 burn_ratio=0.075
2026-07-05 10:19:59 [info     ] algorithm2_scaling_decision    action=MAINTAIN alpha=0.03 beta=0.0 buffer=1.2 current_replicas=3 predicted_load=65.0 required_resources=1.95 target_replicas=3
2026-07-05 10:19:59 [debug    ] Decision loop completed        action=MAINTAIN latency_ms=147.98 p99=28076.0
2026-07-05 10:20:14 [debug    ] HAProxy fallback latency       delta_requests=636 interval_avg_ms=17754.57 max_rtime_ms=28076.0 p99_est=28076.0
2026-07-05 10:20:14 [debug    ] GRU prediction received        confidence=0.72 latency_ms=39.45 predicted=64
2026-07-05 10:20:14 [debug    ] Using GRU prediction           confidence=0.72 predicted=64
2026-07-05 10:20:14 [debug    ] burn_rate_adjustment           actual_burn=0.06 adjustment=-7 allowed_burn=0.83 budget_remaining=965 burn_error=-0.925 burn_ratio=0.075
2026-07-05 10:20:14 [info     ] algorithm2_scaling_decision    action=MAINTAIN alpha=0.03 beta=0.0 buffer=1.2 current_replicas=3 predicted_load=64.0 required_resources=1.92 target_replicas=3
2026-07-05 10:20:14 [debug    ] Decision loop completed        action=MAINTAIN latency_ms=151.7 p99=28076.0
2026-07-05 10:20:29 [debug    ] HAProxy fallback latency       delta_requests=634 interval_avg_ms=17620.67 max_rtime_ms=28076.0 p99_est=28076.0
2026-07-05 10:20:29 [debug    ] GRU prediction received        confidence=0.72 latency_ms=39.56 predicted=64
2026-07-05 10:20:29 [debug    ] Using GRU prediction           confidence=0.72 predicted=64
2026-07-05 10:20:29 [debug    ] burn_rate_adjustment           actual_burn=0.06 adjustment=-7 allowed_burn=0.83 budget_remaining=964 burn_error=-0.925 burn_ratio=0.075
2026-07-05 10:20:29 [info     ] algorithm2_scaling_decision    action=MAINTAIN alpha=0.03 beta=0.0 buffer=1.2 current_replicas=3 predicted_load=64.0 required_resources=1.92 target_replicas=3
2026-07-05 10:20:29 [debug    ] Decision loop completed        action=MAINTAIN latency_ms=146.81 p99=28076.0
2026-07-05 10:20:44 [debug    ] HAProxy fallback latency       delta_requests=644 interval_avg_ms=10505.52 max_rtime_ms=28076.0 p99_est=21011.03
2026-07-05 10:20:45 [debug    ] GRU prediction received        confidence=0.89 latency_ms=38.12 predicted=64
2026-07-05 10:20:45 [debug    ] Using GRU prediction           confidence=0.89 predicted=64
2026-07-05 10:20:45 [debug    ] burn_rate_adjustment           actual_burn=0.06 adjustment=-7 allowed_burn=0.83 budget_remaining=963 burn_error=-0.925 burn_ratio=0.075
2026-07-05 10:20:45 [info     ] algorithm2_scaling_decision    action=MAINTAIN alpha=0.03 beta=0.0 buffer=1.2 current_replicas=3 predicted_load=64.0 required_resources=1.92 target_replicas=3
2026-07-05 10:20:45 [debug    ] Decision loop completed        action=MAINTAIN latency_ms=148.99 p99=21011.03105590062
2026-07-05 10:21:00 [debug    ] HAProxy fallback latency       delta_requests=623 interval_avg_ms=9221.4 max_rtime_ms=28076.0 p99_est=18442.79
2026-07-05 10:21:00 [debug    ] GRU prediction received        confidence=0.89 latency_ms=39.69 predicted=64
2026-07-05 10:21:00 [debug    ] Using GRU prediction           confidence=0.89 predicted=64
2026-07-05 10:21:00 [debug    ] burn_rate_adjustment           actual_burn=0.06 adjustment=-7 allowed_burn=0.83 budget_remaining=962 burn_error=-0.925 burn_ratio=0.075
2026-07-05 10:21:00 [info     ] algorithm2_scaling_decision    action=MAINTAIN alpha=0.03 beta=0.0 buffer=1.2 current_replicas=3 predicted_load=64.0 required_resources=1.92 target_replicas=3
2026-07-05 10:21:00 [debug    ] Decision loop completed        action=MAINTAIN latency_ms=150.8 p99=18442.792937399678
2026-07-05 10:21:15 [debug    ] HAProxy fallback latency       delta_requests=622 interval_avg_ms=8212.99 max_rtime_ms=28076.0 p99_est=16425.98
2026-07-05 10:21:15 [debug    ] GRU prediction received        confidence=0.89 latency_ms=39.02 predicted=64
2026-07-05 10:21:15 [debug    ] Using GRU prediction           confidence=0.89 predicted=64
2026-07-05 10:21:15 [debug    ] burn_rate_adjustment           actual_burn=0.06 adjustment=-7 allowed_burn=0.83 budget_remaining=961 burn_error=-0.925 burn_ratio=0.075
2026-07-05 10:21:15 [info     ] algorithm2_scaling_decision    action=MAINTAIN alpha=0.03 beta=0.0 buffer=1.2 current_replicas=3 predicted_load=64.0 required_resources=1.92 target_replicas=3
2026-07-05 10:21:15 [debug    ] Decision loop completed        action=MAINTAIN latency_ms=152.39 p99=16425.977491961414
2026-07-05 10:21:30 [debug    ] HAProxy fallback latency       delta_requests=645 interval_avg_ms=7665.48 max_rtime_ms=28076.0 p99_est=15330.97
2026-07-05 10:21:30 [debug    ] GRU prediction received        confidence=0.89 latency_ms=40.64 predicted=64
2026-07-05 10:21:30 [debug    ] Using GRU prediction           confidence=0.89 predicted=64
2026-07-05 10:21:30 [debug    ] burn_rate_adjustment           actual_burn=0.06 adjustment=-7 allowed_burn=0.83 budget_remaining=960 burn_error=-0.925 burn_ratio=0.075
2026-07-05 10:21:30 [info     ] algorithm2_scaling_decision    action=MAINTAIN alpha=0.03 beta=0.0 buffer=1.2 current_replicas=3 predicted_load=64.0 required_resources=1.92 target_replicas=3
2026-07-05 10:21:30 [debug    ] Decision loop completed        action=MAINTAIN latency_ms=147.39 p99=15330.967441860465
2026-07-05 10:21:45 [debug    ] HAProxy fallback latency       delta_requests=615 interval_avg_ms=16453.0 max_rtime_ms=28076.0 p99_est=28076.0
2026-07-05 10:21:45 [debug    ] GRU prediction received        confidence=0.88 latency_ms=39.82 predicted=63
2026-07-05 10:21:45 [debug    ] Using GRU prediction           confidence=0.88 predicted=63
2026-07-05 10:21:45 [debug    ] burn_rate_adjustment           actual_burn=0.06 adjustment=-7 allowed_burn=0.83 budget_remaining=959 burn_error=-0.924 burn_ratio=0.076
2026-07-05 10:21:45 [info     ] algorithm2_scaling_decision    action=MAINTAIN alpha=0.03 beta=0.0 buffer=1.2 current_replicas=3 predicted_load=63.0 required_resources=1.89 target_replicas=3
2026-07-05 10:21:45 [debug    ] Decision loop completed        action=MAINTAIN latency_ms=146.77 p99=28076.0
2026-07-05 10:22:00 [debug    ] HAProxy fallback latency       delta_requests=636 interval_avg_ms=9134.21 max_rtime_ms=28076.0 p99_est=18268.42
2026-07-05 10:22:00 [debug    ] GRU prediction received        confidence=0.88 latency_ms=39.03 predicted=63
2026-07-05 10:22:00 [debug    ] Using GRU prediction           confidence=0.88 predicted=63
2026-07-05 10:22:00 [debug    ] burn_rate_adjustment           actual_burn=0.06 adjustment=-7 allowed_burn=0.83 budget_remaining=958 burn_error=-0.924 burn_ratio=0.076
2026-07-05 10:22:00 [info     ] algorithm2_scaling_decision    action=MAINTAIN alpha=0.03 beta=0.0 buffer=1.2 current_replicas=3 predicted_load=63.0 required_resources=1.89 target_replicas=3
2026-07-05 10:22:00 [debug    ] Decision loop completed        action=MAINTAIN latency_ms=152.57 p99=18268.415094339623
2026-07-05 10:22:15 [debug    ] HAProxy fallback latency       delta_requests=628 interval_avg_ms=8161.36 max_rtime_ms=28076.0 p99_est=16322.72
2026-07-05 10:22:15 [debug    ] GRU prediction received        confidence=0.88 latency_ms=39.22 predicted=63
2026-07-05 10:22:15 [debug    ] Using GRU prediction           confidence=0.88 predicted=63
2026-07-05 10:22:15 [debug    ] burn_rate_adjustment           actual_burn=0.06 adjustment=-7 allowed_burn=0.83 budget_remaining=957 burn_error=-0.924 burn_ratio=0.076
2026-07-05 10:22:15 [info     ] algorithm2_scaling_decision    action=MAINTAIN alpha=0.03 beta=0.0 buffer=1.2 current_replicas=3 predicted_load=63.0 required_resources=1.89 target_replicas=3
2026-07-05 10:22:15 [debug    ] Decision loop completed        action=MAINTAIN latency_ms=152.19 p99=16322.722929936306
2026-07-05 10:22:31 [debug    ] HAProxy fallback latency       delta_requests=644 interval_avg_ms=8892.95 max_rtime_ms=28076.0 p99_est=17785.9
2026-07-05 10:22:31 [debug    ] GRU prediction received        confidence=0.88 latency_ms=38.02 predicted=63
2026-07-05 10:22:31 [debug    ] Using GRU prediction           confidence=0.88 predicted=63
2026-07-05 10:22:31 [debug    ] burn_rate_adjustment           actual_burn=0.06 adjustment=-7 allowed_burn=0.83 budget_remaining=956 burn_error=-0.924 burn_ratio=0.076
2026-07-05 10:22:31 [info     ] algorithm2_scaling_decision    action=MAINTAIN alpha=0.03 beta=0.0 buffer=1.2 current_replicas=3 predicted_load=63.0 required_resources=1.89 target_replicas=3
2026-07-05 10:22:31 [debug    ] Decision loop completed        action=MAINTAIN latency_ms=153.33 p99=17785.900621118013
2026-07-05 10:22:46 [debug    ] HAProxy fallback latency       delta_requests=644 interval_avg_ms=6253.02 max_rtime_ms=28076.0 p99_est=12506.05
2026-07-05 10:22:46 [debug    ] GRU prediction received        confidence=0.88 latency_ms=38.8 predicted=63
2026-07-05 10:22:46 [debug    ] Using GRU prediction           confidence=0.88 predicted=63
2026-07-05 10:22:46 [debug    ] burn_rate_adjustment           actual_burn=0.06 adjustment=-7 allowed_burn=0.83 budget_remaining=955 burn_error=-0.924 burn_ratio=0.076
2026-07-05 10:22:46 [info     ] algorithm2_scaling_decision    action=MAINTAIN alpha=0.03 beta=0.0 buffer=1.2 current_replicas=3 predicted_load=63.0 required_resources=1.89 target_replicas=3
2026-07-05 10:22:46 [debug    ] Decision loop completed        action=MAINTAIN latency_ms=147.08 p99=12506.046583850932
2026-07-05 10:23:01 [debug    ] HAProxy fallback latency       delta_requests=607 interval_avg_ms=8380.53 max_rtime_ms=28076.0 p99_est=16761.07
2026-07-05 10:23:01 [debug    ] GRU prediction received        confidence=0.88 latency_ms=39.49 predicted=63
2026-07-05 10:23:01 [debug    ] Using GRU prediction           confidence=0.88 predicted=63
2026-07-05 10:23:01 [debug    ] burn_rate_adjustment           actual_burn=0.06 adjustment=-7 allowed_burn=0.83 budget_remaining=954 burn_error=-0.924 burn_ratio=0.076
2026-07-05 10:23:01 [info     ] algorithm2_scaling_decision    action=MAINTAIN alpha=0.03 beta=0.0 buffer=1.2 current_replicas=3 predicted_load=63.0 required_resources=1.89 target_replicas=3
2026-07-05 10:23:01 [debug    ] Decision loop completed        action=MAINTAIN latency_ms=146.86 p99=16761.067545304777
2026-07-05 10:23:16 [debug    ] HAProxy fallback latency       delta_requests=642 interval_avg_ms=14855.21 max_rtime_ms=28076.0 p99_est=28076.0
2026-07-05 10:23:16 [debug    ] GRU prediction received        confidence=0.88 latency_ms=38.8 predicted=63
2026-07-05 10:23:16 [debug    ] Using GRU prediction           confidence=0.88 predicted=63
2026-07-05 10:23:16 [debug    ] burn_rate_adjustment           actual_burn=0.06 adjustment=-7 allowed_burn=0.83 budget_remaining=953 burn_error=-0.924 burn_ratio=0.076
2026-07-05 10:23:16 [info     ] algorithm2_scaling_decision    action=MAINTAIN alpha=0.03 beta=0.0 buffer=1.2 current_replicas=3 predicted_load=63.0 required_resources=1.89 target_replicas=3
2026-07-05 10:23:16 [debug    ] Decision loop completed        action=MAINTAIN latency_ms=142.94 p99=28076.0
2026-07-05 10:23:31 [debug    ] HAProxy fallback latency       delta_requests=613 interval_avg_ms=9711.21 max_rtime_ms=30943.0 p99_est=19422.42
2026-07-05 10:23:31 [debug    ] GRU prediction received        confidence=0.87 latency_ms=39.07 predicted=63
2026-07-05 10:23:31 [debug    ] Using GRU prediction           confidence=0.87 predicted=63
2026-07-05 10:23:31 [debug    ] burn_rate_adjustment           actual_burn=0.06 adjustment=-7 allowed_burn=0.83 budget_remaining=952 burn_error=-0.924 burn_ratio=0.076
2026-07-05 10:23:31 [info     ] algorithm2_scaling_decision    action=MAINTAIN alpha=0.03 beta=0.0 buffer=1.2 current_replicas=3 predicted_load=63.0 required_resources=1.89 target_replicas=3
2026-07-05 10:23:31 [debug    ] Decision loop completed        action=MAINTAIN latency_ms=148.05 p99=19422.4176182708
2026-07-05 10:23:46 [debug    ] HAProxy fallback latency       delta_requests=636 interval_avg_ms=9711.51 max_rtime_ms=30943.0 p99_est=19423.03
2026-07-05 10:23:46 [debug    ] GRU prediction received        confidence=0.88 latency_ms=39.04 predicted=63
2026-07-05 10:23:46 [debug    ] Using GRU prediction           confidence=0.88 predicted=63
2026-07-05 10:23:46 [debug    ] burn_rate_adjustment           actual_burn=0.06 adjustment=-7 allowed_burn=0.83 budget_remaining=951 burn_error=-0.924 burn_ratio=0.076
2026-07-05 10:23:46 [info     ] algorithm2_scaling_decision    action=MAINTAIN alpha=0.03 beta=0.0 buffer=1.2 current_replicas=3 predicted_load=63.0 required_resources=1.89 target_replicas=3
2026-07-05 10:23:46 [debug    ] Decision loop completed        action=MAINTAIN latency_ms=149.46 p99=19423.025157232703
2026-07-05 10:24:01 [debug    ] HAProxy fallback latency       delta_requests=645 interval_avg_ms=10522.99 max_rtime_ms=30943.0 p99_est=21045.98
2026-07-05 10:24:01 [debug    ] GRU prediction received        confidence=0.88 latency_ms=37.76 predicted=63
2026-07-05 10:24:01 [debug    ] Using GRU prediction           confidence=0.88 predicted=63
2026-07-05 10:24:01 [debug    ] burn_rate_adjustment           actual_burn=0.06 adjustment=-7 allowed_burn=0.83 budget_remaining=950 burn_error=-0.924 burn_ratio=0.076
2026-07-05 10:24:02 [info     ] algorithm2_scaling_decision    action=MAINTAIN alpha=0.03 beta=0.0 buffer=1.2 current_replicas=3 predicted_load=63.0 required_resources=1.89 target_replicas=3
2026-07-05 10:24:02 [debug    ] Decision loop completed        action=MAINTAIN latency_ms=149.85 p99=21045.981395348837
2026-07-05 10:24:17 [debug    ] HAProxy fallback latency       delta_requests=616 interval_avg_ms=5963.42 max_rtime_ms=30943.0 p99_est=11926.83
2026-07-05 10:24:17 [debug    ] GRU prediction received        confidence=0.88 latency_ms=39.71 predicted=63
2026-07-05 10:24:17 [debug    ] Using GRU prediction           confidence=0.88 predicted=63
2026-07-05 10:24:17 [debug    ] burn_rate_adjustment           actual_burn=0.06 adjustment=-7 allowed_burn=0.83 budget_remaining=949 burn_error=-0.924 burn_ratio=0.076
2026-07-05 10:24:17 [info     ] algorithm2_scaling_decision    action=MAINTAIN alpha=0.03 beta=0.0 buffer=1.2 current_replicas=3 predicted_load=63.0 required_resources=1.89 target_replicas=3
2026-07-05 10:24:17 [debug    ] Decision loop completed        action=MAINTAIN latency_ms=147.87 p99=11926.83116883117
2026-07-05 10:24:32 [debug    ] HAProxy fallback latency       delta_requests=635 interval_avg_ms=5084.01 max_rtime_ms=30943.0 p99_est=10168.03
2026-07-05 10:24:32 [debug    ] GRU prediction received        confidence=0.88 latency_ms=37.51 predicted=62
2026-07-05 10:24:32 [debug    ] Using GRU prediction           confidence=0.88 predicted=62
2026-07-05 10:24:32 [debug    ] burn_rate_adjustment           actual_burn=0.06 adjustment=-7 allowed_burn=0.83 budget_remaining=948 burn_error=-0.924 burn_ratio=0.076
2026-07-05 10:24:32 [info     ] algorithm2_scaling_decision    action=MAINTAIN alpha=0.03 beta=0.0 buffer=1.2 current_replicas=3 predicted_load=62.0 required_resources=1.86 target_replicas=3
2026-07-05 10:24:32 [debug    ] Decision loop completed        action=MAINTAIN latency_ms=144.07 p99=10168.028346456693
2026-07-05 10:24:47 [debug    ] HAProxy fallback latency       delta_requests=641 interval_avg_ms=9209.89 max_rtime_ms=30943.0 p99_est=18419.78
2026-07-05 10:24:47 [debug    ] GRU prediction received        confidence=0.89 latency_ms=39.33 predicted=62
2026-07-05 10:24:47 [debug    ] Using GRU prediction           confidence=0.89 predicted=62
2026-07-05 10:24:47 [debug    ] burn_rate_adjustment           actual_burn=0.06 adjustment=-7 allowed_burn=0.83 budget_remaining=947 burn_error=-0.924 burn_ratio=0.076
2026-07-05 10:24:47 [info     ] algorithm2_scaling_decision    action=MAINTAIN alpha=0.03 beta=0.0 buffer=1.2 current_replicas=3 predicted_load=62.0 required_resources=1.86 target_replicas=3
2026-07-05 10:24:47 [debug    ] Decision loop completed        action=MAINTAIN latency_ms=150.39 p99=18419.778471138845
2026-07-05 10:25:02 [debug    ] HAProxy fallback latency       delta_requests=624 interval_avg_ms=12907.6 max_rtime_ms=30943.0 p99_est=25815.19
2026-07-05 10:25:02 [debug    ] GRU prediction received        confidence=0.89 latency_ms=38.12 predicted=62
2026-07-05 10:25:02 [debug    ] Using GRU prediction           confidence=0.89 predicted=62
2026-07-05 10:25:02 [debug    ] burn_rate_adjustment           actual_burn=0.06 adjustment=-7 allowed_burn=0.83 budget_remaining=946 burn_error=-0.924 burn_ratio=0.076
2026-07-05 10:25:02 [info     ] algorithm2_scaling_decision    action=MAINTAIN alpha=0.03 beta=0.0 buffer=1.2 current_replicas=3 predicted_load=62.0 required_resources=1.86 target_replicas=3
2026-07-05 10:25:02 [debug    ] Decision loop completed        action=MAINTAIN latency_ms=151.05 p99=25815.19230769231
2026-07-05 10:25:17 [debug    ] HAProxy fallback latency       delta_requests=634 interval_avg_ms=5586.96 max_rtime_ms=30943.0 p99_est=11173.91
2026-07-05 10:25:17 [debug    ] GRU prediction received        confidence=0.89 latency_ms=39.13 predicted=62
2026-07-05 10:25:17 [debug    ] Using GRU prediction           confidence=0.89 predicted=62
2026-07-05 10:25:17 [debug    ] burn_rate_adjustment           actual_burn=0.06 adjustment=-7 allowed_burn=0.83 budget_remaining=945 burn_error=-0.924 burn_ratio=0.076
2026-07-05 10:25:17 [info     ] algorithm2_scaling_decision    action=MAINTAIN alpha=0.03 beta=0.0 buffer=1.2 current_replicas=3 predicted_load=62.0 required_resources=1.86 target_replicas=3
2026-07-05 10:25:17 [debug    ] Decision loop completed        action=MAINTAIN latency_ms=151.48 p99=11173.91167192429
2026-07-05 10:25:32 [debug    ] HAProxy fallback latency       delta_requests=623 interval_avg_ms=10107.36 max_rtime_ms=30943.0 p99_est=20214.72
2026-07-05 10:25:32 [debug    ] GRU prediction received        confidence=0.89 latency_ms=39.64 predicted=62
2026-07-05 10:25:32 [debug    ] Using GRU prediction           confidence=0.89 predicted=62
2026-07-05 10:25:32 [debug    ] burn_rate_adjustment           actual_burn=0.06 adjustment=-7 allowed_burn=0.83 budget_remaining=944 burn_error=-0.924 burn_ratio=0.076
2026-07-05 10:25:32 [info     ] algorithm2_scaling_decision    action=MAINTAIN alpha=0.03 beta=0.0 buffer=1.2 current_replicas=3 predicted_load=62.0 required_resources=1.86 target_replicas=3
2026-07-05 10:25:32 [debug    ] Decision loop completed        action=MAINTAIN latency_ms=150.32 p99=20214.72231139647
2026-07-05 10:25:47 [debug    ] HAProxy fallback latency       delta_requests=623 interval_avg_ms=13752.55 max_rtime_ms=30943.0 p99_est=27505.09
2026-07-05 10:25:47 [debug    ] GRU prediction received        confidence=0.89 latency_ms=40.92 predicted=62
2026-07-05 10:25:47 [debug    ] Using GRU prediction           confidence=0.89 predicted=62
2026-07-05 10:25:48 [debug    ] burn_rate_adjustment           actual_burn=0.06 adjustment=-7 allowed_burn=0.83 budget_remaining=943 burn_error=-0.923 burn_ratio=0.077
2026-07-05 10:25:48 [info     ] algorithm2_scaling_decision    action=MAINTAIN alpha=0.03 beta=0.0 buffer=1.2 current_replicas=3 predicted_load=62.0 required_resources=1.86 target_replicas=3
2026-07-05 10:25:48 [debug    ] Decision loop completed        action=MAINTAIN latency_ms=154.44 p99=27505.091492776886
2026-07-05 10:26:03 [debug    ] HAProxy fallback latency       delta_requests=636 interval_avg_ms=15821.33 max_rtime_ms=30943.0 p99_est=30943.0
2026-07-05 10:26:03 [debug    ] GRU prediction received        confidence=0.89 latency_ms=38.67 predicted=63
2026-07-05 10:26:03 [debug    ] Using GRU prediction           confidence=0.89 predicted=63
2026-07-05 10:26:03 [debug    ] burn_rate_adjustment           actual_burn=0.06 adjustment=-7 allowed_burn=0.83 budget_remaining=942 burn_error=-0.923 burn_ratio=0.077
2026-07-05 10:26:03 [info     ] algorithm2_scaling_decision    action=MAINTAIN alpha=0.03 beta=0.0 buffer=1.2 current_replicas=3 predicted_load=63.0 required_resources=1.89 target_replicas=3
2026-07-05 10:26:03 [debug    ] Decision loop completed        action=MAINTAIN latency_ms=166.59 p99=30943.0
2026-07-05 10:26:18 [debug    ] HAProxy fallback latency       delta_requests=646 interval_avg_ms=5268.3 max_rtime_ms=30943.0 p99_est=10536.59
2026-07-05 10:26:18 [debug    ] GRU prediction received        confidence=0.89 latency_ms=40.4 predicted=63
2026-07-05 10:26:18 [debug    ] Using GRU prediction           confidence=0.89 predicted=63
2026-07-05 10:26:18 [debug    ] burn_rate_adjustment           actual_burn=0.06 adjustment=-7 allowed_burn=0.83 budget_remaining=941 burn_error=-0.923 burn_ratio=0.077
2026-07-05 10:26:18 [info     ] algorithm2_scaling_decision    action=MAINTAIN alpha=0.03 beta=0.0 buffer=1.2 current_replicas=3 predicted_load=63.0 required_resources=1.89 target_replicas=3
2026-07-05 10:26:18 [debug    ] Decision loop completed        action=MAINTAIN latency_ms=146.77 p99=10536.594427244581
2026-07-05 10:26:33 [debug    ] HAProxy fallback latency       delta_requests=618 interval_avg_ms=10461.32 max_rtime_ms=30943.0 p99_est=20922.64
2026-07-05 10:26:33 [debug    ] GRU prediction received        confidence=0.89 latency_ms=39.76 predicted=63
2026-07-05 10:26:33 [debug    ] Using GRU prediction           confidence=0.89 predicted=63
2026-07-05 10:26:33 [debug    ] burn_rate_adjustment           actual_burn=0.06 adjustment=-7 allowed_burn=0.83 budget_remaining=940 burn_error=-0.923 burn_ratio=0.077
2026-07-05 10:26:33 [info     ] algorithm2_scaling_decision    action=MAINTAIN alpha=0.03 beta=0.0 buffer=1.2 current_replicas=3 predicted_load=63.0 required_resources=1.89 target_replicas=3
2026-07-05 10:26:33 [debug    ] Decision loop completed        action=MAINTAIN latency_ms=147.64 p99=20922.64077669903
2026-07-05 10:26:48 [debug    ] HAProxy fallback latency       delta_requests=632 interval_avg_ms=8217.75 max_rtime_ms=30943.0 p99_est=16435.49
2026-07-05 10:26:48 [debug    ] GRU prediction received        confidence=0.89 latency_ms=38.8 predicted=63
2026-07-05 10:26:48 [debug    ] Using GRU prediction           confidence=0.89 predicted=63
2026-07-05 10:26:48 [debug    ] burn_rate_adjustment           actual_burn=0.06 adjustment=-7 allowed_burn=0.83 budget_remaining=939 burn_error=-0.923 burn_ratio=0.077
2026-07-05 10:26:48 [info     ] algorithm2_scaling_decision    action=MAINTAIN alpha=0.03 beta=0.0 buffer=1.2 current_replicas=3 predicted_load=63.0 required_resources=1.89 target_replicas=3
2026-07-05 10:26:48 [debug    ] Decision loop completed        action=MAINTAIN latency_ms=151.64 p99=16435.493670886077
2026-07-05 10:27:03 [debug    ] HAProxy fallback latency       delta_requests=635 interval_avg_ms=3688.69 max_rtime_ms=30943.0 p99_est=7377.38
2026-07-05 10:27:03 [debug    ] GRU prediction received        confidence=0.89 latency_ms=39.91 predicted=63
2026-07-05 10:27:03 [debug    ] Using GRU prediction           confidence=0.89 predicted=63
2026-07-05 10:27:03 [debug    ] burn_rate_adjustment           actual_burn=0.06 adjustment=-7 allowed_burn=0.83 budget_remaining=938 burn_error=-0.923 burn_ratio=0.077
2026-07-05 10:27:03 [info     ] algorithm2_scaling_decision    action=MAINTAIN alpha=0.03 beta=0.0 buffer=1.2 current_replicas=3 predicted_load=63.0 required_resources=1.89 target_replicas=3
2026-07-05 10:27:03 [debug    ] Decision loop completed        action=MAINTAIN latency_ms=154.74 p99=7377.376377952756
2026-07-05 10:27:18 [debug    ] HAProxy fallback latency       delta_requests=639 interval_avg_ms=14205.04 max_rtime_ms=30943.0 p99_est=28410.08
2026-07-05 10:27:18 [debug    ] GRU prediction received        confidence=0.89 latency_ms=37.9 predicted=63
2026-07-05 10:27:18 [debug    ] Using GRU prediction           confidence=0.89 predicted=63
2026-07-05 10:27:18 [debug    ] burn_rate_adjustment           actual_burn=0.06 adjustment=-7 allowed_burn=0.83 budget_remaining=937 burn_error=-0.923 burn_ratio=0.077
2026-07-05 10:27:18 [info     ] algorithm2_scaling_decision    action=MAINTAIN alpha=0.03 beta=0.0 buffer=1.2 current_replicas=3 predicted_load=63.0 required_resources=1.89 target_replicas=3
2026-07-05 10:27:18 [debug    ] Decision loop completed        action=MAINTAIN latency_ms=153.8 p99=28410.0813771518
2026-07-05 10:27:34 [debug    ] HAProxy fallback latency       delta_requests=610 interval_avg_ms=11114.74 max_rtime_ms=30943.0 p99_est=22229.48
2026-07-05 10:27:34 [debug    ] GRU prediction received        confidence=0.89 latency_ms=38.18 predicted=63
2026-07-05 10:27:34 [debug    ] Using GRU prediction           confidence=0.89 predicted=63
2026-07-05 10:27:34 [debug    ] burn_rate_adjustment           actual_burn=0.06 adjustment=-7 allowed_burn=0.83 budget_remaining=936 burn_error=-0.923 burn_ratio=0.077
2026-07-05 10:27:34 [info     ] algorithm2_scaling_decision    action=MAINTAIN alpha=0.03 beta=0.0 buffer=1.2 current_replicas=3 predicted_load=63.0 required_resources=1.89 target_replicas=3
2026-07-05 10:27:34 [debug    ] Decision loop completed        action=MAINTAIN latency_ms=155.44 p99=22229.475409836065
2026-07-05 10:27:49 [debug    ] HAProxy fallback latency       delta_requests=650 interval_avg_ms=9705.45 max_rtime_ms=30943.0 p99_est=19410.89
2026-07-05 10:27:49 [debug    ] GRU prediction received        confidence=0.88 latency_ms=40.06 predicted=63
2026-07-05 10:27:49 [debug    ] Using GRU prediction           confidence=0.88 predicted=63
2026-07-05 10:27:49 [debug    ] burn_rate_adjustment           actual_burn=0.06 adjustment=-7 allowed_burn=0.83 budget_remaining=935 burn_error=-0.923 burn_ratio=0.077
2026-07-05 10:27:49 [info     ] algorithm2_scaling_decision    action=MAINTAIN alpha=0.03 beta=0.0 buffer=1.2 current_replicas=3 predicted_load=63.0 required_resources=1.89 target_replicas=3
2026-07-05 10:27:49 [debug    ] Decision loop completed        action=MAINTAIN latency_ms=144.52 p99=19410.89230769231
2026-07-05 10:28:04 [debug    ] HAProxy fallback latency       delta_requests=625 interval_avg_ms=7665.26 max_rtime_ms=30943.0 p99_est=15330.53
2026-07-05 10:28:04 [debug    ] GRU prediction received        confidence=0.88 latency_ms=38.67 predicted=63
2026-07-05 10:28:04 [debug    ] Using GRU prediction           confidence=0.88 predicted=63
2026-07-05 10:28:04 [debug    ] burn_rate_adjustment           actual_burn=0.06 adjustment=-7 allowed_burn=0.83 budget_remaining=934 burn_error=-0.923 burn_ratio=0.077
2026-07-05 10:28:04 [info     ] algorithm2_scaling_decision    action=MAINTAIN alpha=0.03 beta=0.0 buffer=1.2 current_replicas=3 predicted_load=63.0 required_resources=1.89 target_replicas=3
2026-07-05 10:28:04 [debug    ] Decision loop completed        action=MAINTAIN latency_ms=145.29 p99=15330.528
2026-07-05 10:28:19 [debug    ] GRU prediction received        confidence=0.81 latency_ms=37.47 predicted=63
2026-07-05 10:28:19 [debug    ] Using GRU prediction           confidence=0.81 predicted=63
2026-07-05 10:28:19 [debug    ] burn_rate_adjustment           actual_burn=0.06 adjustment=-7 allowed_burn=0.83 budget_remaining=933 burn_error=-0.923 burn_ratio=0.077
2026-07-05 10:28:19 [info     ] algorithm2_scaling_decision    action=MAINTAIN alpha=0.03 beta=0.0 buffer=1.2 current_replicas=3 predicted_load=63.0 required_resources=1.89 target_replicas=3
2026-07-05 10:28:19 [debug    ] Decision loop completed        action=MAINTAIN latency_ms=140.97 p99=15330.528
2026-07-05 10:28:34 [debug    ] GRU prediction received        confidence=0.81 latency_ms=39.49 predicted=63
2026-07-05 10:28:34 [debug    ] Using GRU prediction           confidence=0.81 predicted=63
2026-07-05 10:28:34 [debug    ] burn_rate_adjustment           actual_burn=0.06 adjustment=-7 allowed_burn=0.83 budget_remaining=932 burn_error=-0.923 burn_ratio=0.077
2026-07-05 10:28:34 [info     ] algorithm2_scaling_decision    action=MAINTAIN alpha=0.03 beta=0.0 buffer=1.2 current_replicas=3 predicted_load=63.0 required_resources=1.89 target_replicas=3
2026-07-05 10:28:34 [debug    ] Decision loop completed        action=MAINTAIN latency_ms=149.64 p99=15330.528
2026-07-05 10:28:49 [debug    ] GRU prediction received        confidence=0.82 latency_ms=39.22 predicted=63
2026-07-05 10:28:49 [debug    ] Using GRU prediction           confidence=0.82 predicted=63
2026-07-05 10:28:49 [debug    ] burn_rate_adjustment           actual_burn=0.06 adjustment=-7 allowed_burn=0.83 budget_remaining=931 burn_error=-0.923 burn_ratio=0.077
2026-07-05 10:28:49 [info     ] algorithm2_scaling_decision    action=MAINTAIN alpha=0.03 beta=0.0 buffer=1.2 current_replicas=3 predicted_load=63.0 required_resources=1.89 target_replicas=3
2026-07-05 10:28:49 [debug    ] Decision loop completed        action=MAINTAIN latency_ms=151.12 p99=15330.528
2026-07-05 10:29:04 [debug    ] HAProxy fallback latency       delta_requests=678 interval_avg_ms=44210.1 max_rtime_ms=30943.0 p99_est=30943.0
2026-07-05 10:29:04 [debug    ] GRU prediction received        confidence=0.82 latency_ms=38.26 predicted=63
2026-07-05 10:29:04 [debug    ] Using GRU prediction           confidence=0.82 predicted=63
2026-07-05 10:29:04 [debug    ] burn_rate_adjustment           actual_burn=0.06 adjustment=-7 allowed_burn=0.83 budget_remaining=930 burn_error=-0.923 burn_ratio=0.077
2026-07-05 10:29:05 [info     ] algorithm2_scaling_decision    action=MAINTAIN alpha=0.03 beta=0.0 buffer=1.2 current_replicas=3 predicted_load=63.0 required_resources=1.89 target_replicas=3
2026-07-05 10:29:05 [debug    ] Decision loop completed        action=MAINTAIN latency_ms=150.58 p99=30943.0
2026-07-05 10:29:20 [debug    ] HAProxy fallback latency       delta_requests=725 interval_avg_ms=114081.79 max_rtime_ms=30943.0 p99_est=30943.0
2026-07-05 10:29:20 [debug    ] GRU prediction received        confidence=0.84 latency_ms=39.09 predicted=63
2026-07-05 10:29:20 [debug    ] Using GRU prediction           confidence=0.84 predicted=63
2026-07-05 10:29:20 [debug    ] burn_rate_adjustment           actual_burn=0.06 adjustment=-7 allowed_burn=0.83 budget_remaining=929 burn_error=-0.923 burn_ratio=0.077
2026-07-05 10:29:20 [info     ] algorithm2_scaling_decision    action=MAINTAIN alpha=0.03 beta=0.0 buffer=1.2 current_replicas=3 predicted_load=63.0 required_resources=1.89 target_replicas=3
2026-07-05 10:29:20 [debug    ] Decision loop completed        action=MAINTAIN latency_ms=153.06 p99=30943.0
2026-07-05 10:29:35 [debug    ] HAProxy fallback latency       delta_requests=624 interval_avg_ms=205027.1 max_rtime_ms=30943.0 p99_est=30943.0
2026-07-05 10:29:35 [debug    ] GRU prediction received        confidence=0.86 latency_ms=39.45 predicted=63
2026-07-05 10:29:35 [debug    ] Using GRU prediction           confidence=0.86 predicted=63
2026-07-05 10:29:35 [debug    ] burn_rate_adjustment           actual_burn=0.06 adjustment=-7 allowed_burn=0.83 budget_remaining=928 burn_error=-0.923 burn_ratio=0.077
2026-07-05 10:29:35 [info     ] algorithm2_scaling_decision    action=MAINTAIN alpha=0.03 beta=0.0 buffer=1.2 current_replicas=3 predicted_load=63.0 required_resources=1.89 target_replicas=3
2026-07-05 10:29:35 [debug    ] Decision loop completed        action=MAINTAIN latency_ms=152.38 p99=30943.0
2026-07-05 10:29:50 [debug    ] HAProxy fallback latency       delta_requests=623 interval_avg_ms=72929.32 max_rtime_ms=30943.0 p99_est=30943.0
2026-07-05 10:29:50 [debug    ] GRU prediction received        confidence=0.85 latency_ms=40.46 predicted=63
2026-07-05 10:29:50 [debug    ] Using GRU prediction           confidence=0.85 predicted=63
2026-07-05 10:29:50 [debug    ] burn_rate_adjustment           actual_burn=0.06 adjustment=-7 allowed_burn=0.83 budget_remaining=927 burn_error=-0.923 burn_ratio=0.077
2026-07-05 10:29:50 [info     ] algorithm2_scaling_decision    action=MAINTAIN alpha=0.03 beta=0.0 buffer=1.2 current_replicas=3 predicted_load=63.0 required_resources=1.89 target_replicas=3
2026-07-05 10:29:50 [debug    ] Decision loop completed        action=MAINTAIN latency_ms=164.74 p99=30943.0
2026-07-05 10:30:05 [debug    ] HAProxy fallback latency       delta_requests=574 interval_avg_ms=3602.84 max_rtime_ms=30943.0 p99_est=7205.67
2026-07-05 10:30:05 [debug    ] GRU prediction received        confidence=0.83 latency_ms=39.13 predicted=63
2026-07-05 10:30:05 [debug    ] Using GRU prediction           confidence=0.83 predicted=63
2026-07-05 10:30:05 [debug    ] burn_rate_adjustment           actual_burn=0.06 adjustment=-7 allowed_burn=0.83 budget_remaining=926 burn_error=-0.923 burn_ratio=0.077
2026-07-05 10:30:05 [info     ] algorithm2_scaling_decision    action=MAINTAIN alpha=0.03 beta=0.0 buffer=1.2 current_replicas=3 predicted_load=63.0 required_resources=1.89 target_replicas=3
2026-07-05 10:30:05 [debug    ] Decision loop completed        action=MAINTAIN latency_ms=159.65 p99=7205.672473867596
2026-07-05 10:30:20 [debug    ] GRU prediction received        confidence=0.82 latency_ms=39.34 predicted=63
2026-07-05 10:30:20 [debug    ] Using GRU prediction           confidence=0.82 predicted=63
2026-07-05 10:30:20 [debug    ] burn_rate_adjustment           actual_burn=0.06 adjustment=-7 allowed_burn=0.83 budget_remaining=925 burn_error=-0.923 burn_ratio=0.077
2026-07-05 10:30:20 [info     ] algorithm2_scaling_decision    action=MAINTAIN alpha=0.03 beta=0.0 buffer=1.2 current_replicas=3 predicted_load=63.0 required_resources=1.89 target_replicas=3
2026-07-05 10:30:20 [debug    ] Decision loop completed        action=MAINTAIN latency_ms=143.97 p99=7205.672473867596
2026-07-05 10:30:35 [debug    ] GRU prediction received        confidence=0.87 latency_ms=39.36 predicted=63
2026-07-05 10:30:35 [debug    ] Using GRU prediction           confidence=0.87 predicted=63
2026-07-05 10:30:35 [debug    ] burn_rate_adjustment           actual_burn=0.06 adjustment=-7 allowed_burn=0.83 budget_remaining=924 burn_error=-0.923 burn_ratio=0.077
2026-07-05 10:30:35 [info     ] algorithm2_scaling_decision    action=MAINTAIN alpha=0.03 beta=0.0 buffer=1.2 current_replicas=3 predicted_load=63.0 required_resources=1.89 target_replicas=3
2026-07-05 10:30:35 [debug    ] Decision loop completed        action=MAINTAIN latency_ms=150.63 p99=7205.672473867596
2026-07-05 10:30:51 [debug    ] GRU prediction received        confidence=0.87 latency_ms=39.44 predicted=63
2026-07-05 10:30:51 [debug    ] Using GRU prediction           confidence=0.87 predicted=63
2026-07-05 10:30:51 [debug    ] burn_rate_adjustment           actual_burn=0.06 adjustment=-7 allowed_burn=0.83 budget_remaining=923 burn_error=-0.923 burn_ratio=0.077
2026-07-05 10:30:51 [info     ] algorithm2_scaling_decision    action=MAINTAIN alpha=0.03 beta=0.0 buffer=1.2 current_replicas=3 predicted_load=63.0 required_resources=1.89 target_replicas=3
2026-07-05 10:30:51 [debug    ] Decision loop completed        action=MAINTAIN latency_ms=151.24 p99=7205.672473867596
2026-07-05 10:31:06 [debug    ] HAProxy fallback latency       delta_requests=673 interval_avg_ms=18994.88 max_rtime_ms=30943.0 p99_est=30943.0
2026-07-05 10:31:06 [debug    ] GRU prediction received        confidence=0.85 latency_ms=39.92 predicted=63
2026-07-05 10:31:06 [debug    ] Using GRU prediction           confidence=0.85 predicted=63
2026-07-05 10:31:06 [debug    ] burn_rate_adjustment           actual_burn=0.06 adjustment=-7 allowed_burn=0.83 budget_remaining=922 burn_error=-0.923 burn_ratio=0.077
2026-07-05 10:31:06 [info     ] algorithm2_scaling_decision    action=MAINTAIN alpha=0.03 beta=0.0 buffer=1.2 current_replicas=3 predicted_load=63.0 required_resources=1.89 target_replicas=3
2026-07-05 10:31:06 [debug    ] Decision loop completed        action=MAINTAIN latency_ms=153.31 p99=30943.0
2026-07-05 10:31:21 [debug    ] HAProxy fallback latency       delta_requests=668 interval_avg_ms=124203.01 max_rtime_ms=30943.0 p99_est=30943.0
2026-07-05 10:31:21 [debug    ] GRU prediction received        confidence=0.85 latency_ms=37.68 predicted=63
2026-07-05 10:31:21 [debug    ] Using GRU prediction           confidence=0.85 predicted=63
2026-07-05 10:31:21 [debug    ] burn_rate_adjustment           actual_burn=0.06 adjustment=-7 allowed_burn=0.83 budget_remaining=921 burn_error=-0.923 burn_ratio=0.077
2026-07-05 10:31:21 [info     ] algorithm2_scaling_decision    action=MAINTAIN alpha=0.03 beta=0.0 buffer=1.2 current_replicas=3 predicted_load=63.0 required_resources=1.89 target_replicas=3
2026-07-05 10:31:21 [debug    ] Decision loop completed        action=MAINTAIN latency_ms=147.7 p99=30943.0
2026-07-05 10:31:36 [debug    ] HAProxy fallback latency       delta_requests=146 interval_avg_ms=419436.81 max_rtime_ms=30943.0 p99_est=30943.0
2026-07-05 10:31:36 [debug    ] GRU prediction received        confidence=0.72 latency_ms=39.04 predicted=61
2026-07-05 10:31:36 [debug    ] Using GRU prediction           confidence=0.72 predicted=61
2026-07-05 10:31:36 [debug    ] burn_rate_adjustment           actual_burn=0.06 adjustment=-7 allowed_burn=0.83 budget_remaining=920 burn_error=-0.923 burn_ratio=0.077
2026-07-05 10:31:36 [info     ] algorithm2_scaling_decision    action=MAINTAIN alpha=0.03 beta=0.0 buffer=1.2 current_replicas=3 predicted_load=61.0 required_resources=1.83 target_replicas=3
2026-07-05 10:31:36 [debug    ] Decision loop completed        action=MAINTAIN latency_ms=153.26 p99=30943.0
2026-07-05 10:31:51 [debug    ] GRU prediction received        confidence=0.72 latency_ms=39.15 predicted=59
2026-07-05 10:31:51 [debug    ] Using GRU prediction           confidence=0.72 predicted=59
2026-07-05 10:31:51 [debug    ] burn_rate_adjustment           actual_burn=0.06 adjustment=-7 allowed_burn=0.83 budget_remaining=919 burn_error=-0.923 burn_ratio=0.077
2026-07-05 10:31:51 [info     ] algorithm2_scaling_decision    action=MAINTAIN alpha=0.03 beta=0.0 buffer=1.2 current_replicas=3 predicted_load=59.0 required_resources=1.77 target_replicas=3
2026-07-05 10:31:51 [debug    ] Decision loop completed        action=MAINTAIN latency_ms=143.68 p99=30943.0
2026-07-05 10:32:06 [debug    ] GRU prediction received        confidence=0.72 latency_ms=37.92 predicted=59
2026-07-05 10:32:06 [debug    ] Using GRU prediction           confidence=0.72 predicted=59
2026-07-05 10:32:06 [debug    ] burn_rate_adjustment           actual_burn=0.06 adjustment=-7 allowed_burn=0.83 budget_remaining=918 burn_error=-0.923 burn_ratio=0.077
2026-07-05 10:32:06 [info     ] algorithm2_scaling_decision    action=MAINTAIN alpha=0.03 beta=0.0 buffer=1.2 current_replicas=3 predicted_load=59.0 required_resources=1.77 target_replicas=3
2026-07-05 10:32:06 [debug    ] Decision loop completed        action=MAINTAIN latency_ms=148.49 p99=30943.0
2026-07-05 10:32:21 [debug    ] GRU prediction received        confidence=0.72 latency_ms=39.38 predicted=58
2026-07-05 10:32:21 [debug    ] Using GRU prediction           confidence=0.72 predicted=58
2026-07-05 10:32:21 [debug    ] burn_rate_adjustment           actual_burn=0.06 adjustment=-7 allowed_burn=0.83 budget_remaining=917 burn_error=-0.923 burn_ratio=0.077
2026-07-05 10:32:22 [info     ] algorithm2_scaling_decision    action=MAINTAIN alpha=0.03 beta=0.0 buffer=1.2 current_replicas=3 predicted_load=58.0 required_resources=1.74 target_replicas=3
2026-07-05 10:32:22 [debug    ] Decision loop completed        action=MAINTAIN latency_ms=151.92 p99=30943.0
2026-07-05 10:32:32 [info     ] Received shutdown signal
2026-07-05 10:32:32 [info     ] Stopping routing daemon...
2026-07-05 10:32:32 [info     ] Routing daemon stopped
