2026-09-12 19:36:53 [info     ] SLOMonitor initialized         threshold_ms=200.0 violation_window=30
2026-09-12 19:36:53 [info     ] Algorithm1ControllerV3 initialized max_knative=50 r_saturation=33.3 target_cpu_util=0.5 total_budget=1000
2026-09-12 19:36:53 [info     ] controller_selected            kind=Algorithm1ControllerV3 scenario=s3-hybrid-reactive version=v3
2026-09-12 19:36:53 [info     ] HAProxyWeightAdjuster initialized backend=servers host=localhost port=19999
2026-09-12 19:36:53 [info     ] GRUClient initialized          base_url=http://localhost:8090
2026-09-12 19:36:53 [info     ] K8sScaler initialized          deployment=test-app-warm namespace=default
2026-09-12 19:36:53 [info     ] RoutingDaemon initialized      decision_interval=15 description='Algorithm 1 reactive routing without predictions' scenario=s3-hybrid-reactive use_algorithm=True use_predictions=False
2026-09-12 19:36:53 [info     ] Starting routing daemon        interval=15 scenario=s3-hybrid-reactive
2026-09-12 19:36:53 [info     ] Weights updated                k3s=80 knative=20
2026-09-12 19:36:53 [info     ] Initial weights applied        k3s=80 knative=20
2026-09-12 19:36:54 [info     ] controller_decision_v3         action=RECOVERY available_replicas=3 budget_remaining=1000 burn_adjustment=0 burst_ratio=0 capacity_deficit=False confidence=0 current_load=2.3810933333333333 decision_id=df6d7745 k8s_capacity=49.9 k8s_weight=100 knative_weight=0 p99=83.5 predicted_load=0 r_effective=16.6 serverless_enabled=False total_load=2.4 weights_after={'k3s': 100, 'knative': 0} weights_before={'k3s': 80, 'knative': 20}
2026-09-12 19:36:54 [info     ] Weights updated                k3s=100 knative=0
2026-09-12 19:36:54 [info     ] Weights updated                action=RECOVERY reason='load=2RPS | k8s_cap=50RPS | (reducing-serverless)' weights={'k3s': 100, 'knative': 0}
2026-09-12 19:36:54 [info     ] algorithm2_scaling_decision    action=MAINTAIN alpha=0.060060060060060066 beta=0.0 buffer=1.0 current_replicas=3 predicted_load=2.3810933333333333 required_resources=0.143 target_replicas=3
2026-09-12 19:36:54 [info     ] algorithm2_decision            action=MAINTAIN applied_target=3 current_replicas=3 hold_until=0.0 observed_load=2.38 observed_target=3 point_forecasts=None prediction_age_sec=None predictive_target=3 proactive=False scenario=s3-hybrid-reactive target_replicas=3 upper_forecasts=None
2026-09-12 19:36:54 [debug    ] Decision loop completed        action=RECOVERY latency_ms=134.64 p99=83.49999999999989
2026-09-12 19:37:09 [info     ] algorithm2_scaling_decision    action=MAINTAIN alpha=0.060060060060060066 beta=0.0 buffer=1.0 current_replicas=3 predicted_load=2.351465277777778 required_resources=0.141 target_replicas=3
2026-09-12 19:37:09 [info     ] algorithm2_decision            action=MAINTAIN applied_target=3 current_replicas=3 hold_until=0.0 observed_load=2.35 observed_target=3 point_forecasts=None prediction_age_sec=None predictive_target=3 proactive=False scenario=s3-hybrid-reactive target_replicas=3 upper_forecasts=None
2026-09-12 19:37:09 [debug    ] Decision loop completed        action=MAINTAIN latency_ms=96.92 p99=85.49999999999994
2026-09-12 19:37:24 [info     ] algorithm2_scaling_decision    action=MAINTAIN alpha=0.060060060060060066 beta=0.0 buffer=1.0 current_replicas=3 predicted_load=2.1997852777777775 required_resources=0.132 target_replicas=3
2026-09-12 19:37:24 [info     ] algorithm2_decision            action=MAINTAIN applied_target=3 current_replicas=3 hold_until=0.0 observed_load=2.2 observed_target=3 point_forecasts=None prediction_age_sec=None predictive_target=3 proactive=False scenario=s3-hybrid-reactive target_replicas=3 upper_forecasts=None
2026-09-12 19:37:24 [debug    ] Decision loop completed        action=MAINTAIN latency_ms=98.44 p99=0.99
2026-09-12 19:37:39 [info     ] algorithm2_scaling_decision    action=MAINTAIN alpha=0.060060060060060066 beta=0.0 buffer=1.0 current_replicas=3 predicted_load=7.938866666666668 required_resources=0.477 target_replicas=3
2026-09-12 19:37:39 [info     ] algorithm2_decision            action=MAINTAIN applied_target=3 current_replicas=3 hold_until=0.0 observed_load=7.94 observed_target=3 point_forecasts=None prediction_age_sec=None predictive_target=3 proactive=False scenario=s3-hybrid-reactive target_replicas=3 upper_forecasts=None
2026-09-12 19:37:39 [debug    ] Decision loop completed        action=MAINTAIN latency_ms=110.75 p99=99.65921787709497
2026-09-12 19:37:54 [info     ] algorithm2_scaling_decision    action=MAINTAIN alpha=0.060060060060060066 beta=0.0 buffer=1.0 current_replicas=3 predicted_load=21.077777777777776 required_resources=1.266 target_replicas=3
2026-09-12 19:37:54 [info     ] algorithm2_decision            action=MAINTAIN applied_target=3 current_replicas=3 hold_until=0.0 observed_load=21.08 observed_target=3 point_forecasts=None prediction_age_sec=None predictive_target=3 proactive=False scenario=s3-hybrid-reactive target_replicas=3 upper_forecasts=None
2026-09-12 19:37:54 [debug    ] Decision loop completed        action=MAINTAIN latency_ms=95.87 p99=99.85911179173047
2026-09-12 19:38:09 [info     ] algorithm2_scaling_decision    action=MAINTAIN alpha=0.060060060060060066 beta=0.0 buffer=1.0 current_replicas=3 predicted_load=35.634261111111115 required_resources=2.14 target_replicas=3
2026-09-12 19:38:09 [info     ] algorithm2_decision            action=MAINTAIN applied_target=3 current_replicas=3 hold_until=0.0 observed_load=35.63 observed_target=3 point_forecasts=None prediction_age_sec=None predictive_target=3 proactive=False scenario=s3-hybrid-reactive target_replicas=3 upper_forecasts=None
2026-09-12 19:38:09 [debug    ] Decision loop completed        action=MAINTAIN latency_ms=95.64 p99=99.7834890965732
2026-09-12 19:38:24 [info     ] algorithm2_scaling_decision    action=MAINTAIN alpha=0.060060060060060066 beta=0.0 buffer=1.0 current_replicas=3 predicted_load=45.7346888888889 required_resources=2.747 target_replicas=3
2026-09-12 19:38:24 [info     ] algorithm2_decision            action=MAINTAIN applied_target=3 current_replicas=3 hold_until=0.0 observed_load=45.73 observed_target=3 point_forecasts=None prediction_age_sec=None predictive_target=3 proactive=False scenario=s3-hybrid-reactive target_replicas=3 upper_forecasts=None
2026-09-12 19:38:24 [debug    ] Decision loop completed        action=MAINTAIN latency_ms=96.77 p99=147.04103698860885
2026-09-12 19:38:39 [warning  ] Knative pre-warm non-200       status=404
2026-09-12 19:38:39 [info     ] controller_decision_v3         action=REACTIVE available_replicas=3 budget_remaining=1000 burn_adjustment=0 burst_ratio=0.0153 capacity_deficit=False confidence=0 current_load=50.72391444444445 decision_id=e37172a5 k8s_capacity=49.9 k8s_weight=98 knative_weight=2 p99=148.6 predicted_load=0 r_effective=16.6 serverless_enabled=True total_load=50.7 weights_after={'k3s': 98, 'knative': 2} weights_before={'k3s': 100, 'knative': 0}
2026-09-12 19:38:39 [info     ] Weights updated                k3s=98 knative=2
2026-09-12 19:38:39 [info     ] Weights updated                action=REACTIVE reason='load=51RPS | k8s_cap=50RPS | (burst-routing)' weights={'k3s': 98, 'knative': 2}
2026-09-12 19:38:39 [info     ] algorithm2_scaling_decision    action=MAINTAIN alpha=0.060060060060060066 beta=0.0 buffer=1.0 current_replicas=3 predicted_load=49.64016277777779 required_resources=2.981 target_replicas=3
2026-09-12 19:38:39 [info     ] algorithm2_decision            action=MAINTAIN applied_target=3 current_replicas=3 hold_until=0.0 observed_load=49.64 observed_target=3 point_forecasts=None prediction_age_sec=None predictive_target=3 proactive=False scenario=s3-hybrid-reactive target_replicas=3 upper_forecasts=None
2026-09-12 19:38:39 [debug    ] Decision loop completed        action=REACTIVE latency_ms=97.9 p99=148.56249999999957
2026-09-12 19:38:54 [info     ] controller_decision_v3         action=RECOVERY available_replicas=3 budget_remaining=1000 burn_adjustment=0 burst_ratio=0 capacity_deficit=False confidence=0 current_load=49.270972222222234 decision_id=9b950d75 k8s_capacity=49.9 k8s_weight=100 knative_weight=0 p99=99.7 predicted_load=0 r_effective=16.6 serverless_enabled=False total_load=49.3 weights_after={'k3s': 100, 'knative': 0} weights_before={'k3s': 98, 'knative': 2}
2026-09-12 19:38:54 [info     ] Weights updated                k3s=100 knative=0
2026-09-12 19:38:54 [info     ] Weights updated                action=RECOVERY reason='load=49RPS | k8s_cap=50RPS | (reducing-serverless)' weights={'k3s': 100, 'knative': 0}
2026-09-12 19:38:54 [info     ] algorithm2_scaling_decision    action=SCALE_UP alpha=0.060060060060060066 beta=0.0 buffer=1.0 current_replicas=3 predicted_load=49.997443333333344 required_resources=3.003 target_replicas=4
2026-09-12 19:38:54 [info     ] algorithm2_decision            action=SCALE_UP applied_target=4 current_replicas=3 hold_until=0.0 observed_load=50.0 observed_target=4 point_forecasts=None prediction_age_sec=None predictive_target=4 proactive=False scenario=s3-hybrid-reactive target_replicas=4 upper_forecasts=None
2026-09-12 19:38:54 [info     ] k8s_scale_executed             deployment=test-app-warm replicas=4
2026-09-12 19:38:54 [debug    ] Decision loop completed        action=RECOVERY latency_ms=160.29 p99=99.71973466003317
2026-09-12 19:39:10 [info     ] algorithm2_scaling_decision    action=MAINTAIN alpha=0.060060060060060066 beta=0.0 buffer=1.0 current_replicas=4 predicted_load=45.902152777777786 required_resources=2.757 target_replicas=3
2026-09-12 19:39:10 [info     ] algorithm2_decision            action=MAINTAIN applied_target=3 current_replicas=4 hold_until=0.0 observed_load=45.9 observed_target=3 point_forecasts=None prediction_age_sec=None predictive_target=3 proactive=False scenario=s3-hybrid-reactive target_replicas=3 upper_forecasts=None
2026-09-12 19:39:10 [debug    ] Decision loop completed        action=MAINTAIN latency_ms=102.94 p99=99.58076009501188
2026-09-12 19:39:25 [info     ] algorithm2_scaling_decision    action=MAINTAIN alpha=0.060060060060060066 beta=0.0 buffer=1.0 current_replicas=4 predicted_load=37.866666666666674 required_resources=2.274 target_replicas=3
2026-09-12 19:39:25 [info     ] algorithm2_decision            action=MAINTAIN applied_target=3 current_replicas=4 hold_until=0.0 observed_load=37.87 observed_target=3 point_forecasts=None prediction_age_sec=None predictive_target=3 proactive=False scenario=s3-hybrid-reactive target_replicas=3 upper_forecasts=None
2026-09-12 19:39:25 [debug    ] Decision loop completed        action=MAINTAIN latency_ms=95.8 p99=99.72493224932249
2026-09-12 19:39:40 [info     ] algorithm2_scaling_decision    action=MAINTAIN alpha=0.060060060060060066 beta=0.0 buffer=1.0 current_replicas=4 predicted_load=31.52222222222222 required_resources=1.893 target_replicas=3
2026-09-12 19:39:40 [info     ] algorithm2_decision            action=MAINTAIN applied_target=3 current_replicas=4 hold_until=0.0 observed_load=31.52 observed_target=3 point_forecasts=None prediction_age_sec=None predictive_target=3 proactive=False scenario=s3-hybrid-reactive target_replicas=3 upper_forecasts=None
2026-09-12 19:39:40 [debug    ] Decision loop completed        action=MAINTAIN latency_ms=96.89 p99=99.57565789473685
2026-09-12 19:39:55 [info     ] algorithm2_scaling_decision    action=MAINTAIN alpha=0.060060060060060066 beta=0.0 buffer=1.0 current_replicas=4 predicted_load=33.144444444444446 required_resources=1.991 target_replicas=3
2026-09-12 19:39:55 [info     ] algorithm2_decision            action=MAINTAIN applied_target=3 current_replicas=4 hold_until=0.0 observed_load=33.14 observed_target=3 point_forecasts=None prediction_age_sec=None predictive_target=3 proactive=False scenario=s3-hybrid-reactive target_replicas=3 upper_forecasts=None
2026-09-12 19:39:55 [debug    ] Decision loop completed        action=MAINTAIN latency_ms=95.82 p99=131.81818181818193
2026-09-12 19:40:10 [info     ] algorithm2_scaling_decision    action=MAINTAIN alpha=0.060060060060060066 beta=0.0 buffer=1.0 current_replicas=4 predicted_load=41.33333333333334 required_resources=2.482 target_replicas=3
2026-09-12 19:40:10 [info     ] algorithm2_decision            action=MAINTAIN applied_target=3 current_replicas=4 hold_until=0.0 observed_load=41.33 observed_target=3 point_forecasts=None prediction_age_sec=None predictive_target=3 proactive=False scenario=s3-hybrid-reactive target_replicas=3 upper_forecasts=None
2026-09-12 19:40:10 [debug    ] Decision loop completed        action=MAINTAIN latency_ms=97.96 p99=139.78571428571433
2026-09-12 19:40:25 [warning  ] Knative pre-warm non-200       status=404
2026-09-12 19:40:25 [info     ] controller_decision_v3         action=REACTIVE available_replicas=3 budget_remaining=1000 burn_adjustment=0 burst_ratio=0.0193 capacity_deficit=False confidence=0 current_load=50.93333333333334 decision_id=b2fc35ca k8s_capacity=49.9 k8s_weight=98 knative_weight=2 p99=99.8 predicted_load=0 r_effective=16.6 serverless_enabled=True total_load=50.9 weights_after={'k3s': 98, 'knative': 2} weights_before={'k3s': 100, 'knative': 0}
2026-09-12 19:40:25 [info     ] Weights updated                k3s=98 knative=2
2026-09-12 19:40:25 [info     ] Weights updated                action=REACTIVE reason='load=51RPS | k8s_cap=50RPS | (burst-routing)' weights={'k3s': 98, 'knative': 2}
2026-09-12 19:40:25 [info     ] algorithm2_scaling_decision    action=MAINTAIN alpha=0.060060060060060066 beta=0.0 buffer=1.0 current_replicas=4 predicted_load=48.57777777777778 required_resources=2.918 target_replicas=3
2026-09-12 19:40:25 [info     ] algorithm2_decision            action=MAINTAIN applied_target=3 current_replicas=4 hold_until=0.0 observed_load=48.58 observed_target=3 point_forecasts=None prediction_age_sec=None predictive_target=3 proactive=False scenario=s3-hybrid-reactive target_replicas=3 upper_forecasts=None
2026-09-12 19:40:25 [debug    ] Decision loop completed        action=REACTIVE latency_ms=101.0 p99=99.77450980392157
2026-09-12 19:40:40 [info     ] controller_decision_v3         action=RECOVERY available_replicas=3 budget_remaining=1000 burn_adjustment=0 burst_ratio=0 capacity_deficit=False confidence=0 current_load=49.02222222222222 decision_id=8d703473 k8s_capacity=49.9 k8s_weight=100 knative_weight=0 p99=99.9 predicted_load=0 r_effective=16.6 serverless_enabled=False total_load=49.0 weights_after={'k3s': 100, 'knative': 0} weights_before={'k3s': 98, 'knative': 2}
2026-09-12 19:40:40 [info     ] Weights updated                k3s=100 knative=0
2026-09-12 19:40:40 [info     ] Weights updated                action=RECOVERY reason='load=49RPS | k8s_cap=50RPS | (reducing-serverless)' weights={'k3s': 100, 'knative': 0}
2026-09-12 19:40:40 [info     ] algorithm2_scaling_decision    action=MAINTAIN alpha=0.060060060060060066 beta=0.0 buffer=1.0 current_replicas=4 predicted_load=49.977777777777774 required_resources=3.002 target_replicas=4
2026-09-12 19:40:40 [info     ] algorithm2_decision            action=MAINTAIN applied_target=4 current_replicas=4 hold_until=0.0 observed_load=49.98 observed_target=4 point_forecasts=None prediction_age_sec=None predictive_target=4 proactive=False scenario=s3-hybrid-reactive target_replicas=4 upper_forecasts=None
2026-09-12 19:40:40 [debug    ] Decision loop completed        action=RECOVERY latency_ms=127.34 p99=99.94896331738437
2026-09-12 19:40:55 [info     ] Scale readiness observed       elapsed_sec=120.8 ewma_delay=78.2 samples=1 target=4
2026-09-12 19:40:55 [info     ] algorithm2_scaling_decision    action=MAINTAIN alpha=0.060060060060060066 beta=0.0 buffer=1.0 current_replicas=4 predicted_load=48.46666666666667 required_resources=2.911 target_replicas=3
2026-09-12 19:40:55 [info     ] algorithm2_decision            action=MAINTAIN applied_target=3 current_replicas=4 hold_until=0.0 observed_load=48.47 observed_target=3 point_forecasts=None prediction_age_sec=None predictive_target=3 proactive=False scenario=s3-hybrid-reactive target_replicas=3 upper_forecasts=None
2026-09-12 19:40:55 [debug    ] Decision loop completed        action=MAINTAIN latency_ms=98.86 p99=99.93841059602649
2026-09-12 19:41:10 [info     ] algorithm2_scaling_decision    action=MAINTAIN alpha=0.060060060060060066 beta=0.0 buffer=1.0 current_replicas=4 predicted_load=50.111111111111114 required_resources=3.01 target_replicas=4
2026-09-12 19:41:10 [info     ] algorithm2_decision            action=MAINTAIN applied_target=4 current_replicas=4 hold_until=0.0 observed_load=50.11 observed_target=4 point_forecasts=None prediction_age_sec=None predictive_target=4 proactive=False scenario=s3-hybrid-reactive target_replicas=4 upper_forecasts=None
2026-09-12 19:41:10 [debug    ] Decision loop completed        action=MAINTAIN latency_ms=100.32 p99=157.28571428571453
2026-09-12 19:41:25 [info     ] algorithm2_scaling_decision    action=MAINTAIN alpha=0.060060060060060066 beta=0.0 buffer=1.0 current_replicas=4 predicted_load=54.43151666666667 required_resources=3.269 target_replicas=4
2026-09-12 19:41:25 [info     ] algorithm2_decision            action=MAINTAIN applied_target=4 current_replicas=4 hold_until=0.0 observed_load=54.43 observed_target=4 point_forecasts=None prediction_age_sec=None predictive_target=4 proactive=False scenario=s3-hybrid-reactive target_replicas=4 upper_forecasts=None
2026-09-12 19:41:25 [debug    ] Decision loop completed        action=MAINTAIN latency_ms=95.3 p99=143.26666666666625
2026-09-12 19:41:41 [info     ] algorithm2_scaling_decision    action=MAINTAIN alpha=0.060060060060060066 beta=0.0 buffer=1.0 current_replicas=4 predicted_load=59.39497805555556 required_resources=3.567 target_replicas=4
2026-09-12 19:41:41 [info     ] algorithm2_decision            action=MAINTAIN applied_target=4 current_replicas=4 hold_until=0.0 observed_load=59.39 observed_target=4 point_forecasts=None prediction_age_sec=None predictive_target=4 proactive=False scenario=s3-hybrid-reactive target_replicas=4 upper_forecasts=None
2026-09-12 19:41:41 [debug    ] Decision loop completed        action=MAINTAIN latency_ms=97.79 p99=118.58333333333213
2026-09-12 19:41:56 [warning  ] Knative pre-warm non-200       status=404
2026-09-12 19:41:56 [info     ] controller_decision_v3         action=REACTIVE available_replicas=4 budget_remaining=1000 burn_adjustment=0 burst_ratio=0.0024 capacity_deficit=False confidence=0 current_load=66.76331277777776 decision_id=a76d6b9a k8s_capacity=66.6 k8s_weight=99 knative_weight=1 p99=168.6 predicted_load=0 r_effective=16.6 serverless_enabled=True total_load=66.8 weights_after={'k3s': 99, 'knative': 1} weights_before={'k3s': 100, 'knative': 0}
2026-09-12 19:41:56 [info     ] Weights updated                k3s=99 knative=1
2026-09-12 19:41:56 [info     ] Weights updated                action=REACTIVE reason='load=67RPS | k8s_cap=67RPS | (burst-routing)' weights={'k3s': 99, 'knative': 1}
2026-09-12 19:41:56 [info     ] algorithm2_scaling_decision    action=MAINTAIN alpha=0.060060060060060066 beta=0.0 buffer=1.0 current_replicas=4 predicted_load=64.50067333333332 required_resources=3.874 target_replicas=4
2026-09-12 19:41:56 [info     ] algorithm2_decision            action=MAINTAIN applied_target=4 current_replicas=4 hold_until=0.0 observed_load=64.5 observed_target=4 point_forecasts=None prediction_age_sec=None predictive_target=4 proactive=False scenario=s3-hybrid-reactive target_replicas=4 upper_forecasts=None
2026-09-12 19:41:56 [debug    ] Decision loop completed        action=REACTIVE latency_ms=100.53 p99=168.63888888888863
2026-09-12 19:42:11 [info     ] controller_decision_v3         action=REACTIVE available_replicas=4 budget_remaining=999 burn_adjustment=0 burst_ratio=0.0981 capacity_deficit=False confidence=0 current_load=73.84444444444442 decision_id=dec9261d k8s_capacity=66.6 k8s_weight=90 knative_weight=10 p99=256.6 predicted_load=0 r_effective=16.6 serverless_enabled=True total_load=73.8 weights_after={'k3s': 90, 'knative': 10} weights_before={'k3s': 99, 'knative': 1}
2026-09-12 19:42:11 [info     ] Weights updated                k3s=90 knative=10
2026-09-12 19:42:11 [info     ] Weights updated                action=REACTIVE reason='load=74RPS | k8s_cap=67RPS | (burst-routing)' weights={'k3s': 90, 'knative': 10}
2026-09-12 19:42:11 [info     ] algorithm2_scaling_decision    action=SCALE_UP alpha=0.060060060060060066 beta=0.0 buffer=1.0 current_replicas=4 predicted_load=70.30387861111109 required_resources=4.222 target_replicas=5
2026-09-12 19:42:11 [info     ] algorithm2_decision            action=SCALE_UP applied_target=5 current_replicas=4 hold_until=0.0 observed_load=70.3 observed_target=5 point_forecasts=None prediction_age_sec=None predictive_target=5 proactive=False scenario=s3-hybrid-reactive target_replicas=5 upper_forecasts=None
2026-09-12 19:42:11 [info     ] k8s_scale_executed             deployment=test-app-warm replicas=5
2026-09-12 19:42:11 [debug    ] Decision loop completed        action=REACTIVE latency_ms=139.64 p99=256.6000000000023
2026-09-12 19:42:26 [info     ] controller_decision_v3         action=RECOVERY available_replicas=5 budget_remaining=998 burn_adjustment=0 burst_ratio=0 capacity_deficit=False confidence=0 current_load=81.57777777777775 decision_id=c7c483bd k8s_capacity=83.2 k8s_weight=100 knative_weight=0 p99=470.4 predicted_load=0 r_effective=16.6 serverless_enabled=False total_load=81.6 weights_after={'k3s': 100, 'knative': 0} weights_before={'k3s': 90, 'knative': 10}
2026-09-12 19:42:26 [info     ] Weights updated                k3s=100 knative=0
2026-09-12 19:42:26 [info     ] Weights updated                action=RECOVERY reason='load=82RPS | k8s_cap=83RPS | (reducing-serverless)' weights={'k3s': 100, 'knative': 0}
2026-09-12 19:42:26 [info     ] Scale readiness observed       elapsed_sec=15.1 ewma_delay=59.3 samples=2 target=5
2026-09-12 19:42:26 [info     ] algorithm2_scaling_decision    action=MAINTAIN alpha=0.060060060060060066 beta=0.0 buffer=1.0 current_replicas=5 predicted_load=77.71111111111108 required_resources=4.667 target_replicas=5
2026-09-12 19:42:26 [info     ] algorithm2_decision            action=MAINTAIN applied_target=5 current_replicas=5 hold_until=0.0 observed_load=77.71 observed_target=5 point_forecasts=None prediction_age_sec=None predictive_target=5 proactive=False scenario=s3-hybrid-reactive target_replicas=5 upper_forecasts=None
2026-09-12 19:42:26 [debug    ] Decision loop completed        action=RECOVERY latency_ms=135.38 p99=470.36290322580606
2026-09-12 19:42:41 [warning  ] Knative pre-warm non-200       status=404
2026-09-12 19:42:41 [info     ] controller_decision_v3         action=REACTIVE available_replicas=5 budget_remaining=997 burn_adjustment=0 burst_ratio=0.0772 capacity_deficit=False confidence=0 current_load=90.21873777777776 decision_id=42511ac0 k8s_capacity=83.2 k8s_weight=92 knative_weight=8 p99=487.9 predicted_load=0 r_effective=16.6 serverless_enabled=True total_load=90.2 weights_after={'k3s': 92, 'knative': 8} weights_before={'k3s': 100, 'knative': 0}
2026-09-12 19:42:41 [info     ] Weights updated                k3s=92 knative=8
2026-09-12 19:42:41 [info     ] Weights updated                action=REACTIVE reason='load=90RPS | k8s_cap=83RPS | (burst-routing)' weights={'k3s': 92, 'knative': 8}
2026-09-12 19:42:41 [info     ] algorithm2_scaling_decision    action=SCALE_UP alpha=0.060060060060060066 beta=0.0 buffer=1.0 current_replicas=5 predicted_load=85.89825777777776 required_resources=5.159 target_replicas=6
2026-09-12 19:42:41 [info     ] algorithm2_decision            action=SCALE_UP applied_target=6 current_replicas=5 hold_until=0.0 observed_load=85.9 observed_target=6 point_forecasts=None prediction_age_sec=None predictive_target=6 proactive=False scenario=s3-hybrid-reactive target_replicas=6 upper_forecasts=None
2026-09-12 19:42:41 [info     ] k8s_scale_executed             deployment=test-app-warm replicas=6
2026-09-12 19:42:41 [debug    ] Decision loop completed        action=REACTIVE latency_ms=137.74 p99=487.9310895238096
2026-09-12 19:42:56 [info     ] controller_decision_v3         action=RECOVERY available_replicas=6 budget_remaining=996 burn_adjustment=0 burst_ratio=0.0462 capacity_deficit=False confidence=0 current_load=104.73845444444441 decision_id=4e8c1fad k8s_capacity=99.9 k8s_weight=95 knative_weight=5 p99=491.1 predicted_load=0 r_effective=16.6 serverless_enabled=True total_load=104.7 weights_after={'k3s': 95, 'knative': 5} weights_before={'k3s': 92, 'knative': 8}
2026-09-12 19:42:56 [info     ] Weights updated                k3s=95 knative=5
2026-09-12 19:42:56 [info     ] Weights updated                action=RECOVERY reason='load=105RPS | k8s_cap=100RPS | (reducing-serverless)' weights={'k3s': 95, 'knative': 5}
2026-09-12 19:42:56 [info     ] Scale readiness observed       elapsed_sec=15.1 ewma_delay=46.1 samples=3 target=6
2026-09-12 19:42:56 [info     ] algorithm2_scaling_decision    action=MAINTAIN alpha=0.060060060060060066 beta=0.0 buffer=1.0 current_replicas=6 predicted_load=97.47859611111109 required_resources=5.855 target_replicas=6
2026-09-12 19:42:56 [info     ] algorithm2_decision            action=MAINTAIN applied_target=6 current_replicas=6 hold_until=0.0 observed_load=97.48 observed_target=6 point_forecasts=None prediction_age_sec=None predictive_target=6 proactive=False scenario=s3-hybrid-reactive target_replicas=6 upper_forecasts=None
2026-09-12 19:42:56 [debug    ] Decision loop completed        action=RECOVERY latency_ms=131.1 p99=491.0732130630631
2026-09-12 19:43:11 [info     ] controller_decision_v3         action=REACTIVE available_replicas=6 budget_remaining=995 burn_adjustment=0 burst_ratio=0.1391 capacity_deficit=False confidence=0 current_load=116.03769888888885 decision_id=b52a2bbc k8s_capacity=99.9 k8s_weight=86 knative_weight=14 p99=493.9 predicted_load=0 r_effective=16.6 serverless_enabled=True total_load=116.0 weights_after={'k3s': 86, 'knative': 14} weights_before={'k3s': 95, 'knative': 5}
2026-09-12 19:43:11 [info     ] Weights updated                k3s=86 knative=14
2026-09-12 19:43:11 [info     ] Weights updated                action=REACTIVE reason='load=116RPS | k8s_cap=100RPS | (burst-routing)' weights={'k3s': 86, 'knative': 14}
2026-09-12 19:43:11 [info     ] algorithm2_scaling_decision    action=MAINTAIN alpha=0.060060060060060066 beta=0.0 buffer=1.0 current_replicas=6 predicted_load=110.38807666666663 required_resources=6.63 target_replicas=6
2026-09-12 19:43:11 [info     ] algorithm2_decision            action=MAINTAIN applied_target=6 current_replicas=6 hold_until=0.0 observed_load=110.39 observed_target=6 point_forecasts=None prediction_age_sec=None predictive_target=6 proactive=False scenario=s3-hybrid-reactive target_replicas=6 upper_forecasts=None
2026-09-12 19:43:11 [debug    ] Decision loop completed        action=REACTIVE latency_ms=100.35 p99=493.90906666666655
2026-09-12 19:43:26 [info     ] controller_decision_v3         action=REACTIVE available_replicas=6 budget_remaining=994 burn_adjustment=0 burst_ratio=0.1622 capacity_deficit=False confidence=0 current_load=119.23649999999996 decision_id=0210d3e5 k8s_capacity=99.9 k8s_weight=83 knative_weight=17 p99=486.1 predicted_load=0 r_effective=16.6 serverless_enabled=True total_load=119.2 weights_after={'k3s': 83, 'knative': 17} weights_before={'k3s': 86, 'knative': 14}
2026-09-12 19:43:26 [info     ] Weights updated                k3s=83 knative=17
2026-09-12 19:43:26 [info     ] Weights updated                action=REACTIVE reason='load=119RPS | k8s_cap=100RPS | (burst-routing)' weights={'k3s': 83, 'knative': 17}
2026-09-12 19:43:26 [info     ] algorithm2_scaling_decision    action=MAINTAIN alpha=0.060060060060060066 beta=0.0 buffer=1.0 current_replicas=6 predicted_load=117.6370994444444 required_resources=7.065 target_replicas=6
2026-09-12 19:43:26 [info     ] algorithm2_decision            action=MAINTAIN applied_target=6 current_replicas=6 hold_until=0.0 observed_load=117.64 observed_target=6 point_forecasts=None prediction_age_sec=None predictive_target=6 proactive=False scenario=s3-hybrid-reactive target_replicas=6 upper_forecasts=None
2026-09-12 19:43:26 [debug    ] Decision loop completed        action=REACTIVE latency_ms=95.59 p99=486.063953488372
2026-09-12 19:43:41 [info     ] controller_decision_v3         action=RECOVERY available_replicas=6 budget_remaining=994 burn_adjustment=0 burst_ratio=0.0282 capacity_deficit=False confidence=0 current_load=102.80252222222221 decision_id=40394ab4 k8s_capacity=99.9 k8s_weight=97 knative_weight=3 p99=139.6 predicted_load=0 r_effective=16.6 serverless_enabled=True total_load=102.8 weights_after={'k3s': 97, 'knative': 3} weights_before={'k3s': 83, 'knative': 17}
2026-09-12 19:43:41 [info     ] Weights updated                k3s=97 knative=3
2026-09-12 19:43:41 [info     ] Weights updated                action=RECOVERY reason='load=103RPS | k8s_cap=100RPS | (reducing-serverless)' weights={'k3s': 97, 'knative': 3}
2026-09-12 19:43:42 [info     ] algorithm2_scaling_decision    action=MAINTAIN alpha=0.060060060060060066 beta=0.0 buffer=1.0 current_replicas=6 predicted_load=111.01951111111109 required_resources=6.668 target_replicas=6
2026-09-12 19:43:42 [info     ] algorithm2_decision            action=MAINTAIN applied_target=6 current_replicas=6 hold_until=0.0 observed_load=111.02 observed_target=6 point_forecasts=None prediction_age_sec=None predictive_target=6 proactive=False scenario=s3-hybrid-reactive target_replicas=6 upper_forecasts=None
2026-09-12 19:43:42 [debug    ] Decision loop completed        action=RECOVERY latency_ms=126.75 p99=139.63157894736742
2026-09-12 19:43:57 [info     ] controller_decision_v3         action=RECOVERY available_replicas=6 budget_remaining=994 burn_adjustment=0 burst_ratio=0 capacity_deficit=False confidence=0 current_load=83.4222222222222 decision_id=a0d2d735 k8s_capacity=99.9 k8s_weight=100 knative_weight=0 p99=99.9 predicted_load=0 r_effective=16.6 serverless_enabled=False total_load=83.4 weights_after={'k3s': 100, 'knative': 0} weights_before={'k3s': 97, 'knative': 3}
2026-09-12 19:43:57 [info     ] Weights updated                k3s=100 knative=0
2026-09-12 19:43:57 [info     ] Weights updated                action=RECOVERY reason='load=83RPS | k8s_cap=100RPS | (reducing-serverless)' weights={'k3s': 100, 'knative': 0}
2026-09-12 19:43:57 [info     ] algorithm2_scaling_decision    action=MAINTAIN alpha=0.060060060060060066 beta=0.0 buffer=1.0 current_replicas=6 predicted_load=93.1123722222222 required_resources=5.592 target_replicas=6
2026-09-12 19:43:57 [info     ] algorithm2_decision            action=MAINTAIN applied_target=6 current_replicas=6 hold_until=0.0 observed_load=93.11 observed_target=6 point_forecasts=None prediction_age_sec=None predictive_target=6 proactive=False scenario=s3-hybrid-reactive target_replicas=6 upper_forecasts=None
2026-09-12 19:43:57 [debug    ] Decision loop completed        action=RECOVERY latency_ms=126.9 p99=99.89087093389298
2026-09-12 19:44:12 [info     ] algorithm2_scaling_decision    action=MAINTAIN alpha=0.060060060060060066 beta=0.0 buffer=1.0 current_replicas=6 predicted_load=77.39999999999998 required_resources=4.649 target_replicas=5
2026-09-12 19:44:12 [info     ] algorithm2_decision            action=MAINTAIN applied_target=5 current_replicas=6 hold_until=0.0 observed_load=77.4 observed_target=5 point_forecasts=None prediction_age_sec=None predictive_target=5 proactive=False scenario=s3-hybrid-reactive target_replicas=5 upper_forecasts=None
2026-09-12 19:44:12 [debug    ] Decision loop completed        action=MAINTAIN latency_ms=107.69 p99=99.87239324726913
2026-09-12 19:44:27 [info     ] algorithm2_scaling_decision    action=MAINTAIN alpha=0.060060060060060066 beta=0.0 buffer=1.0 current_replicas=6 predicted_load=68.45555555555555 required_resources=4.111 target_replicas=5
2026-09-12 19:44:27 [info     ] algorithm2_decision            action=MAINTAIN applied_target=5 current_replicas=6 hold_until=0.0 observed_load=68.46 observed_target=5 point_forecasts=None prediction_age_sec=None predictive_target=5 proactive=False scenario=s3-hybrid-reactive target_replicas=5 upper_forecasts=None
2026-09-12 19:44:27 [debug    ] Decision loop completed        action=MAINTAIN latency_ms=98.45 p99=99.58992805755398
2026-09-12 19:44:42 [info     ] algorithm2_scaling_decision    action=SCALE_DOWN alpha=0.060060060060060066 beta=0.0 buffer=1.0 current_replicas=6 predicted_load=65.86666666666667 required_resources=3.956 target_replicas=4
2026-09-12 19:44:42 [info     ] algorithm2_decision            action=SCALE_DOWN applied_target=4 current_replicas=6 hold_until=0.0 observed_load=65.87 observed_target=4 point_forecasts=None prediction_age_sec=None predictive_target=4 proactive=False scenario=s3-hybrid-reactive target_replicas=4 upper_forecasts=None
2026-09-12 19:44:42 [info     ] k8s_scale_executed             deployment=test-app-warm replicas=4
2026-09-12 19:44:42 [debug    ] Decision loop completed        action=MAINTAIN latency_ms=129.77 p99=99.98073022312373
2026-09-12 19:44:57 [warning  ] Knative pre-warm non-200       status=404
2026-09-12 19:44:57 [info     ] controller_decision_v3         action=REACTIVE available_replicas=4 budget_remaining=993 burn_adjustment=0 burst_ratio=0.0933 capacity_deficit=False confidence=0 current_load=73.45489777777776 decision_id=293b82b9 k8s_capacity=66.6 k8s_weight=90 knative_weight=10 p99=464.0 predicted_load=0 r_effective=16.6 serverless_enabled=True total_load=73.5 weights_after={'k3s': 90, 'knative': 10} weights_before={'k3s': 100, 'knative': 0}
2026-09-12 19:44:57 [info     ] Weights updated                k3s=90 knative=10
2026-09-12 19:44:57 [info     ] Weights updated                action=REACTIVE reason='load=73RPS | k8s_cap=67RPS | (burst-routing)' weights={'k3s': 90, 'knative': 10}
2026-09-12 19:44:57 [info     ] algorithm2_scaling_decision    action=SCALE_UP alpha=0.060060060060060066 beta=0.0 buffer=1.0 current_replicas=4 predicted_load=69.82744888888888 required_resources=4.194 target_replicas=5
2026-09-12 19:44:57 [info     ] algorithm2_decision            action=SCALE_UP applied_target=5 current_replicas=4 hold_until=0.0 observed_load=69.83 observed_target=5 point_forecasts=None prediction_age_sec=None predictive_target=5 proactive=False scenario=s3-hybrid-reactive target_replicas=5 upper_forecasts=None
2026-09-12 19:44:57 [info     ] k8s_scale_executed             deployment=test-app-warm replicas=5
2026-09-12 19:44:57 [debug    ] Decision loop completed        action=REACTIVE latency_ms=143.95 p99=463.99999999999983
2026-09-12 19:45:12 [info     ] controller_decision_v3         action=REACTIVE available_replicas=5 budget_remaining=992 burn_adjustment=0 burst_ratio=0.1627 capacity_deficit=False confidence=0 current_load=99.42813555555554 decision_id=3d8e1a27 k8s_capacity=83.2 k8s_weight=83 knative_weight=17 p99=476.3 predicted_load=0 r_effective=16.6 serverless_enabled=True total_load=99.4 weights_after={'k3s': 83, 'knative': 17} weights_before={'k3s': 90, 'knative': 10}
2026-09-12 19:45:12 [info     ] Weights updated                k3s=83 knative=17
2026-09-12 19:45:12 [info     ] Weights updated                action=REACTIVE reason='load=99RPS | k8s_cap=83RPS | (burst-routing)' weights={'k3s': 83, 'knative': 17}
2026-09-12 19:45:12 [info     ] Scale readiness observed       elapsed_sec=15.1 ewma_delay=36.8 samples=4 target=5
2026-09-12 19:45:12 [info     ] algorithm2_scaling_decision    action=SCALE_UP alpha=0.060060060060060066 beta=0.0 buffer=1.0 current_replicas=5 predicted_load=86.44151666666664 required_resources=5.192 target_replicas=6
2026-09-12 19:45:12 [info     ] algorithm2_decision            action=SCALE_UP applied_target=6 current_replicas=5 hold_until=0.0 observed_load=86.44 observed_target=6 point_forecasts=None prediction_age_sec=None predictive_target=6 proactive=False scenario=s3-hybrid-reactive target_replicas=6 upper_forecasts=None
2026-09-12 19:45:12 [info     ] k8s_scale_executed             deployment=test-app-warm replicas=6
2026-09-12 19:45:12 [debug    ] Decision loop completed        action=REACTIVE latency_ms=128.59 p99=476.3205128205128
2026-09-12 19:45:27 [info     ] controller_decision_v3         action=RECOVERY available_replicas=6 budget_remaining=991 burn_adjustment=0 burst_ratio=0.1484 capacity_deficit=False confidence=0 current_load=117.3111111111111 decision_id=d1115abb k8s_capacity=99.9 k8s_weight=85 knative_weight=15 p99=436.7 predicted_load=0 r_effective=16.6 serverless_enabled=True total_load=117.3 weights_after={'k3s': 85, 'knative': 15} weights_before={'k3s': 83, 'knative': 17}
2026-09-12 19:45:27 [info     ] Weights updated                k3s=85 knative=15
2026-09-12 19:45:27 [info     ] Weights updated                action=RECOVERY reason='load=117RPS | k8s_cap=100RPS | (reducing-serverless)' weights={'k3s': 85, 'knative': 15}
2026-09-12 19:45:27 [info     ] Scale readiness observed       elapsed_sec=15.1 ewma_delay=30.3 samples=5 target=6
2026-09-12 19:45:27 [info     ] algorithm2_scaling_decision    action=MAINTAIN alpha=0.060060060060060066 beta=0.0 buffer=1.0 current_replicas=6 predicted_load=108.36962333333332 required_resources=6.509 target_replicas=6
2026-09-12 19:45:27 [info     ] algorithm2_decision            action=MAINTAIN applied_target=6 current_replicas=6 hold_until=0.0 observed_load=108.37 observed_target=6 point_forecasts=None prediction_age_sec=None predictive_target=6 proactive=False scenario=s3-hybrid-reactive target_replicas=6 upper_forecasts=None
2026-09-12 19:45:27 [debug    ] Decision loop completed        action=RECOVERY latency_ms=131.0 p99=436.7272727272722
2026-09-12 19:45:42 [info     ] controller_decision_v3         action=RECOVERY available_replicas=6 budget_remaining=991 burn_adjustment=0 burst_ratio=0.1322 capacity_deficit=False confidence=0 current_load=115.12471555555553 decision_id=cc46b853 k8s_capacity=99.9 k8s_weight=86 knative_weight=14 p99=178.8 predicted_load=0 r_effective=16.6 serverless_enabled=True total_load=115.1 weights_after={'k3s': 86, 'knative': 14} weights_before={'k3s': 85, 'knative': 15}
2026-09-12 19:45:42 [info     ] Weights updated                k3s=86 knative=14
2026-09-12 19:45:42 [info     ] Weights updated                action=RECOVERY reason='load=115RPS | k8s_cap=100RPS | (reducing-serverless)' weights={'k3s': 86, 'knative': 14}
2026-09-12 19:45:43 [info     ] algorithm2_scaling_decision    action=MAINTAIN alpha=0.060060060060060066 beta=0.0 buffer=1.0 current_replicas=6 predicted_load=116.21791333333331 required_resources=6.98 target_replicas=6
2026-09-12 19:45:43 [info     ] algorithm2_decision            action=MAINTAIN applied_target=6 current_replicas=6 hold_until=0.0 observed_load=116.22 observed_target=6 point_forecasts=None prediction_age_sec=None predictive_target=6 proactive=False scenario=s3-hybrid-reactive target_replicas=6 upper_forecasts=None
2026-09-12 19:45:43 [debug    ] Decision loop completed        action=RECOVERY latency_ms=133.26 p99=178.75498048780543
2026-09-12 19:45:58 [info     ] controller_decision_v3         action=RECOVERY available_replicas=6 budget_remaining=991 burn_adjustment=0 burst_ratio=0 capacity_deficit=False confidence=0 current_load=94.0407111111111 decision_id=92e6428b k8s_capacity=99.9 k8s_weight=100 knative_weight=0 p99=99.8 predicted_load=0 r_effective=16.6 serverless_enabled=False total_load=94.0 weights_after={'k3s': 100, 'knative': 0} weights_before={'k3s': 86, 'knative': 14}
2026-09-12 19:45:58 [info     ] Weights updated                k3s=100 knative=0
2026-09-12 19:45:58 [info     ] Weights updated                action=RECOVERY reason='load=94RPS | k8s_cap=100RPS | (reducing-serverless)' weights={'k3s': 100, 'knative': 0}
2026-09-12 19:45:58 [info     ] algorithm2_scaling_decision    action=MAINTAIN alpha=0.060060060060060066 beta=0.0 buffer=1.0 current_replicas=6 predicted_load=104.58271333333332 required_resources=6.281 target_replicas=6
2026-09-12 19:45:58 [info     ] algorithm2_decision            action=MAINTAIN applied_target=6 current_replicas=6 hold_until=0.0 observed_load=104.58 observed_target=6 point_forecasts=None prediction_age_sec=None predictive_target=6 proactive=False scenario=s3-hybrid-reactive target_replicas=6 upper_forecasts=None
2026-09-12 19:45:58 [debug    ] Decision loop completed        action=RECOVERY latency_ms=126.7 p99=99.80945558739255
2026-09-12 19:46:13 [info     ] algorithm2_scaling_decision    action=MAINTAIN alpha=0.060060060060060066 beta=0.0 buffer=1.0 current_replicas=6 predicted_load=85.38766111111109 required_resources=5.128 target_replicas=6
2026-09-12 19:46:13 [info     ] algorithm2_decision            action=MAINTAIN applied_target=6 current_replicas=6 hold_until=0.0 observed_load=85.39 observed_target=6 point_forecasts=None prediction_age_sec=None predictive_target=6 proactive=False scenario=s3-hybrid-reactive target_replicas=6 upper_forecasts=None
2026-09-12 19:46:13 [debug    ] Decision loop completed        action=MAINTAIN latency_ms=104.58 p99=99.7199413489736
2026-09-12 19:46:28 [info     ] algorithm2_scaling_decision    action=MAINTAIN alpha=0.060060060060060066 beta=0.0 buffer=1.0 current_replicas=6 predicted_load=84.71557861111108 required_resources=5.088 target_replicas=6
2026-09-12 19:46:28 [info     ] algorithm2_decision            action=MAINTAIN applied_target=6 current_replicas=6 hold_until=0.0 observed_load=84.72 observed_target=6 point_forecasts=None prediction_age_sec=None predictive_target=6 proactive=False scenario=s3-hybrid-reactive target_replicas=6 upper_forecasts=None
2026-09-12 19:46:28 [debug    ] Decision loop completed        action=MAINTAIN latency_ms=101.08 p99=169.189655172414
2026-09-12 19:46:43 [warning  ] Knative pre-warm non-200       status=404
2026-09-12 19:46:43 [info     ] controller_decision_v3         action=REACTIVE available_replicas=6 budget_remaining=990 burn_adjustment=0 burst_ratio=0.1265 capacity_deficit=False confidence=0 current_load=114.36235888888886 decision_id=c55296f9 k8s_capacity=99.9 k8s_weight=87 knative_weight=13 p99=1521.7 predicted_load=0 r_effective=16.6 serverless_enabled=True total_load=114.4 weights_after={'k3s': 87, 'knative': 13} weights_before={'k3s': 100, 'knative': 0}
2026-09-12 19:46:43 [info     ] Weights updated                k3s=87 knative=13
2026-09-12 19:46:43 [info     ] Weights updated                action=REACTIVE reason='load=114RPS | k8s_cap=100RPS | (burst-routing)' weights={'k3s': 87, 'knative': 13}
2026-09-12 19:46:43 [info     ] algorithm2_scaling_decision    action=MAINTAIN alpha=0.060060060060060066 beta=0.0 buffer=1.0 current_replicas=6 predicted_load=103.52945249999999 required_resources=6.218 target_replicas=6
2026-09-12 19:46:43 [info     ] algorithm2_decision            action=MAINTAIN applied_target=6 current_replicas=6 hold_until=0.0 observed_load=103.53 observed_target=6 point_forecasts=None prediction_age_sec=None predictive_target=6 proactive=False scenario=s3-hybrid-reactive target_replicas=6 upper_forecasts=None
2026-09-12 19:46:43 [debug    ] Decision loop completed        action=REACTIVE latency_ms=117.14 p99=1521.7259668508327
2026-09-12 19:46:58 [info     ] controller_decision_v3         action=REACTIVE available_replicas=6 budget_remaining=989 burn_adjustment=0 burst_ratio=0.2946 capacity_deficit=False confidence=0 current_load=141.61710222222223 decision_id=40b33a45 k8s_capacity=99.9 k8s_weight=70 knative_weight=30 p99=3833.8 predicted_load=0 r_effective=16.6 serverless_enabled=True total_load=141.6 weights_after={'k3s': 70, 'knative': 30} weights_before={'k3s': 87, 'knative': 13}
2026-09-12 19:46:58 [info     ] Weights updated                k3s=70 knative=30
2026-09-12 19:46:58 [info     ] Weights updated                action=REACTIVE reason='load=142RPS | k8s_cap=100RPS | (burst-routing)' weights={'k3s': 70, 'knative': 30}
2026-09-12 19:46:58 [info     ] algorithm2_scaling_decision    action=MAINTAIN alpha=0.060060060060060066 beta=0.0 buffer=1.0 current_replicas=6 predicted_load=127.98973055555555 required_resources=7.687 target_replicas=6
2026-09-12 19:46:58 [info     ] algorithm2_decision            action=MAINTAIN applied_target=6 current_replicas=6 hold_until=0.0 observed_load=127.99 observed_target=6 point_forecasts=None prediction_age_sec=None predictive_target=6 proactive=False scenario=s3-hybrid-reactive target_replicas=6 upper_forecasts=None
2026-09-12 19:46:58 [debug    ] Decision loop completed        action=REACTIVE latency_ms=112.82 p99=3833.8095238095216
2026-09-12 19:47:13 [info     ] controller_decision_v3         action=REACTIVE available_replicas=6 budget_remaining=988 burn_adjustment=0 burst_ratio=0.3679 capacity_deficit=False confidence=0 current_load=158.03462000000002 decision_id=cded3d07 k8s_capacity=99.9 k8s_weight=63 knative_weight=37 p99=4429.0 predicted_load=0 r_effective=16.6 serverless_enabled=True total_load=158.0 weights_after={'k3s': 63, 'knative': 37} weights_before={'k3s': 70, 'knative': 30}
2026-09-12 19:47:13 [info     ] Weights updated                k3s=63 knative=37
2026-09-12 19:47:13 [info     ] Weights updated                action=REACTIVE reason='load=158RPS | k8s_cap=100RPS | (burst-routing)' weights={'k3s': 63, 'knative': 37}
2026-09-12 19:47:13 [info     ] algorithm2_scaling_decision    action=MAINTAIN alpha=0.060060060060060066 beta=0.0 buffer=1.0 current_replicas=6 predicted_load=149.82586111111112 required_resources=8.999 target_replicas=6
2026-09-12 19:47:13 [info     ] algorithm2_decision            action=MAINTAIN applied_target=6 current_replicas=6 hold_until=0.0 observed_load=149.83 observed_target=6 point_forecasts=None prediction_age_sec=None predictive_target=6 proactive=False scenario=s3-hybrid-reactive target_replicas=6 upper_forecasts=None
2026-09-12 19:47:13 [debug    ] Decision loop completed        action=REACTIVE latency_ms=108.62 p99=4429.047619047617
2026-09-12 19:47:28 [info     ] algorithm2_scaling_decision    action=MAINTAIN alpha=0.060060060060060066 beta=0.0 buffer=1.0 current_replicas=6 predicted_load=157.43953222222223 required_resources=9.456 target_replicas=6
2026-09-12 19:47:28 [info     ] algorithm2_decision            action=MAINTAIN applied_target=6 current_replicas=6 hold_until=0.0 observed_load=157.44 observed_target=6 point_forecasts=None prediction_age_sec=None predictive_target=6 proactive=False scenario=s3-hybrid-reactive target_replicas=6 upper_forecasts=None
2026-09-12 19:47:28 [debug    ] Decision loop completed        action=MAINTAIN latency_ms=106.37 p99=1715.1282051282064
2026-09-12 19:47:43 [info     ] controller_decision_v3         action=RECOVERY available_replicas=6 budget_remaining=987 burn_adjustment=0 burst_ratio=0.2992 capacity_deficit=False confidence=0 current_load=142.55555555555557 decision_id=e9827a6b k8s_capacity=99.9 k8s_weight=70 knative_weight=30 p99=99.7 predicted_load=0 r_effective=16.6 serverless_enabled=True total_load=142.6 weights_after={'k3s': 70, 'knative': 30} weights_before={'k3s': 63, 'knative': 37}
2026-09-12 19:47:43 [info     ] Weights updated                k3s=70 knative=30
2026-09-12 19:47:43 [info     ] Weights updated                action=RECOVERY reason='load=143RPS | k8s_cap=100RPS | (reducing-serverless)' weights={'k3s': 70, 'knative': 30}
2026-09-12 19:47:43 [info     ] algorithm2_scaling_decision    action=MAINTAIN alpha=0.060060060060060066 beta=0.0 buffer=1.0 current_replicas=6 predicted_load=149.7 required_resources=8.991 target_replicas=6
2026-09-12 19:47:43 [info     ] algorithm2_decision            action=MAINTAIN applied_target=6 current_replicas=6 hold_until=0.0 observed_load=149.7 observed_target=6 point_forecasts=None prediction_age_sec=None predictive_target=6 proactive=False scenario=s3-hybrid-reactive target_replicas=6 upper_forecasts=None
2026-09-12 19:47:43 [debug    ] Decision loop completed        action=RECOVERY latency_ms=142.22 p99=99.65621436716077
2026-09-12 19:47:59 [info     ] controller_decision_v3         action=RECOVERY available_replicas=6 budget_remaining=987 burn_adjustment=0 burst_ratio=0.2105 capacity_deficit=False confidence=0 current_load=126.53333333333329 decision_id=ee5cc69f k8s_capacity=99.9 k8s_weight=78 knative_weight=22 p99=99.8 predicted_load=0 r_effective=16.6 serverless_enabled=True total_load=126.5 weights_after={'k3s': 78, 'knative': 22} weights_before={'k3s': 70, 'knative': 30}
2026-09-12 19:47:59 [info     ] Weights updated                k3s=78 knative=22
2026-09-12 19:47:59 [info     ] Weights updated                action=RECOVERY reason='load=127RPS | k8s_cap=100RPS | (reducing-serverless)' weights={'k3s': 78, 'knative': 22}
2026-09-12 19:47:59 [info     ] algorithm2_scaling_decision    action=MAINTAIN alpha=0.060060060060060066 beta=0.0 buffer=1.0 current_replicas=6 predicted_load=134.54444444444442 required_resources=8.081 target_replicas=6
2026-09-12 19:47:59 [info     ] algorithm2_decision            action=MAINTAIN applied_target=6 current_replicas=6 hold_until=0.0 observed_load=134.54 observed_target=6 point_forecasts=None prediction_age_sec=None predictive_target=6 proactive=False scenario=s3-hybrid-reactive target_replicas=6 upper_forecasts=None
2026-09-12 19:47:59 [debug    ] Decision loop completed        action=RECOVERY latency_ms=142.9 p99=99.8323649041255
2026-09-12 19:48:14 [info     ] controller_decision_v3         action=RECOVERY available_replicas=6 budget_remaining=987 burn_adjustment=0 burst_ratio=0.1783 capacity_deficit=False confidence=0 current_load=121.57777777777773 decision_id=8963fa26 k8s_capacity=99.9 k8s_weight=82 knative_weight=18 p99=127.4 predicted_load=0 r_effective=16.6 serverless_enabled=True total_load=121.6 weights_after={'k3s': 82, 'knative': 18} weights_before={'k3s': 78, 'knative': 22}
2026-09-12 19:48:14 [info     ] Weights updated                k3s=82 knative=18
2026-09-12 19:48:14 [info     ] Weights updated                action=RECOVERY reason='load=122RPS | k8s_cap=100RPS | (reducing-serverless)' weights={'k3s': 82, 'knative': 18}
2026-09-12 19:48:14 [info     ] algorithm2_scaling_decision    action=MAINTAIN alpha=0.060060060060060066 beta=0.0 buffer=1.0 current_replicas=6 predicted_load=124.05555555555551 required_resources=7.451 target_replicas=6
2026-09-12 19:48:14 [info     ] algorithm2_decision            action=MAINTAIN applied_target=6 current_replicas=6 hold_until=0.0 observed_load=124.06 observed_target=6 point_forecasts=None prediction_age_sec=None predictive_target=6 proactive=False scenario=s3-hybrid-reactive target_replicas=6 upper_forecasts=None
2026-09-12 19:48:14 [debug    ] Decision loop completed        action=RECOVERY latency_ms=154.24 p99=127.38461538461523
2026-09-12 19:48:29 [info     ] controller_decision_v3         action=REACTIVE available_replicas=6 budget_remaining=987 burn_adjustment=0 burst_ratio=0.2062 capacity_deficit=False confidence=0 current_load=125.8444444444444 decision_id=468e1ade k8s_capacity=99.9 k8s_weight=79 knative_weight=21 p99=99.9 predicted_load=0 r_effective=16.6 serverless_enabled=True total_load=125.8 weights_after={'k3s': 79, 'knative': 21} weights_before={'k3s': 82, 'knative': 18}
2026-09-12 19:48:29 [info     ] Weights updated                k3s=79 knative=21
2026-09-12 19:48:29 [info     ] Weights updated                action=REACTIVE reason='load=126RPS | k8s_cap=100RPS | (burst-routing)' weights={'k3s': 79, 'knative': 21}
2026-09-12 19:48:29 [info     ] algorithm2_scaling_decision    action=MAINTAIN alpha=0.060060060060060066 beta=0.0 buffer=1.0 current_replicas=6 predicted_load=123.71111111111107 required_resources=7.43 target_replicas=6
2026-09-12 19:48:29 [info     ] algorithm2_decision            action=MAINTAIN applied_target=6 current_replicas=6 hold_until=0.0 observed_load=123.71 observed_target=6 point_forecasts=None prediction_age_sec=None predictive_target=6 proactive=False scenario=s3-hybrid-reactive target_replicas=6 upper_forecasts=None
2026-09-12 19:48:29 [debug    ] Decision loop completed        action=REACTIVE latency_ms=111.81 p99=99.91953082378615
2026-09-12 19:48:44 [info     ] controller_decision_v3         action=RECOVERY available_replicas=6 budget_remaining=987 burn_adjustment=0 burst_ratio=0.1664 capacity_deficit=False confidence=0 current_load=119.84444444444443 decision_id=234593ad k8s_capacity=99.9 k8s_weight=83 knative_weight=17 p99=103.1 predicted_load=0 r_effective=16.6 serverless_enabled=True total_load=119.8 weights_after={'k3s': 83, 'knative': 17} weights_before={'k3s': 79, 'knative': 21}
2026-09-12 19:48:44 [info     ] Weights updated                k3s=83 knative=17
2026-09-12 19:48:44 [info     ] Weights updated                action=RECOVERY reason='load=120RPS | k8s_cap=100RPS | (reducing-serverless)' weights={'k3s': 83, 'knative': 17}
2026-09-12 19:48:44 [info     ] algorithm2_scaling_decision    action=MAINTAIN alpha=0.060060060060060066 beta=0.0 buffer=1.0 current_replicas=6 predicted_load=122.84444444444442 required_resources=7.378 target_replicas=6
2026-09-12 19:48:44 [info     ] algorithm2_decision            action=MAINTAIN applied_target=6 current_replicas=6 hold_until=0.0 observed_load=122.84 observed_target=6 point_forecasts=None prediction_age_sec=None predictive_target=6 proactive=False scenario=s3-hybrid-reactive target_replicas=6 upper_forecasts=None
2026-09-12 19:48:44 [debug    ] Decision loop completed        action=RECOVERY latency_ms=149.47 p99=103.05882352941173
2026-09-12 19:48:59 [info     ] controller_decision_v3         action=RECOVERY available_replicas=6 budget_remaining=987 burn_adjustment=0 burst_ratio=0.0896 capacity_deficit=False confidence=0 current_load=109.7333333333333 decision_id=9e54c706 k8s_capacity=99.9 k8s_weight=91 knative_weight=9 p99=99.6 predicted_load=0 r_effective=16.6 serverless_enabled=True total_load=109.7 weights_after={'k3s': 91, 'knative': 9} weights_before={'k3s': 83, 'knative': 17}
2026-09-12 19:48:59 [info     ] Weights updated                k3s=91 knative=9
2026-09-12 19:48:59 [info     ] Weights updated                action=RECOVERY reason='load=110RPS | k8s_cap=100RPS | (reducing-serverless)' weights={'k3s': 91, 'knative': 9}
2026-09-12 19:48:59 [info     ] algorithm2_scaling_decision    action=MAINTAIN alpha=0.060060060060060066 beta=0.0 buffer=1.0 current_replicas=6 predicted_load=114.78888888888886 required_resources=6.894 target_replicas=6
2026-09-12 19:48:59 [info     ] algorithm2_decision            action=MAINTAIN applied_target=6 current_replicas=6 hold_until=0.0 observed_load=114.79 observed_target=6 point_forecasts=None prediction_age_sec=None predictive_target=6 proactive=False scenario=s3-hybrid-reactive target_replicas=6 upper_forecasts=None
2026-09-12 19:48:59 [debug    ] Decision loop completed        action=RECOVERY latency_ms=147.28 p99=99.63814756671901
2026-09-12 19:49:14 [info     ] controller_decision_v3         action=RECOVERY available_replicas=6 budget_remaining=987 burn_adjustment=0 burst_ratio=0 capacity_deficit=False confidence=0 current_load=92.46666666666664 decision_id=771768ec k8s_capacity=99.9 k8s_weight=100 knative_weight=0 p99=99.6 predicted_load=0 r_effective=16.6 serverless_enabled=False total_load=92.5 weights_after={'k3s': 100, 'knative': 0} weights_before={'k3s': 91, 'knative': 9}
2026-09-12 19:49:14 [info     ] Weights updated                k3s=100 knative=0
2026-09-12 19:49:14 [info     ] Weights updated                action=RECOVERY reason='load=92RPS | k8s_cap=100RPS | (reducing-serverless)' weights={'k3s': 100, 'knative': 0}
2026-09-12 19:49:14 [info     ] algorithm2_scaling_decision    action=MAINTAIN alpha=0.060060060060060066 beta=0.0 buffer=1.0 current_replicas=6 predicted_load=101.09999999999997 required_resources=6.072 target_replicas=6
2026-09-12 19:49:14 [info     ] algorithm2_decision            action=MAINTAIN applied_target=6 current_replicas=6 hold_until=0.0 observed_load=101.1 observed_target=6 point_forecasts=None prediction_age_sec=None predictive_target=6 proactive=False scenario=s3-hybrid-reactive target_replicas=6 upper_forecasts=None
2026-09-12 19:49:14 [debug    ] Decision loop completed        action=RECOVERY latency_ms=143.36 p99=99.56566523605152
2026-09-12 19:49:29 [info     ] algorithm2_scaling_decision    action=MAINTAIN alpha=0.060060060060060066 beta=0.0 buffer=1.0 current_replicas=6 predicted_load=86.1222222222222 required_resources=5.173 target_replicas=6
2026-09-12 19:49:29 [info     ] algorithm2_decision            action=MAINTAIN applied_target=6 current_replicas=6 hold_until=0.0 observed_load=86.12 observed_target=6 point_forecasts=None prediction_age_sec=None predictive_target=6 proactive=False scenario=s3-hybrid-reactive target_replicas=6 upper_forecasts=None
2026-09-12 19:49:29 [debug    ] Decision loop completed        action=MAINTAIN latency_ms=105.42 p99=99.77313432835822
2026-09-12 19:49:45 [info     ] algorithm2_scaling_decision    action=MAINTAIN alpha=0.060060060060060066 beta=0.0 buffer=1.0 current_replicas=6 predicted_load=77.34444444444443 required_resources=4.645 target_replicas=5
2026-09-12 19:49:45 [info     ] algorithm2_decision            action=MAINTAIN applied_target=5 current_replicas=6 hold_until=0.0 observed_load=77.34 observed_target=5 point_forecasts=None prediction_age_sec=None predictive_target=5 proactive=False scenario=s3-hybrid-reactive target_replicas=5 upper_forecasts=None
2026-09-12 19:49:45 [debug    ] Decision loop completed        action=MAINTAIN latency_ms=106.99 p99=99.8557142857143
2026-09-12 19:50:00 [info     ] algorithm2_scaling_decision    action=MAINTAIN alpha=0.060060060060060066 beta=0.0 buffer=1.0 current_replicas=6 predicted_load=76.11111111111109 required_resources=4.571 target_replicas=5
2026-09-12 19:50:00 [info     ] algorithm2_decision            action=MAINTAIN applied_target=5 current_replicas=6 hold_until=0.0 observed_load=76.11 observed_target=5 point_forecasts=None prediction_age_sec=None predictive_target=5 proactive=False scenario=s3-hybrid-reactive target_replicas=5 upper_forecasts=None
2026-09-12 19:50:00 [debug    ] Decision loop completed        action=MAINTAIN latency_ms=110.05 p99=112.00000000000045
2026-09-12 19:50:15 [info     ] algorithm2_scaling_decision    action=MAINTAIN alpha=0.060060060060060066 beta=0.0 buffer=1.0 current_replicas=6 predicted_load=79.74444444444441 required_resources=4.789 target_replicas=5
2026-09-12 19:50:15 [info     ] algorithm2_decision            action=MAINTAIN applied_target=5 current_replicas=6 hold_until=0.0 observed_load=79.74 observed_target=5 point_forecasts=None prediction_age_sec=None predictive_target=5 proactive=False scenario=s3-hybrid-reactive target_replicas=5 upper_forecasts=None
2026-09-12 19:50:15 [debug    ] Decision loop completed        action=MAINTAIN latency_ms=103.7 p99=99.84656301145664
2026-09-12 19:50:30 [info     ] algorithm2_scaling_decision    action=MAINTAIN alpha=0.060060060060060066 beta=0.0 buffer=1.0 current_replicas=6 predicted_load=80.77777777777777 required_resources=4.852 target_replicas=5
2026-09-12 19:50:30 [info     ] algorithm2_decision            action=MAINTAIN applied_target=5 current_replicas=6 hold_until=0.0 observed_load=80.78 observed_target=5 point_forecasts=None prediction_age_sec=None predictive_target=5 proactive=False scenario=s3-hybrid-reactive target_replicas=5 upper_forecasts=None
2026-09-12 19:50:30 [debug    ] Decision loop completed        action=MAINTAIN latency_ms=105.11 p99=99.63523706896551
2026-09-12 19:50:45 [info     ] algorithm2_scaling_decision    action=MAINTAIN alpha=0.060060060060060066 beta=0.0 buffer=1.0 current_replicas=6 predicted_load=73.4111111111111 required_resources=4.409 target_replicas=5
2026-09-12 19:50:45 [info     ] algorithm2_decision            action=MAINTAIN applied_target=5 current_replicas=6 hold_until=0.0 observed_load=73.41 observed_target=5 point_forecasts=None prediction_age_sec=None predictive_target=5 proactive=False scenario=s3-hybrid-reactive target_replicas=5 upper_forecasts=None
2026-09-12 19:50:45 [debug    ] Decision loop completed        action=MAINTAIN latency_ms=112.79 p99=99.67142857142858
2026-09-12 19:51:00 [info     ] algorithm2_scaling_decision    action=SCALE_DOWN alpha=0.060060060060060066 beta=0.0 buffer=1.0 current_replicas=6 predicted_load=61.15555555555555 required_resources=3.673 target_replicas=4
2026-09-12 19:51:00 [info     ] algorithm2_decision            action=SCALE_DOWN applied_target=4 current_replicas=6 hold_until=0.0 observed_load=61.16 observed_target=4 point_forecasts=None prediction_age_sec=None predictive_target=4 proactive=False scenario=s3-hybrid-reactive target_replicas=4 upper_forecasts=None
2026-09-12 19:51:00 [info     ] k8s_scale_executed             deployment=test-app-warm replicas=4
2026-09-12 19:51:00 [debug    ] Decision loop completed        action=MAINTAIN latency_ms=146.11 p99=99.54141566265059
2026-09-12 19:51:15 [info     ] algorithm2_scaling_decision    action=MAINTAIN alpha=0.060060060060060066 beta=0.0 buffer=1.0 current_replicas=4 predicted_load=54.27332777777778 required_resources=3.26 target_replicas=4
2026-09-12 19:51:15 [info     ] algorithm2_decision            action=MAINTAIN applied_target=4 current_replicas=4 hold_until=0.0 observed_load=54.27 observed_target=4 point_forecasts=None prediction_age_sec=None predictive_target=4 proactive=False scenario=s3-hybrid-reactive target_replicas=4 upper_forecasts=None
2026-09-12 19:51:15 [debug    ] Decision loop completed        action=MAINTAIN latency_ms=97.78 p99=99.64285714285715
2026-09-12 19:51:30 [info     ] algorithm2_scaling_decision    action=MAINTAIN alpha=0.060060060060060066 beta=0.0 buffer=1.0 current_replicas=4 predicted_load=51.47079555555556 required_resources=3.091 target_replicas=4
2026-09-12 19:51:30 [info     ] algorithm2_decision            action=MAINTAIN applied_target=4 current_replicas=4 hold_until=0.0 observed_load=51.47 observed_target=4 point_forecasts=None prediction_age_sec=None predictive_target=4 proactive=False scenario=s3-hybrid-reactive target_replicas=4 upper_forecasts=None
2026-09-12 19:51:30 [debug    ] Decision loop completed        action=MAINTAIN latency_ms=103.37 p99=99.86544585987262
2026-09-12 19:51:45 [info     ] algorithm2_scaling_decision    action=MAINTAIN alpha=0.060060060060060066 beta=0.0 buffer=1.0 current_replicas=4 predicted_load=46.71969 required_resources=2.806 target_replicas=3
2026-09-12 19:51:45 [info     ] algorithm2_decision            action=MAINTAIN applied_target=3 current_replicas=4 hold_until=0.0 observed_load=46.72 observed_target=3 point_forecasts=None prediction_age_sec=None predictive_target=3 proactive=False scenario=s3-hybrid-reactive target_replicas=3 upper_forecasts=None
2026-09-12 19:51:45 [debug    ] Decision loop completed        action=MAINTAIN latency_ms=100.6 p99=99.61982248520711
2026-09-12 19:52:00 [info     ] algorithm2_scaling_decision    action=MAINTAIN alpha=0.060060060060060066 beta=0.0 buffer=1.0 current_replicas=4 predicted_load=48.16666666666667 required_resources=2.893 target_replicas=3
2026-09-12 19:52:00 [info     ] algorithm2_decision            action=MAINTAIN applied_target=3 current_replicas=4 hold_until=0.0 observed_load=48.17 observed_target=3 point_forecasts=None prediction_age_sec=None predictive_target=3 proactive=False scenario=s3-hybrid-reactive target_replicas=3 upper_forecasts=None
2026-09-12 19:52:00 [debug    ] Decision loop completed        action=MAINTAIN latency_ms=110.86 p99=125.84615384615405
2026-09-12 19:52:16 [info     ] algorithm2_scaling_decision    action=MAINTAIN alpha=0.060060060060060066 beta=0.0 buffer=1.0 current_replicas=4 predicted_load=57.1 required_resources=3.429 target_replicas=4
2026-09-12 19:52:16 [info     ] algorithm2_decision            action=MAINTAIN applied_target=4 current_replicas=4 hold_until=0.0 observed_load=57.1 observed_target=4 point_forecasts=None prediction_age_sec=None predictive_target=4 proactive=False scenario=s3-hybrid-reactive target_replicas=4 upper_forecasts=None
2026-09-12 19:52:16 [debug    ] Decision loop completed        action=MAINTAIN latency_ms=112.26 p99=179.74545454545463
2026-09-12 19:52:31 [warning  ] Knative pre-warm non-200       status=404
2026-09-12 19:52:31 [info     ] controller_decision_v3         action=REACTIVE available_replicas=4 budget_remaining=987 burn_adjustment=0 burst_ratio=0.0477 capacity_deficit=False confidence=0 current_load=69.93333333333331 decision_id=cf84838d k8s_capacity=66.6 k8s_weight=95 knative_weight=5 p99=197.9 predicted_load=0 r_effective=16.6 serverless_enabled=True total_load=69.9 weights_after={'k3s': 95, 'knative': 5} weights_before={'k3s': 100, 'knative': 0}
2026-09-12 19:52:31 [info     ] Weights updated                k3s=95 knative=5
2026-09-12 19:52:31 [info     ] Weights updated                action=REACTIVE reason='load=70RPS | k8s_cap=67RPS | (burst-routing)' weights={'k3s': 95, 'knative': 5}
2026-09-12 19:52:31 [info     ] algorithm2_scaling_decision    action=MAINTAIN alpha=0.060060060060060066 beta=0.0 buffer=1.0 current_replicas=4 predicted_load=65.98888888888888 required_resources=3.963 target_replicas=4
2026-09-12 19:52:31 [info     ] algorithm2_decision            action=MAINTAIN applied_target=4 current_replicas=4 hold_until=0.0 observed_load=65.99 observed_target=4 point_forecasts=None prediction_age_sec=None predictive_target=4 proactive=False scenario=s3-hybrid-reactive target_replicas=4 upper_forecasts=None
2026-09-12 19:52:31 [debug    ] Decision loop completed        action=REACTIVE latency_ms=108.68 p99=197.93902439024413
2026-09-12 19:52:46 [info     ] controller_decision_v3         action=REACTIVE available_replicas=4 budget_remaining=986 burn_adjustment=0 burst_ratio=0.0973 capacity_deficit=False confidence=0 current_load=73.77777777777776 decision_id=b23a41a1 k8s_capacity=66.6 k8s_weight=90 knative_weight=10 p99=368.8 predicted_load=0 r_effective=16.6 serverless_enabled=True total_load=73.8 weights_after={'k3s': 90, 'knative': 10} weights_before={'k3s': 95, 'knative': 5}
2026-09-12 19:52:46 [info     ] Weights updated                k3s=90 knative=10
2026-09-12 19:52:46 [info     ] Weights updated                action=REACTIVE reason='load=74RPS | k8s_cap=67RPS | (burst-routing)' weights={'k3s': 90, 'knative': 10}
2026-09-12 19:52:46 [info     ] algorithm2_scaling_decision    action=SCALE_UP alpha=0.060060060060060066 beta=0.0 buffer=1.0 current_replicas=4 predicted_load=71.85555555555553 required_resources=4.316 target_replicas=5
2026-09-12 19:52:46 [info     ] algorithm2_decision            action=SCALE_UP applied_target=5 current_replicas=4 hold_until=0.0 observed_load=71.86 observed_target=5 point_forecasts=None prediction_age_sec=None predictive_target=5 proactive=False scenario=s3-hybrid-reactive target_replicas=5 upper_forecasts=None
2026-09-12 19:52:46 [info     ] k8s_scale_executed             deployment=test-app-warm replicas=5
2026-09-12 19:52:46 [debug    ] Decision loop completed        action=REACTIVE latency_ms=143.34 p99=368.80769230769204
2026-09-12 19:53:01 [info     ] controller_decision_v3         action=RECOVERY available_replicas=5 budget_remaining=986 burn_adjustment=0 burst_ratio=0 capacity_deficit=False confidence=0 current_load=74.95555555555553 decision_id=5def5ebf k8s_capacity=83.2 k8s_weight=100 knative_weight=0 p99=131.4 predicted_load=0 r_effective=16.6 serverless_enabled=False total_load=75.0 weights_after={'k3s': 100, 'knative': 0} weights_before={'k3s': 90, 'knative': 10}
2026-09-12 19:53:01 [info     ] Weights updated                k3s=100 knative=0
2026-09-12 19:53:01 [info     ] Weights updated                action=RECOVERY reason='load=75RPS | k8s_cap=83RPS | (reducing-serverless)' weights={'k3s': 100, 'knative': 0}
2026-09-12 19:53:01 [info     ] Scale readiness observed       elapsed_sec=15.1 ewma_delay=25.7 samples=6 target=5
2026-09-12 19:53:01 [info     ] algorithm2_scaling_decision    action=MAINTAIN alpha=0.060060060060060066 beta=0.0 buffer=1.0 current_replicas=5 predicted_load=74.36666666666665 required_resources=4.466 target_replicas=5
2026-09-12 19:53:01 [info     ] algorithm2_decision            action=MAINTAIN applied_target=5 current_replicas=5 hold_until=0.0 observed_load=74.37 observed_target=5 point_forecasts=None prediction_age_sec=None predictive_target=5 proactive=False scenario=s3-hybrid-reactive target_replicas=5 upper_forecasts=None
2026-09-12 19:53:01 [debug    ] Decision loop completed        action=RECOVERY latency_ms=141.8 p99=131.3529411764696
2026-09-12 19:53:16 [info     ] algorithm2_scaling_decision    action=MAINTAIN alpha=0.060060060060060066 beta=0.0 buffer=1.0 current_replicas=5 predicted_load=77.17553888888888 required_resources=4.635 target_replicas=5
2026-09-12 19:53:16 [info     ] algorithm2_decision            action=MAINTAIN applied_target=5 current_replicas=5 hold_until=0.0 observed_load=77.18 observed_target=5 point_forecasts=None prediction_age_sec=None predictive_target=5 proactive=False scenario=s3-hybrid-reactive target_replicas=5 upper_forecasts=None
2026-09-12 19:53:16 [debug    ] Decision loop completed        action=MAINTAIN latency_ms=114.56 p99=135.21076666666698
2026-09-12 19:53:31 [warning  ] Knative pre-warm non-200       status=404
2026-09-12 19:53:31 [info     ] controller_decision_v3         action=REACTIVE available_replicas=5 budget_remaining=986 burn_adjustment=0 burst_ratio=0.0732 capacity_deficit=False confidence=0 current_load=89.82079999999996 decision_id=84985cfa k8s_capacity=83.2 k8s_weight=92 knative_weight=8 p99=199.2 predicted_load=0 r_effective=16.6 serverless_enabled=True total_load=89.8 weights_after={'k3s': 92, 'knative': 8} weights_before={'k3s': 100, 'knative': 0}
2026-09-12 19:53:31 [info     ] Weights updated                k3s=92 knative=8
2026-09-12 19:53:31 [info     ] Weights updated                action=REACTIVE reason='load=90RPS | k8s_cap=83RPS | (burst-routing)' weights={'k3s': 92, 'knative': 8}
2026-09-12 19:53:31 [info     ] algorithm2_scaling_decision    action=SCALE_UP alpha=0.060060060060060066 beta=0.0 buffer=1.0 current_replicas=5 predicted_load=84.60816111111109 required_resources=5.082 target_replicas=6
2026-09-12 19:53:31 [info     ] algorithm2_decision            action=SCALE_UP applied_target=6 current_replicas=5 hold_until=0.0 observed_load=84.61 observed_target=6 point_forecasts=None prediction_age_sec=None predictive_target=6 proactive=False scenario=s3-hybrid-reactive target_replicas=6 upper_forecasts=None
2026-09-12 19:53:31 [info     ] k8s_scale_executed             deployment=test-app-warm replicas=6
2026-09-12 19:53:31 [debug    ] Decision loop completed        action=REACTIVE latency_ms=166.92 p99=199.21744974006089
2026-09-12 19:53:46 [info     ] controller_decision_v3         action=RECOVERY available_replicas=6 budget_remaining=985 burn_adjustment=0 burst_ratio=0 capacity_deficit=False confidence=0 current_load=97.95269407407403 decision_id=4d1feb8e k8s_capacity=99.9 k8s_weight=100 knative_weight=0 p99=446.8 predicted_load=0 r_effective=16.6 serverless_enabled=False total_load=98.0 weights_after={'k3s': 100, 'knative': 0} weights_before={'k3s': 92, 'knative': 8}
2026-09-12 19:53:46 [info     ] Weights updated                k3s=100 knative=0
2026-09-12 19:53:46 [info     ] Weights updated                action=RECOVERY reason='load=98RPS | k8s_cap=100RPS | (reducing-serverless)' weights={'k3s': 100, 'knative': 0}
2026-09-12 19:53:46 [info     ] Scale readiness observed       elapsed_sec=15.1 ewma_delay=22.6 samples=7 target=6
2026-09-12 19:53:46 [info     ] algorithm2_scaling_decision    action=MAINTAIN alpha=0.060060060060060066 beta=0.0 buffer=1.0 current_replicas=6 predicted_load=93.886747037037 required_resources=5.639 target_replicas=6
2026-09-12 19:53:46 [info     ] algorithm2_decision            action=MAINTAIN applied_target=6 current_replicas=6 hold_until=0.0 observed_load=93.89 observed_target=6 point_forecasts=None prediction_age_sec=None predictive_target=6 proactive=False scenario=s3-hybrid-reactive target_replicas=6 upper_forecasts=None
2026-09-12 19:53:46 [debug    ] Decision loop completed        action=RECOVERY latency_ms=143.72 p99=446.8181818181815
2026-09-12 19:54:02 [info     ] algorithm2_scaling_decision    action=MAINTAIN alpha=0.060060060060060066 beta=0.0 buffer=1.0 current_replicas=6 predicted_load=98.69921499999995 required_resources=5.928 target_replicas=6
2026-09-12 19:54:02 [info     ] algorithm2_decision            action=MAINTAIN applied_target=6 current_replicas=6 hold_until=0.0 observed_load=98.7 observed_target=6 point_forecasts=None prediction_age_sec=None predictive_target=6 proactive=False scenario=s3-hybrid-reactive target_replicas=6 upper_forecasts=None
2026-09-12 19:54:02 [debug    ] Decision loop completed        action=MAINTAIN latency_ms=109.47 p99=193.08796153846131
2026-09-12 19:54:17 [info     ] algorithm2_scaling_decision    action=MAINTAIN alpha=0.060060060060060066 beta=0.0 buffer=1.0 current_replicas=6 predicted_load=94.2589496296296 required_resources=5.661 target_replicas=6
2026-09-12 19:54:17 [info     ] algorithm2_decision            action=MAINTAIN applied_target=6 current_replicas=6 hold_until=0.0 observed_load=94.26 observed_target=6 point_forecasts=None prediction_age_sec=None predictive_target=6 proactive=False scenario=s3-hybrid-reactive target_replicas=6 upper_forecasts=None
2026-09-12 19:54:17 [debug    ] Decision loop completed        action=MAINTAIN latency_ms=104.21 p99=165.5862068965521
2026-09-12 19:54:32 [info     ] algorithm2_scaling_decision    action=MAINTAIN alpha=0.060060060060060066 beta=0.0 buffer=1.0 current_replicas=6 predicted_load=81.46905944444443 required_resources=4.893 target_replicas=5
2026-09-12 19:54:32 [info     ] algorithm2_decision            action=MAINTAIN applied_target=5 current_replicas=6 hold_until=0.0 observed_load=81.47 observed_target=5 point_forecasts=None prediction_age_sec=None predictive_target=5 proactive=False scenario=s3-hybrid-reactive target_replicas=5 upper_forecasts=None
2026-09-12 19:54:32 [debug    ] Decision loop completed        action=MAINTAIN latency_ms=108.69 p99=99.89272727272727
2026-09-12 19:54:47 [info     ] algorithm2_scaling_decision    action=SCALE_DOWN alpha=0.060060060060060066 beta=0.0 buffer=1.0 current_replicas=6 predicted_load=66.54408888888888 required_resources=3.997 target_replicas=4
2026-09-12 19:54:47 [info     ] algorithm2_decision            action=SCALE_DOWN applied_target=4 current_replicas=6 hold_until=0.0 observed_load=66.54 observed_target=4 point_forecasts=None prediction_age_sec=None predictive_target=4 proactive=False scenario=s3-hybrid-reactive target_replicas=4 upper_forecasts=None
2026-09-12 19:54:47 [info     ] k8s_scale_executed             deployment=test-app-warm replicas=4
2026-09-12 19:54:47 [debug    ] Decision loop completed        action=MAINTAIN latency_ms=138.83 p99=99.77379095163808
2026-09-12 19:55:02 [info     ] algorithm2_scaling_decision    action=MAINTAIN alpha=0.060060060060060066 beta=0.0 buffer=1.0 current_replicas=4 predicted_load=54.99565861111111 required_resources=3.303 target_replicas=4
2026-09-12 19:55:02 [info     ] algorithm2_decision            action=MAINTAIN applied_target=4 current_replicas=4 hold_until=0.0 observed_load=55.0 observed_target=4 point_forecasts=None prediction_age_sec=None predictive_target=4 proactive=False scenario=s3-hybrid-reactive target_replicas=4 upper_forecasts=None
2026-09-12 19:55:02 [debug    ] Decision loop completed        action=MAINTAIN latency_ms=112.66 p99=99.62020648967551
2026-09-12 19:55:17 [info     ] algorithm2_scaling_decision    action=MAINTAIN alpha=0.060060060060060066 beta=0.0 buffer=1.0 current_replicas=4 predicted_load=48.156419722222225 required_resources=2.892 target_replicas=3
2026-09-12 19:55:17 [info     ] algorithm2_decision            action=MAINTAIN applied_target=3 current_replicas=4 hold_until=0.0 observed_load=48.16 observed_target=3 point_forecasts=None prediction_age_sec=None predictive_target=3 proactive=False scenario=s3-hybrid-reactive target_replicas=3 upper_forecasts=None
2026-09-12 19:55:17 [debug    ] Decision loop completed        action=MAINTAIN latency_ms=116.9 p99=99.96733668341709
2026-09-12 19:55:32 [info     ] algorithm2_scaling_decision    action=MAINTAIN alpha=0.060060060060060066 beta=0.0 buffer=1.0 current_replicas=4 predicted_load=47.42742777777778 required_resources=2.848 target_replicas=3
2026-09-12 19:55:32 [info     ] algorithm2_decision            action=MAINTAIN applied_target=3 current_replicas=4 hold_until=0.0 observed_load=47.43 observed_target=3 point_forecasts=None prediction_age_sec=None predictive_target=3 proactive=False scenario=s3-hybrid-reactive target_replicas=3 upper_forecasts=None
2026-09-12 19:55:32 [debug    ] Decision loop completed        action=MAINTAIN latency_ms=115.94 p99=145.9374999999997
2026-09-12 19:55:47 [info     ] algorithm2_scaling_decision    action=MAINTAIN alpha=0.060060060060060066 beta=0.0 buffer=1.0 current_replicas=4 predicted_load=50.988888888888894 required_resources=3.062 target_replicas=4
2026-09-12 19:55:47 [info     ] algorithm2_decision            action=MAINTAIN applied_target=4 current_replicas=4 hold_until=0.0 observed_load=50.99 observed_target=4 point_forecasts=None prediction_age_sec=None predictive_target=4 proactive=False scenario=s3-hybrid-reactive target_replicas=4 upper_forecasts=None
2026-09-12 19:55:47 [debug    ] Decision loop completed        action=MAINTAIN latency_ms=114.29 p99=145.8749999999996
2026-09-12 19:56:02 [info     ] algorithm2_scaling_decision    action=MAINTAIN alpha=0.060060060060060066 beta=0.0 buffer=1.0 current_replicas=4 predicted_load=53.21111111111112 required_resources=3.196 target_replicas=4
2026-09-12 19:56:02 [info     ] algorithm2_decision            action=MAINTAIN applied_target=4 current_replicas=4 hold_until=0.0 observed_load=53.21 observed_target=4 point_forecasts=None prediction_age_sec=None predictive_target=4 proactive=False scenario=s3-hybrid-reactive target_replicas=4 upper_forecasts=None
2026-09-12 19:56:02 [debug    ] Decision loop completed        action=MAINTAIN latency_ms=107.61 p99=101.71428571428629
2026-09-12 19:56:18 [info     ] algorithm2_scaling_decision    action=MAINTAIN alpha=0.060060060060060066 beta=0.0 buffer=1.0 current_replicas=4 predicted_load=50.7888888888889 required_resources=3.05 target_replicas=4
2026-09-12 19:56:18 [info     ] algorithm2_decision            action=MAINTAIN applied_target=4 current_replicas=4 hold_until=0.0 observed_load=50.79 observed_target=4 point_forecasts=None prediction_age_sec=None predictive_target=4 proactive=False scenario=s3-hybrid-reactive target_replicas=4 upper_forecasts=None
2026-09-12 19:56:18 [debug    ] Decision loop completed        action=MAINTAIN latency_ms=113.88 p99=99.82226211849193
2026-09-12 19:56:33 [info     ] algorithm2_scaling_decision    action=MAINTAIN alpha=0.060060060060060066 beta=0.0 buffer=1.0 current_replicas=4 predicted_load=45.41111111111112 required_resources=2.727 target_replicas=3
2026-09-12 19:56:33 [info     ] algorithm2_decision            action=MAINTAIN applied_target=3 current_replicas=4 hold_until=0.0 observed_load=45.41 observed_target=3 point_forecasts=None prediction_age_sec=None predictive_target=3 proactive=False scenario=s3-hybrid-reactive target_replicas=3 upper_forecasts=None
2026-09-12 19:56:33 [debug    ] Decision loop completed        action=MAINTAIN latency_ms=115.14 p99=107.28571428571402
2026-09-12 19:56:48 [info     ] algorithm2_scaling_decision    action=MAINTAIN alpha=0.060060060060060066 beta=0.0 buffer=1.0 current_replicas=4 predicted_load=42.533333333333346 required_resources=2.555 target_replicas=3
2026-09-12 19:56:48 [info     ] algorithm2_decision            action=MAINTAIN applied_target=3 current_replicas=4 hold_until=0.0 observed_load=42.53 observed_target=3 point_forecasts=None prediction_age_sec=None predictive_target=3 proactive=False scenario=s3-hybrid-reactive target_replicas=3 upper_forecasts=None
2026-09-12 19:56:48 [debug    ] Decision loop completed        action=MAINTAIN latency_ms=104.94 p99=119.24999999999962
2026-09-12 19:57:03 [info     ] algorithm2_scaling_decision    action=MAINTAIN alpha=0.060060060060060066 beta=0.0 buffer=1.0 current_replicas=4 predicted_load=42.84444444444445 required_resources=2.573 target_replicas=3
2026-09-12 19:57:03 [info     ] algorithm2_decision            action=MAINTAIN applied_target=3 current_replicas=4 hold_until=0.0 observed_load=42.84 observed_target=3 point_forecasts=None prediction_age_sec=None predictive_target=3 proactive=False scenario=s3-hybrid-reactive target_replicas=3 upper_forecasts=None
2026-09-12 19:57:03 [debug    ] Decision loop completed        action=MAINTAIN latency_ms=103.75 p99=99.86581469648563
2026-09-12 19:57:18 [info     ] algorithm2_scaling_decision    action=MAINTAIN alpha=0.060060060060060066 beta=0.0 buffer=1.0 current_replicas=4 predicted_load=44.988888888888894 required_resources=2.702 target_replicas=3
2026-09-12 19:57:18 [info     ] algorithm2_decision            action=MAINTAIN applied_target=3 current_replicas=4 hold_until=0.0 observed_load=44.99 observed_target=3 point_forecasts=None prediction_age_sec=None predictive_target=3 proactive=False scenario=s3-hybrid-reactive target_replicas=3 upper_forecasts=None
2026-09-12 19:57:18 [debug    ] Decision loop completed        action=MAINTAIN latency_ms=109.73 p99=99.88235294117648
2026-09-12 19:57:33 [info     ] algorithm2_scaling_decision    action=MAINTAIN alpha=0.060060060060060066 beta=0.0 buffer=1.0 current_replicas=4 predicted_load=47.67777777777778 required_resources=2.864 target_replicas=3
2026-09-12 19:57:33 [info     ] algorithm2_decision            action=MAINTAIN applied_target=3 current_replicas=4 hold_until=0.0 observed_load=47.68 observed_target=3 point_forecasts=None prediction_age_sec=None predictive_target=3 proactive=False scenario=s3-hybrid-reactive target_replicas=3 upper_forecasts=None
2026-09-12 19:57:33 [debug    ] Decision loop completed        action=MAINTAIN latency_ms=95.98 p99=99.88604972375693
2026-09-12 19:57:48 [info     ] algorithm2_scaling_decision    action=MAINTAIN alpha=0.060060060060060066 beta=0.0 buffer=1.0 current_replicas=4 predicted_load=43.10000000000001 required_resources=2.589 target_replicas=3
2026-09-12 19:57:48 [info     ] algorithm2_decision            action=MAINTAIN applied_target=3 current_replicas=4 hold_until=0.0 observed_load=43.1 observed_target=3 point_forecasts=None prediction_age_sec=None predictive_target=3 proactive=False scenario=s3-hybrid-reactive target_replicas=3 upper_forecasts=None
2026-09-12 19:57:48 [debug    ] Decision loop completed        action=MAINTAIN latency_ms=98.28 p99=99.81313131313132
2026-09-12 19:58:03 [info     ] algorithm2_scaling_decision    action=MAINTAIN alpha=0.060060060060060066 beta=0.0 buffer=1.0 current_replicas=4 predicted_load=29.02222222222222 required_resources=1.743 target_replicas=3
2026-09-12 19:58:03 [info     ] algorithm2_decision            action=MAINTAIN applied_target=3 current_replicas=4 hold_until=0.0 observed_load=29.02 observed_target=3 point_forecasts=None prediction_age_sec=None predictive_target=3 proactive=False scenario=s3-hybrid-reactive target_replicas=3 upper_forecasts=None
2026-09-12 19:58:03 [debug    ] Decision loop completed        action=MAINTAIN latency_ms=95.62 p99=0.99
2026-09-12 19:58:18 [info     ] algorithm2_scaling_decision    action=MAINTAIN alpha=0.060060060060060066 beta=0.0 buffer=1.0 current_replicas=4 predicted_load=12.74444444444444 required_resources=0.765 target_replicas=3
2026-09-12 19:58:18 [info     ] algorithm2_decision            action=MAINTAIN applied_target=3 current_replicas=4 hold_until=0.0 observed_load=12.74 observed_target=3 point_forecasts=None prediction_age_sec=None predictive_target=3 proactive=False scenario=s3-hybrid-reactive target_replicas=3 upper_forecasts=None
2026-09-12 19:58:18 [debug    ] Decision loop completed        action=MAINTAIN latency_ms=97.14 p99=0.99
2026-09-12 19:58:25 [info     ] Received shutdown signal
2026-09-12 19:58:25 [info     ] Stopping routing daemon...
2026-09-12 19:58:25 [info     ] Routing daemon stopped
