2026-09-11 08:27:09 [info     ] SLOMonitor initialized         threshold_ms=200.0 violation_window=30
2026-09-11 08:27:09 [info     ] Algorithm1ControllerV3 initialized max_knative=50 r_saturation=33.3 target_cpu_util=0.5 total_budget=1000
2026-09-11 08:27:09 [info     ] Using V3 controller (Capacity-Driven) scenario=s3-hybrid-reactive version=v3
2026-09-11 08:27:09 [info     ] HAProxyWeightAdjuster initialized backend=servers host=localhost port=19999
2026-09-11 08:27:09 [info     ] GRUClient initialized          base_url=http://localhost:8090
2026-09-11 08:27:09 [info     ] K8sScaler initialized          deployment=test-app-warm namespace=default
2026-09-11 08:27:09 [info     ] RoutingDaemon initialized      decision_interval=15 description='Algorithm 1 reactive routing without predictions' scenario=s3-hybrid-reactive use_algorithm=True use_predictions=False
2026-09-11 08:27:09 [info     ] Starting routing daemon        interval=15 scenario=s3-hybrid-reactive
2026-09-11 08:27:09 [info     ] Weights updated                k3s=80 knative=20
2026-09-11 08:27:09 [info     ] Initial weights applied        k3s=80 knative=20
2026-09-11 08:27:09 [debug    ] HAProxy fallback primed        total_requests=0
2026-09-11 08:27:10 [info     ] algorithm2_scaling_decision    action=MAINTAIN alpha=0.060060060060060066 beta=0.0 buffer=1.0 current_replicas=3 predicted_load=0.0 required_resources=0.0 target_replicas=3
2026-09-11 08:27:10 [info     ] algorithm2_decision            action=MAINTAIN applied_target=3 current_replicas=3 hold_until=0.0 observed_load=0.0 observed_target=3 point_forecasts=None prediction_age_sec=None predictive_target=3 proactive=False scenario=s3-hybrid-reactive target_replicas=3 upper_forecasts=None
2026-09-11 08:27:10 [debug    ] Decision loop completed        action=MAINTAIN latency_ms=364.58 p99=0.0
2026-09-11 08:27:10 [debug    ] GRU health check failed        error='HTTPConnectionPool(host=\'localhost\', port=8090): Max retries exceeded with url: /health (Caused by NewConnectionError("HTTPConnection(host=\'localhost\', port=8090): Failed to establish a new connection: [Errno 111] Connection refused"))'
2026-09-11 08:27:25 [info     ] algorithm2_scaling_decision    action=MAINTAIN alpha=0.060060060060060066 beta=0.0 buffer=1.0 current_replicas=3 predicted_load=0.0 required_resources=0.0 target_replicas=3
2026-09-11 08:27:25 [info     ] algorithm2_decision            action=MAINTAIN applied_target=3 current_replicas=3 hold_until=0.0 observed_load=0.0 observed_target=3 point_forecasts=None prediction_age_sec=None predictive_target=3 proactive=False scenario=s3-hybrid-reactive target_replicas=3 upper_forecasts=None
2026-09-11 08:27:25 [debug    ] Decision loop completed        action=MAINTAIN latency_ms=658.77 p99=0.0
2026-09-11 08:27:43 [info     ] algorithm2_scaling_decision    action=MAINTAIN alpha=0.060060060060060066 beta=0.0 buffer=1.0 current_replicas=3 predicted_load=0.0 required_resources=0.0 target_replicas=3
2026-09-11 08:27:43 [info     ] algorithm2_decision            action=MAINTAIN applied_target=3 current_replicas=3 hold_until=0.0 observed_load=0.0 observed_target=3 point_forecasts=None prediction_age_sec=None predictive_target=3 proactive=False scenario=s3-hybrid-reactive target_replicas=3 upper_forecasts=None
2026-09-11 08:27:43 [debug    ] Decision loop completed        action=MAINTAIN latency_ms=2687.36 p99=0.0
2026-09-11 08:27:58 [debug    ] HAProxy fallback latency       delta_requests=689 interval_avg_ms=75.0 max_rtime_ms=266.0 p99_est=150.0
2026-09-11 08:27:58 [info     ] controller_decision_v3         action=RECOVERY available_replicas=3 budget_remaining=1000 burn_adjustment=0 burst_ratio=0 capacity_deficit=False confidence=0 current_load=38.55991049026281 decision_id=763b7104 k8s_capacity=49.9 k8s_weight=100 knative_weight=0 p99=150.0 predicted_load=0 r_effective=16.6 serverless_enabled=False total_load=38.6 weights_after={'k3s': 100, 'knative': 0} weights_before={'k3s': 80, 'knative': 20}
2026-09-11 08:27:59 [info     ] Weights updated                k3s=100 knative=0
2026-09-11 08:27:59 [info     ] Weights updated                action=RECOVERY reason='load=39RPS | k8s_cap=50RPS | (reducing-serverless)' weights={'k3s': 100, 'knative': 0}
2026-09-11 08:27:59 [info     ] algorithm2_scaling_decision    action=MAINTAIN alpha=0.060060060060060066 beta=0.0 buffer=1.0 current_replicas=3 predicted_load=19.279955245131404 required_resources=1.158 target_replicas=3
2026-09-11 08:27:59 [info     ] algorithm2_decision            action=MAINTAIN applied_target=3 current_replicas=3 hold_until=0.0 observed_load=19.28 observed_target=3 point_forecasts=None prediction_age_sec=None predictive_target=3 proactive=False scenario=s3-hybrid-reactive target_replicas=3 upper_forecasts=None
2026-09-11 08:27:59 [debug    ] Decision loop completed        action=RECOVERY latency_ms=906.26 p99=150.0
2026-09-11 08:28:14 [debug    ] HAProxy fallback latency       delta_requests=700 interval_avg_ms=69.05 max_rtime_ms=266.0 p99_est=138.09
2026-09-11 08:28:14 [info     ] algorithm2_scaling_decision    action=MAINTAIN alpha=0.060060060060060066 beta=0.0 buffer=1.0 current_replicas=3 predicted_load=41.28409461340641 required_resources=2.48 target_replicas=3
2026-09-11 08:28:14 [info     ] algorithm2_decision            action=MAINTAIN applied_target=3 current_replicas=3 hold_until=0.0 observed_load=41.28 observed_target=3 point_forecasts=None prediction_age_sec=None predictive_target=3 proactive=False scenario=s3-hybrid-reactive target_replicas=3 upper_forecasts=None
2026-09-11 08:28:14 [debug    ] Decision loop completed        action=MAINTAIN latency_ms=457.2 p99=138.09428571428572
2026-09-11 08:28:29 [debug    ] HAProxy fallback latency       delta_requests=744 interval_avg_ms=69.13 max_rtime_ms=266.0 p99_est=138.27
2026-09-11 08:28:30 [info     ] algorithm2_scaling_decision    action=MAINTAIN alpha=0.060060060060060066 beta=0.0 buffer=1.0 current_replicas=3 predicted_load=46.14366502785259 required_resources=2.771 target_replicas=3
2026-09-11 08:28:30 [info     ] algorithm2_decision            action=MAINTAIN applied_target=3 current_replicas=3 hold_until=0.0 observed_load=46.14 observed_target=3 point_forecasts=None prediction_age_sec=None predictive_target=3 proactive=False scenario=s3-hybrid-reactive target_replicas=3 upper_forecasts=None
2026-09-11 08:28:30 [debug    ] Decision loop completed        action=MAINTAIN latency_ms=303.29 p99=138.26612903225808
2026-09-11 08:28:45 [debug    ] HAProxy fallback latency       delta_requests=845 interval_avg_ms=63.95 max_rtime_ms=266.0 p99_est=127.9
2026-09-11 08:28:45 [info     ] Knative pre-warm OK            cold_start_ms=5.7
2026-09-11 08:28:45 [info     ] controller_decision_v3         action=REACTIVE available_replicas=3 budget_remaining=1000 burn_adjustment=0 burst_ratio=0.0952 capacity_deficit=False confidence=0 current_load=55.20720895854849 decision_id=67ff75e6 k8s_capacity=49.9 k8s_weight=90 knative_weight=10 p99=127.9 predicted_load=0 r_effective=16.6 serverless_enabled=True total_load=55.2 weights_after={'k3s': 90, 'knative': 10} weights_before={'k3s': 100, 'knative': 0}
2026-09-11 08:28:45 [info     ] Weights updated                k3s=90 knative=10
2026-09-11 08:28:45 [info     ] Weights updated                action=REACTIVE reason='load=55RPS | k8s_cap=50RPS | (burst-routing)' weights={'k3s': 90, 'knative': 10}
2026-09-11 08:28:45 [info     ] algorithm2_scaling_decision    action=SCALE_UP alpha=0.060060060060060066 beta=0.0 buffer=1.0 current_replicas=3 predicted_load=51.74313013885184 required_resources=3.108 target_replicas=4
2026-09-11 08:28:45 [info     ] algorithm2_decision            action=SCALE_UP applied_target=4 current_replicas=3 hold_until=0.0 observed_load=51.74 observed_target=4 point_forecasts=None prediction_age_sec=None predictive_target=4 proactive=False scenario=s3-hybrid-reactive target_replicas=4 upper_forecasts=None
2026-09-11 08:28:45 [info     ] k8s_scale_executed             deployment=test-app-warm replicas=4
2026-09-11 08:28:45 [debug    ] Decision loop completed        action=REACTIVE latency_ms=351.48 p99=127.90295857988166
2026-09-11 08:29:00 [debug    ] HAProxy fallback latency       delta_requests=743 interval_avg_ms=74.01 max_rtime_ms=266.0 p99_est=148.02
2026-09-11 08:29:00 [info     ] controller_decision_v3         action=RECOVERY available_replicas=4 budget_remaining=1000 burn_adjustment=0 burst_ratio=0 capacity_deficit=False confidence=0 current_load=48.51755261187622 decision_id=748ea7e1 k8s_capacity=66.6 k8s_weight=100 knative_weight=0 p99=148.0 predicted_load=0 r_effective=16.6 serverless_enabled=False total_load=48.5 weights_after={'k3s': 100, 'knative': 0} weights_before={'k3s': 90, 'knative': 10}
2026-09-11 08:29:00 [info     ] Weights updated                k3s=100 knative=0
2026-09-11 08:29:00 [info     ] Weights updated                action=RECOVERY reason='load=49RPS | k8s_cap=67RPS | (reducing-serverless)' weights={'k3s': 100, 'knative': 0}
2026-09-11 08:29:00 [info     ] Scale readiness observed       elapsed_sec=15.3 ewma_delay=46.6 samples=1 target=4
2026-09-11 08:29:00 [info     ] algorithm2_scaling_decision    action=MAINTAIN alpha=0.060060060060060066 beta=0.0 buffer=1.0 current_replicas=4 predicted_load=51.86238078521235 required_resources=3.115 target_replicas=4
2026-09-11 08:29:00 [info     ] algorithm2_decision            action=MAINTAIN applied_target=4 current_replicas=4 hold_until=0.0 observed_load=51.86 observed_target=4 point_forecasts=None prediction_age_sec=None predictive_target=4 proactive=False scenario=s3-hybrid-reactive target_replicas=4 upper_forecasts=None
2026-09-11 08:29:00 [debug    ] Decision loop completed        action=RECOVERY latency_ms=289.87 p99=148.01615074024227
2026-09-11 08:29:15 [debug    ] HAProxy fallback latency       delta_requests=518 interval_avg_ms=70.0 max_rtime_ms=266.0 p99_est=140.0
2026-09-11 08:29:16 [info     ] algorithm2_scaling_decision    action=MAINTAIN alpha=0.060060060060060066 beta=0.0 buffer=1.0 current_replicas=4 predicted_load=41.19364640021843 required_resources=2.474 target_replicas=3
2026-09-11 08:29:16 [info     ] algorithm2_decision            action=MAINTAIN applied_target=3 current_replicas=4 hold_until=0.0 observed_load=41.19 observed_target=3 point_forecasts=None prediction_age_sec=None predictive_target=3 proactive=False scenario=s3-hybrid-reactive target_replicas=3 upper_forecasts=None
2026-09-11 08:29:16 [debug    ] Decision loop completed        action=MAINTAIN latency_ms=283.65 p99=140.0
2026-09-11 08:29:31 [debug    ] HAProxy fallback latency       delta_requests=404 interval_avg_ms=58.51 max_rtime_ms=266.0 p99_est=117.01
2026-09-11 08:29:31 [info     ] algorithm2_scaling_decision    action=MAINTAIN alpha=0.060060060060060066 beta=0.0 buffer=1.0 current_replicas=4 predicted_load=30.219570129014734 required_resources=1.815 target_replicas=3
2026-09-11 08:29:31 [info     ] algorithm2_decision            action=MAINTAIN applied_target=3 current_replicas=4 hold_until=0.0 observed_load=30.22 observed_target=3 point_forecasts=None prediction_age_sec=None predictive_target=3 proactive=False scenario=s3-hybrid-reactive target_replicas=3 upper_forecasts=None
2026-09-11 08:29:31 [debug    ] Decision loop completed        action=MAINTAIN latency_ms=209.68 p99=117.01485148514851
2026-09-11 08:29:46 [debug    ] HAProxy fallback latency       delta_requests=359 interval_avg_ms=55.07 max_rtime_ms=266.0 p99_est=110.13
2026-09-11 08:29:46 [info     ] algorithm2_scaling_decision    action=MAINTAIN alpha=0.060060060060060066 beta=0.0 buffer=1.0 current_replicas=4 predicted_load=25.05151000695537 required_resources=1.505 target_replicas=3
2026-09-11 08:29:46 [info     ] algorithm2_decision            action=MAINTAIN applied_target=3 current_replicas=4 hold_until=0.0 observed_load=25.05 observed_target=3 point_forecasts=None prediction_age_sec=None predictive_target=3 proactive=False scenario=s3-hybrid-reactive target_replicas=3 upper_forecasts=None
2026-09-11 08:29:46 [debug    ] Decision loop completed        action=MAINTAIN latency_ms=207.65 p99=110.13370473537604
2026-09-11 08:30:01 [debug    ] HAProxy fallback latency       delta_requests=546 interval_avg_ms=78.16 max_rtime_ms=266.0 p99_est=156.32
2026-09-11 08:30:01 [info     ] algorithm2_scaling_decision    action=MAINTAIN alpha=0.060060060060060066 beta=0.0 buffer=1.0 current_replicas=4 predicted_load=29.68412504772425 required_resources=1.783 target_replicas=3
2026-09-11 08:30:01 [info     ] algorithm2_decision            action=MAINTAIN applied_target=3 current_replicas=4 hold_until=0.0 observed_load=29.68 observed_target=3 point_forecasts=None prediction_age_sec=None predictive_target=3 proactive=False scenario=s3-hybrid-reactive target_replicas=3 upper_forecasts=None
2026-09-11 08:30:01 [debug    ] Decision loop completed        action=MAINTAIN latency_ms=218.86 p99=156.32234432234432
2026-09-11 08:30:16 [debug    ] HAProxy fallback latency       delta_requests=830 interval_avg_ms=84.37 max_rtime_ms=266.0 p99_est=168.74
2026-09-11 08:30:17 [info     ] algorithm2_scaling_decision    action=MAINTAIN alpha=0.060060060060060066 beta=0.0 buffer=1.0 current_replicas=4 predicted_load=44.96917914902186 required_resources=2.701 target_replicas=3
2026-09-11 08:30:17 [info     ] algorithm2_decision            action=MAINTAIN applied_target=3 current_replicas=4 hold_until=0.0 observed_load=44.97 observed_target=3 point_forecasts=None prediction_age_sec=None predictive_target=3 proactive=False scenario=s3-hybrid-reactive target_replicas=3 upper_forecasts=None
2026-09-11 08:30:17 [debug    ] Decision loop completed        action=MAINTAIN latency_ms=445.48 p99=168.73734939759035
2026-09-11 08:30:32 [debug    ] HAProxy fallback latency       delta_requests=789 interval_avg_ms=71.0 max_rtime_ms=266.0 p99_est=142.0
2026-09-11 08:30:32 [info     ] algorithm2_scaling_decision    action=MAINTAIN alpha=0.060060060060060066 beta=0.0 buffer=1.0 current_replicas=4 predicted_load=52.647621334946805 required_resources=3.162 target_replicas=4
2026-09-11 08:30:32 [info     ] algorithm2_decision            action=MAINTAIN applied_target=4 current_replicas=4 hold_until=0.0 observed_load=52.65 observed_target=4 point_forecasts=None prediction_age_sec=None predictive_target=4 proactive=False scenario=s3-hybrid-reactive target_replicas=4 upper_forecasts=None
2026-09-11 08:30:32 [debug    ] Decision loop completed        action=MAINTAIN latency_ms=431.41 p99=142.0
2026-09-11 08:30:47 [debug    ] HAProxy fallback latency       delta_requests=621 interval_avg_ms=58.46 max_rtime_ms=266.0 p99_est=116.92
2026-09-11 08:30:47 [info     ] algorithm2_scaling_decision    action=MAINTAIN alpha=0.060060060060060066 beta=0.0 buffer=1.0 current_replicas=4 predicted_load=45.84441445468368 required_resources=2.753 target_replicas=3
2026-09-11 08:30:47 [info     ] algorithm2_decision            action=MAINTAIN applied_target=3 current_replicas=4 hold_until=0.0 observed_load=45.84 observed_target=3 point_forecasts=None prediction_age_sec=None predictive_target=3 proactive=False scenario=s3-hybrid-reactive target_replicas=3 upper_forecasts=None
2026-09-11 08:30:47 [debug    ] Decision loop completed        action=MAINTAIN latency_ms=303.31 p99=116.91787439613526
2026-09-11 08:31:02 [debug    ] HAProxy fallback latency       delta_requests=713 interval_avg_ms=58.08 max_rtime_ms=266.0 p99_est=116.15
2026-09-11 08:31:03 [info     ] algorithm2_scaling_decision    action=MAINTAIN alpha=0.060060060060060066 beta=0.0 buffer=1.0 current_replicas=4 predicted_load=43.45173843360553 required_resources=2.61 target_replicas=3
2026-09-11 08:31:03 [info     ] algorithm2_decision            action=MAINTAIN applied_target=3 current_replicas=4 hold_until=0.0 observed_load=43.45 observed_target=3 point_forecasts=None prediction_age_sec=None predictive_target=3 proactive=False scenario=s3-hybrid-reactive target_replicas=3 upper_forecasts=None
2026-09-11 08:31:03 [debug    ] Decision loop completed        action=MAINTAIN latency_ms=356.63 p99=116.15427769985975
2026-09-11 08:31:18 [debug    ] HAProxy fallback latency       delta_requests=882 interval_avg_ms=90.28 max_rtime_ms=266.0 p99_est=180.55
2026-09-11 08:31:18 [info     ] algorithm2_scaling_decision    action=MAINTAIN alpha=0.060060060060060066 beta=0.0 buffer=1.0 current_replicas=4 predicted_load=51.95985212953198 required_resources=3.121 target_replicas=4
2026-09-11 08:31:18 [info     ] algorithm2_decision            action=MAINTAIN applied_target=4 current_replicas=4 hold_until=0.0 observed_load=51.96 observed_target=4 point_forecasts=None prediction_age_sec=None predictive_target=4 proactive=False scenario=s3-hybrid-reactive target_replicas=4 upper_forecasts=None
2026-09-11 08:31:18 [debug    ] Decision loop completed        action=MAINTAIN latency_ms=217.46 p99=180.5532879818594
2026-09-11 08:31:33 [debug    ] HAProxy fallback latency       delta_requests=928 interval_avg_ms=82.11 max_rtime_ms=266.0 p99_est=164.22
2026-09-11 08:31:33 [info     ] algorithm2_scaling_decision    action=MAINTAIN alpha=0.060060060060060066 beta=0.0 buffer=1.0 current_replicas=4 predicted_load=59.18183222027879 required_resources=3.554 target_replicas=4
2026-09-11 08:31:33 [info     ] algorithm2_decision            action=MAINTAIN applied_target=4 current_replicas=4 hold_until=0.0 observed_load=59.18 observed_target=4 point_forecasts=None prediction_age_sec=None predictive_target=4 proactive=False scenario=s3-hybrid-reactive target_replicas=4 upper_forecasts=None
2026-09-11 08:31:33 [debug    ] Decision loop completed        action=MAINTAIN latency_ms=290.3 p99=164.2219827586207
2026-09-11 08:31:48 [debug    ] HAProxy fallback latency       delta_requests=951 interval_avg_ms=72.0 max_rtime_ms=266.0 p99_est=144.0
2026-09-11 08:31:48 [info     ] algorithm2_scaling_decision    action=MAINTAIN alpha=0.060060060060060066 beta=0.0 buffer=1.0 current_replicas=4 predicted_load=61.609113627354176 required_resources=3.7 target_replicas=4
2026-09-11 08:31:48 [info     ] algorithm2_decision            action=MAINTAIN applied_target=4 current_replicas=4 hold_until=0.0 observed_load=61.61 observed_target=4 point_forecasts=None prediction_age_sec=None predictive_target=4 proactive=False scenario=s3-hybrid-reactive target_replicas=4 upper_forecasts=None
2026-09-11 08:31:48 [debug    ] Decision loop completed        action=MAINTAIN latency_ms=186.78 p99=144.0
2026-09-11 08:32:04 [debug    ] HAProxy fallback latency       delta_requests=1046 interval_avg_ms=72.0 max_rtime_ms=266.0 p99_est=144.0
2026-09-11 08:32:04 [info     ] Knative pre-warm OK            cold_start_ms=5.1
2026-09-11 08:32:04 [info     ] controller_decision_v3         action=REACTIVE available_replicas=4 budget_remaining=1000 burn_adjustment=0 burst_ratio=0.0301 capacity_deficit=False confidence=0 current_load=68.66439389430379 decision_id=e7bac541 k8s_capacity=66.6 k8s_weight=96 knative_weight=4 p99=144.0 predicted_load=0 r_effective=16.6 serverless_enabled=True total_load=68.7 weights_after={'k3s': 96, 'knative': 4} weights_before={'k3s': 100, 'knative': 0}
2026-09-11 08:32:04 [info     ] Weights updated                k3s=96 knative=4
2026-09-11 08:32:04 [info     ] Weights updated                action=REACTIVE reason='load=69RPS | k8s_cap=67RPS | (burst-routing)' weights={'k3s': 96, 'knative': 4}
2026-09-11 08:32:04 [info     ] algorithm2_scaling_decision    action=MAINTAIN alpha=0.060060060060060066 beta=0.0 buffer=1.0 current_replicas=4 predicted_load=65.51624924340916 required_resources=3.935 target_replicas=4
2026-09-11 08:32:04 [info     ] algorithm2_decision            action=MAINTAIN applied_target=4 current_replicas=4 hold_until=0.0 observed_load=65.52 observed_target=4 point_forecasts=None prediction_age_sec=None predictive_target=4 proactive=False scenario=s3-hybrid-reactive target_replicas=4 upper_forecasts=None
2026-09-11 08:32:04 [debug    ] Decision loop completed        action=REACTIVE latency_ms=320.79 p99=144.0
2026-09-11 08:32:19 [debug    ] HAProxy fallback latency       delta_requests=1174 interval_avg_ms=83.48 max_rtime_ms=266.0 p99_est=166.97
2026-09-11 08:32:19 [info     ] controller_decision_v3         action=REACTIVE available_replicas=4 budget_remaining=1000 burn_adjustment=0 burst_ratio=0.1317 capacity_deficit=False confidence=0 current_load=76.69890558978156 decision_id=81e1c162 k8s_capacity=66.6 k8s_weight=86 knative_weight=14 p99=167.0 predicted_load=0 r_effective=16.6 serverless_enabled=True total_load=76.7 weights_after={'k3s': 86, 'knative': 14} weights_before={'k3s': 96, 'knative': 4}
2026-09-11 08:32:19 [info     ] Weights updated                k3s=86 knative=14
2026-09-11 08:32:19 [info     ] Weights updated                action=REACTIVE reason='load=77RPS | k8s_cap=67RPS | (burst-routing)' weights={'k3s': 86, 'knative': 14}
2026-09-11 08:32:19 [info     ] algorithm2_scaling_decision    action=SCALE_UP alpha=0.060060060060060066 beta=0.0 buffer=1.0 current_replicas=4 predicted_load=72.68164974204268 required_resources=4.365 target_replicas=5
2026-09-11 08:32:19 [info     ] algorithm2_decision            action=SCALE_UP applied_target=5 current_replicas=4 hold_until=0.0 observed_load=72.68 observed_target=5 point_forecasts=None prediction_age_sec=None predictive_target=5 proactive=False scenario=s3-hybrid-reactive target_replicas=5 upper_forecasts=None
2026-09-11 08:32:19 [info     ] k8s_scale_executed             deployment=test-app-warm replicas=5
2026-09-11 08:32:19 [debug    ] Decision loop completed        action=REACTIVE latency_ms=292.39 p99=166.96763202725725
2026-09-11 08:32:34 [debug    ] HAProxy fallback latency       delta_requests=1349 interval_avg_ms=73.0 max_rtime_ms=266.0 p99_est=146.0
2026-09-11 08:32:34 [info     ] controller_decision_v3         action=RECOVERY available_replicas=5 budget_remaining=1000 burn_adjustment=0 burst_ratio=0.0559 capacity_deficit=False confidence=0 current_load=88.18318236732446 decision_id=c012a278 k8s_capacity=83.2 k8s_weight=94 knative_weight=6 p99=146.0 predicted_load=0 r_effective=16.6 serverless_enabled=True total_load=88.2 weights_after={'k3s': 94, 'knative': 6} weights_before={'k3s': 86, 'knative': 14}
2026-09-11 08:32:34 [info     ] Weights updated                k3s=94 knative=6
2026-09-11 08:32:34 [info     ] Weights updated                action=RECOVERY reason='load=88RPS | k8s_cap=83RPS | (reducing-serverless)' weights={'k3s': 94, 'knative': 6}
2026-09-11 08:32:34 [info     ] Scale readiness observed       elapsed_sec=15.3 ewma_delay=37.2 samples=2 target=5
2026-09-11 08:32:34 [info     ] algorithm2_scaling_decision    action=MAINTAIN alpha=0.060060060060060066 beta=0.0 buffer=1.0 current_replicas=5 predicted_load=82.44104397855301 required_resources=4.951 target_replicas=5
2026-09-11 08:32:34 [info     ] algorithm2_decision            action=MAINTAIN applied_target=5 current_replicas=5 hold_until=0.0 observed_load=82.44 observed_target=5 point_forecasts=None prediction_age_sec=None predictive_target=5 proactive=False scenario=s3-hybrid-reactive target_replicas=5 upper_forecasts=None
2026-09-11 08:32:34 [debug    ] Decision loop completed        action=RECOVERY latency_ms=316.66 p99=146.0
2026-09-11 08:32:50 [debug    ] HAProxy fallback latency       delta_requests=1565 interval_avg_ms=114.91 max_rtime_ms=266.0 p99_est=229.81
2026-09-11 08:32:50 [info     ] controller_decision_v3         action=REACTIVE available_replicas=5 budget_remaining=999 burn_adjustment=0 burst_ratio=0.1734 capacity_deficit=False confidence=0 current_load=100.70922775680863 decision_id=64c97122 k8s_capacity=83.2 k8s_weight=82 knative_weight=18 p99=229.8 predicted_load=0 r_effective=16.6 serverless_enabled=True total_load=100.7 weights_after={'k3s': 82, 'knative': 18} weights_before={'k3s': 94, 'knative': 6}
2026-09-11 08:32:50 [info     ] Weights updated                k3s=82 knative=18
2026-09-11 08:32:50 [info     ] Weights updated                action=REACTIVE reason='load=101RPS | k8s_cap=83RPS | (burst-routing)' weights={'k3s': 82, 'knative': 18}
2026-09-11 08:32:50 [info     ] algorithm2_scaling_decision    action=SCALE_UP alpha=0.060060060060060066 beta=0.0 buffer=1.0 current_replicas=5 predicted_load=94.44620506206655 required_resources=5.672 target_replicas=6
2026-09-11 08:32:50 [info     ] algorithm2_decision            action=SCALE_UP applied_target=6 current_replicas=5 hold_until=0.0 observed_load=94.45 observed_target=6 point_forecasts=None prediction_age_sec=None predictive_target=6 proactive=False scenario=s3-hybrid-reactive target_replicas=6 upper_forecasts=None
2026-09-11 08:32:50 [info     ] k8s_scale_executed             deployment=test-app-warm replicas=6
2026-09-11 08:32:50 [debug    ] Decision loop completed        action=REACTIVE latency_ms=753.82 p99=229.81341853035144
2026-09-11 08:33:05 [debug    ] HAProxy fallback latency       delta_requests=1822 interval_avg_ms=107.0 max_rtime_ms=266.0 p99_est=213.99
2026-09-11 08:33:06 [info     ] controller_decision_v3         action=RECOVERY available_replicas=6 budget_remaining=998 burn_adjustment=0 burst_ratio=0.1369 capacity_deficit=False confidence=0 current_load=115.74415825568238 decision_id=c2521ee1 k8s_capacity=99.9 k8s_weight=86 knative_weight=14 p99=214.0 predicted_load=0 r_effective=16.6 serverless_enabled=True total_load=115.7 weights_after={'k3s': 86, 'knative': 14} weights_before={'k3s': 82, 'knative': 18}
2026-09-11 08:33:06 [info     ] Weights updated                k3s=86 knative=14
2026-09-11 08:33:06 [info     ] Weights updated                action=RECOVERY reason='load=116RPS | k8s_cap=100RPS | (reducing-serverless)' weights={'k3s': 86, 'knative': 14}
2026-09-11 08:33:06 [info     ] Scale readiness observed       elapsed_sec=15.8 ewma_delay=30.8 samples=3 target=6
2026-09-11 08:33:06 [info     ] algorithm2_scaling_decision    action=MAINTAIN alpha=0.060060060060060066 beta=0.0 buffer=1.0 current_replicas=6 predicted_load=108.22669300624551 required_resources=6.5 target_replicas=6
2026-09-11 08:33:06 [info     ] algorithm2_decision            action=MAINTAIN applied_target=6 current_replicas=6 hold_until=0.0 observed_load=108.23 observed_target=6 point_forecasts=None prediction_age_sec=None predictive_target=6 proactive=False scenario=s3-hybrid-reactive target_replicas=6 upper_forecasts=None
2026-09-11 08:33:06 [debug    ] Decision loop completed        action=RECOVERY latency_ms=831.72 p99=213.993413830955
2026-09-11 08:33:21 [debug    ] HAProxy fallback latency       delta_requests=1968 interval_avg_ms=121.03 max_rtime_ms=266.0 p99_est=242.06
2026-09-11 08:33:21 [info     ] controller_decision_v3         action=REACTIVE available_replicas=6 budget_remaining=997 burn_adjustment=0 burst_ratio=0.2022 capacity_deficit=False confidence=0 current_load=125.21336149936285 decision_id=b3f91afb k8s_capacity=99.9 k8s_weight=79 knative_weight=21 p99=242.1 predicted_load=0 r_effective=16.6 serverless_enabled=True total_load=125.2 weights_after={'k3s': 79, 'knative': 21} weights_before={'k3s': 86, 'knative': 14}
2026-09-11 08:33:21 [info     ] Weights updated                k3s=79 knative=21
2026-09-11 08:33:21 [info     ] Weights updated                action=REACTIVE reason='load=125RPS | k8s_cap=100RPS | (burst-routing)' weights={'k3s': 79, 'knative': 21}
2026-09-11 08:33:21 [info     ] algorithm2_scaling_decision    action=MAINTAIN alpha=0.060060060060060066 beta=0.0 buffer=1.0 current_replicas=6 predicted_load=120.4787598775226 required_resources=7.236 target_replicas=6
2026-09-11 08:33:21 [info     ] algorithm2_decision            action=MAINTAIN applied_target=6 current_replicas=6 hold_until=0.0 observed_load=120.48 observed_target=6 point_forecasts=None prediction_age_sec=None predictive_target=6 proactive=False scenario=s3-hybrid-reactive target_replicas=6 upper_forecasts=None
2026-09-11 08:33:21 [debug    ] Decision loop completed        action=REACTIVE latency_ms=302.42 p99=242.0569105691057
2026-09-11 08:33:37 [info     ] controller_decision_v3         action=RECOVERY available_replicas=6 budget_remaining=996 burn_adjustment=0 burst_ratio=0.0201 capacity_deficit=False confidence=0 current_load=101.94772553228584 decision_id=2b15253a k8s_capacity=99.9 k8s_weight=97 knative_weight=3 p99=242.1 predicted_load=0 r_effective=16.6 serverless_enabled=True total_load=101.9 weights_after={'k3s': 97, 'knative': 3} weights_before={'k3s': 79, 'knative': 21}
2026-09-11 08:33:37 [info     ] Weights updated                k3s=97 knative=3
2026-09-11 08:33:37 [info     ] Weights updated                action=RECOVERY reason='load=102RPS | k8s_cap=100RPS | (reducing-serverless)' weights={'k3s': 97, 'knative': 3}
2026-09-11 08:33:37 [info     ] algorithm2_scaling_decision    action=MAINTAIN alpha=0.060060060060060066 beta=0.0 buffer=1.0 current_replicas=6 predicted_load=113.58054351582435 required_resources=6.822 target_replicas=6
2026-09-11 08:33:37 [info     ] algorithm2_decision            action=MAINTAIN applied_target=6 current_replicas=6 hold_until=0.0 observed_load=113.58 observed_target=6 point_forecasts=None prediction_age_sec=None predictive_target=6 proactive=False scenario=s3-hybrid-reactive target_replicas=6 upper_forecasts=None
2026-09-11 08:33:37 [debug    ] Decision loop completed        action=RECOVERY latency_ms=662.77 p99=242.0569105691057
2026-09-11 08:33:40 [info     ] Received shutdown signal
2026-09-11 08:33:40 [info     ] Stopping routing daemon...
2026-09-11 08:33:40 [info     ] Routing daemon stopped
