2026-09-13 18:57:01 [info     ] SLOMonitor initialized         threshold_ms=200.0 violation_window=30
2026-09-13 18:57:01 [info     ] Algorithm1ControllerV3 initialized max_knative=50 r_saturation=33.3 target_cpu_util=0.5 total_budget=1000
2026-09-13 18:57:01 [info     ] controller_selected            kind=Algorithm1ControllerV3 scenario=s4-hybrid-predictive version=v3
2026-09-13 18:57:01 [info     ] HAProxyWeightAdjuster initialized backend=servers host=localhost port=19999
2026-09-13 18:57:01 [info     ] GRUClient initialized          base_url=http://localhost:8090
2026-09-13 18:57:01 [info     ] K8sScaler initialized          deployment=test-app-warm namespace=default
2026-09-13 18:57:01 [info     ] RoutingDaemon initialized      decision_interval=15 description='Algorithm 1 with GRU predictions (Algorithm 2)' scenario=s4-hybrid-predictive use_algorithm=True use_predictions=True
2026-09-13 18:57:01 [info     ] Starting routing daemon        interval=15 scenario=s4-hybrid-predictive
2026-09-13 18:57:01 [info     ] Weights updated                k3s=80 knative=20
2026-09-13 18:57:01 [info     ] Initial weights applied        k3s=80 knative=20
2026-09-13 18:57:01 [info     ] Model status validated         prediction_horizon=9 sample_interval_sec=15 sequence_length=30
2026-09-13 18:57:01 [info     ] Model status validated on first eligible cycle prediction_horizon=9 sequence_length=30
2026-09-13 18:57:02 [info     ] controller_decision_v3         action=RECOVERY available_replicas=3 budget_remaining=1000 burn_adjustment=0 burst_ratio=0 capacity_deficit=False confidence=0 current_load=2.923227777777778 decision_id=116e99a3 k8s_capacity=49.9 k8s_weight=100 knative_weight=0 p99=1.0 predicted_load=0 r_effective=16.6 serverless_enabled=False total_load=2.9 weights_after={'k3s': 100, 'knative': 0} weights_before={'k3s': 80, 'knative': 20}
2026-09-13 18:57:02 [info     ] Weights updated                k3s=100 knative=0
2026-09-13 18:57:02 [info     ] Weights updated                action=RECOVERY reason='load=3RPS | k8s_cap=50RPS | (reducing-serverless)' weights={'k3s': 100, 'knative': 0}
2026-09-13 18:57:02 [info     ] algorithm2_scaling_decision    action=MAINTAIN alpha=0.060060060060060066 beta=0.0 buffer=1.0 current_replicas=3 predicted_load=2.923227777777778 required_resources=0.176 target_replicas=3
2026-09-13 18:57:02 [info     ] algorithm2_decision            action=MAINTAIN applied_target=3 current_replicas=3 hold_until=0.0 observed_load=2.92 observed_target=3 point_forecasts=None prediction_age_sec=None predictive_target=3 proactive=False scenario=s4-hybrid-predictive target_replicas=3 upper_forecasts=None
2026-09-13 18:57:02 [debug    ] Decision loop completed        action=RECOVERY latency_ms=157.93 p99=0.99
2026-09-13 18:57:17 [info     ] algorithm2_scaling_decision    action=MAINTAIN alpha=0.060060060060060066 beta=0.0 buffer=1.0 current_replicas=3 predicted_load=2.799613888888889 required_resources=0.168 target_replicas=3
2026-09-13 18:57:17 [info     ] algorithm2_decision            action=MAINTAIN applied_target=3 current_replicas=3 hold_until=0.0 observed_load=2.8 observed_target=3 point_forecasts=None prediction_age_sec=None predictive_target=3 proactive=False scenario=s4-hybrid-predictive target_replicas=3 upper_forecasts=None
2026-09-13 18:57:17 [debug    ] Decision loop completed        action=MAINTAIN latency_ms=117.1 p99=92.00000000000007
2026-09-13 18:57:32 [info     ] algorithm2_scaling_decision    action=MAINTAIN alpha=0.060060060060060066 beta=0.0 buffer=1.0 current_replicas=3 predicted_load=2.5459755555555557 required_resources=0.153 target_replicas=3
2026-09-13 18:57:32 [info     ] algorithm2_decision            action=MAINTAIN applied_target=3 current_replicas=3 hold_until=0.0 observed_load=2.55 observed_target=3 point_forecasts=None prediction_age_sec=None predictive_target=3 proactive=False scenario=s4-hybrid-predictive target_replicas=3 upper_forecasts=None
2026-09-13 18:57:32 [debug    ] Decision loop completed        action=MAINTAIN latency_ms=107.24 p99=0.99
2026-09-13 18:57:47 [info     ] algorithm2_scaling_decision    action=MAINTAIN alpha=0.060060060060060066 beta=0.0 buffer=1.0 current_replicas=3 predicted_load=5.241308888888888 required_resources=0.315 target_replicas=3
2026-09-13 18:57:47 [info     ] algorithm2_decision            action=MAINTAIN applied_target=3 current_replicas=3 hold_until=0.0 observed_load=5.24 observed_target=3 point_forecasts=None prediction_age_sec=None predictive_target=3 proactive=False scenario=s4-hybrid-predictive target_replicas=3 upper_forecasts=None
2026-09-13 18:57:47 [debug    ] Decision loop completed        action=MAINTAIN latency_ms=112.6 p99=100.66666666666747
2026-09-13 18:58:02 [info     ] algorithm2_scaling_decision    action=MAINTAIN alpha=0.060060060060060066 beta=0.0 buffer=1.0 current_replicas=3 predicted_load=14.85555555555555 required_resources=0.892 target_replicas=3
2026-09-13 18:58:02 [info     ] algorithm2_decision            action=MAINTAIN applied_target=3 current_replicas=3 hold_until=0.0 observed_load=14.86 observed_target=3 point_forecasts=None prediction_age_sec=None predictive_target=3 proactive=False scenario=s4-hybrid-predictive target_replicas=3 upper_forecasts=None
2026-09-13 18:58:02 [debug    ] Decision loop completed        action=MAINTAIN latency_ms=107.7 p99=99.63628899835797
2026-09-13 18:58:17 [info     ] algorithm2_scaling_decision    action=MAINTAIN alpha=0.060060060060060066 beta=0.0 buffer=1.0 current_replicas=3 predicted_load=32.05555555555555 required_resources=1.925 target_replicas=3
2026-09-13 18:58:17 [info     ] algorithm2_decision            action=MAINTAIN applied_target=3 current_replicas=3 hold_until=0.0 observed_load=32.06 observed_target=3 point_forecasts=None prediction_age_sec=None predictive_target=3 proactive=False scenario=s4-hybrid-predictive target_replicas=3 upper_forecasts=None
2026-09-13 18:58:17 [debug    ] Decision loop completed        action=MAINTAIN latency_ms=108.81 p99=99.76923076923077
2026-09-13 18:58:28 [info     ] Received shutdown signal
2026-09-13 18:58:28 [info     ] Stopping routing daemon...
2026-09-13 18:58:28 [info     ] Routing daemon stopped
