2026-09-11 08:56:44 [info     ] SLOMonitor initialized         threshold_ms=200.0 violation_window=30
2026-09-11 08:56:44 [info     ] Algorithm1ControllerV3 initialized max_knative=50 r_saturation=33.3 target_cpu_util=0.5 total_budget=1000
2026-09-11 08:56:44 [info     ] Using V3 controller (Capacity-Driven) scenario=s3-hybrid-reactive version=v3
2026-09-11 08:56:44 [info     ] HAProxyWeightAdjuster initialized backend=servers host=localhost port=19999
2026-09-11 08:56:44 [info     ] GRUClient initialized          base_url=http://localhost:8090
2026-09-11 08:56:44 [info     ] K8sScaler initialized          deployment=test-app-warm namespace=default
2026-09-11 08:56:44 [info     ] RoutingDaemon initialized      decision_interval=15 description='Algorithm 1 reactive routing without predictions' scenario=s3-hybrid-reactive use_algorithm=True use_predictions=False
2026-09-11 08:56:44 [info     ] Starting routing daemon        interval=15 scenario=s3-hybrid-reactive
2026-09-11 08:56:44 [info     ] Weights updated                k3s=80 knative=20
2026-09-11 08:56:44 [info     ] Initial weights applied        k3s=80 knative=20
2026-09-11 08:56:44 [debug    ] HAProxy fallback primed        total_requests=0
2026-09-11 08:56:44 [info     ] algorithm2_scaling_decision    action=MAINTAIN alpha=0.060060060060060066 beta=0.0 buffer=1.0 current_replicas=3 predicted_load=0.0 required_resources=0.0 target_replicas=3
2026-09-11 08:56:44 [info     ] algorithm2_decision            action=MAINTAIN applied_target=3 current_replicas=3 hold_until=0.0 observed_load=0.0 observed_target=3 point_forecasts=None prediction_age_sec=None predictive_target=3 proactive=False scenario=s3-hybrid-reactive target_replicas=3 upper_forecasts=None
2026-09-11 08:56:44 [debug    ] Decision loop completed        action=MAINTAIN latency_ms=182.35 p99=0.0
2026-09-11 08:56:59 [info     ] algorithm2_scaling_decision    action=MAINTAIN alpha=0.060060060060060066 beta=0.0 buffer=1.0 current_replicas=3 predicted_load=0.0 required_resources=0.0 target_replicas=3
2026-09-11 08:56:59 [info     ] algorithm2_decision            action=MAINTAIN applied_target=3 current_replicas=3 hold_until=0.0 observed_load=0.0 observed_target=3 point_forecasts=None prediction_age_sec=None predictive_target=3 proactive=False scenario=s3-hybrid-reactive target_replicas=3 upper_forecasts=None
2026-09-11 08:56:59 [debug    ] Decision loop completed        action=MAINTAIN latency_ms=163.51 p99=0.0
2026-09-11 08:57:15 [info     ] algorithm2_scaling_decision    action=MAINTAIN alpha=0.060060060060060066 beta=0.0 buffer=1.0 current_replicas=3 predicted_load=0.0 required_resources=0.0 target_replicas=3
2026-09-11 08:57:15 [info     ] algorithm2_decision            action=MAINTAIN applied_target=3 current_replicas=3 hold_until=0.0 observed_load=0.0 observed_target=3 point_forecasts=None prediction_age_sec=None predictive_target=3 proactive=False scenario=s3-hybrid-reactive target_replicas=3 upper_forecasts=None
2026-09-11 08:57:15 [debug    ] Decision loop completed        action=MAINTAIN latency_ms=196.83 p99=0.0
2026-09-11 08:57:30 [debug    ] HAProxy fallback latency       delta_requests=652 interval_avg_ms=68.0 max_rtime_ms=98.0 p99_est=98.0
2026-09-11 08:57:30 [info     ] controller_decision_v3         action=RECOVERY available_replicas=3 budget_remaining=1000 burn_adjustment=0 burst_ratio=0 capacity_deficit=False confidence=0 current_load=42.70783198184073 decision_id=18c1edc6 k8s_capacity=49.9 k8s_weight=100 knative_weight=0 p99=98.0 predicted_load=0 r_effective=16.6 serverless_enabled=False total_load=42.7 weights_after={'k3s': 100, 'knative': 0} weights_before={'k3s': 80, 'knative': 20}
2026-09-11 08:57:30 [info     ] Weights updated                k3s=100 knative=0
2026-09-11 08:57:30 [info     ] Weights updated                action=RECOVERY reason='load=43RPS | k8s_cap=50RPS | (reducing-serverless)' weights={'k3s': 100, 'knative': 0}
2026-09-11 08:57:30 [info     ] algorithm2_scaling_decision    action=MAINTAIN alpha=0.060060060060060066 beta=0.0 buffer=1.0 current_replicas=3 predicted_load=21.353915990920363 required_resources=1.283 target_replicas=3
2026-09-11 08:57:30 [info     ] algorithm2_decision            action=MAINTAIN applied_target=3 current_replicas=3 hold_until=0.0 observed_load=21.35 observed_target=3 point_forecasts=None prediction_age_sec=None predictive_target=3 proactive=False scenario=s3-hybrid-reactive target_replicas=3 upper_forecasts=None
2026-09-11 08:57:30 [debug    ] Decision loop completed        action=RECOVERY latency_ms=257.15 p99=98.0
2026-09-11 08:57:45 [debug    ] HAProxy fallback latency       delta_requests=671 interval_avg_ms=69.97 max_rtime_ms=118.0 p99_est=118.0
2026-09-11 08:57:45 [info     ] algorithm2_scaling_decision    action=MAINTAIN alpha=0.060060060060060066 beta=0.0 buffer=1.0 current_replicas=3 predicted_load=43.370410917968854 required_resources=2.605 target_replicas=3
2026-09-11 08:57:45 [info     ] algorithm2_decision            action=MAINTAIN applied_target=3 current_replicas=3 hold_until=0.0 observed_load=43.37 observed_target=3 point_forecasts=None prediction_age_sec=None predictive_target=3 proactive=False scenario=s3-hybrid-reactive target_replicas=3 upper_forecasts=None
2026-09-11 08:57:45 [debug    ] Decision loop completed        action=MAINTAIN latency_ms=152.65 p99=118.0
2026-09-11 08:58:00 [debug    ] HAProxy fallback latency       delta_requests=721 interval_avg_ms=71.83 max_rtime_ms=118.0 p99_est=118.0
2026-09-11 08:58:00 [info     ] algorithm2_scaling_decision    action=MAINTAIN alpha=0.060060060060060066 beta=0.0 buffer=1.0 current_replicas=3 predicted_load=45.77793280340352 required_resources=2.749 target_replicas=3
2026-09-11 08:58:00 [info     ] algorithm2_decision            action=MAINTAIN applied_target=3 current_replicas=3 hold_until=0.0 observed_load=45.78 observed_target=3 point_forecasts=None prediction_age_sec=None predictive_target=3 proactive=False scenario=s3-hybrid-reactive target_replicas=3 upper_forecasts=None
2026-09-11 08:58:00 [debug    ] Decision loop completed        action=MAINTAIN latency_ms=207.37 p99=118.0
2026-09-11 08:58:15 [debug    ] HAProxy fallback latency       delta_requests=832 interval_avg_ms=70.0 max_rtime_ms=124.0 p99_est=124.0
2026-09-11 08:58:15 [info     ] Knative pre-warm OK            cold_start_ms=4.5
2026-09-11 08:58:15 [info     ] controller_decision_v3         action=REACTIVE available_replicas=3 budget_remaining=1000 burn_adjustment=0 burst_ratio=0.0857 capacity_deficit=False confidence=0 current_load=54.63305902745139 decision_id=fd4ee887 k8s_capacity=49.9 k8s_weight=91 knative_weight=9 p99=124.0 predicted_load=0 r_effective=16.6 serverless_enabled=True total_load=54.6 weights_after={'k3s': 91, 'knative': 9} weights_before={'k3s': 100, 'knative': 0}
2026-09-11 08:58:15 [info     ] Weights updated                k3s=91 knative=9
2026-09-11 08:58:15 [info     ] Weights updated                action=REACTIVE reason='load=55RPS | k8s_cap=50RPS | (burst-routing)' weights={'k3s': 91, 'knative': 9}
2026-09-11 08:58:15 [info     ] algorithm2_scaling_decision    action=SCALE_UP alpha=0.060060060060060066 beta=0.0 buffer=1.0 current_replicas=3 predicted_load=51.07796739008072 required_resources=3.068 target_replicas=4
2026-09-11 08:58:15 [info     ] algorithm2_decision            action=SCALE_UP applied_target=4 current_replicas=3 hold_until=0.0 observed_load=51.08 observed_target=4 point_forecasts=None prediction_age_sec=None predictive_target=4 proactive=False scenario=s3-hybrid-reactive target_replicas=4 upper_forecasts=None
2026-09-11 08:58:15 [info     ] k8s_scale_executed             deployment=test-app-warm replicas=4
2026-09-11 08:58:15 [debug    ] Decision loop completed        action=REACTIVE latency_ms=316.08 p99=124.0
2026-09-11 08:58:31 [debug    ] HAProxy fallback latency       delta_requests=768 interval_avg_ms=65.26 max_rtime_ms=124.0 p99_est=124.0
2026-09-11 08:58:31 [info     ] controller_decision_v3         action=RECOVERY available_replicas=4 budget_remaining=1000 burn_adjustment=0 burst_ratio=0 capacity_deficit=False confidence=0 current_load=50.203391847616224 decision_id=338f1081 k8s_capacity=66.6 k8s_weight=100 knative_weight=0 p99=124.0 predicted_load=0 r_effective=16.6 serverless_enabled=False total_load=50.2 weights_after={'k3s': 100, 'knative': 0} weights_before={'k3s': 91, 'knative': 9}
2026-09-11 08:58:31 [info     ] Weights updated                k3s=100 knative=0
2026-09-11 08:58:31 [info     ] Weights updated                action=RECOVERY reason='load=50RPS | k8s_cap=67RPS | (reducing-serverless)' weights={'k3s': 100, 'knative': 0}
2026-09-11 08:58:31 [info     ] Scale readiness observed       elapsed_sec=15.3 ewma_delay=46.6 samples=1 target=4
2026-09-11 08:58:31 [info     ] algorithm2_scaling_decision    action=MAINTAIN alpha=0.060060060060060066 beta=0.0 buffer=1.0 current_replicas=4 predicted_load=52.418225437533806 required_resources=3.148 target_replicas=4
2026-09-11 08:58:31 [info     ] algorithm2_decision            action=MAINTAIN applied_target=4 current_replicas=4 hold_until=0.0 observed_load=52.42 observed_target=4 point_forecasts=None prediction_age_sec=None predictive_target=4 proactive=False scenario=s3-hybrid-reactive target_replicas=4 upper_forecasts=None
2026-09-11 08:58:31 [debug    ] Decision loop completed        action=RECOVERY latency_ms=288.14 p99=124.0
2026-09-11 08:58:46 [debug    ] HAProxy fallback latency       delta_requests=541 interval_avg_ms=69.0 max_rtime_ms=124.0 p99_est=124.0
2026-09-11 08:58:46 [info     ] algorithm2_scaling_decision    action=MAINTAIN alpha=0.060060060060060066 beta=0.0 buffer=1.0 current_replicas=4 predicted_load=42.86182151117322 required_resources=2.574 target_replicas=3
2026-09-11 08:58:46 [info     ] algorithm2_decision            action=MAINTAIN applied_target=3 current_replicas=4 hold_until=0.0 observed_load=42.86 observed_target=3 point_forecasts=None prediction_age_sec=None predictive_target=3 proactive=False scenario=s3-hybrid-reactive target_replicas=3 upper_forecasts=None
2026-09-11 08:58:46 [debug    ] Decision loop completed        action=MAINTAIN latency_ms=184.87 p99=124.0
2026-09-11 08:59:01 [debug    ] HAProxy fallback latency       delta_requests=410 interval_avg_ms=57.79 max_rtime_ms=124.0 p99_est=115.59
2026-09-11 08:59:01 [info     ] algorithm2_scaling_decision    action=MAINTAIN alpha=0.060060060060060066 beta=0.0 buffer=1.0 current_replicas=4 predicted_load=31.260558203598787 required_resources=1.878 target_replicas=3
2026-09-11 08:59:01 [info     ] algorithm2_decision            action=MAINTAIN applied_target=3 current_replicas=4 hold_until=0.0 observed_load=31.26 observed_target=3 point_forecasts=None prediction_age_sec=None predictive_target=3 proactive=False scenario=s3-hybrid-reactive target_replicas=3 upper_forecasts=None
2026-09-11 08:59:01 [debug    ] Decision loop completed        action=MAINTAIN latency_ms=177.0 p99=115.58536585365853
2026-09-11 08:59:16 [debug    ] HAProxy fallback latency       delta_requests=358 interval_avg_ms=54.16 max_rtime_ms=124.0 p99_est=108.33
2026-09-11 08:59:16 [info     ] algorithm2_scaling_decision    action=MAINTAIN alpha=0.060060060060060066 beta=0.0 buffer=1.0 current_replicas=4 predicted_load=25.258721951845644 required_resources=1.517 target_replicas=3
2026-09-11 08:59:16 [info     ] algorithm2_decision            action=MAINTAIN applied_target=3 current_replicas=4 hold_until=0.0 observed_load=25.26 observed_target=3 point_forecasts=None prediction_age_sec=None predictive_target=3 proactive=False scenario=s3-hybrid-reactive target_replicas=3 upper_forecasts=None
2026-09-11 08:59:16 [debug    ] Decision loop completed        action=MAINTAIN latency_ms=227.75 p99=108.32960893854748
2026-09-11 08:59:31 [debug    ] HAProxy fallback latency       delta_requests=508 interval_avg_ms=77.75 max_rtime_ms=124.0 p99_est=124.0
2026-09-11 08:59:32 [info     ] algorithm2_scaling_decision    action=MAINTAIN alpha=0.060060060060060066 beta=0.0 buffer=1.0 current_replicas=4 predicted_load=28.439779850122473 required_resources=1.708 target_replicas=3
2026-09-11 08:59:32 [info     ] algorithm2_decision            action=MAINTAIN applied_target=3 current_replicas=4 hold_until=0.0 observed_load=28.44 observed_target=3 point_forecasts=None prediction_age_sec=None predictive_target=3 proactive=False scenario=s3-hybrid-reactive target_replicas=3 upper_forecasts=None
2026-09-11 08:59:32 [debug    ] Decision loop completed        action=MAINTAIN latency_ms=189.94 p99=124.0
2026-09-11 08:59:47 [debug    ] HAProxy fallback latency       delta_requests=798 interval_avg_ms=68.0 max_rtime_ms=124.0 p99_est=124.0
2026-09-11 08:59:47 [info     ] algorithm2_scaling_decision    action=MAINTAIN alpha=0.060060060060060066 beta=0.0 buffer=1.0 current_replicas=4 predicted_load=42.880963644462966 required_resources=2.575 target_replicas=3
2026-09-11 08:59:47 [info     ] algorithm2_decision            action=MAINTAIN applied_target=3 current_replicas=4 hold_until=0.0 observed_load=42.88 observed_target=3 point_forecasts=None prediction_age_sec=None predictive_target=3 proactive=False scenario=s3-hybrid-reactive target_replicas=3 upper_forecasts=None
2026-09-11 08:59:47 [debug    ] Decision loop completed        action=MAINTAIN latency_ms=206.05 p99=124.0
2026-09-11 09:00:02 [debug    ] HAProxy fallback latency       delta_requests=802 interval_avg_ms=68.0 max_rtime_ms=124.0 p99_est=124.0
2026-09-11 09:00:02 [info     ] algorithm2_scaling_decision    action=MAINTAIN alpha=0.060060060060060066 beta=0.0 buffer=1.0 current_replicas=4 predicted_load=52.60123894913998 required_resources=3.159 target_replicas=4
2026-09-11 09:00:02 [info     ] algorithm2_decision            action=MAINTAIN applied_target=4 current_replicas=4 hold_until=0.0 observed_load=52.6 observed_target=4 point_forecasts=None prediction_age_sec=None predictive_target=4 proactive=False scenario=s3-hybrid-reactive target_replicas=4 upper_forecasts=None
2026-09-11 09:00:02 [debug    ] Decision loop completed        action=MAINTAIN latency_ms=171.02 p99=124.0
2026-09-11 09:00:17 [debug    ] HAProxy fallback latency       delta_requests=629 interval_avg_ms=68.0 max_rtime_ms=124.0 p99_est=124.0
2026-09-11 09:00:17 [info     ] algorithm2_scaling_decision    action=MAINTAIN alpha=0.060060060060060066 beta=0.0 buffer=1.0 current_replicas=4 predicted_load=47.12388636807649 required_resources=2.83 target_replicas=3
2026-09-11 09:00:17 [info     ] algorithm2_decision            action=MAINTAIN applied_target=3 current_replicas=4 hold_until=0.0 observed_load=47.12 observed_target=3 point_forecasts=None prediction_age_sec=None predictive_target=3 proactive=False scenario=s3-hybrid-reactive target_replicas=3 upper_forecasts=None
2026-09-11 09:00:17 [debug    ] Decision loop completed        action=MAINTAIN latency_ms=217.73 p99=124.0
2026-09-11 09:00:32 [debug    ] HAProxy fallback latency       delta_requests=676 interval_avg_ms=68.0 max_rtime_ms=124.0 p99_est=124.0
2026-09-11 09:00:32 [info     ] algorithm2_scaling_decision    action=MAINTAIN alpha=0.060060060060060066 beta=0.0 buffer=1.0 current_replicas=4 predicted_load=42.9442302034178 required_resources=2.579 target_replicas=3
2026-09-11 09:00:32 [info     ] algorithm2_decision            action=MAINTAIN applied_target=3 current_replicas=4 hold_until=0.0 observed_load=42.94 observed_target=3 point_forecasts=None prediction_age_sec=None predictive_target=3 proactive=False scenario=s3-hybrid-reactive target_replicas=3 upper_forecasts=None
2026-09-11 09:00:32 [debug    ] Decision loop completed        action=MAINTAIN latency_ms=174.95 p99=124.0
2026-09-11 09:00:47 [debug    ] HAProxy fallback latency       delta_requests=850 interval_avg_ms=68.0 max_rtime_ms=124.0 p99_est=124.0
2026-09-11 09:00:48 [info     ] algorithm2_scaling_decision    action=MAINTAIN alpha=0.060060060060060066 beta=0.0 buffer=1.0 current_replicas=4 predicted_load=50.19526144244996 required_resources=3.015 target_replicas=4
2026-09-11 09:00:48 [info     ] algorithm2_decision            action=MAINTAIN applied_target=4 current_replicas=4 hold_until=0.0 observed_load=50.2 observed_target=4 point_forecasts=None prediction_age_sec=None predictive_target=4 proactive=False scenario=s3-hybrid-reactive target_replicas=4 upper_forecasts=None
2026-09-11 09:00:48 [debug    ] Decision loop completed        action=MAINTAIN latency_ms=206.88 p99=124.0
2026-09-11 09:01:03 [debug    ] HAProxy fallback latency       delta_requests=924 interval_avg_ms=78.97 max_rtime_ms=124.0 p99_est=124.0
2026-09-11 09:01:03 [info     ] algorithm2_scaling_decision    action=MAINTAIN alpha=0.060060060060060066 beta=0.0 buffer=1.0 current_replicas=4 predicted_load=58.318212332991514 required_resources=3.503 target_replicas=4
2026-09-11 09:01:03 [info     ] algorithm2_decision            action=MAINTAIN applied_target=4 current_replicas=4 hold_until=0.0 observed_load=58.32 observed_target=4 point_forecasts=None prediction_age_sec=None predictive_target=4 proactive=False scenario=s3-hybrid-reactive target_replicas=4 upper_forecasts=None
2026-09-11 09:01:03 [debug    ] Decision loop completed        action=MAINTAIN latency_ms=220.46 p99=124.0
2026-09-11 09:01:18 [debug    ] HAProxy fallback latency       delta_requests=942 interval_avg_ms=69.0 max_rtime_ms=124.0 p99_est=124.0
2026-09-11 09:01:18 [info     ] algorithm2_scaling_decision    action=MAINTAIN alpha=0.060060060060060066 beta=0.0 buffer=1.0 current_replicas=4 predicted_load=61.25778530366685 required_resources=3.679 target_replicas=4
2026-09-11 09:01:18 [info     ] algorithm2_decision            action=MAINTAIN applied_target=4 current_replicas=4 hold_until=0.0 observed_load=61.26 observed_target=4 point_forecasts=None prediction_age_sec=None predictive_target=4 proactive=False scenario=s3-hybrid-reactive target_replicas=4 upper_forecasts=None
2026-09-11 09:01:18 [debug    ] Decision loop completed        action=MAINTAIN latency_ms=223.95 p99=124.0
2026-09-11 09:01:33 [debug    ] HAProxy fallback latency       delta_requests=1025 interval_avg_ms=69.0 max_rtime_ms=124.0 p99_est=124.0
2026-09-11 09:01:33 [info     ] Knative pre-warm OK            cold_start_ms=4.9
2026-09-11 09:01:33 [info     ] controller_decision_v3         action=REACTIVE available_replicas=4 budget_remaining=1000 burn_adjustment=0 burst_ratio=0.0098 capacity_deficit=False confidence=0 current_load=67.2611685084413 decision_id=b26c12ce k8s_capacity=66.6 k8s_weight=99 knative_weight=1 p99=124.0 predicted_load=0 r_effective=16.6 serverless_enabled=True total_load=67.3 weights_after={'k3s': 99, 'knative': 1} weights_before={'k3s': 100, 'knative': 0}
2026-09-11 09:01:33 [info     ] Weights updated                k3s=99 knative=1
2026-09-11 09:01:33 [info     ] Weights updated                action=REACTIVE reason='load=67RPS | k8s_cap=67RPS | (burst-routing)' weights={'k3s': 99, 'knative': 1}
2026-09-11 09:01:33 [info     ] algorithm2_scaling_decision    action=MAINTAIN alpha=0.060060060060060066 beta=0.0 buffer=1.0 current_replicas=4 predicted_load=64.5433090128171 required_resources=3.876 target_replicas=4
2026-09-11 09:01:33 [info     ] algorithm2_decision            action=MAINTAIN applied_target=4 current_replicas=4 hold_until=0.0 observed_load=64.54 observed_target=4 point_forecasts=None prediction_age_sec=None predictive_target=4 proactive=False scenario=s3-hybrid-reactive target_replicas=4 upper_forecasts=None
2026-09-11 09:01:33 [debug    ] Decision loop completed        action=REACTIVE latency_ms=236.59 p99=124.0
2026-09-11 09:01:48 [debug    ] HAProxy fallback latency       delta_requests=1141 interval_avg_ms=92.22 max_rtime_ms=144.0 p99_est=144.0
2026-09-11 09:01:48 [info     ] controller_decision_v3         action=REACTIVE available_replicas=4 budget_remaining=1000 burn_adjustment=0 burst_ratio=0.1119 capacity_deficit=False confidence=0 current_load=74.98750266025479 decision_id=e97ed413 k8s_capacity=66.6 k8s_weight=88 knative_weight=12 p99=144.0 predicted_load=0 r_effective=16.6 serverless_enabled=True total_load=75.0 weights_after={'k3s': 88, 'knative': 12} weights_before={'k3s': 99, 'knative': 1}
2026-09-11 09:01:48 [info     ] Weights updated                k3s=88 knative=12
2026-09-11 09:01:48 [info     ] Weights updated                action=REACTIVE reason='load=75RPS | k8s_cap=67RPS | (burst-routing)' weights={'k3s': 88, 'knative': 12}
2026-09-11 09:01:48 [info     ] algorithm2_scaling_decision    action=SCALE_UP alpha=0.060060060060060066 beta=0.0 buffer=1.0 current_replicas=4 predicted_load=71.12433558434805 required_resources=4.272 target_replicas=5
2026-09-11 09:01:48 [info     ] algorithm2_decision            action=SCALE_UP applied_target=5 current_replicas=4 hold_until=0.0 observed_load=71.12 observed_target=5 point_forecasts=None prediction_age_sec=None predictive_target=5 proactive=False scenario=s3-hybrid-reactive target_replicas=5 upper_forecasts=None
2026-09-11 09:01:48 [info     ] k8s_scale_executed             deployment=test-app-warm replicas=5
2026-09-11 09:01:48 [debug    ] Decision loop completed        action=REACTIVE latency_ms=262.04 p99=144.0
2026-09-11 09:02:04 [debug    ] HAProxy fallback latency       delta_requests=1313 interval_avg_ms=82.09 max_rtime_ms=144.0 p99_est=144.0
2026-09-11 09:02:04 [info     ] controller_decision_v3         action=RECOVERY available_replicas=5 budget_remaining=1000 burn_adjustment=0 burst_ratio=0.0304 capacity_deficit=False confidence=0 current_load=85.86414609814439 decision_id=7e1bb37c k8s_capacity=83.2 k8s_weight=96 knative_weight=4 p99=144.0 predicted_load=0 r_effective=16.6 serverless_enabled=True total_load=85.9 weights_after={'k3s': 96, 'knative': 4} weights_before={'k3s': 88, 'knative': 12}
2026-09-11 09:02:04 [info     ] Weights updated                k3s=96 knative=4
2026-09-11 09:02:04 [info     ] Weights updated                action=RECOVERY reason='load=86RPS | k8s_cap=83RPS | (reducing-serverless)' weights={'k3s': 96, 'knative': 4}
2026-09-11 09:02:04 [info     ] Scale readiness observed       elapsed_sec=15.3 ewma_delay=37.2 samples=2 target=5
2026-09-11 09:02:04 [info     ] algorithm2_scaling_decision    action=MAINTAIN alpha=0.060060060060060066 beta=0.0 buffer=1.0 current_replicas=5 predicted_load=80.42582437919958 required_resources=4.83 target_replicas=5
2026-09-11 09:02:04 [info     ] algorithm2_decision            action=MAINTAIN applied_target=5 current_replicas=5 hold_until=0.0 observed_load=80.43 observed_target=5 point_forecasts=None prediction_age_sec=None predictive_target=5 proactive=False scenario=s3-hybrid-reactive target_replicas=5 upper_forecasts=None
2026-09-11 09:02:04 [debug    ] Decision loop completed        action=RECOVERY latency_ms=283.54 p99=144.0
2026-09-11 09:02:19 [debug    ] HAProxy fallback latency       delta_requests=1500 interval_avg_ms=82.71 max_rtime_ms=159.0 p99_est=159.0
2026-09-11 09:02:19 [info     ] controller_decision_v3         action=REACTIVE available_replicas=5 budget_remaining=1000 burn_adjustment=0 burst_ratio=0.1521 capacity_deficit=False confidence=0 current_load=98.17950190379163 decision_id=b1ae6fff k8s_capacity=83.2 k8s_weight=84 knative_weight=16 p99=159.0 predicted_load=0 r_effective=16.6 serverless_enabled=True total_load=98.2 weights_after={'k3s': 84, 'knative': 16} weights_before={'k3s': 96, 'knative': 4}
2026-09-11 09:02:19 [info     ] Weights updated                k3s=84 knative=16
2026-09-11 09:02:19 [info     ] Weights updated                action=REACTIVE reason='load=98RPS | k8s_cap=83RPS | (burst-routing)' weights={'k3s': 84, 'knative': 16}
2026-09-11 09:02:19 [info     ] algorithm2_scaling_decision    action=SCALE_UP alpha=0.060060060060060066 beta=0.0 buffer=1.0 current_replicas=5 predicted_load=92.02182400096801 required_resources=5.527 target_replicas=6
2026-09-11 09:02:19 [info     ] algorithm2_decision            action=SCALE_UP applied_target=6 current_replicas=5 hold_until=0.0 observed_load=92.02 observed_target=6 point_forecasts=None prediction_age_sec=None predictive_target=6 proactive=False scenario=s3-hybrid-reactive target_replicas=6 upper_forecasts=None
2026-09-11 09:02:19 [info     ] k8s_scale_executed             deployment=test-app-warm replicas=6
2026-09-11 09:02:19 [debug    ] Decision loop completed        action=REACTIVE latency_ms=298.13 p99=159.0
2026-09-11 09:02:34 [debug    ] HAProxy fallback latency       delta_requests=1726 interval_avg_ms=83.31 max_rtime_ms=159.0 p99_est=159.0
2026-09-11 09:02:34 [info     ] controller_decision_v3         action=RECOVERY available_replicas=6 budget_remaining=1000 burn_adjustment=0 burst_ratio=0.113 capacity_deficit=False confidence=0 current_load=112.62675782509554 decision_id=70c85edb k8s_capacity=99.9 k8s_weight=88 knative_weight=12 p99=159.0 predicted_load=0 r_effective=16.6 serverless_enabled=True total_load=112.6 weights_after={'k3s': 88, 'knative': 12} weights_before={'k3s': 84, 'knative': 16}
2026-09-11 09:02:34 [info     ] Weights updated                k3s=88 knative=12
2026-09-11 09:02:34 [info     ] Weights updated                action=RECOVERY reason='load=113RPS | k8s_cap=100RPS | (reducing-serverless)' weights={'k3s': 88, 'knative': 12}
2026-09-11 09:02:34 [info     ] Scale readiness observed       elapsed_sec=15.3 ewma_delay=30.6 samples=3 target=6
2026-09-11 09:02:34 [info     ] algorithm2_scaling_decision    action=MAINTAIN alpha=0.060060060060060066 beta=0.0 buffer=1.0 current_replicas=6 predicted_load=105.40312986444359 required_resources=6.331 target_replicas=6
2026-09-11 09:02:34 [info     ] algorithm2_decision            action=MAINTAIN applied_target=6 current_replicas=6 hold_until=0.0 observed_load=105.4 observed_target=6 point_forecasts=None prediction_age_sec=None predictive_target=6 proactive=False scenario=s3-hybrid-reactive target_replicas=6 upper_forecasts=None
2026-09-11 09:02:34 [debug    ] Decision loop completed        action=RECOVERY latency_ms=301.01 p99=159.0
2026-09-11 09:02:49 [debug    ] HAProxy fallback latency       delta_requests=1927 interval_avg_ms=360.45 max_rtime_ms=361.0 p99_est=361.0
2026-09-11 09:02:50 [info     ] controller_decision_v3         action=REACTIVE available_replicas=6 budget_remaining=999 burn_adjustment=0 burst_ratio=0.2072 capacity_deficit=False confidence=0 current_load=126.00718161103933 decision_id=277f5236 k8s_capacity=99.9 k8s_weight=79 knative_weight=21 p99=361.0 predicted_load=0 r_effective=16.6 serverless_enabled=True total_load=126.0 weights_after={'k3s': 79, 'knative': 21} weights_before={'k3s': 88, 'knative': 12}
2026-09-11 09:02:50 [info     ] Weights updated                k3s=79 knative=21
2026-09-11 09:02:50 [info     ] Weights updated                action=REACTIVE reason='load=126RPS | k8s_cap=100RPS | (burst-routing)' weights={'k3s': 79, 'knative': 21}
2026-09-11 09:02:50 [info     ] algorithm2_scaling_decision    action=MAINTAIN alpha=0.060060060060060066 beta=0.0 buffer=1.0 current_replicas=6 predicted_load=119.31696971806744 required_resources=7.166 target_replicas=6
2026-09-11 09:02:50 [info     ] algorithm2_decision            action=MAINTAIN applied_target=6 current_replicas=6 hold_until=0.0 observed_load=119.32 observed_target=6 point_forecasts=None prediction_age_sec=None predictive_target=6 proactive=False scenario=s3-hybrid-reactive target_replicas=6 upper_forecasts=None
2026-09-11 09:02:50 [debug    ] Decision loop completed        action=REACTIVE latency_ms=244.89 p99=361.0
2026-09-11 09:03:05 [info     ] controller_decision_v3         action=RECOVERY available_replicas=6 budget_remaining=998 burn_adjustment=0 burst_ratio=0.0837 capacity_deficit=False confidence=0 current_load=109.02241533896732 decision_id=c0bddd94 k8s_capacity=99.9 k8s_weight=91 knative_weight=9 p99=361.0 predicted_load=0 r_effective=16.6 serverless_enabled=True total_load=109.0 weights_after={'k3s': 91, 'knative': 9} weights_before={'k3s': 79, 'knative': 21}
2026-09-11 09:03:05 [info     ] Weights updated                k3s=91 knative=9
2026-09-11 09:03:05 [info     ] Weights updated                action=RECOVERY reason='load=109RPS | k8s_cap=100RPS | (reducing-serverless)' weights={'k3s': 91, 'knative': 9}
2026-09-11 09:03:05 [info     ] algorithm2_scaling_decision    action=MAINTAIN alpha=0.060060060060060066 beta=0.0 buffer=1.0 current_replicas=6 predicted_load=117.51479847500332 required_resources=7.058 target_replicas=6
2026-09-11 09:03:05 [info     ] algorithm2_decision            action=MAINTAIN applied_target=6 current_replicas=6 hold_until=0.0 observed_load=117.51 observed_target=6 point_forecasts=None prediction_age_sec=None predictive_target=6 proactive=False scenario=s3-hybrid-reactive target_replicas=6 upper_forecasts=None
2026-09-11 09:03:05 [debug    ] Decision loop completed        action=RECOVERY latency_ms=226.5 p99=361.0
2026-09-11 09:03:20 [debug    ] HAProxy fallback latency       delta_requests=1263 interval_avg_ms=21.23 max_rtime_ms=361.0 p99_est=42.47
2026-09-11 09:03:20 [info     ] controller_decision_v3         action=RECOVERY available_replicas=6 budget_remaining=998 burn_adjustment=0 burst_ratio=0 capacity_deficit=False confidence=0 current_load=82.99957233680247 decision_id=f8937f7e k8s_capacity=99.9 k8s_weight=100 knative_weight=0 p99=42.5 predicted_load=0 r_effective=16.6 serverless_enabled=False total_load=83.0 weights_after={'k3s': 100, 'knative': 0} weights_before={'k3s': 91, 'knative': 9}
2026-09-11 09:03:20 [info     ] Weights updated                k3s=100 knative=0
2026-09-11 09:03:20 [info     ] Weights updated                action=RECOVERY reason='load=83RPS | k8s_cap=100RPS | (reducing-serverless)' weights={'k3s': 100, 'knative': 0}
2026-09-11 09:03:20 [info     ] algorithm2_scaling_decision    action=MAINTAIN alpha=0.060060060060060066 beta=0.0 buffer=1.0 current_replicas=6 predicted_load=96.0109938378849 required_resources=5.766 target_replicas=6
2026-09-11 09:03:20 [info     ] algorithm2_decision            action=MAINTAIN applied_target=6 current_replicas=6 hold_until=0.0 observed_load=96.01 observed_target=6 point_forecasts=None prediction_age_sec=None predictive_target=6 proactive=False scenario=s3-hybrid-reactive target_replicas=6 upper_forecasts=None
2026-09-11 09:03:20 [debug    ] Decision loop completed        action=RECOVERY latency_ms=266.38 p99=42.465558194774346
2026-09-11 09:03:35 [debug    ] HAProxy fallback latency       delta_requests=1129 interval_avg_ms=50.95 max_rtime_ms=361.0 p99_est=101.9
2026-09-11 09:03:35 [info     ] algorithm2_scaling_decision    action=MAINTAIN alpha=0.060060060060060066 beta=0.0 buffer=1.0 current_replicas=6 predicted_load=78.5132591575263 required_resources=4.716 target_replicas=5
2026-09-11 09:03:35 [info     ] algorithm2_decision            action=MAINTAIN applied_target=5 current_replicas=6 hold_until=0.0 observed_load=78.51 observed_target=5 point_forecasts=None prediction_age_sec=None predictive_target=5 proactive=False scenario=s3-hybrid-reactive target_replicas=5 upper_forecasts=None
2026-09-11 09:03:35 [debug    ] Decision loop completed        action=MAINTAIN latency_ms=163.67 p99=101.9007971656333
2026-09-11 09:03:50 [debug    ] HAProxy fallback latency       delta_requests=1062 interval_avg_ms=94.38 max_rtime_ms=361.0 p99_est=188.76
2026-09-11 09:03:50 [info     ] algorithm2_scaling_decision    action=MAINTAIN alpha=0.060060060060060066 beta=0.0 buffer=1.0 current_replicas=6 predicted_load=71.99527816946045 required_resources=4.324 target_replicas=5
2026-09-11 09:03:50 [info     ] algorithm2_decision            action=MAINTAIN applied_target=5 current_replicas=6 hold_until=0.0 observed_load=72.0 observed_target=5 point_forecasts=None prediction_age_sec=None predictive_target=5 proactive=False scenario=s3-hybrid-reactive target_replicas=5 upper_forecasts=None
2026-09-11 09:03:50 [debug    ] Decision loop completed        action=MAINTAIN latency_ms=216.56 p99=188.75517890772127
2026-09-11 09:04:06 [info     ] algorithm2_scaling_decision    action=SCALE_DOWN alpha=0.060060060060060066 beta=0.0 buffer=1.0 current_replicas=6 predicted_load=65.2135899988537 required_resources=3.917 target_replicas=4
2026-09-11 09:04:06 [info     ] algorithm2_decision            action=SCALE_DOWN applied_target=4 current_replicas=6 hold_until=0.0 observed_load=65.21 observed_target=4 point_forecasts=None prediction_age_sec=None predictive_target=4 proactive=False scenario=s3-hybrid-reactive target_replicas=4 upper_forecasts=None
2026-09-11 09:04:06 [debug    ] Decision loop completed        action=MAINTAIN latency_ms=183.88 p99=188.75517890772127
2026-09-11 09:04:21 [debug    ] HAProxy fallback latency       delta_requests=815 interval_avg_ms=101.59 max_rtime_ms=361.0 p99_est=203.18
2026-09-11 09:04:21 [info     ] algorithm2_scaling_decision    action=SCALE_DOWN alpha=0.060060060060060066 beta=0.0 buffer=1.0 current_replicas=6 predicted_load=56.9996406941802 required_resources=3.423 target_replicas=4
2026-09-11 09:04:21 [info     ] algorithm2_decision            action=SCALE_DOWN applied_target=4 current_replicas=6 hold_until=0.0 observed_load=57.0 observed_target=4 point_forecasts=None prediction_age_sec=None predictive_target=4 proactive=False scenario=s3-hybrid-reactive target_replicas=4 upper_forecasts=None
2026-09-11 09:04:21 [debug    ] Decision loop completed        action=MAINTAIN latency_ms=218.89 p99=203.17791411042944
2026-09-11 09:04:36 [debug    ] HAProxy fallback latency       delta_requests=1357 interval_avg_ms=172.86 max_rtime_ms=361.0 p99_est=345.73
2026-09-11 09:04:36 [info     ] algorithm2_scaling_decision    action=MAINTAIN alpha=0.060060060060060066 beta=0.0 buffer=1.0 current_replicas=6 predicted_load=71.20859620982276 required_resources=4.277 target_replicas=5
2026-09-11 09:04:36 [info     ] algorithm2_decision            action=MAINTAIN applied_target=5 current_replicas=6 hold_until=0.0 observed_load=71.21 observed_target=5 point_forecasts=None prediction_age_sec=None predictive_target=5 proactive=False scenario=s3-hybrid-reactive target_replicas=5 upper_forecasts=None
2026-09-11 09:04:36 [debug    ] Decision loop completed        action=MAINTAIN latency_ms=217.32 p99=345.72586588061904
2026-09-11 09:04:51 [debug    ] HAProxy fallback latency       delta_requests=1960 interval_avg_ms=196.95 max_rtime_ms=361.0 p99_est=361.0
2026-09-11 09:04:51 [info     ] Knative pre-warm OK            cold_start_ms=3.7
2026-09-11 09:04:51 [info     ] controller_decision_v3         action=REACTIVE available_replicas=6 budget_remaining=995 burn_adjustment=0 burst_ratio=0.2241 capacity_deficit=False confidence=0 current_load=128.74708897763082 decision_id=3012ead8 k8s_capacity=99.9 k8s_weight=77 knative_weight=23 p99=361.0 predicted_load=0 r_effective=16.6 serverless_enabled=True total_load=128.7 weights_after={'k3s': 77, 'knative': 23} weights_before={'k3s': 100, 'knative': 0}
2026-09-11 09:04:51 [info     ] Weights updated                k3s=77 knative=23
2026-09-11 09:04:51 [info     ] Weights updated                action=REACTIVE reason='load=129RPS | k8s_cap=100RPS | (burst-routing)' weights={'k3s': 77, 'knative': 23}
2026-09-11 09:04:51 [info     ] algorithm2_scaling_decision    action=MAINTAIN alpha=0.060060060060060066 beta=0.0 buffer=1.0 current_replicas=6 predicted_load=108.81428482297628 required_resources=6.535 target_replicas=6
2026-09-11 09:04:51 [info     ] algorithm2_decision            action=MAINTAIN applied_target=6 current_replicas=6 hold_until=0.0 observed_load=108.81 observed_target=6 point_forecasts=None prediction_age_sec=None predictive_target=6 proactive=False scenario=s3-hybrid-reactive target_replicas=6 upper_forecasts=None
2026-09-11 09:04:51 [debug    ] Decision loop completed        action=REACTIVE latency_ms=214.67 p99=361.0
2026-09-11 09:05:06 [info     ] controller_decision_v3         action=RECOVERY available_replicas=6 budget_remaining=994 burn_adjustment=0 burst_ratio=0.1273 capacity_deficit=False confidence=0 current_load=114.47746432162913 decision_id=3bfa48d0 k8s_capacity=99.9 k8s_weight=87 knative_weight=13 p99=361.0 predicted_load=0 r_effective=16.6 serverless_enabled=True total_load=114.5 weights_after={'k3s': 87, 'knative': 13} weights_before={'k3s': 77, 'knative': 23}
2026-09-11 09:05:07 [info     ] Weights updated                k3s=87 knative=13
2026-09-11 09:05:07 [info     ] Weights updated                action=RECOVERY reason='load=114RPS | k8s_cap=100RPS | (reducing-serverless)' weights={'k3s': 87, 'knative': 13}
2026-09-11 09:05:07 [info     ] algorithm2_scaling_decision    action=MAINTAIN alpha=0.060060060060060066 beta=0.0 buffer=1.0 current_replicas=6 predicted_load=121.61227664962998 required_resources=7.304 target_replicas=6
2026-09-11 09:05:07 [info     ] algorithm2_decision            action=MAINTAIN applied_target=6 current_replicas=6 hold_until=0.0 observed_load=121.61 observed_target=6 point_forecasts=None prediction_age_sec=None predictive_target=6 proactive=False scenario=s3-hybrid-reactive target_replicas=6 upper_forecasts=None
2026-09-11 09:05:07 [debug    ] Decision loop completed        action=RECOVERY latency_ms=280.81 p99=361.0
2026-09-11 09:05:22 [debug    ] HAProxy fallback latency       delta_requests=1365 interval_avg_ms=25.68 max_rtime_ms=361.0 p99_est=51.36
2026-09-11 09:05:22 [info     ] controller_decision_v3         action=RECOVERY available_replicas=6 budget_remaining=994 burn_adjustment=0 burst_ratio=0 capacity_deficit=False confidence=0 current_load=89.45299857954541 decision_id=2f81ea0b k8s_capacity=99.9 k8s_weight=100 knative_weight=0 p99=51.4 predicted_load=0 r_effective=16.6 serverless_enabled=False total_load=89.5 weights_after={'k3s': 100, 'knative': 0} weights_before={'k3s': 87, 'knative': 13}
2026-09-11 09:05:22 [info     ] Weights updated                k3s=100 knative=0
2026-09-11 09:05:22 [info     ] Weights updated                action=RECOVERY reason='load=89RPS | k8s_cap=100RPS | (reducing-serverless)' weights={'k3s': 100, 'knative': 0}
2026-09-11 09:05:22 [info     ] algorithm2_scaling_decision    action=MAINTAIN alpha=0.060060060060060066 beta=0.0 buffer=1.0 current_replicas=6 predicted_load=101.96523145058727 required_resources=6.124 target_replicas=6
2026-09-11 09:05:22 [info     ] algorithm2_decision            action=MAINTAIN applied_target=6 current_replicas=6 hold_until=0.0 observed_load=101.97 observed_target=6 point_forecasts=None prediction_age_sec=None predictive_target=6 proactive=False scenario=s3-hybrid-reactive target_replicas=6 upper_forecasts=None
2026-09-11 09:05:22 [debug    ] Decision loop completed        action=RECOVERY latency_ms=210.7 p99=51.35531135531136
2026-09-11 09:05:37 [debug    ] HAProxy fallback latency       delta_requests=1221 interval_avg_ms=128.02 max_rtime_ms=361.0 p99_est=256.04
2026-09-11 09:05:37 [info     ] algorithm2_scaling_decision    action=MAINTAIN alpha=0.060060060060060066 beta=0.0 buffer=1.0 current_replicas=6 predicted_load=84.59286387723716 required_resources=5.081 target_replicas=6
2026-09-11 09:05:37 [info     ] algorithm2_decision            action=MAINTAIN applied_target=6 current_replicas=6 hold_until=0.0 observed_load=84.59 observed_target=6 point_forecasts=None prediction_age_sec=None predictive_target=6 proactive=False scenario=s3-hybrid-reactive target_replicas=6 upper_forecasts=None
2026-09-11 09:05:37 [debug    ] Decision loop completed        action=MAINTAIN latency_ms=382.82 p99=256.042588042588
2026-09-11 09:05:52 [debug    ] HAProxy fallback latency       delta_requests=1200 interval_avg_ms=103.5 max_rtime_ms=361.0 p99_est=207.0
2026-09-11 09:05:52 [info     ] algorithm2_scaling_decision    action=MAINTAIN alpha=0.060060060060060066 beta=0.0 buffer=1.0 current_replicas=6 predicted_load=78.82512765409636 required_resources=4.734 target_replicas=5
2026-09-11 09:05:52 [info     ] algorithm2_decision            action=MAINTAIN applied_target=5 current_replicas=6 hold_until=0.0 observed_load=78.83 observed_target=5 point_forecasts=None prediction_age_sec=None predictive_target=5 proactive=False scenario=s3-hybrid-reactive target_replicas=5 upper_forecasts=None
2026-09-11 09:05:52 [debug    ] Decision loop completed        action=MAINTAIN latency_ms=293.11 p99=207.00166666666667
2026-09-11 09:06:08 [debug    ] HAProxy fallback latency       delta_requests=1642 interval_avg_ms=52.44 max_rtime_ms=361.0 p99_est=104.88
2026-09-11 09:06:08 [info     ] Knative pre-warm OK            cold_start_ms=4.1
2026-09-11 09:06:08 [info     ] controller_decision_v3         action=REACTIVE available_replicas=6 budget_remaining=992 burn_adjustment=0 burst_ratio=0.0733 capacity_deficit=False confidence=0 current_load=107.80128782573065 decision_id=000231fa k8s_capacity=99.9 k8s_weight=92 knative_weight=8 p99=104.9 predicted_load=0 r_effective=16.6 serverless_enabled=True total_load=107.8 weights_after={'k3s': 92, 'knative': 8} weights_before={'k3s': 100, 'knative': 0}
2026-09-11 09:06:08 [info     ] Weights updated                k3s=92 knative=8
2026-09-11 09:06:08 [info     ] Weights updated                action=REACTIVE reason='load=108RPS | k8s_cap=100RPS | (burst-routing)' weights={'k3s': 92, 'knative': 8}
2026-09-11 09:06:08 [info     ] algorithm2_scaling_decision    action=MAINTAIN alpha=0.060060060060060066 beta=0.0 buffer=1.0 current_replicas=6 predicted_load=92.85940697949724 required_resources=5.577 target_replicas=6
2026-09-11 09:06:08 [info     ] algorithm2_decision            action=MAINTAIN applied_target=6 current_replicas=6 hold_until=0.0 observed_load=92.86 observed_target=6 point_forecasts=None prediction_age_sec=None predictive_target=6 proactive=False scenario=s3-hybrid-reactive target_replicas=6 upper_forecasts=None
2026-09-11 09:06:08 [debug    ] Decision loop completed        action=REACTIVE latency_ms=215.71 p99=104.88063337393423
2026-09-11 09:06:23 [debug    ] HAProxy fallback latency       delta_requests=2129 interval_avg_ms=184.4 max_rtime_ms=361.0 p99_est=361.0
2026-09-11 09:06:23 [info     ] controller_decision_v3         action=REACTIVE available_replicas=6 budget_remaining=991 burn_adjustment=0 burst_ratio=0.2836 capacity_deficit=False confidence=0 current_load=139.4389663430303 decision_id=929d3313 k8s_capacity=99.9 k8s_weight=71 knative_weight=29 p99=361.0 predicted_load=0 r_effective=16.6 serverless_enabled=True total_load=139.4 weights_after={'k3s': 71, 'knative': 29} weights_before={'k3s': 92, 'knative': 8}
2026-09-11 09:06:23 [info     ] Weights updated                k3s=71 knative=29
2026-09-11 09:06:23 [info     ] Weights updated                action=REACTIVE reason='load=139RPS | k8s_cap=100RPS | (burst-routing)' weights={'k3s': 71, 'knative': 29}
2026-09-11 09:06:23 [info     ] algorithm2_scaling_decision    action=MAINTAIN alpha=0.060060060060060066 beta=0.0 buffer=1.0 current_replicas=6 predicted_load=123.62012708438047 required_resources=7.425 target_replicas=6
2026-09-11 09:06:23 [info     ] algorithm2_decision            action=MAINTAIN applied_target=6 current_replicas=6 hold_until=0.0 observed_load=123.62 observed_target=6 point_forecasts=None prediction_age_sec=None predictive_target=6 proactive=False scenario=s3-hybrid-reactive target_replicas=6 upper_forecasts=None
2026-09-11 09:06:23 [debug    ] Decision loop completed        action=REACTIVE latency_ms=246.79 p99=361.0
2026-09-11 09:06:38 [debug    ] HAProxy fallback latency       delta_requests=2337 interval_avg_ms=26.72 max_rtime_ms=361.0 p99_est=53.43
2026-09-11 09:06:38 [info     ] controller_decision_v3         action=REACTIVE available_replicas=6 budget_remaining=991 burn_adjustment=0 burst_ratio=0.3488 capacity_deficit=False confidence=0 current_load=153.40758049292134 decision_id=b2592815 k8s_capacity=99.9 k8s_weight=65 knative_weight=35 p99=53.4 predicted_load=0 r_effective=16.6 serverless_enabled=True total_load=153.4 weights_after={'k3s': 65, 'knative': 35} weights_before={'k3s': 71, 'knative': 29}
2026-09-11 09:06:38 [info     ] Weights updated                k3s=65 knative=35
2026-09-11 09:06:38 [info     ] Weights updated                action=REACTIVE reason='load=153RPS | k8s_cap=100RPS | (burst-routing)' weights={'k3s': 65, 'knative': 35}
2026-09-11 09:06:38 [info     ] algorithm2_scaling_decision    action=MAINTAIN alpha=0.060060060060060066 beta=0.0 buffer=1.0 current_replicas=6 predicted_load=146.42327341797582 required_resources=8.794 target_replicas=6
2026-09-11 09:06:38 [info     ] algorithm2_decision            action=MAINTAIN applied_target=6 current_replicas=6 hold_until=0.0 observed_load=146.42 observed_target=6 point_forecasts=None prediction_age_sec=None predictive_target=6 proactive=False scenario=s3-hybrid-reactive target_replicas=6 upper_forecasts=None
2026-09-11 09:06:38 [debug    ] Decision loop completed        action=REACTIVE latency_ms=216.28 p99=53.43003851091142
2026-09-11 09:06:53 [debug    ] HAProxy fallback latency       delta_requests=2423 interval_avg_ms=58.87 max_rtime_ms=361.0 p99_est=117.74
2026-09-11 09:06:53 [info     ] controller_decision_v3         action=REACTIVE available_replicas=6 budget_remaining=991 burn_adjustment=0 burst_ratio=0.3726 capacity_deficit=False confidence=0 current_load=159.22067575421187 decision_id=cb1bb1bf k8s_capacity=99.9 k8s_weight=62 knative_weight=38 p99=117.7 predicted_load=0 r_effective=16.6 serverless_enabled=True total_load=159.2 weights_after={'k3s': 62, 'knative': 38} weights_before={'k3s': 65, 'knative': 35}
2026-09-11 09:06:53 [info     ] Weights updated                k3s=62 knative=38
2026-09-11 09:06:53 [info     ] Weights updated                action=REACTIVE reason='load=159RPS | k8s_cap=100RPS | (burst-routing)' weights={'k3s': 62, 'knative': 38}
2026-09-11 09:06:53 [info     ] algorithm2_scaling_decision    action=MAINTAIN alpha=0.060060060060060066 beta=0.0 buffer=1.0 current_replicas=6 predicted_load=156.3141281235666 required_resources=9.388 target_replicas=6
2026-09-11 09:06:53 [info     ] algorithm2_decision            action=MAINTAIN applied_target=6 current_replicas=6 hold_until=0.0 observed_load=156.31 observed_target=6 point_forecasts=None prediction_age_sec=None predictive_target=6 proactive=False scenario=s3-hybrid-reactive target_replicas=6 upper_forecasts=None
2026-09-11 09:06:53 [debug    ] Decision loop completed        action=REACTIVE latency_ms=225.82 p99=117.73751547668179
2026-09-11 09:07:08 [debug    ] HAProxy fallback latency       delta_requests=2105 interval_avg_ms=10.39 max_rtime_ms=361.0 p99_est=20.78
2026-09-11 09:07:09 [info     ] controller_decision_v3         action=RECOVERY available_replicas=6 budget_remaining=991 burn_adjustment=0 burst_ratio=0.2782 capacity_deficit=False confidence=0 current_load=138.40123026677267 decision_id=51ac0cb9 k8s_capacity=99.9 k8s_weight=72 knative_weight=28 p99=20.8 predicted_load=0 r_effective=16.6 serverless_enabled=True total_load=138.4 weights_after={'k3s': 72, 'knative': 28} weights_before={'k3s': 62, 'knative': 38}
2026-09-11 09:07:09 [info     ] Weights updated                k3s=72 knative=28
2026-09-11 09:07:09 [info     ] Weights updated                action=RECOVERY reason='load=138RPS | k8s_cap=100RPS | (reducing-serverless)' weights={'k3s': 72, 'knative': 28}
2026-09-11 09:07:09 [info     ] algorithm2_scaling_decision    action=MAINTAIN alpha=0.060060060060060066 beta=0.0 buffer=1.0 current_replicas=6 predicted_load=148.81095301049226 required_resources=8.938 target_replicas=6
2026-09-11 09:07:09 [info     ] algorithm2_decision            action=MAINTAIN applied_target=6 current_replicas=6 hold_until=0.0 observed_load=148.81 observed_target=6 point_forecasts=None prediction_age_sec=None predictive_target=6 proactive=False scenario=s3-hybrid-reactive target_replicas=6 upper_forecasts=None
2026-09-11 09:07:09 [debug    ] Decision loop completed        action=RECOVERY latency_ms=327.13 p99=20.77814726840855
2026-09-11 09:07:24 [debug    ] HAProxy fallback latency       delta_requests=1816 interval_avg_ms=46.65 max_rtime_ms=361.0 p99_est=93.3
2026-09-11 09:07:24 [info     ] controller_decision_v3         action=RECOVERY available_replicas=6 budget_remaining=991 burn_adjustment=0 burst_ratio=0.1571 capacity_deficit=False confidence=0 current_load=118.52430344920084 decision_id=0c01c11d k8s_capacity=99.9 k8s_weight=84 knative_weight=16 p99=93.3 predicted_load=0 r_effective=16.6 serverless_enabled=True total_load=118.5 weights_after={'k3s': 84, 'knative': 16} weights_before={'k3s': 72, 'knative': 28}
2026-09-11 09:07:24 [info     ] Weights updated                k3s=84 knative=16
2026-09-11 09:07:24 [info     ] Weights updated                action=RECOVERY reason='load=119RPS | k8s_cap=100RPS | (reducing-serverless)' weights={'k3s': 84, 'knative': 16}
2026-09-11 09:07:24 [info     ] algorithm2_scaling_decision    action=MAINTAIN alpha=0.060060060060060066 beta=0.0 buffer=1.0 current_replicas=6 predicted_load=128.46276685798676 required_resources=7.715 target_replicas=6
2026-09-11 09:07:24 [info     ] algorithm2_decision            action=MAINTAIN applied_target=6 current_replicas=6 hold_until=0.0 observed_load=128.46 observed_target=6 point_forecasts=None prediction_age_sec=None predictive_target=6 proactive=False scenario=s3-hybrid-reactive target_replicas=6 upper_forecasts=None
2026-09-11 09:07:24 [debug    ] Decision loop completed        action=RECOVERY latency_ms=339.54 p99=93.29845814977973
2026-09-11 09:07:39 [debug    ] HAProxy fallback latency       delta_requests=1826 interval_avg_ms=126.41 max_rtime_ms=361.0 p99_est=252.83
2026-09-11 09:07:39 [info     ] algorithm2_scaling_decision    action=MAINTAIN alpha=0.060060060060060066 beta=0.0 buffer=1.0 current_replicas=6 predicted_load=118.66181593565838 required_resources=7.127 target_replicas=6
2026-09-11 09:07:39 [info     ] algorithm2_decision            action=MAINTAIN applied_target=6 current_replicas=6 hold_until=0.0 observed_load=118.66 observed_target=6 point_forecasts=None prediction_age_sec=None predictive_target=6 proactive=False scenario=s3-hybrid-reactive target_replicas=6 upper_forecasts=None
2026-09-11 09:07:39 [debug    ] Decision loop completed        action=MAINTAIN latency_ms=280.35 p99=252.82584884994523
2026-09-11 09:07:54 [debug    ] HAProxy fallback latency       delta_requests=1837 interval_avg_ms=45.96 max_rtime_ms=361.0 p99_est=91.91
2026-09-11 09:07:54 [info     ] controller_decision_v3         action=REACTIVE available_replicas=6 budget_remaining=990 burn_adjustment=0 burst_ratio=0.1716 capacity_deficit=False confidence=0 current_load=120.59725366531201 decision_id=7bf3207a k8s_capacity=99.9 k8s_weight=82 knative_weight=18 p99=91.9 predicted_load=0 r_effective=16.6 serverless_enabled=True total_load=120.6 weights_after={'k3s': 82, 'knative': 18} weights_before={'k3s': 84, 'knative': 16}
2026-09-11 09:07:54 [info     ] Weights updated                k3s=82 knative=18
2026-09-11 09:07:54 [info     ] Weights updated                action=REACTIVE reason='load=121RPS | k8s_cap=100RPS | (burst-routing)' weights={'k3s': 82, 'knative': 18}
2026-09-11 09:07:55 [info     ] algorithm2_scaling_decision    action=MAINTAIN alpha=0.060060060060060066 beta=0.0 buffer=1.0 current_replicas=6 predicted_load=119.69829104371397 required_resources=7.189 target_replicas=6
2026-09-11 09:07:55 [info     ] algorithm2_decision            action=MAINTAIN applied_target=6 current_replicas=6 hold_until=0.0 observed_load=119.7 observed_target=6 point_forecasts=None prediction_age_sec=None predictive_target=6 proactive=False scenario=s3-hybrid-reactive target_replicas=6 upper_forecasts=None
2026-09-11 09:07:55 [debug    ] Decision loop completed        action=REACTIVE latency_ms=189.82 p99=91.9129014697877
2026-09-11 09:08:10 [debug    ] HAProxy fallback latency       delta_requests=1825 interval_avg_ms=102.23 max_rtime_ms=361.0 p99_est=204.46
2026-09-11 09:08:10 [info     ] controller_decision_v3         action=RECOVERY available_replicas=6 budget_remaining=989 burn_adjustment=0 burst_ratio=0.1666 capacity_deficit=False confidence=0 current_load=119.86690461888149 decision_id=f1c84251 k8s_capacity=99.9 k8s_weight=83 knative_weight=17 p99=204.5 predicted_load=0 r_effective=16.6 serverless_enabled=True total_load=119.9 weights_after={'k3s': 83, 'knative': 17} weights_before={'k3s': 82, 'knative': 18}
2026-09-11 09:08:10 [info     ] Weights updated                k3s=83 knative=17
2026-09-11 09:08:10 [info     ] Weights updated                action=RECOVERY reason='load=120RPS | k8s_cap=100RPS | (reducing-serverless)' weights={'k3s': 83, 'knative': 17}
2026-09-11 09:08:10 [info     ] algorithm2_scaling_decision    action=MAINTAIN alpha=0.060060060060060066 beta=0.0 buffer=1.0 current_replicas=6 predicted_load=120.23207914209675 required_resources=7.221 target_replicas=6
2026-09-11 09:08:10 [info     ] algorithm2_decision            action=MAINTAIN applied_target=6 current_replicas=6 hold_until=0.0 observed_load=120.23 observed_target=6 point_forecasts=None prediction_age_sec=None predictive_target=6 proactive=False scenario=s3-hybrid-reactive target_replicas=6 upper_forecasts=None
2026-09-11 09:08:10 [debug    ] Decision loop completed        action=RECOVERY latency_ms=323.1 p99=204.45589041095892
2026-09-11 09:08:25 [debug    ] HAProxy fallback latency       delta_requests=1753 interval_avg_ms=168.29 max_rtime_ms=361.0 p99_est=336.57
2026-09-11 09:08:25 [info     ] controller_decision_v3         action=RECOVERY available_replicas=6 budget_remaining=988 burn_adjustment=0 burst_ratio=0.1288 capacity_deficit=False confidence=0 current_load=114.6632011562116 decision_id=6f49df61 k8s_capacity=99.9 k8s_weight=87 knative_weight=13 p99=336.6 predicted_load=0 r_effective=16.6 serverless_enabled=True total_load=114.7 weights_after={'k3s': 87, 'knative': 13} weights_before={'k3s': 83, 'knative': 17}
2026-09-11 09:08:25 [info     ] Weights updated                k3s=87 knative=13
2026-09-11 09:08:25 [info     ] Weights updated                action=RECOVERY reason='load=115RPS | k8s_cap=100RPS | (reducing-serverless)' weights={'k3s': 87, 'knative': 13}
2026-09-11 09:08:25 [info     ] algorithm2_scaling_decision    action=MAINTAIN alpha=0.060060060060060066 beta=0.0 buffer=1.0 current_replicas=6 predicted_load=117.26505288754655 required_resources=7.043 target_replicas=6
2026-09-11 09:08:25 [info     ] algorithm2_decision            action=MAINTAIN applied_target=6 current_replicas=6 hold_until=0.0 observed_load=117.27 observed_target=6 point_forecasts=None prediction_age_sec=None predictive_target=6 proactive=False scenario=s3-hybrid-reactive target_replicas=6 upper_forecasts=None
2026-09-11 09:08:25 [debug    ] Decision loop completed        action=RECOVERY latency_ms=323.63 p99=336.57045065601824
2026-09-11 09:08:40 [info     ] controller_decision_v3         action=RECOVERY available_replicas=6 budget_remaining=987 burn_adjustment=0 burst_ratio=0 capacity_deficit=False confidence=0 current_load=95.36162682898313 decision_id=ca3b23ce k8s_capacity=99.9 k8s_weight=100 knative_weight=0 p99=336.6 predicted_load=0 r_effective=16.6 serverless_enabled=False total_load=95.4 weights_after={'k3s': 100, 'knative': 0} weights_before={'k3s': 87, 'knative': 13}
2026-09-11 09:08:40 [info     ] Weights updated                k3s=100 knative=0
2026-09-11 09:08:40 [info     ] Weights updated                action=RECOVERY reason='load=95RPS | k8s_cap=100RPS | (reducing-serverless)' weights={'k3s': 100, 'knative': 0}
2026-09-11 09:08:40 [info     ] algorithm2_scaling_decision    action=MAINTAIN alpha=0.060060060060060066 beta=0.0 buffer=1.0 current_replicas=6 predicted_load=105.01241399259737 required_resources=6.307 target_replicas=6
2026-09-11 09:08:40 [info     ] algorithm2_decision            action=MAINTAIN applied_target=6 current_replicas=6 hold_until=0.0 observed_load=105.01 observed_target=6 point_forecasts=None prediction_age_sec=None predictive_target=6 proactive=False scenario=s3-hybrid-reactive target_replicas=6 upper_forecasts=None
2026-09-11 09:08:40 [debug    ] Decision loop completed        action=RECOVERY latency_ms=249.53 p99=336.57045065601824
2026-09-11 09:08:55 [debug    ] HAProxy fallback latency       delta_requests=1196 interval_avg_ms=23.71 max_rtime_ms=361.0 p99_est=47.43
2026-09-11 09:08:56 [info     ] algorithm2_scaling_decision    action=MAINTAIN alpha=0.060060060060060066 beta=0.0 buffer=1.0 current_replicas=6 predicted_load=86.884422034773 required_resources=5.218 target_replicas=6
2026-09-11 09:08:56 [info     ] algorithm2_decision            action=MAINTAIN applied_target=6 current_replicas=6 hold_until=0.0 observed_load=86.88 observed_target=6 point_forecasts=None prediction_age_sec=None predictive_target=6 proactive=False scenario=s3-hybrid-reactive target_replicas=6 upper_forecasts=None
2026-09-11 09:08:56 [debug    ] Decision loop completed        action=MAINTAIN latency_ms=223.56 p99=47.429765886287626
2026-09-11 09:09:11 [debug    ] HAProxy fallback latency       delta_requests=1091 interval_avg_ms=17.07 max_rtime_ms=361.0 p99_est=34.14
2026-09-11 09:09:11 [info     ] algorithm2_scaling_decision    action=MAINTAIN alpha=0.060060060060060066 beta=0.0 buffer=1.0 current_replicas=6 predicted_load=75.0636550830539 required_resources=4.508 target_replicas=5
2026-09-11 09:09:11 [info     ] algorithm2_decision            action=MAINTAIN applied_target=5 current_replicas=6 hold_until=0.0 observed_load=75.06 observed_target=5 point_forecasts=None prediction_age_sec=None predictive_target=5 proactive=False scenario=s3-hybrid-reactive target_replicas=5 upper_forecasts=None
2026-09-11 09:09:11 [debug    ] Decision loop completed        action=MAINTAIN latency_ms=176.9 p99=34.135655362053164
2026-09-11 09:09:26 [debug    ] HAProxy fallback latency       delta_requests=1072 interval_avg_ms=70.0 max_rtime_ms=361.0 p99_est=140.0
2026-09-11 09:09:26 [info     ] algorithm2_scaling_decision    action=MAINTAIN alpha=0.060060060060060066 beta=0.0 buffer=1.0 current_replicas=6 predicted_load=71.14199991745105 required_resources=4.273 target_replicas=5
2026-09-11 09:09:26 [info     ] algorithm2_decision            action=MAINTAIN applied_target=5 current_replicas=6 hold_until=0.0 observed_load=71.14 observed_target=5 point_forecasts=None prediction_age_sec=None predictive_target=5 proactive=False scenario=s3-hybrid-reactive target_replicas=5 upper_forecasts=None
2026-09-11 09:09:26 [debug    ] Decision loop completed        action=MAINTAIN latency_ms=186.78 p99=140.0
2026-09-11 09:09:41 [debug    ] HAProxy fallback latency       delta_requests=1255 interval_avg_ms=167.48 max_rtime_ms=361.0 p99_est=334.95
2026-09-11 09:09:41 [info     ] algorithm2_scaling_decision    action=MAINTAIN alpha=0.060060060060060066 beta=0.0 buffer=1.0 current_replicas=6 predicted_load=76.5531691522967 required_resources=4.598 target_replicas=5
2026-09-11 09:09:41 [info     ] algorithm2_decision            action=MAINTAIN applied_target=5 current_replicas=6 hold_until=0.0 observed_load=76.55 observed_target=5 point_forecasts=None prediction_age_sec=None predictive_target=5 proactive=False scenario=s3-hybrid-reactive target_replicas=5 upper_forecasts=None
2026-09-11 09:09:41 [debug    ] Decision loop completed        action=MAINTAIN latency_ms=207.62 p99=334.9545816733068
2026-09-11 09:09:56 [debug    ] HAProxy fallback latency       delta_requests=1293 interval_avg_ms=120.31 max_rtime_ms=361.0 p99_est=240.61
2026-09-11 09:09:56 [info     ] algorithm2_scaling_decision    action=MAINTAIN alpha=0.060060060060060066 beta=0.0 buffer=1.0 current_replicas=6 predicted_load=83.86053329953793 required_resources=5.037 target_replicas=6
2026-09-11 09:09:56 [info     ] algorithm2_decision            action=MAINTAIN applied_target=6 current_replicas=6 hold_until=0.0 observed_load=83.86 observed_target=6 point_forecasts=None prediction_age_sec=None predictive_target=6 proactive=False scenario=s3-hybrid-reactive target_replicas=6 upper_forecasts=None
2026-09-11 09:09:56 [debug    ] Decision loop completed        action=MAINTAIN latency_ms=210.37 p99=240.61252900232017
2026-09-11 09:10:12 [info     ] algorithm2_scaling_decision    action=MAINTAIN alpha=0.060060060060060066 beta=0.0 buffer=1.0 current_replicas=6 predicted_load=74.31294009596928 required_resources=4.463 target_replicas=5
2026-09-11 09:10:12 [info     ] algorithm2_decision            action=MAINTAIN applied_target=5 current_replicas=6 hold_until=0.0 observed_load=74.31 observed_target=5 point_forecasts=None prediction_age_sec=None predictive_target=5 proactive=False scenario=s3-hybrid-reactive target_replicas=5 upper_forecasts=None
2026-09-11 09:10:12 [debug    ] Decision loop completed        action=MAINTAIN latency_ms=164.41 p99=240.61252900232017
2026-09-11 09:10:27 [debug    ] HAProxy fallback latency       delta_requests=719 interval_avg_ms=70.0 max_rtime_ms=361.0 p99_est=140.0
2026-09-11 09:10:27 [info     ] algorithm2_scaling_decision    action=SCALE_DOWN alpha=0.060060060060060066 beta=0.0 buffer=1.0 current_replicas=6 predicted_load=55.3960411680725 required_resources=3.327 target_replicas=4
2026-09-11 09:10:27 [info     ] algorithm2_decision            action=SCALE_DOWN applied_target=4 current_replicas=6 hold_until=0.0 observed_load=55.4 observed_target=4 point_forecasts=None prediction_age_sec=None predictive_target=4 proactive=False scenario=s3-hybrid-reactive target_replicas=4 upper_forecasts=None
2026-09-11 09:10:27 [debug    ] Decision loop completed        action=MAINTAIN latency_ms=181.68 p99=140.0
2026-09-11 09:10:42 [debug    ] HAProxy fallback latency       delta_requests=703 interval_avg_ms=70.0 max_rtime_ms=361.0 p99_est=140.0
2026-09-11 09:10:42 [info     ] algorithm2_scaling_decision    action=SCALE_DOWN alpha=0.060060060060060066 beta=0.0 buffer=1.0 current_replicas=6 predicted_load=46.856610255614214 required_resources=2.814 target_replicas=3
2026-09-11 09:10:42 [info     ] algorithm2_decision            action=SCALE_DOWN applied_target=3 current_replicas=6 hold_until=0.0 observed_load=46.86 observed_target=3 point_forecasts=None prediction_age_sec=None predictive_target=3 proactive=False scenario=s3-hybrid-reactive target_replicas=3 upper_forecasts=None
2026-09-11 09:10:42 [debug    ] Decision loop completed        action=MAINTAIN latency_ms=179.61 p99=140.0
2026-09-11 09:10:57 [info     ] algorithm2_scaling_decision    action=SCALE_DOWN alpha=0.060060060060060066 beta=0.0 buffer=1.0 current_replicas=6 predicted_load=45.71253081769363 required_resources=2.745 target_replicas=3
2026-09-11 09:10:57 [info     ] algorithm2_decision            action=SCALE_DOWN applied_target=3 current_replicas=6 hold_until=0.0 observed_load=45.71 observed_target=3 point_forecasts=None prediction_age_sec=None predictive_target=3 proactive=False scenario=s3-hybrid-reactive target_replicas=3 upper_forecasts=None
2026-09-11 09:10:57 [debug    ] Decision loop completed        action=MAINTAIN latency_ms=207.58 p99=140.0
2026-09-11 09:11:12 [debug    ] HAProxy fallback latency       delta_requests=639 interval_avg_ms=68.0 max_rtime_ms=361.0 p99_est=136.0
2026-09-11 09:11:12 [info     ] algorithm2_scaling_decision    action=SCALE_DOWN alpha=0.060060060060060066 beta=0.0 buffer=1.0 current_replicas=6 predicted_load=43.53638035120905 required_resources=2.615 target_replicas=3
2026-09-11 09:11:12 [info     ] algorithm2_decision            action=SCALE_DOWN applied_target=3 current_replicas=6 hold_until=0.0 observed_load=43.54 observed_target=3 point_forecasts=None prediction_age_sec=None predictive_target=3 proactive=False scenario=s3-hybrid-reactive target_replicas=3 upper_forecasts=None
2026-09-11 09:11:12 [info     ] k8s_scale_executed             deployment=test-app-warm replicas=3
2026-09-11 09:11:12 [debug    ] Decision loop completed        action=MAINTAIN latency_ms=300.91 p99=136.0
2026-09-11 09:11:28 [debug    ] HAProxy fallback latency       delta_requests=704 interval_avg_ms=162.99 max_rtime_ms=361.0 p99_est=325.98
2026-09-11 09:11:28 [info     ] algorithm2_scaling_decision    action=MAINTAIN alpha=0.060060060060060066 beta=0.0 buffer=1.0 current_replicas=3 predicted_load=43.98253393681773 required_resources=2.642 target_replicas=3
2026-09-11 09:11:28 [info     ] algorithm2_decision            action=MAINTAIN applied_target=3 current_replicas=3 hold_until=0.0 observed_load=43.98 observed_target=3 point_forecasts=None prediction_age_sec=None predictive_target=3 proactive=False scenario=s3-hybrid-reactive target_replicas=3 upper_forecasts=None
2026-09-11 09:11:28 [debug    ] Decision loop completed        action=MAINTAIN latency_ms=175.69 p99=325.97727272727275
2026-09-11 09:11:43 [debug    ] HAProxy fallback latency       delta_requests=947 interval_avg_ms=212.23 max_rtime_ms=361.0 p99_est=361.0
2026-09-11 09:11:43 [info     ] Knative pre-warm OK            cold_start_ms=3.9
2026-09-11 09:11:43 [info     ] controller_decision_v3         action=REACTIVE available_replicas=3 budget_remaining=982 burn_adjustment=0 burst_ratio=0.1987 capacity_deficit=False confidence=0 current_load=62.33344035881636 decision_id=28e335bc k8s_capacity=49.9 k8s_weight=80 knative_weight=20 p99=361.0 predicted_load=0 r_effective=16.6 serverless_enabled=True total_load=62.3 weights_after={'k3s': 80, 'knative': 20} weights_before={'k3s': 100, 'knative': 0}
2026-09-11 09:11:43 [info     ] Weights updated                k3s=80 knative=20
2026-09-11 09:11:43 [info     ] Weights updated                action=REACTIVE reason='load=62RPS | k8s_cap=50RPS | (burst-routing)' weights={'k3s': 80, 'knative': 20}
2026-09-11 09:11:43 [info     ] algorithm2_scaling_decision    action=SCALE_UP alpha=0.060060060060060066 beta=0.0 buffer=1.0 current_replicas=3 predicted_load=54.1412130011193 required_resources=3.252 target_replicas=4
2026-09-11 09:11:43 [info     ] algorithm2_decision            action=SCALE_UP applied_target=4 current_replicas=3 hold_until=0.0 observed_load=54.14 observed_target=4 point_forecasts=None prediction_age_sec=None predictive_target=4 proactive=False scenario=s3-hybrid-reactive target_replicas=4 upper_forecasts=None
2026-09-11 09:11:43 [info     ] k8s_scale_executed             deployment=test-app-warm replicas=4
2026-09-11 09:11:43 [debug    ] Decision loop completed        action=REACTIVE latency_ms=286.79 p99=361.0
2026-09-11 09:11:58 [debug    ] HAProxy fallback latency       delta_requests=1100 interval_avg_ms=8.35 max_rtime_ms=361.0 p99_est=16.69
2026-09-11 09:11:58 [info     ] controller_decision_v3         action=RECOVERY available_replicas=4 budget_remaining=982 burn_adjustment=0 burst_ratio=0.0761 capacity_deficit=False confidence=0 current_load=72.08333072892056 decision_id=7940c15a k8s_capacity=66.6 k8s_weight=92 knative_weight=8 p99=16.7 predicted_load=0 r_effective=16.6 serverless_enabled=True total_load=72.1 weights_after={'k3s': 92, 'knative': 8} weights_before={'k3s': 80, 'knative': 20}
2026-09-11 09:11:58 [info     ] Weights updated                k3s=92 knative=8
2026-09-11 09:11:58 [info     ] Weights updated                action=RECOVERY reason='load=72RPS | k8s_cap=67RPS | (reducing-serverless)' weights={'k3s': 92, 'knative': 8}
2026-09-11 09:11:58 [info     ] Scale readiness observed       elapsed_sec=15.2 ewma_delay=26.0 samples=4 target=4
2026-09-11 09:11:58 [info     ] algorithm2_scaling_decision    action=SCALE_UP alpha=0.060060060060060066 beta=0.0 buffer=1.0 current_replicas=4 predicted_load=67.20838554386846 required_resources=4.037 target_replicas=5
2026-09-11 09:11:58 [info     ] algorithm2_decision            action=SCALE_UP applied_target=5 current_replicas=4 hold_until=0.0 observed_load=67.21 observed_target=5 point_forecasts=None prediction_age_sec=None predictive_target=5 proactive=False scenario=s3-hybrid-reactive target_replicas=5 upper_forecasts=None
2026-09-11 09:11:58 [info     ] k8s_scale_executed             deployment=test-app-warm replicas=5
2026-09-11 09:11:58 [debug    ] Decision loop completed        action=RECOVERY latency_ms=290.45 p99=16.69272727272727
2026-09-11 09:12:13 [debug    ] HAProxy fallback latency       delta_requests=1075 interval_avg_ms=70.0 max_rtime_ms=361.0 p99_est=140.0
2026-09-11 09:12:13 [info     ] controller_decision_v3         action=RECOVERY available_replicas=5 budget_remaining=982 burn_adjustment=0 burst_ratio=0 capacity_deficit=False confidence=0 current_load=70.23781778342949 decision_id=3249bba5 k8s_capacity=83.2 k8s_weight=100 knative_weight=0 p99=140.0 predicted_load=0 r_effective=16.6 serverless_enabled=False total_load=70.2 weights_after={'k3s': 100, 'knative': 0} weights_before={'k3s': 92, 'knative': 8}
2026-09-11 09:12:13 [info     ] Weights updated                k3s=100 knative=0
2026-09-11 09:12:13 [info     ] Weights updated                action=RECOVERY reason='load=70RPS | k8s_cap=83RPS | (reducing-serverless)' weights={'k3s': 100, 'knative': 0}
2026-09-11 09:12:13 [info     ] Scale readiness observed       elapsed_sec=15.3 ewma_delay=22.8 samples=5 target=5
2026-09-11 09:12:13 [info     ] algorithm2_scaling_decision    action=MAINTAIN alpha=0.060060060060060066 beta=0.0 buffer=1.0 current_replicas=5 predicted_load=71.16057425617502 required_resources=4.274 target_replicas=5
2026-09-11 09:12:13 [info     ] algorithm2_decision            action=MAINTAIN applied_target=5 current_replicas=5 hold_until=0.0 observed_load=71.16 observed_target=5 point_forecasts=None prediction_age_sec=None predictive_target=5 proactive=False scenario=s3-hybrid-reactive target_replicas=5 upper_forecasts=None
2026-09-11 09:12:13 [debug    ] Decision loop completed        action=RECOVERY latency_ms=264.57 p99=140.0
2026-09-11 09:12:29 [debug    ] HAProxy fallback latency       delta_requests=1069 interval_avg_ms=70.0 max_rtime_ms=361.0 p99_est=140.0
2026-09-11 09:12:29 [info     ] algorithm2_scaling_decision    action=MAINTAIN alpha=0.060060060060060066 beta=0.0 buffer=1.0 current_replicas=5 predicted_load=70.03180495257374 required_resources=4.206 target_replicas=5
2026-09-11 09:12:29 [info     ] algorithm2_decision            action=MAINTAIN applied_target=5 current_replicas=5 hold_until=0.0 observed_load=70.03 observed_target=5 point_forecasts=None prediction_age_sec=None predictive_target=5 proactive=False scenario=s3-hybrid-reactive target_replicas=5 upper_forecasts=None
2026-09-11 09:12:29 [debug    ] Decision loop completed        action=MAINTAIN latency_ms=254.48 p99=140.0
2026-09-11 09:12:44 [debug    ] HAProxy fallback latency       delta_requests=1094 interval_avg_ms=70.0 max_rtime_ms=361.0 p99_est=140.0
2026-09-11 09:12:44 [info     ] algorithm2_scaling_decision    action=MAINTAIN alpha=0.060060060060060066 beta=0.0 buffer=1.0 current_replicas=5 predicted_load=70.83742443352176 required_resources=4.254 target_replicas=5
2026-09-11 09:12:44 [info     ] algorithm2_decision            action=MAINTAIN applied_target=5 current_replicas=5 hold_until=0.0 observed_load=70.84 observed_target=5 point_forecasts=None prediction_age_sec=None predictive_target=5 proactive=False scenario=s3-hybrid-reactive target_replicas=5 upper_forecasts=None
2026-09-11 09:12:44 [debug    ] Decision loop completed        action=MAINTAIN latency_ms=218.47 p99=140.0
2026-09-11 09:12:59 [debug    ] HAProxy fallback latency       delta_requests=1245 interval_avg_ms=128.96 max_rtime_ms=361.0 p99_est=257.91
2026-09-11 09:12:59 [info     ] algorithm2_scaling_decision    action=MAINTAIN alpha=0.060060060060060066 beta=0.0 buffer=1.0 current_replicas=5 predicted_load=76.82970898786712 required_resources=4.614 target_replicas=5
2026-09-11 09:12:59 [info     ] algorithm2_decision            action=MAINTAIN applied_target=5 current_replicas=5 hold_until=0.0 observed_load=76.83 observed_target=5 point_forecasts=None prediction_age_sec=None predictive_target=5 proactive=False scenario=s3-hybrid-reactive target_replicas=5 upper_forecasts=None
2026-09-11 09:12:59 [debug    ] Decision loop completed        action=MAINTAIN latency_ms=180.54 p99=257.914859437751
2026-09-11 09:13:14 [debug    ] HAProxy fallback latency       delta_requests=1549 interval_avg_ms=167.77 max_rtime_ms=361.0 p99_est=335.55
2026-09-11 09:13:14 [info     ] Knative pre-warm OK            cold_start_ms=6.2
2026-09-11 09:13:14 [info     ] controller_decision_v3         action=REACTIVE available_replicas=5 budget_remaining=980 burn_adjustment=0 burst_ratio=0.1839 capacity_deficit=False confidence=0 current_load=102.01039055751914 decision_id=4c31bd67 k8s_capacity=83.2 k8s_weight=81 knative_weight=19 p99=335.5 predicted_load=0 r_effective=16.6 serverless_enabled=True total_load=102.0 weights_after={'k3s': 81, 'knative': 19} weights_before={'k3s': 100, 'knative': 0}
2026-09-11 09:13:14 [info     ] Weights updated                k3s=81 knative=19
2026-09-11 09:13:14 [info     ] Weights updated                action=REACTIVE reason='load=102RPS | k8s_cap=83RPS | (burst-routing)' weights={'k3s': 81, 'knative': 19}
2026-09-11 09:13:14 [info     ] algorithm2_scaling_decision    action=SCALE_UP alpha=0.060060060060060066 beta=0.0 buffer=1.0 current_replicas=5 predicted_load=91.9103758939639 required_resources=5.52 target_replicas=6
2026-09-11 09:13:14 [info     ] algorithm2_decision            action=SCALE_UP applied_target=6 current_replicas=5 hold_until=0.0 observed_load=91.91 observed_target=6 point_forecasts=None prediction_age_sec=None predictive_target=6 proactive=False scenario=s3-hybrid-reactive target_replicas=6 upper_forecasts=None
2026-09-11 09:13:14 [info     ] k8s_scale_executed             deployment=test-app-warm replicas=6
2026-09-11 09:13:14 [debug    ] Decision loop completed        action=REACTIVE latency_ms=352.79 p99=335.546804389929
2026-09-11 09:13:30 [info     ] controller_decision_v3         action=RECOVERY available_replicas=6 budget_remaining=979 burn_adjustment=0 burst_ratio=0.0458 capacity_deficit=False confidence=0 current_load=104.696478504308 decision_id=7b2fd8cf k8s_capacity=99.9 k8s_weight=95 knative_weight=5 p99=335.5 predicted_load=0 r_effective=16.6 serverless_enabled=True total_load=104.7 weights_after={'k3s': 95, 'knative': 5} weights_before={'k3s': 81, 'knative': 19}
2026-09-11 09:13:30 [info     ] Weights updated                k3s=95 knative=5
2026-09-11 09:13:30 [info     ] Weights updated                action=RECOVERY reason='load=105RPS | k8s_cap=100RPS | (reducing-serverless)' weights={'k3s': 95, 'knative': 5}
2026-09-11 09:13:30 [info     ] Scale readiness observed       elapsed_sec=15.3 ewma_delay=20.5 samples=6 target=6
2026-09-11 09:13:30 [info     ] algorithm2_scaling_decision    action=MAINTAIN alpha=0.060060060060060066 beta=0.0 buffer=1.0 current_replicas=6 predicted_load=103.35343453091357 required_resources=6.207 target_replicas=6
2026-09-11 09:13:30 [info     ] algorithm2_decision            action=MAINTAIN applied_target=6 current_replicas=6 hold_until=0.0 observed_load=103.35 observed_target=6 point_forecasts=None prediction_age_sec=None predictive_target=6 proactive=False scenario=s3-hybrid-reactive target_replicas=6 upper_forecasts=None
2026-09-11 09:13:30 [debug    ] Decision loop completed        action=RECOVERY latency_ms=291.41 p99=335.546804389929
2026-09-11 09:13:45 [debug    ] HAProxy fallback latency       delta_requests=1328 interval_avg_ms=129.65 max_rtime_ms=361.0 p99_est=259.3
2026-09-11 09:13:45 [info     ] controller_decision_v3         action=RECOVERY available_replicas=6 budget_remaining=978 burn_adjustment=0 burst_ratio=0 capacity_deficit=False confidence=0 current_load=86.95554672695334 decision_id=ba3bd2e5 k8s_capacity=99.9 k8s_weight=100 knative_weight=0 p99=259.3 predicted_load=0 r_effective=16.6 serverless_enabled=False total_load=87.0 weights_after={'k3s': 100, 'knative': 0} weights_before={'k3s': 95, 'knative': 5}
2026-09-11 09:13:45 [info     ] Weights updated                k3s=100 knative=0
2026-09-11 09:13:45 [info     ] Weights updated                action=RECOVERY reason='load=87RPS | k8s_cap=100RPS | (reducing-serverless)' weights={'k3s': 100, 'knative': 0}
2026-09-11 09:13:45 [info     ] algorithm2_scaling_decision    action=MAINTAIN alpha=0.060060060060060066 beta=0.0 buffer=1.0 current_replicas=6 predicted_load=95.82601261563067 required_resources=5.755 target_replicas=6
2026-09-11 09:13:45 [info     ] algorithm2_decision            action=MAINTAIN applied_target=6 current_replicas=6 hold_until=0.0 observed_load=95.83 observed_target=6 point_forecasts=None prediction_age_sec=None predictive_target=6 proactive=False scenario=s3-hybrid-reactive target_replicas=6 upper_forecasts=None
2026-09-11 09:13:45 [debug    ] Decision loop completed        action=RECOVERY latency_ms=226.78 p99=259.29969879518075
2026-09-11 09:14:00 [info     ] algorithm2_scaling_decision    action=MAINTAIN alpha=0.060060060060060066 beta=0.0 buffer=1.0 current_replicas=6 predicted_load=78.17596110219414 required_resources=4.695 target_replicas=5
2026-09-11 09:14:00 [info     ] algorithm2_decision            action=MAINTAIN applied_target=5 current_replicas=6 hold_until=0.0 observed_load=78.18 observed_target=5 point_forecasts=None prediction_age_sec=None predictive_target=5 proactive=False scenario=s3-hybrid-reactive target_replicas=5 upper_forecasts=None
2026-09-11 09:14:00 [debug    ] Decision loop completed        action=MAINTAIN latency_ms=163.74 p99=259.29969879518075
2026-09-11 09:14:15 [info     ] algorithm2_scaling_decision    action=SCALE_DOWN alpha=0.060060060060060066 beta=0.0 buffer=1.0 current_replicas=6 predicted_load=60.752875389223874 required_resources=3.649 target_replicas=4
2026-09-11 09:14:15 [info     ] algorithm2_decision            action=SCALE_DOWN applied_target=4 current_replicas=6 hold_until=0.0 observed_load=60.75 observed_target=4 point_forecasts=None prediction_age_sec=None predictive_target=4 proactive=False scenario=s3-hybrid-reactive target_replicas=4 upper_forecasts=None
2026-09-11 09:14:15 [debug    ] Decision loop completed        action=MAINTAIN latency_ms=154.65 p99=259.29969879518075
2026-09-11 09:14:30 [info     ] algorithm2_scaling_decision    action=SCALE_DOWN alpha=0.060060060060060066 beta=0.0 buffer=1.0 current_replicas=6 predicted_load=47.925338819091465 required_resources=2.878 target_replicas=3
2026-09-11 09:14:30 [info     ] algorithm2_decision            action=SCALE_DOWN applied_target=3 current_replicas=6 hold_until=0.0 observed_load=47.93 observed_target=3 point_forecasts=None prediction_age_sec=None predictive_target=3 proactive=False scenario=s3-hybrid-reactive target_replicas=3 upper_forecasts=None
2026-09-11 09:14:30 [debug    ] Decision loop completed        action=MAINTAIN latency_ms=161.49 p99=259.29969879518075
2026-09-11 09:14:46 [debug    ] HAProxy fallback latency       delta_requests=658 interval_avg_ms=191.18 max_rtime_ms=361.0 p99_est=361.0
2026-09-11 09:14:46 [info     ] algorithm2_scaling_decision    action=SCALE_DOWN alpha=0.060060060060060066 beta=0.0 buffer=1.0 current_replicas=6 predicted_load=43.49995625344247 required_resources=2.613 target_replicas=3
2026-09-11 09:14:46 [info     ] algorithm2_decision            action=SCALE_DOWN applied_target=3 current_replicas=6 hold_until=0.0 observed_load=43.5 observed_target=3 point_forecasts=None prediction_age_sec=None predictive_target=3 proactive=False scenario=s3-hybrid-reactive target_replicas=3 upper_forecasts=None
2026-09-11 09:14:46 [debug    ] Decision loop completed        action=MAINTAIN latency_ms=271.31 p99=361.0
2026-09-11 09:15:01 [debug    ] HAProxy fallback latency       delta_requests=725 interval_avg_ms=69.0 max_rtime_ms=361.0 p99_est=138.0
2026-09-11 09:15:01 [info     ] algorithm2_scaling_decision    action=SCALE_DOWN alpha=0.060060060060060066 beta=0.0 buffer=1.0 current_replicas=6 predicted_load=45.354275442204404 required_resources=2.724 target_replicas=3
2026-09-11 09:15:01 [info     ] algorithm2_decision            action=SCALE_DOWN applied_target=3 current_replicas=6 hold_until=0.0 observed_load=45.35 observed_target=3 point_forecasts=None prediction_age_sec=None predictive_target=3 proactive=False scenario=s3-hybrid-reactive target_replicas=3 upper_forecasts=None
2026-09-11 09:15:01 [info     ] k8s_scale_executed             deployment=test-app-warm replicas=3
2026-09-11 09:15:01 [debug    ] Decision loop completed        action=MAINTAIN latency_ms=423.14 p99=138.0
2026-09-11 09:15:16 [debug    ] HAProxy fallback latency       delta_requests=860 interval_avg_ms=549.45 max_rtime_ms=361.0 p99_est=361.0
2026-09-11 09:15:16 [info     ] Knative pre-warm OK            cold_start_ms=5.8
2026-09-11 09:15:16 [info     ] controller_decision_v3         action=REACTIVE available_replicas=3 budget_remaining=973 burn_adjustment=0 burst_ratio=0.1036 capacity_deficit=False confidence=0 current_load=55.723528205941655 decision_id=58eb2b6c k8s_capacity=49.9 k8s_weight=89 knative_weight=11 p99=361.0 predicted_load=0 r_effective=16.6 serverless_enabled=True total_load=55.7 weights_after={'k3s': 89, 'knative': 11} weights_before={'k3s': 100, 'knative': 0}
2026-09-11 09:15:16 [info     ] Weights updated                k3s=89 knative=11
2026-09-11 09:15:16 [info     ] Weights updated                action=REACTIVE reason='load=56RPS | k8s_cap=50RPS | (burst-routing)' weights={'k3s': 89, 'knative': 11}
2026-09-11 09:15:16 [info     ] algorithm2_scaling_decision    action=SCALE_UP alpha=0.060060060060060066 beta=0.0 buffer=1.0 current_replicas=3 predicted_load=51.586734460317814 required_resources=3.098 target_replicas=4
2026-09-11 09:15:16 [info     ] algorithm2_decision            action=SCALE_UP applied_target=4 current_replicas=3 hold_until=0.0 observed_load=51.59 observed_target=4 point_forecasts=None prediction_age_sec=None predictive_target=4 proactive=False scenario=s3-hybrid-reactive target_replicas=4 upper_forecasts=None
2026-09-11 09:15:17 [info     ] k8s_scale_executed             deployment=test-app-warm replicas=4
2026-09-11 09:15:17 [debug    ] Decision loop completed        action=REACTIVE latency_ms=317.69 p99=361.0
2026-09-11 09:15:32 [info     ] controller_decision_v3         action=RECOVERY available_replicas=4 budget_remaining=972 burn_adjustment=0 burst_ratio=0 capacity_deficit=False confidence=0 current_load=52.3659950853831 decision_id=0998e217 k8s_capacity=66.6 k8s_weight=100 knative_weight=0 p99=361.0 predicted_load=0 r_effective=16.6 serverless_enabled=False total_load=52.4 weights_after={'k3s': 100, 'knative': 0} weights_before={'k3s': 89, 'knative': 11}
2026-09-11 09:15:32 [info     ] Weights updated                k3s=100 knative=0
2026-09-11 09:15:32 [info     ] Weights updated                action=RECOVERY reason='load=52RPS | k8s_cap=67RPS | (reducing-serverless)' weights={'k3s': 100, 'knative': 0}
2026-09-11 09:15:32 [info     ] Scale readiness observed       elapsed_sec=15.2 ewma_delay=18.9 samples=7 target=4
2026-09-11 09:15:32 [info     ] algorithm2_scaling_decision    action=MAINTAIN alpha=0.060060060060060066 beta=0.0 buffer=1.0 current_replicas=4 predicted_load=54.044761645662376 required_resources=3.246 target_replicas=4
2026-09-11 09:15:32 [info     ] algorithm2_decision            action=MAINTAIN applied_target=4 current_replicas=4 hold_until=0.0 observed_load=54.04 observed_target=4 point_forecasts=None prediction_age_sec=None predictive_target=4 proactive=False scenario=s3-hybrid-reactive target_replicas=4 upper_forecasts=None
2026-09-11 09:15:32 [debug    ] Decision loop completed        action=RECOVERY latency_ms=215.83 p99=361.0
2026-09-11 09:15:47 [info     ] algorithm2_scaling_decision    action=MAINTAIN alpha=0.060060060060060066 beta=0.0 buffer=1.0 current_replicas=4 predicted_load=46.817776676251135 required_resources=2.812 target_replicas=3
2026-09-11 09:15:47 [info     ] algorithm2_decision            action=MAINTAIN applied_target=3 current_replicas=4 hold_until=0.0 observed_load=46.82 observed_target=3 point_forecasts=None prediction_age_sec=None predictive_target=3 proactive=False scenario=s3-hybrid-reactive target_replicas=3 upper_forecasts=None
2026-09-11 09:15:47 [debug    ] Decision loop completed        action=MAINTAIN latency_ms=176.23 p99=361.0
2026-09-11 09:16:02 [info     ] algorithm2_scaling_decision    action=MAINTAIN alpha=0.060060060060060066 beta=0.0 buffer=1.0 current_replicas=4 predicted_load=39.60369026134512 required_resources=2.379 target_replicas=3
2026-09-11 09:16:02 [info     ] algorithm2_decision            action=MAINTAIN applied_target=3 current_replicas=4 hold_until=0.0 observed_load=39.6 observed_target=3 point_forecasts=None prediction_age_sec=None predictive_target=3 proactive=False scenario=s3-hybrid-reactive target_replicas=3 upper_forecasts=None
2026-09-11 09:16:02 [debug    ] Decision loop completed        action=MAINTAIN latency_ms=177.96 p99=361.0
2026-09-11 09:16:17 [info     ] algorithm2_scaling_decision    action=MAINTAIN alpha=0.060060060060060066 beta=0.0 buffer=1.0 current_replicas=4 predicted_load=38.70642154690559 required_resources=2.325 target_replicas=3
2026-09-11 09:16:17 [info     ] algorithm2_decision            action=MAINTAIN applied_target=3 current_replicas=4 hold_until=0.0 observed_load=38.71 observed_target=3 point_forecasts=None prediction_age_sec=None predictive_target=3 proactive=False scenario=s3-hybrid-reactive target_replicas=3 upper_forecasts=None
2026-09-11 09:16:17 [debug    ] Decision loop completed        action=MAINTAIN latency_ms=194.39 p99=361.0
2026-09-11 09:16:32 [debug    ] HAProxy fallback latency       delta_requests=623 interval_avg_ms=67.0 max_rtime_ms=361.0 p99_est=134.0
2026-09-11 09:16:32 [info     ] algorithm2_scaling_decision    action=MAINTAIN alpha=0.060060060060060066 beta=0.0 buffer=1.0 current_replicas=4 predicted_load=40.23287956859747 required_resources=2.416 target_replicas=3
2026-09-11 09:16:32 [info     ] algorithm2_decision            action=MAINTAIN applied_target=3 current_replicas=4 hold_until=0.0 observed_load=40.23 observed_target=3 point_forecasts=None prediction_age_sec=None predictive_target=3 proactive=False scenario=s3-hybrid-reactive target_replicas=3 upper_forecasts=None
2026-09-11 09:16:32 [debug    ] Decision loop completed        action=MAINTAIN latency_ms=166.93 p99=134.0
2026-09-11 09:16:48 [debug    ] HAProxy fallback latency       delta_requests=646 interval_avg_ms=67.0 max_rtime_ms=361.0 p99_est=134.0
2026-09-11 09:16:48 [info     ] algorithm2_scaling_decision    action=MAINTAIN alpha=0.060060060060060066 beta=0.0 buffer=1.0 current_replicas=4 predicted_load=41.79238770406754 required_resources=2.51 target_replicas=3
2026-09-11 09:16:48 [info     ] algorithm2_decision            action=MAINTAIN applied_target=3 current_replicas=4 hold_until=0.0 observed_load=41.79 observed_target=3 point_forecasts=None prediction_age_sec=None predictive_target=3 proactive=False scenario=s3-hybrid-reactive target_replicas=3 upper_forecasts=None
2026-09-11 09:16:48 [debug    ] Decision loop completed        action=MAINTAIN latency_ms=167.4 p99=134.0
2026-09-11 09:17:03 [debug    ] HAProxy fallback latency       delta_requests=710 interval_avg_ms=435.53 max_rtime_ms=361.0 p99_est=361.0
2026-09-11 09:17:03 [info     ] algorithm2_scaling_decision    action=MAINTAIN alpha=0.060060060060060066 beta=0.0 buffer=1.0 current_replicas=4 predicted_load=44.666842878634085 required_resources=2.683 target_replicas=3
2026-09-11 09:17:03 [info     ] algorithm2_decision            action=MAINTAIN applied_target=3 current_replicas=4 hold_until=0.0 observed_load=44.67 observed_target=3 point_forecasts=None prediction_age_sec=None predictive_target=3 proactive=False scenario=s3-hybrid-reactive target_replicas=3 upper_forecasts=None
2026-09-11 09:17:03 [debug    ] Decision loop completed        action=MAINTAIN latency_ms=179.93 p99=361.0
2026-09-11 09:17:18 [info     ] algorithm2_scaling_decision    action=MAINTAIN alpha=0.060060060060060066 beta=0.0 buffer=1.0 current_replicas=4 predicted_load=44.09201941902509 required_resources=2.648 target_replicas=3
2026-09-11 09:17:18 [info     ] algorithm2_decision            action=MAINTAIN applied_target=3 current_replicas=4 hold_until=0.0 observed_load=44.09 observed_target=3 point_forecasts=None prediction_age_sec=None predictive_target=3 proactive=False scenario=s3-hybrid-reactive target_replicas=3 upper_forecasts=None
2026-09-11 09:17:18 [debug    ] Decision loop completed        action=MAINTAIN latency_ms=155.82 p99=361.0
2026-09-11 09:17:33 [info     ] algorithm2_scaling_decision    action=MAINTAIN alpha=0.060060060060060066 beta=0.0 buffer=1.0 current_replicas=4 predicted_load=20.722195094981135 required_resources=1.245 target_replicas=3
2026-09-11 09:17:33 [info     ] algorithm2_decision            action=MAINTAIN applied_target=3 current_replicas=4 hold_until=0.0 observed_load=20.72 observed_target=3 point_forecasts=None prediction_age_sec=None predictive_target=3 proactive=False scenario=s3-hybrid-reactive target_replicas=3 upper_forecasts=None
2026-09-11 09:17:33 [debug    ] Decision loop completed        action=MAINTAIN latency_ms=154.75 p99=361.0
2026-09-11 09:17:48 [info     ] algorithm2_scaling_decision    action=MAINTAIN alpha=0.060060060060060066 beta=0.0 buffer=1.0 current_replicas=4 predicted_load=0.0 required_resources=0.0 target_replicas=3
2026-09-11 09:17:48 [info     ] algorithm2_decision            action=MAINTAIN applied_target=3 current_replicas=4 hold_until=0.0 observed_load=0.0 observed_target=3 point_forecasts=None prediction_age_sec=None predictive_target=3 proactive=False scenario=s3-hybrid-reactive target_replicas=3 upper_forecasts=None
2026-09-11 09:17:48 [debug    ] Decision loop completed        action=MAINTAIN latency_ms=155.4 p99=361.0
2026-09-11 09:18:03 [info     ] algorithm2_scaling_decision    action=MAINTAIN alpha=0.060060060060060066 beta=0.0 buffer=1.0 current_replicas=4 predicted_load=0.0 required_resources=0.0 target_replicas=3
2026-09-11 09:18:03 [info     ] algorithm2_decision            action=MAINTAIN applied_target=3 current_replicas=4 hold_until=0.0 observed_load=0.0 observed_target=3 point_forecasts=None prediction_age_sec=None predictive_target=3 proactive=False scenario=s3-hybrid-reactive target_replicas=3 upper_forecasts=None
2026-09-11 09:18:03 [debug    ] Decision loop completed        action=MAINTAIN latency_ms=162.18 p99=361.0
2026-09-11 09:18:17 [info     ] Received shutdown signal
2026-09-11 09:18:17 [info     ] Stopping routing daemon...
2026-09-11 09:18:17 [info     ] Routing daemon stopped
