2026-07-08 16:37:57 [info     ] SLOMonitor initialized         threshold_ms=200.0 violation_window=30
2026-07-08 16:37:57 [info     ] Algorithm1Controller initialized cooldown=15 weight_step=10
2026-07-08 16:37:57 [info     ] HAProxyWeightAdjuster initialized backend=servers host=localhost port=19999
2026-07-08 16:37:57 [info     ] GRUClient initialized          base_url=http://localhost:8090
2026-07-08 16:37:57 [info     ] K8sScaler initialized          deployment=test-app-warm namespace=default
2026-07-08 16:37:57 [info     ] RoutingDaemon initialized      decision_interval=15 description='Static routing to serverless only' scenario=s2-serverless-only use_algorithm=False use_predictions=False
2026-07-08 16:37:57 [info     ] Starting routing daemon        interval=15 scenario=s2-serverless-only
2026-07-08 16:37:57 [info     ] Weights updated                k3s=0 knative=100
2026-07-08 16:37:57 [info     ] Initial weights applied        k3s=0 knative=100
2026-07-08 16:37:57 [debug    ] Static scenario - no decision needed scenario=s2-serverless-only weights={'k3s': 0, 'knative': 100}
2026-07-08 16:38:12 [debug    ] Static scenario - no decision needed scenario=s2-serverless-only weights={'k3s': 0, 'knative': 100}
2026-07-08 16:38:28 [debug    ] Static scenario - no decision needed scenario=s2-serverless-only weights={'k3s': 0, 'knative': 100}
2026-07-08 16:38:43 [debug    ] Static scenario - no decision needed scenario=s2-serverless-only weights={'k3s': 0, 'knative': 100}
2026-07-08 16:38:58 [debug    ] Static scenario - no decision needed scenario=s2-serverless-only weights={'k3s': 0, 'knative': 100}
2026-07-08 16:39:13 [debug    ] Static scenario - no decision needed scenario=s2-serverless-only weights={'k3s': 0, 'knative': 100}
2026-07-08 16:39:28 [debug    ] Static scenario - no decision needed scenario=s2-serverless-only weights={'k3s': 0, 'knative': 100}
2026-07-08 16:39:43 [debug    ] Static scenario - no decision needed scenario=s2-serverless-only weights={'k3s': 0, 'knative': 100}
2026-07-08 16:39:58 [debug    ] Static scenario - no decision needed scenario=s2-serverless-only weights={'k3s': 0, 'knative': 100}
2026-07-08 16:40:13 [debug    ] Static scenario - no decision needed scenario=s2-serverless-only weights={'k3s': 0, 'knative': 100}
2026-07-08 16:40:28 [debug    ] Static scenario - no decision needed scenario=s2-serverless-only weights={'k3s': 0, 'knative': 100}
2026-07-08 16:40:43 [debug    ] Static scenario - no decision needed scenario=s2-serverless-only weights={'k3s': 0, 'knative': 100}
2026-07-08 16:40:58 [debug    ] Static scenario - no decision needed scenario=s2-serverless-only weights={'k3s': 0, 'knative': 100}
2026-07-08 16:41:13 [debug    ] Static scenario - no decision needed scenario=s2-serverless-only weights={'k3s': 0, 'knative': 100}
2026-07-08 16:41:28 [debug    ] Static scenario - no decision needed scenario=s2-serverless-only weights={'k3s': 0, 'knative': 100}
2026-07-08 16:41:43 [debug    ] Static scenario - no decision needed scenario=s2-serverless-only weights={'k3s': 0, 'knative': 100}
2026-07-08 16:41:58 [debug    ] Static scenario - no decision needed scenario=s2-serverless-only weights={'k3s': 0, 'knative': 100}
2026-07-08 16:42:13 [debug    ] Static scenario - no decision needed scenario=s2-serverless-only weights={'k3s': 0, 'knative': 100}
2026-07-08 16:42:28 [debug    ] Static scenario - no decision needed scenario=s2-serverless-only weights={'k3s': 0, 'knative': 100}
2026-07-08 16:42:43 [debug    ] Static scenario - no decision needed scenario=s2-serverless-only weights={'k3s': 0, 'knative': 100}
2026-07-08 16:42:58 [debug    ] Static scenario - no decision needed scenario=s2-serverless-only weights={'k3s': 0, 'knative': 100}
2026-07-08 16:43:13 [debug    ] Static scenario - no decision needed scenario=s2-serverless-only weights={'k3s': 0, 'knative': 100}
2026-07-08 16:43:28 [debug    ] Static scenario - no decision needed scenario=s2-serverless-only weights={'k3s': 0, 'knative': 100}
2026-07-08 16:43:43 [debug    ] Static scenario - no decision needed scenario=s2-serverless-only weights={'k3s': 0, 'knative': 100}
2026-07-08 16:43:58 [debug    ] Static scenario - no decision needed scenario=s2-serverless-only weights={'k3s': 0, 'knative': 100}
2026-07-08 16:44:13 [debug    ] Static scenario - no decision needed scenario=s2-serverless-only weights={'k3s': 0, 'knative': 100}
2026-07-08 16:44:28 [debug    ] Static scenario - no decision needed scenario=s2-serverless-only weights={'k3s': 0, 'knative': 100}
2026-07-08 16:44:43 [debug    ] Static scenario - no decision needed scenario=s2-serverless-only weights={'k3s': 0, 'knative': 100}
2026-07-08 16:44:59 [debug    ] Static scenario - no decision needed scenario=s2-serverless-only weights={'k3s': 0, 'knative': 100}
2026-07-08 16:45:14 [debug    ] Static scenario - no decision needed scenario=s2-serverless-only weights={'k3s': 0, 'knative': 100}
2026-07-08 16:45:29 [debug    ] Static scenario - no decision needed scenario=s2-serverless-only weights={'k3s': 0, 'knative': 100}
2026-07-08 16:45:44 [debug    ] Static scenario - no decision needed scenario=s2-serverless-only weights={'k3s': 0, 'knative': 100}
2026-07-08 16:45:59 [debug    ] Static scenario - no decision needed scenario=s2-serverless-only weights={'k3s': 0, 'knative': 100}
2026-07-08 16:46:14 [debug    ] Static scenario - no decision needed scenario=s2-serverless-only weights={'k3s': 0, 'knative': 100}
2026-07-08 16:46:29 [debug    ] Static scenario - no decision needed scenario=s2-serverless-only weights={'k3s': 0, 'knative': 100}
2026-07-08 16:46:44 [debug    ] Static scenario - no decision needed scenario=s2-serverless-only weights={'k3s': 0, 'knative': 100}
2026-07-08 16:46:59 [debug    ] Static scenario - no decision needed scenario=s2-serverless-only weights={'k3s': 0, 'knative': 100}
2026-07-08 16:47:14 [debug    ] Static scenario - no decision needed scenario=s2-serverless-only weights={'k3s': 0, 'knative': 100}
2026-07-08 16:47:29 [debug    ] Static scenario - no decision needed scenario=s2-serverless-only weights={'k3s': 0, 'knative': 100}
2026-07-08 16:47:44 [debug    ] Static scenario - no decision needed scenario=s2-serverless-only weights={'k3s': 0, 'knative': 100}
2026-07-08 16:47:59 [debug    ] Static scenario - no decision needed scenario=s2-serverless-only weights={'k3s': 0, 'knative': 100}
2026-07-08 16:48:14 [debug    ] Static scenario - no decision needed scenario=s2-serverless-only weights={'k3s': 0, 'knative': 100}
2026-07-08 16:48:29 [debug    ] Static scenario - no decision needed scenario=s2-serverless-only weights={'k3s': 0, 'knative': 100}
2026-07-08 16:48:44 [debug    ] Static scenario - no decision needed scenario=s2-serverless-only weights={'k3s': 0, 'knative': 100}
2026-07-08 16:48:59 [debug    ] Static scenario - no decision needed scenario=s2-serverless-only weights={'k3s': 0, 'knative': 100}
2026-07-08 16:49:14 [debug    ] Static scenario - no decision needed scenario=s2-serverless-only weights={'k3s': 0, 'knative': 100}
2026-07-08 16:49:29 [debug    ] Static scenario - no decision needed scenario=s2-serverless-only weights={'k3s': 0, 'knative': 100}
2026-07-08 16:49:44 [debug    ] Static scenario - no decision needed scenario=s2-serverless-only weights={'k3s': 0, 'knative': 100}
2026-07-08 16:49:59 [debug    ] Static scenario - no decision needed scenario=s2-serverless-only weights={'k3s': 0, 'knative': 100}
2026-07-08 16:50:14 [debug    ] Static scenario - no decision needed scenario=s2-serverless-only weights={'k3s': 0, 'knative': 100}
2026-07-08 16:50:29 [debug    ] Static scenario - no decision needed scenario=s2-serverless-only weights={'k3s': 0, 'knative': 100}
2026-07-08 16:50:44 [debug    ] Static scenario - no decision needed scenario=s2-serverless-only weights={'k3s': 0, 'knative': 100}
2026-07-08 16:50:59 [debug    ] Static scenario - no decision needed scenario=s2-serverless-only weights={'k3s': 0, 'knative': 100}
2026-07-08 16:51:14 [debug    ] Static scenario - no decision needed scenario=s2-serverless-only weights={'k3s': 0, 'knative': 100}
2026-07-08 16:51:30 [debug    ] Static scenario - no decision needed scenario=s2-serverless-only weights={'k3s': 0, 'knative': 100}
2026-07-08 16:51:45 [debug    ] Static scenario - no decision needed scenario=s2-serverless-only weights={'k3s': 0, 'knative': 100}
2026-07-08 16:52:00 [debug    ] Static scenario - no decision needed scenario=s2-serverless-only weights={'k3s': 0, 'knative': 100}
2026-07-08 16:52:15 [debug    ] Static scenario - no decision needed scenario=s2-serverless-only weights={'k3s': 0, 'knative': 100}
2026-07-08 16:52:30 [debug    ] Static scenario - no decision needed scenario=s2-serverless-only weights={'k3s': 0, 'knative': 100}
2026-07-08 16:52:45 [debug    ] Static scenario - no decision needed scenario=s2-serverless-only weights={'k3s': 0, 'knative': 100}
2026-07-08 16:53:00 [debug    ] Static scenario - no decision needed scenario=s2-serverless-only weights={'k3s': 0, 'knative': 100}
2026-07-08 16:53:15 [debug    ] Static scenario - no decision needed scenario=s2-serverless-only weights={'k3s': 0, 'knative': 100}
2026-07-08 16:53:30 [debug    ] Static scenario - no decision needed scenario=s2-serverless-only weights={'k3s': 0, 'knative': 100}
2026-07-08 16:53:45 [debug    ] Static scenario - no decision needed scenario=s2-serverless-only weights={'k3s': 0, 'knative': 100}
2026-07-08 16:54:00 [debug    ] Static scenario - no decision needed scenario=s2-serverless-only weights={'k3s': 0, 'knative': 100}
2026-07-08 16:54:15 [debug    ] Static scenario - no decision needed scenario=s2-serverless-only weights={'k3s': 0, 'knative': 100}
2026-07-08 16:54:30 [debug    ] Static scenario - no decision needed scenario=s2-serverless-only weights={'k3s': 0, 'knative': 100}
2026-07-08 16:54:45 [debug    ] Static scenario - no decision needed scenario=s2-serverless-only weights={'k3s': 0, 'knative': 100}
2026-07-08 16:55:00 [debug    ] Static scenario - no decision needed scenario=s2-serverless-only weights={'k3s': 0, 'knative': 100}
2026-07-08 16:55:15 [debug    ] Static scenario - no decision needed scenario=s2-serverless-only weights={'k3s': 0, 'knative': 100}
2026-07-08 16:55:30 [debug    ] Static scenario - no decision needed scenario=s2-serverless-only weights={'k3s': 0, 'knative': 100}
2026-07-08 16:55:45 [debug    ] Static scenario - no decision needed scenario=s2-serverless-only weights={'k3s': 0, 'knative': 100}
2026-07-08 16:56:00 [debug    ] Static scenario - no decision needed scenario=s2-serverless-only weights={'k3s': 0, 'knative': 100}
2026-07-08 16:56:15 [debug    ] Static scenario - no decision needed scenario=s2-serverless-only weights={'k3s': 0, 'knative': 100}
2026-07-08 16:56:30 [debug    ] Static scenario - no decision needed scenario=s2-serverless-only weights={'k3s': 0, 'knative': 100}
2026-07-08 16:56:45 [debug    ] Static scenario - no decision needed scenario=s2-serverless-only weights={'k3s': 0, 'knative': 100}
2026-07-08 16:57:00 [debug    ] Static scenario - no decision needed scenario=s2-serverless-only weights={'k3s': 0, 'knative': 100}
2026-07-08 16:57:15 [debug    ] Static scenario - no decision needed scenario=s2-serverless-only weights={'k3s': 0, 'knative': 100}
2026-07-08 16:57:30 [debug    ] Static scenario - no decision needed scenario=s2-serverless-only weights={'k3s': 0, 'knative': 100}
2026-07-08 16:57:45 [debug    ] Static scenario - no decision needed scenario=s2-serverless-only weights={'k3s': 0, 'knative': 100}
2026-07-08 16:58:01 [debug    ] Static scenario - no decision needed scenario=s2-serverless-only weights={'k3s': 0, 'knative': 100}
2026-07-08 16:58:16 [debug    ] Static scenario - no decision needed scenario=s2-serverless-only weights={'k3s': 0, 'knative': 100}
2026-07-08 16:58:31 [debug    ] Static scenario - no decision needed scenario=s2-serverless-only weights={'k3s': 0, 'knative': 100}
2026-07-08 16:58:46 [debug    ] Static scenario - no decision needed scenario=s2-serverless-only weights={'k3s': 0, 'knative': 100}
2026-07-08 16:59:01 [debug    ] Static scenario - no decision needed scenario=s2-serverless-only weights={'k3s': 0, 'knative': 100}
2026-07-08 16:59:16 [debug    ] Static scenario - no decision needed scenario=s2-serverless-only weights={'k3s': 0, 'knative': 100}
2026-07-08 16:59:29 [info     ] Received shutdown signal
2026-07-08 16:59:29 [info     ] Stopping routing daemon...
2026-07-08 16:59:29 [info     ] Routing daemon stopped
