This is XeTeX, Version 3.141592653-2.6-0.999998 (TeX Live 2026) (preloaded format=xelatex 2026.7.1)  10 JUL 2026 16:20
entering extended mode
 restricted \write18 enabled.
 %&-line parsing enabled.
**main.tex
(./main.tex
LaTeX2e <2026-06-01>
L3 programming layer <2026-06-18>
(/home/zahid/.local/share/mise/installs/tinytex/2026.07/texmf-dist/tex/latex/base/book.cls
Document Class: book 2025/01/22 v1.4n Standard LaTeX document class
(/home/zahid/.local/share/mise/installs/tinytex/2026.07/texmf-dist/tex/latex/base/bk12.clo
File: bk12.clo 2025/01/22 v1.4n Standard LaTeX file (size option)
)
\c@part=\count273
\c@chapter=\count274
\c@section=\count275
\c@subsection=\count276
\c@subsubsection=\count277
\c@paragraph=\count278
\c@subparagraph=\count279
\c@figure=\count280
\c@table=\count281
\abovecaptionskip=\skip49
\belowcaptionskip=\skip50
\bibindent=\dimen150
) (./src/config/preambule.sty (/home/zahid/.local/share/mise/installs/tinytex/2026.07/texmf-dist/tex/latex/geometry/geometry.sty
Package: geometry 2026/03/07 v6.0 Page Geometry
 (/home/zahid/.local/share/mise/installs/tinytex/2026.07/texmf-dist/tex/latex/graphics/keyval.sty
Package: keyval 2026-05-17 v1.15 key=value parser (DPC)
\KV@toks@=\toks17
) (/home/zahid/.local/share/mise/installs/tinytex/2026.07/texmf-dist/tex/generic/iftex/ifvtex.sty
Package: ifvtex 2019/10/25 v1.7 ifvtex legacy package. Use iftex instead.
 (/home/zahid/.local/share/mise/installs/tinytex/2026.07/texmf-dist/tex/generic/iftex/iftex.sty
Package: iftex 2024/12/12 v1.0g TeX engine tests
))
\Gm@cnth=\count282
\Gm@cntv=\count283
\c@Gm@tempcnt=\count284
\Gm@bindingoffset=\dimen151
\Gm@wd@mp=\dimen152
\Gm@odd@mp=\dimen153
\Gm@even@mp=\dimen154
\Gm@layoutwidth=\dimen155
\Gm@layoutheight=\dimen156
\Gm@layouthoffset=\dimen157
\Gm@layoutvoffset=\dimen158
\Gm@dimlist=\toks18
) (/home/zahid/.local/share/mise/installs/tinytex/2026.07/texmf-dist/tex/latex/multirow/multirow.sty
Package: multirow 2024/11/12 v2.9 Span multiple rows of a table
\multirow@colwidth=\skip51
\multirow@cntb=\count285
\multirow@dima=\skip52
\bigstrutjot=\dimen159
) (/home/zahid/.local/share/mise/installs/tinytex/2026.07/texmf-dist/tex/latex/xcolor/xcolor.sty
Package: xcolor 2024/09/29 v3.02 LaTeX color extensions (UK)
 (/home/zahid/.local/share/mise/installs/tinytex/2026.07/texmf-dist/tex/latex/graphics-cfg/color.cfg
File: color.cfg 2016/01/02 v1.6 sample color configuration
)
Package xcolor Info: Driver file: xetex.def on input line 274.
 (/home/zahid/.local/share/mise/installs/tinytex/2026.07/texmf-dist/tex/latex/graphics-def/xetex.def
File: xetex.def 2025/11/01 v5.0p Graphics/color driver for xetex
) (/home/zahid/.local/share/mise/installs/tinytex/2026.07/texmf-dist/tex/latex/graphics/mathcolor.ltx)
Package xcolor Info: Model `cmy' substituted by `cmy0' on input line 1349.
Package xcolor Info: Model `RGB' extended on input line 1365.
Package xcolor Info: Model `HTML' substituted by `rgb' on input line 1367.
Package xcolor Info: Model `Hsb' substituted by `hsb' on input line 1368.
Package xcolor Info: Model `tHsb' substituted by `hsb' on input line 1369.
Package xcolor Info: Model `HSB' substituted by `hsb' on input line 1370.
Package xcolor Info: Model `Gray' substituted by `gray' on input line 1371.
Package xcolor Info: Model `wave' substituted by `hsb' on input line 1372.
) (/home/zahid/.local/share/mise/installs/tinytex/2026.07/texmf-dist/tex/latex/colortbl/colortbl.sty
Package: colortbl 2026/05/01 v1.0l Color table columns (DPC)
 (/home/zahid/.local/share/mise/installs/tinytex/2026.07/texmf-dist/tex/latex/tools/array.sty
Package: array 2026/02/24 v2.7b Tabular extension package (FMi)
\col@sep=\dimen160
\ar@mcellbox=\box53
\extrarowheight=\dimen161
\NC@list=\toks19
\extratabsurround=\skip53
\backup@length=\skip54
\ar@cellbox=\box54
)
new hooks used!!
\minrowclearance=\skip55
\rownum=\count286
) (/home/zahid/.local/share/mise/installs/tinytex/2026.07/texmf-dist/tex/latex/psnfss/mathptmx.sty
Package: mathptmx 2020/03/25 PSNFSS-v9.3 Times w/ Math, improved (SPQR, WaS) 
LaTeX Font Info:    Redeclaring symbol font `operators' on input line 28.
LaTeX Font Info:    Overwriting symbol font `operators' in version `normal'
(Font)                  OT1/cmr/m/n --> OT1/ztmcm/m/n on input line 28.
LaTeX Font Info:    Overwriting symbol font `operators' in version `bold'
(Font)                  OT1/cmr/bx/n --> OT1/ztmcm/m/n on input line 28.
LaTeX Font Info:    Redeclaring symbol font `letters' on input line 29.
LaTeX Font Info:    Overwriting symbol font `letters' in version `normal'
(Font)                  OML/cmm/m/it --> OML/ztmcm/m/it on input line 29.
LaTeX Font Info:    Overwriting symbol font `letters' in version `bold'
(Font)                  OML/cmm/b/it --> OML/ztmcm/m/it on input line 29.
LaTeX Font Info:    Redeclaring symbol font `symbols' on input line 30.
LaTeX Font Info:    Overwriting symbol font `symbols' in version `normal'
(Font)                  OMS/cmsy/m/n --> OMS/ztmcm/m/n on input line 30.
LaTeX Font Info:    Overwriting symbol font `symbols' in version `bold'
(Font)                  OMS/cmsy/b/n --> OMS/ztmcm/m/n on input line 30.
LaTeX Font Info:    Redeclaring symbol font `largesymbols' on input line 31.
LaTeX Font Info:    Overwriting symbol font `largesymbols' in version `normal'
(Font)                  OMX/cmex/m/n --> OMX/ztmcm/m/n on input line 31.
LaTeX Font Info:    Overwriting symbol font `largesymbols' in version `bold'
(Font)                  OMX/cmex/m/n --> OMX/ztmcm/m/n on input line 31.
\symbold=\mathgroup4
\symitalic=\mathgroup5
LaTeX Font Info:    Redeclaring math alphabet \mathbf on input line 34.
LaTeX Font Info:    Overwriting math alphabet `\mathbf' in version `normal'
(Font)                  OT1/cmr/bx/n --> OT1/ptm/bx/n on input line 34.
LaTeX Font Info:    Overwriting math alphabet `\mathbf' in version `bold'
(Font)                  OT1/cmr/bx/n --> OT1/ptm/bx/n on input line 34.
LaTeX Font Info:    Redeclaring math alphabet \mathit on input line 35.
LaTeX Font Info:    Overwriting math alphabet `\mathit' in version `normal'
(Font)                  OT1/cmr/m/it --> OT1/ptm/m/it on input line 35.
LaTeX Font Info:    Overwriting math alphabet `\mathit' in version `bold'
(Font)                  OT1/cmr/bx/it --> OT1/ptm/m/it on input line 35.
LaTeX Info: Redefining \hbar on input line 50.
) (/home/zahid/.local/share/mise/installs/tinytex/2026.07/texmf-dist/tex/generic/babel/babel.sty
Package: babel 2026/06/14 v26.9 The multilingual framework for LuaLaTeX, pdfLaTeX and XeLaTeX
\babel@savecnt=\count287
LaTeX Encoding Info:    Redeclaring text command \ij (encoding OT1) on input line 2084.
LaTeX Encoding Info:    Redeclaring text command \IJ (encoding OT1) on input line 2086.
LaTeX Encoding Info:    Redeclaring text command \ij (encoding T1) on input line 2088.
LaTeX Encoding Info:    Redeclaring text command \IJ (encoding T1) on input line 2089.
LaTeX Encoding Info:    Ignoring declaration for text command \ij (encoding ?) on input line 2090.
LaTeX Encoding Info:    Ignoring declaration for text command \IJ (encoding ?) on input line 2092.
LaTeX Encoding Info:    Ignoring declaration for text command \SS (encoding ?) on input line 2117.
\U@D=\dimen162
\l@unhyphenated=\language6
 (/home/zahid/.local/share/mise/installs/tinytex/2026.07/texmf-dist/tex/generic/babel/xebabel.def)
\bbl@readstream=\read2
\bbl@dirlevel=\count288
 (/home/zahid/.local/share/mise/installs/tinytex/2026.07/texmf-dist/tex/generic/babel/locale/invalid/babel-bahasa.tex) (/home/zahid/.local/share/mise/installs/tinytex/2026.07/texmf-dist/tex/generic/babel/locale/id/babel-indonesian.tex)

Package babel Warning: Name 'bahasa' is deprecated.
(babel)                Use 'indonesian' instead.
(babel)                Reported on input line 4380.

Package babel Info: Importing font and identification data for 'bahasa'
(babel)             from babel-id.ini. Reported on input line 4380.
(/home/zahid/.local/share/mise/installs/tinytex/2026.07/texmf-dist/tex/generic/babel-indonesian/indonesian.ldf
Language: indonesian 2025/06/01 v1.0n Bahasa Indonesia support from the babel system


Package babel Warning: No hyphenation patterns were preloaded for
(babel)                the language 'Bahasa Indonesia' into the format.
(babel)                Please, configure your TeX system to add them and
(babel)                rebuild the format. Now I will use the patterns
(babel)                preloaded for \language=0 instead on input line 58.

Package babel Info: Hyphen rules for 'bahasa' set to \l@english
(babel)             (\language0). Reported on input line 59.
)
Package babel Info: Importing font and identification data for 'indonesian'
(babel)             from babel-id.ini. Reported on input line 4380.
 (/home/zahid/.local/share/mise/installs/tinytex/2026.07/texmf-dist/tex/generic/babel-indonesian/indonesian.ldf
Language: indonesian 2025/06/01 v1.0n Bahasa Indonesia support from the babel system
)) (/home/zahid/.local/share/mise/installs/tinytex/2026.07/texmf-dist/tex/latex/base/inputenc.sty
Package: inputenc 2024/02/08 v1.3d Input encoding file
\inpenc@prehook=\toks20
\inpenc@posthook=\toks21


Package inputenc Warning: inputenc package ignored with utf8 based engines.

) (/home/zahid/.local/share/mise/installs/tinytex/2026.07/texmf-dist/tex/latex/graphics/graphicx.sty
Package: graphicx 2026-05-17 v1.2e Enhanced LaTeX Graphics (DPC,SPQR)
 (/home/zahid/.local/share/mise/installs/tinytex/2026.07/texmf-dist/tex/latex/graphics/graphics.sty
Package: graphics 2026-05-17 v1.4h Standard LaTeX Graphics (DPC,SPQR)
 (/home/zahid/.local/share/mise/installs/tinytex/2026.07/texmf-dist/tex/latex/graphics/trig.sty
Package: trig 2023/12/02 v1.11 sin cos tan (DPC)
) (/home/zahid/.local/share/mise/installs/tinytex/2026.07/texmf-dist/tex/latex/graphics-cfg/graphics.cfg
File: graphics.cfg 2016/06/04 v1.11 sample graphics configuration
)
Package graphics Info: Driver file: xetex.def on input line 106.
)
\Gin@req@height=\dimen163
\Gin@req@width=\dimen164
) (/home/zahid/.local/share/mise/installs/tinytex/2026.07/texmf-dist/tex/latex/titling/titling.sty
Package: titling 2009/09/04 v2.1d maketitle typesetting
\thanksmarkwidth=\skip56
\thanksmargin=\skip57
\droptitle=\skip58
) (/home/zahid/.local/share/mise/installs/tinytex/2026.07/texmf-dist/tex/latex/blindtext/blindtext.sty
Package: blindtext 2012/01/06 V2.0 blindtext-Package
 (/home/zahid/.local/share/mise/installs/tinytex/2026.07/texmf-dist/tex/latex/tools/xspace.sty
Package: xspace 2014/10/28 v1.13 Space after command names (DPC,MH)
)
\c@blindtext=\count289
\c@Blindtext=\count290
\c@blind@countparstart=\count291
\blind@countxx=\count292
\blindtext@numBlindtext=\count293
\blind@countyy=\count294
\c@blindlist=\count295
\c@blindlistlevel=\count296
\c@blindlist@level=\count297
\blind@listitem=\count298
\c@blind@listcount=\count299
\c@blind@levelcount=\count300
\blind@mathformula=\count301
\blind@Mathformula=\count302
\c@blind@randomcount=\count303
\c@blind@randommax=\count304
\c@blind@pangramcount=\count305
\c@blind@pangrammax=\count306
) (/home/zahid/.local/share/mise/installs/tinytex/2026.07/texmf-dist/tex/latex/sectsty/sectsty.sty
Package: sectsty 2002/02/25 v2.0.2 Commands to change all sectional heading styles


LaTeX Warning: Command \underbar  has changed.
               Check if current package is valid.


LaTeX Warning: Command \underline  has changed.
               Check if current package is valid.

) (/home/zahid/.local/share/mise/installs/tinytex/2026.07/texmf-dist/tex/latex/chngcntr/chngcntr.sty
Package: chngcntr 2018/04/09 v1.1a change counter resetting
Package chngcntr Info: \counterwithout already defined.
(chngcntr)             Quitting chngcntr on input line 21.
) (/home/zahid/.local/share/mise/installs/tinytex/2026.07/texmf-dist/tex/latex/etoolbox/etoolbox.sty
Package: etoolbox 2025/10/02 v2.5m e-TeX tools for LaTeX (JAW)
\etb@tempcnta=\count307
) (/home/zahid/.local/share/mise/installs/tinytex/2026.07/texmf-dist/tex/latex/titlesec/titlesec.sty
Package: titlesec 2025/01/04 v2.17 Sectioning titles
\ttl@box=\box55
\beforetitleunit=\skip59
\aftertitleunit=\skip60
\ttl@plus=\dimen165
\ttl@minus=\dimen166
\ttl@toksa=\toks22
\titlewidth=\dimen167
\titlewidthlast=\dimen168
\titlewidthfirst=\dimen169
) (/home/zahid/.local/share/mise/installs/tinytex/2026.07/texmf-dist/tex/latex/parskip/parskip.sty
Package: parskip 2021-03-14 v2.0h non-zero parskip adjustments
 (/home/zahid/.local/share/mise/installs/tinytex/2026.07/texmf-dist/tex/latex/kvoptions/kvoptions.sty
Package: kvoptions 2022-06-15 v3.15 Key value format for package options (HO)
 (/home/zahid/.local/share/mise/installs/tinytex/2026.07/texmf-dist/tex/generic/ltxcmds/ltxcmds.sty
Package: ltxcmds 2023-12-04 v1.26 LaTeX kernel commands for general use (HO)
) (/home/zahid/.local/share/mise/installs/tinytex/2026.07/texmf-dist/tex/latex/kvsetkeys/kvsetkeys.sty
Package: kvsetkeys 2022-10-05 v1.19 Key value parser (HO)
))) (/home/zahid/.local/share/mise/installs/tinytex/2026.07/texmf-dist/tex/latex/eso-pic/eso-pic.sty
Package: eso-pic 2026/05/31 v3.0e eso-pic (RN)
\ESO@tempdima=\dimen170
\ESO@tempdimb=\dimen171
) (/home/zahid/.local/share/mise/installs/tinytex/2026.07/texmf-dist/tex/latex/setspace/setspace.sty
Package: setspace 2022/12/04 v6.7b set line spacing
) (/home/zahid/.local/share/mise/installs/tinytex/2026.07/texmf-dist/tex/latex/ragged2e/ragged2e.sty
Package: ragged2e 2023/06/22 v3.6 ragged2e Package
\CenteringLeftskip=\skip61
\RaggedLeftLeftskip=\skip62
\RaggedRightLeftskip=\skip63
\CenteringRightskip=\skip64
\RaggedLeftRightskip=\skip65
\RaggedRightRightskip=\skip66
\CenteringParfillskip=\skip67
\RaggedLeftParfillskip=\skip68
\RaggedRightParfillskip=\skip69
\JustifyingParfillskip=\skip70
\CenteringParindent=\skip71
\RaggedLeftParindent=\skip72
\RaggedRightParindent=\skip73
\JustifyingParindent=\skip74
) (/home/zahid/.local/share/mise/installs/tinytex/2026.07/texmf-dist/tex/latex/amsmath/amsmath.sty
Package: amsmath 2026/05/19 v2.18d AMS math features
\@mathmargin=\skip75

For additional information on amsmath, use the `?' option.
(/home/zahid/.local/share/mise/installs/tinytex/2026.07/texmf-dist/tex/latex/amsmath/amstext.sty
Package: amstext 2024/11/17 v2.01 AMS text
 (/home/zahid/.local/share/mise/installs/tinytex/2026.07/texmf-dist/tex/latex/amsmath/amsgen.sty
File: amsgen.sty 1999/11/30 v2.0 generic functions
\@emptytoks=\toks23
\ex@=\dimen172
)) (/home/zahid/.local/share/mise/installs/tinytex/2026.07/texmf-dist/tex/latex/amsmath/amsbsy.sty
Package: amsbsy 1999/11/29 v1.2d Bold Symbols
\pmbraise@=\dimen173
) (/home/zahid/.local/share/mise/installs/tinytex/2026.07/texmf-dist/tex/latex/amsmath/amsopn.sty
Package: amsopn 2022/04/08 v2.04 operator names
)
\inf@bad=\count308
LaTeX Info: Redefining \frac on input line 233.
\uproot@=\count309
\leftroot@=\count310
LaTeX Info: Redefining \overline on input line 398.
LaTeX Info: Redefining \colon on input line 409.
\classnum@=\count311
\DOTSCASE@=\count312
LaTeX Info: Redefining \ldots on input line 495.
LaTeX Info: Redefining \dots on input line 498.
LaTeX Info: Redefining \cdots on input line 619.
\Mathstrutbox@=\box56
\strutbox@=\box57
LaTeX Info: Redefining \big on input line 721.
LaTeX Info: Redefining \Big on input line 722.
LaTeX Info: Redefining \bigg on input line 723.
LaTeX Info: Redefining \Bigg on input line 724.
\big@size=\dimen174
LaTeX Font Info:    Redeclaring font encoding OML on input line 742.
LaTeX Font Info:    Redeclaring font encoding OMS on input line 743.
\macc@depth=\count313
LaTeX Info: Redefining \bmod on input line 904.
LaTeX Info: Redefining \pmod on input line 909.
LaTeX Info: Redefining \smash on input line 939.
LaTeX Info: Redefining \relbar on input line 969.
LaTeX Info: Redefining \Relbar on input line 970.
\c@MaxMatrixCols=\count314
\dotsspace@=\muskip17
\c@parentequation=\count315
\dspbrk@lvl=\count316
\tag@help=\toks24
\row@=\count317
\column@=\count318
\maxfields@=\count319
\andhelp@=\toks25
\eqnshift@=\dimen175
\alignsep@=\dimen176
\tagshift@=\dimen177
\tagwidth@=\dimen178
\totwidth@=\dimen179
\lineht@=\dimen180
\@envbody=\toks26
\multlinegap=\skip76
\multlinetaggap=\skip77
\mathdisplay@stack=\toks27
LaTeX Info: Redefining \[ on input line 2965.
LaTeX Info: Redefining \] on input line 2966.
) (/home/zahid/.local/share/mise/installs/tinytex/2026.07/texmf-dist/tex/latex/csquotes/csquotes.sty
Package: csquotes 2026-05-19 v5.2p context-sensitive quotations (JAW)
\csq@reset=\count320
\csq@gtype=\count321
\csq@glevel=\count322
\csq@qlevel=\count323
\csq@maxlvl=\count324
\csq@tshold=\count325
\csq@ltx@everypar=\toks28
 (/home/zahid/.local/share/mise/installs/tinytex/2026.07/texmf-dist/tex/latex/csquotes/csquotes.def
File: csquotes.def 2026-05-19 v5.2p csquotes generic definitions (JAW)
)
Package csquotes Info: Trying to load configuration file 'csquotes.cfg'...
Package csquotes Info: ... configuration file loaded successfully.
 (/home/zahid/.local/share/mise/installs/tinytex/2026.07/texmf-dist/tex/latex/csquotes/csquotes.cfg
File: csquotes.cfg 
)) (/home/zahid/.local/share/mise/installs/tinytex/2026.07/texmf-dist/tex/latex/booktabs/booktabs.sty
Package: booktabs 2020/01/12 v1.61803398 Publication quality tables
\heavyrulewidth=\dimen181
\lightrulewidth=\dimen182
\cmidrulewidth=\dimen183
\belowrulesep=\dimen184
\belowbottomsep=\dimen185
\aboverulesep=\dimen186
\abovetopsep=\dimen187
\cmidrulesep=\dimen188
\cmidrulekern=\dimen189
\defaultaddspace=\dimen190
\@cmidla=\count326
\@cmidlb=\count327
\@aboverulesep=\dimen191
\@belowrulesep=\dimen192
\@thisruleclass=\count328
\@lastruleclass=\count329
\@thisrulewidth=\dimen193
) (/home/zahid/.local/share/mise/installs/tinytex/2026.07/texmf-dist/tex/latex/listings/listings.sty
\lst@mode=\count330
\lst@gtempboxa=\box58
\lst@token=\toks29
\lst@length=\count331
\lst@currlwidth=\dimen194
\lst@column=\count332
\lst@pos=\count333
\lst@lostspace=\dimen195
\lst@width=\dimen196
\lst@newlines=\count334
\lst@lineno=\count335
\lst@maxwidth=\dimen197
 (/home/zahid/.local/share/mise/installs/tinytex/2026.07/texmf-dist/tex/latex/listings/lstpatch.sty
File: lstpatch.sty 2025/11/14 1.11b (Carsten Heinz)
) (/home/zahid/.local/share/mise/installs/tinytex/2026.07/texmf-dist/tex/latex/listings/lstmisc.sty
File: lstmisc.sty 2025/11/14 1.11b (Carsten Heinz)
\c@lstnumber=\count336
\lst@skipnumbers=\count337
\lst@framebox=\box59
) (/home/zahid/.local/share/mise/installs/tinytex/2026.07/texmf-dist/tex/latex/listings/listings.cfg
File: listings.cfg 2025/11/14 1.11b listings configuration
))
Package: listings 2025/11/14 1.11b (Carsten Heinz)
 (/home/zahid/.local/share/mise/installs/tinytex/2026.07/texmf-dist/tex/latex/tools/indentfirst.sty
Package: indentfirst 2023/07/02 v1.03 Indent first paragraph (DPC)
) (/home/zahid/.local/share/mise/installs/tinytex/2026.07/texmf-dist/tex/latex/algorithmicx/algpseudocode.sty
Package: algpseudocode 
 (/home/zahid/.local/share/mise/installs/tinytex/2026.07/texmf-dist/tex/latex/base/ifthen.sty
Package: ifthen 2024/03/16 v1.1e Standard LaTeX ifthen package (DPC)
) (/home/zahid/.local/share/mise/installs/tinytex/2026.07/texmf-dist/tex/latex/algorithmicx/algorithmicx.sty
Package: algorithmicx 2005/04/27 v1.2 Algorithmicx

Document Style algorithmicx 1.2 - a greatly improved `algorithmic' style
\c@ALG@line=\count338
\c@ALG@rem=\count339
\c@ALG@nested=\count340
\ALG@tlm=\skip78
\ALG@thistlm=\skip79
\c@ALG@Lnr=\count341
\c@ALG@blocknr=\count342
\c@ALG@storecount=\count343
\c@ALG@tmpcounter=\count344
\ALG@tmplength=\skip80
)
Document Style - pseudocode environments for use with the `algorithmicx' style
) (/home/zahid/.local/share/mise/installs/tinytex/2026.07/texmf-dist/tex/latex/pgfplots/pgfplots.sty (/home/zahid/.local/share/mise/installs/tinytex/2026.07/texmf-dist/tex/generic/pgfplots/pgfplots.revision.tex)
Package: pgfplots 2025/08/14 v1.18.2 Data Visualization (1.18.2)
 (/home/zahid/.local/share/mise/installs/tinytex/2026.07/texmf-dist/tex/latex/pgf/frontendlayer/tikz.sty (/home/zahid/.local/share/mise/installs/tinytex/2026.07/texmf-dist/tex/latex/pgf/basiclayer/pgf.sty (/home/zahid/.local/share/mise/installs/tinytex/2026.07/texmf-dist/tex/latex/pgf/utilities/pgfrcs.sty (/home/zahid/.local/share/mise/installs/tinytex/2026.07/texmf-dist/tex/generic/pgf/utilities/pgfutil-common.tex
\pgfutil@everybye=\toks30
\pgfutil@tempdima=\dimen198
\pgfutil@tempdimb=\dimen199
) (/home/zahid/.local/share/mise/installs/tinytex/2026.07/texmf-dist/tex/generic/pgf/utilities/pgfutil-latex.def
\pgfutil@abb=\box60
) (/home/zahid/.local/share/mise/installs/tinytex/2026.07/texmf-dist/tex/generic/pgf/utilities/pgfrcs.code.tex (/home/zahid/.local/share/mise/installs/tinytex/2026.07/texmf-dist/tex/generic/pgf/pgf.revision.tex)
Package: pgfrcs 2025-08-29 v3.1.11a (3.1.11a)
))
Package: pgf 2025-08-29 v3.1.11a (3.1.11a)
 (/home/zahid/.local/share/mise/installs/tinytex/2026.07/texmf-dist/tex/latex/pgf/basiclayer/pgfcore.sty (/home/zahid/.local/share/mise/installs/tinytex/2026.07/texmf-dist/tex/latex/pgf/systemlayer/pgfsys.sty (/home/zahid/.local/share/mise/installs/tinytex/2026.07/texmf-dist/tex/generic/pgf/systemlayer/pgfsys.code.tex
Package: pgfsys 2025-08-29 v3.1.11a (3.1.11a)
 (/home/zahid/.local/share/mise/installs/tinytex/2026.07/texmf-dist/tex/generic/pgf/utilities/pgfkeys.code.tex
\pgfkeys@pathtoks=\toks31
\pgfkeys@temptoks=\toks32
 (/home/zahid/.local/share/mise/installs/tinytex/2026.07/texmf-dist/tex/generic/pgf/utilities/pgfkeyslibraryfiltered.code.tex
\pgfkeys@tmptoks=\toks33
))
\pgf@x=\dimen256
\pgf@y=\dimen257
\pgf@xa=\dimen258
\pgf@ya=\dimen259
\pgf@xb=\dimen260
\pgf@yb=\dimen261
\pgf@xc=\dimen262
\pgf@yc=\dimen263
\pgf@xd=\dimen264
\pgf@yd=\dimen265
\w@pgf@writea=\write3
\r@pgf@reada=\read3
\c@pgf@counta=\count345
\c@pgf@countb=\count346
\c@pgf@countc=\count347
\c@pgf@countd=\count348
\t@pgf@toka=\toks34
\t@pgf@tokb=\toks35
\t@pgf@tokc=\toks36
\pgf@sys@id@count=\count349
 (/home/zahid/.local/share/mise/installs/tinytex/2026.07/texmf-dist/tex/generic/pgf/systemlayer/pgf.cfg
File: pgf.cfg 2025-08-29 v3.1.11a (3.1.11a)
)
Driver file for pgf: pgfsys-xetex.def
 (/home/zahid/.local/share/mise/installs/tinytex/2026.07/texmf-dist/tex/generic/pgf/systemlayer/pgfsys-xetex.def
File: pgfsys-xetex.def 2025-08-29 v3.1.11a (3.1.11a)
 (/home/zahid/.local/share/mise/installs/tinytex/2026.07/texmf-dist/tex/generic/pgf/systemlayer/pgfsys-dvipdfmx.def
File: pgfsys-dvipdfmx.def 2025-08-29 v3.1.11a (3.1.11a)
 (/home/zahid/.local/share/mise/installs/tinytex/2026.07/texmf-dist/tex/generic/pgf/systemlayer/pgfsys-common-pdf.def
File: pgfsys-common-pdf.def 2025-08-29 v3.1.11a (3.1.11a)
)
\pgfsys@objnum=\count350
))) (/home/zahid/.local/share/mise/installs/tinytex/2026.07/texmf-dist/tex/generic/pgf/systemlayer/pgfsyssoftpath.code.tex
File: pgfsyssoftpath.code.tex 2025-08-29 v3.1.11a (3.1.11a)
\pgfsyssoftpath@smallbuffer@items=\count351
\pgfsyssoftpath@bigbuffer@items=\count352
) (/home/zahid/.local/share/mise/installs/tinytex/2026.07/texmf-dist/tex/generic/pgf/systemlayer/pgfsysprotocol.code.tex
File: pgfsysprotocol.code.tex 2025-08-29 v3.1.11a (3.1.11a)
)) (/home/zahid/.local/share/mise/installs/tinytex/2026.07/texmf-dist/tex/generic/pgf/basiclayer/pgfcore.code.tex
Package: pgfcore 2025-08-29 v3.1.11a (3.1.11a)
 (/home/zahid/.local/share/mise/installs/tinytex/2026.07/texmf-dist/tex/generic/pgf/math/pgfmath.code.tex (/home/zahid/.local/share/mise/installs/tinytex/2026.07/texmf-dist/tex/generic/pgf/math/pgfmathutil.code.tex) (/home/zahid/.local/share/mise/installs/tinytex/2026.07/texmf-dist/tex/generic/pgf/math/pgfmathparser.code.tex
\pgfmath@dimen=\dimen266
\pgfmath@count=\count353
\pgfmath@box=\box61
\pgfmath@toks=\toks37
\pgfmath@stack@operand=\toks38
\pgfmath@stack@operation=\toks39
) (/home/zahid/.local/share/mise/installs/tinytex/2026.07/texmf-dist/tex/generic/pgf/math/pgfmathfunctions.code.tex) (/home/zahid/.local/share/mise/installs/tinytex/2026.07/texmf-dist/tex/generic/pgf/math/pgfmathfunctions.basic.code.tex) (/home/zahid/.local/share/mise/installs/tinytex/2026.07/texmf-dist/tex/generic/pgf/math/pgfmathfunctions.trigonometric.code.tex) (/home/zahid/.local/share/mise/installs/tinytex/2026.07/texmf-dist/tex/generic/pgf/math/pgfmathfunctions.random.code.tex) (/home/zahid/.local/share/mise/installs/tinytex/2026.07/texmf-dist/tex/generic/pgf/math/pgfmathfunctions.comparison.code.tex) (/home/zahid/.local/share/mise/installs/tinytex/2026.07/texmf-dist/tex/generic/pgf/math/pgfmathfunctions.base.code.tex) (/home/zahid/.local/share/mise/installs/tinytex/2026.07/texmf-dist/tex/generic/pgf/math/pgfmathfunctions.round.code.tex) (/home/zahid/.local/share/mise/installs/tinytex/2026.07/texmf-dist/tex/generic/pgf/math/pgfmathfunctions.misc.code.tex) (/home/zahid/.local/share/mise/installs/tinytex/2026.07/texmf-dist/tex/generic/pgf/math/pgfmathfunctions.integerarithmetics.code.tex) (/home/zahid/.local/share/mise/installs/tinytex/2026.07/texmf-dist/tex/generic/pgf/math/pgfmathcalc.code.tex) (/home/zahid/.local/share/mise/installs/tinytex/2026.07/texmf-dist/tex/generic/pgf/math/pgfmathfloat.code.tex
\c@pgfmathroundto@lastzeros=\count354
)) (/home/zahid/.local/share/mise/installs/tinytex/2026.07/texmf-dist/tex/generic/pgf/math/pgfint.code.tex) (/home/zahid/.local/share/mise/installs/tinytex/2026.07/texmf-dist/tex/generic/pgf/basiclayer/pgfcorepoints.code.tex
File: pgfcorepoints.code.tex 2025-08-29 v3.1.11a (3.1.11a)
\pgf@picminx=\dimen267
\pgf@picmaxx=\dimen268
\pgf@picminy=\dimen269
\pgf@picmaxy=\dimen270
\pgf@pathminx=\dimen271
\pgf@pathmaxx=\dimen272
\pgf@pathminy=\dimen273
\pgf@pathmaxy=\dimen274
\pgf@xx=\dimen275
\pgf@xy=\dimen276
\pgf@yx=\dimen277
\pgf@yy=\dimen278
\pgf@zx=\dimen279
\pgf@zy=\dimen280
) (/home/zahid/.local/share/mise/installs/tinytex/2026.07/texmf-dist/tex/generic/pgf/basiclayer/pgfcorepathconstruct.code.tex
File: pgfcorepathconstruct.code.tex 2025-08-29 v3.1.11a (3.1.11a)
\pgf@path@lastx=\dimen281
\pgf@path@lasty=\dimen282
) (/home/zahid/.local/share/mise/installs/tinytex/2026.07/texmf-dist/tex/generic/pgf/basiclayer/pgfcorepathusage.code.tex
File: pgfcorepathusage.code.tex 2025-08-29 v3.1.11a (3.1.11a)
\pgf@shorten@end@additional=\dimen283
\pgf@shorten@start@additional=\dimen284
) (/home/zahid/.local/share/mise/installs/tinytex/2026.07/texmf-dist/tex/generic/pgf/basiclayer/pgfcorescopes.code.tex
File: pgfcorescopes.code.tex 2025-08-29 v3.1.11a (3.1.11a)
\pgfpic=\box62
\pgf@hbox=\box63
\pgf@layerbox@main=\box64
\pgf@picture@serial@count=\count355
) (/home/zahid/.local/share/mise/installs/tinytex/2026.07/texmf-dist/tex/generic/pgf/basiclayer/pgfcoregraphicstate.code.tex
File: pgfcoregraphicstate.code.tex 2025-08-29 v3.1.11a (3.1.11a)
\pgflinewidth=\dimen285
) (/home/zahid/.local/share/mise/installs/tinytex/2026.07/texmf-dist/tex/generic/pgf/basiclayer/pgfcoretransformations.code.tex
File: pgfcoretransformations.code.tex 2025-08-29 v3.1.11a (3.1.11a)
\pgf@pt@x=\dimen286
\pgf@pt@y=\dimen287
\pgf@pt@temp=\dimen288
) (/home/zahid/.local/share/mise/installs/tinytex/2026.07/texmf-dist/tex/generic/pgf/basiclayer/pgfcorequick.code.tex
File: pgfcorequick.code.tex 2025-08-29 v3.1.11a (3.1.11a)
) (/home/zahid/.local/share/mise/installs/tinytex/2026.07/texmf-dist/tex/generic/pgf/basiclayer/pgfcoreobjects.code.tex
File: pgfcoreobjects.code.tex 2025-08-29 v3.1.11a (3.1.11a)
) (/home/zahid/.local/share/mise/installs/tinytex/2026.07/texmf-dist/tex/generic/pgf/basiclayer/pgfcorepathprocessing.code.tex
File: pgfcorepathprocessing.code.tex 2025-08-29 v3.1.11a (3.1.11a)
) (/home/zahid/.local/share/mise/installs/tinytex/2026.07/texmf-dist/tex/generic/pgf/basiclayer/pgfcorearrows.code.tex
File: pgfcorearrows.code.tex 2025-08-29 v3.1.11a (3.1.11a)
\pgfarrowsep=\dimen289
) (/home/zahid/.local/share/mise/installs/tinytex/2026.07/texmf-dist/tex/generic/pgf/basiclayer/pgfcoreshade.code.tex
File: pgfcoreshade.code.tex 2025-08-29 v3.1.11a (3.1.11a)
\pgf@max=\dimen290
\pgf@sys@shading@range@num=\count356
\pgf@shadingcount=\count357
) (/home/zahid/.local/share/mise/installs/tinytex/2026.07/texmf-dist/tex/generic/pgf/basiclayer/pgfcoreimage.code.tex
File: pgfcoreimage.code.tex 2025-08-29 v3.1.11a (3.1.11a)
) (/home/zahid/.local/share/mise/installs/tinytex/2026.07/texmf-dist/tex/generic/pgf/basiclayer/pgfcoreexternal.code.tex
File: pgfcoreexternal.code.tex 2025-08-29 v3.1.11a (3.1.11a)
\pgfexternal@startupbox=\box65
) (/home/zahid/.local/share/mise/installs/tinytex/2026.07/texmf-dist/tex/generic/pgf/basiclayer/pgfcorelayers.code.tex
File: pgfcorelayers.code.tex 2025-08-29 v3.1.11a (3.1.11a)
) (/home/zahid/.local/share/mise/installs/tinytex/2026.07/texmf-dist/tex/generic/pgf/basiclayer/pgfcoretransparency.code.tex
File: pgfcoretransparency.code.tex 2025-08-29 v3.1.11a (3.1.11a)
) (/home/zahid/.local/share/mise/installs/tinytex/2026.07/texmf-dist/tex/generic/pgf/basiclayer/pgfcorepatterns.code.tex
File: pgfcorepatterns.code.tex 2025-08-29 v3.1.11a (3.1.11a)
) (/home/zahid/.local/share/mise/installs/tinytex/2026.07/texmf-dist/tex/generic/pgf/basiclayer/pgfcorerdf.code.tex
File: pgfcorerdf.code.tex 2025-08-29 v3.1.11a (3.1.11a)
))) (/home/zahid/.local/share/mise/installs/tinytex/2026.07/texmf-dist/tex/generic/pgf/modules/pgfmoduleshapes.code.tex
File: pgfmoduleshapes.code.tex 2025-08-29 v3.1.11a (3.1.11a)
\pgfnodeparttextbox=\box66
) (/home/zahid/.local/share/mise/installs/tinytex/2026.07/texmf-dist/tex/generic/pgf/modules/pgfmoduleplot.code.tex
File: pgfmoduleplot.code.tex 2025-08-29 v3.1.11a (3.1.11a)
) (/home/zahid/.local/share/mise/installs/tinytex/2026.07/texmf-dist/tex/latex/pgf/compatibility/pgfcomp-version-0-65.sty
Package: pgfcomp-version-0-65 2025-08-29 v3.1.11a (3.1.11a)
\pgf@nodesepstart=\dimen291
\pgf@nodesepend=\dimen292
) (/home/zahid/.local/share/mise/installs/tinytex/2026.07/texmf-dist/tex/latex/pgf/compatibility/pgfcomp-version-1-18.sty
Package: pgfcomp-version-1-18 2025-08-29 v3.1.11a (3.1.11a)
)) (/home/zahid/.local/share/mise/installs/tinytex/2026.07/texmf-dist/tex/latex/pgf/utilities/pgffor.sty (/home/zahid/.local/share/mise/installs/tinytex/2026.07/texmf-dist/tex/latex/pgf/utilities/pgfkeys.sty (/home/zahid/.local/share/mise/installs/tinytex/2026.07/texmf-dist/tex/generic/pgf/utilities/pgfkeys.code.tex)) (/home/zahid/.local/share/mise/installs/tinytex/2026.07/texmf-dist/tex/latex/pgf/math/pgfmath.sty (/home/zahid/.local/share/mise/installs/tinytex/2026.07/texmf-dist/tex/generic/pgf/math/pgfmath.code.tex)) (/home/zahid/.local/share/mise/installs/tinytex/2026.07/texmf-dist/tex/generic/pgf/utilities/pgffor.code.tex
Package: pgffor 2025-08-29 v3.1.11a (3.1.11a)
\pgffor@iter=\dimen293
\pgffor@skip=\dimen294
\pgffor@stack=\toks40
\pgffor@toks=\toks41
)) (/home/zahid/.local/share/mise/installs/tinytex/2026.07/texmf-dist/tex/generic/pgf/frontendlayer/tikz/tikz.code.tex
Package: tikz 2025-08-29 v3.1.11a (3.1.11a)
 (/home/zahid/.local/share/mise/installs/tinytex/2026.07/texmf-dist/tex/generic/pgf/libraries/pgflibraryplothandlers.code.tex
File: pgflibraryplothandlers.code.tex 2025-08-29 v3.1.11a (3.1.11a)
\pgf@plot@mark@count=\count358
\pgfplotmarksize=\dimen295
)
\tikz@lastx=\dimen296
\tikz@lasty=\dimen297
\tikz@lastxsaved=\dimen298
\tikz@lastysaved=\dimen299
\tikz@lastmovetox=\dimen300
\tikz@lastmovetoy=\dimen301
\tikzleveldistance=\dimen302
\tikzsiblingdistance=\dimen303
\tikz@figbox=\box67
\tikz@figbox@bg=\box68
\tikz@tempbox=\box69
\tikz@tempbox@bg=\box70
\tikztreelevel=\count359
\tikznumberofchildren=\count360
\tikznumberofcurrentchild=\count361
\tikz@fig@count=\count362
 (/home/zahid/.local/share/mise/installs/tinytex/2026.07/texmf-dist/tex/generic/pgf/modules/pgfmodulematrix.code.tex
File: pgfmodulematrix.code.tex 2025-08-29 v3.1.11a (3.1.11a)
\pgfmatrixcurrentrow=\count363
\pgfmatrixcurrentcolumn=\count364
\pgf@matrix@numberofcolumns=\count365
)
\tikz@expandcount=\count366
 (/home/zahid/.local/share/mise/installs/tinytex/2026.07/texmf-dist/tex/generic/pgf/frontendlayer/tikz/libraries/tikzlibrarytopaths.code.tex
File: tikzlibrarytopaths.code.tex 2025-08-29 v3.1.11a (3.1.11a)
))) (/home/zahid/.local/share/mise/installs/tinytex/2026.07/texmf-dist/tex/generic/pgfplots/pgfplots.code.tex (/home/zahid/.local/share/mise/installs/tinytex/2026.07/texmf-dist/tex/generic/pgfplots/pgfplotscore.code.tex
\t@pgfplots@toka=\toks42
\t@pgfplots@tokb=\toks43
\t@pgfplots@tokc=\toks44
\pgfplots@tmpa=\dimen304
\c@pgfplots@coordindex=\count367
\c@pgfplots@scanlineindex=\count368
 (/home/zahid/.local/share/mise/installs/tinytex/2026.07/texmf-dist/tex/generic/pgfplots/sys/pgfplotssysgeneric.code.tex)) (/home/zahid/.local/share/mise/installs/tinytex/2026.07/texmf-dist/tex/generic/pgfplots/libs/pgfplotslibrary.code.tex) (/home/zahid/.local/share/mise/installs/tinytex/2026.07/texmf-dist/tex/generic/pgfplots/oldpgfcompatib/pgfplotsoldpgfsupp_loader.code.tex (/home/zahid/.local/share/mise/installs/tinytex/2026.07/texmf-dist/tex/generic/pgf/libraries/pgflibraryfpu.code.tex) (/home/zahid/.local/share/mise/installs/tinytex/2026.07/texmf-dist/tex/generic/pgfplots/oldpgfcompatib/pgfplotsoldpgfsupp_pgfutil-common-lists.tex)) (/home/zahid/.local/share/mise/installs/tinytex/2026.07/texmf-dist/tex/generic/pgfplots/util/pgfplotsutil.code.tex (/home/zahid/.local/share/mise/installs/tinytex/2026.07/texmf-dist/tex/generic/pgfplots/liststructure/pgfplotsliststructure.code.tex) (/home/zahid/.local/share/mise/installs/tinytex/2026.07/texmf-dist/tex/generic/pgfplots/liststructure/pgfplotsliststructureext.code.tex) (/home/zahid/.local/share/mise/installs/tinytex/2026.07/texmf-dist/tex/generic/pgfplots/liststructure/pgfplotsarray.code.tex
\c@pgfplotsarray@tmp=\count369
) (/home/zahid/.local/share/mise/installs/tinytex/2026.07/texmf-dist/tex/generic/pgfplots/liststructure/pgfplotsmatrix.code.tex) (/home/zahid/.local/share/mise/installs/tinytex/2026.07/texmf-dist/tex/generic/pgfplots/numtable/pgfplotstableshared.code.tex
\c@pgfplotstable@counta=\count370
\t@pgfplotstable@a=\toks45
) (/home/zahid/.local/share/mise/installs/tinytex/2026.07/texmf-dist/tex/generic/pgfplots/liststructure/pgfplotsdeque.code.tex) (/home/zahid/.local/share/mise/installs/tinytex/2026.07/texmf-dist/tex/generic/pgfplots/util/pgfplotsbinary.code.tex (/home/zahid/.local/share/mise/installs/tinytex/2026.07/texmf-dist/tex/generic/pgfplots/util/pgfplotsbinary.data.code.tex)) (/home/zahid/.local/share/mise/installs/tinytex/2026.07/texmf-dist/tex/generic/pgfplots/util/pgfplotsutil.verb.code.tex) (/home/zahid/.local/share/mise/installs/tinytex/2026.07/texmf-dist/tex/generic/pgfplots/libs/pgflibrarypgfplots.surfshading.code.tex
\c@pgfplotslibrarysurf@no=\count371

(/home/zahid/.local/share/mise/installs/tinytex/2026.07/texmf-dist/tex/generic/pgfplots/sys/pgflibrarypgfplots.surfshading.pgfsys-xetex.def (/home/zahid/.local/share/mise/installs/tinytex/2026.07/texmf-dist/tex/generic/pgfplots/sys/pgflibrarypgfplots.surfshading.pgfsys-dvipdfmx.def
\c@pgfplotslibrarysurf@streamlen=\count372
)))) (/home/zahid/.local/share/mise/installs/tinytex/2026.07/texmf-dist/tex/generic/pgfplots/util/pgfplotscolormap.code.tex (/home/zahid/.local/share/mise/installs/tinytex/2026.07/texmf-dist/tex/generic/pgfplots/util/pgfplotscolor.code.tex)) (/home/zahid/.local/share/mise/installs/tinytex/2026.07/texmf-dist/tex/generic/pgfplots/pgfplotsstackedplots.code.tex) (/home/zahid/.local/share/mise/installs/tinytex/2026.07/texmf-dist/tex/generic/pgfplots/pgfplotsplothandlers.code.tex (/home/zahid/.local/share/mise/installs/tinytex/2026.07/texmf-dist/tex/generic/pgfplots/pgfplotsmeshplothandler.code.tex (/home/zahid/.local/share/mise/installs/tinytex/2026.07/texmf-dist/tex/generic/pgfplots/pgfplotsmeshplotimage.code.tex))) (/home/zahid/.local/share/mise/installs/tinytex/2026.07/texmf-dist/tex/generic/pgfplots/pgfplots.scaling.code.tex) (/home/zahid/.local/share/mise/installs/tinytex/2026.07/texmf-dist/tex/generic/pgfplots/pgfplotscoordprocessing.code.tex) (/home/zahid/.local/share/mise/installs/tinytex/2026.07/texmf-dist/tex/generic/pgfplots/pgfplots.errorbars.code.tex) (/home/zahid/.local/share/mise/installs/tinytex/2026.07/texmf-dist/tex/generic/pgfplots/pgfplots.markers.code.tex) (/home/zahid/.local/share/mise/installs/tinytex/2026.07/texmf-dist/tex/generic/pgfplots/pgfplotsticks.code.tex) (/home/zahid/.local/share/mise/installs/tinytex/2026.07/texmf-dist/tex/generic/pgfplots/pgfplots.paths.code.tex) (/home/zahid/.local/share/mise/installs/tinytex/2026.07/texmf-dist/tex/generic/pgf/frontendlayer/tikz/libraries/tikzlibrarydecorations.code.tex (/home/zahid/.local/share/mise/installs/tinytex/2026.07/texmf-dist/tex/generic/pgf/modules/pgfmoduledecorations.code.tex
\pgfdecoratedcompleteddistance=\dimen305
\pgfdecoratedremainingdistance=\dimen306
\pgfdecoratedinputsegmentcompleteddistance=\dimen307
\pgfdecoratedinputsegmentremainingdistance=\dimen308
\pgf@decorate@distancetomove=\dimen309
\pgf@decorate@repeatstate=\count373
\pgfdecorationsegmentamplitude=\dimen310
\pgfdecorationsegmentlength=\dimen311
)
\tikz@lib@dec@box=\box71
) (/home/zahid/.local/share/mise/installs/tinytex/2026.07/texmf-dist/tex/generic/pgf/frontendlayer/tikz/libraries/tikzlibrarydecorations.pathmorphing.code.tex (/home/zahid/.local/share/mise/installs/tinytex/2026.07/texmf-dist/tex/generic/pgf/libraries/decorations/pgflibrarydecorations.pathmorphing.code.tex)) (/home/zahid/.local/share/mise/installs/tinytex/2026.07/texmf-dist/tex/generic/pgf/frontendlayer/tikz/libraries/tikzlibrarydecorations.pathreplacing.code.tex (/home/zahid/.local/share/mise/installs/tinytex/2026.07/texmf-dist/tex/generic/pgf/libraries/decorations/pgflibrarydecorations.pathreplacing.code.tex)) (/home/zahid/.local/share/mise/installs/tinytex/2026.07/texmf-dist/tex/generic/pgfplots/libs/tikzlibrarypgfplots.contourlua.code.tex)
\pgfplots@numplots=\count374
\pgfplots@xmin@reg=\dimen312
\pgfplots@xmax@reg=\dimen313
\pgfplots@ymin@reg=\dimen314
\pgfplots@ymax@reg=\dimen315
\pgfplots@zmin@reg=\dimen316
\pgfplots@zmax@reg=\dimen317
) (/home/zahid/.local/share/mise/installs/tinytex/2026.07/texmf-dist/tex/generic/pgf/frontendlayer/tikz/libraries/tikzlibraryplotmarks.code.tex
File: tikzlibraryplotmarks.code.tex 2025-08-29 v3.1.11a (3.1.11a)
 (/home/zahid/.local/share/mise/installs/tinytex/2026.07/texmf-dist/tex/generic/pgf/libraries/pgflibraryplotmarks.code.tex
File: pgflibraryplotmarks.code.tex 2025-08-29 v3.1.11a (3.1.11a)
))) (/home/zahid/.local/share/mise/installs/tinytex/2026.07/texmf-dist/tex/latex/hyperref/hyperref.sty
Package: hyperref 2026-06-17 v7.01r Hypertext links for LaTeX
 (/home/zahid/.local/share/mise/installs/tinytex/2026.07/texmf-dist/tex/generic/kvdefinekeys/kvdefinekeys.sty
Package: kvdefinekeys 2019-12-19 v1.6 Define keys (HO)
) (/home/zahid/.local/share/mise/installs/tinytex/2026.07/texmf-dist/tex/generic/pdfescape/pdfescape.sty
Package: pdfescape 2019/12/09 v1.15 Implements pdfTeX's escape features (HO)
 (/home/zahid/.local/share/mise/installs/tinytex/2026.07/texmf-dist/tex/generic/pdftexcmds/pdftexcmds.sty
Package: pdftexcmds 2020-06-27 v0.33 Utility functions of pdfTeX for LuaTeX (HO)
 (/home/zahid/.local/share/mise/installs/tinytex/2026.07/texmf-dist/tex/generic/infwarerr/infwarerr.sty
Package: infwarerr 2019/12/03 v1.5 Providing info/warning/error messages (HO)
)
Package pdftexcmds Info: \pdf@primitive is available.
Package pdftexcmds Info: \pdf@ifprimitive is available.
Package pdftexcmds Info: \pdfdraftmode not found.
)) (/home/zahid/.local/share/mise/installs/tinytex/2026.07/texmf-dist/tex/latex/hycolor/hycolor.sty
Package: hycolor 2020-01-27 v1.10 Color options for hyperref/bookmark (HO)
) (/home/zahid/.local/share/mise/installs/tinytex/2026.07/texmf-dist/tex/latex/hyperref/nameref.sty
Package: nameref 2026-01-29 v2.58 Cross-referencing by name of section
 (/home/zahid/.local/share/mise/installs/tinytex/2026.07/texmf-dist/tex/latex/refcount/refcount.sty
Package: refcount 2019/12/15 v3.6 Data extraction from label references (HO)
) (/home/zahid/.local/share/mise/installs/tinytex/2026.07/texmf-dist/tex/generic/gettitlestring/gettitlestring.sty
Package: gettitlestring 2019/12/15 v1.6 Cleanup title references (HO)
)
\c@section@level=\count375
) (/home/zahid/.local/share/mise/installs/tinytex/2026.07/texmf-dist/tex/generic/stringenc/stringenc.sty
Package: stringenc 2019/11/29 v1.12 Convert strings between diff. encodings (HO)
)
\@linkdim=\dimen318
\Hy@linkcounter=\count376
\Hy@pagecounter=\count377
 (/home/zahid/.local/share/mise/installs/tinytex/2026.07/texmf-dist/tex/latex/hyperref/pd1enc.def
File: pd1enc.def 2026-06-17 v7.01r Hyperref: PDFDocEncoding definition (HO)
) (/home/zahid/.local/share/mise/installs/tinytex/2026.07/texmf-dist/tex/generic/intcalc/intcalc.sty
Package: intcalc 2019/12/15 v1.3 Expandable calculations with integers (HO)
)
\Hy@SavedSpaceFactor=\count378
 (/home/zahid/.local/share/mise/installs/tinytex/2026.07/texmf-dist/tex/latex/hyperref/puenc.def
File: puenc.def 2026-06-17 v7.01r Hyperref: PDF Unicode definition (HO)
)
Package hyperref Info: Option `final' set `true' on input line 4070.
Package hyperref Info: Hyper figures OFF on input line 4199.
Package hyperref Info: Link nesting OFF on input line 4204.
Package hyperref Info: Hyper index ON on input line 4207.
Package hyperref Info: Plain pages OFF on input line 4214.
Package hyperref Info: Backreferencing OFF on input line 4219.
Package hyperref Info: Implicit mode ON; LaTeX internals redefined.
Package hyperref Info: Bookmarks ON on input line 4466.
\c@Hy@tempcnt=\count379
 (/home/zahid/.local/share/mise/installs/tinytex/2026.07/texmf-dist/tex/latex/url/url.sty
\Urlmuskip=\muskip18
Package: url 2013/09/16  ver 3.4  Verb mode for urls, etc.
)
LaTeX Info: Redefining \url on input line 4805.
\XeTeXLinkMargin=\dimen319
 (/home/zahid/.local/share/mise/installs/tinytex/2026.07/texmf-dist/tex/generic/bitset/bitset.sty
Package: bitset 2019/12/09 v1.3 Handle bit-vector datatype (HO)
 (/home/zahid/.local/share/mise/installs/tinytex/2026.07/texmf-dist/tex/generic/bigintcalc/bigintcalc.sty
Package: bigintcalc 2019/12/15 v1.5 Expandable calculations on big integers (HO)
))
\Fld@menulength=\count380
\Field@Width=\dimen320
\Fld@charsize=\dimen321
Package hyperref Info: Hyper figures OFF on input line 6091.
Package hyperref Info: Link nesting OFF on input line 6096.
Package hyperref Info: Hyper index ON on input line 6099.
Package hyperref Info: backreferencing OFF on input line 6106.
Package hyperref Info: Link coloring OFF on input line 6111.
Package hyperref Info: Link coloring with OCG OFF on input line 6116.
Package hyperref Info: PDF/A mode OFF on input line 6121.
\Hy@abspage=\count381
\c@Item=\count382
\c@Hfootnote=\count383
)
Package hyperref Info: Driver (autodetected): hxetex.
 (/home/zahid/.local/share/mise/installs/tinytex/2026.07/texmf-dist/tex/latex/hyperref/hxetex.def
File: hxetex.def 2026-06-17 v7.01r Hyperref driver for XeTeX
\pdfm@box=\box72
\c@Hy@AnnotLevel=\count384
\HyField@AnnotCount=\count385
\Fld@listcount=\count386
\c@bookmark@seq@number=\count387
 (/home/zahid/.local/share/mise/installs/tinytex/2026.07/texmf-dist/tex/latex/rerunfilecheck/rerunfilecheck.sty
Package: rerunfilecheck 2025-06-21 v1.11 Rerun checks for auxiliary files (HO)
 (/home/zahid/.local/share/mise/installs/tinytex/2026.07/texmf-dist/tex/generic/uniquecounter/uniquecounter.sty
Package: uniquecounter 2019/12/15 v1.4 Provide unlimited unique counter (HO)
)
Package uniquecounter Info: New unique counter `rerunfilecheck' on input line 284.
)
\Hy@SectionHShift=\skip81
) (/home/zahid/.local/share/mise/installs/tinytex/2026.07/texmf-dist/tex/latex/background/background.sty
Package: background 2014/03/04 v2.1 background material
 (/home/zahid/.local/share/mise/installs/tinytex/2026.07/texmf-dist/tex/latex/xkeyval/xkeyval.sty
Package: xkeyval 2025/11/04 v2.10 package option processing (HA)
 (/home/zahid/.local/share/mise/installs/tinytex/2026.07/texmf-dist/tex/generic/xkeyval/xkeyval.tex (/home/zahid/.local/share/mise/installs/tinytex/2026.07/texmf-dist/tex/generic/xkeyval/xkvutils.tex
\XKV@toks=\toks46
\XKV@tempa@toks=\toks47
\XKV@tempb@toks=\toks48
)
\XKV@depth=\count388
File: xkeyval.tex 2014/12/03 v2.7a key=value parser (HA)
)) (/home/zahid/.local/share/mise/installs/tinytex/2026.07/texmf-dist/tex/latex/everypage/everypage.sty
Package: everypage 2020/10/17 R2.0b Hooks to run on every page


Package everypage Warning: Functionality similar to this package has recently
(everypage)                been implemented in LaTeX. This package is now in
(everypage)                legacy status.
(everypage)                Please, don't use it in new documents and packages.


Package everypage Warning: You appear to be running a version of LaTeX
(everypage)                providing the new functionality.
(everypage)                Doing the best to deliver the original `everypage`
(everypage)                interface on top of it. Strict equivalence is
(everypage)                not possible, breakage may occur.
(everypage)                If truly needed, Use `everypage-1x` to force the
(everypage)                loading of an older code base.

) (/home/zahid/.local/share/mise/installs/tinytex/2026.07/texmf-dist/tex/latex/tools/afterpage.sty
Package: afterpage 2023/07/04 v1.08 After-Page Package (DPC)
\AP@output=\toks49
\AP@partial=\box73
\AP@footins=\box74
)) (/home/zahid/.local/share/mise/installs/tinytex/2026.07/texmf-dist/tex/latex/tcolorbox/tcolorbox.sty
Package: tcolorbox 2026/05/28 version 6.10.0 text color boxes
 (/home/zahid/.local/share/mise/installs/tinytex/2026.07/texmf-dist/tex/latex/tools/verbatim.sty
Package: verbatim 2024-01-22 v1.5x LaTeX2e package for verbatim enhancements
\every@verbatim=\toks50
\verbatim@line=\toks51
\verbatim@in@stream=\read4
) (/home/zahid/.local/share/mise/installs/tinytex/2026.07/texmf-dist/tex/latex/environ/environ.sty
Package: environ 2014/05/04 v0.3 A new way to define environments
 (/home/zahid/.local/share/mise/installs/tinytex/2026.07/texmf-dist/tex/latex/trimspaces/trimspaces.sty
Package: trimspaces 2009/09/17 v1.1 Trim spaces around a token list
))
\tcb@titlebox=\box75
\tcb@upperbox=\box76
\tcb@lowerbox=\box77
\tcb@phantombox=\box78
\c@tcbbreakpart=\count389
\c@tcblayer=\count390
\c@tcolorbox@number=\count391
\l__tcobox_tmpa_box=\box79
\l__tcobox_tmpa_dim=\dimen322
\tcb@temp=\box80
\tcb@temp=\box81
\tcb@temp=\box82
\tcb@temp=\box83
 (/home/zahid/.local/share/mise/installs/tinytex/2026.07/texmf-dist/tex/latex/tcolorbox/tcbraster.code.tex
Library (tcolorbox): 'tcbraster.code.tex' version '6.10.0'
\c@tcbrastercolumn=\count392
\c@tcbrasterrow=\count393
\c@tcbrasternum=\count394
\c@tcbraster=\count395
) (/home/zahid/.local/share/mise/installs/tinytex/2026.07/texmf-dist/tex/latex/tcolorbox/tcbskins.code.tex
Library (tcolorbox): 'tcbskins.code.tex' version '6.10.0'
(/home/zahid/.local/share/mise/installs/tinytex/2026.07/texmf-dist/tex/latex/tikzfill/tikzfill.image.sty
Package: tikzfill.image 2026/04/23 v1.2.0 Image filling library for TikZ
 (/home/zahid/.local/share/mise/installs/tinytex/2026.07/texmf-dist/tex/latex/tikzfill/tikzlibraryfill.image.code.tex
File: tikzlibraryfill.image.code.tex 2026/04/23 v1.2.0 Image filling library
\l__tikzfill_tmpa_dim=\dimen323
\l__tikzfill_tmpb_dim=\dimen324
\l__tikzfill_img_box=\box84
)) (/home/zahid/.local/share/mise/installs/tinytex/2026.07/texmf-dist/tex/latex/tcolorbox/tcbskinsjigsaw.code.tex
Library (tcolorbox): 'tcbskinsjigsaw.code.tex' version '6.10.0'
)) (/home/zahid/.local/share/mise/installs/tinytex/2026.07/texmf-dist/tex/latex/tcolorbox/tcbbreakable.code.tex
Library (tcolorbox): 'tcbbreakable.code.tex' version '6.10.0'
(/home/zahid/.local/share/mise/installs/tinytex/2026.07/texmf-dist/tex/latex/pdfcol/pdfcol.sty
Package: pdfcol 2026-06-20 v1.8 Handle new color stacks for pdfTeX (HO)
Package pdfcol Info: Interface disabled because of missing PDF mode of pdfTeX.
)
Package pdfcol Info: pdfTeX's color stacks are not available.
\tcb@testbox=\box85
\tcb@totalupperbox=\box86
\tcb@totallowerbox=\box87
) (/home/zahid/.local/share/mise/installs/tinytex/2026.07/texmf-dist/tex/latex/tcolorbox/tcbhooks.code.tex
Library (tcolorbox): 'tcbhooks.code.tex' version '6.10.0'
) (/home/zahid/.local/share/mise/installs/tinytex/2026.07/texmf-dist/tex/latex/tcolorbox/tcbtheorems.code.tex
Library (tcolorbox): 'tcbtheorems.code.tex' version '6.10.0'
) (/home/zahid/.local/share/mise/installs/tinytex/2026.07/texmf-dist/tex/latex/tcolorbox/tcbfitting.code.tex
Library (tcolorbox): 'tcbfitting.code.tex' version '6.10.0'
\tcbfitdim=\dimen325
\tcb@lowerfitdim=\dimen326
\tcb@upperfitdim=\dimen327
\tcb@cur@hbadness=\count396
)) (/home/zahid/.local/share/mise/installs/tinytex/2026.07/texmf-dist/tex/latex/tools/multicol.sty
Package: multicol 2025/10/21 v2.0b multicolumn formatting (FMi)
\c@tracingmulticols=\count397
\mult@box=\box88
\multicol@leftmargin=\dimen328
\c@unbalance=\count398
\c@collectmore=\count399
\doublecol@number=\count400
\multicoltolerance=\count401
\multicolpretolerance=\count402
\full@width=\dimen329
\page@free=\dimen330
\premulticols=\dimen331
\postmulticols=\dimen332
\multicolsep=\skip82
\multicolbaselineskip=\skip83
\partial@page=\box89
\last@line=\box90
\mc@boxedresult=\box91
\maxbalancingoverflow=\dimen333
\mult@rightbox=\box92
\mult@grightbox=\box93
\mult@firstbox=\box94
\mult@gfirstbox=\box95
\@tempa=\box96
\@tempa=\box97
\@tempa=\box98
\@tempa=\box99
\@tempa=\box100
\@tempa=\box101
\@tempa=\box102
\@tempa=\box103
\@tempa=\box104
\@tempa=\box105
\@tempa=\box106
\@tempa=\box107
\@tempa=\box108
\@tempa=\box109
\@tempa=\box110
\@tempa=\box111
\@tempa=\box112
\@tempa=\box113
\@tempa=\box114
\@tempa=\box115
\@tempa=\box116
\@tempa=\box117
\@tempa=\box118
\@tempa=\box119
\@tempa=\box120
\@tempa=\box121
\@tempa=\box122
\@tempa=\box123
\@tempa=\box124
\@tempa=\box125
\@tempa=\box126
\@tempa=\box127
\@tempa=\box128
\@tempa=\box129
\@tempa=\box130
\@tempa=\box131
\c@minrows=\count403
\c@columnbadness=\count404
\c@finalcolumnbadness=\count405
\last@try=\dimen334
\multicolovershoot=\dimen335
\multicolundershoot=\dimen336
\mult@nat@firstbox=\box132
\colbreak@box=\box133
\mc@col@check@num=\count406
\g__mc_curr_col_int=\count407
) (/home/zahid/.local/share/mise/installs/tinytex/2026.07/texmf-dist/tex/latex/floatrow/floatrow.sty
Package: floatrow 2008/08/02 v0.3b floatrow: float package extension
 (/home/zahid/.local/share/mise/installs/tinytex/2026.07/texmf-dist/tex/latex/caption/caption3.sty
Package: caption3 2023/07/31 v2.4d caption3 kernel (AR)
\caption@tempdima=\dimen337
\captionmargin=\dimen338
\caption@leftmargin=\dimen339
\caption@rightmargin=\dimen340
\caption@width=\dimen341
\caption@indent=\dimen342
\caption@parindent=\dimen343
\caption@hangindent=\dimen344
Package caption Info: Standard document class detected.
)
\c@float@type=\count408
\float@exts=\toks52
\float@box=\box134
\@floatcapt=\box135
Package floatrow Info: Modified float package code loaded on input line 455.
Package floatrow Info: Modified rotfloat package code loaded on input line 473.
\FR@everyfloat=\toks53
\flrow@foot=\insert252
\FB@wd=\dimen345
\FBo@wd=\dimen346
\FBc@wd=\dimen347
\FBo@ht=\skip84
\FBc@ht=\skip85
\FBf@ht=\skip86
\FBo@max=\skip87
\FBc@max=\skip88
\FBf@max=\skip89
\c@FBl@b=\count409
\floatbox@depth=\count410
\c@FRobj=\count411
\c@FRsobj=\count412
\Xhsize=\skip90
\sXhsize=\skip91
\Zhsize=\skip92
\sZhsize=\skip93
\flrow@rowbox=\box136
\FR@Zunitlength=\dimen348
\c@FBcnt=\count413
\FPOScnt=\count414
\LTleft=\skip94
\LTright=\skip95
\LTleft=\skip96
\LTright=\skip97
\flrow@types=\toks54
) (/home/zahid/.local/share/mise/installs/tinytex/2026.07/texmf-dist/tex/latex/caption/caption.sty
Package: caption 2023/08/05 v3.6o Customizing captions (AR)
\c@caption@flags=\count415
\c@continuedfloat=\count416
Package caption Info: float package is loaded.
Package caption Info: floatrow package is loaded.
Package caption Info: floatrow package is loaded.
Package caption Info: hyperref package is loaded.
Package caption Info: listings package is loaded.
) (/home/zahid/.local/share/mise/installs/tinytex/2026.07/texmf-dist/tex/latex/tocloft/tocloft.sty
Package: tocloft 2017/08/31 v2.3i parameterised ToC, etc., typesetting
Package tocloft Info: The document has chapter divisions on input line 51.
\cftparskip=\skip98
\cftbeforetoctitleskip=\skip99
\cftaftertoctitleskip=\skip100
\cftbeforepartskip=\skip101
\cftpartnumwidth=\skip102
\cftpartindent=\skip103
\cftbeforechapskip=\skip104
\cftchapindent=\skip105
\cftchapnumwidth=\skip106
\cftbeforesecskip=\skip107
\cftsecindent=\skip108
\cftsecnumwidth=\skip109
\cftbeforesubsecskip=\skip110
\cftsubsecindent=\skip111
\cftsubsecnumwidth=\skip112
\cftbeforesubsubsecskip=\skip113
\cftsubsubsecindent=\skip114
\cftsubsubsecnumwidth=\skip115
\cftbeforeparaskip=\skip116
\cftparaindent=\skip117
\cftparanumwidth=\skip118
\cftbeforesubparaskip=\skip119
\cftsubparaindent=\skip120
\cftsubparanumwidth=\skip121
\cftbeforeloftitleskip=\skip122
\cftafterloftitleskip=\skip123
\cftbeforefigskip=\skip124
\cftfigindent=\skip125
\cftfignumwidth=\skip126
\c@lofdepth=\count417
\c@lotdepth=\count418
\cftbeforelottitleskip=\skip127
\cftafterlottitleskip=\skip128
\cftbeforetabskip=\skip129
\cfttabindent=\skip130
\cfttabnumwidth=\skip131


Package tocloft Warning: \@starttoc has already been redefined; tocloft bailing out. on input line 1156.

) (/home/zahid/.local/share/mise/installs/tinytex/2026.07/texmf-dist/tex/latex/natbib/natbib.sty
Package: natbib 2010/09/13 8.31b (PWD, AO)
\bibhang=\skip132
\bibsep=\skip133
LaTeX Info: Redefining \cite on input line 694.
\c@NAT@ctr=\count419
)
Package caption Info: Option `figurename' requires the `newfloat' package on input line 87.
 (/home/zahid/.local/share/mise/installs/tinytex/2026.07/texmf-dist/tex/latex/newfloat/newfloat.sty
Package: newfloat 2023/10/01 v1.2 Defining new floating environments (AR)
Package newfloat Info: Unsupported document class, or \@chapter 
(newfloat)             was already redefined by another package.
Package newfloat Info: \@chapter = macro:->\def \Hy@next {\Hy@MakeCurrentHrefAuto {\Hy@chapapp *}\Hy@raisedlink {\hyper@anchorstart {\@currentHref }\hyper@anchorend }}\ifnum \c@secnumdepth >\m@ne \@ifundefined {if@mainmatter}\iftrue {\csname if@mainmatter\endcsname }\let \Hy@next \relax \fi \fi \Hy@next \Hy@org@chapter .
Package newfloat Info: \Hy@org@chapter = macro:[#1]#2->\NR@gettitle {#1}\NR@chapter [{#1}]{#2}.
Package newfloat Info: \algocf@original@chapter = undefined.
)) (/home/zahid/.local/share/mise/installs/tinytex/2026.07/texmf-dist/tex/latex/subfiles/subfiles.sty
Package: subfiles 2020/11/14 v2.2 Multi-file projects (package)
 (/home/zahid/.local/share/mise/installs/tinytex/2026.07/texmf-dist/tex/latex/import/import.sty
Package: import 2020/04/01  v 6.2
))
Package csquotes Info: Checking for multilingual support...
Package csquotes Info: ... found 'babel' package.
Package csquotes Info: Adjusting default style.


Package csquotes Warning: No style for language 'indonesian'.
(csquotes)                Using fallback style on input line 56.

Package csquotes Info: Redefining alias 'default' -> 'fallback'.
LaTeX Font Info:    Trying to load font information for TU+ptm on input line 56.
LaTeX Font Info:    No file TUptm.fd. on input line 56.

LaTeX Font Warning: Font shape `TU/ptm/m/n' undefined
(Font)              using `TU/lmr/m/n' instead on input line 56.

(/home/zahid/.local/share/mise/installs/tinytex/2026.07/texmf-dist/tex/latex/l3backend/l3backend-xetex.def
File: l3backend-xetex.def 2026-02-18 L3 backend support: XeTeX
\g__graphics_track_int=\count420
\g__pdfannot_backend_int=\count421
\g__pdfannot_backend_link_int=\count422
) (./main.aux (./src/config/hyphenation-id.aux))
\openout1 = `main.aux'.

LaTeX Font Info:    Checking defaults for OML/cmm/m/it on input line 56.
LaTeX Font Info:    ... okay on input line 56.
LaTeX Font Info:    Checking defaults for OMS/cmsy/m/n on input line 56.
LaTeX Font Info:    ... okay on input line 56.
LaTeX Font Info:    Checking defaults for OT1/cmr/m/n on input line 56.
LaTeX Font Info:    ... okay on input line 56.
LaTeX Font Info:    Checking defaults for T1/cmr/m/n on input line 56.
LaTeX Font Info:    ... okay on input line 56.
LaTeX Font Info:    Checking defaults for TS1/cmr/m/n on input line 56.
LaTeX Font Info:    ... okay on input line 56.
LaTeX Font Info:    Checking defaults for TU/lmr/m/n on input line 56.
LaTeX Font Info:    ... okay on input line 56.
LaTeX Font Info:    Checking defaults for OMX/cmex/m/n on input line 56.
LaTeX Font Info:    ... okay on input line 56.
LaTeX Font Info:    Checking defaults for U/cmr/m/n on input line 56.
LaTeX Font Info:    ... okay on input line 56.
LaTeX Font Info:    Checking defaults for PD1/pdf/m/n on input line 56.
LaTeX Font Info:    ... okay on input line 56.
LaTeX Font Info:    Checking defaults for PU/pdf/m/n on input line 56.
LaTeX Font Info:    ... okay on input line 56.

*geometry* driver: auto-detecting
*geometry* detected driver: xetex
*geometry* verbose mode - [ preamble ] result:
* driver: xetex
* paper: a4paper
* layout: <same size as paper>
* layoutoffset:(h,v)=(0.0pt,0.0pt)
* modes: twoside 
* h-part:(L,W,R)=(113.81102pt, 398.3386pt, 85.35826pt)
* v-part:(T,H,B)=(99.58464pt, 660.10394pt, 85.35826pt)
* \paperwidth=597.50787pt
* \paperheight=845.04684pt
* \textwidth=398.3386pt
* \textheight=660.10394pt
* \oddsidemargin=41.54103pt
* \evensidemargin=13.08827pt
* \topmargin=-4.55914pt
* \headheight=12.0pt
* \headsep=19.8738pt
* \topskip=12.0pt
* \footskip=30.0pt
* \marginparwidth=88.0pt
* \marginparsep=7.0pt
* \columnsep=10.0pt
* \skip\footins=10.8pt plus 4.0pt minus 2.0pt
* \hoffset=0.0pt
* \voffset=0.0pt
* \mag=1000
* \@twocolumnfalse
* \@twosidetrue
* \@mparswitchtrue
* \@reversemarginfalse
* (1in=72.27pt=25.4mm, 1cm=28.453pt)

\c@lstlisting=\count423
Package pgfplots notification 'compat/show suggested version=true': document has been generated with the most recent feature set (\pgfplotsset{compat=1.18}).

Package hyperref Info: Link coloring OFF on input line 56.
(./main.out) (./main.out)
\@outlinefile=\write4
\openout4 = `main.out'.

Package caption Info: Begin \AtBeginDocument code.
Package caption Info: End \AtBeginDocument code.
Package newfloat Info: Trying Plan B...
Package newfloat Info: `float' package detected.
Package babel Info: Main language set to 'indonesian'.
\openout2 = `src/config/hyphenation-id.aux'.


No file src/config/hyphenation-id.tex.
(./src/chapters/001-cover-if.tex
*geometry* verbose mode - [ newgeometry ] result:
* driver: xetex
* paper: a4paper
* layout: <same size as paper>
* layoutoffset:(h,v)=(0.0pt,0.0pt)
* modes: twoside 
* h-part:(L,W,R)=(85.35826pt, 426.79135pt, 85.35826pt)
* v-part:(T,H,B)=(42.67912pt, 717.00946pt, 85.35826pt)
* \paperwidth=597.50787pt
* \paperheight=845.04684pt
* \textwidth=426.79135pt
* \textheight=717.00946pt
* \oddsidemargin=13.08827pt
* \evensidemargin=13.08827pt
* \topmargin=-61.46466pt
* \headheight=12.0pt
* \headsep=19.8738pt
* \topskip=12.0pt
* \footskip=30.0pt
* \marginparwidth=88.0pt
* \marginparsep=7.0pt
* \columnsep=10.0pt
* \skip\footins=10.8pt plus 4.0pt minus 2.0pt
* \hoffset=0.0pt
* \voffset=0.0pt
* \mag=1000
* \@twocolumnfalse
* \@twosidetrue
* \@mparswitchtrue
* \@reversemarginfalse
* (1in=72.27pt=25.4mm, 1cm=28.453pt)

File: src/resources/its-logo.png Graphic file (type bmp)
<src/resources/its-logo.png>
File: src/resources/its-thesis-cover-without-logo.png Graphic file (type bmp)
<src/resources/its-thesis-cover-without-logo.png>
 [1






]) (./src/chapters/101-blank.tex [2



]) (./src/chapters/002-cover-if-no-background.tex
*geometry* verbose mode - [ newgeometry ] result:
* driver: xetex
* paper: a4paper
* layout: <same size as paper>
* layoutoffset:(h,v)=(0.0pt,0.0pt)
* modes: twoside 
* h-part:(L,W,R)=(85.35826pt, 426.79135pt, 85.35826pt)
* v-part:(T,H,B)=(42.67912pt, 717.00946pt, 85.35826pt)
* \paperwidth=597.50787pt
* \paperheight=845.04684pt
* \textwidth=426.79135pt
* \textheight=717.00946pt
* \oddsidemargin=13.08827pt
* \evensidemargin=13.08827pt
* \topmargin=-61.46466pt
* \headheight=12.0pt
* \headsep=19.8738pt
* \topskip=12.0pt
* \footskip=30.0pt
* \marginparwidth=88.0pt
* \marginparsep=7.0pt
* \columnsep=10.0pt
* \skip\footins=10.8pt plus 4.0pt minus 2.0pt
* \hoffset=0.0pt
* \voffset=0.0pt
* \mag=1000
* \@twocolumnfalse
* \@twosidetrue
* \@mparswitchtrue
* \@reversemarginfalse
* (1in=72.27pt=25.4mm, 1cm=28.453pt)

File: src/resources/its-logo.png Graphic file (type bmp)
<src/resources/its-logo.png>
 [3



]) (./src/chapters/101-blank.tex [4



]) (./src/chapters/003-approval-proposal.tex
*geometry* verbose mode - [ newgeometry ] result:
* driver: xetex
* paper: a4paper
* layout: <same size as paper>
* layoutoffset:(h,v)=(0.0pt,0.0pt)
* modes: twoside 
* h-part:(L,W,R)=(78.24507pt, 448.13092pt, 71.13188pt)
* v-part:(T,H,B)=(99.58464pt, 660.10394pt, 85.35826pt)
* \paperwidth=597.50787pt
* \paperheight=845.04684pt
* \textwidth=448.13092pt
* \textheight=660.10394pt
* \oddsidemargin=5.97508pt
* \evensidemargin=-1.1381pt
* \topmargin=-4.55914pt
* \headheight=12.0pt
* \headsep=19.8738pt
* \topskip=12.0pt
* \footskip=30.0pt
* \marginparwidth=88.0pt
* \marginparsep=7.0pt
* \columnsep=10.0pt
* \skip\footins=10.8pt plus 4.0pt minus 2.0pt
* \hoffset=0.0pt
* \voffset=0.0pt
* \mag=1000
* \@twocolumnfalse
* \@twosidetrue
* \@mparswitchtrue
* \@reversemarginfalse
* (1in=72.27pt=25.4mm, 1cm=28.453pt)



LaTeX Font Warning: Font shape `TU/ptm/b/n' undefined
(Font)              using `TU/ptm/m/n' instead on input line 32.

LaTeX Font Info:    Trying to load font information for OT1+ztmcm on input line 38.
(/home/zahid/.local/share/mise/installs/tinytex/2026.07/texmf-dist/tex/latex/psnfss/ot1ztmcm.fd
File: ot1ztmcm.fd 2000/01/03 Fontinst v1.801 font definitions for OT1/ztmcm.
)
LaTeX Font Info:    Trying to load font information for OML+ztmcm on input line 38.
 (/home/zahid/.local/share/mise/installs/tinytex/2026.07/texmf-dist/tex/latex/psnfss/omlztmcm.fd
File: omlztmcm.fd 2000/01/03 Fontinst v1.801 font definitions for OML/ztmcm.
)
LaTeX Font Info:    Trying to load font information for OMS+ztmcm on input line 38.
 (/home/zahid/.local/share/mise/installs/tinytex/2026.07/texmf-dist/tex/latex/psnfss/omsztmcm.fd
File: omsztmcm.fd 2000/01/03 Fontinst v1.801 font definitions for OMS/ztmcm.
)
LaTeX Font Info:    Trying to load font information for OMX+ztmcm on input line 38.
 (/home/zahid/.local/share/mise/installs/tinytex/2026.07/texmf-dist/tex/latex/psnfss/omxztmcm.fd
File: omxztmcm.fd 2000/01/03 Fontinst v1.801 font definitions for OMX/ztmcm.
)
LaTeX Font Info:    Trying to load font information for OT1+ptm on input line 38.
 (/home/zahid/.local/share/mise/installs/tinytex/2026.07/texmf-dist/tex/latex/psnfss/ot1ptm.fd
File: ot1ptm.fd 2001/06/04 font definitions for OT1/ptm.
)
LaTeX Font Info:    Font shape `OT1/ptm/bx/n' in size <12> not available
(Font)              Font shape `OT1/ptm/b/n' tried instead on input line 38.
LaTeX Font Info:    Font shape `OT1/ptm/bx/n' in size <9> not available
(Font)              Font shape `OT1/ptm/b/n' tried instead on input line 38.
LaTeX Font Info:    Font shape `OT1/ptm/bx/n' in size <7> not available
(Font)              Font shape `OT1/ptm/b/n' tried instead on input line 38.

Overfull \hbox (19.99998pt too wide) in paragraph at lines 38--43
[]  
 []


Overfull \hbox (19.99998pt too wide) in paragraph at lines 52--57
[]  
 []


Overfull \hbox (20.96452pt too wide) in paragraph at lines 66--81
[]  
 []

[1



]) (./src/chapters/102-even.tex

LaTeX Font Warning: Font shape `TU/ptm/m/it' undefined
(Font)              using `TU/ptm/m/n' instead on input line 31.

[2



]) (./src/chapters/004-approval-thesis.tex
Overfull \hbox (10.0pt too wide) in paragraph at lines 40--46
 [] 
 []


Overfull \hbox (10.0pt too wide) in paragraph at lines 52--57
 [] 
 []


Overfull \hbox (29.99998pt too wide) in paragraph at lines 63--67
 [] 
 []


Overfull \hbox (41.94965pt too wide) in paragraph at lines 73--90
 [] 
 []


Overfull \hbox (10.0pt too wide) in paragraph at lines 96--105
 [] 
 []


Underfull \vbox (badness 10000) has occurred while \output is active []

File: src/resources/its-thesis-validation.png Graphic file (type bmp)
<src/resources/its-thesis-validation.png>
 [3


] [4]) (./src/chapters/102-even.tex [5


]) (./src/chapters/005-original-statement.tex
*geometry* verbose mode - [ newgeometry ] result:
* driver: xetex
* paper: a4paper
* layout: <same size as paper>
* layoutoffset:(h,v)=(0.0pt,0.0pt)
* modes: twoside 
* h-part:(L,W,R)=(113.81102pt, 412.56497pt, 71.13188pt)
* v-part:(T,H,B)=(99.58464pt, 660.10394pt, 85.35826pt)
* \paperwidth=597.50787pt
* \paperheight=845.04684pt
* \textwidth=412.56497pt
* \textheight=660.10394pt
* \oddsidemargin=41.54103pt
* \evensidemargin=-1.1381pt
* \topmargin=-4.55914pt
* \headheight=12.0pt
* \headsep=19.8738pt
* \topskip=12.0pt
* \footskip=30.0pt
* \marginparwidth=88.0pt
* \marginparsep=7.0pt
* \columnsep=10.0pt
* \skip\footins=10.8pt plus 4.0pt minus 2.0pt
* \hoffset=0.0pt
* \voffset=0.0pt
* \mag=1000
* \@twocolumnfalse
* \@twosidetrue
* \@mparswitchtrue
* \@reversemarginfalse
* (1in=72.27pt=25.4mm, 1cm=28.453pt)


Overfull \hbox (61.25899pt too wide) in paragraph at lines 41--53
[]  
 []


Overfull \hbox (143.76443pt too wide) in paragraph at lines 61--85
 [][] 
 []

[6



]) (./src/chapters/102-even.tex [7



]) (./src/chapters/006-proudly-present.tex [8


]) (./src/chapters/102-even.tex [9


]) (./src/chapters/007-forewords.tex
Overfull \hbox (6.63345pt too wide) in paragraph at lines 17--18
\TU/ptm/m/it/12 tesis dengan judul “Pengambilan Keputusan dan Pengaturan Skalabilitas Elastis
 []


Overfull \hbox (8.56944pt too wide) in paragraph at lines 23--24
\TU/ptm/m/it/12 pembimbing tesis 2 yang telah sabar dalam membimbing dan mengarahkan
 []

[10


]) (./src/chapters/102-even.tex [11


]) (./src/chapters/008-abstract-id.tex
Overfull \hbox (0.10544pt too wide) in paragraph at lines 27--28
\TU/ptm/m/it/12 Mekanisme proactive routing menggunakan ekstrapolasi tren beban kerja aktu-
 []


Underfull \vbox (badness 10000) has occurred while \output is active []

 [12


] [13]) (./src/chapters/102-even.tex [14


]) (./src/chapters/009-abstract-en.tex
Underfull \vbox (badness 10000) has occurred while \output is active []

 [15


] [16]) (./src/chapters/102-even.tex [17


]) (./src/chapters/010-list-content.tex (./main.toc [18


] [19] [20]
Overfull \hbox (9.28546pt too wide) in paragraph at lines 82--82
 [][] [][]\TU/ptm/m/it/12 RQ2: Perancangan Pengambilan Keputusan dengan Mod- 
 []


LaTeX Font Warning: Font shape `TU/ptm/b/it' undefined
(Font)              using `TU/ptm/b/n' instead on input line 90.

)
\tf@toc=\write5
\openout5 = `main.toc'.

) (./src/chapters/102-even.tex [21] [22

]) (./src/chapters/011-list-table.tex (./main.lot)
\tf@lot=\write6
\openout6 = `main.lot'.

) (./src/chapters/102-even.tex [23


] [24

]) (./src/chapters/012-list-image.tex (./main.lof)
\tf@lof=\write7
\openout7 = `main.lof'.

) (./src/chapters/102-even.tex [25


] [26

]) (./src/chapters/014-chapter-01.tex
BAB 1.
Package newfloat Info: Setting Plan B file extension to `lof'... on input line 5.

Overfull \hbox (1.39745pt too wide) in paragraph at lines 13--14
[]\TU/ptm/m/it/12 Arsitektur cloud modern mengubah bagaimana aplikasi web dikembangkan,
 []


Overfull \hbox (15.00679pt too wide) in paragraph at lines 15--16
\TU/ptm/m/it/12 tainer. Popularitasnya merupakan hasil dari kemampuan skalabilitas berdasarkan
 []

[1


]
Underfull \vbox (badness 10000) has occurred while \output is active []

 [2]
Overfull \hbox (6.72545pt too wide) in paragraph at lines 23--24
[]\TU/ptm/m/it/12 Perkembangan terbaru dalam komputasi awan telah memperkenalkan berba-
 []


Overfull \hbox (0.40543pt too wide) in paragraph at lines 23--24
\TU/ptm/m/it/12 menunjukkan kurang dari 18% sumber daya yang mengalami over-provisioning.
 []


Underfull \vbox (badness 10000) has occurred while \output is active []

 [3]
Overfull \hbox (19.44144pt too wide) in paragraph at lines 38--39
[]\TU/ptm/m/it/12 Bagaimana merancang pengambilan keputusan dengan memodifikasi kerang-
 []

[4]
Overfull \hbox (8.92145pt too wide) in paragraph at lines 49--50
[]\TU/ptm/m/it/12 Menilai performa integrasi Kubernetes dan Serverless dalam meningkatkan
 []


Overfull \hbox (11.77744pt too wide) in paragraph at lines 51--52
[]\TU/ptm/m/it/12 Mengembangkan metode scalling dan routing traffic yang mengintegrasikan
 []


Overfull \hbox (15.80685pt too wide) in paragraph at lines 62--63
\TU/ptm/b/it/12 GRU menghasilkan lebih sedikit pelanggaran SLO dibandingkan mekanisme
 []


Overfull \hbox (16.61342pt too wide) in paragraph at lines 72--73
[]\TU/ptm/b/it/12 Memahami bagaimana dynamic scaling and routing dengan menggabungkan
 []

[5]
Overfull \hbox (0.66545pt too wide) in paragraph at lines 73--74
[]\TU/ptm/b/it/12 Memberikan pemahaman dan wawasan tentang bagaimana dynamic scal-
 []

) (./src/chapters/015-chapter-02.tex [6]
BAB 2.
File: src/resources/figures/image3.png Graphic file (type bmp)
<src/resources/figures/image3.png>
[7

] [8]
Overfull \hbox (15.33026pt too wide) in paragraph at lines 27--28
[]\TU/ptm/b/it/12 Kontainer telah menjadi teknologi utama dalam komputasi awan, menawarkan
 []


Overfull \hbox (6.43343pt too wide) in paragraph at lines 27--28
\TU/ptm/b/it/12 alternatif yang lebih efisien dibandingkan mesin virtual tradisional (VM). Berbe-
 []

File: src/resources/figures/image6.png Graphic file (type bmp)
<src/resources/figures/image6.png>

Overfull \hbox (4.03423pt too wide) in paragraph at lines 36--37
[]\TU/ptm/b/it/12 Seiring dengan meluasnya penggunaan kontainer, kebutuhan akan orkestrasi
 []

[9]
File: src/resources/figures/image8.png Graphic file (type bmp)
<src/resources/figures/image8.png>
 [10] [11]
Underfull \vbox (badness 2293) has occurred while \output is active []

 [12]
Overfull \hbox (1.04543pt too wide) in paragraph at lines 98--99
[]\TU/ptm/b/it/12 Dalam konteks manajemen lalu lintas dan penskalaan dinamis pada layanan
 []

[13]
File: src/resources/figures/image6.png Graphic file (type bmp)
<src/resources/figures/image6.png>
 [14]
Overfull \hbox (8.54944pt too wide) in paragraph at lines 153--154
\TU/ptm/b/it/12 model pemrograman matematis yang mempertimbangkan cost ketika melakukan
 []


Overfull \hbox (19.57077pt too wide) in paragraph at lines 153--154
\TU/ptm/b/it/12 operasi scalling. Kemudian model akan mengeluarkan keputusan untuk melakukan
 []


Underfull \vbox (badness 10000) has occurred while \output is active []

 [15]
Overfull \hbox (22.23749pt too wide) in paragraph at lines 193--194
[]\TU/ptm/b/it/12 PulseNet ([]Wu et al.[], []2025[]) mengusulkan arsitektur dual-track yang memisahkan
 []

[16]) (./src/chapters/016-chapter-03.tex [17] [18

]
BAB 3.
File: src/resources/figures/image11.png Graphic file (type bmp)
<src/resources/figures/image11.png>
[19]
Overfull \hbox (13.87424pt too wide) in paragraph at lines 44--45
\TU/ptm/b/it/12 versity of Calgary’s Department of Computer Science, dengan total data 4.055.326
 []

[20]
LaTeX Font Info:    Font shape `OT1/ptm/bx/n' in size <10.95> not available
(Font)              Font shape `OT1/ptm/b/n' tried instead on input line 51.
LaTeX Font Info:    Font shape `OT1/ptm/bx/n' in size <8> not available
(Font)              Font shape `OT1/ptm/b/n' tried instead on input line 51.
LaTeX Font Info:    Font shape `OT1/ptm/bx/n' in size <6> not available
(Font)              Font shape `OT1/ptm/b/n' tried instead on input line 51.

Underfull \hbox (badness 1769) in paragraph at lines 55--55
[]|\TU/ptm/b/n/10.95 University of Calgary’s
 []


Underfull \hbox (badness 10000) in paragraph at lines 55--56
[]|\TU/lmtt/m/n/10.95 local - - [24/Oct/1994:13:41:41 -0600]
 []


Underfull \hbox (badness 10000) in paragraph at lines 56--57
[]|\TU/lmtt/m/n/10.95 local - - [24/Oct/1994:13:41:41 -0600]
 []


Underfull \hbox (badness 10000) in paragraph at lines 57--58
[]|\TU/lmtt/m/n/10.95 local - - [24/Oct/1994:13:43:13 -0600]
 []


Underfull \hbox (badness 10000) in paragraph at lines 59--60
[]|\TU/lmtt/m/n/10.95 204.249.225.59 - -
 []


Underfull \hbox (badness 10000) in paragraph at lines 59--60
\TU/lmtt/m/n/10.95 [28/Aug/1995:00:00:34 -0400] "GET
 []


Overfull \hbox (2.44185pt too wide) in paragraph at lines 59--60
\TU/lmtt/m/n/10.95 /pub/rmharris/catalogs/dawsocat/intro.html
 []


Underfull \hbox (badness 10000) in paragraph at lines 60--61
[]|\TU/lmtt/m/n/10.95 access9.accsyst.com - -
 []


Underfull \hbox (badness 10000) in paragraph at lines 60--61
\TU/lmtt/m/n/10.95 [28/Aug/1995:00:00:35 -0400] "GET
 []


Underfull \hbox (badness 10000) in paragraph at lines 61--62
[]|\TU/lmtt/m/n/10.95 access9.accsyst.com - -
 []


Underfull \hbox (badness 10000) in paragraph at lines 61--62
\TU/lmtt/m/n/10.95 [28/Aug/1995:00:00:35 -0400] "GET
 []

[21]
Overfull \hbox (2.15483pt too wide) in paragraph at lines 108--109
\TU/ptm/b/it/12 ume permintaan (RPS) dengan penggunaan CPU pada masing-masing layanan. 
 []

[22]
Overfull \hbox (5.66544pt too wide) in paragraph at lines 151--152
\TU/ptm/b/it/12 setiap 2 detik dilakukan perhitungan ulang kebutuhan sumber daya berdasarkan
 []

[23] [24] [25]
Overfull \hbox (1.89076pt too wide) in paragraph at lines 185--186
\TU/ptm/b/it/12 Knative via host.docker.internal. Distribusi lalu lintas berdasarkan bobot
 []


Overfull \hbox (6.96144pt too wide) in paragraph at lines 193--194
[]\TU/ptm/b/it/12 Pengontrol routing V3 (Capacity-Driven) mengambil keputusan berdasarkan
 []


Overfull \hbox (4.06557pt too wide) in paragraph at lines 199--200
[]\TU/ptm/b/it/12 dengan $\OML/ztmcm/m/it/12 r[]saturation \OT1/ztmcm/m/n/12 = 66\OML/ztmcm/m/it/12 ; \OT1/ztmcm/m/n/12 7$ \TU/ptm/b/it/12 RPS/pod (terukur dari uji kapasitasitas fib(33))
 []


Overfull \hbox (28.85464pt too wide) in paragraph at lines 201--202
[]\TU/ptm/b/it/12 Total beban dihitung sebagai $\OML/ztmcm/m/it/12 total[]load \OT1/ztmcm/m/n/12 = [](\OML/ztmcm/m/it/12 current[]load; predicted[]upper\OT1/ztmcm/m/n/12 )$\TU/ptm/b/it/12 ,
 []

[26] [27]
Overfull \hbox (8.41214pt too wide) in paragraph at lines 259--260
[]\TU/ptm/b/it/12 Konstanta pengontrol dan model GRU pada penelitian ini ditentukan melalui
 []


Overfull \hbox (1.52061pt too wide) in paragraph at lines 263--264
[]\TU/ptm/b/it/12 Kapasitas efektif K8s ($\OML/ztmcm/m/it/12 r[]saturation$\TU/ptm/b/it/12 ) diukur melalui uji kapasitasitas berjen-
 []

[28]
Overfull \hbox (18.27821pt too wide) in paragraph at lines 267--268
\TU/ptm/b/it/12 na ([]Akiba et al.[], []2019[]). Ruang pencarian meliputi hidden_size $\OMS/ztmcm/m/n/12 2 f\OT1/ztmcm/m/n/12 32\OML/ztmcm/m/it/12 ; \OT1/ztmcm/m/n/12 64\OML/ztmcm/m/it/12 ; \OT1/ztmcm/m/n/12 128\OML/ztmcm/m/it/12 ; \OT1/ztmcm/m/n/12 256\OMS/ztmcm/m/n/12 g$\TU/ptm/b/it/12 ,
 []


Overfull \hbox (24.78784pt too wide) in paragraph at lines 267--268
\TU/ptm/b/it/12 num_layers $\OMS/ztmcm/m/n/12 2 f\OT1/ztmcm/m/n/12 1\OML/ztmcm/m/it/12 ; \OT1/ztmcm/m/n/12 2\OML/ztmcm/m/it/12 ; \OT1/ztmcm/m/n/12 3\OMS/ztmcm/m/n/12 g$\TU/ptm/b/it/12 , learning_rate $\OMS/ztmcm/m/n/12 2 \OT1/ztmcm/m/n/12 [10[]\OML/ztmcm/m/it/12 ; \OT1/ztmcm/m/n/12 10[]]$ \TU/ptm/b/it/12 (log-uniform), sequence_length
 []


Overfull \hbox (112.86626pt too wide) in paragraph at lines 271--272
\TU/ptm/b/it/12 parameter yang menjanjikan, mencari 4 parameter berdampak tertinggi (proactive_trend_threshold,
 []


Overfull \hbox (36.56837pt too wide) in paragraph at lines 271--272
\TU/ptm/b/it/12 proactive_approach_ratio, kp_burn, target_cpu_util). Tahap kedua (confirmation):
 []


Underfull \vbox (badness 10000) has occurred while \output is active []

 [29]) (./src/chapters/017-chapter-04.tex [30]
BAB 4.

Overfull \hbox (22.92145pt too wide) in paragraph at lines 8--9
[]\TU/ptm/b/it/12 Bab ini menyajikan hasil eksperimen dari evaluasi arsitektur hybrid Kubernetes-
 []


Overfull \hbox (6.62497pt too wide) in paragraph at lines 8--9
\TU/ptm/b/it/12 di tujuh bagian: performa model prediksi GRU (Bagian 4.1), validasi mekanisme
 []

[31

]
Underfull \vbox (badness 10000) has occurred while \output is active []

 [32] [33]
Package pgfplots info on input line 101: Using 'lua backend=false' for axis: x coord trafo unsupported.
LaTeX Font Info:    Font shape `OT1/ptm/bx/n' in size <5> not available
(Font)              Font shape `OT1/ptm/b/n' tried instead on input line 105.

Overfull \hbox (8.3312pt too wide) in paragraph at lines 111--112
\TU/ptm/b/it/12 skalakan ke 10 pod. S2 (Serverless-only) memiliki p99 terendah absolut (77,8ms)
 []


Overfull \hbox (9.37346pt too wide) in paragraph at lines 132--133
\TU/ptm/b/it/12 (Hybrid-reactive) menggunakan uji Welch t-test dan Mann-Whitney U. Tabel []4.4[]
 []


Underfull \vbox (badness 4531) has occurred while \output is active []

 [34] [35]
Package pgfplots info on input line 191: Using 'lua backend=false' for axis: x coord trafo unsupported.
Package pgfplots info on input line 221: Using 'lua backend=false' for axis: x coord trafo unsupported.
 [36] [37] [38] [39]) (./src/chapters/018-chapter-05.tex [40]
BAB 5.

Overfull \hbox (5.64944pt too wide) in paragraph at lines 21--22
[]\TU/ptm/b/it/12 Dua algoritma berhasil dirancang dengan memodifikasi kerangka kerja ElaX: 
 []


Underfull \vbox (badness 10000) has occurred while \output is active []

 [41

] [42]
Overfull \hbox (4.82253pt too wide) in paragraph at lines 47--48
\TU/ptm/b/it/12 inti AMD dengan semua komponen (k3d, Knative, HAProxy, Prometheus,
 []

[43]
Overfull \hbox (2.49341pt too wide) in paragraph at lines 66--67
\TU/ptm/b/it/12 bias localhost dan mengevaluasi dampak latensi jaringan pada mekanisme
 []

) (./src/chapters/019-bibliography.tex [44] (./main.bbl [45


]
Underfull \hbox (badness 1286) in paragraph at lines 37--38
[]\TU/ptm/b/it/12 Krishnamurthy, S., Athey, S. and Roberts, G. (2022), Non-stationary
 []


Underfull \vbox (badness 1024) has occurred while \output is active []

 [46] [47])) (./src/chapters/020-appendix.tex [48]) (./src/chapters/104-appendix-01.tex [49


] [50

]
Overfull \hbox (6.28545pt too wide) in paragraph at lines 10--11
[]\TU/ptm/b/it/12 Tabel berikut menyajikan parameter kalibrasi yang digunakan dalam eksper-
 []


Overfull \hbox (79.25023pt too wide) in paragraph at lines 10--11
\TU/ptm/b/it/12 imen, bersumber dari \TU/lmtt/m/n/12 CalibrationConfig \TU/ptm/b/it/12 (\TU/lmtt/m/n/12 libs/shared/shared/models/calibration.py\TU/ptm/b/it/12 ). 
 []

[51]) (./src/chapters/105-appendix-02.tex [52]) (./src/chapters/106-appendix-03.tex [53

] [54

]
Overfull \hbox (52.72543pt too wide) in paragraph at lines 10--11
[]\TU/ptm/b/it/12 Berikut adalah potongan kode mekanisme proactive routing pada \TU/lmtt/m/n/12 algorithm1_v3.py\TU/ptm/b/it/12 : 
 []

(/home/zahid/.local/share/mise/installs/tinytex/2026.07/texmf-dist/tex/latex/listings/lstlang1.sty
File: lstlang1.sty 2025/11/14 1.11b listings language file
)
Package hyperref Info: bookmark level for unknown lstlisting defaults to 0 on input line 12.
 [55]) (./src/chapters/021-biography.tex [56]) (./src/chapters/102-even.tex [57


] [58

]) (./main.aux (./src/config/hyphenation-id.aux))
 ***********
LaTeX2e <2026-06-01>
L3 programming layer <2026-06-18>
 ***********


LaTeX Font Warning: Some font shapes were not available, defaults substituted.

Package rerunfilecheck Info: File `main.out' has not changed.
(rerunfilecheck)             Checksum: BD99B2D3066C1457CEF3C87B4138910B;15400.
 ) 
Here is how much of TeX's memory you used:
 43572 strings out of 469776
 1025346 string characters out of 5467475
 1841423 words of memory out of 5000000
 71714 multiletter control sequences out of 15000+600000
 647203 words of font info for 102 fonts, out of 8000000 for 9000
 36 hyphenation exceptions out of 8191
 108i,17n,120p,1193b,2441s stack positions out of 10000i,1000n,20000p,200000b,200000s

Output written on main.pdf (88 pages).
