2026-07-06 10:03:34 [info     ] SLOMonitor initialized         threshold_ms=200.0 violation_window=30
2026-07-06 10:03:34 [info     ] Algorithm1Controller initialized cooldown=15 weight_step=10
2026-07-06 10:03:34 [info     ] HAProxyWeightAdjuster initialized backend=servers host=localhost port=19999
2026-07-06 10:03:34 [info     ] GRUClient initialized          base_url=http://localhost:8090
2026-07-06 10:03:34 [info     ] K8sScaler initialized          deployment=test-app-warm namespace=default
2026-07-06 10:03:34 [info     ] RoutingDaemon initialized      decision_interval=15 description='Static routing to serverless only' scenario=s2-serverless-only use_algorithm=False use_predictions=False
2026-07-06 10:03:34 [info     ] Starting routing daemon        interval=15 scenario=s2-serverless-only
2026-07-06 10:03:34 [info     ] Weights updated                k3s=0 knative=100
2026-07-06 10:03:34 [info     ] Initial weights applied        k3s=0 knative=100
2026-07-06 10:03:34 [debug    ] Static scenario - no decision needed scenario=s2-serverless-only weights={'k3s': 0, 'knative': 100}
2026-07-06 10:03:49 [debug    ] Static scenario - no decision needed scenario=s2-serverless-only weights={'k3s': 0, 'knative': 100}
2026-07-06 10:04:04 [debug    ] Static scenario - no decision needed scenario=s2-serverless-only weights={'k3s': 0, 'knative': 100}
2026-07-06 10:04:19 [debug    ] Static scenario - no decision needed scenario=s2-serverless-only weights={'k3s': 0, 'knative': 100}
2026-07-06 10:04:34 [debug    ] Static scenario - no decision needed scenario=s2-serverless-only weights={'k3s': 0, 'knative': 100}
2026-07-06 10:04:49 [debug    ] Static scenario - no decision needed scenario=s2-serverless-only weights={'k3s': 0, 'knative': 100}
2026-07-06 10:05:04 [debug    ] Static scenario - no decision needed scenario=s2-serverless-only weights={'k3s': 0, 'knative': 100}
2026-07-06 10:05:19 [debug    ] Static scenario - no decision needed scenario=s2-serverless-only weights={'k3s': 0, 'knative': 100}
2026-07-06 10:05:34 [debug    ] Static scenario - no decision needed scenario=s2-serverless-only weights={'k3s': 0, 'knative': 100}
2026-07-06 10:05:49 [debug    ] Static scenario - no decision needed scenario=s2-serverless-only weights={'k3s': 0, 'knative': 100}
2026-07-06 10:06:04 [debug    ] Static scenario - no decision needed scenario=s2-serverless-only weights={'k3s': 0, 'knative': 100}
2026-07-06 10:06:19 [debug    ] Static scenario - no decision needed scenario=s2-serverless-only weights={'k3s': 0, 'knative': 100}
2026-07-06 10:06:34 [debug    ] Static scenario - no decision needed scenario=s2-serverless-only weights={'k3s': 0, 'knative': 100}
2026-07-06 10:06:50 [debug    ] Static scenario - no decision needed scenario=s2-serverless-only weights={'k3s': 0, 'knative': 100}
2026-07-06 10:07:05 [debug    ] Static scenario - no decision needed scenario=s2-serverless-only weights={'k3s': 0, 'knative': 100}
2026-07-06 10:07:20 [debug    ] Static scenario - no decision needed scenario=s2-serverless-only weights={'k3s': 0, 'knative': 100}
2026-07-06 10:07:35 [debug    ] Static scenario - no decision needed scenario=s2-serverless-only weights={'k3s': 0, 'knative': 100}
2026-07-06 10:07:50 [debug    ] Static scenario - no decision needed scenario=s2-serverless-only weights={'k3s': 0, 'knative': 100}
2026-07-06 10:08:05 [debug    ] Static scenario - no decision needed scenario=s2-serverless-only weights={'k3s': 0, 'knative': 100}
2026-07-06 10:08:20 [debug    ] Static scenario - no decision needed scenario=s2-serverless-only weights={'k3s': 0, 'knative': 100}
2026-07-06 10:08:35 [debug    ] Static scenario - no decision needed scenario=s2-serverless-only weights={'k3s': 0, 'knative': 100}
2026-07-06 10:08:50 [debug    ] Static scenario - no decision needed scenario=s2-serverless-only weights={'k3s': 0, 'knative': 100}
2026-07-06 10:09:05 [debug    ] Static scenario - no decision needed scenario=s2-serverless-only weights={'k3s': 0, 'knative': 100}
2026-07-06 10:09:20 [debug    ] Static scenario - no decision needed scenario=s2-serverless-only weights={'k3s': 0, 'knative': 100}
2026-07-06 10:09:35 [debug    ] Static scenario - no decision needed scenario=s2-serverless-only weights={'k3s': 0, 'knative': 100}
2026-07-06 10:09:50 [debug    ] Static scenario - no decision needed scenario=s2-serverless-only weights={'k3s': 0, 'knative': 100}
2026-07-06 10:10:05 [debug    ] Static scenario - no decision needed scenario=s2-serverless-only weights={'k3s': 0, 'knative': 100}
2026-07-06 10:10:20 [debug    ] Static scenario - no decision needed scenario=s2-serverless-only weights={'k3s': 0, 'knative': 100}
2026-07-06 10:10:35 [debug    ] Static scenario - no decision needed scenario=s2-serverless-only weights={'k3s': 0, 'knative': 100}
2026-07-06 10:10:50 [debug    ] Static scenario - no decision needed scenario=s2-serverless-only weights={'k3s': 0, 'knative': 100}
2026-07-06 10:11:05 [debug    ] Static scenario - no decision needed scenario=s2-serverless-only weights={'k3s': 0, 'knative': 100}
2026-07-06 10:11:20 [debug    ] Static scenario - no decision needed scenario=s2-serverless-only weights={'k3s': 0, 'knative': 100}
2026-07-06 10:11:35 [debug    ] Static scenario - no decision needed scenario=s2-serverless-only weights={'k3s': 0, 'knative': 100}
2026-07-06 10:11:50 [debug    ] Static scenario - no decision needed scenario=s2-serverless-only weights={'k3s': 0, 'knative': 100}
2026-07-06 10:12:05 [debug    ] Static scenario - no decision needed scenario=s2-serverless-only weights={'k3s': 0, 'knative': 100}
2026-07-06 10:12:20 [debug    ] Static scenario - no decision needed scenario=s2-serverless-only weights={'k3s': 0, 'knative': 100}
2026-07-06 10:12:35 [debug    ] Static scenario - no decision needed scenario=s2-serverless-only weights={'k3s': 0, 'knative': 100}
2026-07-06 10:12:50 [debug    ] Static scenario - no decision needed scenario=s2-serverless-only weights={'k3s': 0, 'knative': 100}
2026-07-06 10:13:05 [debug    ] Static scenario - no decision needed scenario=s2-serverless-only weights={'k3s': 0, 'knative': 100}
2026-07-06 10:13:21 [debug    ] Static scenario - no decision needed scenario=s2-serverless-only weights={'k3s': 0, 'knative': 100}
2026-07-06 10:13:36 [debug    ] Static scenario - no decision needed scenario=s2-serverless-only weights={'k3s': 0, 'knative': 100}
2026-07-06 10:13:51 [debug    ] Static scenario - no decision needed scenario=s2-serverless-only weights={'k3s': 0, 'knative': 100}
2026-07-06 10:14:06 [debug    ] Static scenario - no decision needed scenario=s2-serverless-only weights={'k3s': 0, 'knative': 100}
2026-07-06 10:14:21 [debug    ] Static scenario - no decision needed scenario=s2-serverless-only weights={'k3s': 0, 'knative': 100}
2026-07-06 10:14:36 [debug    ] Static scenario - no decision needed scenario=s2-serverless-only weights={'k3s': 0, 'knative': 100}
2026-07-06 10:14:51 [debug    ] Static scenario - no decision needed scenario=s2-serverless-only weights={'k3s': 0, 'knative': 100}
2026-07-06 10:15:06 [debug    ] Static scenario - no decision needed scenario=s2-serverless-only weights={'k3s': 0, 'knative': 100}
2026-07-06 10:15:21 [debug    ] Static scenario - no decision needed scenario=s2-serverless-only weights={'k3s': 0, 'knative': 100}
2026-07-06 10:15:36 [debug    ] Static scenario - no decision needed scenario=s2-serverless-only weights={'k3s': 0, 'knative': 100}
2026-07-06 10:15:51 [debug    ] Static scenario - no decision needed scenario=s2-serverless-only weights={'k3s': 0, 'knative': 100}
2026-07-06 10:16:06 [debug    ] Static scenario - no decision needed scenario=s2-serverless-only weights={'k3s': 0, 'knative': 100}
2026-07-06 10:16:21 [debug    ] Static scenario - no decision needed scenario=s2-serverless-only weights={'k3s': 0, 'knative': 100}
2026-07-06 10:16:36 [debug    ] Static scenario - no decision needed scenario=s2-serverless-only weights={'k3s': 0, 'knative': 100}
2026-07-06 10:16:51 [debug    ] Static scenario - no decision needed scenario=s2-serverless-only weights={'k3s': 0, 'knative': 100}
2026-07-06 10:17:06 [debug    ] Static scenario - no decision needed scenario=s2-serverless-only weights={'k3s': 0, 'knative': 100}
2026-07-06 10:17:21 [debug    ] Static scenario - no decision needed scenario=s2-serverless-only weights={'k3s': 0, 'knative': 100}
2026-07-06 10:17:36 [debug    ] Static scenario - no decision needed scenario=s2-serverless-only weights={'k3s': 0, 'knative': 100}
2026-07-06 10:17:51 [debug    ] Static scenario - no decision needed scenario=s2-serverless-only weights={'k3s': 0, 'knative': 100}
2026-07-06 10:18:06 [debug    ] Static scenario - no decision needed scenario=s2-serverless-only weights={'k3s': 0, 'knative': 100}
2026-07-06 10:18:21 [debug    ] Static scenario - no decision needed scenario=s2-serverless-only weights={'k3s': 0, 'knative': 100}
2026-07-06 10:18:36 [debug    ] Static scenario - no decision needed scenario=s2-serverless-only weights={'k3s': 0, 'knative': 100}
2026-07-06 10:18:51 [debug    ] Static scenario - no decision needed scenario=s2-serverless-only weights={'k3s': 0, 'knative': 100}
2026-07-06 10:19:06 [debug    ] Static scenario - no decision needed scenario=s2-serverless-only weights={'k3s': 0, 'knative': 100}
2026-07-06 10:19:21 [debug    ] Static scenario - no decision needed scenario=s2-serverless-only weights={'k3s': 0, 'knative': 100}
2026-07-06 10:19:36 [debug    ] Static scenario - no decision needed scenario=s2-serverless-only weights={'k3s': 0, 'knative': 100}
2026-07-06 10:19:52 [debug    ] Static scenario - no decision needed scenario=s2-serverless-only weights={'k3s': 0, 'knative': 100}
2026-07-06 10:20:07 [debug    ] Static scenario - no decision needed scenario=s2-serverless-only weights={'k3s': 0, 'knative': 100}
2026-07-06 10:20:22 [debug    ] Static scenario - no decision needed scenario=s2-serverless-only weights={'k3s': 0, 'knative': 100}
2026-07-06 10:20:37 [debug    ] Static scenario - no decision needed scenario=s2-serverless-only weights={'k3s': 0, 'knative': 100}
2026-07-06 10:20:52 [debug    ] Static scenario - no decision needed scenario=s2-serverless-only weights={'k3s': 0, 'knative': 100}
2026-07-06 10:21:07 [debug    ] Static scenario - no decision needed scenario=s2-serverless-only weights={'k3s': 0, 'knative': 100}
2026-07-06 10:21:22 [debug    ] Static scenario - no decision needed scenario=s2-serverless-only weights={'k3s': 0, 'knative': 100}
2026-07-06 10:21:37 [debug    ] Static scenario - no decision needed scenario=s2-serverless-only weights={'k3s': 0, 'knative': 100}
2026-07-06 10:21:52 [debug    ] Static scenario - no decision needed scenario=s2-serverless-only weights={'k3s': 0, 'knative': 100}
2026-07-06 10:22:07 [debug    ] Static scenario - no decision needed scenario=s2-serverless-only weights={'k3s': 0, 'knative': 100}
2026-07-06 10:22:22 [debug    ] Static scenario - no decision needed scenario=s2-serverless-only weights={'k3s': 0, 'knative': 100}
2026-07-06 10:22:37 [debug    ] Static scenario - no decision needed scenario=s2-serverless-only weights={'k3s': 0, 'knative': 100}
2026-07-06 10:22:52 [debug    ] Static scenario - no decision needed scenario=s2-serverless-only weights={'k3s': 0, 'knative': 100}
2026-07-06 10:23:07 [debug    ] Static scenario - no decision needed scenario=s2-serverless-only weights={'k3s': 0, 'knative': 100}
2026-07-06 10:23:22 [debug    ] Static scenario - no decision needed scenario=s2-serverless-only weights={'k3s': 0, 'knative': 100}
2026-07-06 10:23:37 [debug    ] Static scenario - no decision needed scenario=s2-serverless-only weights={'k3s': 0, 'knative': 100}
2026-07-06 10:23:52 [debug    ] Static scenario - no decision needed scenario=s2-serverless-only weights={'k3s': 0, 'knative': 100}
2026-07-06 10:24:07 [debug    ] Static scenario - no decision needed scenario=s2-serverless-only weights={'k3s': 0, 'knative': 100}
2026-07-06 10:24:22 [debug    ] Static scenario - no decision needed scenario=s2-serverless-only weights={'k3s': 0, 'knative': 100}
2026-07-06 10:24:37 [debug    ] Static scenario - no decision needed scenario=s2-serverless-only weights={'k3s': 0, 'knative': 100}
2026-07-06 10:24:52 [debug    ] Static scenario - no decision needed scenario=s2-serverless-only weights={'k3s': 0, 'knative': 100}
2026-07-06 10:25:05 [info     ] Received shutdown signal
2026-07-06 10:25:05 [info     ] Stopping routing daemon...
2026-07-06 10:25:05 [info     ] Routing daemon stopped
