2026-07-08 20:58:25 [info     ] SLOMonitor initialized         threshold_ms=200.0 violation_window=30
2026-07-08 20:58:25 [info     ] Algorithm1ControllerV3 initialized max_knative=50 r_saturation=66.7 target_cpu_util=0.5 total_budget=1000
2026-07-08 20:58:25 [info     ] Using V3 controller (Capacity-Driven) scenario=s3-hybrid-reactive version=v3
2026-07-08 20:58:25 [info     ] HAProxyWeightAdjuster initialized backend=servers host=localhost port=19999
2026-07-08 20:58:25 [info     ] GRUClient initialized          base_url=http://localhost:8090
2026-07-08 20:58:25 [info     ] K8sScaler initialized          deployment=test-app-warm namespace=default
2026-07-08 20:58:25 [info     ] RoutingDaemon initialized      decision_interval=15 description='Algorithm 1 reactive routing without predictions' scenario=s3-hybrid-reactive use_algorithm=True use_predictions=False
2026-07-08 20:58:25 [info     ] Starting routing daemon        interval=15 scenario=s3-hybrid-reactive
2026-07-08 20:58:25 [info     ] Weights updated                k3s=80 knative=20
2026-07-08 20:58:25 [info     ] Initial weights applied        k3s=80 knative=20
2026-07-08 20:58:25 [debug    ] HAProxy fallback primed        total_requests=0
2026-07-08 20:58:25 [info     ] algorithm2_scaling_decision    action=MAINTAIN alpha=0.014992503748125937 beta=0.0 buffer=1.2 current_replicas=3 predicted_load=0.0 required_resources=0.0 target_replicas=3
2026-07-08 20:58:25 [debug    ] Decision loop completed        action=MAINTAIN latency_ms=111.65 p99=0.0
2026-07-08 20:58:40 [info     ] algorithm2_scaling_decision    action=MAINTAIN alpha=0.014992503748125937 beta=0.0 buffer=1.2 current_replicas=3 predicted_load=0.0 required_resources=0.0 target_replicas=3
2026-07-08 20:58:40 [debug    ] Decision loop completed        action=MAINTAIN latency_ms=108.21 p99=0.0
2026-07-08 20:58:55 [info     ] algorithm2_scaling_decision    action=MAINTAIN alpha=0.014992503748125937 beta=0.0 buffer=1.2 current_replicas=3 predicted_load=0.0 required_resources=0.0 target_replicas=3
2026-07-08 20:58:55 [debug    ] Decision loop completed        action=MAINTAIN latency_ms=107.02 p99=0.0
2026-07-08 20:59:10 [debug    ] HAProxy fallback latency       delta_requests=641 interval_avg_ms=64.0 max_rtime_ms=81.0 p99_est=81.0
2026-07-08 20:59:10 [debug    ] burn_rate_adjustment           actual_burn=0.0 adjustment=-5 allowed_burn=0.83 budget_remaining=1000 burn_error=-1.0 burn_ratio=0.0
2026-07-08 20:59:10 [info     ] controller_decision_v3         action=RECOVERY available_replicas=3 budget_remaining=1000 burn_adjustment=-5 burst_ratio=0 capacity_deficit=False confidence=0 current_load=42.363994464558985 decision_id=e368d991 k8s_capacity=100.1 k8s_weight=100 knative_weight=0 p99=81.0 predicted_load=0 r_effective=33.4 serverless_enabled=False total_load=42.4 weights_after={'k3s': 100, 'knative': 0} weights_before={'k3s': 80, 'knative': 20}
2026-07-08 20:59:10 [info     ] Weights updated                k3s=100 knative=0
2026-07-08 20:59:10 [info     ] Weights updated                action=RECOVERY reason='load=42RPS | k8s_cap=100RPS | (reducing-serverless)' weights={'k3s': 100, 'knative': 0}
2026-07-08 20:59:10 [info     ] algorithm2_scaling_decision    action=MAINTAIN alpha=0.014992503748125937 beta=0.0 buffer=1.2 current_replicas=3 predicted_load=21.181997232279492 required_resources=0.318 target_replicas=3
2026-07-08 20:59:10 [debug    ] Decision loop completed        action=RECOVERY latency_ms=141.37 p99=81.0
2026-07-08 20:59:25 [debug    ] HAProxy fallback latency       delta_requests=667 interval_avg_ms=64.0 max_rtime_ms=107.0 p99_est=107.0
2026-07-08 20:59:26 [debug    ] burn_rate_adjustment           actual_burn=0.0 adjustment=-6 allowed_burn=0.83 budget_remaining=1000 burn_error=-1.0 burn_ratio=0.0
2026-07-08 20:59:26 [info     ] algorithm2_scaling_decision    action=MAINTAIN alpha=0.014992503748125937 beta=0.0 buffer=1.2 current_replicas=3 predicted_load=43.175509515471 required_resources=0.647 target_replicas=3
2026-07-08 20:59:26 [debug    ] Decision loop completed        action=MAINTAIN latency_ms=107.85 p99=107.0
2026-07-08 20:59:41 [debug    ] HAProxy fallback latency       delta_requests=716 interval_avg_ms=69.65 max_rtime_ms=107.0 p99_est=107.0
2026-07-08 20:59:41 [debug    ] burn_rate_adjustment           actual_burn=0.0 adjustment=-6 allowed_burn=0.83 budget_remaining=1000 burn_error=-1.0 burn_ratio=0.0
2026-07-08 20:59:41 [info     ] algorithm2_scaling_decision    action=MAINTAIN alpha=0.014992503748125937 beta=0.0 buffer=1.2 current_replicas=3 predicted_load=45.689727714551836 required_resources=0.685 target_replicas=3
2026-07-08 20:59:41 [debug    ] Decision loop completed        action=MAINTAIN latency_ms=113.22 p99=107.0
2026-07-08 20:59:56 [debug    ] HAProxy fallback latency       delta_requests=823 interval_avg_ms=62.54 max_rtime_ms=117.0 p99_est=117.0
2026-07-08 20:59:56 [debug    ] burn_rate_adjustment           actual_burn=0.0 adjustment=-7 allowed_burn=0.83 budget_remaining=1000 burn_error=-1.0 burn_ratio=0.0
2026-07-08 20:59:56 [info     ] algorithm2_scaling_decision    action=MAINTAIN alpha=0.014992503748125937 beta=0.0 buffer=1.2 current_replicas=3 predicted_load=50.889926897900736 required_resources=0.763 target_replicas=3
2026-07-08 20:59:56 [debug    ] Decision loop completed        action=MAINTAIN latency_ms=110.18 p99=117.0
2026-07-08 21:00:11 [debug    ] HAProxy fallback latency       delta_requests=767 interval_avg_ms=65.0 max_rtime_ms=117.0 p99_est=117.0
2026-07-08 21:00:11 [debug    ] burn_rate_adjustment           actual_burn=0.0 adjustment=-7 allowed_burn=0.83 budget_remaining=1000 burn_error=-1.0 burn_ratio=0.0
2026-07-08 21:00:11 [info     ] algorithm2_scaling_decision    action=MAINTAIN alpha=0.014992503748125937 beta=0.0 buffer=1.2 current_replicas=3 predicted_load=52.606922754309764 required_resources=0.789 target_replicas=3
2026-07-08 21:00:11 [debug    ] Decision loop completed        action=MAINTAIN latency_ms=107.8 p99=117.0
2026-07-08 21:00:26 [debug    ] HAProxy fallback latency       delta_requests=546 interval_avg_ms=65.0 max_rtime_ms=117.0 p99_est=117.0
2026-07-08 21:00:26 [debug    ] burn_rate_adjustment           actual_burn=0.0 adjustment=-7 allowed_burn=0.83 budget_remaining=1000 burn_error=-1.0 burn_ratio=0.0
2026-07-08 21:00:26 [info     ] algorithm2_scaling_decision    action=MAINTAIN alpha=0.014992503748125937 beta=0.0 buffer=1.2 current_replicas=3 predicted_load=43.50423542889756 required_resources=0.652 target_replicas=3
2026-07-08 21:00:26 [debug    ] Decision loop completed        action=MAINTAIN latency_ms=120.55 p99=117.0
2026-07-08 21:00:41 [debug    ] HAProxy fallback latency       delta_requests=411 interval_avg_ms=53.88 max_rtime_ms=117.0 p99_est=107.76
2026-07-08 21:00:41 [debug    ] burn_rate_adjustment           actual_burn=0.0 adjustment=-7 allowed_burn=0.83 budget_remaining=1000 burn_error=-1.0 burn_ratio=0.0
2026-07-08 21:00:41 [info     ] algorithm2_scaling_decision    action=MAINTAIN alpha=0.014992503748125937 beta=0.0 buffer=1.2 current_replicas=3 predicted_load=31.6907370406357 required_resources=0.475 target_replicas=3
2026-07-08 21:00:41 [debug    ] Decision loop completed        action=MAINTAIN latency_ms=112.99 p99=107.7566909975669
2026-07-08 21:00:56 [debug    ] HAProxy fallback latency       delta_requests=358 interval_avg_ms=64.0 max_rtime_ms=117.0 p99_est=117.0
2026-07-08 21:00:56 [debug    ] burn_rate_adjustment           actual_burn=0.0 adjustment=-7 allowed_burn=0.83 budget_remaining=1000 burn_error=-1.0 burn_ratio=0.0
2026-07-08 21:00:56 [info     ] algorithm2_scaling_decision    action=MAINTAIN alpha=0.014992503748125937 beta=0.0 buffer=1.2 current_replicas=3 predicted_load=25.443565829975256 required_resources=0.381 target_replicas=3
2026-07-08 21:00:56 [debug    ] Decision loop completed        action=MAINTAIN latency_ms=108.33 p99=117.0
2026-07-08 21:01:11 [debug    ] HAProxy fallback latency       delta_requests=484 interval_avg_ms=64.0 max_rtime_ms=117.0 p99_est=117.0
2026-07-08 21:01:11 [debug    ] burn_rate_adjustment           actual_burn=0.0 adjustment=-7 allowed_burn=0.83 budget_remaining=1000 burn_error=-1.0 burn_ratio=0.0
2026-07-08 21:01:11 [info     ] algorithm2_scaling_decision    action=MAINTAIN alpha=0.014992503748125937 beta=0.0 buffer=1.2 current_replicas=3 predicted_load=27.86163314086244 required_resources=0.418 target_replicas=3
2026-07-08 21:01:11 [debug    ] Decision loop completed        action=MAINTAIN latency_ms=109.94 p99=117.0
2026-07-08 21:01:26 [debug    ] HAProxy fallback latency       delta_requests=773 interval_avg_ms=64.0 max_rtime_ms=117.0 p99_est=117.0
2026-07-08 21:01:26 [debug    ] burn_rate_adjustment           actual_burn=0.0 adjustment=-7 allowed_burn=0.83 budget_remaining=1000 burn_error=-1.0 burn_ratio=0.0
2026-07-08 21:01:26 [info     ] algorithm2_scaling_decision    action=MAINTAIN alpha=0.014992503748125937 beta=0.0 buffer=1.2 current_replicas=3 predicted_load=41.56333302918946 required_resources=0.623 target_replicas=3
2026-07-08 21:01:26 [debug    ] Decision loop completed        action=MAINTAIN latency_ms=110.93 p99=117.0
2026-07-08 21:01:41 [debug    ] HAProxy fallback latency       delta_requests=813 interval_avg_ms=72.61 max_rtime_ms=122.0 p99_est=122.0
2026-07-08 21:01:42 [debug    ] burn_rate_adjustment           actual_burn=0.0 adjustment=-7 allowed_burn=0.83 budget_remaining=1000 burn_error=-1.0 burn_ratio=0.0
2026-07-08 21:01:42 [info     ] algorithm2_scaling_decision    action=MAINTAIN alpha=0.014992503748125937 beta=0.0 buffer=1.2 current_replicas=3 predicted_load=52.446217987541026 required_resources=0.786 target_replicas=3
2026-07-08 21:01:42 [debug    ] Decision loop completed        action=MAINTAIN latency_ms=106.17 p99=122.0
2026-07-08 21:01:57 [debug    ] HAProxy fallback latency       delta_requests=637 interval_avg_ms=65.0 max_rtime_ms=128.0 p99_est=128.0
2026-07-08 21:01:57 [debug    ] burn_rate_adjustment           actual_burn=0.0 adjustment=-7 allowed_burn=0.83 budget_remaining=1000 burn_error=-1.0 burn_ratio=0.0
2026-07-08 21:01:57 [info     ] algorithm2_scaling_decision    action=MAINTAIN alpha=0.014992503748125937 beta=0.0 buffer=1.2 current_replicas=3 predicted_load=48.01811068922609 required_resources=0.72 target_replicas=3
2026-07-08 21:01:57 [debug    ] Decision loop completed        action=MAINTAIN latency_ms=112.58 p99=128.0
2026-07-08 21:02:12 [debug    ] HAProxy fallback latency       delta_requests=656 interval_avg_ms=65.0 max_rtime_ms=128.0 p99_est=128.0
2026-07-08 21:02:12 [debug    ] burn_rate_adjustment           actual_burn=0.0 adjustment=-7 allowed_burn=0.83 budget_remaining=1000 burn_error=-1.0 burn_ratio=0.0
2026-07-08 21:02:12 [info     ] algorithm2_scaling_decision    action=MAINTAIN alpha=0.014992503748125937 beta=0.0 buffer=1.2 current_replicas=3 predicted_load=42.82033640132683 required_resources=0.642 target_replicas=3
2026-07-08 21:02:12 [debug    ] Decision loop completed        action=MAINTAIN latency_ms=108.82 p99=128.0
2026-07-08 21:02:27 [debug    ] HAProxy fallback latency       delta_requests=831 interval_avg_ms=65.0 max_rtime_ms=166.0 p99_est=130.0
2026-07-08 21:02:27 [debug    ] burn_rate_adjustment           actual_burn=0.0 adjustment=-7 allowed_burn=0.83 budget_remaining=1000 burn_error=-1.0 burn_ratio=0.0
2026-07-08 21:02:27 [info     ] algorithm2_scaling_decision    action=MAINTAIN alpha=0.014992503748125937 beta=0.0 buffer=1.2 current_replicas=3 predicted_load=49.170624972256775 required_resources=0.737 target_replicas=3
2026-07-08 21:02:27 [debug    ] Decision loop completed        action=MAINTAIN latency_ms=107.02 p99=130.0
2026-07-08 21:02:42 [debug    ] HAProxy fallback latency       delta_requests=915 interval_avg_ms=75.97 max_rtime_ms=168.0 p99_est=151.94
2026-07-08 21:02:42 [debug    ] burn_rate_adjustment           actual_burn=0.0 adjustment=-7 allowed_burn=0.83 budget_remaining=1000 burn_error=-1.0 burn_ratio=0.0
2026-07-08 21:02:42 [info     ] algorithm2_scaling_decision    action=MAINTAIN alpha=0.014992503748125937 beta=0.0 buffer=1.2 current_replicas=3 predicted_load=57.75200785464005 required_resources=0.866 target_replicas=3
2026-07-08 21:02:42 [debug    ] Decision loop completed        action=MAINTAIN latency_ms=105.94 p99=151.94098360655738
2026-07-08 21:02:57 [debug    ] HAProxy fallback latency       delta_requests=931 interval_avg_ms=54.22 max_rtime_ms=168.0 p99_est=108.44
2026-07-08 21:02:57 [debug    ] burn_rate_adjustment           actual_burn=0.0 adjustment=-7 allowed_burn=0.83 budget_remaining=1000 burn_error=-1.0 burn_ratio=0.0
2026-07-08 21:02:57 [info     ] algorithm2_scaling_decision    action=MAINTAIN alpha=0.014992503748125937 beta=0.0 buffer=1.2 current_replicas=3 predicted_load=61.06673664011255 required_resources=0.916 target_replicas=3
2026-07-08 21:02:57 [debug    ] Decision loop completed        action=MAINTAIN latency_ms=118.04 p99=108.43609022556392
2026-07-08 21:03:12 [debug    ] HAProxy fallback latency       delta_requests=1003 interval_avg_ms=88.87 max_rtime_ms=168.0 p99_est=168.0
2026-07-08 21:03:12 [debug    ] burn_rate_adjustment           actual_burn=0.0 adjustment=-7 allowed_burn=0.83 budget_remaining=1000 burn_error=-1.0 burn_ratio=0.0
2026-07-08 21:03:12 [info     ] algorithm2_scaling_decision    action=MAINTAIN alpha=0.014992503748125937 beta=0.0 buffer=1.2 current_replicas=3 predicted_load=63.985743856014366 required_resources=0.959 target_replicas=3
2026-07-08 21:03:12 [debug    ] Decision loop completed        action=MAINTAIN latency_ms=104.45 p99=168.0
2026-07-08 21:03:27 [debug    ] HAProxy fallback latency       delta_requests=1118 interval_avg_ms=55.29 max_rtime_ms=168.0 p99_est=110.58
2026-07-08 21:03:27 [debug    ] burn_rate_adjustment           actual_burn=0.0 adjustment=-7 allowed_burn=0.83 budget_remaining=1000 burn_error=-1.0 burn_ratio=0.0
2026-07-08 21:03:27 [info     ] algorithm2_scaling_decision    action=MAINTAIN alpha=0.014992503748125937 beta=0.0 buffer=1.2 current_replicas=3 predicted_load=70.17994690900741 required_resources=1.052 target_replicas=3
2026-07-08 21:03:27 [debug    ] Decision loop completed        action=MAINTAIN latency_ms=114.47 p99=110.58318425760287
2026-07-08 21:03:42 [debug    ] HAProxy fallback latency       delta_requests=1273 interval_avg_ms=111.13 max_rtime_ms=168.0 p99_est=168.0
2026-07-08 21:03:42 [debug    ] burn_rate_adjustment           actual_burn=0.0 adjustment=-7 allowed_burn=0.83 budget_remaining=1000 burn_error=-1.0 burn_ratio=0.0
2026-07-08 21:03:42 [info     ] algorithm2_scaling_decision    action=MAINTAIN alpha=0.014992503748125937 beta=0.0 buffer=1.2 current_replicas=3 predicted_load=79.08805754791688 required_resources=1.186 target_replicas=3
2026-07-08 21:03:42 [debug    ] Decision loop completed        action=MAINTAIN latency_ms=112.56 p99=168.0
2026-07-08 21:03:57 [debug    ] HAProxy fallback latency       delta_requests=1456 interval_avg_ms=80.86 max_rtime_ms=204.0 p99_est=161.73
2026-07-08 21:03:58 [debug    ] burn_rate_adjustment           actual_burn=0.0 adjustment=-7 allowed_burn=0.83 budget_remaining=1000 burn_error=-1.0 burn_ratio=0.0
2026-07-08 21:03:58 [info     ] algorithm2_scaling_decision    action=MAINTAIN alpha=0.014992503748125937 beta=0.0 buffer=1.2 current_replicas=3 predicted_load=90.24978607934261 required_resources=1.353 target_replicas=3
2026-07-08 21:03:58 [debug    ] Decision loop completed        action=MAINTAIN latency_ms=107.42 p99=161.7293956043956
2026-07-08 21:04:13 [debug    ] HAProxy fallback latency       delta_requests=1666 interval_avg_ms=322.88 max_rtime_ms=313.0 p99_est=313.0
2026-07-08 21:04:13 [debug    ] burn_rate_adjustment           actual_burn=0.0 adjustment=-7 allowed_burn=0.83 budget_remaining=999 burn_error=-0.997 burn_ratio=0.003
2026-07-08 21:04:13 [info     ] Knative pre-warm OK            cold_start_ms=3.4
2026-07-08 21:04:13 [info     ] controller_decision_v3         action=REACTIVE available_replicas=3 budget_remaining=999 burn_adjustment=-7 burst_ratio=0.0922 capacity_deficit=False confidence=0 current_load=110.2086381120773 decision_id=2f36a977 k8s_capacity=100.1 k8s_weight=97 knative_weight=3 p99=313.0 predicted_load=0 r_effective=33.4 serverless_enabled=True total_load=110.2 weights_after={'k3s': 97, 'knative': 3} weights_before={'k3s': 100, 'knative': 0}
2026-07-08 21:04:13 [info     ] Weights updated                k3s=97 knative=3
2026-07-08 21:04:13 [info     ] Weights updated                action=REACTIVE reason='load=110RPS | k8s_cap=100RPS | (burst-routing)' weights={'k3s': 97, 'knative': 3}
2026-07-08 21:04:13 [info     ] algorithm2_scaling_decision    action=MAINTAIN alpha=0.014992503748125937 beta=0.0 buffer=1.2 current_replicas=3 predicted_load=103.24271351733972 required_resources=1.548 target_replicas=3
2026-07-08 21:04:13 [debug    ] Decision loop completed        action=REACTIVE latency_ms=113.13 p99=313.0
2026-07-08 21:04:28 [debug    ] HAProxy fallback latency       delta_requests=1890 interval_avg_ms=464.05 max_rtime_ms=526.0 p99_est=526.0
2026-07-08 21:04:28 [debug    ] burn_rate_adjustment           actual_burn=0.01 adjustment=-7 allowed_burn=0.83 budget_remaining=998 burn_error=-0.993 burn_ratio=0.007
2026-07-08 21:04:28 [info     ] controller_decision_v3         action=REACTIVE available_replicas=3 budget_remaining=998 burn_adjustment=-7 burst_ratio=0.1999 capacity_deficit=False confidence=0 current_load=125.0503638965184 decision_id=66d51b61 k8s_capacity=100.1 k8s_weight=87 knative_weight=13 p99=526.0 predicted_load=0 r_effective=33.4 serverless_enabled=True total_load=125.1 weights_after={'k3s': 87, 'knative': 13} weights_before={'k3s': 97, 'knative': 3}
2026-07-08 21:04:28 [info     ] Weights updated                k3s=87 knative=13
2026-07-08 21:04:28 [info     ] Weights updated                action=REACTIVE reason='load=125RPS | k8s_cap=100RPS | (burst-routing)' weights={'k3s': 87, 'knative': 13}
2026-07-08 21:04:28 [info     ] algorithm2_scaling_decision    action=MAINTAIN alpha=0.014992503748125937 beta=0.0 buffer=1.2 current_replicas=3 predicted_load=117.62950100429785 required_resources=1.764 target_replicas=3
2026-07-08 21:04:28 [debug    ] Decision loop completed        action=REACTIVE latency_ms=113.74 p99=526.0
2026-07-08 21:04:43 [debug    ] burn_rate_adjustment           actual_burn=0.01 adjustment=-7 allowed_burn=0.83 budget_remaining=997 burn_error=-0.99 burn_ratio=0.01
2026-07-08 21:04:43 [info     ] controller_decision_v3         action=RECOVERY available_replicas=3 budget_remaining=997 burn_adjustment=-7 burst_ratio=0.1224 capacity_deficit=False confidence=0 current_load=114.00648116161771 decision_id=f7e1d4fe k8s_capacity=100.1 k8s_weight=94 knative_weight=6 p99=526.0 predicted_load=0 r_effective=33.4 serverless_enabled=True total_load=114.0 weights_after={'k3s': 94, 'knative': 6} weights_before={'k3s': 87, 'knative': 13}
2026-07-08 21:04:43 [info     ] Weights updated                k3s=94 knative=6
2026-07-08 21:04:43 [info     ] Weights updated                action=RECOVERY reason='load=114RPS | k8s_cap=100RPS | (reducing-serverless)' weights={'k3s': 94, 'knative': 6}
2026-07-08 21:04:43 [info     ] algorithm2_scaling_decision    action=MAINTAIN alpha=0.014992503748125937 beta=0.0 buffer=1.2 current_replicas=3 predicted_load=119.52842252906805 required_resources=1.792 target_replicas=3
2026-07-08 21:04:43 [debug    ] Decision loop completed        action=RECOVERY latency_ms=147.61 p99=526.0
2026-07-08 21:04:58 [debug    ] burn_rate_adjustment           actual_burn=0.01 adjustment=-7 allowed_burn=0.83 budget_remaining=996 burn_error=-0.988 burn_ratio=0.012
2026-07-08 21:04:58 [info     ] controller_decision_v3         action=RECOVERY available_replicas=3 budget_remaining=996 burn_adjustment=-7 burst_ratio=0 capacity_deficit=False confidence=0 current_load=86.94427112807483 decision_id=c1fba8c7 k8s_capacity=100.1 k8s_weight=100 knative_weight=0 p99=526.0 predicted_load=0 r_effective=33.4 serverless_enabled=False total_load=86.9 weights_after={'k3s': 100, 'knative': 0} weights_before={'k3s': 94, 'knative': 6}
2026-07-08 21:04:58 [info     ] Weights updated                k3s=100 knative=0
2026-07-08 21:04:58 [info     ] Weights updated                action=RECOVERY reason='load=87RPS | k8s_cap=100RPS | (reducing-serverless)' weights={'k3s': 100, 'knative': 0}
2026-07-08 21:04:58 [info     ] algorithm2_scaling_decision    action=MAINTAIN alpha=0.014992503748125937 beta=0.0 buffer=1.2 current_replicas=3 predicted_load=100.47537614484628 required_resources=1.506 target_replicas=3
2026-07-08 21:04:58 [debug    ] Decision loop completed        action=RECOVERY latency_ms=142.35 p99=526.0
2026-07-08 21:05:13 [debug    ] HAProxy fallback latency       delta_requests=1131 interval_avg_ms=6.55 max_rtime_ms=526.0 p99_est=13.1
2026-07-08 21:05:13 [debug    ] burn_rate_adjustment           actual_burn=0.01 adjustment=-7 allowed_burn=0.83 budget_remaining=996 burn_error=-0.988 burn_ratio=0.012
2026-07-08 21:05:13 [info     ] algorithm2_scaling_decision    action=MAINTAIN alpha=0.014992503748125937 beta=0.0 buffer=1.2 current_replicas=3 predicted_load=80.8499297122155 required_resources=1.212 target_replicas=3
2026-07-08 21:05:13 [debug    ] Decision loop completed        action=MAINTAIN latency_ms=104.91 p99=13.09814323607427
2026-07-08 21:05:28 [debug    ] HAProxy fallback latency       delta_requests=1075 interval_avg_ms=66.0 max_rtime_ms=526.0 p99_est=132.0
2026-07-08 21:05:28 [debug    ] burn_rate_adjustment           actual_burn=0.01 adjustment=-7 allowed_burn=0.83 budget_remaining=996 burn_error=-0.989 burn_ratio=0.011
2026-07-08 21:05:28 [info     ] algorithm2_scaling_decision    action=MAINTAIN alpha=0.014992503748125937 beta=0.0 buffer=1.2 current_replicas=3 predicted_load=72.92822178959334 required_resources=1.093 target_replicas=3
2026-07-08 21:05:28 [debug    ] Decision loop completed        action=MAINTAIN latency_ms=108.86 p99=132.0
2026-07-08 21:05:43 [debug    ] HAProxy fallback latency       delta_requests=947 interval_avg_ms=39.0 max_rtime_ms=526.0 p99_est=78.01
2026-07-08 21:05:43 [debug    ] burn_rate_adjustment           actual_burn=0.01 adjustment=-7 allowed_burn=0.83 budget_remaining=996 burn_error=-0.989 burn_ratio=0.011
2026-07-08 21:05:43 [info     ] algorithm2_scaling_decision    action=MAINTAIN alpha=0.014992503748125937 beta=0.0 buffer=1.2 current_replicas=3 predicted_load=66.92323288845158 required_resources=1.003 target_replicas=3
2026-07-08 21:05:43 [debug    ] Decision loop completed        action=MAINTAIN latency_ms=107.94 p99=78.0063357972545
2026-07-08 21:05:58 [debug    ] HAProxy fallback latency       delta_requests=792 interval_avg_ms=98.28 max_rtime_ms=526.0 p99_est=196.56
2026-07-08 21:05:58 [debug    ] burn_rate_adjustment           actual_burn=0.01 adjustment=-7 allowed_burn=0.83 budget_remaining=996 burn_error=-0.989 burn_ratio=0.011
2026-07-08 21:05:59 [info     ] algorithm2_scaling_decision    action=MAINTAIN alpha=0.014992503748125937 beta=0.0 buffer=1.2 current_replicas=3 predicted_load=57.584079006572296 required_resources=0.863 target_replicas=3
2026-07-08 21:05:59 [debug    ] Decision loop completed        action=MAINTAIN latency_ms=108.19 p99=196.56060606060606
2026-07-08 21:06:14 [debug    ] HAProxy fallback latency       delta_requests=1194 interval_avg_ms=181.38 max_rtime_ms=526.0 p99_est=362.75
2026-07-08 21:06:14 [debug    ] burn_rate_adjustment           actual_burn=0.01 adjustment=-7 allowed_burn=0.83 budget_remaining=995 burn_error=-0.987 burn_ratio=0.013
2026-07-08 21:06:14 [info     ] algorithm2_scaling_decision    action=MAINTAIN alpha=0.014992503748125937 beta=0.0 buffer=1.2 current_replicas=3 predicted_load=65.65875241789146 required_resources=0.984 target_replicas=3
2026-07-08 21:06:14 [debug    ] Decision loop completed        action=MAINTAIN latency_ms=110.84 p99=362.7537688442211
2026-07-08 21:06:29 [debug    ] HAProxy fallback latency       delta_requests=1866 interval_avg_ms=780.44 max_rtime_ms=526.0 p99_est=526.0
2026-07-08 21:06:29 [debug    ] burn_rate_adjustment           actual_burn=0.01 adjustment=-7 allowed_burn=0.83 budget_remaining=994 burn_error=-0.985 burn_ratio=0.015
2026-07-08 21:06:29 [info     ] Knative pre-warm OK            cold_start_ms=2.6
2026-07-08 21:06:29 [info     ] controller_decision_v3         action=REACTIVE available_replicas=3 budget_remaining=994 burn_adjustment=-7 burst_ratio=0.1889 capacity_deficit=False confidence=0 current_load=123.35451331438702 decision_id=2359164b k8s_capacity=100.1 k8s_weight=88 knative_weight=12 p99=526.0 predicted_load=0 r_effective=33.4 serverless_enabled=True total_load=123.4 weights_after={'k3s': 88, 'knative': 12} weights_before={'k3s': 100, 'knative': 0}
2026-07-08 21:06:29 [info     ] Weights updated                k3s=88 knative=12
2026-07-08 21:06:29 [info     ] Weights updated                action=REACTIVE reason='load=123RPS | k8s_cap=100RPS | (burst-routing)' weights={'k3s': 88, 'knative': 12}
2026-07-08 21:06:29 [info     ] algorithm2_scaling_decision    action=MAINTAIN alpha=0.014992503748125937 beta=0.0 buffer=1.2 current_replicas=3 predicted_load=101.124735315549 required_resources=1.516 target_replicas=3
2026-07-08 21:06:29 [debug    ] Decision loop completed        action=REACTIVE latency_ms=130.97 p99=526.0
2026-07-08 21:06:44 [debug    ] burn_rate_adjustment           actual_burn=0.01 adjustment=-7 allowed_burn=0.83 budget_remaining=993 burn_error=-0.983 burn_ratio=0.017
2026-07-08 21:06:44 [info     ] controller_decision_v3         action=RECOVERY available_replicas=3 budget_remaining=993 burn_adjustment=-7 burst_ratio=0.171 capacity_deficit=False confidence=0 current_load=120.68162061310645 decision_id=4a26e2fa k8s_capacity=100.1 k8s_weight=89 knative_weight=11 p99=526.0 predicted_load=0 r_effective=33.4 serverless_enabled=True total_load=120.7 weights_after={'k3s': 89, 'knative': 11} weights_before={'k3s': 88, 'knative': 12}
2026-07-08 21:06:44 [info     ] Weights updated                k3s=89 knative=11
2026-07-08 21:06:44 [info     ] Weights updated                action=RECOVERY reason='load=121RPS | k8s_cap=100RPS | (reducing-serverless)' weights={'k3s': 89, 'knative': 11}
2026-07-08 21:06:44 [info     ] algorithm2_scaling_decision    action=MAINTAIN alpha=0.014992503748125937 beta=0.0 buffer=1.2 current_replicas=3 predicted_load=122.01806696374673 required_resources=1.829 target_replicas=3
2026-07-08 21:06:44 [debug    ] Decision loop completed        action=RECOVERY latency_ms=146.47 p99=526.0
2026-07-08 21:06:59 [debug    ] burn_rate_adjustment           actual_burn=0.02 adjustment=-7 allowed_burn=0.83 budget_remaining=992 burn_error=-0.981 burn_ratio=0.019
2026-07-08 21:06:59 [info     ] controller_decision_v3         action=RECOVERY available_replicas=3 budget_remaining=992 burn_adjustment=-7 burst_ratio=0 capacity_deficit=False confidence=0 current_load=94.2765835143912 decision_id=67d212fd k8s_capacity=100.1 k8s_weight=100 knative_weight=0 p99=526.0 predicted_load=0 r_effective=33.4 serverless_enabled=False total_load=94.3 weights_after={'k3s': 100, 'knative': 0} weights_before={'k3s': 89, 'knative': 11}
2026-07-08 21:06:59 [info     ] Weights updated                k3s=100 knative=0
2026-07-08 21:06:59 [info     ] Weights updated                action=RECOVERY reason='load=94RPS | k8s_cap=100RPS | (reducing-serverless)' weights={'k3s': 100, 'knative': 0}
2026-07-08 21:06:59 [info     ] algorithm2_scaling_decision    action=MAINTAIN alpha=0.014992503748125937 beta=0.0 buffer=1.2 current_replicas=3 predicted_load=107.47910206374883 required_resources=1.611 target_replicas=3
2026-07-08 21:06:59 [debug    ] Decision loop completed        action=RECOVERY latency_ms=142.94 p99=526.0
2026-07-08 21:07:14 [debug    ] HAProxy fallback latency       delta_requests=1232 interval_avg_ms=68.0 max_rtime_ms=526.0 p99_est=136.0
2026-07-08 21:07:14 [debug    ] burn_rate_adjustment           actual_burn=0.02 adjustment=-7 allowed_burn=0.83 budget_remaining=992 burn_error=-0.982 burn_ratio=0.018
2026-07-08 21:07:14 [info     ] algorithm2_scaling_decision    action=MAINTAIN alpha=0.014992503748125937 beta=0.0 buffer=1.2 current_replicas=3 predicted_load=87.81667835847665 required_resources=1.317 target_replicas=3
2026-07-08 21:07:14 [debug    ] Decision loop completed        action=MAINTAIN latency_ms=107.99 p99=136.0
2026-07-08 21:07:29 [debug    ] HAProxy fallback latency       delta_requests=1146 interval_avg_ms=6.84 max_rtime_ms=526.0 p99_est=13.67
2026-07-08 21:07:29 [debug    ] burn_rate_adjustment           actual_burn=0.01 adjustment=-7 allowed_burn=0.83 budget_remaining=992 burn_error=-0.982 burn_ratio=0.018
2026-07-08 21:07:29 [info     ] algorithm2_scaling_decision    action=MAINTAIN alpha=0.014992503748125937 beta=0.0 buffer=1.2 current_replicas=3 predicted_load=78.60384570972096 required_resources=1.178 target_replicas=3
2026-07-08 21:07:29 [debug    ] Decision loop completed        action=MAINTAIN latency_ms=110.42 p99=13.671902268760908
2026-07-08 21:07:44 [debug    ] HAProxy fallback latency       delta_requests=1484 interval_avg_ms=164.47 max_rtime_ms=526.0 p99_est=328.93
2026-07-08 21:07:44 [debug    ] burn_rate_adjustment           actual_burn=0.02 adjustment=-7 allowed_burn=0.83 budget_remaining=991 burn_error=-0.981 burn_ratio=0.019
2026-07-08 21:07:44 [info     ] algorithm2_scaling_decision    action=MAINTAIN alpha=0.014992503748125937 beta=0.0 buffer=1.2 current_replicas=3 predicted_load=86.96490848452709 required_resources=1.304 target_replicas=3
2026-07-08 21:07:44 [debug    ] Decision loop completed        action=MAINTAIN latency_ms=114.06 p99=328.93261455525607
2026-07-08 21:07:59 [debug    ] HAProxy fallback latency       delta_requests=1999 interval_avg_ms=1033.73 max_rtime_ms=526.0 p99_est=526.0
2026-07-08 21:07:59 [debug    ] burn_rate_adjustment           actual_burn=0.02 adjustment=-7 allowed_burn=0.83 budget_remaining=990 burn_error=-0.979 burn_ratio=0.021
2026-07-08 21:07:59 [info     ] Knative pre-warm OK            cold_start_ms=2.5
2026-07-08 21:07:59 [info     ] controller_decision_v3         action=REACTIVE available_replicas=3 budget_remaining=990 burn_adjustment=-7 burst_ratio=0.2435 capacity_deficit=False confidence=0 current_load=132.26128467199527 decision_id=07d515fd k8s_capacity=100.1 k8s_weight=82 knative_weight=18 p99=526.0 predicted_load=0 r_effective=33.4 serverless_enabled=True total_load=132.3 weights_after={'k3s': 82, 'knative': 18} weights_before={'k3s': 100, 'knative': 0}
2026-07-08 21:07:59 [info     ] Weights updated                k3s=82 knative=18
2026-07-08 21:07:59 [info     ] Weights updated                action=REACTIVE reason='load=132RPS | k8s_cap=100RPS | (burst-routing)' weights={'k3s': 82, 'knative': 18}
2026-07-08 21:07:59 [info     ] algorithm2_scaling_decision    action=MAINTAIN alpha=0.014992503748125937 beta=0.0 buffer=1.2 current_replicas=3 predicted_load=115.17009171208483 required_resources=1.727 target_replicas=3
2026-07-08 21:07:59 [debug    ] Decision loop completed        action=REACTIVE latency_ms=115.9 p99=526.0
2026-07-08 21:08:15 [debug    ] burn_rate_adjustment           actual_burn=0.02 adjustment=-7 allowed_burn=0.83 budget_remaining=989 burn_error=-0.978 burn_ratio=0.022
2026-07-08 21:08:15 [info     ] controller_decision_v3         action=REACTIVE available_replicas=3 budget_remaining=989 burn_adjustment=-7 burst_ratio=0.3338 capacity_deficit=False confidence=0 current_load=150.17670562399343 decision_id=d4c08416 k8s_capacity=100.1 k8s_weight=73 knative_weight=27 p99=526.0 predicted_load=0 r_effective=33.4 serverless_enabled=True total_load=150.2 weights_after={'k3s': 73, 'knative': 27} weights_before={'k3s': 82, 'knative': 18}
2026-07-08 21:08:15 [info     ] Weights updated                k3s=73 knative=27
2026-07-08 21:08:15 [info     ] Weights updated                action=REACTIVE reason='load=150RPS | k8s_cap=100RPS | (burst-routing)' weights={'k3s': 73, 'knative': 27}
2026-07-08 21:08:15 [info     ] algorithm2_scaling_decision    action=MAINTAIN alpha=0.014992503748125937 beta=0.0 buffer=1.2 current_replicas=3 predicted_load=141.21899514799435 required_resources=2.117 target_replicas=3
2026-07-08 21:08:15 [debug    ] Decision loop completed        action=REACTIVE latency_ms=115.13 p99=526.0
2026-07-08 21:08:30 [debug    ] burn_rate_adjustment           actual_burn=0.02 adjustment=-7 allowed_burn=0.83 budget_remaining=988 burn_error=-0.976 burn_ratio=0.024
2026-07-08 21:08:30 [info     ] controller_decision_v3         action=REACTIVE available_replicas=3 budget_remaining=988 burn_adjustment=-7 burst_ratio=0.3751 capacity_deficit=False confidence=0 current_load=160.10175630576154 decision_id=6672eb97 k8s_capacity=100.1 k8s_weight=69 knative_weight=31 p99=526.0 predicted_load=0 r_effective=33.4 serverless_enabled=True total_load=160.1 weights_after={'k3s': 69, 'knative': 31} weights_before={'k3s': 73, 'knative': 27}
2026-07-08 21:08:30 [info     ] Weights updated                k3s=69 knative=31
2026-07-08 21:08:30 [info     ] Weights updated                action=REACTIVE reason='load=160RPS | k8s_cap=100RPS | (burst-routing)' weights={'k3s': 69, 'knative': 31}
2026-07-08 21:08:30 [info     ] algorithm2_scaling_decision    action=MAINTAIN alpha=0.014992503748125937 beta=0.0 buffer=1.2 current_replicas=3 predicted_load=155.13923096487747 required_resources=2.326 target_replicas=3
2026-07-08 21:08:30 [debug    ] Decision loop completed        action=REACTIVE latency_ms=113.97 p99=526.0
2026-07-08 21:08:45 [debug    ] burn_rate_adjustment           actual_burn=0.02 adjustment=-7 allowed_burn=0.83 budget_remaining=987 burn_error=-0.975 burn_ratio=0.025
2026-07-08 21:08:45 [info     ] controller_decision_v3         action=RECOVERY available_replicas=3 budget_remaining=987 burn_adjustment=-7 burst_ratio=0.3139 capacity_deficit=False confidence=0 current_load=145.8226099385118 decision_id=fc67a882 k8s_capacity=100.1 k8s_weight=75 knative_weight=25 p99=526.0 predicted_load=0 r_effective=33.4 serverless_enabled=True total_load=145.8 weights_after={'k3s': 75, 'knative': 25} weights_before={'k3s': 69, 'knative': 31}
2026-07-08 21:08:45 [info     ] Weights updated                k3s=75 knative=25
2026-07-08 21:08:45 [info     ] Weights updated                action=RECOVERY reason='load=146RPS | k8s_cap=100RPS | (reducing-serverless)' weights={'k3s': 75, 'knative': 25}
2026-07-08 21:08:45 [info     ] algorithm2_scaling_decision    action=MAINTAIN alpha=0.014992503748125937 beta=0.0 buffer=1.2 current_replicas=3 predicted_load=152.96218312213665 required_resources=2.293 target_replicas=3
2026-07-08 21:08:45 [debug    ] Decision loop completed        action=RECOVERY latency_ms=151.9 p99=526.0
2026-07-08 21:09:00 [debug    ] HAProxy fallback latency       delta_requests=1856 interval_avg_ms=43.53 max_rtime_ms=526.0 p99_est=87.05
2026-07-08 21:09:00 [debug    ] burn_rate_adjustment           actual_burn=0.02 adjustment=-7 allowed_burn=0.83 budget_remaining=987 burn_error=-0.975 burn_ratio=0.025
2026-07-08 21:09:00 [info     ] controller_decision_v3         action=RECOVERY available_replicas=3 budget_remaining=987 burn_adjustment=-7 burst_ratio=0.1837 capacity_deficit=False confidence=0 current_load=122.55961554962443 decision_id=cbcd3405 k8s_capacity=100.1 k8s_weight=88 knative_weight=12 p99=87.1 predicted_load=0 r_effective=33.4 serverless_enabled=True total_load=122.6 weights_after={'k3s': 88, 'knative': 12} weights_before={'k3s': 75, 'knative': 25}
2026-07-08 21:09:00 [info     ] Weights updated                k3s=88 knative=12
2026-07-08 21:09:00 [info     ] Weights updated                action=RECOVERY reason='load=123RPS | k8s_cap=100RPS | (reducing-serverless)' weights={'k3s': 88, 'knative': 12}
2026-07-08 21:09:00 [info     ] algorithm2_scaling_decision    action=MAINTAIN alpha=0.014992503748125937 beta=0.0 buffer=1.2 current_replicas=3 predicted_load=134.1911127440681 required_resources=2.012 target_replicas=3
2026-07-08 21:09:00 [debug    ] Decision loop completed        action=RECOVERY latency_ms=148.33 p99=87.05172413793103
2026-07-08 21:09:15 [debug    ] HAProxy fallback latency       delta_requests=1787 interval_avg_ms=342.58 max_rtime_ms=526.0 p99_est=526.0
2026-07-08 21:09:15 [debug    ] burn_rate_adjustment           actual_burn=0.02 adjustment=-7 allowed_burn=0.83 budget_remaining=986 burn_error=-0.974 burn_ratio=0.026
2026-07-08 21:09:15 [info     ] controller_decision_v3         action=RECOVERY available_replicas=3 budget_remaining=986 burn_adjustment=-7 burst_ratio=0.1514 capacity_deficit=False confidence=0 current_load=117.89439485855753 decision_id=7d1b2003 k8s_capacity=100.1 k8s_weight=91 knative_weight=9 p99=526.0 predicted_load=0 r_effective=33.4 serverless_enabled=True total_load=117.9 weights_after={'k3s': 91, 'knative': 9} weights_before={'k3s': 88, 'knative': 12}
2026-07-08 21:09:15 [info     ] Weights updated                k3s=91 knative=9
2026-07-08 21:09:15 [info     ] Weights updated                action=RECOVERY reason='load=118RPS | k8s_cap=100RPS | (reducing-serverless)' weights={'k3s': 91, 'knative': 9}
2026-07-08 21:09:15 [info     ] algorithm2_scaling_decision    action=MAINTAIN alpha=0.014992503748125937 beta=0.0 buffer=1.2 current_replicas=3 predicted_load=120.22700520409097 required_resources=1.803 target_replicas=3
2026-07-08 21:09:15 [debug    ] Decision loop completed        action=RECOVERY latency_ms=146.16 p99=526.0
2026-07-08 21:09:30 [debug    ] burn_rate_adjustment           actual_burn=0.02 adjustment=-7 allowed_burn=0.83 budget_remaining=985 burn_error=-0.973 burn_ratio=0.027
2026-07-08 21:09:30 [info     ] controller_decision_v3         action=REACTIVE available_replicas=3 budget_remaining=985 burn_adjustment=-7 burst_ratio=0.1688 capacity_deficit=False confidence=0 current_load=120.36213073041975 decision_id=e9c7a7d5 k8s_capacity=100.1 k8s_weight=90 knative_weight=10 p99=526.0 predicted_load=0 r_effective=33.4 serverless_enabled=True total_load=120.4 weights_after={'k3s': 90, 'knative': 10} weights_before={'k3s': 91, 'knative': 9}
2026-07-08 21:09:30 [info     ] Weights updated                k3s=90 knative=10
2026-07-08 21:09:30 [info     ] Weights updated                action=REACTIVE reason='load=120RPS | k8s_cap=100RPS | (burst-routing)' weights={'k3s': 90, 'knative': 10}
2026-07-08 21:09:30 [info     ] algorithm2_scaling_decision    action=MAINTAIN alpha=0.014992503748125937 beta=0.0 buffer=1.2 current_replicas=3 predicted_load=119.12826279448865 required_resources=1.786 target_replicas=3
2026-07-08 21:09:30 [debug    ] Decision loop completed        action=REACTIVE latency_ms=114.25 p99=526.0
2026-07-08 21:09:45 [debug    ] HAProxy fallback latency       delta_requests=1816 interval_avg_ms=191.09 max_rtime_ms=526.0 p99_est=382.19
2026-07-08 21:09:45 [debug    ] burn_rate_adjustment           actual_burn=0.02 adjustment=-7 allowed_burn=0.83 budget_remaining=984 burn_error=-0.972 burn_ratio=0.028
2026-07-08 21:09:45 [info     ] algorithm2_scaling_decision    action=MAINTAIN alpha=0.014992503748125937 beta=0.0 buffer=1.2 current_replicas=3 predicted_load=120.28856920864172 required_resources=1.803 target_replicas=3
2026-07-08 21:09:45 [debug    ] Decision loop completed        action=MAINTAIN latency_ms=113.42 p99=382.18502202643174
2026-07-08 21:10:00 [debug    ] burn_rate_adjustment           actual_burn=0.02 adjustment=-7 allowed_burn=0.83 budget_remaining=983 burn_error=-0.971 burn_ratio=0.029
2026-07-08 21:10:00 [info     ] controller_decision_v3         action=RECOVERY available_replicas=3 budget_remaining=983 burn_adjustment=-7 burst_ratio=0.1543 capacity_deficit=False confidence=0 current_load=118.30362774323324 decision_id=5f42ba85 k8s_capacity=100.1 k8s_weight=91 knative_weight=9 p99=382.2 predicted_load=0 r_effective=33.4 serverless_enabled=True total_load=118.3 weights_after={'k3s': 91, 'knative': 9} weights_before={'k3s': 90, 'knative': 10}
2026-07-08 21:10:00 [info     ] Weights updated                k3s=91 knative=9
2026-07-08 21:10:00 [info     ] Weights updated                action=RECOVERY reason='load=118RPS | k8s_cap=100RPS | (reducing-serverless)' weights={'k3s': 91, 'knative': 9}
2026-07-08 21:10:01 [info     ] algorithm2_scaling_decision    action=MAINTAIN alpha=0.014992503748125937 beta=0.0 buffer=1.2 current_replicas=3 predicted_load=119.25931771504847 required_resources=1.788 target_replicas=3
2026-07-08 21:10:01 [debug    ] Decision loop completed        action=RECOVERY latency_ms=147.32 p99=382.18502202643174
2026-07-08 21:10:16 [debug    ] burn_rate_adjustment           actual_burn=0.03 adjustment=-7 allowed_burn=0.83 budget_remaining=982 burn_error=-0.97 burn_ratio=0.03
2026-07-08 21:10:16 [info     ] controller_decision_v3         action=RECOVERY available_replicas=3 budget_remaining=982 burn_adjustment=-7 burst_ratio=0.026 capacity_deficit=False confidence=0 current_load=102.7247331651931 decision_id=1a161d12 k8s_capacity=100.1 k8s_weight=100 knative_weight=0 p99=382.2 predicted_load=0 r_effective=33.4 serverless_enabled=False total_load=102.7 weights_after={'k3s': 100, 'knative': 0} weights_before={'k3s': 91, 'knative': 9}
2026-07-08 21:10:16 [info     ] Weights updated                k3s=100 knative=0
2026-07-08 21:10:16 [info     ] Weights updated                action=RECOVERY reason='load=103RPS | k8s_cap=100RPS | (reducing-serverless)' weights={'k3s': 100, 'knative': 0}
2026-07-08 21:10:16 [info     ] algorithm2_scaling_decision    action=MAINTAIN alpha=0.014992503748125937 beta=0.0 buffer=1.2 current_replicas=3 predicted_load=110.51418045421318 required_resources=1.657 target_replicas=3
2026-07-08 21:10:16 [debug    ] Decision loop completed        action=RECOVERY latency_ms=148.13 p99=382.18502202643174
2026-07-08 21:10:31 [debug    ] burn_rate_adjustment           actual_burn=0.03 adjustment=-7 allowed_burn=0.83 budget_remaining=981 burn_error=-0.969 burn_ratio=0.031
2026-07-08 21:10:31 [info     ] algorithm2_scaling_decision    action=MAINTAIN alpha=0.014992503748125937 beta=0.0 buffer=1.2 current_replicas=3 predicted_load=93.01836768800645 required_resources=1.395 target_replicas=3
2026-07-08 21:10:31 [debug    ] Decision loop completed        action=MAINTAIN latency_ms=111.66 p99=382.18502202643174
2026-07-08 21:10:46 [debug    ] HAProxy fallback latency       delta_requests=1118 interval_avg_ms=14.74 max_rtime_ms=526.0 p99_est=29.48
2026-07-08 21:10:46 [debug    ] burn_rate_adjustment           actual_burn=0.03 adjustment=-7 allowed_burn=0.83 budget_remaining=981 burn_error=-0.969 burn_ratio=0.031
2026-07-08 21:10:46 [info     ] algorithm2_scaling_decision    action=MAINTAIN alpha=0.014992503748125937 beta=0.0 buffer=1.2 current_replicas=3 predicted_load=78.67919584110604 required_resources=1.18 target_replicas=3
2026-07-08 21:10:46 [debug    ] Decision loop completed        action=MAINTAIN latency_ms=107.1 p99=29.475849731663686
2026-07-08 21:11:01 [debug    ] HAProxy fallback latency       delta_requests=1043 interval_avg_ms=123.02 max_rtime_ms=526.0 p99_est=246.04
2026-07-08 21:11:01 [debug    ] burn_rate_adjustment           actual_burn=0.03 adjustment=-7 allowed_burn=0.83 budget_remaining=980 burn_error=-0.968 burn_ratio=0.032
2026-07-08 21:11:01 [info     ] algorithm2_scaling_decision    action=MAINTAIN alpha=0.014992503748125937 beta=0.0 buffer=1.2 current_replicas=3 predicted_load=71.54388951254708 required_resources=1.073 target_replicas=3
2026-07-08 21:11:01 [debug    ] Decision loop completed        action=MAINTAIN latency_ms=102.31 p99=246.04026845637583
2026-07-08 21:11:16 [debug    ] HAProxy fallback latency       delta_requests=1172 interval_avg_ms=67.0 max_rtime_ms=526.0 p99_est=134.0
2026-07-08 21:11:16 [debug    ] burn_rate_adjustment           actual_burn=0.03 adjustment=-7 allowed_burn=0.83 budget_remaining=980 burn_error=-0.969 burn_ratio=0.031
2026-07-08 21:11:16 [info     ] algorithm2_scaling_decision    action=MAINTAIN alpha=0.014992503748125937 beta=0.0 buffer=1.2 current_replicas=3 predicted_load=73.28828142355545 required_resources=1.099 target_replicas=3
2026-07-08 21:11:16 [debug    ] Decision loop completed        action=MAINTAIN latency_ms=108.27 p99=134.0
2026-07-08 21:11:31 [debug    ] HAProxy fallback latency       delta_requests=1329 interval_avg_ms=160.26 max_rtime_ms=526.0 p99_est=320.53
2026-07-08 21:11:31 [debug    ] burn_rate_adjustment           actual_burn=0.03 adjustment=-7 allowed_burn=0.83 budget_remaining=979 burn_error=-0.968 burn_ratio=0.032
2026-07-08 21:11:31 [info     ] algorithm2_scaling_decision    action=MAINTAIN alpha=0.014992503748125937 beta=0.0 buffer=1.2 current_replicas=3 predicted_load=82.74882095822618 required_resources=1.241 target_replicas=3
2026-07-08 21:11:31 [debug    ] Decision loop completed        action=MAINTAIN latency_ms=109.25 p99=320.5252069224981
2026-07-08 21:11:46 [debug    ] burn_rate_adjustment           actual_burn=0.03 adjustment=-7 allowed_burn=0.83 budget_remaining=978 burn_error=-0.967 burn_ratio=0.033
2026-07-08 21:11:46 [info     ] algorithm2_scaling_decision    action=MAINTAIN alpha=0.014992503748125937 beta=0.0 buffer=1.2 current_replicas=3 predicted_load=80.31770971050567 required_resources=1.204 target_replicas=3
2026-07-08 21:11:46 [debug    ] Decision loop completed        action=MAINTAIN latency_ms=107.52 p99=320.5252069224981
2026-07-08 21:12:01 [debug    ] burn_rate_adjustment           actual_burn=0.03 adjustment=-7 allowed_burn=0.83 budget_remaining=977 burn_error=-0.966 burn_ratio=0.034
2026-07-08 21:12:01 [info     ] algorithm2_scaling_decision    action=MAINTAIN alpha=0.014992503748125937 beta=0.0 buffer=1.2 current_replicas=3 predicted_load=62.08414063715906 required_resources=0.931 target_replicas=3
2026-07-08 21:12:01 [debug    ] Decision loop completed        action=MAINTAIN latency_ms=108.18 p99=320.5252069224981
2026-07-08 21:12:17 [debug    ] burn_rate_adjustment           actual_burn=0.03 adjustment=-7 allowed_burn=0.83 budget_remaining=976 burn_error=-0.965 burn_ratio=0.035
2026-07-08 21:12:17 [info     ] algorithm2_scaling_decision    action=MAINTAIN alpha=0.014992503748125937 beta=0.0 buffer=1.2 current_replicas=3 predicted_load=49.012668816300895 required_resources=0.735 target_replicas=3
2026-07-08 21:12:17 [debug    ] Decision loop completed        action=MAINTAIN latency_ms=105.07 p99=320.5252069224981
2026-07-08 21:12:32 [debug    ] HAProxy fallback latency       delta_requests=693 interval_avg_ms=64.0 max_rtime_ms=526.0 p99_est=128.0
2026-07-08 21:12:32 [debug    ] burn_rate_adjustment           actual_burn=0.03 adjustment=-7 allowed_burn=0.83 budget_remaining=976 burn_error=-0.966 burn_ratio=0.034
2026-07-08 21:12:32 [info     ] algorithm2_scaling_decision    action=MAINTAIN alpha=0.014992503748125937 beta=0.0 buffer=1.2 current_replicas=3 predicted_load=46.20359157381144 required_resources=0.693 target_replicas=3
2026-07-08 21:12:32 [debug    ] Decision loop completed        action=MAINTAIN latency_ms=106.78 p99=128.0
2026-07-08 21:12:47 [debug    ] HAProxy fallback latency       delta_requests=655 interval_avg_ms=64.0 max_rtime_ms=526.0 p99_est=128.0
2026-07-08 21:12:47 [debug    ] burn_rate_adjustment           actual_burn=0.03 adjustment=-7 allowed_burn=0.83 budget_remaining=976 burn_error=-0.967 burn_ratio=0.033
2026-07-08 21:12:47 [info     ] algorithm2_scaling_decision    action=MAINTAIN alpha=0.014992503748125937 beta=0.0 buffer=1.2 current_replicas=3 predicted_load=44.6184315120627 required_resources=0.669 target_replicas=3
2026-07-08 21:12:47 [debug    ] Decision loop completed        action=MAINTAIN latency_ms=108.52 p99=128.0
2026-07-08 21:13:02 [debug    ] HAProxy fallback latency       delta_requests=632 interval_avg_ms=64.0 max_rtime_ms=526.0 p99_est=128.0
2026-07-08 21:13:02 [debug    ] burn_rate_adjustment           actual_burn=0.03 adjustment=-7 allowed_burn=0.83 budget_remaining=976 burn_error=-0.967 burn_ratio=0.033
2026-07-08 21:13:02 [info     ] algorithm2_scaling_decision    action=MAINTAIN alpha=0.014992503748125937 beta=0.0 buffer=1.2 current_replicas=3 predicted_load=42.59516187176153 required_resources=0.639 target_replicas=3
2026-07-08 21:13:02 [debug    ] Decision loop completed        action=MAINTAIN latency_ms=109.51 p99=128.0
2026-07-08 21:13:17 [debug    ] HAProxy fallback latency       delta_requests=830 interval_avg_ms=145.16 max_rtime_ms=526.0 p99_est=290.32
2026-07-08 21:13:17 [debug    ] burn_rate_adjustment           actual_burn=0.03 adjustment=-7 allowed_burn=0.83 budget_remaining=975 burn_error=-0.966 burn_ratio=0.034
2026-07-08 21:13:17 [info     ] algorithm2_scaling_decision    action=MAINTAIN alpha=0.014992503748125937 beta=0.0 buffer=1.2 current_replicas=3 predicted_load=48.38140847441527 required_resources=0.725 target_replicas=3
2026-07-08 21:13:17 [debug    ] Decision loop completed        action=MAINTAIN latency_ms=109.23 p99=290.3156626506024
2026-07-08 21:13:32 [debug    ] HAProxy fallback latency       delta_requests=1057 interval_avg_ms=129.73 max_rtime_ms=526.0 p99_est=259.46
2026-07-08 21:13:32 [debug    ] burn_rate_adjustment           actual_burn=0.03 adjustment=-7 allowed_burn=0.83 budget_remaining=974 burn_error=-0.966 burn_ratio=0.034
2026-07-08 21:13:32 [info     ] algorithm2_scaling_decision    action=MAINTAIN alpha=0.014992503748125937 beta=0.0 buffer=1.2 current_replicas=3 predicted_load=62.41146670983508 required_resources=0.936 target_replicas=3
2026-07-08 21:13:32 [debug    ] Decision loop completed        action=MAINTAIN latency_ms=114.62 p99=259.4569536423841
2026-07-08 21:13:47 [debug    ] HAProxy fallback latency       delta_requests=1076 interval_avg_ms=66.0 max_rtime_ms=526.0 p99_est=132.0
2026-07-08 21:13:47 [debug    ] burn_rate_adjustment           actual_burn=0.03 adjustment=-7 allowed_burn=0.83 budget_remaining=974 burn_error=-0.966 burn_ratio=0.034
2026-07-08 21:13:47 [info     ] algorithm2_scaling_decision    action=MAINTAIN alpha=0.014992503748125937 beta=0.0 buffer=1.2 current_replicas=3 predicted_load=70.53894254902002 required_resources=1.058 target_replicas=3
2026-07-08 21:13:47 [debug    ] Decision loop completed        action=MAINTAIN latency_ms=111.26 p99=132.0
2026-07-08 21:14:02 [debug    ] HAProxy fallback latency       delta_requests=1050 interval_avg_ms=66.0 max_rtime_ms=526.0 p99_est=132.0
2026-07-08 21:14:02 [debug    ] burn_rate_adjustment           actual_burn=0.03 adjustment=-7 allowed_burn=0.83 budget_remaining=974 burn_error=-0.967 burn_ratio=0.033
2026-07-08 21:14:02 [info     ] algorithm2_scaling_decision    action=MAINTAIN alpha=0.014992503748125937 beta=0.0 buffer=1.2 current_replicas=3 predicted_load=70.36810340077685 required_resources=1.055 target_replicas=3
2026-07-08 21:14:02 [debug    ] Decision loop completed        action=MAINTAIN latency_ms=107.46 p99=132.0
2026-07-08 21:14:17 [debug    ] HAProxy fallback latency       delta_requests=1071 interval_avg_ms=66.0 max_rtime_ms=526.0 p99_est=132.0
2026-07-08 21:14:17 [debug    ] burn_rate_adjustment           actual_burn=0.03 adjustment=-7 allowed_burn=0.83 budget_remaining=974 burn_error=-0.967 burn_ratio=0.033
2026-07-08 21:14:17 [info     ] algorithm2_scaling_decision    action=MAINTAIN alpha=0.014992503748125937 beta=0.0 buffer=1.2 current_replicas=3 predicted_load=70.18652644024684 required_resources=1.052 target_replicas=3
2026-07-08 21:14:17 [debug    ] Decision loop completed        action=MAINTAIN latency_ms=112.66 p99=132.0
2026-07-08 21:14:32 [debug    ] HAProxy fallback latency       delta_requests=1128 interval_avg_ms=66.0 max_rtime_ms=526.0 p99_est=132.0
2026-07-08 21:14:33 [debug    ] burn_rate_adjustment           actual_burn=0.03 adjustment=-7 allowed_burn=0.83 budget_remaining=974 burn_error=-0.968 burn_ratio=0.032
2026-07-08 21:14:33 [info     ] algorithm2_scaling_decision    action=MAINTAIN alpha=0.014992503748125937 beta=0.0 buffer=1.2 current_replicas=3 predicted_load=72.73029388262822 required_resources=1.09 target_replicas=3
2026-07-08 21:14:33 [debug    ] Decision loop completed        action=MAINTAIN latency_ms=112.94 p99=132.0
2026-07-08 21:14:48 [debug    ] HAProxy fallback latency       delta_requests=1390 interval_avg_ms=226.0 max_rtime_ms=526.0 p99_est=452.0
2026-07-08 21:14:48 [debug    ] burn_rate_adjustment           actual_burn=0.03 adjustment=-7 allowed_burn=0.83 budget_remaining=973 burn_error=-0.967 burn_ratio=0.033
2026-07-08 21:14:48 [info     ] algorithm2_scaling_decision    action=MAINTAIN alpha=0.014992503748125937 beta=0.0 buffer=1.2 current_replicas=3 predicted_load=83.30629788186702 required_resources=1.249 target_replicas=3
2026-07-08 21:14:48 [debug    ] Decision loop completed        action=MAINTAIN latency_ms=111.51 p99=451.9985611510791
2026-07-08 21:15:03 [debug    ] HAProxy fallback latency       delta_requests=1635 interval_avg_ms=578.75 max_rtime_ms=526.0 p99_est=526.0
2026-07-08 21:15:03 [debug    ] burn_rate_adjustment           actual_burn=0.03 adjustment=-7 allowed_burn=0.83 budget_remaining=972 burn_error=-0.966 burn_ratio=0.034
2026-07-08 21:15:03 [info     ] Knative pre-warm OK            cold_start_ms=2.9
2026-07-08 21:15:03 [info     ] controller_decision_v3         action=REACTIVE available_replicas=3 budget_remaining=972 burn_adjustment=-7 burst_ratio=0.0747 capacity_deficit=False confidence=0 current_load=108.12822741841299 decision_id=24c4d1ee k8s_capacity=100.1 k8s_weight=99 knative_weight=1 p99=526.0 predicted_load=0 r_effective=33.4 serverless_enabled=True total_load=108.1 weights_after={'k3s': 99, 'knative': 1} weights_before={'k3s': 100, 'knative': 0}
2026-07-08 21:15:03 [info     ] Weights updated                k3s=99 knative=1
2026-07-08 21:15:03 [info     ] Weights updated                action=REACTIVE reason='load=108RPS | k8s_cap=100RPS | (burst-routing)' weights={'k3s': 99, 'knative': 1}
2026-07-08 21:15:03 [info     ] algorithm2_scaling_decision    action=MAINTAIN alpha=0.014992503748125937 beta=0.0 buffer=1.2 current_replicas=3 predicted_load=100.05210670613104 required_resources=1.5 target_replicas=3
2026-07-08 21:15:03 [debug    ] Decision loop completed        action=REACTIVE latency_ms=116.84 p99=526.0
2026-07-08 21:15:18 [debug    ] burn_rate_adjustment           actual_burn=0.03 adjustment=-7 allowed_burn=0.83 budget_remaining=971 burn_error=-0.966 burn_ratio=0.034
2026-07-08 21:15:18 [info     ] controller_decision_v3         action=RECOVERY available_replicas=3 budget_remaining=971 burn_adjustment=-7 burst_ratio=0 capacity_deficit=False confidence=0 current_load=96.18709877176921 decision_id=bf006cae k8s_capacity=100.1 k8s_weight=100 knative_weight=0 p99=526.0 predicted_load=0 r_effective=33.4 serverless_enabled=False total_load=96.2 weights_after={'k3s': 100, 'knative': 0} weights_before={'k3s': 99, 'knative': 1}
2026-07-08 21:15:18 [info     ] Weights updated                k3s=100 knative=0
2026-07-08 21:15:18 [info     ] Weights updated                action=RECOVERY reason='load=96RPS | k8s_cap=100RPS | (reducing-serverless)' weights={'k3s': 100, 'knative': 0}
2026-07-08 21:15:18 [info     ] algorithm2_scaling_decision    action=MAINTAIN alpha=0.014992503748125937 beta=0.0 buffer=1.2 current_replicas=3 predicted_load=102.1576630950911 required_resources=1.532 target_replicas=3
2026-07-08 21:15:18 [debug    ] Decision loop completed        action=RECOVERY latency_ms=140.38 p99=526.0
2026-07-08 21:15:33 [debug    ] burn_rate_adjustment           actual_burn=0.03 adjustment=-7 allowed_burn=0.83 budget_remaining=970 burn_error=-0.965 burn_ratio=0.035
2026-07-08 21:15:33 [info     ] algorithm2_scaling_decision    action=MAINTAIN alpha=0.014992503748125937 beta=0.0 buffer=1.2 current_replicas=3 predicted_load=87.3904614723707 required_resources=1.31 target_replicas=3
2026-07-08 21:15:33 [debug    ] Decision loop completed        action=MAINTAIN latency_ms=106.42 p99=526.0
2026-07-08 21:15:48 [debug    ] burn_rate_adjustment           actual_burn=0.03 adjustment=-7 allowed_burn=0.83 budget_remaining=969 burn_error=-0.964 burn_ratio=0.036
2026-07-08 21:15:48 [info     ] algorithm2_scaling_decision    action=MAINTAIN alpha=0.014992503748125937 beta=0.0 buffer=1.2 current_replicas=3 predicted_load=69.97957548119375 required_resources=1.049 target_replicas=3
2026-07-08 21:15:48 [debug    ] Decision loop completed        action=MAINTAIN latency_ms=120.04 p99=526.0
2026-07-08 21:16:03 [debug    ] burn_rate_adjustment           actual_burn=0.03 adjustment=-7 allowed_burn=0.83 budget_remaining=968 burn_error=-0.964 burn_ratio=0.036
2026-07-08 21:16:03 [info     ] algorithm2_scaling_decision    action=MAINTAIN alpha=0.014992503748125937 beta=0.0 buffer=1.2 current_replicas=3 predicted_load=53.76388327834414 required_resources=0.806 target_replicas=3
2026-07-08 21:16:03 [debug    ] Decision loop completed        action=MAINTAIN latency_ms=113.49 p99=526.0
2026-07-08 21:16:18 [debug    ] burn_rate_adjustment           actual_burn=0.03 adjustment=-7 allowed_burn=0.83 budget_remaining=967 burn_error=-0.963 burn_ratio=0.037
2026-07-08 21:16:18 [info     ] algorithm2_scaling_decision    action=MAINTAIN alpha=0.014992503748125937 beta=0.0 buffer=1.2 current_replicas=3 predicted_load=44.84946973798647 required_resources=0.672 target_replicas=3
2026-07-08 21:16:18 [debug    ] Decision loop completed        action=MAINTAIN latency_ms=104.71 p99=526.0
2026-07-08 21:16:33 [debug    ] burn_rate_adjustment           actual_burn=0.03 adjustment=-7 allowed_burn=0.83 budget_remaining=966 burn_error=-0.963 burn_ratio=0.037
2026-07-08 21:16:33 [info     ] algorithm2_scaling_decision    action=MAINTAIN alpha=0.014992503748125937 beta=0.0 buffer=1.2 current_replicas=3 predicted_load=43.78093406771911 required_resources=0.656 target_replicas=3
2026-07-08 21:16:33 [debug    ] Decision loop completed        action=MAINTAIN latency_ms=103.07 p99=526.0
2026-07-08 21:16:48 [debug    ] HAProxy fallback latency       delta_requests=772 interval_avg_ms=170.39 max_rtime_ms=526.0 p99_est=340.77
2026-07-08 21:16:49 [debug    ] burn_rate_adjustment           actual_burn=0.03 adjustment=-7 allowed_burn=0.83 budget_remaining=965 burn_error=-0.962 burn_ratio=0.038
2026-07-08 21:16:49 [info     ] algorithm2_scaling_decision    action=MAINTAIN alpha=0.014992503748125937 beta=0.0 buffer=1.2 current_replicas=3 predicted_load=47.57118585432144 required_resources=0.713 target_replicas=3
2026-07-08 21:16:49 [debug    ] Decision loop completed        action=MAINTAIN latency_ms=109.22 p99=340.7720207253886
2026-07-08 21:17:04 [debug    ] HAProxy fallback latency       delta_requests=855 interval_avg_ms=65.0 max_rtime_ms=526.0 p99_est=130.0
2026-07-08 21:17:04 [debug    ] burn_rate_adjustment           actual_burn=0.03 adjustment=-7 allowed_burn=0.83 budget_remaining=965 burn_error=-0.962 burn_ratio=0.038
2026-07-08 21:17:04 [info     ] algorithm2_scaling_decision    action=MAINTAIN alpha=0.014992503748125937 beta=0.0 buffer=1.2 current_replicas=3 predicted_load=53.852074266856874 required_resources=0.807 target_replicas=3
2026-07-08 21:17:04 [debug    ] Decision loop completed        action=MAINTAIN latency_ms=106.25 p99=130.0
2026-07-08 21:17:19 [debug    ] HAProxy fallback latency       delta_requests=721 interval_avg_ms=65.0 max_rtime_ms=526.0 p99_est=130.0
2026-07-08 21:17:19 [debug    ] burn_rate_adjustment           actual_burn=0.03 adjustment=-7 allowed_burn=0.83 budget_remaining=965 burn_error=-0.963 burn_ratio=0.037
2026-07-08 21:17:19 [info     ] algorithm2_scaling_decision    action=MAINTAIN alpha=0.014992503748125937 beta=0.0 buffer=1.2 current_replicas=3 predicted_load=52.15759745597292 required_resources=0.782 target_replicas=3
2026-07-08 21:17:19 [debug    ] Decision loop completed        action=MAINTAIN latency_ms=109.44 p99=130.0
2026-07-08 21:17:34 [debug    ] HAProxy fallback latency       delta_requests=580 interval_avg_ms=65.0 max_rtime_ms=526.0 p99_est=130.0
2026-07-08 21:17:34 [debug    ] burn_rate_adjustment           actual_burn=0.03 adjustment=-7 allowed_burn=0.83 budget_remaining=965 burn_error=-0.963 burn_ratio=0.037
2026-07-08 21:17:34 [info     ] algorithm2_scaling_decision    action=MAINTAIN alpha=0.014992503748125937 beta=0.0 buffer=1.2 current_replicas=3 predicted_load=43.08979160021012 required_resources=0.646 target_replicas=3
2026-07-08 21:17:34 [debug    ] Decision loop completed        action=MAINTAIN latency_ms=109.31 p99=130.0
2026-07-08 21:17:49 [debug    ] burn_rate_adjustment           actual_burn=0.03 adjustment=-7 allowed_burn=0.83 budget_remaining=965 burn_error=-0.964 burn_ratio=0.036
2026-07-08 21:17:49 [info     ] algorithm2_scaling_decision    action=MAINTAIN alpha=0.014992503748125937 beta=0.0 buffer=1.2 current_replicas=3 predicted_load=38.485531498011696 required_resources=0.577 target_replicas=3
2026-07-08 21:17:49 [debug    ] Decision loop completed        action=MAINTAIN latency_ms=112.32 p99=130.0
2026-07-08 21:18:04 [debug    ] HAProxy fallback latency       delta_requests=605 interval_avg_ms=64.0 max_rtime_ms=526.0 p99_est=128.0
2026-07-08 21:18:04 [debug    ] burn_rate_adjustment           actual_burn=0.03 adjustment=-7 allowed_burn=0.83 budget_remaining=965 burn_error=-0.964 burn_ratio=0.036
2026-07-08 21:18:04 [info     ] algorithm2_scaling_decision    action=MAINTAIN alpha=0.014992503748125937 beta=0.0 buffer=1.2 current_replicas=3 predicted_load=39.30930338425151 required_resources=0.589 target_replicas=3
2026-07-08 21:18:04 [debug    ] Decision loop completed        action=MAINTAIN latency_ms=112.89 p99=128.0
2026-07-08 21:18:19 [debug    ] HAProxy fallback latency       delta_requests=629 interval_avg_ms=64.0 max_rtime_ms=526.0 p99_est=128.0
2026-07-08 21:18:19 [debug    ] burn_rate_adjustment           actual_burn=0.03 adjustment=-7 allowed_burn=0.83 budget_remaining=965 burn_error=-0.965 burn_ratio=0.035
2026-07-08 21:18:19 [info     ] algorithm2_scaling_decision    action=MAINTAIN alpha=0.014992503748125937 beta=0.0 buffer=1.2 current_replicas=3 predicted_load=40.826872962092 required_resources=0.612 target_replicas=3
2026-07-08 21:18:19 [debug    ] Decision loop completed        action=MAINTAIN latency_ms=106.93 p99=128.0
2026-07-08 21:18:34 [debug    ] HAProxy fallback latency       delta_requests=660 interval_avg_ms=195.46 max_rtime_ms=526.0 p99_est=390.92
2026-07-08 21:18:34 [debug    ] burn_rate_adjustment           actual_burn=0.03 adjustment=-7 allowed_burn=0.83 budget_remaining=964 burn_error=-0.964 burn_ratio=0.036
2026-07-08 21:18:34 [info     ] algorithm2_scaling_decision    action=MAINTAIN alpha=0.014992503748125937 beta=0.0 buffer=1.2 current_replicas=3 predicted_load=42.65331007011126 required_resources=0.639 target_replicas=3
2026-07-08 21:18:34 [debug    ] Decision loop completed        action=MAINTAIN latency_ms=115.2 p99=390.91818181818184
2026-07-08 21:18:49 [debug    ] HAProxy fallback latency       delta_requests=739 interval_avg_ms=183.41 max_rtime_ms=526.0 p99_est=366.81
2026-07-08 21:18:49 [debug    ] burn_rate_adjustment           actual_burn=0.03 adjustment=-7 allowed_burn=0.83 budget_remaining=963 burn_error=-0.964 burn_ratio=0.036
2026-07-08 21:18:49 [info     ] algorithm2_scaling_decision    action=MAINTAIN alpha=0.014992503748125937 beta=0.0 buffer=1.2 current_replicas=3 predicted_load=46.28880028404792 required_resources=0.694 target_replicas=3
2026-07-08 21:18:49 [debug    ] Decision loop completed        action=MAINTAIN latency_ms=110.23 p99=366.81190798376184
2026-07-08 21:19:04 [debug    ] HAProxy fallback latency       delta_requests=338 interval_avg_ms=66.0 max_rtime_ms=526.0 p99_est=132.0
2026-07-08 21:19:05 [debug    ] burn_rate_adjustment           actual_burn=0.03 adjustment=-7 allowed_burn=0.83 budget_remaining=963 burn_error=-0.964 burn_ratio=0.036
2026-07-08 21:19:05 [info     ] algorithm2_scaling_decision    action=MAINTAIN alpha=0.014992503748125937 beta=0.0 buffer=1.2 current_replicas=3 predicted_load=35.66353842698813 required_resources=0.535 target_replicas=3
2026-07-08 21:19:05 [debug    ] Decision loop completed        action=MAINTAIN latency_ms=105.86 p99=132.0
2026-07-08 21:19:20 [info     ] algorithm2_scaling_decision    action=MAINTAIN alpha=0.014992503748125937 beta=0.0 buffer=1.2 current_replicas=3 predicted_load=11.250713907341028 required_resources=0.169 target_replicas=3
2026-07-08 21:19:20 [debug    ] Decision loop completed        action=MAINTAIN latency_ms=114.31 p99=132.0
2026-07-08 21:19:35 [info     ] algorithm2_scaling_decision    action=MAINTAIN alpha=0.014992503748125937 beta=0.0 buffer=1.2 current_replicas=3 predicted_load=0.0 required_resources=0.0 target_replicas=3
2026-07-08 21:19:35 [debug    ] Decision loop completed        action=MAINTAIN latency_ms=108.21 p99=132.0
2026-07-08 21:19:50 [info     ] algorithm2_scaling_decision    action=MAINTAIN alpha=0.014992503748125937 beta=0.0 buffer=1.2 current_replicas=3 predicted_load=0.0 required_resources=0.0 target_replicas=3
2026-07-08 21:19:50 [debug    ] Decision loop completed        action=MAINTAIN latency_ms=106.89 p99=132.0
2026-07-08 21:19:57 [info     ] Received shutdown signal
2026-07-08 21:19:57 [info     ] Stopping routing daemon...
2026-07-08 21:19:57 [info     ] Routing daemon stopped
