2026-07-08 15:50:37 [info     ] SLOMonitor initialized         threshold_ms=200.0 violation_window=30
2026-07-08 15:50:37 [info     ] Algorithm1Controller initialized cooldown=15 weight_step=10
2026-07-08 15:50:37 [info     ] HAProxyWeightAdjuster initialized backend=servers host=localhost port=19999
2026-07-08 15:50:37 [info     ] GRUClient initialized          base_url=http://localhost:8090
2026-07-08 15:50:37 [info     ] K8sScaler initialized          deployment=test-app-warm namespace=default
2026-07-08 15:50:37 [info     ] RoutingDaemon initialized      decision_interval=15 description='Static routing to K8s cluster only' scenario=s1-k8s-only use_algorithm=False use_predictions=False
2026-07-08 15:50:37 [info     ] Starting routing daemon        interval=15 scenario=s1-k8s-only
2026-07-08 15:50:37 [info     ] Weights updated                k3s=100 knative=0
2026-07-08 15:50:37 [info     ] Initial weights applied        k3s=100 knative=0
2026-07-08 15:50:37 [error    ] HPA conflict detected — Algorithm 2 manual scaling may conflict with HPA deployment=test-app-warm hpa_name=test-app-warm
2026-07-08 15:50:37 [error    ] HPA detected — Algorithm 2 scaling may conflict with HPA
2026-07-08 15:50:37 [debug    ] Static scenario - no decision needed scenario=s1-k8s-only weights={'k3s': 100, 'knative': 0}
2026-07-08 15:50:52 [debug    ] Static scenario - no decision needed scenario=s1-k8s-only weights={'k3s': 100, 'knative': 0}
2026-07-08 15:51:07 [debug    ] Static scenario - no decision needed scenario=s1-k8s-only weights={'k3s': 100, 'knative': 0}
2026-07-08 15:51:22 [debug    ] Static scenario - no decision needed scenario=s1-k8s-only weights={'k3s': 100, 'knative': 0}
2026-07-08 15:51:37 [debug    ] Static scenario - no decision needed scenario=s1-k8s-only weights={'k3s': 100, 'knative': 0}
2026-07-08 15:51:52 [debug    ] Static scenario - no decision needed scenario=s1-k8s-only weights={'k3s': 100, 'knative': 0}
2026-07-08 15:52:07 [debug    ] Static scenario - no decision needed scenario=s1-k8s-only weights={'k3s': 100, 'knative': 0}
2026-07-08 15:52:22 [debug    ] Static scenario - no decision needed scenario=s1-k8s-only weights={'k3s': 100, 'knative': 0}
2026-07-08 15:52:38 [debug    ] Static scenario - no decision needed scenario=s1-k8s-only weights={'k3s': 100, 'knative': 0}
2026-07-08 15:52:53 [debug    ] Static scenario - no decision needed scenario=s1-k8s-only weights={'k3s': 100, 'knative': 0}
2026-07-08 15:53:08 [debug    ] Static scenario - no decision needed scenario=s1-k8s-only weights={'k3s': 100, 'knative': 0}
2026-07-08 15:53:23 [debug    ] Static scenario - no decision needed scenario=s1-k8s-only weights={'k3s': 100, 'knative': 0}
2026-07-08 15:53:38 [debug    ] Static scenario - no decision needed scenario=s1-k8s-only weights={'k3s': 100, 'knative': 0}
2026-07-08 15:53:53 [debug    ] Static scenario - no decision needed scenario=s1-k8s-only weights={'k3s': 100, 'knative': 0}
2026-07-08 15:54:08 [debug    ] Static scenario - no decision needed scenario=s1-k8s-only weights={'k3s': 100, 'knative': 0}
2026-07-08 15:54:23 [debug    ] Static scenario - no decision needed scenario=s1-k8s-only weights={'k3s': 100, 'knative': 0}
2026-07-08 15:54:38 [debug    ] Static scenario - no decision needed scenario=s1-k8s-only weights={'k3s': 100, 'knative': 0}
2026-07-08 15:54:53 [debug    ] Static scenario - no decision needed scenario=s1-k8s-only weights={'k3s': 100, 'knative': 0}
2026-07-08 15:55:08 [debug    ] Static scenario - no decision needed scenario=s1-k8s-only weights={'k3s': 100, 'knative': 0}
2026-07-08 15:55:23 [debug    ] Static scenario - no decision needed scenario=s1-k8s-only weights={'k3s': 100, 'knative': 0}
2026-07-08 15:55:38 [debug    ] Static scenario - no decision needed scenario=s1-k8s-only weights={'k3s': 100, 'knative': 0}
2026-07-08 15:55:53 [debug    ] Static scenario - no decision needed scenario=s1-k8s-only weights={'k3s': 100, 'knative': 0}
2026-07-08 15:56:08 [debug    ] Static scenario - no decision needed scenario=s1-k8s-only weights={'k3s': 100, 'knative': 0}
2026-07-08 15:56:23 [debug    ] Static scenario - no decision needed scenario=s1-k8s-only weights={'k3s': 100, 'knative': 0}
2026-07-08 15:56:38 [debug    ] Static scenario - no decision needed scenario=s1-k8s-only weights={'k3s': 100, 'knative': 0}
2026-07-08 15:56:53 [debug    ] Static scenario - no decision needed scenario=s1-k8s-only weights={'k3s': 100, 'knative': 0}
2026-07-08 15:57:08 [debug    ] Static scenario - no decision needed scenario=s1-k8s-only weights={'k3s': 100, 'knative': 0}
2026-07-08 15:57:23 [debug    ] Static scenario - no decision needed scenario=s1-k8s-only weights={'k3s': 100, 'knative': 0}
2026-07-08 15:57:38 [debug    ] Static scenario - no decision needed scenario=s1-k8s-only weights={'k3s': 100, 'knative': 0}
2026-07-08 15:57:53 [debug    ] Static scenario - no decision needed scenario=s1-k8s-only weights={'k3s': 100, 'knative': 0}
2026-07-08 15:58:08 [debug    ] Static scenario - no decision needed scenario=s1-k8s-only weights={'k3s': 100, 'knative': 0}
2026-07-08 15:58:23 [debug    ] Static scenario - no decision needed scenario=s1-k8s-only weights={'k3s': 100, 'knative': 0}
2026-07-08 15:58:38 [debug    ] Static scenario - no decision needed scenario=s1-k8s-only weights={'k3s': 100, 'knative': 0}
2026-07-08 15:58:53 [debug    ] Static scenario - no decision needed scenario=s1-k8s-only weights={'k3s': 100, 'knative': 0}
2026-07-08 15:59:09 [debug    ] Static scenario - no decision needed scenario=s1-k8s-only weights={'k3s': 100, 'knative': 0}
2026-07-08 15:59:24 [debug    ] Static scenario - no decision needed scenario=s1-k8s-only weights={'k3s': 100, 'knative': 0}
2026-07-08 15:59:39 [debug    ] Static scenario - no decision needed scenario=s1-k8s-only weights={'k3s': 100, 'knative': 0}
2026-07-08 15:59:54 [debug    ] Static scenario - no decision needed scenario=s1-k8s-only weights={'k3s': 100, 'knative': 0}
2026-07-08 16:00:09 [debug    ] Static scenario - no decision needed scenario=s1-k8s-only weights={'k3s': 100, 'knative': 0}
2026-07-08 16:00:24 [debug    ] Static scenario - no decision needed scenario=s1-k8s-only weights={'k3s': 100, 'knative': 0}
2026-07-08 16:00:39 [debug    ] Static scenario - no decision needed scenario=s1-k8s-only weights={'k3s': 100, 'knative': 0}
2026-07-08 16:00:54 [debug    ] Static scenario - no decision needed scenario=s1-k8s-only weights={'k3s': 100, 'knative': 0}
2026-07-08 16:01:09 [debug    ] Static scenario - no decision needed scenario=s1-k8s-only weights={'k3s': 100, 'knative': 0}
2026-07-08 16:01:24 [debug    ] Static scenario - no decision needed scenario=s1-k8s-only weights={'k3s': 100, 'knative': 0}
2026-07-08 16:01:39 [debug    ] Static scenario - no decision needed scenario=s1-k8s-only weights={'k3s': 100, 'knative': 0}
2026-07-08 16:01:54 [debug    ] Static scenario - no decision needed scenario=s1-k8s-only weights={'k3s': 100, 'knative': 0}
2026-07-08 16:02:09 [debug    ] Static scenario - no decision needed scenario=s1-k8s-only weights={'k3s': 100, 'knative': 0}
2026-07-08 16:02:24 [debug    ] Static scenario - no decision needed scenario=s1-k8s-only weights={'k3s': 100, 'knative': 0}
2026-07-08 16:02:39 [debug    ] Static scenario - no decision needed scenario=s1-k8s-only weights={'k3s': 100, 'knative': 0}
2026-07-08 16:02:54 [debug    ] Static scenario - no decision needed scenario=s1-k8s-only weights={'k3s': 100, 'knative': 0}
2026-07-08 16:03:09 [debug    ] Static scenario - no decision needed scenario=s1-k8s-only weights={'k3s': 100, 'knative': 0}
2026-07-08 16:03:24 [debug    ] Static scenario - no decision needed scenario=s1-k8s-only weights={'k3s': 100, 'knative': 0}
2026-07-08 16:03:39 [debug    ] Static scenario - no decision needed scenario=s1-k8s-only weights={'k3s': 100, 'knative': 0}
2026-07-08 16:03:54 [debug    ] Static scenario - no decision needed scenario=s1-k8s-only weights={'k3s': 100, 'knative': 0}
2026-07-08 16:04:09 [debug    ] Static scenario - no decision needed scenario=s1-k8s-only weights={'k3s': 100, 'knative': 0}
2026-07-08 16:04:24 [debug    ] Static scenario - no decision needed scenario=s1-k8s-only weights={'k3s': 100, 'knative': 0}
2026-07-08 16:04:39 [debug    ] Static scenario - no decision needed scenario=s1-k8s-only weights={'k3s': 100, 'knative': 0}
2026-07-08 16:04:54 [debug    ] Static scenario - no decision needed scenario=s1-k8s-only weights={'k3s': 100, 'knative': 0}
2026-07-08 16:05:09 [debug    ] Static scenario - no decision needed scenario=s1-k8s-only weights={'k3s': 100, 'knative': 0}
2026-07-08 16:05:24 [debug    ] Static scenario - no decision needed scenario=s1-k8s-only weights={'k3s': 100, 'knative': 0}
2026-07-08 16:05:40 [debug    ] Static scenario - no decision needed scenario=s1-k8s-only weights={'k3s': 100, 'knative': 0}
2026-07-08 16:05:55 [debug    ] Static scenario - no decision needed scenario=s1-k8s-only weights={'k3s': 100, 'knative': 0}
2026-07-08 16:06:10 [debug    ] Static scenario - no decision needed scenario=s1-k8s-only weights={'k3s': 100, 'knative': 0}
2026-07-08 16:06:25 [debug    ] Static scenario - no decision needed scenario=s1-k8s-only weights={'k3s': 100, 'knative': 0}
2026-07-08 16:06:40 [debug    ] Static scenario - no decision needed scenario=s1-k8s-only weights={'k3s': 100, 'knative': 0}
2026-07-08 16:06:55 [debug    ] Static scenario - no decision needed scenario=s1-k8s-only weights={'k3s': 100, 'knative': 0}
2026-07-08 16:07:10 [debug    ] Static scenario - no decision needed scenario=s1-k8s-only weights={'k3s': 100, 'knative': 0}
2026-07-08 16:07:25 [debug    ] Static scenario - no decision needed scenario=s1-k8s-only weights={'k3s': 100, 'knative': 0}
2026-07-08 16:07:40 [debug    ] Static scenario - no decision needed scenario=s1-k8s-only weights={'k3s': 100, 'knative': 0}
2026-07-08 16:07:55 [debug    ] Static scenario - no decision needed scenario=s1-k8s-only weights={'k3s': 100, 'knative': 0}
2026-07-08 16:08:10 [debug    ] Static scenario - no decision needed scenario=s1-k8s-only weights={'k3s': 100, 'knative': 0}
2026-07-08 16:08:25 [debug    ] Static scenario - no decision needed scenario=s1-k8s-only weights={'k3s': 100, 'knative': 0}
2026-07-08 16:08:40 [debug    ] Static scenario - no decision needed scenario=s1-k8s-only weights={'k3s': 100, 'knative': 0}
2026-07-08 16:08:55 [debug    ] Static scenario - no decision needed scenario=s1-k8s-only weights={'k3s': 100, 'knative': 0}
2026-07-08 16:09:10 [debug    ] Static scenario - no decision needed scenario=s1-k8s-only weights={'k3s': 100, 'knative': 0}
2026-07-08 16:09:25 [debug    ] Static scenario - no decision needed scenario=s1-k8s-only weights={'k3s': 100, 'knative': 0}
2026-07-08 16:09:40 [debug    ] Static scenario - no decision needed scenario=s1-k8s-only weights={'k3s': 100, 'knative': 0}
2026-07-08 16:09:55 [debug    ] Static scenario - no decision needed scenario=s1-k8s-only weights={'k3s': 100, 'knative': 0}
2026-07-08 16:10:10 [debug    ] Static scenario - no decision needed scenario=s1-k8s-only weights={'k3s': 100, 'knative': 0}
2026-07-08 16:10:25 [debug    ] Static scenario - no decision needed scenario=s1-k8s-only weights={'k3s': 100, 'knative': 0}
2026-07-08 16:10:40 [debug    ] Static scenario - no decision needed scenario=s1-k8s-only weights={'k3s': 100, 'knative': 0}
2026-07-08 16:10:55 [debug    ] Static scenario - no decision needed scenario=s1-k8s-only weights={'k3s': 100, 'knative': 0}
2026-07-08 16:11:10 [debug    ] Static scenario - no decision needed scenario=s1-k8s-only weights={'k3s': 100, 'knative': 0}
2026-07-08 16:11:25 [debug    ] Static scenario - no decision needed scenario=s1-k8s-only weights={'k3s': 100, 'knative': 0}
2026-07-08 16:11:40 [debug    ] Static scenario - no decision needed scenario=s1-k8s-only weights={'k3s': 100, 'knative': 0}
2026-07-08 16:11:55 [debug    ] Static scenario - no decision needed scenario=s1-k8s-only weights={'k3s': 100, 'knative': 0}
2026-07-08 16:12:10 [info     ] Received shutdown signal
2026-07-08 16:12:10 [info     ] Stopping routing daemon...
2026-07-08 16:12:10 [info     ] Routing daemon stopped
