2026-09-12 09:02:53 [info     ] SLOMonitor initialized         threshold_ms=200.0 violation_window=30
2026-09-12 09:02:53 [info     ] Algorithm1ControllerV3 initialized max_knative=50 r_saturation=33.3 target_cpu_util=0.5 total_budget=1000
2026-09-12 09:02:53 [info     ] Using V3 controller (Capacity-Driven) scenario=s3-hybrid-reactive version=v3
2026-09-12 09:02:53 [info     ] HAProxyWeightAdjuster initialized backend=servers host=localhost port=19999
2026-09-12 09:02:53 [info     ] GRUClient initialized          base_url=http://localhost:8090
2026-09-12 09:02:53 [info     ] K8sScaler initialized          deployment=test-app-warm namespace=default
2026-09-12 09:02:53 [info     ] RoutingDaemon initialized      decision_interval=15 description='Algorithm 1 reactive routing without predictions' scenario=s3-hybrid-reactive use_algorithm=True use_predictions=False
2026-09-12 09:02:53 [info     ] Starting routing daemon        interval=15 scenario=s3-hybrid-reactive
2026-09-12 09:02:53 [info     ] Weights updated                k3s=80 knative=20
2026-09-12 09:02:53 [info     ] Initial weights applied        k3s=80 knative=20
2026-09-12 09:02:53 [debug    ] HAProxy fallback primed        total_requests=0
2026-09-12 09:02:54 [info     ] algorithm2_scaling_decision    action=MAINTAIN alpha=0.060060060060060066 beta=0.0 buffer=1.0 current_replicas=3 predicted_load=0.0 required_resources=0.0 target_replicas=3
2026-09-12 09:02:54 [info     ] algorithm2_decision            action=MAINTAIN applied_target=3 current_replicas=3 hold_until=0.0 observed_load=0.0 observed_target=3 point_forecasts=None prediction_age_sec=None predictive_target=3 proactive=False scenario=s3-hybrid-reactive target_replicas=3 upper_forecasts=None
2026-09-12 09:02:54 [debug    ] Decision loop completed        action=MAINTAIN latency_ms=98.32 p99=0.0
2026-09-12 09:03:09 [info     ] algorithm2_scaling_decision    action=MAINTAIN alpha=0.060060060060060066 beta=0.0 buffer=1.0 current_replicas=3 predicted_load=0.0 required_resources=0.0 target_replicas=3
2026-09-12 09:03:09 [info     ] algorithm2_decision            action=MAINTAIN applied_target=3 current_replicas=3 hold_until=0.0 observed_load=0.0 observed_target=3 point_forecasts=None prediction_age_sec=None predictive_target=3 proactive=False scenario=s3-hybrid-reactive target_replicas=3 upper_forecasts=None
2026-09-12 09:03:09 [debug    ] Decision loop completed        action=MAINTAIN latency_ms=108.06 p99=0.0
2026-09-12 09:03:24 [info     ] algorithm2_scaling_decision    action=MAINTAIN alpha=0.060060060060060066 beta=0.0 buffer=1.0 current_replicas=3 predicted_load=0.0 required_resources=0.0 target_replicas=3
2026-09-12 09:03:24 [info     ] algorithm2_decision            action=MAINTAIN applied_target=3 current_replicas=3 hold_until=0.0 observed_load=0.0 observed_target=3 point_forecasts=None prediction_age_sec=None predictive_target=3 proactive=False scenario=s3-hybrid-reactive target_replicas=3 upper_forecasts=None
2026-09-12 09:03:24 [debug    ] Decision loop completed        action=MAINTAIN latency_ms=100.83 p99=0.0
2026-09-12 09:03:39 [debug    ] HAProxy fallback latency       delta_requests=638 interval_avg_ms=65.0 max_rtime_ms=112.0 p99_est=112.0
2026-09-12 09:03:39 [info     ] controller_decision_v3         action=RECOVERY available_replicas=3 budget_remaining=1000 burn_adjustment=0 burst_ratio=0 capacity_deficit=False confidence=0 current_load=42.11808700790291 decision_id=da47d62d k8s_capacity=49.9 k8s_weight=100 knative_weight=0 p99=112.0 predicted_load=0 r_effective=16.6 serverless_enabled=False total_load=42.1 weights_after={'k3s': 100, 'knative': 0} weights_before={'k3s': 80, 'knative': 20}
2026-09-12 09:03:39 [info     ] Weights updated                k3s=100 knative=0
2026-09-12 09:03:39 [info     ] Weights updated                action=RECOVERY reason='load=42RPS | k8s_cap=50RPS | (reducing-serverless)' weights={'k3s': 100, 'knative': 0}
2026-09-12 09:03:39 [info     ] algorithm2_scaling_decision    action=MAINTAIN alpha=0.060060060060060066 beta=0.0 buffer=1.0 current_replicas=3 predicted_load=21.059043503951454 required_resources=1.265 target_replicas=3
2026-09-12 09:03:39 [info     ] algorithm2_decision            action=MAINTAIN applied_target=3 current_replicas=3 hold_until=0.0 observed_load=21.06 observed_target=3 point_forecasts=None prediction_age_sec=None predictive_target=3 proactive=False scenario=s3-hybrid-reactive target_replicas=3 upper_forecasts=None
2026-09-12 09:03:39 [debug    ] Decision loop completed        action=RECOVERY latency_ms=138.27 p99=112.0
2026-09-12 09:03:54 [debug    ] HAProxy fallback latency       delta_requests=666 interval_avg_ms=63.04 max_rtime_ms=127.0 p99_est=126.08
2026-09-12 09:03:54 [info     ] algorithm2_scaling_decision    action=MAINTAIN alpha=0.060060060060060066 beta=0.0 buffer=1.0 current_replicas=3 predicted_load=43.05641938545878 required_resources=2.586 target_replicas=3
2026-09-12 09:03:54 [info     ] algorithm2_decision            action=MAINTAIN applied_target=3 current_replicas=3 hold_until=0.0 observed_load=43.06 observed_target=3 point_forecasts=None prediction_age_sec=None predictive_target=3 proactive=False scenario=s3-hybrid-reactive target_replicas=3 upper_forecasts=None
2026-09-12 09:03:54 [debug    ] Decision loop completed        action=MAINTAIN latency_ms=101.13 p99=126.08408408408408
2026-09-12 09:04:09 [debug    ] HAProxy fallback latency       delta_requests=715 interval_avg_ms=69.65 max_rtime_ms=155.0 p99_est=139.3
2026-09-12 09:04:09 [info     ] algorithm2_scaling_decision    action=MAINTAIN alpha=0.060060060060060066 beta=0.0 buffer=1.0 current_replicas=3 predicted_load=45.67154162245932 required_resources=2.743 target_replicas=3
2026-09-12 09:04:09 [info     ] algorithm2_decision            action=MAINTAIN applied_target=3 current_replicas=3 hold_until=0.0 observed_load=45.67 observed_target=3 point_forecasts=None prediction_age_sec=None predictive_target=3 proactive=False scenario=s3-hybrid-reactive target_replicas=3 upper_forecasts=None
2026-09-12 09:04:09 [debug    ] Decision loop completed        action=MAINTAIN latency_ms=107.58 p99=139.29510489510488
2026-09-12 09:04:24 [debug    ] HAProxy fallback latency       delta_requests=822 interval_avg_ms=76.37 max_rtime_ms=180.0 p99_est=152.74
2026-09-12 09:04:24 [warning  ] Knative pre-warm non-200       status=404
2026-09-12 09:04:24 [info     ] controller_decision_v3         action=REACTIVE available_replicas=3 budget_remaining=1000 burn_adjustment=0 burst_ratio=0.082 capacity_deficit=False confidence=0 current_load=54.4089876357452 decision_id=de4cda14 k8s_capacity=49.9 k8s_weight=91 knative_weight=9 p99=152.7 predicted_load=0 r_effective=16.6 serverless_enabled=True total_load=54.4 weights_after={'k3s': 91, 'knative': 9} weights_before={'k3s': 100, 'knative': 0}
2026-09-12 09:04:24 [info     ] Weights updated                k3s=91 knative=9
2026-09-12 09:04:24 [info     ] Weights updated                action=REACTIVE reason='load=54RPS | k8s_cap=50RPS | (burst-routing)' weights={'k3s': 91, 'knative': 9}
2026-09-12 09:04:24 [info     ] algorithm2_scaling_decision    action=SCALE_UP alpha=0.060060060060060066 beta=0.0 buffer=1.0 current_replicas=3 predicted_load=50.878659558824594 required_resources=3.056 target_replicas=4
2026-09-12 09:04:24 [info     ] algorithm2_decision            action=SCALE_UP applied_target=4 current_replicas=3 hold_until=0.0 observed_load=50.88 observed_target=4 point_forecasts=None prediction_age_sec=None predictive_target=4 proactive=False scenario=s3-hybrid-reactive target_replicas=4 upper_forecasts=None
2026-09-12 09:04:24 [info     ] k8s_scale_executed             deployment=test-app-warm replicas=4
2026-09-12 09:04:24 [debug    ] Decision loop completed        action=REACTIVE latency_ms=147.4 p99=152.73722627737226
2026-09-12 09:04:39 [debug    ] HAProxy fallback latency       delta_requests=770 interval_avg_ms=59.62 max_rtime_ms=180.0 p99_est=119.24
2026-09-12 09:04:39 [info     ] controller_decision_v3         action=RECOVERY available_replicas=3 budget_remaining=1000 burn_adjustment=0 burst_ratio=0.0174 capacity_deficit=False confidence=0 current_load=50.833968414136 decision_id=2f2b0e5d k8s_capacity=49.9 k8s_weight=98 knative_weight=2 p99=119.2 predicted_load=0 r_effective=16.6 serverless_enabled=True total_load=50.8 weights_after={'k3s': 98, 'knative': 2} weights_before={'k3s': 91, 'knative': 9}
2026-09-12 09:04:39 [info     ] Weights updated                k3s=98 knative=2
2026-09-12 09:04:39 [info     ] Weights updated                action=RECOVERY reason='load=51RPS | k8s_cap=50RPS | (reducing-serverless)' weights={'k3s': 98, 'knative': 2}
2026-09-12 09:04:39 [info     ] algorithm2_scaling_decision    action=MAINTAIN alpha=0.060060060060060066 beta=0.0 buffer=1.0 current_replicas=4 predicted_load=52.6214780249406 required_resources=3.16 target_replicas=4
2026-09-12 09:04:39 [info     ] algorithm2_decision            action=MAINTAIN applied_target=4 current_replicas=4 hold_until=0.0 observed_load=52.62 observed_target=4 point_forecasts=None prediction_age_sec=None predictive_target=4 proactive=False scenario=s3-hybrid-reactive target_replicas=4 upper_forecasts=None
2026-09-12 09:04:39 [debug    ] Decision loop completed        action=RECOVERY latency_ms=143.29 p99=119.24155844155844
2026-09-12 09:04:54 [debug    ] HAProxy fallback latency       delta_requests=548 interval_avg_ms=59.41 max_rtime_ms=180.0 p99_est=118.82
2026-09-12 09:04:54 [info     ] controller_decision_v3         action=RECOVERY available_replicas=3 budget_remaining=1000 burn_adjustment=0 burst_ratio=0 capacity_deficit=False confidence=0 current_load=36.2524305960954 decision_id=565884a4 k8s_capacity=49.9 k8s_weight=100 knative_weight=0 p99=118.8 predicted_load=0 r_effective=16.6 serverless_enabled=False total_load=36.3 weights_after={'k3s': 100, 'knative': 0} weights_before={'k3s': 98, 'knative': 2}
2026-09-12 09:04:54 [info     ] Weights updated                k3s=100 knative=0
2026-09-12 09:04:54 [info     ] Weights updated                action=RECOVERY reason='load=36RPS | k8s_cap=50RPS | (reducing-serverless)' weights={'k3s': 100, 'knative': 0}
2026-09-12 09:04:55 [info     ] algorithm2_scaling_decision    action=MAINTAIN alpha=0.060060060060060066 beta=0.0 buffer=1.0 current_replicas=4 predicted_load=43.5431995051157 required_resources=2.615 target_replicas=3
2026-09-12 09:04:55 [info     ] algorithm2_decision            action=MAINTAIN applied_target=3 current_replicas=4 hold_until=0.0 observed_load=43.54 observed_target=3 point_forecasts=None prediction_age_sec=None predictive_target=3 proactive=False scenario=s3-hybrid-reactive target_replicas=3 upper_forecasts=None
2026-09-12 09:04:55 [debug    ] Decision loop completed        action=RECOVERY latency_ms=137.91 p99=118.82116788321167
2026-09-12 09:05:10 [debug    ] HAProxy fallback latency       delta_requests=412 interval_avg_ms=54.91 max_rtime_ms=180.0 p99_est=109.81
2026-09-12 09:05:10 [info     ] algorithm2_scaling_decision    action=MAINTAIN alpha=0.060060060060060066 beta=0.0 buffer=1.0 current_replicas=4 predicted_load=31.733477005267034 required_resources=1.906 target_replicas=3
2026-09-12 09:05:10 [info     ] algorithm2_decision            action=MAINTAIN applied_target=3 current_replicas=4 hold_until=0.0 observed_load=31.73 observed_target=3 point_forecasts=None prediction_age_sec=None predictive_target=3 proactive=False scenario=s3-hybrid-reactive target_replicas=3 upper_forecasts=None
2026-09-12 09:05:10 [debug    ] Decision loop completed        action=MAINTAIN latency_ms=113.36 p99=109.81067961165049
2026-09-12 09:05:25 [debug    ] HAProxy fallback latency       delta_requests=358 interval_avg_ms=65.0 max_rtime_ms=180.0 p99_est=130.0
2026-09-12 09:05:25 [info     ] algorithm2_scaling_decision    action=MAINTAIN alpha=0.060060060060060066 beta=0.0 buffer=1.0 current_replicas=4 predicted_load=25.451776466850976 required_resources=1.529 target_replicas=3
2026-09-12 09:05:25 [info     ] algorithm2_decision            action=MAINTAIN applied_target=3 current_replicas=4 hold_until=0.0 observed_load=25.45 observed_target=3 point_forecasts=None prediction_age_sec=None predictive_target=3 proactive=False scenario=s3-hybrid-reactive target_replicas=3 upper_forecasts=None
2026-09-12 09:05:25 [debug    ] Decision loop completed        action=MAINTAIN latency_ms=111.38 p99=130.0
2026-09-12 09:05:40 [debug    ] HAProxy fallback latency       delta_requests=484 interval_avg_ms=65.0 max_rtime_ms=180.0 p99_est=130.0
2026-09-12 09:05:40 [info     ] algorithm2_scaling_decision    action=MAINTAIN alpha=0.060060060060060066 beta=0.0 buffer=1.0 current_replicas=4 predicted_load=27.826184294377942 required_resources=1.671 target_replicas=3
2026-09-12 09:05:40 [info     ] algorithm2_decision            action=MAINTAIN applied_target=3 current_replicas=4 hold_until=0.0 observed_load=27.83 observed_target=3 point_forecasts=None prediction_age_sec=None predictive_target=3 proactive=False scenario=s3-hybrid-reactive target_replicas=3 upper_forecasts=None
2026-09-12 09:05:40 [debug    ] Decision loop completed        action=MAINTAIN latency_ms=110.52 p99=130.0
2026-09-12 09:05:55 [debug    ] HAProxy fallback latency       delta_requests=773 interval_avg_ms=89.01 max_rtime_ms=233.0 p99_est=178.02
2026-09-12 09:05:55 [info     ] Scale readiness observed       elapsed_sec=90.7 ewma_delay=69.2 samples=1 target=4
2026-09-12 09:05:55 [info     ] algorithm2_scaling_decision    action=MAINTAIN alpha=0.060060060060060066 beta=0.0 buffer=1.0 current_replicas=4 predicted_load=41.5594556447412 required_resources=2.496 target_replicas=3
2026-09-12 09:05:55 [info     ] algorithm2_decision            action=MAINTAIN applied_target=3 current_replicas=4 hold_until=0.0 observed_load=41.56 observed_target=3 point_forecasts=None prediction_age_sec=None predictive_target=3 proactive=False scenario=s3-hybrid-reactive target_replicas=3 upper_forecasts=None
2026-09-12 09:05:55 [debug    ] Decision loop completed        action=MAINTAIN latency_ms=104.72 p99=178.01552393272962
2026-09-12 09:06:10 [debug    ] HAProxy fallback latency       delta_requests=812 interval_avg_ms=76.62 max_rtime_ms=233.0 p99_est=153.24
2026-09-12 09:06:10 [info     ] algorithm2_scaling_decision    action=MAINTAIN alpha=0.060060060060060066 beta=0.0 buffer=1.0 current_replicas=4 predicted_load=52.45610160484343 required_resources=3.151 target_replicas=4
2026-09-12 09:06:10 [info     ] algorithm2_decision            action=MAINTAIN applied_target=4 current_replicas=4 hold_until=0.0 observed_load=52.46 observed_target=4 point_forecasts=None prediction_age_sec=None predictive_target=4 proactive=False scenario=s3-hybrid-reactive target_replicas=4 upper_forecasts=None
2026-09-12 09:06:10 [debug    ] Decision loop completed        action=MAINTAIN latency_ms=97.64 p99=153.23645320197045
2026-09-12 09:06:25 [debug    ] HAProxy fallback latency       delta_requests=637 interval_avg_ms=33.04 max_rtime_ms=233.0 p99_est=66.08
2026-09-12 09:06:25 [info     ] algorithm2_scaling_decision    action=MAINTAIN alpha=0.060060060060060066 beta=0.0 buffer=1.0 current_replicas=4 predicted_load=48.00729707745371 required_resources=2.883 target_replicas=3
2026-09-12 09:06:25 [info     ] algorithm2_decision            action=MAINTAIN applied_target=3 current_replicas=4 hold_until=0.0 observed_load=48.01 observed_target=3 point_forecasts=None prediction_age_sec=None predictive_target=3 proactive=False scenario=s3-hybrid-reactive target_replicas=3 upper_forecasts=None
2026-09-12 09:06:25 [debug    ] Decision loop completed        action=MAINTAIN latency_ms=100.21 p99=66.08477237048666
2026-09-12 09:06:40 [debug    ] HAProxy fallback latency       delta_requests=656 interval_avg_ms=53.36 max_rtime_ms=233.0 p99_est=106.72
2026-09-12 09:06:40 [info     ] algorithm2_scaling_decision    action=MAINTAIN alpha=0.060060060060060066 beta=0.0 buffer=1.0 current_replicas=4 predicted_load=42.8174152405779 required_resources=2.572 target_replicas=3
2026-09-12 09:06:40 [info     ] algorithm2_decision            action=MAINTAIN applied_target=3 current_replicas=4 hold_until=0.0 observed_load=42.82 observed_target=3 point_forecasts=None prediction_age_sec=None predictive_target=3 proactive=False scenario=s3-hybrid-reactive target_replicas=3 upper_forecasts=None
2026-09-12 09:06:40 [debug    ] Decision loop completed        action=MAINTAIN latency_ms=99.78 p99=106.72256097560975
2026-09-12 09:06:55 [debug    ] HAProxy fallback latency       delta_requests=830 interval_avg_ms=75.99 max_rtime_ms=233.0 p99_est=151.98
2026-09-12 09:06:55 [info     ] algorithm2_scaling_decision    action=MAINTAIN alpha=0.060060060060060066 beta=0.0 buffer=1.0 current_replicas=4 predicted_load=49.139023278986876 required_resources=2.951 target_replicas=3
2026-09-12 09:06:55 [info     ] algorithm2_decision            action=MAINTAIN applied_target=3 current_replicas=4 hold_until=0.0 observed_load=49.14 observed_target=3 point_forecasts=None prediction_age_sec=None predictive_target=3 proactive=False scenario=s3-hybrid-reactive target_replicas=3 upper_forecasts=None
2026-09-12 09:06:55 [debug    ] Decision loop completed        action=MAINTAIN latency_ms=111.63 p99=151.97831325301206
2026-09-12 09:07:10 [debug    ] HAProxy fallback latency       delta_requests=915 interval_avg_ms=55.03 max_rtime_ms=233.0 p99_est=110.06
2026-09-12 09:07:10 [info     ] algorithm2_scaling_decision    action=MAINTAIN alpha=0.060060060060060066 beta=0.0 buffer=1.0 current_replicas=4 predicted_load=57.75824388164372 required_resources=3.469 target_replicas=4
2026-09-12 09:07:10 [info     ] algorithm2_decision            action=MAINTAIN applied_target=4 current_replicas=4 hold_until=0.0 observed_load=57.76 observed_target=4 point_forecasts=None prediction_age_sec=None predictive_target=4 proactive=False scenario=s3-hybrid-reactive target_replicas=4 upper_forecasts=None
2026-09-12 09:07:10 [debug    ] Decision loop completed        action=MAINTAIN latency_ms=112.53 p99=110.06338797814207
2026-09-12 09:07:26 [debug    ] HAProxy fallback latency       delta_requests=931 interval_avg_ms=76.78 max_rtime_ms=233.0 p99_est=153.56
2026-09-12 09:07:26 [info     ] algorithm2_scaling_decision    action=MAINTAIN alpha=0.060060060060060066 beta=0.0 buffer=1.0 current_replicas=4 predicted_load=61.077234635534005 required_resources=3.668 target_replicas=4
2026-09-12 09:07:26 [info     ] algorithm2_decision            action=MAINTAIN applied_target=4 current_replicas=4 hold_until=0.0 observed_load=61.08 observed_target=4 point_forecasts=None prediction_age_sec=None predictive_target=4 proactive=False scenario=s3-hybrid-reactive target_replicas=4 upper_forecasts=None
2026-09-12 09:07:26 [debug    ] Decision loop completed        action=MAINTAIN latency_ms=111.24 p99=153.55961331901182
2026-09-12 09:07:41 [debug    ] HAProxy fallback latency       delta_requests=1003 interval_avg_ms=89.87 max_rtime_ms=233.0 p99_est=179.74
2026-09-12 09:07:41 [info     ] algorithm2_scaling_decision    action=MAINTAIN alpha=0.060060060060060066 beta=0.0 buffer=1.0 current_replicas=4 predicted_load=63.954247179509025 required_resources=3.841 target_replicas=4
2026-09-12 09:07:41 [info     ] algorithm2_decision            action=MAINTAIN applied_target=4 current_replicas=4 hold_until=0.0 observed_load=63.95 observed_target=4 point_forecasts=None prediction_age_sec=None predictive_target=4 proactive=False scenario=s3-hybrid-reactive target_replicas=4 upper_forecasts=None
2026-09-12 09:07:41 [debug    ] Decision loop completed        action=MAINTAIN latency_ms=113.06 p99=179.7367896311067
2026-09-12 09:07:56 [debug    ] HAProxy fallback latency       delta_requests=1118 interval_avg_ms=56.29 max_rtime_ms=233.0 p99_est=112.59
2026-09-12 09:07:56 [warning  ] Knative pre-warm non-200       status=404
2026-09-12 09:07:56 [info     ] controller_decision_v3         action=REACTIVE available_replicas=4 budget_remaining=1000 burn_adjustment=0 burst_ratio=0.0997 capacity_deficit=False confidence=0 current_load=73.97808520610846 decision_id=f24503c4 k8s_capacity=66.6 k8s_weight=90 knative_weight=10 p99=112.6 predicted_load=0 r_effective=16.6 serverless_enabled=True total_load=74.0 weights_after={'k3s': 90, 'knative': 10} weights_before={'k3s': 100, 'knative': 0}
2026-09-12 09:07:56 [info     ] Weights updated                k3s=90 knative=10
2026-09-12 09:07:56 [info     ] Weights updated                action=REACTIVE reason='load=74RPS | k8s_cap=67RPS | (burst-routing)' weights={'k3s': 90, 'knative': 10}
2026-09-12 09:07:56 [info     ] algorithm2_scaling_decision    action=SCALE_UP alpha=0.060060060060060066 beta=0.0 buffer=1.0 current_replicas=4 predicted_load=70.1737094076588 required_resources=4.215 target_replicas=5
2026-09-12 09:07:56 [info     ] algorithm2_decision            action=SCALE_UP applied_target=5 current_replicas=4 hold_until=0.0 observed_load=70.17 observed_target=5 point_forecasts=None prediction_age_sec=None predictive_target=5 proactive=False scenario=s3-hybrid-reactive target_replicas=5 upper_forecasts=None
2026-09-12 09:07:56 [info     ] k8s_scale_executed             deployment=test-app-warm replicas=5
2026-09-12 09:07:56 [debug    ] Decision loop completed        action=REACTIVE latency_ms=152.05 p99=112.58676207513417
2026-09-12 09:08:11 [debug    ] HAProxy fallback latency       delta_requests=1276 interval_avg_ms=100.77 max_rtime_ms=233.0 p99_est=201.54
2026-09-12 09:08:11 [info     ] controller_decision_v3         action=RECOVERY available_replicas=5 budget_remaining=999 burn_adjustment=0 burst_ratio=0.0114 capacity_deficit=False confidence=0 current_load=84.21132446194345 decision_id=50105133 k8s_capacity=83.2 k8s_weight=98 knative_weight=2 p99=201.5 predicted_load=0 r_effective=16.6 serverless_enabled=True total_load=84.2 weights_after={'k3s': 98, 'knative': 2} weights_before={'k3s': 90, 'knative': 10}
2026-09-12 09:08:11 [info     ] Weights updated                k3s=98 knative=2
2026-09-12 09:08:11 [info     ] Weights updated                action=RECOVERY reason='load=84RPS | k8s_cap=83RPS | (reducing-serverless)' weights={'k3s': 98, 'knative': 2}
2026-09-12 09:08:11 [info     ] Scale readiness observed       elapsed_sec=15.1 ewma_delay=53.0 samples=2 target=5
2026-09-12 09:08:11 [info     ] algorithm2_scaling_decision    action=MAINTAIN alpha=0.060060060060060066 beta=0.0 buffer=1.0 current_replicas=5 predicted_load=79.09470483402595 required_resources=4.75 target_replicas=5
2026-09-12 09:08:11 [info     ] algorithm2_decision            action=MAINTAIN applied_target=5 current_replicas=5 hold_until=0.0 observed_load=79.09 observed_target=5 point_forecasts=None prediction_age_sec=None predictive_target=5 proactive=False scenario=s3-hybrid-reactive target_replicas=5 upper_forecasts=None
2026-09-12 09:08:11 [debug    ] Decision loop completed        action=RECOVERY latency_ms=141.99 p99=201.5423197492163
2026-09-12 09:08:26 [debug    ] HAProxy fallback latency       delta_requests=1459 interval_avg_ms=200.14 max_rtime_ms=376.0 p99_est=376.0
2026-09-12 09:08:26 [info     ] controller_decision_v3         action=REACTIVE available_replicas=5 budget_remaining=998 burn_adjustment=0 burst_ratio=0.1354 capacity_deficit=False confidence=0 current_load=96.29019932762296 decision_id=a3ecec03 k8s_capacity=83.2 k8s_weight=86 knative_weight=14 p99=376.0 predicted_load=0 r_effective=16.6 serverless_enabled=True total_load=96.3 weights_after={'k3s': 86, 'knative': 14} weights_before={'k3s': 98, 'knative': 2}
2026-09-12 09:08:26 [info     ] Weights updated                k3s=86 knative=14
2026-09-12 09:08:26 [info     ] Weights updated                action=REACTIVE reason='load=96RPS | k8s_cap=83RPS | (burst-routing)' weights={'k3s': 86, 'knative': 14}
2026-09-12 09:08:26 [info     ] algorithm2_scaling_decision    action=SCALE_UP alpha=0.060060060060060066 beta=0.0 buffer=1.0 current_replicas=5 predicted_load=90.25076189478321 required_resources=5.42 target_replicas=6
2026-09-12 09:08:26 [info     ] algorithm2_decision            action=SCALE_UP applied_target=6 current_replicas=5 hold_until=0.0 observed_load=90.25 observed_target=6 point_forecasts=None prediction_age_sec=None predictive_target=6 proactive=False scenario=s3-hybrid-reactive target_replicas=6 upper_forecasts=None
2026-09-12 09:08:26 [info     ] k8s_scale_executed             deployment=test-app-warm replicas=6
2026-09-12 09:08:26 [debug    ] Decision loop completed        action=REACTIVE latency_ms=166.18 p99=376.0
2026-09-12 09:08:41 [debug    ] HAProxy fallback latency       delta_requests=1673 interval_avg_ms=249.33 max_rtime_ms=417.0 p99_est=417.0
2026-09-12 09:08:41 [info     ] controller_decision_v3         action=RECOVERY available_replicas=6 budget_remaining=997 burn_adjustment=0 burst_ratio=0.0944 capacity_deficit=False confidence=0 current_load=110.31002924703371 decision_id=bb1fb364 k8s_capacity=99.9 k8s_weight=90 knative_weight=10 p99=417.0 predicted_load=0 r_effective=16.6 serverless_enabled=True total_load=110.3 weights_after={'k3s': 90, 'knative': 10} weights_before={'k3s': 86, 'knative': 14}
2026-09-12 09:08:41 [info     ] Weights updated                k3s=90 knative=10
2026-09-12 09:08:41 [info     ] Weights updated                action=RECOVERY reason='load=110RPS | k8s_cap=100RPS | (reducing-serverless)' weights={'k3s': 90, 'knative': 10}
2026-09-12 09:08:41 [info     ] Scale readiness observed       elapsed_sec=15.1 ewma_delay=41.6 samples=3 target=6
2026-09-12 09:08:41 [info     ] algorithm2_scaling_decision    action=MAINTAIN alpha=0.060060060060060066 beta=0.0 buffer=1.0 current_replicas=6 predicted_load=103.30011428732834 required_resources=6.204 target_replicas=6
2026-09-12 09:08:41 [info     ] algorithm2_decision            action=MAINTAIN applied_target=6 current_replicas=6 hold_until=0.0 observed_load=103.3 observed_target=6 point_forecasts=None prediction_age_sec=None predictive_target=6 proactive=False scenario=s3-hybrid-reactive target_replicas=6 upper_forecasts=None
2026-09-12 09:08:41 [debug    ] Decision loop completed        action=RECOVERY latency_ms=144.41 p99=417.0
2026-09-12 09:08:56 [debug    ] HAProxy fallback latency       delta_requests=1894 interval_avg_ms=231.09 max_rtime_ms=536.0 p99_est=462.18
2026-09-12 09:08:56 [info     ] controller_decision_v3         action=REACTIVE available_replicas=6 budget_remaining=996 burn_adjustment=0 burst_ratio=0.2012 capacity_deficit=False confidence=0 current_load=125.06254536442682 decision_id=1b288f31 k8s_capacity=99.9 k8s_weight=79 knative_weight=21 p99=462.2 predicted_load=0 r_effective=16.6 serverless_enabled=True total_load=125.1 weights_after={'k3s': 79, 'knative': 21} weights_before={'k3s': 90, 'knative': 10}
2026-09-12 09:08:56 [info     ] Weights updated                k3s=79 knative=21
2026-09-12 09:08:56 [info     ] Weights updated                action=REACTIVE reason='load=125RPS | k8s_cap=100RPS | (burst-routing)' weights={'k3s': 79, 'knative': 21}
2026-09-12 09:08:56 [info     ] algorithm2_scaling_decision    action=MAINTAIN alpha=0.060060060060060066 beta=0.0 buffer=1.0 current_replicas=6 predicted_load=117.68628730573027 required_resources=7.068 target_replicas=6
2026-09-12 09:08:56 [info     ] algorithm2_decision            action=MAINTAIN applied_target=6 current_replicas=6 hold_until=0.0 observed_load=117.69 observed_target=6 point_forecasts=None prediction_age_sec=None predictive_target=6 proactive=False scenario=s3-hybrid-reactive target_replicas=6 upper_forecasts=None
2026-09-12 09:08:56 [debug    ] Decision loop completed        action=REACTIVE latency_ms=108.44 p99=462.17740232312565
2026-09-12 09:09:11 [info     ] controller_decision_v3         action=RECOVERY available_replicas=6 budget_remaining=995 burn_adjustment=0 burst_ratio=0.1219 capacity_deficit=False confidence=0 current_load=113.77296970167879 decision_id=24278520 k8s_capacity=99.9 k8s_weight=87 knative_weight=13 p99=462.2 predicted_load=0 r_effective=16.6 serverless_enabled=True total_load=113.8 weights_after={'k3s': 87, 'knative': 13} weights_before={'k3s': 79, 'knative': 21}
2026-09-12 09:09:12 [info     ] Weights updated                k3s=87 knative=13
2026-09-12 09:09:12 [info     ] Weights updated                action=RECOVERY reason='load=114RPS | k8s_cap=100RPS | (reducing-serverless)' weights={'k3s': 87, 'knative': 13}
2026-09-12 09:09:12 [info     ] algorithm2_scaling_decision    action=MAINTAIN alpha=0.060060060060060066 beta=0.0 buffer=1.0 current_replicas=6 predicted_load=119.41775753305281 required_resources=7.172 target_replicas=6
2026-09-12 09:09:12 [info     ] algorithm2_decision            action=MAINTAIN applied_target=6 current_replicas=6 hold_until=0.0 observed_load=119.42 observed_target=6 point_forecasts=None prediction_age_sec=None predictive_target=6 proactive=False scenario=s3-hybrid-reactive target_replicas=6 upper_forecasts=None
2026-09-12 09:09:12 [debug    ] Decision loop completed        action=RECOVERY latency_ms=147.06 p99=462.17740232312565
2026-09-12 09:09:27 [debug    ] HAProxy fallback latency       delta_requests=1314 interval_avg_ms=19.81 max_rtime_ms=566.0 p99_est=39.61
2026-09-12 09:09:27 [info     ] controller_decision_v3         action=RECOVERY available_replicas=6 budget_remaining=995 burn_adjustment=0 burst_ratio=0 capacity_deficit=False confidence=0 current_load=86.81698442261606 decision_id=15d5e930 k8s_capacity=99.9 k8s_weight=100 knative_weight=0 p99=39.6 predicted_load=0 r_effective=16.6 serverless_enabled=False total_load=86.8 weights_after={'k3s': 100, 'knative': 0} weights_before={'k3s': 87, 'knative': 13}
2026-09-12 09:09:27 [info     ] Weights updated                k3s=100 knative=0
2026-09-12 09:09:27 [info     ] Weights updated                action=RECOVERY reason='load=87RPS | k8s_cap=100RPS | (reducing-serverless)' weights={'k3s': 100, 'knative': 0}
2026-09-12 09:09:27 [info     ] algorithm2_scaling_decision    action=MAINTAIN alpha=0.060060060060060066 beta=0.0 buffer=1.0 current_replicas=6 predicted_load=100.29497706214742 required_resources=6.024 target_replicas=6
2026-09-12 09:09:27 [info     ] algorithm2_decision            action=MAINTAIN applied_target=6 current_replicas=6 hold_until=0.0 observed_load=100.29 observed_target=6 point_forecasts=None prediction_age_sec=None predictive_target=6 proactive=False scenario=s3-hybrid-reactive target_replicas=6 upper_forecasts=None
2026-09-12 09:09:27 [debug    ] Decision loop completed        action=RECOVERY latency_ms=150.47 p99=39.61187214611872
2026-09-12 09:09:42 [debug    ] HAProxy fallback latency       delta_requests=1131 interval_avg_ms=68.0 max_rtime_ms=566.0 p99_est=136.0
2026-09-12 09:09:42 [info     ] algorithm2_scaling_decision    action=MAINTAIN alpha=0.060060060060060066 beta=0.0 buffer=1.0 current_replicas=6 predicted_load=80.76613971200743 required_resources=4.851 target_replicas=5
2026-09-12 09:09:42 [info     ] algorithm2_decision            action=MAINTAIN applied_target=5 current_replicas=6 hold_until=0.0 observed_load=80.77 observed_target=5 point_forecasts=None prediction_age_sec=None predictive_target=5 proactive=False scenario=s3-hybrid-reactive target_replicas=5 upper_forecasts=None
2026-09-12 09:09:42 [debug    ] Decision loop completed        action=MAINTAIN latency_ms=113.93 p99=136.0
2026-09-12 09:09:57 [debug    ] HAProxy fallback latency       delta_requests=1074 interval_avg_ms=45.07 max_rtime_ms=566.0 p99_est=90.14
2026-09-12 09:09:57 [info     ] algorithm2_scaling_decision    action=MAINTAIN alpha=0.060060060060060066 beta=0.0 buffer=1.0 current_replicas=6 predicted_load=72.88862840110009 required_resources=4.378 target_replicas=5
2026-09-12 09:09:57 [info     ] algorithm2_decision            action=MAINTAIN applied_target=5 current_replicas=6 hold_until=0.0 observed_load=72.89 observed_target=5 point_forecasts=None prediction_age_sec=None predictive_target=5 proactive=False scenario=s3-hybrid-reactive target_replicas=5 upper_forecasts=None
2026-09-12 09:09:57 [debug    ] Decision loop completed        action=MAINTAIN latency_ms=113.25 p99=90.13780260707635
2026-09-12 09:10:12 [debug    ] HAProxy fallback latency       delta_requests=946 interval_avg_ms=12.93 max_rtime_ms=566.0 p99_est=25.86
2026-09-12 09:10:12 [info     ] algorithm2_scaling_decision    action=MAINTAIN alpha=0.060060060060060066 beta=0.0 buffer=1.0 current_replicas=6 predicted_load=66.82658338497308 required_resources=4.014 target_replicas=5
2026-09-12 09:10:12 [info     ] algorithm2_decision            action=MAINTAIN applied_target=5 current_replicas=6 hold_until=0.0 observed_load=66.83 observed_target=5 point_forecasts=None prediction_age_sec=None predictive_target=5 proactive=False scenario=s3-hybrid-reactive target_replicas=5 upper_forecasts=None
2026-09-12 09:10:12 [debug    ] Decision loop completed        action=MAINTAIN latency_ms=105.3 p99=25.864693446088793
2026-09-12 09:10:27 [debug    ] HAProxy fallback latency       delta_requests=792 interval_avg_ms=65.0 max_rtime_ms=566.0 p99_est=130.0
2026-09-12 09:10:27 [info     ] algorithm2_scaling_decision    action=SCALE_DOWN alpha=0.060060060060060066 beta=0.0 buffer=1.0 current_replicas=6 predicted_load=57.51224844344651 required_resources=3.454 target_replicas=4
2026-09-12 09:10:27 [info     ] algorithm2_decision            action=SCALE_DOWN applied_target=4 current_replicas=6 hold_until=0.0 observed_load=57.51 observed_target=4 point_forecasts=None prediction_age_sec=None predictive_target=4 proactive=False scenario=s3-hybrid-reactive target_replicas=4 upper_forecasts=None
2026-09-12 09:10:27 [info     ] k8s_scale_executed             deployment=test-app-warm replicas=4
2026-09-12 09:10:27 [debug    ] Decision loop completed        action=MAINTAIN latency_ms=141.7 p99=130.0
2026-09-12 09:10:42 [debug    ] HAProxy fallback latency       delta_requests=1204 interval_avg_ms=156.59 max_rtime_ms=566.0 p99_est=313.19
2026-09-12 09:10:42 [warning  ] Knative pre-warm non-200       status=404
2026-09-12 09:10:42 [info     ] controller_decision_v3         action=REACTIVE available_replicas=4 budget_remaining=994 burn_adjustment=0 burst_ratio=0.161 capacity_deficit=False confidence=0 current_load=79.38023591464871 decision_id=17dc012e k8s_capacity=66.6 k8s_weight=83 knative_weight=17 p99=313.2 predicted_load=0 r_effective=16.6 serverless_enabled=True total_load=79.4 weights_after={'k3s': 83, 'knative': 17} weights_before={'k3s': 100, 'knative': 0}
2026-09-12 09:10:42 [info     ] Weights updated                k3s=83 knative=17
2026-09-12 09:10:42 [info     ] Weights updated                action=REACTIVE reason='load=79RPS | k8s_cap=67RPS | (burst-routing)' weights={'k3s': 83, 'knative': 17}
2026-09-12 09:10:42 [info     ] algorithm2_scaling_decision    action=MAINTAIN alpha=0.060060060060060066 beta=0.0 buffer=1.0 current_replicas=4 predicted_load=65.90676391619849 required_resources=3.958 target_replicas=4
2026-09-12 09:10:42 [info     ] algorithm2_decision            action=MAINTAIN applied_target=4 current_replicas=4 hold_until=0.0 observed_load=65.91 observed_target=4 point_forecasts=None prediction_age_sec=None predictive_target=4 proactive=False scenario=s3-hybrid-reactive target_replicas=4 upper_forecasts=None
2026-09-12 09:10:42 [debug    ] Decision loop completed        action=REACTIVE latency_ms=114.98 p99=313.18936877076413
2026-09-12 09:10:57 [debug    ] HAProxy fallback latency       delta_requests=1872 interval_avg_ms=572.28 max_rtime_ms=566.0 p99_est=566.0
2026-09-12 09:10:57 [info     ] controller_decision_v3         action=REACTIVE available_replicas=4 budget_remaining=993 burn_adjustment=0 burst_ratio=0.462 capacity_deficit=False confidence=0 current_load=123.78469111530464 decision_id=c8b1361d k8s_capacity=66.6 k8s_weight=53 knative_weight=47 p99=566.0 predicted_load=0 r_effective=16.6 serverless_enabled=True total_load=123.8 weights_after={'k3s': 53, 'knative': 47} weights_before={'k3s': 83, 'knative': 17}
2026-09-12 09:10:57 [info     ] Weights updated                k3s=53 knative=47
2026-09-12 09:10:57 [info     ] Weights updated                action=REACTIVE reason='load=124RPS | k8s_cap=67RPS | (burst-routing)' weights={'k3s': 53, 'knative': 47}
2026-09-12 09:10:57 [info     ] algorithm2_scaling_decision    action=SCALE_UP alpha=0.060060060060060066 beta=0.0 buffer=1.0 current_replicas=4 predicted_load=101.58246351497667 required_resources=6.101 target_replicas=6
2026-09-12 09:10:57 [info     ] algorithm2_decision            action=SCALE_UP applied_target=6 current_replicas=4 hold_until=0.0 observed_load=101.58 observed_target=6 point_forecasts=None prediction_age_sec=None predictive_target=6 proactive=False scenario=s3-hybrid-reactive target_replicas=6 upper_forecasts=None
2026-09-12 09:10:57 [info     ] k8s_scale_executed             deployment=test-app-warm replicas=6
2026-09-12 09:10:57 [debug    ] Decision loop completed        action=REACTIVE latency_ms=150.58 p99=566.0
2026-09-12 09:11:13 [info     ] controller_decision_v3         action=RECOVERY available_replicas=6 budget_remaining=992 burn_adjustment=0 burst_ratio=0.1697 capacity_deficit=False confidence=0 current_load=120.32338398076504 decision_id=8573fca2 k8s_capacity=99.9 k8s_weight=83 knative_weight=17 p99=566.0 predicted_load=0 r_effective=16.6 serverless_enabled=True total_load=120.3 weights_after={'k3s': 83, 'knative': 17} weights_before={'k3s': 53, 'knative': 47}
2026-09-12 09:11:13 [info     ] Weights updated                k3s=83 knative=17
2026-09-12 09:11:13 [info     ] Weights updated                action=RECOVERY reason='load=120RPS | k8s_cap=100RPS | (reducing-serverless)' weights={'k3s': 83, 'knative': 17}
2026-09-12 09:11:13 [info     ] Scale readiness observed       elapsed_sec=15.1 ewma_delay=33.7 samples=4 target=6
2026-09-12 09:11:13 [info     ] algorithm2_scaling_decision    action=MAINTAIN alpha=0.060060060060060066 beta=0.0 buffer=1.0 current_replicas=6 predicted_load=122.05403754803484 required_resources=7.331 target_replicas=6
2026-09-12 09:11:13 [info     ] algorithm2_decision            action=MAINTAIN applied_target=6 current_replicas=6 hold_until=0.0 observed_load=122.05 observed_target=6 point_forecasts=None prediction_age_sec=None predictive_target=6 proactive=False scenario=s3-hybrid-reactive target_replicas=6 upper_forecasts=None
2026-09-12 09:11:13 [debug    ] Decision loop completed        action=RECOVERY latency_ms=146.93 p99=566.0
2026-09-12 09:11:28 [debug    ] HAProxy fallback latency       delta_requests=1423 interval_avg_ms=46.03 max_rtime_ms=566.0 p99_est=92.06
2026-09-12 09:11:28 [info     ] controller_decision_v3         action=RECOVERY available_replicas=6 budget_remaining=992 burn_adjustment=0 burst_ratio=0 capacity_deficit=False confidence=0 current_load=94.00978514505066 decision_id=4be78c25 k8s_capacity=99.9 k8s_weight=100 knative_weight=0 p99=92.1 predicted_load=0 r_effective=16.6 serverless_enabled=False total_load=94.0 weights_after={'k3s': 100, 'knative': 0} weights_before={'k3s': 83, 'knative': 17}
2026-09-12 09:11:28 [info     ] Weights updated                k3s=100 knative=0
2026-09-12 09:11:28 [info     ] Weights updated                action=RECOVERY reason='load=94RPS | k8s_cap=100RPS | (reducing-serverless)' weights={'k3s': 100, 'knative': 0}
2026-09-12 09:11:28 [info     ] algorithm2_scaling_decision    action=MAINTAIN alpha=0.060060060060060066 beta=0.0 buffer=1.0 current_replicas=6 predicted_load=107.16658456290784 required_resources=6.436 target_replicas=6
2026-09-12 09:11:28 [info     ] algorithm2_decision            action=MAINTAIN applied_target=6 current_replicas=6 hold_until=0.0 observed_load=107.17 observed_target=6 point_forecasts=None prediction_age_sec=None predictive_target=6 proactive=False scenario=s3-hybrid-reactive target_replicas=6 upper_forecasts=None
2026-09-12 09:11:28 [debug    ] Decision loop completed        action=RECOVERY latency_ms=150.23 p99=92.05903021784961
2026-09-12 09:11:43 [debug    ] HAProxy fallback latency       delta_requests=1231 interval_avg_ms=95.55 max_rtime_ms=566.0 p99_est=191.11
2026-09-12 09:11:43 [info     ] algorithm2_scaling_decision    action=MAINTAIN alpha=0.060060060060060066 beta=0.0 buffer=1.0 current_replicas=6 predicted_load=87.63050565425436 required_resources=5.263 target_replicas=6
2026-09-12 09:11:43 [info     ] algorithm2_decision            action=MAINTAIN applied_target=6 current_replicas=6 hold_until=0.0 observed_load=87.63 observed_target=6 point_forecasts=None prediction_age_sec=None predictive_target=6 proactive=False scenario=s3-hybrid-reactive target_replicas=6 upper_forecasts=None
2026-09-12 09:11:43 [debug    ] Decision loop completed        action=MAINTAIN latency_ms=112.33 p99=191.10641754671
2026-09-12 09:11:58 [debug    ] HAProxy fallback latency       delta_requests=1147 interval_avg_ms=99.57 max_rtime_ms=566.0 p99_est=199.14
2026-09-12 09:11:58 [info     ] algorithm2_scaling_decision    action=MAINTAIN alpha=0.060060060060060066 beta=0.0 buffer=1.0 current_replicas=6 predicted_load=78.57524656693347 required_resources=4.719 target_replicas=5
2026-09-12 09:11:58 [info     ] algorithm2_decision            action=MAINTAIN applied_target=5 current_replicas=6 hold_until=0.0 observed_load=78.58 observed_target=5 point_forecasts=None prediction_age_sec=None predictive_target=5 proactive=False scenario=s3-hybrid-reactive target_replicas=5 upper_forecasts=None
2026-09-12 09:11:58 [debug    ] Decision loop completed        action=MAINTAIN latency_ms=106.35 p99=199.14210985178727
2026-09-12 09:12:13 [debug    ] HAProxy fallback latency       delta_requests=1490 interval_avg_ms=339.87 max_rtime_ms=566.0 p99_est=566.0
2026-09-12 09:12:13 [info     ] algorithm2_scaling_decision    action=MAINTAIN alpha=0.060060060060060066 beta=0.0 buffer=1.0 current_replicas=6 predicted_load=87.23400922078258 required_resources=5.239 target_replicas=6
2026-09-12 09:12:13 [info     ] algorithm2_decision            action=MAINTAIN applied_target=6 current_replicas=6 hold_until=0.0 observed_load=87.23 observed_target=6 point_forecasts=None prediction_age_sec=None predictive_target=6 proactive=False scenario=s3-hybrid-reactive target_replicas=6 upper_forecasts=None
2026-09-12 09:12:13 [debug    ] Decision loop completed        action=MAINTAIN latency_ms=113.4 p99=566.0
2026-09-12 09:12:28 [debug    ] HAProxy fallback latency       delta_requests=2006 interval_avg_ms=2849.09 max_rtime_ms=1016.0 p99_est=1016.0
2026-09-12 09:12:28 [warning  ] Knative pre-warm non-200       status=404
2026-09-12 09:12:28 [info     ] controller_decision_v3         action=REACTIVE available_replicas=6 budget_remaining=990 burn_adjustment=0 burst_ratio=0.2466 capacity_deficit=False confidence=0 current_load=132.59297758566777 decision_id=ff220b2b k8s_capacity=99.9 k8s_weight=75 knative_weight=25 p99=1016.0 predicted_load=0 r_effective=16.6 serverless_enabled=True total_load=132.6 weights_after={'k3s': 75, 'knative': 25} weights_before={'k3s': 100, 'knative': 0}
2026-09-12 09:12:28 [info     ] Weights updated                k3s=75 knative=25
2026-09-12 09:12:28 [info     ] Weights updated                action=REACTIVE reason='load=133RPS | k8s_cap=100RPS | (burst-routing)' weights={'k3s': 75, 'knative': 25}
2026-09-12 09:12:28 [info     ] algorithm2_scaling_decision    action=MAINTAIN alpha=0.060060060060060066 beta=0.0 buffer=1.0 current_replicas=6 predicted_load=115.58086452841202 required_resources=6.942 target_replicas=6
2026-09-12 09:12:28 [info     ] algorithm2_decision            action=MAINTAIN applied_target=6 current_replicas=6 hold_until=0.0 observed_load=115.58 observed_target=6 point_forecasts=None prediction_age_sec=None predictive_target=6 proactive=False scenario=s3-hybrid-reactive target_replicas=6 upper_forecasts=None
2026-09-12 09:12:28 [debug    ] Decision loop completed        action=REACTIVE latency_ms=113.12 p99=1016.0
2026-09-12 09:12:43 [info     ] controller_decision_v3         action=REACTIVE available_replicas=6 budget_remaining=989 burn_adjustment=0 burst_ratio=0.3355 capacity_deficit=False confidence=0 current_load=150.33244505948053 decision_id=9706a3df k8s_capacity=99.9 k8s_weight=66 knative_weight=34 p99=1016.0 predicted_load=0 r_effective=16.6 serverless_enabled=True total_load=150.3 weights_after={'k3s': 66, 'knative': 34} weights_before={'k3s': 75, 'knative': 25}
2026-09-12 09:12:43 [info     ] Weights updated                k3s=66 knative=34
2026-09-12 09:12:43 [info     ] Weights updated                action=REACTIVE reason='load=150RPS | k8s_cap=100RPS | (burst-routing)' weights={'k3s': 66, 'knative': 34}
2026-09-12 09:12:43 [info     ] algorithm2_scaling_decision    action=MAINTAIN alpha=0.060060060060060066 beta=0.0 buffer=1.0 current_replicas=6 predicted_load=141.46271132257414 required_resources=8.496 target_replicas=6
2026-09-12 09:12:43 [info     ] algorithm2_decision            action=MAINTAIN applied_target=6 current_replicas=6 hold_until=0.0 observed_load=141.46 observed_target=6 point_forecasts=None prediction_age_sec=None predictive_target=6 proactive=False scenario=s3-hybrid-reactive target_replicas=6 upper_forecasts=None
2026-09-12 09:12:43 [debug    ] Decision loop completed        action=REACTIVE latency_ms=119.98 p99=1016.0
2026-09-12 09:12:58 [info     ] controller_decision_v3         action=REACTIVE available_replicas=6 budget_remaining=988 burn_adjustment=0 burst_ratio=0.3764 capacity_deficit=False confidence=0 current_load=160.18673476967936 decision_id=9dc2788d k8s_capacity=99.9 k8s_weight=62 knative_weight=38 p99=1016.0 predicted_load=0 r_effective=16.6 serverless_enabled=True total_load=160.2 weights_after={'k3s': 62, 'knative': 38} weights_before={'k3s': 66, 'knative': 34}
2026-09-12 09:12:58 [info     ] Weights updated                k3s=62 knative=38
2026-09-12 09:12:58 [info     ] Weights updated                action=REACTIVE reason='load=160RPS | k8s_cap=100RPS | (burst-routing)' weights={'k3s': 62, 'knative': 38}
2026-09-12 09:12:58 [info     ] algorithm2_scaling_decision    action=MAINTAIN alpha=0.060060060060060066 beta=0.0 buffer=1.0 current_replicas=6 predicted_load=155.25958991457995 required_resources=9.325 target_replicas=6
2026-09-12 09:12:58 [info     ] algorithm2_decision            action=MAINTAIN applied_target=6 current_replicas=6 hold_until=0.0 observed_load=155.26 observed_target=6 point_forecasts=None prediction_age_sec=None predictive_target=6 proactive=False scenario=s3-hybrid-reactive target_replicas=6 upper_forecasts=None
2026-09-12 09:12:58 [debug    ] Decision loop completed        action=REACTIVE latency_ms=113.53 p99=1016.0
2026-09-12 09:13:13 [info     ] controller_decision_v3         action=RECOVERY available_replicas=6 budget_remaining=987 burn_adjustment=0 burst_ratio=0.3131 capacity_deficit=False confidence=0 current_load=145.42547769424618 decision_id=28b4be4d k8s_capacity=99.9 k8s_weight=68 knative_weight=32 p99=1016.0 predicted_load=0 r_effective=16.6 serverless_enabled=True total_load=145.4 weights_after={'k3s': 68, 'knative': 32} weights_before={'k3s': 62, 'knative': 38}
2026-09-12 09:13:14 [info     ] Weights updated                k3s=68 knative=32
2026-09-12 09:13:14 [info     ] Weights updated                action=RECOVERY reason='load=145RPS | k8s_cap=100RPS | (reducing-serverless)' weights={'k3s': 68, 'knative': 32}
2026-09-12 09:13:14 [info     ] algorithm2_scaling_decision    action=MAINTAIN alpha=0.060060060060060066 beta=0.0 buffer=1.0 current_replicas=6 predicted_load=152.80610623196276 required_resources=9.178 target_replicas=6
2026-09-12 09:13:14 [info     ] algorithm2_decision            action=MAINTAIN applied_target=6 current_replicas=6 hold_until=0.0 observed_load=152.81 observed_target=6 point_forecasts=None prediction_age_sec=None predictive_target=6 proactive=False scenario=s3-hybrid-reactive target_replicas=6 upper_forecasts=None
2026-09-12 09:13:14 [debug    ] Decision loop completed        action=RECOVERY latency_ms=148.86 p99=1016.0
2026-09-12 09:13:29 [info     ] controller_decision_v3         action=RECOVERY available_replicas=6 budget_remaining=986 burn_adjustment=0 burst_ratio=0.1837 capacity_deficit=False confidence=0 current_load=122.38545471027837 decision_id=1efaa881 k8s_capacity=99.9 k8s_weight=81 knative_weight=19 p99=1016.0 predicted_load=0 r_effective=16.6 serverless_enabled=True total_load=122.4 weights_after={'k3s': 81, 'knative': 19} weights_before={'k3s': 68, 'knative': 32}
2026-09-12 09:13:29 [info     ] Weights updated                k3s=81 knative=19
2026-09-12 09:13:29 [info     ] Weights updated                action=RECOVERY reason='load=122RPS | k8s_cap=100RPS | (reducing-serverless)' weights={'k3s': 81, 'knative': 19}
2026-09-12 09:13:29 [info     ] algorithm2_scaling_decision    action=MAINTAIN alpha=0.060060060060060066 beta=0.0 buffer=1.0 current_replicas=6 predicted_load=133.9054662022623 required_resources=8.042 target_replicas=6
2026-09-12 09:13:29 [info     ] algorithm2_decision            action=MAINTAIN applied_target=6 current_replicas=6 hold_until=0.0 observed_load=133.91 observed_target=6 point_forecasts=None prediction_age_sec=None predictive_target=6 proactive=False scenario=s3-hybrid-reactive target_replicas=6 upper_forecasts=None
2026-09-12 09:13:29 [debug    ] Decision loop completed        action=RECOVERY latency_ms=149.66 p99=1016.0
2026-09-12 09:13:44 [debug    ] HAProxy fallback latency       delta_requests=1787 interval_avg_ms=67.0 max_rtime_ms=1016.0 p99_est=134.0
2026-09-12 09:13:44 [info     ] controller_decision_v3         action=RECOVERY available_replicas=6 budget_remaining=986 burn_adjustment=0 burst_ratio=0.1531 capacity_deficit=False confidence=0 current_load=117.9572510989766 decision_id=e8ae1a24 k8s_capacity=99.9 k8s_weight=84 knative_weight=16 p99=134.0 predicted_load=0 r_effective=16.6 serverless_enabled=True total_load=118.0 weights_after={'k3s': 84, 'knative': 16} weights_before={'k3s': 81, 'knative': 19}
2026-09-12 09:13:44 [info     ] Weights updated                k3s=84 knative=16
2026-09-12 09:13:44 [info     ] Weights updated                action=RECOVERY reason='load=118RPS | k8s_cap=100RPS | (reducing-serverless)' weights={'k3s': 84, 'knative': 16}
2026-09-12 09:13:44 [info     ] algorithm2_scaling_decision    action=MAINTAIN alpha=0.060060060060060066 beta=0.0 buffer=1.0 current_replicas=6 predicted_load=120.17135290462748 required_resources=7.217 target_replicas=6
2026-09-12 09:13:44 [info     ] algorithm2_decision            action=MAINTAIN applied_target=6 current_replicas=6 hold_until=0.0 observed_load=120.17 observed_target=6 point_forecasts=None prediction_age_sec=None predictive_target=6 proactive=False scenario=s3-hybrid-reactive target_replicas=6 upper_forecasts=None
2026-09-12 09:13:44 [debug    ] Decision loop completed        action=RECOVERY latency_ms=149.15 p99=134.0
2026-09-12 09:13:59 [debug    ] HAProxy fallback latency       delta_requests=1824 interval_avg_ms=94.91 max_rtime_ms=1016.0 p99_est=189.83
2026-09-12 09:13:59 [info     ] controller_decision_v3         action=REACTIVE available_replicas=6 budget_remaining=986 burn_adjustment=0 burst_ratio=0.1698 capacity_deficit=False confidence=0 current_load=120.33171005001037 decision_id=860acd76 k8s_capacity=99.9 k8s_weight=83 knative_weight=17 p99=189.8 predicted_load=0 r_effective=16.6 serverless_enabled=True total_load=120.3 weights_after={'k3s': 83, 'knative': 17} weights_before={'k3s': 84, 'knative': 16}
2026-09-12 09:13:59 [info     ] Weights updated                k3s=83 knative=17
2026-09-12 09:13:59 [info     ] Weights updated                action=REACTIVE reason='load=120RPS | k8s_cap=100RPS | (burst-routing)' weights={'k3s': 83, 'knative': 17}
2026-09-12 09:13:59 [info     ] algorithm2_scaling_decision    action=MAINTAIN alpha=0.060060060060060066 beta=0.0 buffer=1.0 current_replicas=6 predicted_load=119.14448057449349 required_resources=7.156 target_replicas=6
2026-09-12 09:13:59 [info     ] algorithm2_decision            action=MAINTAIN applied_target=6 current_replicas=6 hold_until=0.0 observed_load=119.14 observed_target=6 point_forecasts=None prediction_age_sec=None predictive_target=6 proactive=False scenario=s3-hybrid-reactive target_replicas=6 upper_forecasts=None
2026-09-12 09:13:59 [debug    ] Decision loop completed        action=REACTIVE latency_ms=106.91 p99=189.82894736842104
2026-09-12 09:14:14 [debug    ] HAProxy fallback latency       delta_requests=1815 interval_avg_ms=126.11 max_rtime_ms=1016.0 p99_est=252.21
2026-09-12 09:14:14 [info     ] algorithm2_scaling_decision    action=MAINTAIN alpha=0.060060060060060066 beta=0.0 buffer=1.0 current_replicas=6 predicted_load=120.27087345724351 required_resources=7.223 target_replicas=6
2026-09-12 09:14:14 [info     ] algorithm2_decision            action=MAINTAIN applied_target=6 current_replicas=6 hold_until=0.0 observed_load=120.27 observed_target=6 point_forecasts=None prediction_age_sec=None predictive_target=6 proactive=False scenario=s3-hybrid-reactive target_replicas=6 upper_forecasts=None
2026-09-12 09:14:14 [debug    ] Decision loop completed        action=MAINTAIN latency_ms=114.46 p99=252.21157024793388
2026-09-12 09:14:29 [info     ] controller_decision_v3         action=RECOVERY available_replicas=6 budget_remaining=984 burn_adjustment=0 burst_ratio=0.1546 capacity_deficit=False confidence=0 current_load=118.16819705052546 decision_id=9a004760 k8s_capacity=99.9 k8s_weight=84 knative_weight=16 p99=252.2 predicted_load=0 r_effective=16.6 serverless_enabled=True total_load=118.2 weights_after={'k3s': 84, 'knative': 16} weights_before={'k3s': 83, 'knative': 17}
2026-09-12 09:14:29 [info     ] Weights updated                k3s=84 knative=16
2026-09-12 09:14:29 [info     ] Weights updated                action=RECOVERY reason='load=118RPS | k8s_cap=100RPS | (reducing-serverless)' weights={'k3s': 84, 'knative': 16}
2026-09-12 09:14:29 [info     ] algorithm2_scaling_decision    action=MAINTAIN alpha=0.060060060060060066 beta=0.0 buffer=1.0 current_replicas=6 predicted_load=119.18911695750106 required_resources=7.159 target_replicas=6
2026-09-12 09:14:29 [info     ] algorithm2_decision            action=MAINTAIN applied_target=6 current_replicas=6 hold_until=0.0 observed_load=119.19 observed_target=6 point_forecasts=None prediction_age_sec=None predictive_target=6 proactive=False scenario=s3-hybrid-reactive target_replicas=6 upper_forecasts=None
2026-09-12 09:14:29 [debug    ] Decision loop completed        action=RECOVERY latency_ms=135.53 p99=252.21157024793388
2026-09-12 09:14:44 [debug    ] HAProxy fallback latency       delta_requests=1551 interval_avg_ms=103.15 max_rtime_ms=1016.0 p99_est=206.3
2026-09-12 09:14:44 [info     ] controller_decision_v3         action=RECOVERY available_replicas=6 budget_remaining=983 burn_adjustment=0 burst_ratio=0.0257 capacity_deficit=False confidence=0 current_load=102.53696613869684 decision_id=6198b9f5 k8s_capacity=99.9 k8s_weight=97 knative_weight=3 p99=206.3 predicted_load=0 r_effective=16.6 serverless_enabled=True total_load=102.5 weights_after={'k3s': 97, 'knative': 3} weights_before={'k3s': 84, 'knative': 16}
2026-09-12 09:14:44 [info     ] Weights updated                k3s=97 knative=3
2026-09-12 09:14:44 [info     ] Weights updated                action=RECOVERY reason='load=103RPS | k8s_cap=100RPS | (reducing-serverless)' weights={'k3s': 97, 'knative': 3}
2026-09-12 09:14:44 [info     ] algorithm2_scaling_decision    action=MAINTAIN alpha=0.060060060060060066 beta=0.0 buffer=1.0 current_replicas=6 predicted_load=110.35258159461115 required_resources=6.628 target_replicas=6
2026-09-12 09:14:44 [info     ] algorithm2_decision            action=MAINTAIN applied_target=6 current_replicas=6 hold_until=0.0 observed_load=110.35 observed_target=6 point_forecasts=None prediction_age_sec=None predictive_target=6 proactive=False scenario=s3-hybrid-reactive target_replicas=6 upper_forecasts=None
2026-09-12 09:14:44 [debug    ] Decision loop completed        action=RECOVERY latency_ms=137.1 p99=206.29916183107673
2026-09-12 09:14:59 [debug    ] HAProxy fallback latency       delta_requests=1258 interval_avg_ms=22.43 max_rtime_ms=1016.0 p99_est=44.86
2026-09-12 09:14:59 [info     ] controller_decision_v3         action=RECOVERY available_replicas=6 budget_remaining=983 burn_adjustment=0 burst_ratio=0 capacity_deficit=False confidence=0 current_load=83.10631681535976 decision_id=5274b158 k8s_capacity=99.9 k8s_weight=100 knative_weight=0 p99=44.9 predicted_load=0 r_effective=16.6 serverless_enabled=False total_load=83.1 weights_after={'k3s': 100, 'knative': 0} weights_before={'k3s': 97, 'knative': 3}
2026-09-12 09:14:59 [info     ] Weights updated                k3s=100 knative=0
2026-09-12 09:14:59 [info     ] Weights updated                action=RECOVERY reason='load=83RPS | k8s_cap=100RPS | (reducing-serverless)' weights={'k3s': 100, 'knative': 0}
2026-09-12 09:15:00 [info     ] algorithm2_scaling_decision    action=MAINTAIN alpha=0.060060060060060066 beta=0.0 buffer=1.0 current_replicas=6 predicted_load=92.8216414770283 required_resources=5.575 target_replicas=6
2026-09-12 09:15:00 [info     ] algorithm2_decision            action=MAINTAIN applied_target=6 current_replicas=6 hold_until=0.0 observed_load=92.82 observed_target=6 point_forecasts=None prediction_age_sec=None predictive_target=6 proactive=False scenario=s3-hybrid-reactive target_replicas=6 upper_forecasts=None
2026-09-12 09:15:00 [debug    ] Decision loop completed        action=RECOVERY latency_ms=147.89 p99=44.86168521462639
2026-09-12 09:15:15 [debug    ] HAProxy fallback latency       delta_requests=1120 interval_avg_ms=67.0 max_rtime_ms=1016.0 p99_est=134.0
2026-09-12 09:15:15 [info     ] algorithm2_scaling_decision    action=MAINTAIN alpha=0.060060060060060066 beta=0.0 buffer=1.0 current_replicas=6 predicted_load=78.52140520188519 required_resources=4.716 target_replicas=5
2026-09-12 09:15:15 [info     ] algorithm2_decision            action=MAINTAIN applied_target=5 current_replicas=6 hold_until=0.0 observed_load=78.52 observed_target=5 point_forecasts=None prediction_age_sec=None predictive_target=5 proactive=False scenario=s3-hybrid-reactive target_replicas=5 upper_forecasts=None
2026-09-12 09:15:15 [debug    ] Decision loop completed        action=MAINTAIN latency_ms=117.47 p99=134.0
2026-09-12 09:15:30 [debug    ] HAProxy fallback latency       delta_requests=1044 interval_avg_ms=10.02 max_rtime_ms=1016.0 p99_est=20.03
2026-09-12 09:15:30 [info     ] algorithm2_scaling_decision    action=MAINTAIN alpha=0.060060060060060066 beta=0.0 buffer=1.0 current_replicas=6 predicted_load=71.49878541388821 required_resources=4.294 target_replicas=5
2026-09-12 09:15:30 [info     ] algorithm2_decision            action=MAINTAIN applied_target=5 current_replicas=6 hold_until=0.0 observed_load=71.5 observed_target=5 point_forecasts=None prediction_age_sec=None predictive_target=5 proactive=False scenario=s3-hybrid-reactive target_replicas=5 upper_forecasts=None
2026-09-12 09:15:30 [debug    ] Decision loop completed        action=MAINTAIN latency_ms=115.79 p99=20.03448275862069
2026-09-12 09:15:45 [debug    ] HAProxy fallback latency       delta_requests=1175 interval_avg_ms=117.63 max_rtime_ms=1016.0 p99_est=235.26
2026-09-12 09:15:45 [info     ] algorithm2_scaling_decision    action=MAINTAIN alpha=0.060060060060060066 beta=0.0 buffer=1.0 current_replicas=6 predicted_load=73.39456780399246 required_resources=4.408 target_replicas=5
2026-09-12 09:15:45 [info     ] algorithm2_decision            action=MAINTAIN applied_target=5 current_replicas=6 hold_until=0.0 observed_load=73.39 observed_target=5 point_forecasts=None prediction_age_sec=None predictive_target=5 proactive=False scenario=s3-hybrid-reactive target_replicas=5 upper_forecasts=None
2026-09-12 09:15:45 [debug    ] Decision loop completed        action=MAINTAIN latency_ms=97.59 p99=235.2595744680851
2026-09-12 09:16:00 [debug    ] HAProxy fallback latency       delta_requests=1328 interval_avg_ms=67.0 max_rtime_ms=1016.0 p99_est=134.0
2026-09-12 09:16:00 [info     ] algorithm2_scaling_decision    action=MAINTAIN alpha=0.060060060060060066 beta=0.0 buffer=1.0 current_replicas=6 predicted_load=82.84480725976852 required_resources=4.976 target_replicas=5
2026-09-12 09:16:00 [info     ] algorithm2_decision            action=MAINTAIN applied_target=5 current_replicas=6 hold_until=0.0 observed_load=82.84 observed_target=5 point_forecasts=None prediction_age_sec=None predictive_target=5 proactive=False scenario=s3-hybrid-reactive target_replicas=5 upper_forecasts=None
2026-09-12 09:16:00 [debug    ] Decision loop completed        action=MAINTAIN latency_ms=102.38 p99=134.0
2026-09-12 09:16:15 [debug    ] HAProxy fallback latency       delta_requests=1091 interval_avg_ms=9.18 max_rtime_ms=1016.0 p99_est=18.36
2026-09-12 09:16:15 [info     ] algorithm2_scaling_decision    action=MAINTAIN alpha=0.060060060060060066 beta=0.0 buffer=1.0 current_replicas=6 predicted_load=80.13455941979257 required_resources=4.813 target_replicas=5
2026-09-12 09:16:15 [info     ] algorithm2_decision            action=MAINTAIN applied_target=5 current_replicas=6 hold_until=0.0 observed_load=80.13 observed_target=5 point_forecasts=None prediction_age_sec=None predictive_target=5 proactive=False scenario=s3-hybrid-reactive target_replicas=5 upper_forecasts=None
2026-09-12 09:16:15 [debug    ] Decision loop completed        action=MAINTAIN latency_ms=103.32 p99=18.35563703024748
2026-09-12 09:16:30 [info     ] algorithm2_scaling_decision    action=SCALE_DOWN alpha=0.060060060060060066 beta=0.0 buffer=1.0 current_replicas=6 predicted_load=61.809765605099685 required_resources=3.712 target_replicas=4
2026-09-12 09:16:30 [info     ] algorithm2_decision            action=SCALE_DOWN applied_target=4 current_replicas=6 hold_until=0.0 observed_load=61.81 observed_target=4 point_forecasts=None prediction_age_sec=None predictive_target=4 proactive=False scenario=s3-hybrid-reactive target_replicas=4 upper_forecasts=None
2026-09-12 09:16:30 [info     ] k8s_scale_executed             deployment=test-app-warm replicas=4
2026-09-12 09:16:30 [debug    ] Decision loop completed        action=MAINTAIN latency_ms=136.27 p99=18.35563703024748
2026-09-12 09:16:45 [debug    ] HAProxy fallback latency       delta_requests=705 interval_avg_ms=64.0 max_rtime_ms=1016.0 p99_est=128.0
2026-09-12 09:16:45 [info     ] algorithm2_scaling_decision    action=MAINTAIN alpha=0.060060060060060066 beta=0.0 buffer=1.0 current_replicas=4 predicted_load=48.97720109018708 required_resources=2.942 target_replicas=3
2026-09-12 09:16:45 [info     ] algorithm2_decision            action=MAINTAIN applied_target=3 current_replicas=4 hold_until=0.0 observed_load=48.98 observed_target=3 point_forecasts=None prediction_age_sec=None predictive_target=3 proactive=False scenario=s3-hybrid-reactive target_replicas=3 upper_forecasts=None
2026-09-12 09:16:45 [debug    ] Decision loop completed        action=MAINTAIN latency_ms=111.37 p99=128.0
2026-09-12 09:17:00 [debug    ] HAProxy fallback latency       delta_requests=693 interval_avg_ms=64.0 max_rtime_ms=1016.0 p99_est=128.0
2026-09-12 09:17:00 [info     ] algorithm2_scaling_decision    action=MAINTAIN alpha=0.060060060060060066 beta=0.0 buffer=1.0 current_replicas=4 predicted_load=46.25091737387356 required_resources=2.778 target_replicas=3
2026-09-12 09:17:00 [info     ] algorithm2_decision            action=MAINTAIN applied_target=3 current_replicas=4 hold_until=0.0 observed_load=46.25 observed_target=3 point_forecasts=None prediction_age_sec=None predictive_target=3 proactive=False scenario=s3-hybrid-reactive target_replicas=3 upper_forecasts=None
2026-09-12 09:17:00 [debug    ] Decision loop completed        action=MAINTAIN latency_ms=92.78 p99=128.0
2026-09-12 09:17:15 [debug    ] HAProxy fallback latency       delta_requests=653 interval_avg_ms=64.0 max_rtime_ms=1016.0 p99_est=128.0
2026-09-12 09:17:15 [info     ] algorithm2_scaling_decision    action=MAINTAIN alpha=0.060060060060060066 beta=0.0 buffer=1.0 current_replicas=4 predicted_load=44.56246422964841 required_resources=2.676 target_replicas=3
2026-09-12 09:17:15 [info     ] algorithm2_decision            action=MAINTAIN applied_target=3 current_replicas=4 hold_until=0.0 observed_load=44.56 observed_target=3 point_forecasts=None prediction_age_sec=None predictive_target=3 proactive=False scenario=s3-hybrid-reactive target_replicas=3 upper_forecasts=None
2026-09-12 09:17:15 [debug    ] Decision loop completed        action=MAINTAIN latency_ms=99.22 p99=128.0
2026-09-12 09:17:31 [debug    ] HAProxy fallback latency       delta_requests=634 interval_avg_ms=64.0 max_rtime_ms=1016.0 p99_est=128.0
2026-09-12 09:17:31 [info     ] algorithm2_scaling_decision    action=MAINTAIN alpha=0.060060060060060066 beta=0.0 buffer=1.0 current_replicas=4 predicted_load=42.59388557795168 required_resources=2.558 target_replicas=3
2026-09-12 09:17:31 [info     ] algorithm2_decision            action=MAINTAIN applied_target=3 current_replicas=4 hold_until=0.0 observed_load=42.59 observed_target=3 point_forecasts=None prediction_age_sec=None predictive_target=3 proactive=False scenario=s3-hybrid-reactive target_replicas=3 upper_forecasts=None
2026-09-12 09:17:31 [debug    ] Decision loop completed        action=MAINTAIN latency_ms=97.36 p99=128.0
2026-09-12 09:17:46 [debug    ] HAProxy fallback latency       delta_requests=832 interval_avg_ms=144.98 max_rtime_ms=1016.0 p99_est=289.96
2026-09-12 09:17:46 [info     ] algorithm2_scaling_decision    action=MAINTAIN alpha=0.060060060060060066 beta=0.0 buffer=1.0 current_replicas=4 predicted_load=48.514896555800064 required_resources=2.914 target_replicas=3
2026-09-12 09:17:46 [info     ] algorithm2_decision            action=MAINTAIN applied_target=3 current_replicas=4 hold_until=0.0 observed_load=48.51 observed_target=3 point_forecasts=None prediction_age_sec=None predictive_target=3 proactive=False scenario=s3-hybrid-reactive target_replicas=3 upper_forecasts=None
2026-09-12 09:17:46 [debug    ] Decision loop completed        action=MAINTAIN latency_ms=98.15 p99=289.96153846153845
2026-09-12 09:18:01 [debug    ] HAProxy fallback latency       delta_requests=1059 interval_avg_ms=129.62 max_rtime_ms=1016.0 p99_est=259.24
2026-09-12 09:18:01 [warning  ] Knative pre-warm non-200       status=404
2026-09-12 09:18:01 [info     ] controller_decision_v3         action=REACTIVE available_replicas=4 budget_remaining=980 burn_adjustment=0 burst_ratio=0.0496 capacity_deficit=False confidence=0 current_load=70.07559056043213 decision_id=5ed3b3bf k8s_capacity=66.6 k8s_weight=95 knative_weight=5 p99=259.2 predicted_load=0 r_effective=16.6 serverless_enabled=True total_load=70.1 weights_after={'k3s': 95, 'knative': 5} weights_before={'k3s': 100, 'knative': 0}
2026-09-12 09:18:01 [info     ] Weights updated                k3s=95 knative=5
2026-09-12 09:18:01 [info     ] Weights updated                action=REACTIVE reason='load=70RPS | k8s_cap=67RPS | (burst-routing)' weights={'k3s': 95, 'knative': 5}
2026-09-12 09:18:01 [info     ] algorithm2_scaling_decision    action=MAINTAIN alpha=0.060060060060060066 beta=0.0 buffer=1.0 current_replicas=4 predicted_load=62.59156994326027 required_resources=3.759 target_replicas=4
2026-09-12 09:18:01 [info     ] algorithm2_decision            action=MAINTAIN applied_target=4 current_replicas=4 hold_until=0.0 observed_load=62.59 observed_target=4 point_forecasts=None prediction_age_sec=None predictive_target=4 proactive=False scenario=s3-hybrid-reactive target_replicas=4 upper_forecasts=None
2026-09-12 09:18:01 [debug    ] Decision loop completed        action=REACTIVE latency_ms=105.99 p99=259.2445703493862
2026-09-12 09:18:16 [debug    ] HAProxy fallback latency       delta_requests=1075 interval_avg_ms=66.0 max_rtime_ms=1016.0 p99_est=132.0
2026-09-12 09:18:16 [info     ] controller_decision_v3         action=REACTIVE available_replicas=4 budget_remaining=980 burn_adjustment=0 burst_ratio=0.0641 capacity_deficit=False confidence=0 current_load=71.1627754947846 decision_id=b37d1955 k8s_capacity=66.6 k8s_weight=93 knative_weight=7 p99=132.0 predicted_load=0 r_effective=16.6 serverless_enabled=True total_load=71.2 weights_after={'k3s': 93, 'knative': 7} weights_before={'k3s': 95, 'knative': 5}
2026-09-12 09:18:16 [info     ] Weights updated                k3s=93 knative=7
2026-09-12 09:18:16 [info     ] Weights updated                action=REACTIVE reason='load=71RPS | k8s_cap=67RPS | (burst-routing)' weights={'k3s': 93, 'knative': 7}
2026-09-12 09:18:16 [info     ] algorithm2_scaling_decision    action=SCALE_UP alpha=0.060060060060060066 beta=0.0 buffer=1.0 current_replicas=4 predicted_load=70.61918302760836 required_resources=4.241 target_replicas=5
2026-09-12 09:18:16 [info     ] algorithm2_decision            action=SCALE_UP applied_target=5 current_replicas=4 hold_until=0.0 observed_load=70.62 observed_target=5 point_forecasts=None prediction_age_sec=None predictive_target=5 proactive=False scenario=s3-hybrid-reactive target_replicas=5 upper_forecasts=None
2026-09-12 09:18:16 [info     ] k8s_scale_executed             deployment=test-app-warm replicas=5
2026-09-12 09:18:16 [debug    ] Decision loop completed        action=REACTIVE latency_ms=141.24 p99=132.0
2026-09-12 09:18:31 [debug    ] HAProxy fallback latency       delta_requests=1052 interval_avg_ms=66.0 max_rtime_ms=1016.0 p99_est=132.0
2026-09-12 09:18:31 [info     ] controller_decision_v3         action=RECOVERY available_replicas=5 budget_remaining=980 burn_adjustment=0 burst_ratio=0 capacity_deficit=False confidence=0 current_load=69.47952767546687 decision_id=cee2fecc k8s_capacity=83.2 k8s_weight=100 knative_weight=0 p99=132.0 predicted_load=0 r_effective=16.6 serverless_enabled=False total_load=69.5 weights_after={'k3s': 100, 'knative': 0} weights_before={'k3s': 93, 'knative': 7}
2026-09-12 09:18:31 [info     ] Weights updated                k3s=100 knative=0
2026-09-12 09:18:31 [info     ] Weights updated                action=RECOVERY reason='load=69RPS | k8s_cap=83RPS | (reducing-serverless)' weights={'k3s': 100, 'knative': 0}
2026-09-12 09:18:31 [info     ] Scale readiness observed       elapsed_sec=15.1 ewma_delay=28.1 samples=5 target=5
2026-09-12 09:18:31 [info     ] algorithm2_scaling_decision    action=MAINTAIN alpha=0.060060060060060066 beta=0.0 buffer=1.0 current_replicas=5 predicted_load=70.32115158512573 required_resources=4.223 target_replicas=5
2026-09-12 09:18:31 [info     ] algorithm2_decision            action=MAINTAIN applied_target=5 current_replicas=5 hold_until=0.0 observed_load=70.32 observed_target=5 point_forecasts=None prediction_age_sec=None predictive_target=5 proactive=False scenario=s3-hybrid-reactive target_replicas=5 upper_forecasts=None
2026-09-12 09:18:31 [debug    ] Decision loop completed        action=RECOVERY latency_ms=138.74 p99=132.0
2026-09-12 09:18:46 [debug    ] HAProxy fallback latency       delta_requests=1073 interval_avg_ms=66.0 max_rtime_ms=1016.0 p99_est=132.0
2026-09-12 09:18:46 [info     ] algorithm2_scaling_decision    action=MAINTAIN alpha=0.060060060060060066 beta=0.0 buffer=1.0 current_replicas=5 predicted_load=70.20938636238164 required_resources=4.217 target_replicas=5
2026-09-12 09:18:46 [info     ] algorithm2_decision            action=MAINTAIN applied_target=5 current_replicas=5 hold_until=0.0 observed_load=70.21 observed_target=5 point_forecasts=None prediction_age_sec=None predictive_target=5 proactive=False scenario=s3-hybrid-reactive target_replicas=5 upper_forecasts=None
2026-09-12 09:18:46 [debug    ] Decision loop completed        action=MAINTAIN latency_ms=106.66 p99=132.0
2026-09-12 09:19:01 [debug    ] HAProxy fallback latency       delta_requests=1130 interval_avg_ms=259.18 max_rtime_ms=1016.0 p99_est=518.36
2026-09-12 09:19:01 [info     ] algorithm2_scaling_decision    action=MAINTAIN alpha=0.060060060060060066 beta=0.0 buffer=1.0 current_replicas=5 predicted_load=72.87149173603781 required_resources=4.377 target_replicas=5
2026-09-12 09:19:01 [info     ] algorithm2_decision            action=MAINTAIN applied_target=5 current_replicas=5 hold_until=0.0 observed_load=72.87 observed_target=5 point_forecasts=None prediction_age_sec=None predictive_target=5 proactive=False scenario=s3-hybrid-reactive target_replicas=5 upper_forecasts=None
2026-09-12 09:19:01 [debug    ] Decision loop completed        action=MAINTAIN latency_ms=99.75 p99=518.362831858407
2026-09-12 09:19:16 [debug    ] HAProxy fallback latency       delta_requests=1394 interval_avg_ms=281.79 max_rtime_ms=1016.0 p99_est=563.59
2026-09-12 09:19:16 [warning  ] Knative pre-warm non-200       status=404
2026-09-12 09:19:16 [info     ] controller_decision_v3         action=REACTIVE available_replicas=5 budget_remaining=978 burn_adjustment=0 burst_ratio=0.0976 capacity_deficit=False confidence=0 current_load=92.25232187820629 decision_id=9ba6158c k8s_capacity=83.2 k8s_weight=90 knative_weight=10 p99=563.6 predicted_load=0 r_effective=16.6 serverless_enabled=True total_load=92.3 weights_after={'k3s': 90, 'knative': 10} weights_before={'k3s': 100, 'knative': 0}
2026-09-12 09:19:16 [info     ] Weights updated                k3s=90 knative=10
2026-09-12 09:19:16 [info     ] Weights updated                action=REACTIVE reason='load=92RPS | k8s_cap=83RPS | (burst-routing)' weights={'k3s': 90, 'knative': 10}
2026-09-12 09:19:16 [info     ] algorithm2_scaling_decision    action=SCALE_UP alpha=0.060060060060060066 beta=0.0 buffer=1.0 current_replicas=5 predicted_load=83.52803015049275 required_resources=5.017 target_replicas=6
2026-09-12 09:19:16 [info     ] algorithm2_decision            action=SCALE_UP applied_target=6 current_replicas=5 hold_until=0.0 observed_load=83.53 observed_target=6 point_forecasts=None prediction_age_sec=None predictive_target=6 proactive=False scenario=s3-hybrid-reactive target_replicas=6 upper_forecasts=None
2026-09-12 09:19:16 [info     ] k8s_scale_executed             deployment=test-app-warm replicas=6
2026-09-12 09:19:16 [debug    ] Decision loop completed        action=REACTIVE latency_ms=138.15 p99=563.5896700143472
2026-09-12 09:19:31 [debug    ] HAProxy fallback latency       delta_requests=1641 interval_avg_ms=396.34 max_rtime_ms=1016.0 p99_est=792.68
2026-09-12 09:19:32 [info     ] controller_decision_v3         action=RECOVERY available_replicas=6 budget_remaining=977 burn_adjustment=0 burst_ratio=0.0766 capacity_deficit=False confidence=0 current_load=108.1901164857842 decision_id=09dc2482 k8s_capacity=99.9 k8s_weight=92 knative_weight=8 p99=792.7 predicted_load=0 r_effective=16.6 serverless_enabled=True total_load=108.2 weights_after={'k3s': 92, 'knative': 8} weights_before={'k3s': 90, 'knative': 10}
2026-09-12 09:19:32 [info     ] Weights updated                k3s=92 knative=8
2026-09-12 09:19:32 [info     ] Weights updated                action=RECOVERY reason='load=108RPS | k8s_cap=100RPS | (reducing-serverless)' weights={'k3s': 92, 'knative': 8}
2026-09-12 09:19:32 [info     ] Scale readiness observed       elapsed_sec=15.3 ewma_delay=24.3 samples=6 target=6
2026-09-12 09:19:32 [info     ] algorithm2_scaling_decision    action=MAINTAIN alpha=0.060060060060060066 beta=0.0 buffer=1.0 current_replicas=6 predicted_load=100.22121918199525 required_resources=6.019 target_replicas=6
2026-09-12 09:19:32 [info     ] algorithm2_decision            action=MAINTAIN applied_target=6 current_replicas=6 hold_until=0.0 observed_load=100.22 observed_target=6 point_forecasts=None prediction_age_sec=None predictive_target=6 proactive=False scenario=s3-hybrid-reactive target_replicas=6 upper_forecasts=None
2026-09-12 09:19:32 [debug    ] Decision loop completed        action=RECOVERY latency_ms=251.19 p99=792.6788543570993
2026-09-12 09:19:47 [info     ] controller_decision_v3         action=RECOVERY available_replicas=6 budget_remaining=976 burn_adjustment=0 burst_ratio=0 capacity_deficit=False confidence=0 current_load=95.80416089434337 decision_id=41264f7d k8s_capacity=99.9 k8s_weight=100 knative_weight=0 p99=792.7 predicted_load=0 r_effective=16.6 serverless_enabled=False total_load=95.8 weights_after={'k3s': 100, 'knative': 0} weights_before={'k3s': 92, 'knative': 8}
2026-09-12 09:19:47 [info     ] Weights updated                k3s=100 knative=0
2026-09-12 09:19:47 [info     ] Weights updated                action=RECOVERY reason='load=96RPS | k8s_cap=100RPS | (reducing-serverless)' weights={'k3s': 100, 'knative': 0}
2026-09-12 09:19:47 [info     ] algorithm2_scaling_decision    action=MAINTAIN alpha=0.060060060060060066 beta=0.0 buffer=1.0 current_replicas=6 predicted_load=101.99713869006379 required_resources=6.126 target_replicas=6
2026-09-12 09:19:47 [info     ] algorithm2_decision            action=MAINTAIN applied_target=6 current_replicas=6 hold_until=0.0 observed_load=102.0 observed_target=6 point_forecasts=None prediction_age_sec=None predictive_target=6 proactive=False scenario=s3-hybrid-reactive target_replicas=6 upper_forecasts=None
2026-09-12 09:19:47 [debug    ] Decision loop completed        action=RECOVERY latency_ms=132.39 p99=792.6788543570993
2026-09-12 09:20:02 [info     ] algorithm2_scaling_decision    action=MAINTAIN alpha=0.060060060060060066 beta=0.0 buffer=1.0 current_replicas=6 predicted_load=86.95328800287592 required_resources=5.222 target_replicas=6
2026-09-12 09:20:02 [info     ] algorithm2_decision            action=MAINTAIN applied_target=6 current_replicas=6 hold_until=0.0 observed_load=86.95 observed_target=6 point_forecasts=None prediction_age_sec=None predictive_target=6 proactive=False scenario=s3-hybrid-reactive target_replicas=6 upper_forecasts=None
2026-09-12 09:20:02 [debug    ] Decision loop completed        action=MAINTAIN latency_ms=98.97 p99=792.6788543570993
2026-09-12 09:20:17 [info     ] algorithm2_scaling_decision    action=MAINTAIN alpha=0.060060060060060066 beta=0.0 buffer=1.0 current_replicas=6 predicted_load=69.51934878906351 required_resources=4.175 target_replicas=5
2026-09-12 09:20:17 [info     ] algorithm2_decision            action=MAINTAIN applied_target=5 current_replicas=6 hold_until=0.0 observed_load=69.52 observed_target=5 point_forecasts=None prediction_age_sec=None predictive_target=5 proactive=False scenario=s3-hybrid-reactive target_replicas=5 upper_forecasts=None
2026-09-12 09:20:17 [debug    ] Decision loop completed        action=MAINTAIN latency_ms=100.56 p99=792.6788543570993
2026-09-12 09:20:32 [debug    ] HAProxy fallback latency       delta_requests=694 interval_avg_ms=65.0 max_rtime_ms=1016.0 p99_est=130.0
2026-09-12 09:20:32 [info     ] algorithm2_scaling_decision    action=SCALE_DOWN alpha=0.060060060060060066 beta=0.0 buffer=1.0 current_replicas=6 predicted_load=53.447896118140164 required_resources=3.21 target_replicas=4
2026-09-12 09:20:32 [info     ] algorithm2_decision            action=SCALE_DOWN applied_target=4 current_replicas=6 hold_until=0.0 observed_load=53.45 observed_target=4 point_forecasts=None prediction_age_sec=None predictive_target=4 proactive=False scenario=s3-hybrid-reactive target_replicas=4 upper_forecasts=None
2026-09-12 09:20:32 [info     ] k8s_scale_executed             deployment=test-app-warm replicas=4
2026-09-12 09:20:32 [debug    ] Decision loop completed        action=MAINTAIN latency_ms=133.4 p99=130.0
2026-09-12 09:20:47 [debug    ] HAProxy fallback latency       delta_requests=659 interval_avg_ms=65.0 max_rtime_ms=1016.0 p99_est=130.0
2026-09-12 09:20:47 [info     ] algorithm2_scaling_decision    action=MAINTAIN alpha=0.060060060060060066 beta=0.0 buffer=1.0 current_replicas=4 predicted_load=44.752266764779634 required_resources=2.688 target_replicas=3
2026-09-12 09:20:47 [info     ] algorithm2_decision            action=MAINTAIN applied_target=3 current_replicas=4 hold_until=0.0 observed_load=44.75 observed_target=3 point_forecasts=None prediction_age_sec=None predictive_target=3 proactive=False scenario=s3-hybrid-reactive target_replicas=3 upper_forecasts=None
2026-09-12 09:20:47 [debug    ] Decision loop completed        action=MAINTAIN latency_ms=103.16 p99=130.0
2026-09-12 09:21:02 [info     ] algorithm2_scaling_decision    action=MAINTAIN alpha=0.060060060060060066 beta=0.0 buffer=1.0 current_replicas=4 predicted_load=43.85366232719558 required_resources=2.634 target_replicas=3
2026-09-12 09:21:02 [info     ] algorithm2_decision            action=MAINTAIN applied_target=3 current_replicas=4 hold_until=0.0 observed_load=43.85 observed_target=3 point_forecasts=None prediction_age_sec=None predictive_target=3 proactive=False scenario=s3-hybrid-reactive target_replicas=3 upper_forecasts=None
2026-09-12 09:21:02 [debug    ] Decision loop completed        action=MAINTAIN latency_ms=107.13 p99=130.0
2026-09-12 09:21:17 [debug    ] HAProxy fallback latency       delta_requests=775 interval_avg_ms=170.01 max_rtime_ms=1016.0 p99_est=340.01
2026-09-12 09:21:17 [info     ] algorithm2_scaling_decision    action=MAINTAIN alpha=0.060060060060060066 beta=0.0 buffer=1.0 current_replicas=4 predicted_load=47.73174216681521 required_resources=2.867 target_replicas=3
2026-09-12 09:21:17 [info     ] algorithm2_decision            action=MAINTAIN applied_target=3 current_replicas=4 hold_until=0.0 observed_load=47.73 observed_target=3 point_forecasts=None prediction_age_sec=None predictive_target=3 proactive=False scenario=s3-hybrid-reactive target_replicas=3 upper_forecasts=None
2026-09-12 09:21:17 [debug    ] Decision loop completed        action=MAINTAIN latency_ms=99.8 p99=340.01032258064515
2026-09-12 09:21:32 [debug    ] HAProxy fallback latency       delta_requests=854 interval_avg_ms=65.0 max_rtime_ms=1016.0 p99_est=130.0
2026-09-12 09:21:33 [info     ] algorithm2_scaling_decision    action=MAINTAIN alpha=0.060060060060060066 beta=0.0 buffer=1.0 current_replicas=4 predicted_load=53.928698748793195 required_resources=3.239 target_replicas=4
2026-09-12 09:21:33 [info     ] algorithm2_decision            action=MAINTAIN applied_target=4 current_replicas=4 hold_until=0.0 observed_load=53.93 observed_target=4 point_forecasts=None prediction_age_sec=None predictive_target=4 proactive=False scenario=s3-hybrid-reactive target_replicas=4 upper_forecasts=None
2026-09-12 09:21:33 [debug    ] Decision loop completed        action=MAINTAIN latency_ms=100.5 p99=130.0
2026-09-12 09:21:48 [debug    ] HAProxy fallback latency       delta_requests=716 interval_avg_ms=65.0 max_rtime_ms=1016.0 p99_est=130.0
2026-09-12 09:21:48 [info     ] algorithm2_scaling_decision    action=MAINTAIN alpha=0.060060060060060066 beta=0.0 buffer=1.0 current_replicas=4 predicted_load=52.01814488262326 required_resources=3.124 target_replicas=4
2026-09-12 09:21:48 [info     ] algorithm2_decision            action=MAINTAIN applied_target=4 current_replicas=4 hold_until=0.0 observed_load=52.02 observed_target=4 point_forecasts=None prediction_age_sec=None predictive_target=4 proactive=False scenario=s3-hybrid-reactive target_replicas=4 upper_forecasts=None
2026-09-12 09:21:48 [debug    ] Decision loop completed        action=MAINTAIN latency_ms=95.29 p99=130.0
2026-09-12 09:22:03 [info     ] algorithm2_scaling_decision    action=MAINTAIN alpha=0.060060060060060066 beta=0.0 buffer=1.0 current_replicas=4 predicted_load=42.88453369612971 required_resources=2.576 target_replicas=3
2026-09-12 09:22:03 [info     ] algorithm2_decision            action=MAINTAIN applied_target=3 current_replicas=4 hold_until=0.0 observed_load=42.88 observed_target=3 point_forecasts=None prediction_age_sec=None predictive_target=3 proactive=False scenario=s3-hybrid-reactive target_replicas=3 upper_forecasts=None
2026-09-12 09:22:03 [debug    ] Decision loop completed        action=MAINTAIN latency_ms=98.78 p99=130.0
2026-09-12 09:22:18 [debug    ] HAProxy fallback latency       delta_requests=582 interval_avg_ms=64.0 max_rtime_ms=1016.0 p99_est=128.0
2026-09-12 09:22:18 [info     ] algorithm2_scaling_decision    action=MAINTAIN alpha=0.060060060060060066 beta=0.0 buffer=1.0 current_replicas=4 predicted_load=38.45109854054709 required_resources=2.309 target_replicas=3
2026-09-12 09:22:18 [info     ] algorithm2_decision            action=MAINTAIN applied_target=3 current_replicas=4 hold_until=0.0 observed_load=38.45 observed_target=3 point_forecasts=None prediction_age_sec=None predictive_target=3 proactive=False scenario=s3-hybrid-reactive target_replicas=3 upper_forecasts=None
2026-09-12 09:22:18 [debug    ] Decision loop completed        action=MAINTAIN latency_ms=99.2 p99=128.0
2026-09-12 09:22:33 [debug    ] HAProxy fallback latency       delta_requests=606 interval_avg_ms=64.0 max_rtime_ms=1016.0 p99_est=128.0
2026-09-12 09:22:33 [info     ] algorithm2_scaling_decision    action=MAINTAIN alpha=0.060060060060060066 beta=0.0 buffer=1.0 current_replicas=4 predicted_load=39.34087126703936 required_resources=2.363 target_replicas=3
2026-09-12 09:22:33 [info     ] algorithm2_decision            action=MAINTAIN applied_target=3 current_replicas=4 hold_until=0.0 observed_load=39.34 observed_target=3 point_forecasts=None prediction_age_sec=None predictive_target=3 proactive=False scenario=s3-hybrid-reactive target_replicas=3 upper_forecasts=None
2026-09-12 09:22:33 [debug    ] Decision loop completed        action=MAINTAIN latency_ms=98.38 p99=128.0
2026-09-12 09:22:48 [debug    ] HAProxy fallback latency       delta_requests=628 interval_avg_ms=64.0 max_rtime_ms=1016.0 p99_est=128.0
2026-09-12 09:22:48 [info     ] algorithm2_scaling_decision    action=MAINTAIN alpha=0.060060060060060066 beta=0.0 buffer=1.0 current_replicas=4 predicted_load=40.86431874998608 required_resources=2.454 target_replicas=3
2026-09-12 09:22:48 [info     ] algorithm2_decision            action=MAINTAIN applied_target=3 current_replicas=4 hold_until=0.0 observed_load=40.86 observed_target=3 point_forecasts=None prediction_age_sec=None predictive_target=3 proactive=False scenario=s3-hybrid-reactive target_replicas=3 upper_forecasts=None
2026-09-12 09:22:48 [debug    ] Decision loop completed        action=MAINTAIN latency_ms=96.75 p99=128.0
2026-09-12 09:23:03 [debug    ] HAProxy fallback latency       delta_requests=661 interval_avg_ms=64.0 max_rtime_ms=1016.0 p99_est=128.0
2026-09-12 09:23:03 [info     ] algorithm2_scaling_decision    action=MAINTAIN alpha=0.060060060060060066 beta=0.0 buffer=1.0 current_replicas=4 predicted_load=42.721734989248645 required_resources=2.566 target_replicas=3
2026-09-12 09:23:03 [info     ] algorithm2_decision            action=MAINTAIN applied_target=3 current_replicas=4 hold_until=0.0 observed_load=42.72 observed_target=3 point_forecasts=None prediction_age_sec=None predictive_target=3 proactive=False scenario=s3-hybrid-reactive target_replicas=3 upper_forecasts=None
2026-09-12 09:23:03 [debug    ] Decision loop completed        action=MAINTAIN latency_ms=101.37 p99=128.0
2026-09-12 09:23:18 [debug    ] HAProxy fallback latency       delta_requests=740 interval_avg_ms=182.27 max_rtime_ms=1016.0 p99_est=364.54
2026-09-12 09:23:18 [info     ] algorithm2_scaling_decision    action=MAINTAIN alpha=0.060060060060060066 beta=0.0 buffer=1.0 current_replicas=4 predicted_load=46.393042194001836 required_resources=2.786 target_replicas=3
2026-09-12 09:23:18 [info     ] algorithm2_decision            action=MAINTAIN applied_target=3 current_replicas=4 hold_until=0.0 observed_load=46.39 observed_target=3 point_forecasts=None prediction_age_sec=None predictive_target=3 proactive=False scenario=s3-hybrid-reactive target_replicas=3 upper_forecasts=None
2026-09-12 09:23:18 [debug    ] Decision loop completed        action=MAINTAIN latency_ms=94.99 p99=364.5405405405405
2026-09-12 09:23:33 [debug    ] HAProxy fallback latency       delta_requests=323 interval_avg_ms=65.0 max_rtime_ms=1016.0 p99_est=130.0
2026-09-12 09:23:33 [info     ] algorithm2_scaling_decision    action=MAINTAIN alpha=0.060060060060060066 beta=0.0 buffer=1.0 current_replicas=4 predicted_load=35.23263290567373 required_resources=2.116 target_replicas=3
2026-09-12 09:23:33 [info     ] algorithm2_decision            action=MAINTAIN applied_target=3 current_replicas=4 hold_until=0.0 observed_load=35.23 observed_target=3 point_forecasts=None prediction_age_sec=None predictive_target=3 proactive=False scenario=s3-hybrid-reactive target_replicas=3 upper_forecasts=None
2026-09-12 09:23:33 [debug    ] Decision loop completed        action=MAINTAIN latency_ms=99.79 p99=130.0
2026-09-12 09:23:48 [info     ] algorithm2_scaling_decision    action=MAINTAIN alpha=0.060060060060060066 beta=0.0 buffer=1.0 current_replicas=4 predicted_load=10.731275520108012 required_resources=0.645 target_replicas=3
2026-09-12 09:23:48 [info     ] algorithm2_decision            action=MAINTAIN applied_target=3 current_replicas=4 hold_until=0.0 observed_load=10.73 observed_target=3 point_forecasts=None prediction_age_sec=None predictive_target=3 proactive=False scenario=s3-hybrid-reactive target_replicas=3 upper_forecasts=None
2026-09-12 09:23:48 [debug    ] Decision loop completed        action=MAINTAIN latency_ms=99.18 p99=130.0
2026-09-12 09:24:04 [info     ] algorithm2_scaling_decision    action=MAINTAIN alpha=0.060060060060060066 beta=0.0 buffer=1.0 current_replicas=4 predicted_load=0.0 required_resources=0.0 target_replicas=3
2026-09-12 09:24:04 [info     ] algorithm2_decision            action=MAINTAIN applied_target=3 current_replicas=4 hold_until=0.0 observed_load=0.0 observed_target=3 point_forecasts=None prediction_age_sec=None predictive_target=3 proactive=False scenario=s3-hybrid-reactive target_replicas=3 upper_forecasts=None
2026-09-12 09:24:04 [debug    ] Decision loop completed        action=MAINTAIN latency_ms=97.54 p99=130.0
2026-09-12 09:24:19 [info     ] algorithm2_scaling_decision    action=MAINTAIN alpha=0.060060060060060066 beta=0.0 buffer=1.0 current_replicas=4 predicted_load=0.0 required_resources=0.0 target_replicas=3
2026-09-12 09:24:19 [info     ] algorithm2_decision            action=MAINTAIN applied_target=3 current_replicas=4 hold_until=0.0 observed_load=0.0 observed_target=3 point_forecasts=None prediction_age_sec=None predictive_target=3 proactive=False scenario=s3-hybrid-reactive target_replicas=3 upper_forecasts=None
2026-09-12 09:24:19 [debug    ] Decision loop completed        action=MAINTAIN latency_ms=94.17 p99=130.0
2026-09-12 09:24:26 [info     ] Received shutdown signal
2026-09-12 09:24:26 [info     ] Stopping routing daemon...
2026-09-12 09:24:26 [info     ] Routing daemon stopped
