2026-07-13 03:49:48 [info     ] SLOMonitor initialized         threshold_ms=200.0 violation_window=30
2026-07-13 03:49:48 [info     ] Algorithm1ControllerV3 initialized max_knative=50 r_saturation=33.3 target_cpu_util=0.5 total_budget=1000
2026-07-13 03:49:48 [info     ] Using V3 controller (Capacity-Driven) scenario=s3-hybrid-reactive version=v3
2026-07-13 03:49:48 [info     ] HAProxyWeightAdjuster initialized backend=servers host=localhost port=19999
2026-07-13 03:49:48 [info     ] GRUClient initialized          base_url=http://localhost:8090
2026-07-13 03:49:48 [info     ] K8sScaler initialized          deployment=test-app-warm namespace=default
2026-07-13 03:49:48 [info     ] RoutingDaemon initialized      decision_interval=15 description='Algorithm 1 reactive routing without predictions' scenario=s3-hybrid-reactive use_algorithm=True use_predictions=False
2026-07-13 03:49:48 [info     ] Starting routing daemon        interval=15 scenario=s3-hybrid-reactive
2026-07-13 03:49:48 [info     ] Weights updated                k3s=80 knative=20
2026-07-13 03:49:48 [info     ] Initial weights applied        k3s=80 knative=20
2026-07-13 03:49:48 [debug    ] HAProxy fallback primed        total_requests=0
2026-07-13 03:49:48 [info     ] algorithm2_scaling_decision    action=MAINTAIN alpha=0.060060060060060066 beta=0.0 buffer=1.0 current_replicas=3 predicted_load=0.0 required_resources=0.0 target_replicas=3
2026-07-13 03:49:48 [info     ] algorithm2_decision            action=MAINTAIN applied_target=3 current_replicas=3 hold_until=0.0 observed_load=0.0 observed_target=3 point_forecasts=None prediction_age_sec=None predictive_target=3 proactive=False scenario=s3-hybrid-reactive target_replicas=3 upper_forecasts=None
2026-07-13 03:49:48 [debug    ] Decision loop completed        action=MAINTAIN latency_ms=107.88 p99=0.0
2026-07-13 03:50:03 [info     ] algorithm2_scaling_decision    action=MAINTAIN alpha=0.060060060060060066 beta=0.0 buffer=1.0 current_replicas=3 predicted_load=0.0 required_resources=0.0 target_replicas=3
2026-07-13 03:50:03 [info     ] algorithm2_decision            action=MAINTAIN applied_target=3 current_replicas=3 hold_until=0.0 observed_load=0.0 observed_target=3 point_forecasts=None prediction_age_sec=None predictive_target=3 proactive=False scenario=s3-hybrid-reactive target_replicas=3 upper_forecasts=None
2026-07-13 03:50:03 [debug    ] Decision loop completed        action=MAINTAIN latency_ms=104.92 p99=0.0
2026-07-13 03:50:18 [info     ] algorithm2_scaling_decision    action=MAINTAIN alpha=0.060060060060060066 beta=0.0 buffer=1.0 current_replicas=3 predicted_load=0.0 required_resources=0.0 target_replicas=3
2026-07-13 03:50:18 [info     ] algorithm2_decision            action=MAINTAIN applied_target=3 current_replicas=3 hold_until=0.0 observed_load=0.0 observed_target=3 point_forecasts=None prediction_age_sec=None predictive_target=3 proactive=False scenario=s3-hybrid-reactive target_replicas=3 upper_forecasts=None
2026-07-13 03:50:18 [debug    ] Decision loop completed        action=MAINTAIN latency_ms=99.88 p99=0.0
2026-07-13 03:50:34 [debug    ] HAProxy fallback latency       delta_requests=639 interval_avg_ms=64.0 max_rtime_ms=81.0 p99_est=81.0
2026-07-13 03:50:34 [info     ] controller_decision_v3         action=RECOVERY available_replicas=3 budget_remaining=1000 burn_adjustment=0 burst_ratio=0 capacity_deficit=False confidence=0 current_load=42.18534413993594 decision_id=93bf9a75 k8s_capacity=49.9 k8s_weight=100 knative_weight=0 p99=81.0 predicted_load=0 r_effective=16.6 serverless_enabled=False total_load=42.2 weights_after={'k3s': 100, 'knative': 0} weights_before={'k3s': 80, 'knative': 20}
2026-07-13 03:50:34 [info     ] Weights updated                k3s=100 knative=0
2026-07-13 03:50:34 [info     ] Weights updated                action=RECOVERY reason='load=42RPS | k8s_cap=50RPS | (reducing-serverless)' weights={'k3s': 100, 'knative': 0}
2026-07-13 03:50:34 [info     ] algorithm2_scaling_decision    action=MAINTAIN alpha=0.060060060060060066 beta=0.0 buffer=1.0 current_replicas=3 predicted_load=21.09267206996797 required_resources=1.267 target_replicas=3
2026-07-13 03:50:34 [info     ] algorithm2_decision            action=MAINTAIN applied_target=3 current_replicas=3 hold_until=0.0 observed_load=21.09 observed_target=3 point_forecasts=None prediction_age_sec=None predictive_target=3 proactive=False scenario=s3-hybrid-reactive target_replicas=3 upper_forecasts=None
2026-07-13 03:50:34 [debug    ] Decision loop completed        action=RECOVERY latency_ms=141.24 p99=81.0
2026-07-13 03:50:49 [debug    ] HAProxy fallback latency       delta_requests=666 interval_avg_ms=64.0 max_rtime_ms=105.0 p99_est=105.0
2026-07-13 03:50:49 [info     ] algorithm2_scaling_decision    action=MAINTAIN alpha=0.060060060060060066 beta=0.0 buffer=1.0 current_replicas=3 predicted_load=43.08593673288863 required_resources=2.588 target_replicas=3
2026-07-13 03:50:49 [info     ] algorithm2_decision            action=MAINTAIN applied_target=3 current_replicas=3 hold_until=0.0 observed_load=43.09 observed_target=3 point_forecasts=None prediction_age_sec=None predictive_target=3 proactive=False scenario=s3-hybrid-reactive target_replicas=3 upper_forecasts=None
2026-07-13 03:50:49 [debug    ] Decision loop completed        action=MAINTAIN latency_ms=108.25 p99=105.0
2026-07-13 03:51:04 [debug    ] HAProxy fallback latency       delta_requests=715 interval_avg_ms=66.83 max_rtime_ms=112.0 p99_est=112.0
2026-07-13 03:51:04 [info     ] algorithm2_scaling_decision    action=MAINTAIN alpha=0.060060060060060066 beta=0.0 buffer=1.0 current_replicas=3 predicted_load=45.688472338386184 required_resources=2.744 target_replicas=3
2026-07-13 03:51:04 [info     ] algorithm2_decision            action=MAINTAIN applied_target=3 current_replicas=3 hold_until=0.0 observed_load=45.69 observed_target=3 point_forecasts=None prediction_age_sec=None predictive_target=3 proactive=False scenario=s3-hybrid-reactive target_replicas=3 upper_forecasts=None
2026-07-13 03:51:04 [debug    ] Decision loop completed        action=MAINTAIN latency_ms=103.29 p99=112.0
2026-07-13 03:51:19 [debug    ] HAProxy fallback latency       delta_requests=822 interval_avg_ms=65.0 max_rtime_ms=127.0 p99_est=127.0
2026-07-13 03:51:19 [info     ] Knative pre-warm OK            cold_start_ms=2.7
2026-07-13 03:51:19 [info     ] controller_decision_v3         action=REACTIVE available_replicas=3 budget_remaining=1000 burn_adjustment=0 burst_ratio=0.0811 capacity_deficit=False confidence=0 current_load=54.3606309919714 decision_id=10b4e8fb k8s_capacity=49.9 k8s_weight=91 knative_weight=9 p99=127.0 predicted_load=0 r_effective=16.6 serverless_enabled=True total_load=54.4 weights_after={'k3s': 91, 'knative': 9} weights_before={'k3s': 100, 'knative': 0}
2026-07-13 03:51:19 [info     ] Weights updated                k3s=91 knative=9
2026-07-13 03:51:19 [info     ] Weights updated                action=REACTIVE reason='load=54RPS | k8s_cap=50RPS | (burst-routing)' weights={'k3s': 91, 'knative': 9}
2026-07-13 03:51:19 [info     ] algorithm2_scaling_decision    action=SCALE_UP alpha=0.060060060060060066 beta=0.0 buffer=1.0 current_replicas=3 predicted_load=50.87552317145123 required_resources=3.056 target_replicas=4
2026-07-13 03:51:19 [info     ] algorithm2_decision            action=SCALE_UP applied_target=4 current_replicas=3 hold_until=0.0 observed_load=50.88 observed_target=4 point_forecasts=None prediction_age_sec=None predictive_target=4 proactive=False scenario=s3-hybrid-reactive target_replicas=4 upper_forecasts=None
2026-07-13 03:51:19 [info     ] k8s_scale_executed             deployment=test-app-warm replicas=4
2026-07-13 03:51:19 [debug    ] Decision loop completed        action=REACTIVE latency_ms=147.66 p99=127.0
2026-07-13 03:51:34 [debug    ] HAProxy fallback latency       delta_requests=770 interval_avg_ms=65.0 max_rtime_ms=132.0 p99_est=130.0
2026-07-13 03:51:34 [info     ] controller_decision_v3         action=RECOVERY available_replicas=4 budget_remaining=1000 burn_adjustment=0 burst_ratio=0 capacity_deficit=False confidence=0 current_load=50.89575436108736 decision_id=99588468 k8s_capacity=66.6 k8s_weight=100 knative_weight=0 p99=130.0 predicted_load=0 r_effective=16.6 serverless_enabled=False total_load=50.9 weights_after={'k3s': 100, 'knative': 0} weights_before={'k3s': 91, 'knative': 9}
2026-07-13 03:51:34 [info     ] Weights updated                k3s=100 knative=0
2026-07-13 03:51:34 [info     ] Weights updated                action=RECOVERY reason='load=51RPS | k8s_cap=67RPS | (reducing-serverless)' weights={'k3s': 100, 'knative': 0}
2026-07-13 03:51:34 [info     ] Scale readiness observed       elapsed_sec=15.1 ewma_delay=46.5 samples=1 target=4
2026-07-13 03:51:34 [info     ] algorithm2_scaling_decision    action=MAINTAIN alpha=0.060060060060060066 beta=0.0 buffer=1.0 current_replicas=4 predicted_load=52.62819267652938 required_resources=3.161 target_replicas=4
2026-07-13 03:51:34 [info     ] algorithm2_decision            action=MAINTAIN applied_target=4 current_replicas=4 hold_until=0.0 observed_load=52.63 observed_target=4 point_forecasts=None prediction_age_sec=None predictive_target=4 proactive=False scenario=s3-hybrid-reactive target_replicas=4 upper_forecasts=None
2026-07-13 03:51:34 [debug    ] Decision loop completed        action=RECOVERY latency_ms=137.72 p99=130.0
2026-07-13 03:51:49 [debug    ] HAProxy fallback latency       delta_requests=548 interval_avg_ms=65.0 max_rtime_ms=132.0 p99_est=130.0
2026-07-13 03:51:49 [info     ] algorithm2_scaling_decision    action=MAINTAIN alpha=0.060060060060060066 beta=0.0 buffer=1.0 current_replicas=4 predicted_load=43.54843386388034 required_resources=2.616 target_replicas=3
2026-07-13 03:51:49 [info     ] algorithm2_decision            action=MAINTAIN applied_target=3 current_replicas=4 hold_until=0.0 observed_load=43.55 observed_target=3 point_forecasts=None prediction_age_sec=None predictive_target=3 proactive=False scenario=s3-hybrid-reactive target_replicas=3 upper_forecasts=None
2026-07-13 03:51:49 [debug    ] Decision loop completed        action=MAINTAIN latency_ms=105.21 p99=130.0
2026-07-13 03:52:04 [debug    ] HAProxy fallback latency       delta_requests=411 interval_avg_ms=65.0 max_rtime_ms=132.0 p99_est=130.0
2026-07-13 03:52:04 [info     ] algorithm2_scaling_decision    action=MAINTAIN alpha=0.060060060060060066 beta=0.0 buffer=1.0 current_replicas=4 predicted_load=31.705159026547086 required_resources=1.904 target_replicas=3
2026-07-13 03:52:04 [info     ] algorithm2_decision            action=MAINTAIN applied_target=3 current_replicas=4 hold_until=0.0 observed_load=31.71 observed_target=3 point_forecasts=None prediction_age_sec=None predictive_target=3 proactive=False scenario=s3-hybrid-reactive target_replicas=3 upper_forecasts=None
2026-07-13 03:52:04 [debug    ] Decision loop completed        action=MAINTAIN latency_ms=104.82 p99=130.0
2026-07-13 03:52:19 [debug    ] HAProxy fallback latency       delta_requests=358 interval_avg_ms=65.0 max_rtime_ms=132.0 p99_est=130.0
2026-07-13 03:52:19 [info     ] algorithm2_scaling_decision    action=MAINTAIN alpha=0.060060060060060066 beta=0.0 buffer=1.0 current_replicas=4 predicted_load=25.454310412639657 required_resources=1.529 target_replicas=3
2026-07-13 03:52:19 [info     ] algorithm2_decision            action=MAINTAIN applied_target=3 current_replicas=4 hold_until=0.0 observed_load=25.45 observed_target=3 point_forecasts=None prediction_age_sec=None predictive_target=3 proactive=False scenario=s3-hybrid-reactive target_replicas=3 upper_forecasts=None
2026-07-13 03:52:19 [debug    ] Decision loop completed        action=MAINTAIN latency_ms=110.06 p99=130.0
2026-07-13 03:52:34 [debug    ] HAProxy fallback latency       delta_requests=483 interval_avg_ms=53.8 max_rtime_ms=132.0 p99_est=107.59
2026-07-13 03:52:35 [info     ] algorithm2_scaling_decision    action=MAINTAIN alpha=0.060060060060060066 beta=0.0 buffer=1.0 current_replicas=4 predicted_load=27.832875039714576 required_resources=1.672 target_replicas=3
2026-07-13 03:52:35 [info     ] algorithm2_decision            action=MAINTAIN applied_target=3 current_replicas=4 hold_until=0.0 observed_load=27.83 observed_target=3 point_forecasts=None prediction_age_sec=None predictive_target=3 proactive=False scenario=s3-hybrid-reactive target_replicas=3 upper_forecasts=None
2026-07-13 03:52:35 [debug    ] Decision loop completed        action=MAINTAIN latency_ms=107.46 p99=107.59006211180125
2026-07-13 03:52:50 [debug    ] HAProxy fallback latency       delta_requests=773 interval_avg_ms=64.0 max_rtime_ms=132.0 p99_est=128.0
2026-07-13 03:52:50 [info     ] algorithm2_scaling_decision    action=MAINTAIN alpha=0.060060060060060066 beta=0.0 buffer=1.0 current_replicas=4 predicted_load=41.534170494979435 required_resources=2.495 target_replicas=3
2026-07-13 03:52:50 [info     ] algorithm2_decision            action=MAINTAIN applied_target=3 current_replicas=4 hold_until=0.0 observed_load=41.53 observed_target=3 point_forecasts=None prediction_age_sec=None predictive_target=3 proactive=False scenario=s3-hybrid-reactive target_replicas=3 upper_forecasts=None
2026-07-13 03:52:50 [debug    ] Decision loop completed        action=MAINTAIN latency_ms=103.53 p99=128.0
2026-07-13 03:53:05 [debug    ] HAProxy fallback latency       delta_requests=812 interval_avg_ms=72.62 max_rtime_ms=132.0 p99_est=132.0
2026-07-13 03:53:05 [info     ] algorithm2_scaling_decision    action=MAINTAIN alpha=0.060060060060060066 beta=0.0 buffer=1.0 current_replicas=4 predicted_load=52.4307284399554 required_resources=3.149 target_replicas=4
2026-07-13 03:53:05 [info     ] algorithm2_decision            action=MAINTAIN applied_target=4 current_replicas=4 hold_until=0.0 observed_load=52.43 observed_target=4 point_forecasts=None prediction_age_sec=None predictive_target=4 proactive=False scenario=s3-hybrid-reactive target_replicas=4 upper_forecasts=None
2026-07-13 03:53:05 [debug    ] Decision loop completed        action=MAINTAIN latency_ms=104.91 p99=132.0
2026-07-13 03:53:20 [debug    ] HAProxy fallback latency       delta_requests=638 interval_avg_ms=65.0 max_rtime_ms=132.0 p99_est=130.0
2026-07-13 03:53:20 [info     ] algorithm2_scaling_decision    action=MAINTAIN alpha=0.060060060060060066 beta=0.0 buffer=1.0 current_replicas=4 predicted_load=47.99839537544505 required_resources=2.883 target_replicas=3
2026-07-13 03:53:20 [info     ] algorithm2_decision            action=MAINTAIN applied_target=3 current_replicas=4 hold_until=0.0 observed_load=48.0 observed_target=3 point_forecasts=None prediction_age_sec=None predictive_target=3 proactive=False scenario=s3-hybrid-reactive target_replicas=3 upper_forecasts=None
2026-07-13 03:53:20 [debug    ] Decision loop completed        action=MAINTAIN latency_ms=108.57 p99=130.0
2026-07-13 03:53:35 [debug    ] HAProxy fallback latency       delta_requests=655 interval_avg_ms=52.34 max_rtime_ms=132.0 p99_est=104.69
2026-07-13 03:53:35 [info     ] algorithm2_scaling_decision    action=MAINTAIN alpha=0.060060060060060066 beta=0.0 buffer=1.0 current_replicas=4 predicted_load=42.828393862874435 required_resources=2.572 target_replicas=3
2026-07-13 03:53:35 [info     ] algorithm2_decision            action=MAINTAIN applied_target=3 current_replicas=4 hold_until=0.0 observed_load=42.83 observed_target=3 point_forecasts=None prediction_age_sec=None predictive_target=3 proactive=False scenario=s3-hybrid-reactive target_replicas=3 upper_forecasts=None
2026-07-13 03:53:35 [debug    ] Decision loop completed        action=MAINTAIN latency_ms=105.97 p99=104.68702290076335
2026-07-13 03:53:50 [debug    ] HAProxy fallback latency       delta_requests=831 interval_avg_ms=64.0 max_rtime_ms=132.0 p99_est=128.0
2026-07-13 03:53:50 [info     ] algorithm2_scaling_decision    action=MAINTAIN alpha=0.060060060060060066 beta=0.0 buffer=1.0 current_replicas=4 predicted_load=49.148597213470666 required_resources=2.952 target_replicas=3
2026-07-13 03:53:50 [info     ] algorithm2_decision            action=MAINTAIN applied_target=3 current_replicas=4 hold_until=0.0 observed_load=49.15 observed_target=3 point_forecasts=None prediction_age_sec=None predictive_target=3 proactive=False scenario=s3-hybrid-reactive target_replicas=3 upper_forecasts=None
2026-07-13 03:53:50 [debug    ] Decision loop completed        action=MAINTAIN latency_ms=109.79 p99=128.0
2026-07-13 03:54:05 [debug    ] HAProxy fallback latency       delta_requests=915 interval_avg_ms=64.0 max_rtime_ms=132.0 p99_est=128.0
2026-07-13 03:54:05 [info     ] algorithm2_scaling_decision    action=MAINTAIN alpha=0.060060060060060066 beta=0.0 buffer=1.0 current_replicas=4 predicted_load=57.71757664688809 required_resources=3.467 target_replicas=4
2026-07-13 03:54:05 [info     ] algorithm2_decision            action=MAINTAIN applied_target=4 current_replicas=4 hold_until=0.0 observed_load=57.72 observed_target=4 point_forecasts=None prediction_age_sec=None predictive_target=4 proactive=False scenario=s3-hybrid-reactive target_replicas=4 upper_forecasts=None
2026-07-13 03:54:05 [debug    ] Decision loop completed        action=MAINTAIN latency_ms=108.22 p99=128.0
2026-07-13 03:54:20 [debug    ] HAProxy fallback latency       delta_requests=930 interval_avg_ms=64.0 max_rtime_ms=132.0 p99_est=128.0
2026-07-13 03:54:20 [info     ] algorithm2_scaling_decision    action=MAINTAIN alpha=0.060060060060060066 beta=0.0 buffer=1.0 current_replicas=4 predicted_load=61.088878147078184 required_resources=3.669 target_replicas=4
2026-07-13 03:54:20 [info     ] algorithm2_decision            action=MAINTAIN applied_target=4 current_replicas=4 hold_until=0.0 observed_load=61.09 observed_target=4 point_forecasts=None prediction_age_sec=None predictive_target=4 proactive=False scenario=s3-hybrid-reactive target_replicas=4 upper_forecasts=None
2026-07-13 03:54:20 [debug    ] Decision loop completed        action=MAINTAIN latency_ms=103.62 p99=128.0
2026-07-13 03:54:35 [debug    ] HAProxy fallback latency       delta_requests=1003 interval_avg_ms=75.93 max_rtime_ms=132.0 p99_est=132.0
2026-07-13 03:54:35 [info     ] algorithm2_scaling_decision    action=MAINTAIN alpha=0.060060060060060066 beta=0.0 buffer=1.0 current_replicas=4 predicted_load=63.980625648198426 required_resources=3.843 target_replicas=4
2026-07-13 03:54:35 [info     ] algorithm2_decision            action=MAINTAIN applied_target=4 current_replicas=4 hold_until=0.0 observed_load=63.98 observed_target=4 point_forecasts=None prediction_age_sec=None predictive_target=4 proactive=False scenario=s3-hybrid-reactive target_replicas=4 upper_forecasts=None
2026-07-13 03:54:35 [debug    ] Decision loop completed        action=MAINTAIN latency_ms=105.36 p99=132.0
2026-07-13 03:54:50 [debug    ] HAProxy fallback latency       delta_requests=1117 interval_avg_ms=65.0 max_rtime_ms=132.0 p99_est=130.0
2026-07-13 03:54:50 [info     ] Knative pre-warm OK            cold_start_ms=2.6
2026-07-13 03:54:50 [info     ] controller_decision_v3         action=REACTIVE available_replicas=4 budget_remaining=1000 burn_adjustment=0 burst_ratio=0.0994 capacity_deficit=False confidence=0 current_load=73.94844797500073 decision_id=45c268e5 k8s_capacity=66.6 k8s_weight=90 knative_weight=10 p99=130.0 predicted_load=0 r_effective=16.6 serverless_enabled=True total_load=73.9 weights_after={'k3s': 90, 'knative': 10} weights_before={'k3s': 100, 'knative': 0}
2026-07-13 03:54:50 [info     ] Weights updated                k3s=90 knative=10
2026-07-13 03:54:50 [info     ] Weights updated                action=REACTIVE reason='load=74RPS | k8s_cap=67RPS | (burst-routing)' weights={'k3s': 90, 'knative': 10}
2026-07-13 03:54:51 [info     ] algorithm2_scaling_decision    action=SCALE_UP alpha=0.060060060060060066 beta=0.0 buffer=1.0 current_replicas=4 predicted_load=70.14467432472874 required_resources=4.213 target_replicas=5
2026-07-13 03:54:51 [info     ] algorithm2_decision            action=SCALE_UP applied_target=5 current_replicas=4 hold_until=0.0 observed_load=70.14 observed_target=5 point_forecasts=None prediction_age_sec=None predictive_target=5 proactive=False scenario=s3-hybrid-reactive target_replicas=5 upper_forecasts=None
2026-07-13 03:54:51 [info     ] k8s_scale_executed             deployment=test-app-warm replicas=5
2026-07-13 03:54:51 [debug    ] Decision loop completed        action=REACTIVE latency_ms=151.91 p99=130.0
2026-07-13 03:55:06 [debug    ] HAProxy fallback latency       delta_requests=1276 interval_avg_ms=65.0 max_rtime_ms=138.0 p99_est=130.0
2026-07-13 03:55:06 [info     ] controller_decision_v3         action=RECOVERY available_replicas=5 budget_remaining=1000 burn_adjustment=0 burst_ratio=0.0115 capacity_deficit=False confidence=0 current_load=84.21451263936346 decision_id=779049de k8s_capacity=83.2 k8s_weight=98 knative_weight=2 p99=130.0 predicted_load=0 r_effective=16.6 serverless_enabled=True total_load=84.2 weights_after={'k3s': 98, 'knative': 2} weights_before={'k3s': 90, 'knative': 10}
2026-07-13 03:55:06 [info     ] Weights updated                k3s=98 knative=2
2026-07-13 03:55:06 [info     ] Weights updated                action=RECOVERY reason='load=84RPS | k8s_cap=83RPS | (reducing-serverless)' weights={'k3s': 98, 'knative': 2}
2026-07-13 03:55:06 [info     ] Scale readiness observed       elapsed_sec=15.1 ewma_delay=37.1 samples=2 target=5
2026-07-13 03:55:06 [info     ] algorithm2_scaling_decision    action=MAINTAIN alpha=0.060060060060060066 beta=0.0 buffer=1.0 current_replicas=5 predicted_load=79.08148030718209 required_resources=4.75 target_replicas=5
2026-07-13 03:55:06 [info     ] algorithm2_decision            action=MAINTAIN applied_target=5 current_replicas=5 hold_until=0.0 observed_load=79.08 observed_target=5 point_forecasts=None prediction_age_sec=None predictive_target=5 proactive=False scenario=s3-hybrid-reactive target_replicas=5 upper_forecasts=None
2026-07-13 03:55:06 [debug    ] Decision loop completed        action=RECOVERY latency_ms=145.77 p99=130.0
2026-07-13 03:55:21 [debug    ] HAProxy fallback latency       delta_requests=1459 interval_avg_ms=75.84 max_rtime_ms=138.0 p99_est=138.0
2026-07-13 03:55:21 [info     ] controller_decision_v3         action=REACTIVE available_replicas=5 budget_remaining=1000 burn_adjustment=0 burst_ratio=0.1351 capacity_deficit=False confidence=0 current_load=96.25937190069428 decision_id=2c71c984 k8s_capacity=83.2 k8s_weight=86 knative_weight=14 p99=138.0 predicted_load=0 r_effective=16.6 serverless_enabled=True total_load=96.3 weights_after={'k3s': 86, 'knative': 14} weights_before={'k3s': 98, 'knative': 2}
2026-07-13 03:55:21 [info     ] Weights updated                k3s=86 knative=14
2026-07-13 03:55:21 [info     ] Weights updated                action=REACTIVE reason='load=96RPS | k8s_cap=83RPS | (burst-routing)' weights={'k3s': 86, 'knative': 14}
2026-07-13 03:55:21 [info     ] algorithm2_scaling_decision    action=SCALE_UP alpha=0.060060060060060066 beta=0.0 buffer=1.0 current_replicas=5 predicted_load=90.23694227002886 required_resources=5.42 target_replicas=6
2026-07-13 03:55:21 [info     ] algorithm2_decision            action=SCALE_UP applied_target=6 current_replicas=5 hold_until=0.0 observed_load=90.24 observed_target=6 point_forecasts=None prediction_age_sec=None predictive_target=6 proactive=False scenario=s3-hybrid-reactive target_replicas=6 upper_forecasts=None
2026-07-13 03:55:21 [info     ] k8s_scale_executed             deployment=test-app-warm replicas=6
2026-07-13 03:55:21 [debug    ] Decision loop completed        action=REACTIVE latency_ms=149.58 p99=138.0
2026-07-13 03:55:36 [debug    ] HAProxy fallback latency       delta_requests=1671 interval_avg_ms=76.47 max_rtime_ms=138.0 p99_est=138.0
2026-07-13 03:55:36 [info     ] controller_decision_v3         action=RECOVERY available_replicas=6 budget_remaining=1000 burn_adjustment=0 burst_ratio=0.0943 capacity_deficit=False confidence=0 current_load=110.29830481171552 decision_id=f98d1682 k8s_capacity=99.9 k8s_weight=90 knative_weight=10 p99=138.0 predicted_load=0 r_effective=16.6 serverless_enabled=True total_load=110.3 weights_after={'k3s': 90, 'knative': 10} weights_before={'k3s': 86, 'knative': 14}
2026-07-13 03:55:36 [info     ] Weights updated                k3s=90 knative=10
2026-07-13 03:55:36 [info     ] Weights updated                action=RECOVERY reason='load=110RPS | k8s_cap=100RPS | (reducing-serverless)' weights={'k3s': 90, 'knative': 10}
2026-07-13 03:55:36 [info     ] Scale readiness observed       elapsed_sec=15.1 ewma_delay=30.5 samples=3 target=6
2026-07-13 03:55:36 [info     ] algorithm2_scaling_decision    action=MAINTAIN alpha=0.060060060060060066 beta=0.0 buffer=1.0 current_replicas=6 predicted_load=103.2788383562049 required_resources=6.203 target_replicas=6
2026-07-13 03:55:36 [info     ] algorithm2_decision            action=MAINTAIN applied_target=6 current_replicas=6 hold_until=0.0 observed_load=103.28 observed_target=6 point_forecasts=None prediction_age_sec=None predictive_target=6 proactive=False scenario=s3-hybrid-reactive target_replicas=6 upper_forecasts=None
2026-07-13 03:55:36 [debug    ] Decision loop completed        action=RECOVERY latency_ms=142.87 p99=138.0
2026-07-13 03:55:51 [debug    ] HAProxy fallback latency       delta_requests=1894 interval_avg_ms=77.24 max_rtime_ms=158.0 p99_est=154.47
2026-07-13 03:55:51 [info     ] controller_decision_v3         action=REACTIVE available_replicas=6 budget_remaining=1000 burn_adjustment=0 burst_ratio=0.2013 capacity_deficit=False confidence=0 current_load=125.07334548944524 decision_id=ea894764 k8s_capacity=99.9 k8s_weight=79 knative_weight=21 p99=154.5 predicted_load=0 r_effective=16.6 serverless_enabled=True total_load=125.1 weights_after={'k3s': 79, 'knative': 21} weights_before={'k3s': 90, 'knative': 10}
2026-07-13 03:55:51 [info     ] Weights updated                k3s=79 knative=21
2026-07-13 03:55:51 [info     ] Weights updated                action=REACTIVE reason='load=125RPS | k8s_cap=100RPS | (burst-routing)' weights={'k3s': 79, 'knative': 21}
2026-07-13 03:55:51 [info     ] algorithm2_scaling_decision    action=MAINTAIN alpha=0.060060060060060066 beta=0.0 buffer=1.0 current_replicas=6 predicted_load=117.68582515058038 required_resources=7.068 target_replicas=6
2026-07-13 03:55:51 [info     ] algorithm2_decision            action=MAINTAIN applied_target=6 current_replicas=6 hold_until=0.0 observed_load=117.69 observed_target=6 point_forecasts=None prediction_age_sec=None predictive_target=6 proactive=False scenario=s3-hybrid-reactive target_replicas=6 upper_forecasts=None
2026-07-13 03:55:51 [debug    ] Decision loop completed        action=REACTIVE latency_ms=108.66 p99=154.47096092925025
2026-07-13 03:56:06 [debug    ] HAProxy fallback latency       delta_requests=1719 interval_avg_ms=43.45 max_rtime_ms=158.0 p99_est=86.89
2026-07-13 03:56:06 [info     ] controller_decision_v3         action=RECOVERY available_replicas=6 budget_remaining=1000 burn_adjustment=0 burst_ratio=0.122 capacity_deficit=False confidence=0 current_load=113.77716013808522 decision_id=7b340d65 k8s_capacity=99.9 k8s_weight=87 knative_weight=13 p99=86.9 predicted_load=0 r_effective=16.6 serverless_enabled=True total_load=113.8 weights_after={'k3s': 87, 'knative': 13} weights_before={'k3s': 79, 'knative': 21}
2026-07-13 03:56:06 [info     ] Weights updated                k3s=87 knative=13
2026-07-13 03:56:06 [info     ] Weights updated                action=RECOVERY reason='load=114RPS | k8s_cap=100RPS | (reducing-serverless)' weights={'k3s': 87, 'knative': 13}
2026-07-13 03:56:06 [info     ] algorithm2_scaling_decision    action=MAINTAIN alpha=0.060060060060060066 beta=0.0 buffer=1.0 current_replicas=6 predicted_load=119.42525281376524 required_resources=7.173 target_replicas=6
2026-07-13 03:56:06 [info     ] algorithm2_decision            action=MAINTAIN applied_target=6 current_replicas=6 hold_until=0.0 observed_load=119.43 observed_target=6 point_forecasts=None prediction_age_sec=None predictive_target=6 proactive=False scenario=s3-hybrid-reactive target_replicas=6 upper_forecasts=None
2026-07-13 03:56:06 [debug    ] Decision loop completed        action=RECOVERY latency_ms=149.19 p99=86.89005235602095
2026-07-13 03:56:21 [debug    ] HAProxy fallback latency       delta_requests=1315 interval_avg_ms=31.9 max_rtime_ms=158.0 p99_est=63.8
2026-07-13 03:56:21 [info     ] controller_decision_v3         action=RECOVERY available_replicas=6 budget_remaining=1000 burn_adjustment=0 burst_ratio=0 capacity_deficit=False confidence=0 current_load=86.86719308489998 decision_id=89e563ff k8s_capacity=99.9 k8s_weight=100 knative_weight=0 p99=63.8 predicted_load=0 r_effective=16.6 serverless_enabled=False total_load=86.9 weights_after={'k3s': 100, 'knative': 0} weights_before={'k3s': 87, 'knative': 13}
2026-07-13 03:56:21 [info     ] Weights updated                k3s=100 knative=0
2026-07-13 03:56:21 [info     ] Weights updated                action=RECOVERY reason='load=87RPS | k8s_cap=100RPS | (reducing-serverless)' weights={'k3s': 100, 'knative': 0}
2026-07-13 03:56:21 [info     ] algorithm2_scaling_decision    action=MAINTAIN alpha=0.060060060060060066 beta=0.0 buffer=1.0 current_replicas=6 predicted_load=100.32217661149261 required_resources=6.025 target_replicas=6
2026-07-13 03:56:21 [info     ] algorithm2_decision            action=MAINTAIN applied_target=6 current_replicas=6 hold_until=0.0 observed_load=100.32 observed_target=6 point_forecasts=None prediction_age_sec=None predictive_target=6 proactive=False scenario=s3-hybrid-reactive target_replicas=6 upper_forecasts=None
2026-07-13 03:56:21 [debug    ] Decision loop completed        action=RECOVERY latency_ms=143.19 p99=63.80228136882129
2026-07-13 03:56:36 [debug    ] HAProxy fallback latency       delta_requests=1131 interval_avg_ms=64.0 max_rtime_ms=158.0 p99_est=128.0
2026-07-13 03:56:37 [info     ] algorithm2_scaling_decision    action=MAINTAIN alpha=0.060060060060060066 beta=0.0 buffer=1.0 current_replicas=6 predicted_load=80.81054208403762 required_resources=4.853 target_replicas=5
2026-07-13 03:56:37 [info     ] algorithm2_decision            action=MAINTAIN applied_target=5 current_replicas=6 hold_until=0.0 observed_load=80.81 observed_target=5 point_forecasts=None prediction_age_sec=None predictive_target=5 proactive=False scenario=s3-hybrid-reactive target_replicas=5 upper_forecasts=None
2026-07-13 03:56:37 [debug    ] Decision loop completed        action=MAINTAIN latency_ms=107.5 p99=128.0
2026-07-13 03:56:52 [debug    ] HAProxy fallback latency       delta_requests=1074 interval_avg_ms=64.0 max_rtime_ms=158.0 p99_est=128.0
2026-07-13 03:56:52 [info     ] algorithm2_scaling_decision    action=MAINTAIN alpha=0.060060060060060066 beta=0.0 buffer=1.0 current_replicas=6 predicted_load=72.88921748027934 required_resources=4.378 target_replicas=5
2026-07-13 03:56:52 [info     ] algorithm2_decision            action=MAINTAIN applied_target=5 current_replicas=6 hold_until=0.0 observed_load=72.89 observed_target=5 point_forecasts=None prediction_age_sec=None predictive_target=5 proactive=False scenario=s3-hybrid-reactive target_replicas=5 upper_forecasts=None
2026-07-13 03:56:52 [debug    ] Decision loop completed        action=MAINTAIN latency_ms=109.2 p99=128.0
2026-07-13 03:57:07 [debug    ] HAProxy fallback latency       delta_requests=946 interval_avg_ms=64.0 max_rtime_ms=158.0 p99_est=128.0
2026-07-13 03:57:07 [info     ] algorithm2_scaling_decision    action=MAINTAIN alpha=0.060060060060060066 beta=0.0 buffer=1.0 current_replicas=6 predicted_load=66.85011768369233 required_resources=4.015 target_replicas=5
2026-07-13 03:57:07 [info     ] algorithm2_decision            action=MAINTAIN applied_target=5 current_replicas=6 hold_until=0.0 observed_load=66.85 observed_target=5 point_forecasts=None prediction_age_sec=None predictive_target=5 proactive=False scenario=s3-hybrid-reactive target_replicas=5 upper_forecasts=None
2026-07-13 03:57:07 [debug    ] Decision loop completed        action=MAINTAIN latency_ms=103.98 p99=128.0
2026-07-13 03:57:22 [debug    ] HAProxy fallback latency       delta_requests=793 interval_avg_ms=64.0 max_rtime_ms=158.0 p99_est=128.0
2026-07-13 03:57:22 [info     ] algorithm2_scaling_decision    action=MAINTAIN alpha=0.060060060060060066 beta=0.0 buffer=1.0 current_replicas=6 predicted_load=57.55549026126724 required_resources=3.457 target_replicas=4
2026-07-13 03:57:22 [info     ] algorithm2_decision            action=MAINTAIN applied_target=4 current_replicas=6 hold_until=0.0 observed_load=57.56 observed_target=4 point_forecasts=None prediction_age_sec=None predictive_target=4 proactive=False scenario=s3-hybrid-reactive target_replicas=4 upper_forecasts=None
2026-07-13 03:57:22 [debug    ] Decision loop completed        action=MAINTAIN latency_ms=113.38 p99=128.0
2026-07-13 03:57:37 [debug    ] HAProxy fallback latency       delta_requests=1197 interval_avg_ms=87.03 max_rtime_ms=158.0 p99_est=158.0
2026-07-13 03:57:37 [info     ] algorithm2_scaling_decision    action=MAINTAIN alpha=0.060060060060060066 beta=0.0 buffer=1.0 current_replicas=6 predicted_load=65.7857474287998 required_resources=3.951 target_replicas=4
2026-07-13 03:57:37 [info     ] algorithm2_decision            action=MAINTAIN applied_target=4 current_replicas=6 hold_until=0.0 observed_load=65.79 observed_target=4 point_forecasts=None prediction_age_sec=None predictive_target=4 proactive=False scenario=s3-hybrid-reactive target_replicas=4 upper_forecasts=None
2026-07-13 03:57:37 [debug    ] Decision loop completed        action=MAINTAIN latency_ms=111.15 p99=158.0
2026-07-13 03:57:52 [debug    ] HAProxy fallback latency       delta_requests=1869 interval_avg_ms=206.72 max_rtime_ms=250.0 p99_est=250.0
2026-07-13 03:57:52 [info     ] Knative pre-warm OK            cold_start_ms=2.9
2026-07-13 03:57:52 [info     ] controller_decision_v3         action=REACTIVE available_replicas=6 budget_remaining=999 burn_adjustment=0 burst_ratio=0.1918 capacity_deficit=False confidence=0 current_load=123.61556948201687 decision_id=b547a472 k8s_capacity=99.9 k8s_weight=80 knative_weight=20 p99=250.0 predicted_load=0 r_effective=16.6 serverless_enabled=True total_load=123.6 weights_after={'k3s': 80, 'knative': 20} weights_before={'k3s': 100, 'knative': 0}
2026-07-13 03:57:52 [info     ] Weights updated                k3s=80 knative=20
2026-07-13 03:57:52 [info     ] Weights updated                action=REACTIVE reason='load=124RPS | k8s_cap=100RPS | (burst-routing)' weights={'k3s': 80, 'knative': 20}
2026-07-13 03:57:52 [info     ] algorithm2_scaling_decision    action=MAINTAIN alpha=0.060060060060060066 beta=0.0 buffer=1.0 current_replicas=6 predicted_load=101.37588765354164 required_resources=6.089 target_replicas=6
2026-07-13 03:57:52 [info     ] algorithm2_decision            action=MAINTAIN applied_target=6 current_replicas=6 hold_until=0.0 observed_load=101.38 observed_target=6 point_forecasts=None prediction_age_sec=None predictive_target=6 proactive=False scenario=s3-hybrid-reactive target_replicas=6 upper_forecasts=None
2026-07-13 03:57:52 [debug    ] Decision loop completed        action=REACTIVE latency_ms=115.12 p99=250.0
2026-07-13 03:58:07 [info     ] controller_decision_v3         action=RECOVERY available_replicas=6 budget_remaining=998 burn_adjustment=0 burst_ratio=0.1708 capacity_deficit=False confidence=0 current_load=120.47600776086168 decision_id=a45edcc8 k8s_capacity=99.9 k8s_weight=82 knative_weight=18 p99=250.0 predicted_load=0 r_effective=16.6 serverless_enabled=True total_load=120.5 weights_after={'k3s': 82, 'knative': 18} weights_before={'k3s': 80, 'knative': 20}
2026-07-13 03:58:07 [info     ] Weights updated                k3s=82 knative=18
2026-07-13 03:58:07 [info     ] Weights updated                action=RECOVERY reason='load=120RPS | k8s_cap=100RPS | (reducing-serverless)' weights={'k3s': 82, 'knative': 18}
2026-07-13 03:58:07 [info     ] algorithm2_scaling_decision    action=MAINTAIN alpha=0.060060060060060066 beta=0.0 buffer=1.0 current_replicas=6 predicted_load=122.04578862143927 required_resources=7.33 target_replicas=6
2026-07-13 03:58:07 [info     ] algorithm2_decision            action=MAINTAIN applied_target=6 current_replicas=6 hold_until=0.0 observed_load=122.05 observed_target=6 point_forecasts=None prediction_age_sec=None predictive_target=6 proactive=False scenario=s3-hybrid-reactive target_replicas=6 upper_forecasts=None
2026-07-13 03:58:07 [debug    ] Decision loop completed        action=RECOVERY latency_ms=149.29 p99=250.0
2026-07-13 03:58:22 [debug    ] HAProxy fallback latency       delta_requests=1426 interval_avg_ms=44.09 max_rtime_ms=250.0 p99_est=88.17
2026-07-13 03:58:22 [info     ] controller_decision_v3         action=RECOVERY available_replicas=6 budget_remaining=998 burn_adjustment=0 burst_ratio=0 capacity_deficit=False confidence=0 current_load=94.19283121082273 decision_id=0c3e6d37 k8s_capacity=99.9 k8s_weight=100 knative_weight=0 p99=88.2 predicted_load=0 r_effective=16.6 serverless_enabled=False total_load=94.2 weights_after={'k3s': 100, 'knative': 0} weights_before={'k3s': 82, 'knative': 18}
2026-07-13 03:58:22 [info     ] Weights updated                k3s=100 knative=0
2026-07-13 03:58:22 [info     ] Weights updated                action=RECOVERY reason='load=94RPS | k8s_cap=100RPS | (reducing-serverless)' weights={'k3s': 100, 'knative': 0}
2026-07-13 03:58:22 [info     ] algorithm2_scaling_decision    action=MAINTAIN alpha=0.060060060060060066 beta=0.0 buffer=1.0 current_replicas=6 predicted_load=107.3344194858422 required_resources=6.447 target_replicas=6
2026-07-13 03:58:22 [info     ] algorithm2_decision            action=MAINTAIN applied_target=6 current_replicas=6 hold_until=0.0 observed_load=107.33 observed_target=6 point_forecasts=None prediction_age_sec=None predictive_target=6 proactive=False scenario=s3-hybrid-reactive target_replicas=6 upper_forecasts=None
2026-07-13 03:58:22 [debug    ] Decision loop completed        action=RECOVERY latency_ms=145.63 p99=88.1711079943899
2026-07-13 03:58:37 [debug    ] HAProxy fallback latency       delta_requests=1231 interval_avg_ms=38.46 max_rtime_ms=250.0 p99_est=76.91
2026-07-13 03:58:37 [info     ] algorithm2_scaling_decision    action=MAINTAIN alpha=0.060060060060060066 beta=0.0 buffer=1.0 current_replicas=6 predicted_load=87.76882254179844 required_resources=5.271 target_replicas=6
2026-07-13 03:58:37 [info     ] algorithm2_decision            action=MAINTAIN applied_target=6 current_replicas=6 hold_until=0.0 observed_load=87.77 observed_target=6 point_forecasts=None prediction_age_sec=None predictive_target=6 proactive=False scenario=s3-hybrid-reactive target_replicas=6 upper_forecasts=None
2026-07-13 03:58:37 [debug    ] Decision loop completed        action=MAINTAIN latency_ms=108.66 p99=76.9114541023558
2026-07-13 03:58:53 [debug    ] HAProxy fallback latency       delta_requests=1146 interval_avg_ms=65.0 max_rtime_ms=250.0 p99_est=130.0
2026-07-13 03:58:53 [info     ] algorithm2_scaling_decision    action=MAINTAIN alpha=0.060060060060060066 beta=0.0 buffer=1.0 current_replicas=6 predicted_load=78.59779662166963 required_resources=4.721 target_replicas=5
2026-07-13 03:58:53 [info     ] algorithm2_decision            action=MAINTAIN applied_target=5 current_replicas=6 hold_until=0.0 observed_load=78.6 observed_target=5 point_forecasts=None prediction_age_sec=None predictive_target=5 proactive=False scenario=s3-hybrid-reactive target_replicas=5 upper_forecasts=None
2026-07-13 03:58:53 [debug    ] Decision loop completed        action=MAINTAIN latency_ms=102.99 p99=130.0
2026-07-13 03:59:08 [debug    ] HAProxy fallback latency       delta_requests=1487 interval_avg_ms=138.72 max_rtime_ms=250.0 p99_est=250.0
2026-07-13 03:59:08 [info     ] algorithm2_scaling_decision    action=MAINTAIN alpha=0.060060060060060066 beta=0.0 buffer=1.0 current_replicas=6 predicted_load=87.05165420760213 required_resources=5.228 target_replicas=6
2026-07-13 03:59:08 [info     ] algorithm2_decision            action=MAINTAIN applied_target=6 current_replicas=6 hold_until=0.0 observed_load=87.05 observed_target=6 point_forecasts=None prediction_age_sec=None predictive_target=6 proactive=False scenario=s3-hybrid-reactive target_replicas=6 upper_forecasts=None
2026-07-13 03:59:08 [debug    ] Decision loop completed        action=MAINTAIN latency_ms=112.42 p99=250.0
2026-07-13 03:59:23 [debug    ] HAProxy fallback latency       delta_requests=2001 interval_avg_ms=1185.13 max_rtime_ms=427.0 p99_est=427.0
2026-07-13 03:59:23 [info     ] Knative pre-warm OK            cold_start_ms=2.9
2026-07-13 03:59:23 [info     ] controller_decision_v3         action=REACTIVE available_replicas=6 budget_remaining=996 burn_adjustment=0 burst_ratio=0.2455 capacity_deficit=False confidence=0 current_load=132.40783817964325 decision_id=084eb5d2 k8s_capacity=99.9 k8s_weight=75 knative_weight=25 p99=427.0 predicted_load=0 r_effective=16.6 serverless_enabled=True total_load=132.4 weights_after={'k3s': 75, 'knative': 25} weights_before={'k3s': 100, 'knative': 0}
2026-07-13 03:59:23 [info     ] Weights updated                k3s=75 knative=25
2026-07-13 03:59:23 [info     ] Weights updated                action=REACTIVE reason='load=132RPS | k8s_cap=100RPS | (burst-routing)' weights={'k3s': 75, 'knative': 25}
2026-07-13 03:59:23 [info     ] algorithm2_scaling_decision    action=MAINTAIN alpha=0.060060060060060066 beta=0.0 buffer=1.0 current_replicas=6 predicted_load=115.33018361214121 required_resources=6.927 target_replicas=6
2026-07-13 03:59:23 [info     ] algorithm2_decision            action=MAINTAIN applied_target=6 current_replicas=6 hold_until=0.0 observed_load=115.33 observed_target=6 point_forecasts=None prediction_age_sec=None predictive_target=6 proactive=False scenario=s3-hybrid-reactive target_replicas=6 upper_forecasts=None
2026-07-13 03:59:23 [debug    ] Decision loop completed        action=REACTIVE latency_ms=113.61 p99=427.0
2026-07-13 03:59:38 [info     ] controller_decision_v3         action=REACTIVE available_replicas=6 budget_remaining=995 burn_adjustment=0 burst_ratio=0.3349 capacity_deficit=False confidence=0 current_load=150.1975819581992 decision_id=cacc4957 k8s_capacity=99.9 k8s_weight=66 knative_weight=34 p99=427.0 predicted_load=0 r_effective=16.6 serverless_enabled=True total_load=150.2 weights_after={'k3s': 66, 'knative': 34} weights_before={'k3s': 75, 'knative': 25}
2026-07-13 03:59:38 [info     ] Weights updated                k3s=66 knative=34
2026-07-13 03:59:38 [info     ] Weights updated                action=REACTIVE reason='load=150RPS | k8s_cap=100RPS | (burst-routing)' weights={'k3s': 66, 'knative': 34}
2026-07-13 03:59:38 [info     ] algorithm2_scaling_decision    action=MAINTAIN alpha=0.060060060060060066 beta=0.0 buffer=1.0 current_replicas=6 predicted_load=141.30271006892121 required_resources=8.487 target_replicas=6
2026-07-13 03:59:38 [info     ] algorithm2_decision            action=MAINTAIN applied_target=6 current_replicas=6 hold_until=0.0 observed_load=141.3 observed_target=6 point_forecasts=None prediction_age_sec=None predictive_target=6 proactive=False scenario=s3-hybrid-reactive target_replicas=6 upper_forecasts=None
2026-07-13 03:59:38 [debug    ] Decision loop completed        action=REACTIVE latency_ms=107.93 p99=427.0
2026-07-13 03:59:53 [info     ] controller_decision_v3         action=REACTIVE available_replicas=6 budget_remaining=994 burn_adjustment=0 burst_ratio=0.3763 capacity_deficit=False confidence=0 current_load=160.17333068771538 decision_id=7fc0ec47 k8s_capacity=99.9 k8s_weight=62 knative_weight=38 p99=427.0 predicted_load=0 r_effective=16.6 serverless_enabled=True total_load=160.2 weights_after={'k3s': 62, 'knative': 38} weights_before={'k3s': 66, 'knative': 34}
2026-07-13 03:59:53 [info     ] Weights updated                k3s=62 knative=38
2026-07-13 03:59:53 [info     ] Weights updated                action=REACTIVE reason='load=160RPS | k8s_cap=100RPS | (burst-routing)' weights={'k3s': 62, 'knative': 38}
2026-07-13 03:59:53 [info     ] algorithm2_scaling_decision    action=MAINTAIN alpha=0.060060060060060066 beta=0.0 buffer=1.0 current_replicas=6 predicted_load=155.1854563229573 required_resources=9.32 target_replicas=6
2026-07-13 03:59:53 [info     ] algorithm2_decision            action=MAINTAIN applied_target=6 current_replicas=6 hold_until=0.0 observed_load=155.19 observed_target=6 point_forecasts=None prediction_age_sec=None predictive_target=6 proactive=False scenario=s3-hybrid-reactive target_replicas=6 upper_forecasts=None
2026-07-13 03:59:53 [debug    ] Decision loop completed        action=REACTIVE latency_ms=110.16 p99=427.0
2026-07-13 04:00:08 [debug    ] HAProxy fallback latency       delta_requests=2201 interval_avg_ms=68.0 max_rtime_ms=427.0 p99_est=136.0
2026-07-13 04:00:08 [info     ] controller_decision_v3         action=RECOVERY available_replicas=6 budget_remaining=994 burn_adjustment=0 burst_ratio=0.3142 capacity_deficit=False confidence=0 current_load=145.66591640932782 decision_id=1566fe41 k8s_capacity=99.9 k8s_weight=68 knative_weight=32 p99=136.0 predicted_load=0 r_effective=16.6 serverless_enabled=True total_load=145.7 weights_after={'k3s': 68, 'knative': 32} weights_before={'k3s': 62, 'knative': 38}
2026-07-13 04:00:08 [info     ] Weights updated                k3s=68 knative=32
2026-07-13 04:00:08 [info     ] Weights updated                action=RECOVERY reason='load=146RPS | k8s_cap=100RPS | (reducing-serverless)' weights={'k3s': 68, 'knative': 32}
2026-07-13 04:00:08 [info     ] algorithm2_scaling_decision    action=MAINTAIN alpha=0.060060060060060066 beta=0.0 buffer=1.0 current_replicas=6 predicted_load=152.9196235485216 required_resources=9.184 target_replicas=6
2026-07-13 04:00:08 [info     ] algorithm2_decision            action=MAINTAIN applied_target=6 current_replicas=6 hold_until=0.0 observed_load=152.92 observed_target=6 point_forecasts=None prediction_age_sec=None predictive_target=6 proactive=False scenario=s3-hybrid-reactive target_replicas=6 upper_forecasts=None
2026-07-13 04:00:08 [debug    ] Decision loop completed        action=RECOVERY latency_ms=146.2 p99=136.0
2026-07-13 04:00:23 [debug    ] HAProxy fallback latency       delta_requests=1855 interval_avg_ms=17.02 max_rtime_ms=427.0 p99_est=34.03
2026-07-13 04:00:23 [info     ] controller_decision_v3         action=RECOVERY available_replicas=6 budget_remaining=994 burn_adjustment=0 burst_ratio=0.1843 capacity_deficit=False confidence=0 current_load=122.46932814193083 decision_id=abc27e70 k8s_capacity=99.9 k8s_weight=81 knative_weight=19 p99=34.0 predicted_load=0 r_effective=16.6 serverless_enabled=True total_load=122.5 weights_after={'k3s': 81, 'knative': 19} weights_before={'k3s': 68, 'knative': 32}
2026-07-13 04:00:23 [info     ] Weights updated                k3s=81 knative=19
2026-07-13 04:00:23 [info     ] Weights updated                action=RECOVERY reason='load=122RPS | k8s_cap=100RPS | (reducing-serverless)' weights={'k3s': 81, 'knative': 19}
2026-07-13 04:00:23 [info     ] algorithm2_scaling_decision    action=MAINTAIN alpha=0.060060060060060066 beta=0.0 buffer=1.0 current_replicas=6 predicted_load=134.06762227562933 required_resources=8.052 target_replicas=6
2026-07-13 04:00:23 [info     ] algorithm2_decision            action=MAINTAIN applied_target=6 current_replicas=6 hold_until=0.0 observed_load=134.07 observed_target=6 point_forecasts=None prediction_age_sec=None predictive_target=6 proactive=False scenario=s3-hybrid-reactive target_replicas=6 upper_forecasts=None
2026-07-13 04:00:23 [debug    ] Decision loop completed        action=RECOVERY latency_ms=145.97 p99=34.03342318059299
2026-07-13 04:00:38 [debug    ] HAProxy fallback latency       delta_requests=1786 interval_avg_ms=66.0 max_rtime_ms=427.0 p99_est=132.0
2026-07-13 04:00:38 [info     ] controller_decision_v3         action=RECOVERY available_replicas=6 budget_remaining=994 burn_adjustment=0 burst_ratio=0.1533 capacity_deficit=False confidence=0 current_load=117.98595201077624 decision_id=3407090d k8s_capacity=99.9 k8s_weight=84 knative_weight=16 p99=132.0 predicted_load=0 r_effective=16.6 serverless_enabled=True total_load=118.0 weights_after={'k3s': 84, 'knative': 16} weights_before={'k3s': 81, 'knative': 19}
2026-07-13 04:00:38 [info     ] Weights updated                k3s=84 knative=16
2026-07-13 04:00:38 [info     ] Weights updated                action=RECOVERY reason='load=118RPS | k8s_cap=100RPS | (reducing-serverless)' weights={'k3s': 84, 'knative': 16}
2026-07-13 04:00:38 [info     ] algorithm2_scaling_decision    action=MAINTAIN alpha=0.060060060060060066 beta=0.0 buffer=1.0 current_replicas=6 predicted_load=120.22764007635354 required_resources=7.221 target_replicas=6
2026-07-13 04:00:38 [info     ] algorithm2_decision            action=MAINTAIN applied_target=6 current_replicas=6 hold_until=0.0 observed_load=120.23 observed_target=6 point_forecasts=None prediction_age_sec=None predictive_target=6 proactive=False scenario=s3-hybrid-reactive target_replicas=6 upper_forecasts=None
2026-07-13 04:00:38 [debug    ] Decision loop completed        action=RECOVERY latency_ms=142.56 p99=132.0
2026-07-13 04:00:53 [debug    ] HAProxy fallback latency       delta_requests=1822 interval_avg_ms=177.73 max_rtime_ms=427.0 p99_est=355.47
2026-07-13 04:00:54 [info     ] controller_decision_v3         action=REACTIVE available_replicas=6 budget_remaining=993 burn_adjustment=0 burst_ratio=0.1697 capacity_deficit=False confidence=0 current_load=120.32388868563801 decision_id=2ec821d6 k8s_capacity=99.9 k8s_weight=83 knative_weight=17 p99=355.5 predicted_load=0 r_effective=16.6 serverless_enabled=True total_load=120.3 weights_after={'k3s': 83, 'knative': 17} weights_before={'k3s': 84, 'knative': 16}
2026-07-13 04:00:54 [info     ] Weights updated                k3s=83 knative=17
2026-07-13 04:00:54 [info     ] Weights updated                action=REACTIVE reason='load=120RPS | k8s_cap=100RPS | (burst-routing)' weights={'k3s': 83, 'knative': 17}
2026-07-13 04:00:54 [info     ] algorithm2_scaling_decision    action=MAINTAIN alpha=0.060060060060060066 beta=0.0 buffer=1.0 current_replicas=6 predicted_load=119.15492034820713 required_resources=7.156 target_replicas=6
2026-07-13 04:00:54 [info     ] algorithm2_decision            action=MAINTAIN applied_target=6 current_replicas=6 hold_until=0.0 observed_load=119.15 observed_target=6 point_forecasts=None prediction_age_sec=None predictive_target=6 proactive=False scenario=s3-hybrid-reactive target_replicas=6 upper_forecasts=None
2026-07-13 04:00:54 [debug    ] Decision loop completed        action=REACTIVE latency_ms=110.02 p99=355.4687156970362
2026-07-13 04:01:09 [debug    ] HAProxy fallback latency       delta_requests=1817 interval_avg_ms=70.0 max_rtime_ms=427.0 p99_est=140.0
2026-07-13 04:01:09 [info     ] algorithm2_scaling_decision    action=MAINTAIN alpha=0.060060060060060066 beta=0.0 buffer=1.0 current_replicas=6 predicted_load=120.25353572540362 required_resources=7.222 target_replicas=6
2026-07-13 04:01:09 [info     ] algorithm2_decision            action=MAINTAIN applied_target=6 current_replicas=6 hold_until=0.0 observed_load=120.25 observed_target=6 point_forecasts=None prediction_age_sec=None predictive_target=6 proactive=False scenario=s3-hybrid-reactive target_replicas=6 upper_forecasts=None
2026-07-13 04:01:09 [debug    ] Decision loop completed        action=MAINTAIN latency_ms=119.81 p99=140.0
2026-07-13 04:01:24 [debug    ] HAProxy fallback latency       delta_requests=1788 interval_avg_ms=100.48 max_rtime_ms=427.0 p99_est=200.96
2026-07-13 04:01:24 [info     ] controller_decision_v3         action=RECOVERY available_replicas=6 budget_remaining=992 burn_adjustment=0 burst_ratio=0.1557 capacity_deficit=False confidence=0 current_load=118.31767759588432 decision_id=b0931bd6 k8s_capacity=99.9 k8s_weight=84 knative_weight=16 p99=201.0 predicted_load=0 r_effective=16.6 serverless_enabled=True total_load=118.3 weights_after={'k3s': 84, 'knative': 16} weights_before={'k3s': 83, 'knative': 17}
2026-07-13 04:01:24 [info     ] Weights updated                k3s=84 knative=16
2026-07-13 04:01:24 [info     ] Weights updated                action=RECOVERY reason='load=118RPS | k8s_cap=100RPS | (reducing-serverless)' weights={'k3s': 84, 'knative': 16}
2026-07-13 04:01:24 [info     ] algorithm2_scaling_decision    action=MAINTAIN alpha=0.060060060060060066 beta=0.0 buffer=1.0 current_replicas=6 predicted_load=119.25043018052678 required_resources=7.162 target_replicas=6
2026-07-13 04:01:24 [info     ] algorithm2_decision            action=MAINTAIN applied_target=6 current_replicas=6 hold_until=0.0 observed_load=119.25 observed_target=6 point_forecasts=None prediction_age_sec=None predictive_target=6 proactive=False scenario=s3-hybrid-reactive target_replicas=6 upper_forecasts=None
2026-07-13 04:01:24 [debug    ] Decision loop completed        action=RECOVERY latency_ms=144.51 p99=200.96196868008948
2026-07-13 04:01:39 [info     ] controller_decision_v3         action=RECOVERY available_replicas=6 budget_remaining=991 burn_adjustment=0 burst_ratio=0.027 capacity_deficit=False confidence=0 current_load=102.67537521187943 decision_id=bcb6e191 k8s_capacity=99.9 k8s_weight=97 knative_weight=3 p99=201.0 predicted_load=0 r_effective=16.6 serverless_enabled=True total_load=102.7 weights_after={'k3s': 97, 'knative': 3} weights_before={'k3s': 84, 'knative': 16}
2026-07-13 04:01:39 [info     ] Weights updated                k3s=97 knative=3
2026-07-13 04:01:39 [info     ] Weights updated                action=RECOVERY reason='load=103RPS | k8s_cap=100RPS | (reducing-serverless)' weights={'k3s': 97, 'knative': 3}
2026-07-13 04:01:39 [info     ] algorithm2_scaling_decision    action=MAINTAIN alpha=0.060060060060060066 beta=0.0 buffer=1.0 current_replicas=6 predicted_load=110.49652640388187 required_resources=6.636 target_replicas=6
2026-07-13 04:01:39 [info     ] algorithm2_decision            action=MAINTAIN applied_target=6 current_replicas=6 hold_until=0.0 observed_load=110.5 observed_target=6 point_forecasts=None prediction_age_sec=None predictive_target=6 proactive=False scenario=s3-hybrid-reactive target_replicas=6 upper_forecasts=None
2026-07-13 04:01:39 [debug    ] Decision loop completed        action=RECOVERY latency_ms=146.77 p99=200.96196868008948
2026-07-13 04:01:54 [info     ] controller_decision_v3         action=RECOVERY available_replicas=6 budget_remaining=990 burn_adjustment=0 burst_ratio=0 capacity_deficit=False confidence=0 current_load=83.25031300614162 decision_id=4c1f93df k8s_capacity=99.9 k8s_weight=100 knative_weight=0 p99=201.0 predicted_load=0 r_effective=16.6 serverless_enabled=False total_load=83.3 weights_after={'k3s': 100, 'knative': 0} weights_before={'k3s': 97, 'knative': 3}
2026-07-13 04:01:54 [info     ] Weights updated                k3s=100 knative=0
2026-07-13 04:01:54 [info     ] Weights updated                action=RECOVERY reason='load=83RPS | k8s_cap=100RPS | (reducing-serverless)' weights={'k3s': 100, 'knative': 0}
2026-07-13 04:01:54 [info     ] algorithm2_scaling_decision    action=MAINTAIN alpha=0.060060060060060066 beta=0.0 buffer=1.0 current_replicas=6 predicted_load=92.96284410901052 required_resources=5.583 target_replicas=6
2026-07-13 04:01:54 [info     ] algorithm2_decision            action=MAINTAIN applied_target=6 current_replicas=6 hold_until=0.0 observed_load=92.96 observed_target=6 point_forecasts=None prediction_age_sec=None predictive_target=6 proactive=False scenario=s3-hybrid-reactive target_replicas=6 upper_forecasts=None
2026-07-13 04:01:54 [debug    ] Decision loop completed        action=RECOVERY latency_ms=144.63 p99=200.96196868008948
2026-07-13 04:02:09 [debug    ] HAProxy fallback latency       delta_requests=1120 interval_avg_ms=65.0 max_rtime_ms=427.0 p99_est=130.0
2026-07-13 04:02:09 [info     ] algorithm2_scaling_decision    action=MAINTAIN alpha=0.060060060060060066 beta=0.0 buffer=1.0 current_replicas=6 predicted_load=78.60386614474714 required_resources=4.721 target_replicas=5
2026-07-13 04:02:09 [info     ] algorithm2_decision            action=MAINTAIN applied_target=5 current_replicas=6 hold_until=0.0 observed_load=78.6 observed_target=5 point_forecasts=None prediction_age_sec=None predictive_target=5 proactive=False scenario=s3-hybrid-reactive target_replicas=5 upper_forecasts=None
2026-07-13 04:02:09 [debug    ] Decision loop completed        action=MAINTAIN latency_ms=108.58 p99=130.0
2026-07-13 04:02:24 [debug    ] HAProxy fallback latency       delta_requests=1043 interval_avg_ms=122.03 max_rtime_ms=427.0 p99_est=244.05
2026-07-13 04:02:24 [info     ] algorithm2_scaling_decision    action=MAINTAIN alpha=0.060060060060060066 beta=0.0 buffer=1.0 current_replicas=6 predicted_load=71.52716503494733 required_resources=4.296 target_replicas=5
2026-07-13 04:02:24 [info     ] algorithm2_decision            action=MAINTAIN applied_target=5 current_replicas=6 hold_until=0.0 observed_load=71.53 observed_target=5 point_forecasts=None prediction_age_sec=None predictive_target=5 proactive=False scenario=s3-hybrid-reactive target_replicas=5 upper_forecasts=None
2026-07-13 04:02:24 [debug    ] Decision loop completed        action=MAINTAIN latency_ms=108.47 p99=244.0517737296261
2026-07-13 04:02:39 [debug    ] HAProxy fallback latency       delta_requests=1174 interval_avg_ms=14.34 max_rtime_ms=427.0 p99_est=28.67
2026-07-13 04:02:39 [info     ] algorithm2_scaling_decision    action=MAINTAIN alpha=0.060060060060060066 beta=0.0 buffer=1.0 current_replicas=6 predicted_load=73.36738316549997 required_resources=4.406 target_replicas=5
2026-07-13 04:02:39 [info     ] algorithm2_decision            action=MAINTAIN applied_target=5 current_replicas=6 hold_until=0.0 observed_load=73.37 observed_target=5 point_forecasts=None prediction_age_sec=None predictive_target=5 proactive=False scenario=s3-hybrid-reactive target_replicas=5 upper_forecasts=None
2026-07-13 04:02:39 [debug    ] Decision loop completed        action=MAINTAIN latency_ms=110.14 p99=28.674616695059626
2026-07-13 04:02:54 [debug    ] HAProxy fallback latency       delta_requests=1329 interval_avg_ms=65.0 max_rtime_ms=427.0 p99_est=130.0
2026-07-13 04:02:55 [info     ] algorithm2_scaling_decision    action=MAINTAIN alpha=0.060060060060060066 beta=0.0 buffer=1.0 current_replicas=6 predicted_load=82.76395912321809 required_resources=4.971 target_replicas=5
2026-07-13 04:02:55 [info     ] algorithm2_decision            action=MAINTAIN applied_target=5 current_replicas=6 hold_until=0.0 observed_load=82.76 observed_target=5 point_forecasts=None prediction_age_sec=None predictive_target=5 proactive=False scenario=s3-hybrid-reactive target_replicas=5 upper_forecasts=None
2026-07-13 04:02:55 [debug    ] Decision loop completed        action=MAINTAIN latency_ms=112.6 p99=130.0
2026-07-13 04:03:10 [debug    ] HAProxy fallback latency       delta_requests=1095 interval_avg_ms=65.0 max_rtime_ms=427.0 p99_est=130.0
2026-07-13 04:03:10 [info     ] algorithm2_scaling_decision    action=MAINTAIN alpha=0.060060060060060066 beta=0.0 buffer=1.0 current_replicas=6 predicted_load=80.23923775739898 required_resources=4.819 target_replicas=5
2026-07-13 04:03:10 [info     ] algorithm2_decision            action=MAINTAIN applied_target=5 current_replicas=6 hold_until=0.0 observed_load=80.24 observed_target=5 point_forecasts=None prediction_age_sec=None predictive_target=5 proactive=False scenario=s3-hybrid-reactive target_replicas=5 upper_forecasts=None
2026-07-13 04:03:10 [debug    ] Decision loop completed        action=MAINTAIN latency_ms=109.71 p99=130.0
2026-07-13 04:03:25 [info     ] algorithm2_scaling_decision    action=MAINTAIN alpha=0.060060060060060066 beta=0.0 buffer=1.0 current_replicas=6 predicted_load=61.97243846830891 required_resources=3.722 target_replicas=4
2026-07-13 04:03:25 [info     ] algorithm2_decision            action=MAINTAIN applied_target=4 current_replicas=6 hold_until=0.0 observed_load=61.97 observed_target=4 point_forecasts=None prediction_age_sec=None predictive_target=4 proactive=False scenario=s3-hybrid-reactive target_replicas=4 upper_forecasts=None
2026-07-13 04:03:25 [debug    ] Decision loop completed        action=MAINTAIN latency_ms=105.78 p99=130.0
2026-07-13 04:03:40 [debug    ] HAProxy fallback latency       delta_requests=703 interval_avg_ms=64.0 max_rtime_ms=427.0 p99_est=128.0
2026-07-13 04:03:40 [info     ] algorithm2_scaling_decision    action=MAINTAIN alpha=0.060060060060060066 beta=0.0 buffer=1.0 current_replicas=6 predicted_load=48.979902562474706 required_resources=2.942 target_replicas=3
2026-07-13 04:03:40 [info     ] algorithm2_decision            action=MAINTAIN applied_target=3 current_replicas=6 hold_until=0.0 observed_load=48.98 observed_target=3 point_forecasts=None prediction_age_sec=None predictive_target=3 proactive=False scenario=s3-hybrid-reactive target_replicas=3 upper_forecasts=None
2026-07-13 04:03:40 [debug    ] Decision loop completed        action=MAINTAIN latency_ms=105.61 p99=128.0
2026-07-13 04:03:55 [info     ] algorithm2_scaling_decision    action=MAINTAIN alpha=0.060060060060060066 beta=0.0 buffer=1.0 current_replicas=6 predicted_load=46.238804228034 required_resources=2.777 target_replicas=3
2026-07-13 04:03:55 [info     ] algorithm2_decision            action=MAINTAIN applied_target=3 current_replicas=6 hold_until=0.0 observed_load=46.24 observed_target=3 point_forecasts=None prediction_age_sec=None predictive_target=3 proactive=False scenario=s3-hybrid-reactive target_replicas=3 upper_forecasts=None
2026-07-13 04:03:55 [debug    ] Decision loop completed        action=MAINTAIN latency_ms=110.45 p99=128.0
2026-07-13 04:04:10 [debug    ] HAProxy fallback latency       delta_requests=654 interval_avg_ms=163.77 max_rtime_ms=427.0 p99_est=327.54
2026-07-13 04:04:10 [info     ] algorithm2_scaling_decision    action=MAINTAIN alpha=0.060060060060060066 beta=0.0 buffer=1.0 current_replicas=6 predicted_load=44.57833132166655 required_resources=2.677 target_replicas=3
2026-07-13 04:04:10 [info     ] algorithm2_decision            action=MAINTAIN applied_target=3 current_replicas=6 hold_until=0.0 observed_load=44.58 observed_target=3 point_forecasts=None prediction_age_sec=None predictive_target=3 proactive=False scenario=s3-hybrid-reactive target_replicas=3 upper_forecasts=None
2026-07-13 04:04:10 [debug    ] Decision loop completed        action=MAINTAIN latency_ms=104.98 p99=327.53516819571865
2026-07-13 04:04:25 [info     ] algorithm2_scaling_decision    action=MAINTAIN alpha=0.060060060060060066 beta=0.0 buffer=1.0 current_replicas=6 predicted_load=42.5949413383977 required_resources=2.558 target_replicas=3
2026-07-13 04:04:25 [info     ] algorithm2_decision            action=MAINTAIN applied_target=3 current_replicas=6 hold_until=0.0 observed_load=42.59 observed_target=3 point_forecasts=None prediction_age_sec=None predictive_target=3 proactive=False scenario=s3-hybrid-reactive target_replicas=3 upper_forecasts=None
2026-07-13 04:04:25 [debug    ] Decision loop completed        action=MAINTAIN latency_ms=106.94 p99=327.53516819571865
2026-07-13 04:04:40 [debug    ] HAProxy fallback latency       delta_requests=832 interval_avg_ms=143.97 max_rtime_ms=427.0 p99_est=287.94
2026-07-13 04:04:40 [info     ] algorithm2_scaling_decision    action=MAINTAIN alpha=0.060060060060060066 beta=0.0 buffer=1.0 current_replicas=6 predicted_load=48.423477479844145 required_resources=2.908 target_replicas=3
2026-07-13 04:04:40 [info     ] algorithm2_decision            action=MAINTAIN applied_target=3 current_replicas=6 hold_until=0.0 observed_load=48.42 observed_target=3 point_forecasts=None prediction_age_sec=None predictive_target=3 proactive=False scenario=s3-hybrid-reactive target_replicas=3 upper_forecasts=None
2026-07-13 04:04:40 [debug    ] Decision loop completed        action=MAINTAIN latency_ms=108.41 p99=287.93990384615387
2026-07-13 04:04:55 [debug    ] HAProxy fallback latency       delta_requests=1058 interval_avg_ms=64.0 max_rtime_ms=427.0 p99_est=128.0
2026-07-13 04:04:55 [info     ] algorithm2_scaling_decision    action=MAINTAIN alpha=0.060060060060060066 beta=0.0 buffer=1.0 current_replicas=6 predicted_load=62.484367297714925 required_resources=3.753 target_replicas=4
2026-07-13 04:04:55 [info     ] algorithm2_decision            action=MAINTAIN applied_target=4 current_replicas=6 hold_until=0.0 observed_load=62.48 observed_target=4 point_forecasts=None prediction_age_sec=None predictive_target=4 proactive=False scenario=s3-hybrid-reactive target_replicas=4 upper_forecasts=None
2026-07-13 04:04:55 [debug    ] Decision loop completed        action=MAINTAIN latency_ms=114.2 p99=128.0
2026-07-13 04:05:10 [debug    ] HAProxy fallback latency       delta_requests=1075 interval_avg_ms=64.0 max_rtime_ms=427.0 p99_est=128.0
2026-07-13 04:05:11 [info     ] algorithm2_scaling_decision    action=MAINTAIN alpha=0.060060060060060066 beta=0.0 buffer=1.0 current_replicas=6 predicted_load=70.57659919225199 required_resources=4.239 target_replicas=5
2026-07-13 04:05:11 [info     ] algorithm2_decision            action=MAINTAIN applied_target=5 current_replicas=6 hold_until=0.0 observed_load=70.58 observed_target=5 point_forecasts=None prediction_age_sec=None predictive_target=5 proactive=False scenario=s3-hybrid-reactive target_replicas=5 upper_forecasts=None
2026-07-13 04:05:11 [debug    ] Decision loop completed        action=MAINTAIN latency_ms=108.87 p99=128.0
2026-07-13 04:05:26 [debug    ] HAProxy fallback latency       delta_requests=1050 interval_avg_ms=131.19 max_rtime_ms=427.0 p99_est=262.38
2026-07-13 04:05:26 [info     ] algorithm2_scaling_decision    action=MAINTAIN alpha=0.060060060060060066 beta=0.0 buffer=1.0 current_replicas=6 predicted_load=70.3428459976797 required_resources=4.225 target_replicas=5
2026-07-13 04:05:26 [info     ] algorithm2_decision            action=MAINTAIN applied_target=5 current_replicas=6 hold_until=0.0 observed_load=70.34 observed_target=5 point_forecasts=None prediction_age_sec=None predictive_target=5 proactive=False scenario=s3-hybrid-reactive target_replicas=5 upper_forecasts=None
2026-07-13 04:05:26 [debug    ] Decision loop completed        action=MAINTAIN latency_ms=110.43 p99=262.3809523809524
2026-07-13 04:05:41 [info     ] algorithm2_scaling_decision    action=MAINTAIN alpha=0.060060060060060066 beta=0.0 buffer=1.0 current_replicas=6 predicted_load=70.22071640996788 required_resources=4.217 target_replicas=5
2026-07-13 04:05:41 [info     ] algorithm2_decision            action=MAINTAIN applied_target=5 current_replicas=6 hold_until=0.0 observed_load=70.22 observed_target=5 point_forecasts=None prediction_age_sec=None predictive_target=5 proactive=False scenario=s3-hybrid-reactive target_replicas=5 upper_forecasts=None
2026-07-13 04:05:41 [debug    ] Decision loop completed        action=MAINTAIN latency_ms=102.8 p99=262.3809523809524
2026-07-13 04:05:56 [debug    ] HAProxy fallback latency       delta_requests=1129 interval_avg_ms=128.44 max_rtime_ms=427.0 p99_est=256.88
2026-07-13 04:05:56 [info     ] algorithm2_scaling_decision    action=MAINTAIN alpha=0.060060060060060066 beta=0.0 buffer=1.0 current_replicas=6 predicted_load=72.78177039998047 required_resources=4.371 target_replicas=5
2026-07-13 04:05:56 [info     ] algorithm2_decision            action=MAINTAIN applied_target=5 current_replicas=6 hold_until=0.0 observed_load=72.78 observed_target=5 point_forecasts=None prediction_age_sec=None predictive_target=5 proactive=False scenario=s3-hybrid-reactive target_replicas=5 upper_forecasts=None
2026-07-13 04:05:56 [debug    ] Decision loop completed        action=MAINTAIN latency_ms=108.36 p99=256.87511071744905
2026-07-13 04:06:11 [debug    ] HAProxy fallback latency       delta_requests=1391 interval_avg_ms=65.0 max_rtime_ms=427.0 p99_est=130.0
2026-07-13 04:06:11 [info     ] algorithm2_scaling_decision    action=MAINTAIN alpha=0.060060060060060066 beta=0.0 buffer=1.0 current_replicas=6 predicted_load=83.34254237751014 required_resources=5.006 target_replicas=6
2026-07-13 04:06:11 [info     ] algorithm2_decision            action=MAINTAIN applied_target=6 current_replicas=6 hold_until=0.0 observed_load=83.34 observed_target=6 point_forecasts=None prediction_age_sec=None predictive_target=6 proactive=False scenario=s3-hybrid-reactive target_replicas=6 upper_forecasts=None
2026-07-13 04:06:11 [debug    ] Decision loop completed        action=MAINTAIN latency_ms=111.99 p99=130.0
2026-07-13 04:06:26 [debug    ] HAProxy fallback latency       delta_requests=1636 interval_avg_ms=111.32 max_rtime_ms=427.0 p99_est=222.64
2026-07-13 04:06:26 [info     ] Knative pre-warm OK            cold_start_ms=3.0
2026-07-13 04:06:26 [info     ] controller_decision_v3         action=REACTIVE available_replicas=6 budget_remaining=982 burn_adjustment=0 burst_ratio=0.0767 capacity_deficit=False confidence=0 current_load=108.19437063832386 decision_id=3cdb900e k8s_capacity=99.9 k8s_weight=92 knative_weight=8 p99=222.6 predicted_load=0 r_effective=16.6 serverless_enabled=True total_load=108.2 weights_after={'k3s': 92, 'knative': 8} weights_before={'k3s': 100, 'knative': 0}
2026-07-13 04:06:26 [info     ] Weights updated                k3s=92 knative=8
2026-07-13 04:06:26 [info     ] Weights updated                action=REACTIVE reason='load=108RPS | k8s_cap=100RPS | (burst-routing)' weights={'k3s': 92, 'knative': 8}
2026-07-13 04:06:26 [info     ] algorithm2_scaling_decision    action=MAINTAIN alpha=0.060060060060060066 beta=0.0 buffer=1.0 current_replicas=6 predicted_load=100.09779333917152 required_resources=6.012 target_replicas=6
2026-07-13 04:06:26 [info     ] algorithm2_decision            action=MAINTAIN applied_target=6 current_replicas=6 hold_until=0.0 observed_load=100.1 observed_target=6 point_forecasts=None prediction_age_sec=None predictive_target=6 proactive=False scenario=s3-hybrid-reactive target_replicas=6 upper_forecasts=None
2026-07-13 04:06:26 [debug    ] Decision loop completed        action=REACTIVE latency_ms=116.03 p99=222.63691931540342
2026-07-13 04:06:41 [debug    ] HAProxy fallback latency       delta_requests=1451 interval_avg_ms=12.78 max_rtime_ms=427.0 p99_est=25.55
2026-07-13 04:06:41 [info     ] controller_decision_v3         action=RECOVERY available_replicas=6 budget_remaining=982 burn_adjustment=0 burst_ratio=0 capacity_deficit=False confidence=0 current_load=96.12067396350069 decision_id=feda2f5e k8s_capacity=99.9 k8s_weight=100 knative_weight=0 p99=25.6 predicted_load=0 r_effective=16.6 serverless_enabled=False total_load=96.1 weights_after={'k3s': 100, 'knative': 0} weights_before={'k3s': 92, 'knative': 8}
2026-07-13 04:06:41 [info     ] Weights updated                k3s=100 knative=0
2026-07-13 04:06:41 [info     ] Weights updated                action=RECOVERY reason='load=96RPS | k8s_cap=100RPS | (reducing-serverless)' weights={'k3s': 100, 'knative': 0}
2026-07-13 04:06:41 [info     ] algorithm2_scaling_decision    action=MAINTAIN alpha=0.060060060060060066 beta=0.0 buffer=1.0 current_replicas=6 predicted_load=102.15752230091228 required_resources=6.136 target_replicas=6
2026-07-13 04:06:41 [info     ] algorithm2_decision            action=MAINTAIN applied_target=6 current_replicas=6 hold_until=0.0 observed_load=102.16 observed_target=6 point_forecasts=None prediction_age_sec=None predictive_target=6 proactive=False scenario=s3-hybrid-reactive target_replicas=6 upper_forecasts=None
2026-07-13 04:06:41 [debug    ] Decision loop completed        action=RECOVERY latency_ms=141.07 p99=25.552033080634047
2026-07-13 04:06:56 [debug    ] HAProxy fallback latency       delta_requests=1188 interval_avg_ms=65.0 max_rtime_ms=427.0 p99_est=130.0
2026-07-13 04:06:56 [info     ] algorithm2_scaling_decision    action=MAINTAIN alpha=0.060060060060060066 beta=0.0 buffer=1.0 current_replicas=6 predicted_load=87.29079551243663 required_resources=5.243 target_replicas=6
2026-07-13 04:06:56 [info     ] algorithm2_decision            action=MAINTAIN applied_target=6 current_replicas=6 hold_until=0.0 observed_load=87.29 observed_target=6 point_forecasts=None prediction_age_sec=None predictive_target=6 proactive=False scenario=s3-hybrid-reactive target_replicas=6 upper_forecasts=None
2026-07-13 04:06:56 [debug    ] Decision loop completed        action=MAINTAIN latency_ms=107.74 p99=130.0
2026-07-13 04:07:11 [info     ] algorithm2_scaling_decision    action=MAINTAIN alpha=0.060060060060060066 beta=0.0 buffer=1.0 current_replicas=6 predicted_load=69.87621555292456 required_resources=4.197 target_replicas=5
2026-07-13 04:07:11 [info     ] algorithm2_decision            action=MAINTAIN applied_target=5 current_replicas=6 hold_until=0.0 observed_load=69.88 observed_target=5 point_forecasts=None prediction_age_sec=None predictive_target=5 proactive=False scenario=s3-hybrid-reactive target_replicas=5 upper_forecasts=None
2026-07-13 04:07:11 [debug    ] Decision loop completed        action=MAINTAIN latency_ms=108.29 p99=130.0
2026-07-13 04:07:26 [debug    ] HAProxy fallback latency       delta_requests=697 interval_avg_ms=64.0 max_rtime_ms=427.0 p99_est=128.0
2026-07-13 04:07:27 [info     ] algorithm2_scaling_decision    action=MAINTAIN alpha=0.060060060060060066 beta=0.0 buffer=1.0 current_replicas=6 predicted_load=53.71254926069001 required_resources=3.226 target_replicas=4
2026-07-13 04:07:27 [info     ] algorithm2_decision            action=MAINTAIN applied_target=4 current_replicas=6 hold_until=0.0 observed_load=53.71 observed_target=4 point_forecasts=None prediction_age_sec=None predictive_target=4 proactive=False scenario=s3-hybrid-reactive target_replicas=4 upper_forecasts=None
2026-07-13 04:07:27 [debug    ] Decision loop completed        action=MAINTAIN latency_ms=99.89 p99=128.0
2026-07-13 04:07:42 [debug    ] HAProxy fallback latency       delta_requests=657 interval_avg_ms=64.0 max_rtime_ms=427.0 p99_est=128.0
2026-07-13 04:07:42 [info     ] algorithm2_scaling_decision    action=MAINTAIN alpha=0.060060060060060066 beta=0.0 buffer=1.0 current_replicas=6 predicted_load=44.82163800988414 required_resources=2.692 target_replicas=3
2026-07-13 04:07:42 [info     ] algorithm2_decision            action=MAINTAIN applied_target=3 current_replicas=6 hold_until=0.0 observed_load=44.82 observed_target=3 point_forecasts=None prediction_age_sec=None predictive_target=3 proactive=False scenario=s3-hybrid-reactive target_replicas=3 upper_forecasts=None
2026-07-13 04:07:42 [debug    ] Decision loop completed        action=MAINTAIN latency_ms=101.61 p99=128.0
2026-07-13 04:07:57 [debug    ] HAProxy fallback latency       delta_requests=665 interval_avg_ms=64.0 max_rtime_ms=427.0 p99_est=128.0
2026-07-13 04:07:57 [info     ] algorithm2_scaling_decision    action=MAINTAIN alpha=0.060060060060060066 beta=0.0 buffer=1.0 current_replicas=6 predicted_load=43.80561831949504 required_resources=2.631 target_replicas=3
2026-07-13 04:07:57 [info     ] algorithm2_decision            action=MAINTAIN applied_target=3 current_replicas=6 hold_until=0.0 observed_load=43.81 observed_target=3 point_forecasts=None prediction_age_sec=None predictive_target=3 proactive=False scenario=s3-hybrid-reactive target_replicas=3 upper_forecasts=None
2026-07-13 04:07:57 [debug    ] Decision loop completed        action=MAINTAIN latency_ms=106.24 p99=128.0
2026-07-13 04:08:12 [debug    ] HAProxy fallback latency       delta_requests=773 interval_avg_ms=170.25 max_rtime_ms=427.0 p99_est=340.5
2026-07-13 04:08:12 [info     ] algorithm2_scaling_decision    action=MAINTAIN alpha=0.060060060060060066 beta=0.0 buffer=1.0 current_replicas=6 predicted_load=47.60249346529636 required_resources=2.859 target_replicas=3
2026-07-13 04:08:12 [info     ] algorithm2_decision            action=MAINTAIN applied_target=3 current_replicas=6 hold_until=0.0 observed_load=47.6 observed_target=3 point_forecasts=None prediction_age_sec=None predictive_target=3 proactive=False scenario=s3-hybrid-reactive target_replicas=3 upper_forecasts=None
2026-07-13 04:08:12 [debug    ] Decision loop completed        action=MAINTAIN latency_ms=105.05 p99=340.5045278137128
2026-07-13 04:08:27 [debug    ] HAProxy fallback latency       delta_requests=854 interval_avg_ms=65.0 max_rtime_ms=427.0 p99_est=130.0
2026-07-13 04:08:27 [info     ] algorithm2_scaling_decision    action=MAINTAIN alpha=0.060060060060060066 beta=0.0 buffer=1.0 current_replicas=6 predicted_load=53.819069817291336 required_resources=3.232 target_replicas=4
2026-07-13 04:08:27 [info     ] algorithm2_decision            action=MAINTAIN applied_target=4 current_replicas=6 hold_until=0.0 observed_load=53.82 observed_target=4 point_forecasts=None prediction_age_sec=None predictive_target=4 proactive=False scenario=s3-hybrid-reactive target_replicas=4 upper_forecasts=None
2026-07-13 04:08:27 [debug    ] Decision loop completed        action=MAINTAIN latency_ms=112.4 p99=130.0
2026-07-13 04:08:42 [info     ] algorithm2_scaling_decision    action=MAINTAIN alpha=0.060060060060060066 beta=0.0 buffer=1.0 current_replicas=6 predicted_load=52.12256519906733 required_resources=3.13 target_replicas=4
2026-07-13 04:08:42 [info     ] algorithm2_decision            action=MAINTAIN applied_target=4 current_replicas=6 hold_until=0.0 observed_load=52.12 observed_target=4 point_forecasts=None prediction_age_sec=None predictive_target=4 proactive=False scenario=s3-hybrid-reactive target_replicas=4 upper_forecasts=None
2026-07-13 04:08:42 [debug    ] Decision loop completed        action=MAINTAIN latency_ms=105.91 p99=130.0
2026-07-13 04:08:57 [debug    ] HAProxy fallback latency       delta_requests=580 interval_avg_ms=64.0 max_rtime_ms=427.0 p99_est=128.0
2026-07-13 04:08:57 [info     ] algorithm2_scaling_decision    action=MAINTAIN alpha=0.060060060060060066 beta=0.0 buffer=1.0 current_replicas=6 predicted_load=43.086218400404704 required_resources=2.588 target_replicas=3
2026-07-13 04:08:57 [info     ] algorithm2_decision            action=MAINTAIN applied_target=3 current_replicas=6 hold_until=0.0 observed_load=43.09 observed_target=3 point_forecasts=None prediction_age_sec=None predictive_target=3 proactive=False scenario=s3-hybrid-reactive target_replicas=3 upper_forecasts=None
2026-07-13 04:08:57 [debug    ] Decision loop completed        action=MAINTAIN latency_ms=107.17 p99=128.0
2026-07-13 04:09:12 [debug    ] HAProxy fallback latency       delta_requests=583 interval_avg_ms=64.0 max_rtime_ms=427.0 p99_est=128.0
2026-07-13 04:09:12 [info     ] algorithm2_scaling_decision    action=MAINTAIN alpha=0.060060060060060066 beta=0.0 buffer=1.0 current_replicas=6 predicted_load=38.492540931969074 required_resources=2.312 target_replicas=3
2026-07-13 04:09:12 [info     ] algorithm2_decision            action=MAINTAIN applied_target=3 current_replicas=6 hold_until=0.0 observed_load=38.49 observed_target=3 point_forecasts=None prediction_age_sec=None predictive_target=3 proactive=False scenario=s3-hybrid-reactive target_replicas=3 upper_forecasts=None
2026-07-13 04:09:12 [debug    ] Decision loop completed        action=MAINTAIN latency_ms=105.32 p99=128.0
2026-07-13 04:09:27 [debug    ] HAProxy fallback latency       delta_requests=605 interval_avg_ms=64.0 max_rtime_ms=427.0 p99_est=128.0
2026-07-13 04:09:27 [info     ] algorithm2_scaling_decision    action=MAINTAIN alpha=0.060060060060060066 beta=0.0 buffer=1.0 current_replicas=6 predicted_load=39.32113977228494 required_resources=2.362 target_replicas=3
2026-07-13 04:09:27 [info     ] algorithm2_decision            action=MAINTAIN applied_target=3 current_replicas=6 hold_until=0.0 observed_load=39.32 observed_target=3 point_forecasts=None prediction_age_sec=None predictive_target=3 proactive=False scenario=s3-hybrid-reactive target_replicas=3 upper_forecasts=None
2026-07-13 04:09:27 [debug    ] Decision loop completed        action=MAINTAIN latency_ms=112.17 p99=128.0
2026-07-13 04:09:42 [debug    ] HAProxy fallback latency       delta_requests=628 interval_avg_ms=64.0 max_rtime_ms=427.0 p99_est=128.0
2026-07-13 04:09:43 [info     ] algorithm2_scaling_decision    action=MAINTAIN alpha=0.060060060060060066 beta=0.0 buffer=1.0 current_replicas=6 predicted_load=40.836907713452646 required_resources=2.453 target_replicas=3
2026-07-13 04:09:43 [info     ] algorithm2_decision            action=MAINTAIN applied_target=3 current_replicas=6 hold_until=0.0 observed_load=40.84 observed_target=3 point_forecasts=None prediction_age_sec=None predictive_target=3 proactive=False scenario=s3-hybrid-reactive target_replicas=3 upper_forecasts=None
2026-07-13 04:09:43 [debug    ] Decision loop completed        action=MAINTAIN latency_ms=103.96 p99=128.0
2026-07-13 04:09:58 [debug    ] HAProxy fallback latency       delta_requests=661 interval_avg_ms=64.0 max_rtime_ms=427.0 p99_est=128.0
2026-07-13 04:09:58 [info     ] algorithm2_scaling_decision    action=MAINTAIN alpha=0.060060060060060066 beta=0.0 buffer=1.0 current_replicas=6 predicted_load=42.6260053425965 required_resources=2.56 target_replicas=3
2026-07-13 04:09:58 [info     ] algorithm2_decision            action=MAINTAIN applied_target=3 current_replicas=6 hold_until=0.0 observed_load=42.63 observed_target=3 point_forecasts=None prediction_age_sec=None predictive_target=3 proactive=False scenario=s3-hybrid-reactive target_replicas=3 upper_forecasts=None
2026-07-13 04:09:58 [debug    ] Decision loop completed        action=MAINTAIN latency_ms=105.1 p99=128.0
2026-07-13 04:10:13 [debug    ] HAProxy fallback latency       delta_requests=739 interval_avg_ms=64.0 max_rtime_ms=427.0 p99_est=128.0
2026-07-13 04:10:13 [info     ] algorithm2_scaling_decision    action=MAINTAIN alpha=0.060060060060060066 beta=0.0 buffer=1.0 current_replicas=6 predicted_load=46.31088405826347 required_resources=2.781 target_replicas=3
2026-07-13 04:10:13 [info     ] algorithm2_decision            action=MAINTAIN applied_target=3 current_replicas=6 hold_until=0.0 observed_load=46.31 observed_target=3 point_forecasts=None prediction_age_sec=None predictive_target=3 proactive=False scenario=s3-hybrid-reactive target_replicas=3 upper_forecasts=None
2026-07-13 04:10:13 [debug    ] Decision loop completed        action=MAINTAIN latency_ms=105.04 p99=128.0
2026-07-13 04:10:28 [debug    ] HAProxy fallback latency       delta_requests=336 interval_avg_ms=64.0 max_rtime_ms=427.0 p99_est=128.0
2026-07-13 04:10:28 [info     ] algorithm2_scaling_decision    action=MAINTAIN alpha=0.060060060060060066 beta=0.0 buffer=1.0 current_replicas=6 predicted_load=35.650146966485366 required_resources=2.141 target_replicas=3
2026-07-13 04:10:28 [info     ] algorithm2_decision            action=MAINTAIN applied_target=3 current_replicas=6 hold_until=0.0 observed_load=35.65 observed_target=3 point_forecasts=None prediction_age_sec=None predictive_target=3 proactive=False scenario=s3-hybrid-reactive target_replicas=3 upper_forecasts=None
2026-07-13 04:10:28 [debug    ] Decision loop completed        action=MAINTAIN latency_ms=145.5 p99=128.0
2026-07-13 04:10:43 [info     ] algorithm2_scaling_decision    action=MAINTAIN alpha=0.060060060060060066 beta=0.0 buffer=1.0 current_replicas=6 predicted_load=11.187961479076584 required_resources=0.672 target_replicas=3
2026-07-13 04:10:43 [info     ] algorithm2_decision            action=MAINTAIN applied_target=3 current_replicas=6 hold_until=0.0 observed_load=11.19 observed_target=3 point_forecasts=None prediction_age_sec=None predictive_target=3 proactive=False scenario=s3-hybrid-reactive target_replicas=3 upper_forecasts=None
2026-07-13 04:10:43 [debug    ] Decision loop completed        action=MAINTAIN latency_ms=106.6 p99=128.0
2026-07-13 04:10:58 [info     ] algorithm2_scaling_decision    action=MAINTAIN alpha=0.060060060060060066 beta=0.0 buffer=1.0 current_replicas=6 predicted_load=0.0 required_resources=0.0 target_replicas=3
2026-07-13 04:10:58 [info     ] algorithm2_decision            action=MAINTAIN applied_target=3 current_replicas=6 hold_until=0.0 observed_load=0.0 observed_target=3 point_forecasts=None prediction_age_sec=None predictive_target=3 proactive=False scenario=s3-hybrid-reactive target_replicas=3 upper_forecasts=None
2026-07-13 04:10:58 [debug    ] Decision loop completed        action=MAINTAIN latency_ms=110.96 p99=128.0
2026-07-13 04:11:13 [info     ] algorithm2_scaling_decision    action=MAINTAIN alpha=0.060060060060060066 beta=0.0 buffer=1.0 current_replicas=6 predicted_load=0.0 required_resources=0.0 target_replicas=3
2026-07-13 04:11:13 [info     ] algorithm2_decision            action=MAINTAIN applied_target=3 current_replicas=6 hold_until=0.0 observed_load=0.0 observed_target=3 point_forecasts=None prediction_age_sec=None predictive_target=3 proactive=False scenario=s3-hybrid-reactive target_replicas=3 upper_forecasts=None
2026-07-13 04:11:13 [debug    ] Decision loop completed        action=MAINTAIN latency_ms=109.4 p99=128.0
2026-07-13 04:11:21 [info     ] Received shutdown signal
2026-07-13 04:11:21 [info     ] Stopping routing daemon...
2026-07-13 04:11:21 [info     ] Routing daemon stopped
