2026-09-14 05:15:13 [info     ] SLOMonitor initialized         threshold_ms=200.0 violation_window=30
2026-09-14 05:15:13 [info     ] Algorithm1ControllerV3 initialized max_knative=50 r_saturation=33.3 target_cpu_util=0.5 total_budget=1000
2026-09-14 05:15:13 [info     ] controller_selected            kind=Algorithm1ControllerV3 scenario=s3-hybrid-reactive version=v3
2026-09-14 05:15:13 [info     ] HAProxyWeightAdjuster initialized backend=servers host=localhost port=19999
2026-09-14 05:15:13 [info     ] GRUClient initialized          base_url=http://localhost:8090
2026-09-14 05:15:13 [info     ] K8sScaler initialized          deployment=test-app-warm namespace=default
2026-09-14 05:15:13 [info     ] RoutingDaemon initialized      decision_interval=15 description='Algorithm 1 reactive routing without predictions' scenario=s3-hybrid-reactive use_algorithm=True use_predictions=False
2026-09-14 05:15:13 [info     ] Starting routing daemon        interval=15 scenario=s3-hybrid-reactive
2026-09-14 05:15:13 [info     ] Weights updated                k3s=80 knative=20
2026-09-14 05:15:13 [info     ] Initial weights applied        k3s=80 knative=20
2026-09-14 05:15:13 [info     ] controller_decision_v3         action=RECOVERY available_replicas=3 budget_remaining=1000 burn_adjustment=0 burst_ratio=0 capacity_deficit=False confidence=0 current_load=3.120243888888889 decision_id=3a358d79 k8s_capacity=49.9 k8s_weight=100 knative_weight=0 p99=83.0 predicted_load=0 r_effective=16.6 serverless_enabled=False total_load=3.1 weights_after={'k3s': 100, 'knative': 0} weights_before={'k3s': 80, 'knative': 20}
2026-09-14 05:15:13 [info     ] Weights updated                k3s=100 knative=0
2026-09-14 05:15:13 [info     ] Weights updated                action=RECOVERY reason='load=3RPS | k8s_cap=50RPS | (reducing-serverless)' weights={'k3s': 100, 'knative': 0}
2026-09-14 05:15:14 [info     ] algorithm2_scaling_decision    action=MAINTAIN alpha=0.060060060060060066 beta=0.0 buffer=1.0 current_replicas=3 predicted_load=3.120243888888889 required_resources=0.187 target_replicas=3
2026-09-14 05:15:14 [info     ] algorithm2_decision            action=MAINTAIN applied_target=3 current_replicas=3 hold_until=0.0 observed_load=3.12 observed_target=3 point_forecasts=None prediction_age_sec=None predictive_target=3 proactive=False scenario=s3-hybrid-reactive target_replicas=3 upper_forecasts=None
2026-09-14 05:15:14 [debug    ] Decision loop completed        action=RECOVERY latency_ms=136.45 p99=82.99999999999993
2026-09-14 05:15:29 [info     ] algorithm2_scaling_decision    action=MAINTAIN alpha=0.060060060060060066 beta=0.0 buffer=1.0 current_replicas=3 predicted_load=2.981299166666667 required_resources=0.179 target_replicas=3
2026-09-14 05:15:29 [info     ] algorithm2_decision            action=MAINTAIN applied_target=3 current_replicas=3 hold_until=0.0 observed_load=2.98 observed_target=3 point_forecasts=None prediction_age_sec=None predictive_target=3 proactive=False scenario=s3-hybrid-reactive target_replicas=3 upper_forecasts=None
2026-09-14 05:15:29 [debug    ] Decision loop completed        action=MAINTAIN latency_ms=100.9 p99=0.99
2026-09-14 05:15:44 [info     ] algorithm2_scaling_decision    action=MAINTAIN alpha=0.060060060060060066 beta=0.0 buffer=1.0 current_replicas=3 predicted_load=2.517490555555556 required_resources=0.151 target_replicas=3
2026-09-14 05:15:44 [info     ] algorithm2_decision            action=MAINTAIN applied_target=3 current_replicas=3 hold_until=0.0 observed_load=2.52 observed_target=3 point_forecasts=None prediction_age_sec=None predictive_target=3 proactive=False scenario=s3-hybrid-reactive target_replicas=3 upper_forecasts=None
2026-09-14 05:15:44 [debug    ] Decision loop completed        action=MAINTAIN latency_ms=97.53 p99=0.99
2026-09-14 05:15:59 [info     ] algorithm2_scaling_decision    action=MAINTAIN alpha=0.060060060060060066 beta=0.0 buffer=1.0 current_replicas=3 predicted_load=6.540757777777779 required_resources=0.393 target_replicas=3
2026-09-14 05:15:59 [info     ] algorithm2_decision            action=MAINTAIN applied_target=3 current_replicas=3 hold_until=0.0 observed_load=6.54 observed_target=3 point_forecasts=None prediction_age_sec=None predictive_target=3 proactive=False scenario=s3-hybrid-reactive target_replicas=3 upper_forecasts=None
2026-09-14 05:15:59 [debug    ] Decision loop completed        action=MAINTAIN latency_ms=102.79 p99=99.45801526717558
2026-09-14 05:16:14 [info     ] algorithm2_scaling_decision    action=MAINTAIN alpha=0.060060060060060066 beta=0.0 buffer=1.0 current_replicas=3 predicted_load=17.93333333333333 required_resources=1.077 target_replicas=3
2026-09-14 05:16:14 [info     ] algorithm2_decision            action=MAINTAIN applied_target=3 current_replicas=3 hold_until=0.0 observed_load=17.93 observed_target=3 point_forecasts=None prediction_age_sec=None predictive_target=3 proactive=False scenario=s3-hybrid-reactive target_replicas=3 upper_forecasts=None
2026-09-14 05:16:14 [debug    ] Decision loop completed        action=MAINTAIN latency_ms=105.72 p99=104.57142857142811
2026-09-14 05:16:29 [info     ] algorithm2_scaling_decision    action=MAINTAIN alpha=0.060060060060060066 beta=0.0 buffer=1.0 current_replicas=3 predicted_load=32.41111111111111 required_resources=1.947 target_replicas=3
2026-09-14 05:16:29 [info     ] algorithm2_decision            action=MAINTAIN applied_target=3 current_replicas=3 hold_until=0.0 observed_load=32.41 observed_target=3 point_forecasts=None prediction_age_sec=None predictive_target=3 proactive=False scenario=s3-hybrid-reactive target_replicas=3 upper_forecasts=None
2026-09-14 05:16:29 [debug    ] Decision loop completed        action=MAINTAIN latency_ms=106.81 p99=100.1428571428558
2026-09-14 05:16:44 [info     ] algorithm2_scaling_decision    action=MAINTAIN alpha=0.060060060060060066 beta=0.0 buffer=1.0 current_replicas=3 predicted_load=43.588888888888896 required_resources=2.618 target_replicas=3
2026-09-14 05:16:44 [info     ] algorithm2_decision            action=MAINTAIN applied_target=3 current_replicas=3 hold_until=0.0 observed_load=43.59 observed_target=3 point_forecasts=None prediction_age_sec=None predictive_target=3 proactive=False scenario=s3-hybrid-reactive target_replicas=3 upper_forecasts=None
2026-09-14 05:16:44 [debug    ] Decision loop completed        action=MAINTAIN latency_ms=115.72 p99=123.6999999999992
2026-09-14 05:16:59 [warning  ] Knative pre-warm non-200       status=404
2026-09-14 05:16:59 [info     ] controller_decision_v3         action=REACTIVE available_replicas=3 budget_remaining=1000 burn_adjustment=0 burst_ratio=0.0402 capacity_deficit=False confidence=0 current_load=52.044444444444444 decision_id=8f9fd61e k8s_capacity=49.9 k8s_weight=95 knative_weight=5 p99=151.1 predicted_load=0 r_effective=16.6 serverless_enabled=True total_load=52.0 weights_after={'k3s': 95, 'knative': 5} weights_before={'k3s': 100, 'knative': 0}
2026-09-14 05:16:59 [info     ] Weights updated                k3s=95 knative=5
2026-09-14 05:16:59 [info     ] Weights updated                action=REACTIVE reason='load=52RPS | k8s_cap=50RPS | (burst-routing)' weights={'k3s': 95, 'knative': 5}
2026-09-14 05:16:59 [info     ] algorithm2_scaling_decision    action=MAINTAIN alpha=0.060060060060060066 beta=0.0 buffer=1.0 current_replicas=3 predicted_load=49.6888888888889 required_resources=2.984 target_replicas=3
2026-09-14 05:16:59 [info     ] algorithm2_decision            action=MAINTAIN applied_target=3 current_replicas=3 hold_until=0.0 observed_load=49.69 observed_target=3 point_forecasts=None prediction_age_sec=None predictive_target=3 proactive=False scenario=s3-hybrid-reactive target_replicas=3 upper_forecasts=None
2026-09-14 05:16:59 [debug    ] Decision loop completed        action=REACTIVE latency_ms=115.11 p99=151.1111111111113
2026-09-14 05:17:14 [info     ] controller_decision_v3         action=RECOVERY available_replicas=3 budget_remaining=1000 burn_adjustment=0 burst_ratio=0.0269 capacity_deficit=False confidence=0 current_load=51.33333333333334 decision_id=6a036ea1 k8s_capacity=49.9 k8s_weight=97 knative_weight=3 p99=116.6 predicted_load=0 r_effective=16.6 serverless_enabled=True total_load=51.3 weights_after={'k3s': 97, 'knative': 3} weights_before={'k3s': 95, 'knative': 5}
2026-09-14 05:17:14 [info     ] Weights updated                k3s=97 knative=3
2026-09-14 05:17:14 [info     ] Weights updated                action=RECOVERY reason='load=51RPS | k8s_cap=50RPS | (reducing-serverless)' weights={'k3s': 97, 'knative': 3}
2026-09-14 05:17:14 [info     ] algorithm2_scaling_decision    action=SCALE_UP alpha=0.060060060060060066 beta=0.0 buffer=1.0 current_replicas=3 predicted_load=51.6888888888889 required_resources=3.104 target_replicas=4
2026-09-14 05:17:14 [info     ] algorithm2_decision            action=SCALE_UP applied_target=4 current_replicas=3 hold_until=0.0 observed_load=51.69 observed_target=4 point_forecasts=None prediction_age_sec=None predictive_target=4 proactive=False scenario=s3-hybrid-reactive target_replicas=4 upper_forecasts=None
2026-09-14 05:17:14 [info     ] k8s_scale_executed             deployment=test-app-warm replicas=4
2026-09-14 05:17:14 [debug    ] Decision loop completed        action=RECOVERY latency_ms=171.67 p99=116.62499999999906
2026-09-14 05:17:30 [info     ] controller_decision_v3         action=RECOVERY available_replicas=3 budget_remaining=1000 burn_adjustment=0 burst_ratio=0 capacity_deficit=False confidence=0 current_load=44.08888888888889 decision_id=aa94f52a k8s_capacity=49.9 k8s_weight=100 knative_weight=0 p99=99.7 predicted_load=0 r_effective=16.6 serverless_enabled=False total_load=44.1 weights_after={'k3s': 100, 'knative': 0} weights_before={'k3s': 97, 'knative': 3}
2026-09-14 05:17:30 [info     ] Weights updated                k3s=100 knative=0
2026-09-14 05:17:30 [info     ] Weights updated                action=RECOVERY reason='load=44RPS | k8s_cap=50RPS | (reducing-serverless)' weights={'k3s': 100, 'knative': 0}
2026-09-14 05:17:30 [info     ] algorithm2_scaling_decision    action=MAINTAIN alpha=0.060060060060060066 beta=0.0 buffer=1.0 current_replicas=4 predicted_load=47.711111111111116 required_resources=2.866 target_replicas=3
2026-09-14 05:17:30 [info     ] algorithm2_decision            action=MAINTAIN applied_target=3 current_replicas=4 hold_until=0.0 observed_load=47.71 observed_target=3 point_forecasts=None prediction_age_sec=None predictive_target=3 proactive=False scenario=s3-hybrid-reactive target_replicas=3 upper_forecasts=None
2026-09-14 05:17:30 [debug    ] Decision loop completed        action=RECOVERY latency_ms=144.48 p99=99.70522388059702
2026-09-14 05:17:45 [info     ] algorithm2_scaling_decision    action=MAINTAIN alpha=0.060060060060060066 beta=0.0 buffer=1.0 current_replicas=4 predicted_load=38.977777777777774 required_resources=2.341 target_replicas=3
2026-09-14 05:17:45 [info     ] algorithm2_decision            action=MAINTAIN applied_target=3 current_replicas=4 hold_until=0.0 observed_load=38.98 observed_target=3 point_forecasts=None prediction_age_sec=None predictive_target=3 proactive=False scenario=s3-hybrid-reactive target_replicas=3 upper_forecasts=None
2026-09-14 05:17:45 [debug    ] Decision loop completed        action=MAINTAIN latency_ms=108.84 p99=99.71649484536083
2026-09-14 05:18:00 [info     ] algorithm2_scaling_decision    action=MAINTAIN alpha=0.060060060060060066 beta=0.0 buffer=1.0 current_replicas=4 predicted_load=30.811111111111103 required_resources=1.851 target_replicas=3
2026-09-14 05:18:00 [info     ] algorithm2_decision            action=MAINTAIN applied_target=3 current_replicas=4 hold_until=0.0 observed_load=30.81 observed_target=3 point_forecasts=None prediction_age_sec=None predictive_target=3 proactive=False scenario=s3-hybrid-reactive target_replicas=3 upper_forecasts=None
2026-09-14 05:18:00 [debug    ] Decision loop completed        action=MAINTAIN latency_ms=99.16 p99=99.59103641456583
2026-09-14 05:18:15 [info     ] algorithm2_scaling_decision    action=MAINTAIN alpha=0.060060060060060066 beta=0.0 buffer=1.0 current_replicas=4 predicted_load=30.53333333333333 required_resources=1.834 target_replicas=3
2026-09-14 05:18:15 [info     ] algorithm2_decision            action=MAINTAIN applied_target=3 current_replicas=4 hold_until=0.0 observed_load=30.53 observed_target=3 point_forecasts=None prediction_age_sec=None predictive_target=3 proactive=False scenario=s3-hybrid-reactive target_replicas=3 upper_forecasts=None
2026-09-14 05:18:15 [debug    ] Decision loop completed        action=MAINTAIN latency_ms=110.75 p99=99.93328220858896
2026-09-14 05:18:30 [info     ] algorithm2_scaling_decision    action=MAINTAIN alpha=0.060060060060060066 beta=0.0 buffer=1.0 current_replicas=4 predicted_load=39.866666666666674 required_resources=2.394 target_replicas=3
2026-09-14 05:18:30 [info     ] algorithm2_decision            action=MAINTAIN applied_target=3 current_replicas=4 hold_until=0.0 observed_load=39.87 observed_target=3 point_forecasts=None prediction_age_sec=None predictive_target=3 proactive=False scenario=s3-hybrid-reactive target_replicas=3 upper_forecasts=None
2026-09-14 05:18:30 [debug    ] Decision loop completed        action=MAINTAIN latency_ms=109.25 p99=161.1538461538466
2026-09-14 05:18:45 [warning  ] Knative pre-warm non-200       status=404
2026-09-14 05:18:45 [info     ] controller_decision_v3         action=REACTIVE available_replicas=3 budget_remaining=1000 burn_adjustment=0 burst_ratio=0.0419 capacity_deficit=False confidence=0 current_load=52.13333333333334 decision_id=af07d032 k8s_capacity=49.9 k8s_weight=95 knative_weight=5 p99=107.3 predicted_load=0 r_effective=16.6 serverless_enabled=True total_load=52.1 weights_after={'k3s': 95, 'knative': 5} weights_before={'k3s': 100, 'knative': 0}
2026-09-14 05:18:45 [info     ] Weights updated                k3s=95 knative=5
2026-09-14 05:18:45 [info     ] Weights updated                action=REACTIVE reason='load=52RPS | k8s_cap=50RPS | (burst-routing)' weights={'k3s': 95, 'knative': 5}
2026-09-14 05:18:45 [info     ] algorithm2_scaling_decision    action=MAINTAIN alpha=0.060060060060060066 beta=0.0 buffer=1.0 current_replicas=4 predicted_load=49.277777777777786 required_resources=2.96 target_replicas=3
2026-09-14 05:18:45 [info     ] algorithm2_decision            action=MAINTAIN applied_target=3 current_replicas=4 hold_until=0.0 observed_load=49.28 observed_target=3 point_forecasts=None prediction_age_sec=None predictive_target=3 proactive=False scenario=s3-hybrid-reactive target_replicas=3 upper_forecasts=None
2026-09-14 05:18:45 [debug    ] Decision loop completed        action=REACTIVE latency_ms=107.54 p99=107.28571428571263
2026-09-14 05:19:00 [info     ] controller_decision_v3         action=RECOVERY available_replicas=3 budget_remaining=1000 burn_adjustment=0 burst_ratio=0.0072 capacity_deficit=False confidence=0 current_load=50.31111111111112 decision_id=03d5c251 k8s_capacity=49.9 k8s_weight=99 knative_weight=1 p99=99.6 predicted_load=0 r_effective=16.6 serverless_enabled=True total_load=50.3 weights_after={'k3s': 99, 'knative': 1} weights_before={'k3s': 95, 'knative': 5}
2026-09-14 05:19:00 [info     ] Weights updated                k3s=99 knative=1
2026-09-14 05:19:00 [info     ] Weights updated                action=RECOVERY reason='load=50RPS | k8s_cap=50RPS | (reducing-serverless)' weights={'k3s': 99, 'knative': 1}
2026-09-14 05:19:00 [info     ] algorithm2_scaling_decision    action=MAINTAIN alpha=0.060060060060060066 beta=0.0 buffer=1.0 current_replicas=4 predicted_load=51.22222222222223 required_resources=3.076 target_replicas=4
2026-09-14 05:19:00 [info     ] algorithm2_decision            action=MAINTAIN applied_target=4 current_replicas=4 hold_until=0.0 observed_load=51.22 observed_target=4 point_forecasts=None prediction_age_sec=None predictive_target=4 proactive=False scenario=s3-hybrid-reactive target_replicas=4 upper_forecasts=None
2026-09-14 05:19:00 [debug    ] Decision loop completed        action=RECOVERY latency_ms=150.27 p99=99.64535901926445
2026-09-14 05:19:15 [info     ] controller_decision_v3         action=RECOVERY available_replicas=3 budget_remaining=1000 burn_adjustment=0 burst_ratio=0 capacity_deficit=False confidence=0 current_load=45.400000000000006 decision_id=3b33cd81 k8s_capacity=49.9 k8s_weight=100 knative_weight=0 p99=112.3 predicted_load=0 r_effective=16.6 serverless_enabled=False total_load=45.4 weights_after={'k3s': 100, 'knative': 0} weights_before={'k3s': 99, 'knative': 1}
2026-09-14 05:19:15 [info     ] Weights updated                k3s=100 knative=0
2026-09-14 05:19:15 [info     ] Weights updated                action=RECOVERY reason='load=45RPS | k8s_cap=50RPS | (reducing-serverless)' weights={'k3s': 100, 'knative': 0}
2026-09-14 05:19:15 [info     ] algorithm2_scaling_decision    action=MAINTAIN alpha=0.060060060060060066 beta=0.0 buffer=1.0 current_replicas=4 predicted_load=47.85555555555556 required_resources=2.874 target_replicas=3
2026-09-14 05:19:15 [info     ] algorithm2_decision            action=MAINTAIN applied_target=3 current_replicas=4 hold_until=0.0 observed_load=47.86 observed_target=3 point_forecasts=None prediction_age_sec=None predictive_target=3 proactive=False scenario=s3-hybrid-reactive target_replicas=3 upper_forecasts=None
2026-09-14 05:19:15 [debug    ] Decision loop completed        action=RECOVERY latency_ms=157.46 p99=112.33333333333195
2026-09-14 05:19:31 [warning  ] Knative pre-warm non-200       status=404
2026-09-14 05:19:31 [info     ] controller_decision_v3         action=REACTIVE available_replicas=3 budget_remaining=1000 burn_adjustment=0 burst_ratio=0.048 capacity_deficit=False confidence=0 current_load=52.46666666666667 decision_id=7d859499 k8s_capacity=49.9 k8s_weight=95 knative_weight=5 p99=170.7 predicted_load=0 r_effective=16.6 serverless_enabled=True total_load=52.5 weights_after={'k3s': 95, 'knative': 5} weights_before={'k3s': 100, 'knative': 0}
2026-09-14 05:19:31 [info     ] Weights updated                k3s=95 knative=5
2026-09-14 05:19:31 [info     ] Weights updated                action=REACTIVE reason='load=52RPS | k8s_cap=50RPS | (burst-routing)' weights={'k3s': 95, 'knative': 5}
2026-09-14 05:19:31 [info     ] algorithm2_scaling_decision    action=MAINTAIN alpha=0.060060060060060066 beta=0.0 buffer=1.0 current_replicas=4 predicted_load=48.93333333333334 required_resources=2.939 target_replicas=3
2026-09-14 05:19:31 [info     ] algorithm2_decision            action=MAINTAIN applied_target=3 current_replicas=4 hold_until=0.0 observed_load=48.93 observed_target=3 point_forecasts=None prediction_age_sec=None predictive_target=3 proactive=False scenario=s3-hybrid-reactive target_replicas=3 upper_forecasts=None
2026-09-14 05:19:31 [debug    ] Decision loop completed        action=REACTIVE latency_ms=117.94 p99=170.6969696969697
2026-09-14 05:19:46 [info     ] controller_decision_v3         action=RECOVERY available_replicas=4 budget_remaining=1000 burn_adjustment=0 burst_ratio=0 capacity_deficit=False confidence=0 current_load=59.88888888888889 decision_id=a3bb8142 k8s_capacity=66.6 k8s_weight=100 knative_weight=0 p99=167.6 predicted_load=0 r_effective=16.6 serverless_enabled=False total_load=59.9 weights_after={'k3s': 100, 'knative': 0} weights_before={'k3s': 95, 'knative': 5}
2026-09-14 05:19:46 [info     ] Weights updated                k3s=100 knative=0
2026-09-14 05:19:46 [info     ] Weights updated                action=RECOVERY reason='load=60RPS | k8s_cap=67RPS | (reducing-serverless)' weights={'k3s': 100, 'knative': 0}
2026-09-14 05:19:46 [info     ] Scale readiness observed       elapsed_sec=151.3 ewma_delay=60.0 samples=0 target=4
2026-09-14 05:19:46 [info     ] algorithm2_scaling_decision    action=MAINTAIN alpha=0.060060060060060066 beta=0.0 buffer=1.0 current_replicas=4 predicted_load=56.17777777777778 required_resources=3.374 target_replicas=4
2026-09-14 05:19:46 [info     ] algorithm2_decision            action=MAINTAIN applied_target=4 current_replicas=4 hold_until=0.0 observed_load=56.18 observed_target=4 point_forecasts=None prediction_age_sec=None predictive_target=4 proactive=False scenario=s3-hybrid-reactive target_replicas=4 upper_forecasts=None
2026-09-14 05:19:46 [debug    ] Decision loop completed        action=RECOVERY latency_ms=154.09 p99=167.6206896551725
2026-09-14 05:20:01 [info     ] algorithm2_scaling_decision    action=MAINTAIN alpha=0.060060060060060066 beta=0.0 buffer=1.0 current_replicas=4 predicted_load=61.52274444444444 required_resources=3.695 target_replicas=4
2026-09-14 05:20:01 [info     ] algorithm2_decision            action=MAINTAIN applied_target=4 current_replicas=4 hold_until=0.0 observed_load=61.52 observed_target=4 point_forecasts=None prediction_age_sec=None predictive_target=4 proactive=False scenario=s3-hybrid-reactive target_replicas=4 upper_forecasts=None
2026-09-14 05:20:01 [debug    ] Decision loop completed        action=MAINTAIN latency_ms=115.49 p99=164.03846153846132
2026-09-14 05:20:16 [warning  ] Knative pre-warm non-200       status=404
2026-09-14 05:20:16 [info     ] controller_decision_v3         action=REACTIVE available_replicas=4 budget_remaining=1000 burn_adjustment=0 burst_ratio=0.0094 capacity_deficit=False confidence=0 current_load=67.23288888888887 decision_id=66e6ef77 k8s_capacity=66.6 k8s_weight=99 knative_weight=1 p99=171.2 predicted_load=0 r_effective=16.6 serverless_enabled=True total_load=67.2 weights_after={'k3s': 99, 'knative': 1} weights_before={'k3s': 100, 'knative': 0}
2026-09-14 05:20:16 [info     ] Weights updated                k3s=99 knative=1
2026-09-14 05:20:16 [info     ] Weights updated                action=REACTIVE reason='load=67RPS | k8s_cap=67RPS | (burst-routing)' weights={'k3s': 99, 'knative': 1}
2026-09-14 05:20:16 [info     ] algorithm2_scaling_decision    action=MAINTAIN alpha=0.060060060060060066 beta=0.0 buffer=1.0 current_replicas=4 predicted_load=65.19474444444444 required_resources=3.916 target_replicas=4
2026-09-14 05:20:16 [info     ] algorithm2_decision            action=MAINTAIN applied_target=4 current_replicas=4 hold_until=0.0 observed_load=65.19 observed_target=4 point_forecasts=None prediction_age_sec=None predictive_target=4 proactive=False scenario=s3-hybrid-reactive target_replicas=4 upper_forecasts=None
2026-09-14 05:20:16 [debug    ] Decision loop completed        action=REACTIVE latency_ms=117.07 p99=171.17036315789485
2026-09-14 05:20:31 [info     ] controller_decision_v3         action=REACTIVE available_replicas=4 budget_remaining=1000 burn_adjustment=0 burst_ratio=0.0974 capacity_deficit=False confidence=0 current_load=73.78637777777776 decision_id=eadf491b k8s_capacity=66.6 k8s_weight=90 knative_weight=10 p99=164.4 predicted_load=0 r_effective=16.6 serverless_enabled=True total_load=73.8 weights_after={'k3s': 90, 'knative': 10} weights_before={'k3s': 99, 'knative': 1}
2026-09-14 05:20:31 [info     ] Weights updated                k3s=90 knative=10
2026-09-14 05:20:31 [info     ] Weights updated                action=REACTIVE reason='load=74RPS | k8s_cap=67RPS | (burst-routing)' weights={'k3s': 90, 'knative': 10}
2026-09-14 05:20:31 [info     ] algorithm2_scaling_decision    action=SCALE_UP alpha=0.060060060060060066 beta=0.0 buffer=1.0 current_replicas=4 predicted_load=70.50963333333331 required_resources=4.235 target_replicas=5
2026-09-14 05:20:31 [info     ] algorithm2_decision            action=SCALE_UP applied_target=5 current_replicas=4 hold_until=0.0 observed_load=70.51 observed_target=5 point_forecasts=None prediction_age_sec=None predictive_target=5 proactive=False scenario=s3-hybrid-reactive target_replicas=5 upper_forecasts=None
2026-09-14 05:20:31 [info     ] k8s_scale_executed             deployment=test-app-warm replicas=5
2026-09-14 05:20:31 [debug    ] Decision loop completed        action=REACTIVE latency_ms=154.05 p99=164.37977474747464
2026-09-14 05:20:46 [info     ] controller_decision_v3         action=RECOVERY available_replicas=5 budget_remaining=1000 burn_adjustment=0 burst_ratio=0 capacity_deficit=False confidence=0 current_load=82.34248814814813 decision_id=b30822d9 k8s_capacity=83.2 k8s_weight=100 knative_weight=0 p99=187.2 predicted_load=0 r_effective=16.6 serverless_enabled=False total_load=82.3 weights_after={'k3s': 100, 'knative': 0} weights_before={'k3s': 90, 'knative': 10}
2026-09-14 05:20:46 [info     ] Weights updated                k3s=100 knative=0
2026-09-14 05:20:46 [info     ] Weights updated                action=RECOVERY reason='load=82RPS | k8s_cap=83RPS | (reducing-serverless)' weights={'k3s': 100, 'knative': 0}
2026-09-14 05:20:46 [info     ] Scale readiness observed       elapsed_sec=15.2 ewma_delay=60.0 samples=0 target=5
2026-09-14 05:20:46 [info     ] algorithm2_scaling_decision    action=MAINTAIN alpha=0.060060060060060066 beta=0.0 buffer=1.0 current_replicas=5 predicted_load=78.06443296296294 required_resources=4.689 target_replicas=5
2026-09-14 05:20:46 [info     ] algorithm2_decision            action=MAINTAIN applied_target=5 current_replicas=5 hold_until=0.0 observed_load=78.06 observed_target=5 point_forecasts=None prediction_age_sec=None predictive_target=5 proactive=False scenario=s3-hybrid-reactive target_replicas=5 upper_forecasts=None
2026-09-14 05:20:46 [debug    ] Decision loop completed        action=RECOVERY latency_ms=155.42 p99=187.23529411764696
2026-09-14 05:21:01 [warning  ] Knative pre-warm non-200       status=404
2026-09-14 05:21:01 [info     ] controller_decision_v3         action=REACTIVE available_replicas=5 budget_remaining=1000 burn_adjustment=0 burst_ratio=0.1147 capacity_deficit=False confidence=0 current_load=94.04054259259257 decision_id=6d87aa54 k8s_capacity=83.2 k8s_weight=88 knative_weight=12 p99=199.9 predicted_load=0 r_effective=16.6 serverless_enabled=True total_load=94.0 weights_after={'k3s': 88, 'knative': 12} weights_before={'k3s': 100, 'knative': 0}
2026-09-14 05:21:01 [info     ] Weights updated                k3s=88 knative=12
2026-09-14 05:21:01 [info     ] Weights updated                action=REACTIVE reason='load=94RPS | k8s_cap=83RPS | (burst-routing)' weights={'k3s': 88, 'knative': 12}
2026-09-14 05:21:01 [info     ] algorithm2_scaling_decision    action=SCALE_UP alpha=0.060060060060060066 beta=0.0 buffer=1.0 current_replicas=5 predicted_load=88.19151537037035 required_resources=5.297 target_replicas=6
2026-09-14 05:21:01 [info     ] algorithm2_decision            action=SCALE_UP applied_target=6 current_replicas=5 hold_until=0.0 observed_load=88.19 observed_target=6 point_forecasts=None prediction_age_sec=None predictive_target=6 proactive=False scenario=s3-hybrid-reactive target_replicas=6 upper_forecasts=None
2026-09-14 05:21:01 [info     ] k8s_scale_executed             deployment=test-app-warm replicas=6
2026-09-14 05:21:01 [debug    ] Decision loop completed        action=REACTIVE latency_ms=171.43 p99=199.94779116465864
2026-09-14 05:21:16 [info     ] controller_decision_v3         action=RECOVERY available_replicas=6 budget_remaining=999 burn_adjustment=0 burst_ratio=0.0512 capacity_deficit=False confidence=0 current_load=105.28546666666664 decision_id=679c59d5 k8s_capacity=99.9 k8s_weight=94 knative_weight=6 p99=457.4 predicted_load=0 r_effective=16.6 serverless_enabled=True total_load=105.3 weights_after={'k3s': 94, 'knative': 6} weights_before={'k3s': 88, 'knative': 12}
2026-09-14 05:21:17 [info     ] Weights updated                k3s=94 knative=6
2026-09-14 05:21:17 [info     ] Weights updated                action=RECOVERY reason='load=105RPS | k8s_cap=100RPS | (reducing-serverless)' weights={'k3s': 94, 'knative': 6}
2026-09-14 05:21:17 [info     ] Scale readiness observed       elapsed_sec=15.2 ewma_delay=60.0 samples=0 target=6
2026-09-14 05:21:17 [info     ] algorithm2_scaling_decision    action=MAINTAIN alpha=0.060060060060060066 beta=0.0 buffer=1.0 current_replicas=6 predicted_load=99.6630046296296 required_resources=5.986 target_replicas=6
2026-09-14 05:21:17 [info     ] algorithm2_decision            action=MAINTAIN applied_target=6 current_replicas=6 hold_until=0.0 observed_load=99.66 observed_target=6 point_forecasts=None prediction_age_sec=None predictive_target=6 proactive=False scenario=s3-hybrid-reactive target_replicas=6 upper_forecasts=None
2026-09-14 05:21:17 [debug    ] Decision loop completed        action=RECOVERY latency_ms=161.54 p99=457.3606557377047
2026-09-14 05:21:32 [info     ] controller_decision_v3         action=REACTIVE available_replicas=6 budget_remaining=998 burn_adjustment=0 burst_ratio=0.1124 capacity_deficit=False confidence=0 current_load=112.54900555555552 decision_id=d66b9e8a k8s_capacity=99.9 k8s_weight=88 knative_weight=12 p99=449.1 predicted_load=0 r_effective=16.6 serverless_enabled=True total_load=112.5 weights_after={'k3s': 88, 'knative': 12} weights_before={'k3s': 94, 'knative': 6}
2026-09-14 05:21:32 [info     ] Weights updated                k3s=88 knative=12
2026-09-14 05:21:32 [info     ] Weights updated                action=REACTIVE reason='load=113RPS | k8s_cap=100RPS | (burst-routing)' weights={'k3s': 88, 'knative': 12}
2026-09-14 05:21:32 [info     ] algorithm2_scaling_decision    action=SCALE_UP alpha=0.060060060060060066 beta=0.0 buffer=1.0 current_replicas=6 predicted_load=108.91723611111108 required_resources=6.542 target_replicas=7
2026-09-14 05:21:32 [info     ] algorithm2_decision            action=SCALE_UP applied_target=7 current_replicas=6 hold_until=0.0 observed_load=108.92 observed_target=7 point_forecasts=None prediction_age_sec=None predictive_target=7 proactive=False scenario=s3-hybrid-reactive target_replicas=7 upper_forecasts=None
2026-09-14 05:21:32 [info     ] k8s_scale_executed             deployment=test-app-warm replicas=7
2026-09-14 05:21:32 [debug    ] Decision loop completed        action=REACTIVE latency_ms=162.92 p99=449.12903225806474
2026-09-14 05:21:47 [info     ] controller_decision_v3         action=REACTIVE available_replicas=6 budget_remaining=997 burn_adjustment=0 burst_ratio=0.1343 capacity_deficit=False confidence=0 current_load=115.40033777777775 decision_id=cf2a85bf k8s_capacity=99.9 k8s_weight=86 knative_weight=14 p99=224.0 predicted_load=0 r_effective=16.6 serverless_enabled=True total_load=115.4 weights_after={'k3s': 86, 'knative': 14} weights_before={'k3s': 88, 'knative': 12}
2026-09-14 05:21:47 [info     ] Weights updated                k3s=86 knative=14
2026-09-14 05:21:47 [info     ] Weights updated                action=REACTIVE reason='load=115RPS | k8s_cap=100RPS | (burst-routing)' weights={'k3s': 86, 'knative': 14}
2026-09-14 05:21:47 [info     ] algorithm2_scaling_decision    action=MAINTAIN alpha=0.060060060060060066 beta=0.0 buffer=1.0 current_replicas=7 predicted_load=113.97467166666664 required_resources=6.845 target_replicas=7
2026-09-14 05:21:47 [info     ] algorithm2_decision            action=MAINTAIN applied_target=7 current_replicas=7 hold_until=0.0 observed_load=113.97 observed_target=7 point_forecasts=None prediction_age_sec=None predictive_target=7 proactive=False scenario=s3-hybrid-reactive target_replicas=7 upper_forecasts=None
2026-09-14 05:21:47 [debug    ] Decision loop completed        action=REACTIVE latency_ms=119.04 p99=223.99999999999758
2026-09-14 05:22:02 [info     ] controller_decision_v3         action=RECOVERY available_replicas=6 budget_remaining=997 burn_adjustment=0 burst_ratio=0.0184 capacity_deficit=False confidence=0 current_load=101.76917999999998 decision_id=e1bdee11 k8s_capacity=99.9 k8s_weight=98 knative_weight=2 p99=99.8 predicted_load=0 r_effective=16.6 serverless_enabled=True total_load=101.8 weights_after={'k3s': 98, 'knative': 2} weights_before={'k3s': 86, 'knative': 14}
2026-09-14 05:22:02 [info     ] Weights updated                k3s=98 knative=2
2026-09-14 05:22:02 [info     ] Weights updated                action=RECOVERY reason='load=102RPS | k8s_cap=100RPS | (reducing-serverless)' weights={'k3s': 98, 'knative': 2}
2026-09-14 05:22:02 [info     ] algorithm2_scaling_decision    action=MAINTAIN alpha=0.060060060060060066 beta=0.0 buffer=1.0 current_replicas=7 predicted_load=108.58475888888887 required_resources=6.522 target_replicas=7
2026-09-14 05:22:02 [info     ] algorithm2_decision            action=MAINTAIN applied_target=7 current_replicas=7 hold_until=0.0 observed_load=108.58 observed_target=7 point_forecasts=None prediction_age_sec=None predictive_target=7 proactive=False scenario=s3-hybrid-reactive target_replicas=7 upper_forecasts=None
2026-09-14 05:22:02 [debug    ] Decision loop completed        action=RECOVERY latency_ms=149.24 p99=99.80842279108177
2026-09-14 05:22:17 [info     ] controller_decision_v3         action=RECOVERY available_replicas=6 budget_remaining=997 burn_adjustment=0 burst_ratio=0 capacity_deficit=False confidence=0 current_load=89.06666666666666 decision_id=a1b5f780 k8s_capacity=99.9 k8s_weight=100 knative_weight=0 p99=99.7 predicted_load=0 r_effective=16.6 serverless_enabled=False total_load=89.1 weights_after={'k3s': 100, 'knative': 0} weights_before={'k3s': 98, 'knative': 2}
2026-09-14 05:22:17 [info     ] Weights updated                k3s=100 knative=0
2026-09-14 05:22:17 [info     ] Weights updated                action=RECOVERY reason='load=89RPS | k8s_cap=100RPS | (reducing-serverless)' weights={'k3s': 100, 'knative': 0}
2026-09-14 05:22:17 [info     ] algorithm2_scaling_decision    action=MAINTAIN alpha=0.060060060060060066 beta=0.0 buffer=1.0 current_replicas=7 predicted_load=95.41792333333332 required_resources=5.731 target_replicas=6
2026-09-14 05:22:17 [info     ] algorithm2_decision            action=MAINTAIN applied_target=6 current_replicas=7 hold_until=0.0 observed_load=95.42 observed_target=6 point_forecasts=None prediction_age_sec=None predictive_target=6 proactive=False scenario=s3-hybrid-reactive target_replicas=6 upper_forecasts=None
2026-09-14 05:22:17 [debug    ] Decision loop completed        action=RECOVERY latency_ms=148.09 p99=99.6689124157844
2026-09-14 05:22:32 [info     ] algorithm2_scaling_decision    action=SCALE_DOWN alpha=0.060060060060060066 beta=0.0 buffer=1.0 current_replicas=7 predicted_load=82.5222222222222 required_resources=4.956 target_replicas=5
2026-09-14 05:22:32 [info     ] algorithm2_decision            action=SCALE_DOWN applied_target=5 current_replicas=7 hold_until=0.0 observed_load=82.52 observed_target=5 point_forecasts=None prediction_age_sec=None predictive_target=5 proactive=False scenario=s3-hybrid-reactive target_replicas=5 upper_forecasts=None
2026-09-14 05:22:32 [info     ] k8s_scale_executed             deployment=test-app-warm replicas=5
2026-09-14 05:22:32 [debug    ] Decision loop completed        action=MAINTAIN latency_ms=149.89 p99=99.6236506378803
2026-09-14 05:22:47 [info     ] algorithm2_scaling_decision    action=MAINTAIN alpha=0.060060060060060066 beta=0.0 buffer=1.0 current_replicas=5 predicted_load=71.13191083333331 required_resources=4.272 target_replicas=5
2026-09-14 05:22:47 [info     ] algorithm2_decision            action=MAINTAIN applied_target=5 current_replicas=5 hold_until=0.0 observed_load=71.13 observed_target=5 point_forecasts=None prediction_age_sec=None predictive_target=5 proactive=False scenario=s3-hybrid-reactive target_replicas=5 upper_forecasts=None
2026-09-14 05:22:47 [debug    ] Decision loop completed        action=MAINTAIN latency_ms=110.82 p99=99.60000000000001
2026-09-14 05:23:03 [info     ] algorithm2_scaling_decision    action=MAINTAIN alpha=0.060060060060060066 beta=0.0 buffer=1.0 current_replicas=5 predicted_load=63.45262194444444 required_resources=3.811 target_replicas=4
2026-09-14 05:23:03 [info     ] algorithm2_decision            action=MAINTAIN applied_target=4 current_replicas=5 hold_until=0.0 observed_load=63.45 observed_target=4 point_forecasts=None prediction_age_sec=None predictive_target=4 proactive=False scenario=s3-hybrid-reactive target_replicas=4 upper_forecasts=None
2026-09-14 05:23:03 [debug    ] Decision loop completed        action=MAINTAIN latency_ms=105.79 p99=99.59949302915084
2026-09-14 05:23:18 [info     ] algorithm2_scaling_decision    action=MAINTAIN alpha=0.060060060060060066 beta=0.0 buffer=1.0 current_replicas=5 predicted_load=64.78737777777778 required_resources=3.891 target_replicas=4
2026-09-14 05:23:18 [info     ] algorithm2_decision            action=MAINTAIN applied_target=4 current_replicas=5 hold_until=0.0 observed_load=64.79 observed_target=4 point_forecasts=None prediction_age_sec=None predictive_target=4 proactive=False scenario=s3-hybrid-reactive target_replicas=4 upper_forecasts=None
2026-09-14 05:23:18 [debug    ] Decision loop completed        action=MAINTAIN latency_ms=110.5 p99=109.81249999999937
2026-09-14 05:23:33 [warning  ] Knative pre-warm non-200       status=404
2026-09-14 05:23:33 [info     ] controller_decision_v3         action=REACTIVE available_replicas=5 budget_remaining=997 burn_adjustment=0 burst_ratio=0.1519 capacity_deficit=False confidence=0 current_load=98.15555555555555 decision_id=4eb0aef7 k8s_capacity=83.2 k8s_weight=84 knative_weight=16 p99=164.9 predicted_load=0 r_effective=16.6 serverless_enabled=True total_load=98.2 weights_after={'k3s': 84, 'knative': 16} weights_before={'k3s': 100, 'knative': 0}
2026-09-14 05:23:33 [info     ] Weights updated                k3s=84 knative=16
2026-09-14 05:23:33 [info     ] Weights updated                action=REACTIVE reason='load=98RPS | k8s_cap=83RPS | (burst-routing)' weights={'k3s': 84, 'knative': 16}
2026-09-14 05:23:33 [info     ] algorithm2_scaling_decision    action=SCALE_UP alpha=0.060060060060060066 beta=0.0 buffer=1.0 current_replicas=5 predicted_load=83.55555555555554 required_resources=5.018 target_replicas=6
2026-09-14 05:23:33 [info     ] algorithm2_decision            action=SCALE_UP applied_target=6 current_replicas=5 hold_until=0.0 observed_load=83.56 observed_target=6 point_forecasts=None prediction_age_sec=None predictive_target=6 proactive=False scenario=s3-hybrid-reactive target_replicas=6 upper_forecasts=None
2026-09-14 05:23:33 [info     ] k8s_scale_executed             deployment=test-app-warm replicas=6
2026-09-14 05:23:33 [debug    ] Decision loop completed        action=REACTIVE latency_ms=161.9 p99=164.8852459016394
2026-09-14 05:23:48 [info     ] controller_decision_v3         action=RECOVERY available_replicas=6 budget_remaining=997 burn_adjustment=0 burst_ratio=0.1361 capacity_deficit=False confidence=0 current_load=115.64444444444439 decision_id=301ef62c k8s_capacity=99.9 k8s_weight=86 knative_weight=14 p99=126.3 predicted_load=0 r_effective=16.6 serverless_enabled=True total_load=115.6 weights_after={'k3s': 86, 'knative': 14} weights_before={'k3s': 84, 'knative': 16}
2026-09-14 05:23:48 [info     ] Weights updated                k3s=86 knative=14
2026-09-14 05:23:48 [info     ] Weights updated                action=RECOVERY reason='load=116RPS | k8s_cap=100RPS | (reducing-serverless)' weights={'k3s': 86, 'knative': 14}
2026-09-14 05:23:48 [info     ] Scale readiness observed       elapsed_sec=15.1 ewma_delay=60.0 samples=0 target=6
2026-09-14 05:23:48 [info     ] algorithm2_scaling_decision    action=SCALE_UP alpha=0.060060060060060066 beta=0.0 buffer=1.0 current_replicas=6 predicted_load=106.89999999999998 required_resources=6.42 target_replicas=7
2026-09-14 05:23:48 [info     ] algorithm2_decision            action=SCALE_UP applied_target=7 current_replicas=6 hold_until=0.0 observed_load=106.9 observed_target=7 point_forecasts=None prediction_age_sec=None predictive_target=7 proactive=False scenario=s3-hybrid-reactive target_replicas=7 upper_forecasts=None
2026-09-14 05:23:48 [info     ] k8s_scale_executed             deployment=test-app-warm replicas=7
2026-09-14 05:23:48 [debug    ] Decision loop completed        action=RECOVERY latency_ms=180.1 p99=126.34782608695633
2026-09-14 05:24:03 [info     ] controller_decision_v3         action=RECOVERY available_replicas=7 budget_remaining=997 burn_adjustment=0 burst_ratio=0 capacity_deficit=False confidence=0 current_load=113.2 decision_id=03ad71e6 k8s_capacity=116.5 k8s_weight=100 knative_weight=0 p99=99.6 predicted_load=0 r_effective=16.6 serverless_enabled=False total_load=113.2 weights_after={'k3s': 100, 'knative': 0} weights_before={'k3s': 86, 'knative': 14}
2026-09-14 05:24:03 [info     ] Weights updated                k3s=100 knative=0
2026-09-14 05:24:03 [info     ] Weights updated                action=RECOVERY reason='load=113RPS | k8s_cap=117RPS | (reducing-serverless)' weights={'k3s': 100, 'knative': 0}
2026-09-14 05:24:03 [info     ] Scale readiness observed       elapsed_sec=15.2 ewma_delay=60.0 samples=0 target=7
2026-09-14 05:24:03 [info     ] algorithm2_scaling_decision    action=MAINTAIN alpha=0.060060060060060066 beta=0.0 buffer=1.0 current_replicas=7 predicted_load=114.42222222222219 required_resources=6.872 target_replicas=7
2026-09-14 05:24:03 [info     ] algorithm2_decision            action=MAINTAIN applied_target=7 current_replicas=7 hold_until=0.0 observed_load=114.42 observed_target=7 point_forecasts=None prediction_age_sec=None predictive_target=7 proactive=False scenario=s3-hybrid-reactive target_replicas=7 upper_forecasts=None
2026-09-14 05:24:03 [debug    ] Decision loop completed        action=RECOVERY latency_ms=152.89 p99=99.59930981595093
2026-09-14 05:24:18 [info     ] algorithm2_scaling_decision    action=MAINTAIN alpha=0.060060060060060066 beta=0.0 buffer=1.0 current_replicas=7 predicted_load=96.24135444444443 required_resources=5.78 target_replicas=6
2026-09-14 05:24:18 [info     ] algorithm2_decision            action=MAINTAIN applied_target=6 current_replicas=7 hold_until=0.0 observed_load=96.24 observed_target=6 point_forecasts=None prediction_age_sec=None predictive_target=6 proactive=False scenario=s3-hybrid-reactive target_replicas=6 upper_forecasts=None
2026-09-14 05:24:18 [debug    ] Decision loop completed        action=MAINTAIN latency_ms=113.26 p99=99.58566629339306
2026-09-14 05:24:33 [info     ] algorithm2_scaling_decision    action=SCALE_DOWN alpha=0.060060060060060066 beta=0.0 buffer=1.0 current_replicas=7 predicted_load=78.32276888888885 required_resources=4.704 target_replicas=5
2026-09-14 05:24:33 [info     ] algorithm2_decision            action=SCALE_DOWN applied_target=5 current_replicas=7 hold_until=0.0 observed_load=78.32 observed_target=5 point_forecasts=None prediction_age_sec=None predictive_target=5 proactive=False scenario=s3-hybrid-reactive target_replicas=5 upper_forecasts=None
2026-09-14 05:24:33 [info     ] k8s_scale_executed             deployment=test-app-warm replicas=5
2026-09-14 05:24:33 [debug    ] Decision loop completed        action=MAINTAIN latency_ms=155.31 p99=99.8286093888397
2026-09-14 05:24:48 [warning  ] Knative pre-warm non-200       status=404
2026-09-14 05:24:48 [info     ] controller_decision_v3         action=REACTIVE available_replicas=5 budget_remaining=997 burn_adjustment=0 burst_ratio=0.07 capacity_deficit=False confidence=0 current_load=89.51480222222219 decision_id=eed1bd3a k8s_capacity=83.2 k8s_weight=93 knative_weight=7 p99=136.4 predicted_load=0 r_effective=16.6 serverless_enabled=True total_load=89.5 weights_after={'k3s': 93, 'knative': 7} weights_before={'k3s': 100, 'knative': 0}
2026-09-14 05:24:48 [info     ] Weights updated                k3s=93 knative=7
2026-09-14 05:24:48 [info     ] Weights updated                action=REACTIVE reason='load=90RPS | k8s_cap=83RPS | (burst-routing)' weights={'k3s': 93, 'knative': 7}
2026-09-14 05:24:49 [info     ] algorithm2_scaling_decision    action=SCALE_UP alpha=0.060060060060060066 beta=0.0 buffer=1.0 current_replicas=5 predicted_load=83.43881555555552 required_resources=5.011 target_replicas=6
2026-09-14 05:24:49 [info     ] algorithm2_decision            action=SCALE_UP applied_target=6 current_replicas=5 hold_until=0.0 observed_load=83.44 observed_target=6 point_forecasts=None prediction_age_sec=None predictive_target=6 proactive=False scenario=s3-hybrid-reactive target_replicas=6 upper_forecasts=None
2026-09-14 05:24:49 [info     ] k8s_scale_executed             deployment=test-app-warm replicas=6
2026-09-14 05:24:49 [debug    ] Decision loop completed        action=REACTIVE latency_ms=160.17 p99=136.41666666666603
2026-09-14 05:25:04 [info     ] controller_decision_v3         action=REACTIVE available_replicas=6 budget_remaining=997 burn_adjustment=0 burst_ratio=0.156 capacity_deficit=False confidence=0 current_load=118.36077555555555 decision_id=e6dd1f33 k8s_capacity=99.9 k8s_weight=84 knative_weight=16 p99=122.3 predicted_load=0 r_effective=16.6 serverless_enabled=True total_load=118.4 weights_after={'k3s': 84, 'knative': 16} weights_before={'k3s': 93, 'knative': 7}
2026-09-14 05:25:04 [info     ] Weights updated                k3s=84 knative=16
2026-09-14 05:25:04 [info     ] Weights updated                action=REACTIVE reason='load=118RPS | k8s_cap=100RPS | (burst-routing)' weights={'k3s': 84, 'knative': 16}
2026-09-14 05:25:04 [info     ] Scale readiness observed       elapsed_sec=15.1 ewma_delay=60.0 samples=0 target=6
2026-09-14 05:25:04 [info     ] algorithm2_scaling_decision    action=SCALE_UP alpha=0.060060060060060066 beta=0.0 buffer=1.0 current_replicas=6 predicted_load=103.93778888888886 required_resources=6.243 target_replicas=7
2026-09-14 05:25:04 [info     ] algorithm2_decision            action=SCALE_UP applied_target=7 current_replicas=6 hold_until=0.0 observed_load=103.94 observed_target=7 point_forecasts=None prediction_age_sec=None predictive_target=7 proactive=False scenario=s3-hybrid-reactive target_replicas=7 upper_forecasts=None
2026-09-14 05:25:04 [info     ] k8s_scale_executed             deployment=test-app-warm replicas=7
2026-09-14 05:25:04 [debug    ] Decision loop completed        action=REACTIVE latency_ms=166.25 p99=122.31034482758588
2026-09-14 05:25:19 [info     ] controller_decision_v3         action=RECOVERY available_replicas=7 budget_remaining=997 burn_adjustment=0 burst_ratio=0.1452 capacity_deficit=False confidence=0 current_load=136.3500222222222 decision_id=fcfeb910 k8s_capacity=116.5 k8s_weight=85 knative_weight=15 p99=147.6 predicted_load=0 r_effective=16.6 serverless_enabled=True total_load=136.4 weights_after={'k3s': 85, 'knative': 15} weights_before={'k3s': 84, 'knative': 16}
2026-09-14 05:25:19 [info     ] Weights updated                k3s=85 knative=15
2026-09-14 05:25:19 [info     ] Weights updated                action=RECOVERY reason='load=136RPS | k8s_cap=117RPS | (reducing-serverless)' weights={'k3s': 85, 'knative': 15}
2026-09-14 05:25:19 [info     ] Scale readiness observed       elapsed_sec=15.2 ewma_delay=60.0 samples=0 target=7
2026-09-14 05:25:19 [info     ] algorithm2_scaling_decision    action=SCALE_UP alpha=0.060060060060060066 beta=0.0 buffer=1.0 current_replicas=7 predicted_load=127.35539888888889 required_resources=7.649 target_replicas=8
2026-09-14 05:25:19 [info     ] algorithm2_decision            action=SCALE_UP applied_target=8 current_replicas=7 hold_until=0.0 observed_load=127.36 observed_target=8 point_forecasts=None prediction_age_sec=None predictive_target=8 proactive=False scenario=s3-hybrid-reactive target_replicas=8 upper_forecasts=None
2026-09-14 05:25:19 [info     ] k8s_scale_executed             deployment=test-app-warm replicas=8
2026-09-14 05:25:19 [debug    ] Decision loop completed        action=RECOVERY latency_ms=195.74 p99=147.5618852713177
2026-09-14 05:25:34 [info     ] Scale readiness observed       elapsed_sec=15.1 ewma_delay=60.0 samples=0 target=8
2026-09-14 05:25:34 [info     ] algorithm2_scaling_decision    action=SCALE_UP alpha=0.060060060060060066 beta=0.0 buffer=1.0 current_replicas=8 predicted_load=145.6988527777778 required_resources=8.751 target_replicas=9
2026-09-14 05:25:34 [info     ] algorithm2_decision            action=SCALE_UP applied_target=9 current_replicas=8 hold_until=0.0 observed_load=145.7 observed_target=9 point_forecasts=None prediction_age_sec=None predictive_target=9 proactive=False scenario=s3-hybrid-reactive target_replicas=9 upper_forecasts=None
2026-09-14 05:25:34 [info     ] k8s_scale_executed             deployment=test-app-warm replicas=9
2026-09-14 05:25:34 [debug    ] Decision loop completed        action=MAINTAIN latency_ms=152.95 p99=118.44827586206833
2026-09-14 05:25:49 [info     ] controller_decision_v3         action=RECOVERY available_replicas=9 budget_remaining=997 burn_adjustment=0 burst_ratio=0 capacity_deficit=False confidence=0 current_load=149.12705000000003 decision_id=10942f1d k8s_capacity=149.8 k8s_weight=100 knative_weight=0 p99=99.8 predicted_load=0 r_effective=16.6 serverless_enabled=False total_load=149.1 weights_after={'k3s': 100, 'knative': 0} weights_before={'k3s': 85, 'knative': 15}
2026-09-14 05:25:49 [info     ] Weights updated                k3s=100 knative=0
2026-09-14 05:25:49 [info     ] Weights updated                action=RECOVERY reason='load=149RPS | k8s_cap=150RPS | (reducing-serverless)' weights={'k3s': 100, 'knative': 0}
2026-09-14 05:25:49 [info     ] Scale readiness observed       elapsed_sec=15.1 ewma_delay=60.0 samples=0 target=9
2026-09-14 05:25:49 [info     ] algorithm2_scaling_decision    action=SCALE_UP alpha=0.060060060060060066 beta=0.0 buffer=1.0 current_replicas=9 predicted_load=152.0873666666667 required_resources=9.134 target_replicas=10
2026-09-14 05:25:49 [info     ] algorithm2_decision            action=SCALE_UP applied_target=10 current_replicas=9 hold_until=0.0 observed_load=152.09 observed_target=10 point_forecasts=None prediction_age_sec=None predictive_target=10 proactive=False scenario=s3-hybrid-reactive target_replicas=10 upper_forecasts=None
2026-09-14 05:25:49 [info     ] k8s_scale_executed             deployment=test-app-warm replicas=10
2026-09-14 05:25:49 [debug    ] Decision loop completed        action=RECOVERY latency_ms=188.95 p99=99.7699275362319
2026-09-14 05:26:04 [info     ] algorithm2_scaling_decision    action=MAINTAIN alpha=0.060060060060060066 beta=0.0 buffer=1.0 current_replicas=10 predicted_load=144.5156766666667 required_resources=8.68 target_replicas=9
2026-09-14 05:26:04 [info     ] algorithm2_decision            action=MAINTAIN applied_target=9 current_replicas=10 hold_until=0.0 observed_load=144.52 observed_target=9 point_forecasts=None prediction_age_sec=None predictive_target=9 proactive=False scenario=s3-hybrid-reactive target_replicas=9 upper_forecasts=None
2026-09-14 05:26:04 [debug    ] Decision loop completed        action=MAINTAIN latency_ms=116.05 p99=141.9738643277223
2026-09-14 05:26:19 [info     ] algorithm2_scaling_decision    action=MAINTAIN alpha=0.060060060060060066 beta=0.0 buffer=1.0 current_replicas=10 predicted_load=131.25291111111113 required_resources=7.883 target_replicas=8
2026-09-14 05:26:19 [info     ] algorithm2_decision            action=MAINTAIN applied_target=8 current_replicas=10 hold_until=0.0 observed_load=131.25 observed_target=8 point_forecasts=None prediction_age_sec=None predictive_target=8 proactive=False scenario=s3-hybrid-reactive target_replicas=8 upper_forecasts=None
2026-09-14 05:26:19 [debug    ] Decision loop completed        action=MAINTAIN latency_ms=116.26 p99=115.79999999999913
2026-09-14 05:26:35 [info     ] algorithm2_scaling_decision    action=MAINTAIN alpha=0.060060060060060066 beta=0.0 buffer=1.0 current_replicas=10 predicted_load=120.02972666666663 required_resources=7.209 target_replicas=8
2026-09-14 05:26:35 [info     ] algorithm2_decision            action=MAINTAIN applied_target=8 current_replicas=10 hold_until=0.0 observed_load=120.03 observed_target=8 point_forecasts=None prediction_age_sec=None predictive_target=8 proactive=False scenario=s3-hybrid-reactive target_replicas=8 upper_forecasts=None
2026-09-14 05:26:35 [debug    ] Decision loop completed        action=MAINTAIN latency_ms=112.5 p99=106.94444444444403
2026-09-14 05:26:50 [info     ] algorithm2_scaling_decision    action=MAINTAIN alpha=0.060060060060060066 beta=0.0 buffer=1.0 current_replicas=10 predicted_load=119.10890361111109 required_resources=7.154 target_replicas=8
2026-09-14 05:26:50 [info     ] algorithm2_decision            action=MAINTAIN applied_target=8 current_replicas=10 hold_until=0.0 observed_load=119.11 observed_target=8 point_forecasts=None prediction_age_sec=None predictive_target=8 proactive=False scenario=s3-hybrid-reactive target_replicas=8 upper_forecasts=None
2026-09-14 05:26:50 [debug    ] Decision loop completed        action=MAINTAIN latency_ms=110.94 p99=109.57142857142857
2026-09-14 05:27:05 [info     ] algorithm2_scaling_decision    action=MAINTAIN alpha=0.060060060060060066 beta=0.0 buffer=1.0 current_replicas=10 predicted_load=119.90763277777776 required_resources=7.202 target_replicas=8
2026-09-14 05:27:05 [info     ] algorithm2_decision            action=MAINTAIN applied_target=8 current_replicas=10 hold_until=0.0 observed_load=119.91 observed_target=8 point_forecasts=None prediction_age_sec=None predictive_target=8 proactive=False scenario=s3-hybrid-reactive target_replicas=8 upper_forecasts=None
2026-09-14 05:27:05 [debug    ] Decision loop completed        action=MAINTAIN latency_ms=119.46 p99=99.86987951807228
2026-09-14 05:27:20 [info     ] algorithm2_scaling_decision    action=SCALE_DOWN alpha=0.060060060060060066 beta=0.0 buffer=1.0 current_replicas=10 predicted_load=115.82769638888887 required_resources=6.957 target_replicas=7
2026-09-14 05:27:20 [info     ] algorithm2_decision            action=SCALE_DOWN applied_target=7 current_replicas=10 hold_until=0.0 observed_load=115.83 observed_target=7 point_forecasts=None prediction_age_sec=None predictive_target=7 proactive=False scenario=s3-hybrid-reactive target_replicas=7 upper_forecasts=None
2026-09-14 05:27:20 [info     ] k8s_scale_executed             deployment=test-app-warm replicas=7
2026-09-14 05:27:20 [debug    ] Decision loop completed        action=MAINTAIN latency_ms=149.32 p99=99.76788321167885
2026-09-14 05:27:35 [info     ] algorithm2_scaling_decision    action=MAINTAIN alpha=0.060060060060060066 beta=0.0 buffer=1.0 current_replicas=7 predicted_load=105.12776444444441 required_resources=6.314 target_replicas=7
2026-09-14 05:27:35 [info     ] algorithm2_decision            action=MAINTAIN applied_target=7 current_replicas=7 hold_until=0.0 observed_load=105.13 observed_target=7 point_forecasts=None prediction_age_sec=None predictive_target=7 proactive=False scenario=s3-hybrid-reactive target_replicas=7 upper_forecasts=None
2026-09-14 05:27:35 [debug    ] Decision loop completed        action=MAINTAIN latency_ms=115.19 p99=99.81822070145424
2026-09-14 05:27:50 [info     ] algorithm2_scaling_decision    action=MAINTAIN alpha=0.060060060060060066 beta=0.0 buffer=1.0 current_replicas=7 predicted_load=89.99625888888887 required_resources=5.405 target_replicas=6
2026-09-14 05:27:50 [info     ] algorithm2_decision            action=MAINTAIN applied_target=6 current_replicas=7 hold_until=0.0 observed_load=90.0 observed_target=6 point_forecasts=None prediction_age_sec=None predictive_target=6 proactive=False scenario=s3-hybrid-reactive target_replicas=6 upper_forecasts=None
2026-09-14 05:27:50 [debug    ] Decision loop completed        action=MAINTAIN latency_ms=111.82 p99=99.82706002034588
2026-09-14 05:28:05 [info     ] algorithm2_scaling_decision    action=SCALE_DOWN alpha=0.060060060060060066 beta=0.0 buffer=1.0 current_replicas=7 predicted_load=77.90182777777777 required_resources=4.679 target_replicas=5
2026-09-14 05:28:05 [info     ] algorithm2_decision            action=SCALE_DOWN applied_target=5 current_replicas=7 hold_until=0.0 observed_load=77.9 observed_target=5 point_forecasts=None prediction_age_sec=None predictive_target=5 proactive=False scenario=s3-hybrid-reactive target_replicas=5 upper_forecasts=None
2026-09-14 05:28:05 [debug    ] Decision loop completed        action=MAINTAIN latency_ms=111.79 p99=99.57525252525252
2026-09-14 05:28:20 [info     ] algorithm2_scaling_decision    action=SCALE_DOWN alpha=0.060060060060060066 beta=0.0 buffer=1.0 current_replicas=7 predicted_load=73.14444444444442 required_resources=4.393 target_replicas=5
2026-09-14 05:28:20 [info     ] algorithm2_decision            action=SCALE_DOWN applied_target=5 current_replicas=7 hold_until=0.0 observed_load=73.14 observed_target=5 point_forecasts=None prediction_age_sec=None predictive_target=5 proactive=False scenario=s3-hybrid-reactive target_replicas=5 upper_forecasts=None
2026-09-14 05:28:20 [debug    ] Decision loop completed        action=MAINTAIN latency_ms=109.43 p99=99.69500438212096
2026-09-14 05:28:36 [info     ] algorithm2_scaling_decision    action=SCALE_DOWN alpha=0.060060060060060066 beta=0.0 buffer=1.0 current_replicas=7 predicted_load=75.95555555555553 required_resources=4.562 target_replicas=5
2026-09-14 05:28:36 [info     ] algorithm2_decision            action=SCALE_DOWN applied_target=5 current_replicas=7 hold_until=0.0 observed_load=75.96 observed_target=5 point_forecasts=None prediction_age_sec=None predictive_target=5 proactive=False scenario=s3-hybrid-reactive target_replicas=5 upper_forecasts=None
2026-09-14 05:28:36 [debug    ] Decision loop completed        action=MAINTAIN latency_ms=111.03 p99=99.8726265822785
2026-09-14 05:28:51 [info     ] algorithm2_scaling_decision    action=SCALE_DOWN alpha=0.060060060060060066 beta=0.0 buffer=1.0 current_replicas=7 predicted_load=78.63333333333331 required_resources=4.723 target_replicas=5
2026-09-14 05:28:51 [info     ] algorithm2_decision            action=SCALE_DOWN applied_target=5 current_replicas=7 hold_until=0.0 observed_load=78.63 observed_target=5 point_forecasts=None prediction_age_sec=None predictive_target=5 proactive=False scenario=s3-hybrid-reactive target_replicas=5 upper_forecasts=None
2026-09-14 05:28:51 [debug    ] Decision loop completed        action=MAINTAIN latency_ms=114.21 p99=99.4731296101159
2026-09-14 05:29:06 [info     ] algorithm2_scaling_decision    action=SCALE_DOWN alpha=0.060060060060060066 beta=0.0 buffer=1.0 current_replicas=7 predicted_load=73.38888888888886 required_resources=4.408 target_replicas=5
2026-09-14 05:29:06 [info     ] algorithm2_decision            action=SCALE_DOWN applied_target=5 current_replicas=7 hold_until=0.0 observed_load=73.39 observed_target=5 point_forecasts=None prediction_age_sec=None predictive_target=5 proactive=False scenario=s3-hybrid-reactive target_replicas=5 upper_forecasts=None
2026-09-14 05:29:06 [debug    ] Decision loop completed        action=MAINTAIN latency_ms=108.58 p99=99.53496503496505
2026-09-14 05:29:21 [info     ] algorithm2_scaling_decision    action=SCALE_DOWN alpha=0.060060060060060066 beta=0.0 buffer=1.0 current_replicas=7 predicted_load=63.06666666666666 required_resources=3.788 target_replicas=4
2026-09-14 05:29:21 [info     ] algorithm2_decision            action=SCALE_DOWN applied_target=4 current_replicas=7 hold_until=0.0 observed_load=63.07 observed_target=4 point_forecasts=None prediction_age_sec=None predictive_target=4 proactive=False scenario=s3-hybrid-reactive target_replicas=4 upper_forecasts=None
2026-09-14 05:29:21 [info     ] k8s_scale_executed             deployment=test-app-warm replicas=4
2026-09-14 05:29:21 [debug    ] Decision loop completed        action=MAINTAIN latency_ms=172.67 p99=99.53229974160207
2026-09-14 05:29:36 [info     ] algorithm2_scaling_decision    action=MAINTAIN alpha=0.060060060060060066 beta=0.0 buffer=1.0 current_replicas=4 predicted_load=53.427244166666675 required_resources=3.209 target_replicas=4
2026-09-14 05:29:36 [info     ] algorithm2_decision            action=MAINTAIN applied_target=4 current_replicas=4 hold_until=0.0 observed_load=53.43 observed_target=4 point_forecasts=None prediction_age_sec=None predictive_target=4 proactive=False scenario=s3-hybrid-reactive target_replicas=4 upper_forecasts=None
2026-09-14 05:29:36 [debug    ] Decision loop completed        action=MAINTAIN latency_ms=104.28 p99=99.8327205882353
2026-09-14 05:29:51 [info     ] algorithm2_scaling_decision    action=MAINTAIN alpha=0.060060060060060066 beta=0.0 buffer=1.0 current_replicas=4 predicted_load=49.30167750000001 required_resources=2.961 target_replicas=3
2026-09-14 05:29:51 [info     ] algorithm2_decision            action=MAINTAIN applied_target=3 current_replicas=4 hold_until=0.0 observed_load=49.3 observed_target=3 point_forecasts=None prediction_age_sec=None predictive_target=3 proactive=False scenario=s3-hybrid-reactive target_replicas=3 upper_forecasts=None
2026-09-14 05:29:51 [debug    ] Decision loop completed        action=MAINTAIN latency_ms=110.34 p99=99.61824817518249
2026-09-14 05:30:06 [info     ] algorithm2_scaling_decision    action=MAINTAIN alpha=0.060060060060060066 beta=0.0 buffer=1.0 current_replicas=4 predicted_load=47.752211111111116 required_resources=2.868 target_replicas=3
2026-09-14 05:30:06 [info     ] algorithm2_decision            action=MAINTAIN applied_target=3 current_replicas=4 hold_until=0.0 observed_load=47.75 observed_target=3 point_forecasts=None prediction_age_sec=None predictive_target=3 proactive=False scenario=s3-hybrid-reactive target_replicas=3 upper_forecasts=None
2026-09-14 05:30:06 [debug    ] Decision loop completed        action=MAINTAIN latency_ms=147.29 p99=99.6773097826087
2026-09-14 05:30:21 [info     ] algorithm2_scaling_decision    action=MAINTAIN alpha=0.060060060060060066 beta=0.0 buffer=1.0 current_replicas=4 predicted_load=49.31111111111112 required_resources=2.962 target_replicas=3
2026-09-14 05:30:21 [info     ] algorithm2_decision            action=MAINTAIN applied_target=3 current_replicas=4 hold_until=0.0 observed_load=49.31 observed_target=3 point_forecasts=None prediction_age_sec=None predictive_target=3 proactive=False scenario=s3-hybrid-reactive target_replicas=3 upper_forecasts=None
2026-09-14 05:30:21 [debug    ] Decision loop completed        action=MAINTAIN latency_ms=106.31 p99=99.78048780487805
2026-09-14 05:30:37 [info     ] algorithm2_scaling_decision    action=MAINTAIN alpha=0.060060060060060066 beta=0.0 buffer=1.0 current_replicas=4 predicted_load=57.07777777777778 required_resources=3.428 target_replicas=4
2026-09-14 05:30:37 [info     ] algorithm2_decision            action=MAINTAIN applied_target=4 current_replicas=4 hold_until=0.0 observed_load=57.08 observed_target=4 point_forecasts=None prediction_age_sec=None predictive_target=4 proactive=False scenario=s3-hybrid-reactive target_replicas=4 upper_forecasts=None
2026-09-14 05:30:37 [debug    ] Decision loop completed        action=MAINTAIN latency_ms=111.56 p99=99.88898999090081
2026-09-14 05:30:52 [warning  ] Knative pre-warm non-200       status=404
2026-09-14 05:30:52 [info     ] controller_decision_v3         action=REACTIVE available_replicas=4 budget_remaining=997 burn_adjustment=0 burst_ratio=0.0338 capacity_deficit=False confidence=0 current_load=68.93333333333332 decision_id=a35d5201 k8s_capacity=66.6 k8s_weight=96 knative_weight=4 p99=115.5 predicted_load=0 r_effective=16.6 serverless_enabled=True total_load=68.9 weights_after={'k3s': 96, 'knative': 4} weights_before={'k3s': 100, 'knative': 0}
2026-09-14 05:30:52 [info     ] Weights updated                k3s=96 knative=4
2026-09-14 05:30:52 [info     ] Weights updated                action=REACTIVE reason='load=69RPS | k8s_cap=67RPS | (burst-routing)' weights={'k3s': 96, 'knative': 4}
2026-09-14 05:30:52 [info     ] algorithm2_scaling_decision    action=MAINTAIN alpha=0.060060060060060066 beta=0.0 buffer=1.0 current_replicas=4 predicted_load=65.34444444444443 required_resources=3.925 target_replicas=4
2026-09-14 05:30:52 [info     ] algorithm2_decision            action=MAINTAIN applied_target=4 current_replicas=4 hold_until=0.0 observed_load=65.34 observed_target=4 point_forecasts=None prediction_age_sec=None predictive_target=4 proactive=False scenario=s3-hybrid-reactive target_replicas=4 upper_forecasts=None
2026-09-14 05:30:52 [debug    ] Decision loop completed        action=REACTIVE latency_ms=114.46 p99=115.53846153846237
2026-09-14 05:31:07 [info     ] controller_decision_v3         action=REACTIVE available_replicas=4 budget_remaining=997 burn_adjustment=0 burst_ratio=0.1157 capacity_deficit=False confidence=0 current_load=75.3111111111111 decision_id=207f8f65 k8s_capacity=66.6 k8s_weight=88 knative_weight=12 p99=99.8 predicted_load=0 r_effective=16.6 serverless_enabled=True total_load=75.3 weights_after={'k3s': 88, 'knative': 12} weights_before={'k3s': 96, 'knative': 4}
2026-09-14 05:31:07 [info     ] Weights updated                k3s=88 knative=12
2026-09-14 05:31:07 [info     ] Weights updated                action=REACTIVE reason='load=75RPS | k8s_cap=67RPS | (burst-routing)' weights={'k3s': 88, 'knative': 12}
2026-09-14 05:31:07 [info     ] algorithm2_scaling_decision    action=SCALE_UP alpha=0.060060060060060066 beta=0.0 buffer=1.0 current_replicas=4 predicted_load=72.1222222222222 required_resources=4.332 target_replicas=5
2026-09-14 05:31:07 [info     ] algorithm2_decision            action=SCALE_UP applied_target=5 current_replicas=4 hold_until=0.0 observed_load=72.12 observed_target=5 point_forecasts=None prediction_age_sec=None predictive_target=5 proactive=False scenario=s3-hybrid-reactive target_replicas=5 upper_forecasts=None
2026-09-14 05:31:07 [info     ] k8s_scale_executed             deployment=test-app-warm replicas=5
2026-09-14 05:31:07 [debug    ] Decision loop completed        action=REACTIVE latency_ms=156.77 p99=99.79773755656109
2026-09-14 05:31:22 [info     ] controller_decision_v3         action=RECOVERY available_replicas=5 budget_remaining=997 burn_adjustment=0 burst_ratio=0 capacity_deficit=False confidence=0 current_load=75.0222222222222 decision_id=86db8f51 k8s_capacity=83.2 k8s_weight=100 knative_weight=0 p99=99.6 predicted_load=0 r_effective=16.6 serverless_enabled=False total_load=75.0 weights_after={'k3s': 100, 'knative': 0} weights_before={'k3s': 88, 'knative': 12}
2026-09-14 05:31:22 [info     ] Weights updated                k3s=100 knative=0
2026-09-14 05:31:22 [info     ] Weights updated                action=RECOVERY reason='load=75RPS | k8s_cap=83RPS | (reducing-serverless)' weights={'k3s': 100, 'knative': 0}
2026-09-14 05:31:22 [info     ] Scale readiness observed       elapsed_sec=15.1 ewma_delay=60.0 samples=0 target=5
2026-09-14 05:31:22 [info     ] algorithm2_scaling_decision    action=MAINTAIN alpha=0.060060060060060066 beta=0.0 buffer=1.0 current_replicas=5 predicted_load=75.16666666666666 required_resources=4.515 target_replicas=5
2026-09-14 05:31:22 [info     ] algorithm2_decision            action=MAINTAIN applied_target=5 current_replicas=5 hold_until=0.0 observed_load=75.17 observed_target=5 point_forecasts=None prediction_age_sec=None predictive_target=5 proactive=False scenario=s3-hybrid-reactive target_replicas=5 upper_forecasts=None
2026-09-14 05:31:22 [debug    ] Decision loop completed        action=RECOVERY latency_ms=145.27 p99=99.61915673693858
2026-09-14 05:31:37 [info     ] algorithm2_scaling_decision    action=MAINTAIN alpha=0.060060060060060066 beta=0.0 buffer=1.0 current_replicas=5 predicted_load=77.7222222222222 required_resources=4.668 target_replicas=5
2026-09-14 05:31:37 [info     ] algorithm2_decision            action=MAINTAIN applied_target=5 current_replicas=5 hold_until=0.0 observed_load=77.72 observed_target=5 point_forecasts=None prediction_age_sec=None predictive_target=5 proactive=False scenario=s3-hybrid-reactive target_replicas=5 upper_forecasts=None
2026-09-14 05:31:37 [debug    ] Decision loop completed        action=MAINTAIN latency_ms=102.47 p99=99.94551777434313
2026-09-14 05:31:52 [warning  ] Knative pre-warm non-200       status=404
2026-09-14 05:31:52 [info     ] controller_decision_v3         action=REACTIVE available_replicas=5 budget_remaining=997 burn_adjustment=0 burst_ratio=0.0721 capacity_deficit=False confidence=0 current_load=89.71698666666664 decision_id=ec1a72e0 k8s_capacity=83.2 k8s_weight=92 knative_weight=8 p99=156.7 predicted_load=0 r_effective=16.6 serverless_enabled=True total_load=89.7 weights_after={'k3s': 92, 'knative': 8} weights_before={'k3s': 100, 'knative': 0}
2026-09-14 05:31:52 [info     ] Weights updated                k3s=92 knative=8
2026-09-14 05:31:52 [info     ] Weights updated                action=REACTIVE reason='load=90RPS | k8s_cap=83RPS | (burst-routing)' weights={'k3s': 92, 'knative': 8}
2026-09-14 05:31:52 [info     ] algorithm2_scaling_decision    action=SCALE_UP alpha=0.060060060060060066 beta=0.0 buffer=1.0 current_replicas=5 predicted_load=85.06960444444442 required_resources=5.109 target_replicas=6
2026-09-14 05:31:52 [info     ] algorithm2_decision            action=SCALE_UP applied_target=6 current_replicas=5 hold_until=0.0 observed_load=85.07 observed_target=6 point_forecasts=None prediction_age_sec=None predictive_target=6 proactive=False scenario=s3-hybrid-reactive target_replicas=6 upper_forecasts=None
2026-09-14 05:31:52 [info     ] k8s_scale_executed             deployment=test-app-warm replicas=6
2026-09-14 05:31:52 [debug    ] Decision loop completed        action=REACTIVE latency_ms=151.07 p99=156.69444444444463
2026-09-14 05:32:07 [info     ] controller_decision_v3         action=RECOVERY available_replicas=6 budget_remaining=997 burn_adjustment=0 burst_ratio=0.002 capacity_deficit=False confidence=0 current_load=100.09889999999997 decision_id=a0675b57 k8s_capacity=99.9 k8s_weight=99 knative_weight=1 p99=142.9 predicted_load=0 r_effective=16.6 serverless_enabled=True total_load=100.1 weights_after={'k3s': 99, 'knative': 1} weights_before={'k3s': 92, 'knative': 8}
2026-09-14 05:32:07 [info     ] Weights updated                k3s=99 knative=1
2026-09-14 05:32:07 [info     ] Weights updated                action=RECOVERY reason='load=100RPS | k8s_cap=100RPS | (reducing-serverless)' weights={'k3s': 99, 'knative': 1}
2026-09-14 05:32:07 [info     ] Scale readiness observed       elapsed_sec=15.1 ewma_delay=60.0 samples=0 target=6
2026-09-14 05:32:07 [info     ] algorithm2_scaling_decision    action=MAINTAIN alpha=0.060060060060060066 beta=0.0 buffer=1.0 current_replicas=6 predicted_load=94.90794333333331 required_resources=5.7 target_replicas=6
2026-09-14 05:32:07 [info     ] algorithm2_decision            action=MAINTAIN applied_target=6 current_replicas=6 hold_until=0.0 observed_load=94.91 observed_target=6 point_forecasts=None prediction_age_sec=None predictive_target=6 proactive=False scenario=s3-hybrid-reactive target_replicas=6 upper_forecasts=None
2026-09-14 05:32:07 [debug    ] Decision loop completed        action=RECOVERY latency_ms=148.12 p99=142.8571428571433
2026-09-14 05:32:22 [info     ] controller_decision_v3         action=REACTIVE available_replicas=6 budget_remaining=997 burn_adjustment=0 burst_ratio=0.016 capacity_deficit=False confidence=0 current_load=101.52429999999995 decision_id=789df0e1 k8s_capacity=99.9 k8s_weight=98 knative_weight=2 p99=99.8 predicted_load=0 r_effective=16.6 serverless_enabled=True total_load=101.5 weights_after={'k3s': 98, 'knative': 2} weights_before={'k3s': 99, 'knative': 1}
2026-09-14 05:32:22 [info     ] Weights updated                k3s=98 knative=2
2026-09-14 05:32:22 [info     ] Weights updated                action=REACTIVE reason='load=102RPS | k8s_cap=100RPS | (burst-routing)' weights={'k3s': 98, 'knative': 2}
2026-09-14 05:32:22 [info     ] algorithm2_scaling_decision    action=SCALE_UP alpha=0.060060060060060066 beta=0.0 buffer=1.0 current_replicas=6 predicted_load=100.81159999999997 required_resources=6.055 target_replicas=7
2026-09-14 05:32:22 [info     ] algorithm2_decision            action=SCALE_UP applied_target=7 current_replicas=6 hold_until=0.0 observed_load=100.81 observed_target=7 point_forecasts=None prediction_age_sec=None predictive_target=7 proactive=False scenario=s3-hybrid-reactive target_replicas=7 upper_forecasts=None
2026-09-14 05:32:22 [info     ] k8s_scale_executed             deployment=test-app-warm replicas=7
2026-09-14 05:32:22 [debug    ] Decision loop completed        action=REACTIVE latency_ms=157.64 p99=99.81248977580685
2026-09-14 05:32:38 [info     ] controller_decision_v3         action=RECOVERY available_replicas=7 budget_remaining=997 burn_adjustment=0 burst_ratio=0 capacity_deficit=False confidence=0 current_load=91.60932666666663 decision_id=3819e327 k8s_capacity=116.5 k8s_weight=100 knative_weight=0 p99=99.8 predicted_load=0 r_effective=16.6 serverless_enabled=False total_load=91.6 weights_after={'k3s': 100, 'knative': 0} weights_before={'k3s': 98, 'knative': 2}
2026-09-14 05:32:38 [info     ] Weights updated                k3s=100 knative=0
2026-09-14 05:32:38 [info     ] Weights updated                action=RECOVERY reason='load=92RPS | k8s_cap=117RPS | (reducing-serverless)' weights={'k3s': 100, 'knative': 0}
2026-09-14 05:32:38 [info     ] Scale readiness observed       elapsed_sec=15.2 ewma_delay=60.0 samples=0 target=7
2026-09-14 05:32:38 [info     ] algorithm2_scaling_decision    action=MAINTAIN alpha=0.060060060060060066 beta=0.0 buffer=1.0 current_replicas=7 predicted_load=96.5668133333333 required_resources=5.8 target_replicas=6
2026-09-14 05:32:38 [info     ] algorithm2_decision            action=MAINTAIN applied_target=6 current_replicas=7 hold_until=0.0 observed_load=96.57 observed_target=6 point_forecasts=None prediction_age_sec=None predictive_target=6 proactive=False scenario=s3-hybrid-reactive target_replicas=6 upper_forecasts=None
2026-09-14 05:32:38 [debug    ] Decision loop completed        action=RECOVERY latency_ms=154.56 p99=99.75845864661656
2026-09-14 05:32:53 [info     ] algorithm2_scaling_decision    action=MAINTAIN alpha=0.060060060060060066 beta=0.0 buffer=1.0 current_replicas=7 predicted_load=83.61768277777776 required_resources=5.022 target_replicas=6
2026-09-14 05:32:53 [info     ] algorithm2_decision            action=MAINTAIN applied_target=6 current_replicas=7 hold_until=0.0 observed_load=83.62 observed_target=6 point_forecasts=None prediction_age_sec=None predictive_target=6 proactive=False scenario=s3-hybrid-reactive target_replicas=6 upper_forecasts=None
2026-09-14 05:32:53 [debug    ] Decision loop completed        action=MAINTAIN latency_ms=113.37 p99=99.71033653846153
2026-09-14 05:33:08 [info     ] algorithm2_scaling_decision    action=SCALE_DOWN alpha=0.060060060060060066 beta=0.0 buffer=1.0 current_replicas=7 predicted_load=67.22928333333333 required_resources=4.038 target_replicas=5
2026-09-14 05:33:08 [info     ] algorithm2_decision            action=SCALE_DOWN applied_target=5 current_replicas=7 hold_until=0.0 observed_load=67.23 observed_target=5 point_forecasts=None prediction_age_sec=None predictive_target=5 proactive=False scenario=s3-hybrid-reactive target_replicas=5 upper_forecasts=None
2026-09-14 05:33:08 [info     ] k8s_scale_executed             deployment=test-app-warm replicas=5
2026-09-14 05:33:08 [debug    ] Decision loop completed        action=MAINTAIN latency_ms=150.04 p99=99.7087542087542
2026-09-14 05:33:23 [info     ] algorithm2_scaling_decision    action=MAINTAIN alpha=0.060060060060060066 beta=0.0 buffer=1.0 current_replicas=5 predicted_load=54.617078611111125 required_resources=3.28 target_replicas=4
2026-09-14 05:33:23 [info     ] algorithm2_decision            action=MAINTAIN applied_target=4 current_replicas=5 hold_until=0.0 observed_load=54.62 observed_target=4 point_forecasts=None prediction_age_sec=None predictive_target=4 proactive=False scenario=s3-hybrid-reactive target_replicas=4 upper_forecasts=None
2026-09-14 05:33:23 [debug    ] Decision loop completed        action=MAINTAIN latency_ms=108.78 p99=99.54483282674772
2026-09-14 05:33:38 [info     ] algorithm2_scaling_decision    action=SCALE_DOWN alpha=0.060060060060060066 beta=0.0 buffer=1.0 current_replicas=5 predicted_load=48.1019463888889 required_resources=2.889 target_replicas=3
2026-09-14 05:33:38 [info     ] algorithm2_decision            action=SCALE_DOWN applied_target=3 current_replicas=5 hold_until=0.0 observed_load=48.1 observed_target=3 point_forecasts=None prediction_age_sec=None predictive_target=3 proactive=False scenario=s3-hybrid-reactive target_replicas=3 upper_forecasts=None
2026-09-14 05:33:38 [debug    ] Decision loop completed        action=MAINTAIN latency_ms=119.61 p99=99.54420731707317
2026-09-14 05:33:53 [info     ] algorithm2_scaling_decision    action=SCALE_DOWN alpha=0.060060060060060066 beta=0.0 buffer=1.0 current_replicas=5 predicted_load=48.36779833333334 required_resources=2.905 target_replicas=3
2026-09-14 05:33:53 [info     ] algorithm2_decision            action=SCALE_DOWN applied_target=3 current_replicas=5 hold_until=0.0 observed_load=48.37 observed_target=3 point_forecasts=None prediction_age_sec=None predictive_target=3 proactive=False scenario=s3-hybrid-reactive target_replicas=3 upper_forecasts=None
2026-09-14 05:33:53 [debug    ] Decision loop completed        action=MAINTAIN latency_ms=106.98 p99=99.88488783943329
2026-09-14 05:34:08 [info     ] algorithm2_scaling_decision    action=MAINTAIN alpha=0.060060060060060066 beta=0.0 buffer=1.0 current_replicas=5 predicted_load=52.2 required_resources=3.135 target_replicas=4
2026-09-14 05:34:08 [info     ] algorithm2_decision            action=MAINTAIN applied_target=4 current_replicas=5 hold_until=0.0 observed_load=52.2 observed_target=4 point_forecasts=None prediction_age_sec=None predictive_target=4 proactive=False scenario=s3-hybrid-reactive target_replicas=4 upper_forecasts=None
2026-09-14 05:34:08 [debug    ] Decision loop completed        action=MAINTAIN latency_ms=106.44 p99=99.73146944083224
2026-09-14 05:34:23 [info     ] algorithm2_scaling_decision    action=MAINTAIN alpha=0.060060060060060066 beta=0.0 buffer=1.0 current_replicas=5 predicted_load=52.55555555555556 required_resources=3.156 target_replicas=4
2026-09-14 05:34:23 [info     ] algorithm2_decision            action=MAINTAIN applied_target=4 current_replicas=5 hold_until=0.0 observed_load=52.56 observed_target=4 point_forecasts=None prediction_age_sec=None predictive_target=4 proactive=False scenario=s3-hybrid-reactive target_replicas=4 upper_forecasts=None
2026-09-14 05:34:23 [debug    ] Decision loop completed        action=MAINTAIN latency_ms=110.29 p99=99.6369982547993
2026-09-14 05:34:39 [info     ] algorithm2_scaling_decision    action=SCALE_DOWN alpha=0.060060060060060066 beta=0.0 buffer=1.0 current_replicas=5 predicted_load=47.488888888888894 required_resources=2.852 target_replicas=3
2026-09-14 05:34:39 [info     ] algorithm2_decision            action=SCALE_DOWN applied_target=3 current_replicas=5 hold_until=0.0 observed_load=47.49 observed_target=3 point_forecasts=None prediction_age_sec=None predictive_target=3 proactive=False scenario=s3-hybrid-reactive target_replicas=3 upper_forecasts=None
2026-09-14 05:34:39 [debug    ] Decision loop completed        action=MAINTAIN latency_ms=117.08 p99=99.45729166666666
2026-09-14 05:34:54 [info     ] algorithm2_scaling_decision    action=SCALE_DOWN alpha=0.060060060060060066 beta=0.0 buffer=1.0 current_replicas=5 predicted_load=40.70000000000002 required_resources=2.444 target_replicas=3
2026-09-14 05:34:54 [info     ] algorithm2_decision            action=SCALE_DOWN applied_target=3 current_replicas=5 hold_until=0.0 observed_load=40.7 observed_target=3 point_forecasts=None prediction_age_sec=None predictive_target=3 proactive=False scenario=s3-hybrid-reactive target_replicas=3 upper_forecasts=None
2026-09-14 05:34:54 [debug    ] Decision loop completed        action=MAINTAIN latency_ms=120.58 p99=99.64859813084112
2026-09-14 05:35:09 [info     ] algorithm2_scaling_decision    action=SCALE_DOWN alpha=0.060060060060060066 beta=0.0 buffer=1.0 current_replicas=5 predicted_load=38.20000000000001 required_resources=2.294 target_replicas=3
2026-09-14 05:35:09 [info     ] algorithm2_decision            action=SCALE_DOWN applied_target=3 current_replicas=5 hold_until=0.0 observed_load=38.2 observed_target=3 point_forecasts=None prediction_age_sec=None predictive_target=3 proactive=False scenario=s3-hybrid-reactive target_replicas=3 upper_forecasts=None
2026-09-14 05:35:09 [info     ] k8s_scale_executed             deployment=test-app-warm replicas=3
2026-09-14 05:35:09 [debug    ] Decision loop completed        action=MAINTAIN latency_ms=158.18 p99=99.54924874791318
2026-09-14 05:35:24 [info     ] algorithm2_scaling_decision    action=MAINTAIN alpha=0.060060060060060066 beta=0.0 buffer=1.0 current_replicas=3 predicted_load=37.73556694444445 required_resources=2.266 target_replicas=3
2026-09-14 05:35:24 [info     ] algorithm2_decision            action=MAINTAIN applied_target=3 current_replicas=3 hold_until=0.0 observed_load=37.74 observed_target=3 point_forecasts=None prediction_age_sec=None predictive_target=3 proactive=False scenario=s3-hybrid-reactive target_replicas=3 upper_forecasts=None
2026-09-14 05:35:24 [debug    ] Decision loop completed        action=MAINTAIN latency_ms=168.64 p99=99.44754098360656
2026-09-14 05:35:39 [info     ] algorithm2_scaling_decision    action=MAINTAIN alpha=0.060060060060060066 beta=0.0 buffer=1.0 current_replicas=3 predicted_load=38.39040861111112 required_resources=2.306 target_replicas=3
2026-09-14 05:35:39 [info     ] algorithm2_decision            action=MAINTAIN applied_target=3 current_replicas=3 hold_until=0.0 observed_load=38.39 observed_target=3 point_forecasts=None prediction_age_sec=None predictive_target=3 proactive=False scenario=s3-hybrid-reactive target_replicas=3 upper_forecasts=None
2026-09-14 05:35:39 [debug    ] Decision loop completed        action=MAINTAIN latency_ms=114.58 p99=99.47737226277373
2026-09-14 05:35:54 [info     ] algorithm2_scaling_decision    action=MAINTAIN alpha=0.060060060060060066 beta=0.0 buffer=1.0 current_replicas=3 predicted_load=38.988175000000005 required_resources=2.342 target_replicas=3
2026-09-14 05:35:54 [info     ] algorithm2_decision            action=MAINTAIN applied_target=3 current_replicas=3 hold_until=0.0 observed_load=38.99 observed_target=3 point_forecasts=None prediction_age_sec=None predictive_target=3 proactive=False scenario=s3-hybrid-reactive target_replicas=3 upper_forecasts=None
2026-09-14 05:35:54 [debug    ] Decision loop completed        action=MAINTAIN latency_ms=104.38 p99=99.55172413793103
2026-09-14 05:36:09 [info     ] algorithm2_scaling_decision    action=MAINTAIN alpha=0.060060060060060066 beta=0.0 buffer=1.0 current_replicas=3 predicted_load=37.12222222222222 required_resources=2.23 target_replicas=3
2026-09-14 05:36:09 [info     ] algorithm2_decision            action=MAINTAIN applied_target=3 current_replicas=3 hold_until=0.0 observed_load=37.12 observed_target=3 point_forecasts=None prediction_age_sec=None predictive_target=3 proactive=False scenario=s3-hybrid-reactive target_replicas=3 upper_forecasts=None
2026-09-14 05:36:09 [debug    ] Decision loop completed        action=MAINTAIN latency_ms=98.0 p99=99.42131979695432
2026-09-14 05:36:24 [info     ] algorithm2_scaling_decision    action=MAINTAIN alpha=0.060060060060060066 beta=0.0 buffer=1.0 current_replicas=3 predicted_load=28.311111111111106 required_resources=1.7 target_replicas=3
2026-09-14 05:36:24 [info     ] algorithm2_decision            action=MAINTAIN applied_target=3 current_replicas=3 hold_until=0.0 observed_load=28.31 observed_target=3 point_forecasts=None prediction_age_sec=None predictive_target=3 proactive=False scenario=s3-hybrid-reactive target_replicas=3 upper_forecasts=None
2026-09-14 05:36:24 [debug    ] Decision loop completed        action=MAINTAIN latency_ms=99.19 p99=0.9900000000000002
2026-09-14 05:36:40 [info     ] algorithm2_scaling_decision    action=MAINTAIN alpha=0.060060060060060066 beta=0.0 buffer=1.0 current_replicas=3 predicted_load=13.577777777777772 required_resources=0.815 target_replicas=3
2026-09-14 05:36:40 [info     ] algorithm2_decision            action=MAINTAIN applied_target=3 current_replicas=3 hold_until=0.0 observed_load=13.58 observed_target=3 point_forecasts=None prediction_age_sec=None predictive_target=3 proactive=False scenario=s3-hybrid-reactive target_replicas=3 upper_forecasts=None
2026-09-14 05:36:40 [debug    ] Decision loop completed        action=MAINTAIN latency_ms=101.88 p99=0.99
2026-09-14 05:36:47 [info     ] Received shutdown signal
2026-09-14 05:36:47 [info     ] Stopping routing daemon...
2026-09-14 05:36:47 [info     ] Routing daemon stopped
