2026-09-13 03:11:29 [info     ] SLOMonitor initialized         threshold_ms=200.0 violation_window=30
2026-09-13 03:11:29 [info     ] Algorithm1Controller initialized cooldown=15 weight_step=10
2026-09-13 03:11:29 [info     ] controller_selected            kind=Algorithm1Controller scenario=s2-serverless-only version=v3
2026-09-13 03:11:29 [info     ] HAProxyWeightAdjuster initialized backend=servers host=localhost port=19999
2026-09-13 03:11:29 [info     ] GRUClient initialized          base_url=http://localhost:8090
2026-09-13 03:11:29 [info     ] K8sScaler initialized          deployment=test-app-warm namespace=default
2026-09-13 03:11:29 [info     ] RoutingDaemon initialized      decision_interval=15 description='Static routing to serverless only' scenario=s2-serverless-only use_algorithm=False use_predictions=False
2026-09-13 03:11:29 [info     ] Starting routing daemon        interval=15 scenario=s2-serverless-only
2026-09-13 03:11:29 [info     ] Weights updated                k3s=0 knative=100
2026-09-13 03:11:29 [info     ] Initial weights applied        k3s=0 knative=100
2026-09-13 03:11:29 [error    ] HPA conflict detected — Algorithm 2 manual scaling may conflict with HPA deployment=test-app-warm hpa_name=test-app-warm
2026-09-13 03:11:29 [error    ] HPA detected — Algorithm 2 scaling may conflict with HPA
2026-09-13 03:11:30 [debug    ] Static scenario - no decision needed scenario=s2-serverless-only weights={'k3s': 0, 'knative': 100}
2026-09-13 03:11:45 [debug    ] Static scenario - no decision needed scenario=s2-serverless-only weights={'k3s': 0, 'knative': 100}
2026-09-13 03:12:00 [debug    ] Static scenario - no decision needed scenario=s2-serverless-only weights={'k3s': 0, 'knative': 100}
2026-09-13 03:12:15 [debug    ] Static scenario - no decision needed scenario=s2-serverless-only weights={'k3s': 0, 'knative': 100}
2026-09-13 03:12:30 [debug    ] Static scenario - no decision needed scenario=s2-serverless-only weights={'k3s': 0, 'knative': 100}
2026-09-13 03:12:45 [debug    ] Static scenario - no decision needed scenario=s2-serverless-only weights={'k3s': 0, 'knative': 100}
2026-09-13 03:13:00 [debug    ] Static scenario - no decision needed scenario=s2-serverless-only weights={'k3s': 0, 'knative': 100}
2026-09-13 03:13:15 [debug    ] Static scenario - no decision needed scenario=s2-serverless-only weights={'k3s': 0, 'knative': 100}
2026-09-13 03:13:30 [debug    ] Static scenario - no decision needed scenario=s2-serverless-only weights={'k3s': 0, 'knative': 100}
2026-09-13 03:13:45 [debug    ] Static scenario - no decision needed scenario=s2-serverless-only weights={'k3s': 0, 'knative': 100}
2026-09-13 03:14:00 [debug    ] Static scenario - no decision needed scenario=s2-serverless-only weights={'k3s': 0, 'knative': 100}
2026-09-13 03:14:15 [debug    ] Static scenario - no decision needed scenario=s2-serverless-only weights={'k3s': 0, 'knative': 100}
2026-09-13 03:14:30 [debug    ] Static scenario - no decision needed scenario=s2-serverless-only weights={'k3s': 0, 'knative': 100}
2026-09-13 03:14:45 [debug    ] Static scenario - no decision needed scenario=s2-serverless-only weights={'k3s': 0, 'knative': 100}
2026-09-13 03:15:00 [debug    ] Static scenario - no decision needed scenario=s2-serverless-only weights={'k3s': 0, 'knative': 100}
2026-09-13 03:15:15 [debug    ] Static scenario - no decision needed scenario=s2-serverless-only weights={'k3s': 0, 'knative': 100}
2026-09-13 03:15:30 [debug    ] Static scenario - no decision needed scenario=s2-serverless-only weights={'k3s': 0, 'knative': 100}
2026-09-13 03:15:45 [debug    ] Static scenario - no decision needed scenario=s2-serverless-only weights={'k3s': 0, 'knative': 100}
2026-09-13 03:16:00 [debug    ] Static scenario - no decision needed scenario=s2-serverless-only weights={'k3s': 0, 'knative': 100}
2026-09-13 03:16:15 [debug    ] Static scenario - no decision needed scenario=s2-serverless-only weights={'k3s': 0, 'knative': 100}
2026-09-13 03:16:30 [debug    ] Static scenario - no decision needed scenario=s2-serverless-only weights={'k3s': 0, 'knative': 100}
2026-09-13 03:16:45 [debug    ] Static scenario - no decision needed scenario=s2-serverless-only weights={'k3s': 0, 'knative': 100}
2026-09-13 03:17:00 [debug    ] Static scenario - no decision needed scenario=s2-serverless-only weights={'k3s': 0, 'knative': 100}
2026-09-13 03:17:15 [debug    ] Static scenario - no decision needed scenario=s2-serverless-only weights={'k3s': 0, 'knative': 100}
2026-09-13 03:17:30 [debug    ] Static scenario - no decision needed scenario=s2-serverless-only weights={'k3s': 0, 'knative': 100}
2026-09-13 03:17:45 [debug    ] Static scenario - no decision needed scenario=s2-serverless-only weights={'k3s': 0, 'knative': 100}
2026-09-13 03:18:01 [debug    ] Static scenario - no decision needed scenario=s2-serverless-only weights={'k3s': 0, 'knative': 100}
2026-09-13 03:18:16 [debug    ] Static scenario - no decision needed scenario=s2-serverless-only weights={'k3s': 0, 'knative': 100}
2026-09-13 03:18:31 [debug    ] Static scenario - no decision needed scenario=s2-serverless-only weights={'k3s': 0, 'knative': 100}
2026-09-13 03:18:46 [debug    ] Static scenario - no decision needed scenario=s2-serverless-only weights={'k3s': 0, 'knative': 100}
2026-09-13 03:19:01 [debug    ] Static scenario - no decision needed scenario=s2-serverless-only weights={'k3s': 0, 'knative': 100}
2026-09-13 03:19:16 [debug    ] Static scenario - no decision needed scenario=s2-serverless-only weights={'k3s': 0, 'knative': 100}
2026-09-13 03:19:31 [debug    ] Static scenario - no decision needed scenario=s2-serverless-only weights={'k3s': 0, 'knative': 100}
2026-09-13 03:19:46 [debug    ] Static scenario - no decision needed scenario=s2-serverless-only weights={'k3s': 0, 'knative': 100}
2026-09-13 03:20:01 [debug    ] Static scenario - no decision needed scenario=s2-serverless-only weights={'k3s': 0, 'knative': 100}
2026-09-13 03:20:16 [debug    ] Static scenario - no decision needed scenario=s2-serverless-only weights={'k3s': 0, 'knative': 100}
2026-09-13 03:20:31 [debug    ] Static scenario - no decision needed scenario=s2-serverless-only weights={'k3s': 0, 'knative': 100}
2026-09-13 03:20:46 [debug    ] Static scenario - no decision needed scenario=s2-serverless-only weights={'k3s': 0, 'knative': 100}
2026-09-13 03:21:01 [debug    ] Static scenario - no decision needed scenario=s2-serverless-only weights={'k3s': 0, 'knative': 100}
2026-09-13 03:21:16 [debug    ] Static scenario - no decision needed scenario=s2-serverless-only weights={'k3s': 0, 'knative': 100}
2026-09-13 03:21:31 [debug    ] Static scenario - no decision needed scenario=s2-serverless-only weights={'k3s': 0, 'knative': 100}
2026-09-13 03:21:46 [debug    ] Static scenario - no decision needed scenario=s2-serverless-only weights={'k3s': 0, 'knative': 100}
2026-09-13 03:22:01 [debug    ] Static scenario - no decision needed scenario=s2-serverless-only weights={'k3s': 0, 'knative': 100}
2026-09-13 03:22:16 [debug    ] Static scenario - no decision needed scenario=s2-serverless-only weights={'k3s': 0, 'knative': 100}
2026-09-13 03:22:31 [debug    ] Static scenario - no decision needed scenario=s2-serverless-only weights={'k3s': 0, 'knative': 100}
2026-09-13 03:22:46 [debug    ] Static scenario - no decision needed scenario=s2-serverless-only weights={'k3s': 0, 'knative': 100}
2026-09-13 03:23:01 [debug    ] Static scenario - no decision needed scenario=s2-serverless-only weights={'k3s': 0, 'knative': 100}
2026-09-13 03:23:16 [debug    ] Static scenario - no decision needed scenario=s2-serverless-only weights={'k3s': 0, 'knative': 100}
2026-09-13 03:23:31 [debug    ] Static scenario - no decision needed scenario=s2-serverless-only weights={'k3s': 0, 'knative': 100}
2026-09-13 03:23:46 [debug    ] Static scenario - no decision needed scenario=s2-serverless-only weights={'k3s': 0, 'knative': 100}
2026-09-13 03:24:01 [debug    ] Static scenario - no decision needed scenario=s2-serverless-only weights={'k3s': 0, 'knative': 100}
2026-09-13 03:24:16 [debug    ] Static scenario - no decision needed scenario=s2-serverless-only weights={'k3s': 0, 'knative': 100}
2026-09-13 03:24:32 [debug    ] Static scenario - no decision needed scenario=s2-serverless-only weights={'k3s': 0, 'knative': 100}
2026-09-13 03:24:47 [debug    ] Static scenario - no decision needed scenario=s2-serverless-only weights={'k3s': 0, 'knative': 100}
2026-09-13 03:25:02 [debug    ] Static scenario - no decision needed scenario=s2-serverless-only weights={'k3s': 0, 'knative': 100}
2026-09-13 03:25:17 [debug    ] Static scenario - no decision needed scenario=s2-serverless-only weights={'k3s': 0, 'knative': 100}
2026-09-13 03:25:32 [debug    ] Static scenario - no decision needed scenario=s2-serverless-only weights={'k3s': 0, 'knative': 100}
2026-09-13 03:25:47 [debug    ] Static scenario - no decision needed scenario=s2-serverless-only weights={'k3s': 0, 'knative': 100}
2026-09-13 03:26:02 [debug    ] Static scenario - no decision needed scenario=s2-serverless-only weights={'k3s': 0, 'knative': 100}
2026-09-13 03:26:17 [debug    ] Static scenario - no decision needed scenario=s2-serverless-only weights={'k3s': 0, 'knative': 100}
2026-09-13 03:26:32 [debug    ] Static scenario - no decision needed scenario=s2-serverless-only weights={'k3s': 0, 'knative': 100}
2026-09-13 03:26:47 [debug    ] Static scenario - no decision needed scenario=s2-serverless-only weights={'k3s': 0, 'knative': 100}
2026-09-13 03:27:02 [debug    ] Static scenario - no decision needed scenario=s2-serverless-only weights={'k3s': 0, 'knative': 100}
2026-09-13 03:27:17 [debug    ] Static scenario - no decision needed scenario=s2-serverless-only weights={'k3s': 0, 'knative': 100}
2026-09-13 03:27:32 [debug    ] Static scenario - no decision needed scenario=s2-serverless-only weights={'k3s': 0, 'knative': 100}
2026-09-13 03:27:47 [debug    ] Static scenario - no decision needed scenario=s2-serverless-only weights={'k3s': 0, 'knative': 100}
2026-09-13 03:28:02 [debug    ] Static scenario - no decision needed scenario=s2-serverless-only weights={'k3s': 0, 'knative': 100}
2026-09-13 03:28:17 [debug    ] Static scenario - no decision needed scenario=s2-serverless-only weights={'k3s': 0, 'knative': 100}
2026-09-13 03:28:32 [debug    ] Static scenario - no decision needed scenario=s2-serverless-only weights={'k3s': 0, 'knative': 100}
2026-09-13 03:28:47 [debug    ] Static scenario - no decision needed scenario=s2-serverless-only weights={'k3s': 0, 'knative': 100}
2026-09-13 03:29:02 [debug    ] Static scenario - no decision needed scenario=s2-serverless-only weights={'k3s': 0, 'knative': 100}
2026-09-13 03:29:17 [debug    ] Static scenario - no decision needed scenario=s2-serverless-only weights={'k3s': 0, 'knative': 100}
2026-09-13 03:29:32 [debug    ] Static scenario - no decision needed scenario=s2-serverless-only weights={'k3s': 0, 'knative': 100}
2026-09-13 03:29:47 [debug    ] Static scenario - no decision needed scenario=s2-serverless-only weights={'k3s': 0, 'knative': 100}
2026-09-13 03:30:02 [debug    ] Static scenario - no decision needed scenario=s2-serverless-only weights={'k3s': 0, 'knative': 100}
2026-09-13 03:30:17 [debug    ] Static scenario - no decision needed scenario=s2-serverless-only weights={'k3s': 0, 'knative': 100}
2026-09-13 03:30:32 [debug    ] Static scenario - no decision needed scenario=s2-serverless-only weights={'k3s': 0, 'knative': 100}
2026-09-13 03:30:47 [debug    ] Static scenario - no decision needed scenario=s2-serverless-only weights={'k3s': 0, 'knative': 100}
2026-09-13 03:31:02 [debug    ] Static scenario - no decision needed scenario=s2-serverless-only weights={'k3s': 0, 'knative': 100}
2026-09-13 03:31:18 [debug    ] Static scenario - no decision needed scenario=s2-serverless-only weights={'k3s': 0, 'knative': 100}
2026-09-13 03:31:33 [debug    ] Static scenario - no decision needed scenario=s2-serverless-only weights={'k3s': 0, 'knative': 100}
2026-09-13 03:31:48 [debug    ] Static scenario - no decision needed scenario=s2-serverless-only weights={'k3s': 0, 'knative': 100}
2026-09-13 03:32:03 [debug    ] Static scenario - no decision needed scenario=s2-serverless-only weights={'k3s': 0, 'knative': 100}
2026-09-13 03:32:18 [debug    ] Static scenario - no decision needed scenario=s2-serverless-only weights={'k3s': 0, 'knative': 100}
2026-09-13 03:32:33 [debug    ] Static scenario - no decision needed scenario=s2-serverless-only weights={'k3s': 0, 'knative': 100}
2026-09-13 03:32:48 [debug    ] Static scenario - no decision needed scenario=s2-serverless-only weights={'k3s': 0, 'knative': 100}
2026-09-13 03:33:01 [info     ] Received shutdown signal
2026-09-13 03:33:01 [info     ] Stopping routing daemon...
2026-09-13 03:33:01 [info     ] Routing daemon stopped
