<frozen runpy>:128: RuntimeWarning: 'daemon.routing_daemon' found in sys.modules after import of package 'daemon', but prior to execution of 'daemon.routing_daemon'; this may result in unpredictable behaviour
2026-02-11 11:15:46 [info     ] SLOMonitor initialized         threshold_ms=200.0 violation_window=30
2026-02-11 11:15:46 [info     ] Algorithm1Controller initialized cooldown=10 weight_step=10
2026-02-11 11:15:46 [info     ] HAProxyWeightAdjuster initialized backend=servers socket_path=/tmp/haproxy.sock tcp_socket=localhost:19999 tcp_socket_available=True unix_socket_available=False
2026-02-11 11:15:46 [info     ] GRUClient initialized          base_url=http://localhost:8090
2026-02-11 11:15:46 [info     ] RoutingDaemon initialized      decision_interval=10 description='Algorithm 1 with GRU predictions (Algorithm 2)' scenario=s4-hybrid-predictive use_algorithm=True use_predictions=True
2026-02-11 11:15:46 [info     ] Starting routing daemon        interval=10 scenario=s4-hybrid-predictive
2026-02-11 11:15:46 [debug    ] HAProxy TCP command sent       command='show stat' response_length=2568
2026-02-11 11:15:46 [debug    ] Current weights retrieved via socket weights={'k3s': 50, 'knative': 0}
2026-02-11 11:15:46 [debug    ] HAProxy TCP command sent       command='show stat' response_length=2568
2026-02-11 11:15:46 [debug    ] HAProxy TCP command sent       command='set server servers/k3s weight 80' response_length=0
2026-02-11 11:15:46 [debug    ] HAProxy TCP command sent       command='show stat' response_length=2568
2026-02-11 11:15:46 [debug    ] HAProxy TCP command sent       command='set server servers/knative weight 20' response_length=0
2026-02-11 11:15:46 [debug    ] Weight commands sent via socket successfully k3s=80 knative=20
2026-02-11 11:15:47 [debug    ] HAProxy TCP command sent       command='show stat' response_length=2570
2026-02-11 11:15:47 [debug    ] Current weights retrieved via socket weights={'k3s': 80, 'knative': 20}
2026-02-11 11:15:47 [info     ] Weights updated successfully via HTTP new={'k3s': 80, 'knative': 20} previous={'k3s': 50, 'knative': 0}
2026-02-11 11:15:47 [info     ] Initial weights applied        k3s=80 knative=20
2026-02-11 11:15:47 [debug    ] HAProxy latency                avg=0 max=0 p99_est=0
2026-02-11 11:15:47 [info     ] Algorithm 1: OPTIMIZE_COST     new_weights={'k3s': 100, 'knative': 0} p99=9.9 serverless_enabled=False
2026-02-11 11:15:47 [debug    ] HAProxy TCP command sent       command='show stat' response_length=2579
2026-02-11 11:15:47 [debug    ] Current weights retrieved via socket weights={'k3s': 80, 'knative': 20}
2026-02-11 11:15:47 [debug    ] HAProxy TCP command sent       command='show stat' response_length=2579
2026-02-11 11:15:47 [debug    ] HAProxy TCP command sent       command='set server servers/k3s weight 100' response_length=0
2026-02-11 11:15:47 [debug    ] HAProxy TCP command sent       command='show stat' response_length=2583
2026-02-11 11:15:47 [debug    ] HAProxy TCP command sent       command='set server servers/knative weight 0' response_length=0
2026-02-11 11:15:47 [debug    ] Weight commands sent via socket successfully k3s=100 knative=0
2026-02-11 11:15:47 [debug    ] HAProxy TCP command sent       command='show stat' response_length=2629
2026-02-11 11:15:47 [debug    ] Current weights retrieved via socket weights={'k3s': 100, 'knative': 0}
2026-02-11 11:15:47 [info     ] Weights updated successfully via HTTP new={'k3s': 100, 'knative': 0} previous={'k3s': 80, 'knative': 20}
2026-02-11 11:15:47 [info     ] Weights updated                action=OPTIMIZE_COST reason='Healthy state (10ms < 140ms), optimizing cost' weights={'k3s': 100, 'knative': 0}
2026-02-11 11:15:47 [debug    ] Decision loop completed        action=OPTIMIZE_COST latency_ms=516.46 p99=9.9
2026-02-11 11:15:57 [debug    ] HAProxy latency                avg=2459 max=5990 p99_est=4918
2026-02-11 11:15:57 [debug    ] Decision loop completed        action=MAINTAIN latency_ms=3.87 p99=4918.0
2026-02-11 11:16:07 [debug    ] HAProxy latency                avg=3421 max=5990 p99_est=5990
2026-02-11 11:16:07 [debug    ] Decision loop completed        action=MAINTAIN latency_ms=5.69 p99=5990.0
2026-02-11 11:16:17 [debug    ] HAProxy latency                avg=3780 max=5990 p99_est=5990
2026-02-11 11:16:17 [debug    ] Decision loop completed        action=MAINTAIN latency_ms=7.13 p99=5990.0
2026-02-11 11:16:27 [debug    ] HAProxy latency                avg=2375 max=6388 p99_est=4750
2026-02-11 11:16:28 [warning  ] GRU prediction failed          attempts=3 error='HTTP 500: {"detail":"Prediction failed: X has 30 features, but LinearRegression is expecting 14 features as in'
2026-02-11 11:16:28 [debug    ] GRU prediction failed          error='HTTP 500: {"detail":"Prediction failed: X has 30 features, but LinearRegression is expecting 14 features as in'
2026-02-11 11:16:28 [info     ] Algorithm 1: Enabling serverless backend for SCALE_OUT
2026-02-11 11:16:28 [info     ] Pre-warming Knative service    host=test-app.default.localhost url=http://localhost:8081
2026-02-11 11:16:28 [warning  ] Knative pre-warm returned non-200 cold_start_ms=1.5845298767089844 status=404
2026-02-11 11:16:28 [info     ] Algorithm 1: SCALE_OUT         new_weights={'k3s': 90, 'knative': 10} p99=4750.0 serverless_enabled=True violation_sec=30
2026-02-11 11:16:28 [debug    ] HAProxy TCP command sent       command='show stat' response_length=2711
2026-02-11 11:16:28 [debug    ] Current weights retrieved via socket weights={'k3s': 100, 'knative': 0}
2026-02-11 11:16:28 [debug    ] HAProxy TCP command sent       command='show stat' response_length=2711
2026-02-11 11:16:28 [debug    ] HAProxy TCP command sent       command='set server servers/k3s weight 90' response_length=0
2026-02-11 11:16:28 [debug    ] HAProxy TCP command sent       command='show stat' response_length=2707
2026-02-11 11:16:28 [debug    ] HAProxy TCP command sent       command='set server servers/knative weight 10' response_length=0
2026-02-11 11:16:28 [debug    ] Weight commands sent via socket successfully k3s=90 knative=10
2026-02-11 11:16:28 [debug    ] HAProxy TCP command sent       command='show stat' response_length=2709
2026-02-11 11:16:28 [debug    ] Current weights retrieved via socket weights={'k3s': 90, 'knative': 10}
2026-02-11 11:16:28 [info     ] Weights updated successfully via HTTP new={'k3s': 90, 'knative': 10} previous={'k3s': 100, 'knative': 0}
2026-02-11 11:16:28 [info     ] Weights updated                action=SCALE_OUT reason='SLO violation (4750ms > 200ms) for 30s' weights={'k3s': 90, 'knative': 10}
2026-02-11 11:16:28 [debug    ] Decision loop completed        action=SCALE_OUT latency_ms=816.15 p99=4750.0
2026-02-11 11:16:38 [debug    ] HAProxy latency                avg=2807 max=13500 p99_est=5614
2026-02-11 11:16:39 [warning  ] GRU prediction failed          attempts=3 error='HTTP 500: {"detail":"Prediction failed: X has 30 features, but LinearRegression is expecting 14 features as in'
2026-02-11 11:16:39 [debug    ] GRU prediction failed          error='HTTP 500: {"detail":"Prediction failed: X has 30 features, but LinearRegression is expecting 14 features as in'
2026-02-11 11:16:39 [info     ] Algorithm 1: SCALE_OUT         new_weights={'k3s': 80, 'knative': 20} p99=5614.0 serverless_enabled=True violation_sec=41
2026-02-11 11:16:39 [debug    ] HAProxy TCP command sent       command='show stat' response_length=2729
2026-02-11 11:16:39 [debug    ] Current weights retrieved via socket weights={'k3s': 90, 'knative': 10}
2026-02-11 11:16:39 [debug    ] HAProxy TCP command sent       command='show stat' response_length=2729
2026-02-11 11:16:39 [debug    ] HAProxy TCP command sent       command='set server servers/k3s weight 80' response_length=0
2026-02-11 11:16:39 [debug    ] HAProxy TCP command sent       command='show stat' response_length=2729
2026-02-11 11:16:39 [debug    ] HAProxy TCP command sent       command='set server servers/knative weight 20' response_length=0
2026-02-11 11:16:39 [debug    ] Weight commands sent via socket successfully k3s=80 knative=20
2026-02-11 11:16:39 [debug    ] HAProxy TCP command sent       command='show stat' response_length=2730
2026-02-11 11:16:39 [debug    ] Current weights retrieved via socket weights={'k3s': 80, 'knative': 20}
2026-02-11 11:16:39 [info     ] Weights updated successfully via HTTP new={'k3s': 80, 'knative': 20} previous={'k3s': 90, 'knative': 10}
2026-02-11 11:16:39 [info     ] Weights updated                action=SCALE_OUT reason='SLO violation (5614ms > 200ms) for 41s' weights={'k3s': 80, 'knative': 20}
2026-02-11 11:16:39 [debug    ] Decision loop completed        action=SCALE_OUT latency_ms=815.66 p99=5614.0
2026-02-11 11:16:49 [debug    ] HAProxy latency                avg=3064 max=20132 p99_est=6128
2026-02-11 11:16:49 [warning  ] GRU prediction failed          attempts=3 error='HTTP 500: {"detail":"Prediction failed: X has 30 features, but LinearRegression is expecting 14 features as in'
2026-02-11 11:16:49 [debug    ] GRU prediction failed          error='HTTP 500: {"detail":"Prediction failed: X has 30 features, but LinearRegression is expecting 14 features as in'
2026-02-11 11:16:49 [info     ] Algorithm 1: SCALE_OUT         new_weights={'k3s': 70, 'knative': 30} p99=6128.0 serverless_enabled=True violation_sec=52
2026-02-11 11:16:49 [debug    ] HAProxy TCP command sent       command='show stat' response_length=2753
2026-02-11 11:16:49 [debug    ] Current weights retrieved via socket weights={'k3s': 80, 'knative': 20}
2026-02-11 11:16:49 [debug    ] HAProxy TCP command sent       command='show stat' response_length=2753
2026-02-11 11:16:49 [debug    ] HAProxy TCP command sent       command='set server servers/k3s weight 70' response_length=0
2026-02-11 11:16:49 [debug    ] HAProxy TCP command sent       command='show stat' response_length=2753
2026-02-11 11:16:49 [debug    ] HAProxy TCP command sent       command='set server servers/knative weight 30' response_length=0
2026-02-11 11:16:49 [debug    ] Weight commands sent via socket successfully k3s=70 knative=30
2026-02-11 11:16:50 [debug    ] HAProxy TCP command sent       command='show stat' response_length=2753
2026-02-11 11:16:50 [debug    ] Current weights retrieved via socket weights={'k3s': 70, 'knative': 30}
2026-02-11 11:16:50 [info     ] Weights updated successfully via HTTP new={'k3s': 70, 'knative': 30} previous={'k3s': 80, 'knative': 20}
2026-02-11 11:16:50 [info     ] Weights updated                action=SCALE_OUT reason='SLO violation (6128ms > 200ms) for 52s' weights={'k3s': 70, 'knative': 30}
2026-02-11 11:16:50 [debug    ] Decision loop completed        action=SCALE_OUT latency_ms=816.83 p99=6128.0
2026-02-11 11:17:00 [debug    ] HAProxy latency                avg=7349 max=25054 p99_est=14698
2026-02-11 11:17:00 [warning  ] GRU prediction failed          attempts=3 error='HTTP 500: {"detail":"Prediction failed: X has 30 features, but LinearRegression is expecting 14 features as in'
2026-02-11 11:17:00 [debug    ] GRU prediction failed          error='HTTP 500: {"detail":"Prediction failed: X has 30 features, but LinearRegression is expecting 14 features as in'
2026-02-11 11:17:00 [info     ] Algorithm 1: SCALE_OUT         new_weights={'k3s': 60, 'knative': 40} p99=14698.0 serverless_enabled=True violation_sec=63
2026-02-11 11:17:00 [debug    ] HAProxy TCP command sent       command='show stat' response_length=2769
2026-02-11 11:17:00 [debug    ] Current weights retrieved via socket weights={'k3s': 70, 'knative': 30}
2026-02-11 11:17:00 [debug    ] HAProxy TCP command sent       command='show stat' response_length=2769
2026-02-11 11:17:00 [debug    ] HAProxy TCP command sent       command='set server servers/k3s weight 60' response_length=0
2026-02-11 11:17:00 [debug    ] HAProxy TCP command sent       command='show stat' response_length=2769
2026-02-11 11:17:00 [debug    ] HAProxy TCP command sent       command='set server servers/knative weight 40' response_length=0
2026-02-11 11:17:00 [debug    ] Weight commands sent via socket successfully k3s=60 knative=40
2026-02-11 11:17:01 [debug    ] HAProxy TCP command sent       command='show stat' response_length=2769
2026-02-11 11:17:01 [debug    ] Current weights retrieved via socket weights={'k3s': 60, 'knative': 40}
2026-02-11 11:17:01 [info     ] Weights updated successfully via HTTP new={'k3s': 60, 'knative': 40} previous={'k3s': 70, 'knative': 30}
2026-02-11 11:17:01 [info     ] Weights updated                action=SCALE_OUT reason='SLO violation (14698ms > 200ms) for 63s' weights={'k3s': 60, 'knative': 40}
2026-02-11 11:17:01 [debug    ] Decision loop completed        action=SCALE_OUT latency_ms=814.3 p99=14698.0
2026-02-11 11:17:11 [debug    ] HAProxy latency                avg=17370 max=29906 p99_est=29906
2026-02-11 11:17:11 [warning  ] GRU prediction failed          attempts=3 error='HTTP 500: {"detail":"Prediction failed: X has 30 features, but LinearRegression is expecting 14 features as in'
2026-02-11 11:17:11 [debug    ] GRU prediction failed          error='HTTP 500: {"detail":"Prediction failed: X has 30 features, but LinearRegression is expecting 14 features as in'
2026-02-11 11:17:11 [info     ] Algorithm 1: SCALE_OUT         new_weights={'k3s': 50, 'knative': 50} p99=29906.0 serverless_enabled=True violation_sec=74
2026-02-11 11:17:11 [debug    ] HAProxy TCP command sent       command='show stat' response_length=2779
2026-02-11 11:17:11 [debug    ] Current weights retrieved via socket weights={'k3s': 60, 'knative': 40}
2026-02-11 11:17:11 [debug    ] HAProxy TCP command sent       command='show stat' response_length=2779
2026-02-11 11:17:11 [debug    ] HAProxy TCP command sent       command='set server servers/k3s weight 50' response_length=0
2026-02-11 11:17:11 [debug    ] HAProxy TCP command sent       command='show stat' response_length=2779
2026-02-11 11:17:11 [debug    ] HAProxy TCP command sent       command='set server servers/knative weight 50' response_length=0
2026-02-11 11:17:11 [debug    ] Weight commands sent via socket successfully k3s=50 knative=50
2026-02-11 11:17:11 [debug    ] HAProxy TCP command sent       command='show stat' response_length=2779
2026-02-11 11:17:11 [debug    ] Current weights retrieved via socket weights={'k3s': 50, 'knative': 50}
2026-02-11 11:17:11 [info     ] Weights updated successfully via HTTP new={'k3s': 50, 'knative': 50} previous={'k3s': 60, 'knative': 40}
2026-02-11 11:17:11 [info     ] Weights updated                action=SCALE_OUT reason='SLO violation (29906ms > 200ms) for 74s' weights={'k3s': 50, 'knative': 50}
2026-02-11 11:17:11 [debug    ] Decision loop completed        action=SCALE_OUT latency_ms=816.22 p99=29906.0
2026-02-11 11:17:21 [debug    ] HAProxy latency                avg=20373 max=32731 p99_est=32731
2026-02-11 11:17:22 [warning  ] GRU prediction failed          attempts=3 error='HTTP 500: {"detail":"Prediction failed: X has 30 features, but LinearRegression is expecting 14 features as in'
2026-02-11 11:17:22 [debug    ] GRU prediction failed          error='HTTP 500: {"detail":"Prediction failed: X has 30 features, but LinearRegression is expecting 14 features as in'
2026-02-11 11:17:22 [info     ] Algorithm 1: SCALE_OUT         new_weights={'k3s': 50, 'knative': 50} p99=32731.0 serverless_enabled=True violation_sec=84
2026-02-11 11:17:22 [debug    ] Decision loop completed        action=SCALE_OUT latency_ms=312.32 p99=32731.0
2026-02-11 11:17:32 [debug    ] HAProxy latency                avg=7435 max=32731 p99_est=14870
2026-02-11 11:17:32 [warning  ] GRU prediction failed          attempts=3 error='HTTP 500: {"detail":"Prediction failed: X has 30 features, but LinearRegression is expecting 14 features as in'
2026-02-11 11:17:32 [debug    ] GRU prediction failed          error='HTTP 500: {"detail":"Prediction failed: X has 30 features, but LinearRegression is expecting 14 features as in'
2026-02-11 11:17:32 [info     ] Algorithm 1: SCALE_OUT         new_weights={'k3s': 50, 'knative': 50} p99=14870.0 serverless_enabled=True violation_sec=95
2026-02-11 11:17:32 [debug    ] Decision loop completed        action=SCALE_OUT latency_ms=313.98 p99=14870.0
2026-02-11 11:17:42 [debug    ] HAProxy latency                avg=4853 max=32731 p99_est=9706
2026-02-11 11:17:42 [warning  ] GRU prediction failed          attempts=3 error='HTTP 500: {"detail":"Prediction failed: X has 30 features, but LinearRegression is expecting 14 features as in'
2026-02-11 11:17:42 [debug    ] GRU prediction failed          error='HTTP 500: {"detail":"Prediction failed: X has 30 features, but LinearRegression is expecting 14 features as in'
2026-02-11 11:17:42 [info     ] Algorithm 1: SCALE_OUT         new_weights={'k3s': 50, 'knative': 50} p99=9706.0 serverless_enabled=True violation_sec=105
2026-02-11 11:17:42 [debug    ] Decision loop completed        action=SCALE_OUT latency_ms=312.34 p99=9706.0
2026-02-11 11:17:52 [debug    ] HAProxy latency                avg=6739 max=32731 p99_est=13478
2026-02-11 11:17:53 [warning  ] GRU prediction failed          attempts=3 error='HTTP 500: {"detail":"Prediction failed: X has 30 features, but LinearRegression is expecting 14 features as in'
2026-02-11 11:17:53 [debug    ] GRU prediction failed          error='HTTP 500: {"detail":"Prediction failed: X has 30 features, but LinearRegression is expecting 14 features as in'
2026-02-11 11:17:53 [info     ] Algorithm 1: SCALE_OUT         new_weights={'k3s': 50, 'knative': 50} p99=13478.0 serverless_enabled=True violation_sec=115
2026-02-11 11:17:53 [debug    ] Decision loop completed        action=SCALE_OUT latency_ms=314.15 p99=13478.0
2026-02-11 11:18:03 [debug    ] HAProxy latency                avg=12059 max=32731 p99_est=24118
2026-02-11 11:18:03 [warning  ] GRU prediction failed          attempts=3 error='HTTP 500: {"detail":"Prediction failed: X has 30 features, but LinearRegression is expecting 14 features as in'
2026-02-11 11:18:03 [debug    ] GRU prediction failed          error='HTTP 500: {"detail":"Prediction failed: X has 30 features, but LinearRegression is expecting 14 features as in'
2026-02-11 11:18:03 [info     ] Algorithm 1: SCALE_OUT         new_weights={'k3s': 50, 'knative': 50} p99=24118.0 serverless_enabled=True violation_sec=126
2026-02-11 11:18:03 [debug    ] Decision loop completed        action=SCALE_OUT latency_ms=312.85 p99=24118.0
2026-02-11 11:18:13 [debug    ] HAProxy latency                avg=5701 max=32731 p99_est=11402
2026-02-11 11:18:13 [warning  ] GRU prediction failed          attempts=3 error='HTTP 500: {"detail":"Prediction failed: X has 30 features, but LinearRegression is expecting 14 features as in'
2026-02-11 11:18:13 [debug    ] GRU prediction failed          error='HTTP 500: {"detail":"Prediction failed: X has 30 features, but LinearRegression is expecting 14 features as in'
2026-02-11 11:18:13 [info     ] Algorithm 1: SCALE_OUT         new_weights={'k3s': 50, 'knative': 50} p99=11402.0 serverless_enabled=True violation_sec=136
2026-02-11 11:18:13 [debug    ] Decision loop completed        action=SCALE_OUT latency_ms=311.05 p99=11402.0
2026-02-11 11:18:23 [debug    ] HAProxy TCP command sent       command='show stat' response_length=2801
2026-02-11 11:18:23 [debug    ] HAProxy latency                avg=6863 max=39716 p99_est=13726
2026-02-11 11:18:24 [warning  ] GRU prediction failed          attempts=3 error='HTTP 500: {"detail":"Prediction failed: X has 30 features, but LinearRegression is expecting 14 features as in'
2026-02-11 11:18:24 [debug    ] GRU prediction failed          error='HTTP 500: {"detail":"Prediction failed: X has 30 features, but LinearRegression is expecting 14 features as in'
2026-02-11 11:18:24 [info     ] Algorithm 1: SCALE_OUT         new_weights={'k3s': 50, 'knative': 50} p99=13726.0 serverless_enabled=True violation_sec=146
2026-02-11 11:18:24 [debug    ] Decision loop completed        action=SCALE_OUT latency_ms=314.68 p99=13726.0
2026-02-11 11:18:34 [debug    ] HAProxy TCP command sent       command='show stat' response_length=2804
2026-02-11 11:18:34 [debug    ] HAProxy latency                avg=13924 max=48775 p99_est=27848
2026-02-11 11:18:34 [warning  ] GRU prediction failed          attempts=3 error='HTTP 500: {"detail":"Prediction failed: X has 30 features, but LinearRegression is expecting 14 features as in'
2026-02-11 11:18:34 [debug    ] GRU prediction failed          error='HTTP 500: {"detail":"Prediction failed: X has 30 features, but LinearRegression is expecting 14 features as in'
2026-02-11 11:18:34 [info     ] Algorithm 1: SCALE_OUT         new_weights={'k3s': 50, 'knative': 50} p99=27848.0 serverless_enabled=True violation_sec=157
2026-02-11 11:18:34 [debug    ] Decision loop completed        action=SCALE_OUT latency_ms=310.81 p99=27848.0
2026-02-11 11:18:44 [debug    ] HAProxy TCP command sent       command='show stat' response_length=2811
2026-02-11 11:18:44 [debug    ] HAProxy latency                avg=15573 max=48775 p99_est=31146
2026-02-11 11:18:44 [warning  ] GRU prediction failed          attempts=3 error='HTTP 500: {"detail":"Prediction failed: X has 30 features, but LinearRegression is expecting 14 features as in'
2026-02-11 11:18:44 [debug    ] GRU prediction failed          error='HTTP 500: {"detail":"Prediction failed: X has 30 features, but LinearRegression is expecting 14 features as in'
2026-02-11 11:18:44 [info     ] Algorithm 1: SCALE_OUT         new_weights={'k3s': 50, 'knative': 50} p99=31146.0 serverless_enabled=True violation_sec=167
2026-02-11 11:18:44 [debug    ] Decision loop completed        action=SCALE_OUT latency_ms=311.98 p99=31146.0
2026-02-11 11:18:54 [debug    ] HAProxy TCP command sent       command='show stat' response_length=2809
2026-02-11 11:18:54 [debug    ] HAProxy latency                avg=7937 max=48775 p99_est=15874
2026-02-11 11:18:55 [warning  ] GRU prediction failed          attempts=3 error='HTTP 500: {"detail":"Prediction failed: X has 30 features, but LinearRegression is expecting 14 features as in'
2026-02-11 11:18:55 [debug    ] GRU prediction failed          error='HTTP 500: {"detail":"Prediction failed: X has 30 features, but LinearRegression is expecting 14 features as in'
2026-02-11 11:18:55 [info     ] Algorithm 1: SCALE_OUT         new_weights={'k3s': 50, 'knative': 50} p99=15874.0 serverless_enabled=True violation_sec=177
2026-02-11 11:18:55 [debug    ] Decision loop completed        action=SCALE_OUT latency_ms=311.76 p99=15874.0
2026-02-11 11:19:05 [debug    ] HAProxy TCP command sent       command='show stat' response_length=2809
2026-02-11 11:19:05 [debug    ] HAProxy latency                avg=5045 max=48775 p99_est=10090
2026-02-11 11:19:05 [warning  ] GRU prediction failed          attempts=3 error='HTTP 500: {"detail":"Prediction failed: X has 30 features, but LinearRegression is expecting 14 features as in'
2026-02-11 11:19:05 [debug    ] GRU prediction failed          error='HTTP 500: {"detail":"Prediction failed: X has 30 features, but LinearRegression is expecting 14 features as in'
2026-02-11 11:19:05 [info     ] Algorithm 1: SCALE_OUT         new_weights={'k3s': 50, 'knative': 50} p99=10090.0 serverless_enabled=True violation_sec=188
2026-02-11 11:19:05 [debug    ] Decision loop completed        action=SCALE_OUT latency_ms=311.78 p99=10090.0
2026-02-11 11:19:15 [debug    ] HAProxy TCP command sent       command='show stat' response_length=2813
2026-02-11 11:19:15 [debug    ] HAProxy latency                avg=34229 max=56437 p99_est=56437
2026-02-11 11:19:15 [warning  ] GRU prediction failed          attempts=3 error='HTTP 500: {"detail":"Prediction failed: X has 30 features, but LinearRegression is expecting 14 features as in'
2026-02-11 11:19:15 [debug    ] GRU prediction failed          error='HTTP 500: {"detail":"Prediction failed: X has 30 features, but LinearRegression is expecting 14 features as in'
2026-02-11 11:19:15 [info     ] Algorithm 1: SCALE_OUT         new_weights={'k3s': 50, 'knative': 50} p99=56437.0 serverless_enabled=True violation_sec=198
2026-02-11 11:19:15 [debug    ] Decision loop completed        action=SCALE_OUT latency_ms=311.47 p99=56437.0
2026-02-11 11:19:22 [info     ] Received shutdown signal
2026-02-11 11:19:22 [info     ] Stopping routing daemon...
2026-02-11 11:19:22 [info     ] Received shutdown signal
2026-02-11 11:19:22 [info     ] Stopping routing daemon...
2026-02-11 11:19:22 [info     ] Routing daemon stopped
