<frozen runpy>:128: RuntimeWarning: 'daemon.routing_daemon' found in sys.modules after import of package 'daemon', but prior to execution of 'daemon.routing_daemon'; this may result in unpredictable behaviour
2026-02-22 05:36:11 [info     ] SLOMonitor initialized         threshold_ms=200.0 violation_window=30
2026-02-22 05:36:11 [info     ] Algorithm1Controller initialized cooldown=15 weight_step=10
2026-02-22 05:36:11 [info     ] HAProxyWeightAdjuster initialized backend=servers socket_path=/tmp/haproxy.sock tcp_socket=localhost:19999 tcp_socket_available=True unix_socket_available=False
2026-02-22 05:36:11 [info     ] GRUClient initialized          base_url=http://localhost:8090
2026-02-22 05:36:11 [info     ] K8sScaler initialized          deployment=test-app-warm namespace=default
2026-02-22 05:36:11 [info     ] RoutingDaemon initialized      decision_interval=15 description='Static routing to serverless only' scenario=s2-serverless-only use_algorithm=False use_predictions=False
2026-02-22 05:36:11 [info     ] Starting routing daemon        interval=15 scenario=s2-serverless-only
2026-02-22 05:36:11 [debug    ] HAProxy TCP command sent       command='show stat' response_length=2870
2026-02-22 05:36:11 [debug    ] Current weights retrieved via socket weights={'k3s': 0, 'knative': 100}
2026-02-22 05:36:11 [debug    ] Weights already set correctly  k3s=0 knative=100
2026-02-22 05:36:11 [info     ] Initial weights applied        k3s=0 knative=100
2026-02-22 05:36:11 [debug    ] HAProxy TCP command sent       command='show stat' response_length=2870
2026-02-22 05:36:11 [debug    ] Static scenario - no decision needed scenario=s2-serverless-only weights={'k3s': 0, 'knative': 100}
2026-02-22 05:36:26 [debug    ] HAProxy TCP command sent       command='show stat' response_length=2871
2026-02-22 05:36:26 [debug    ] Static scenario - no decision needed scenario=s2-serverless-only weights={'k3s': 0, 'knative': 100}
2026-02-22 05:36:41 [debug    ] HAProxy TCP command sent       command='show stat' response_length=2871
2026-02-22 05:36:41 [debug    ] Static scenario - no decision needed scenario=s2-serverless-only weights={'k3s': 0, 'knative': 100}
2026-02-22 05:36:56 [debug    ] HAProxy TCP command sent       command='show stat' response_length=2879
2026-02-22 05:36:56 [debug    ] Static scenario - no decision needed scenario=s2-serverless-only weights={'k3s': 0, 'knative': 100}
2026-02-22 05:37:11 [debug    ] HAProxy TCP command sent       command='show stat' response_length=2873
2026-02-22 05:37:11 [debug    ] Static scenario - no decision needed scenario=s2-serverless-only weights={'k3s': 0, 'knative': 100}
2026-02-22 05:37:26 [debug    ] HAProxy TCP command sent       command='show stat' response_length=2870
2026-02-22 05:37:26 [debug    ] Static scenario - no decision needed scenario=s2-serverless-only weights={'k3s': 0, 'knative': 100}
2026-02-22 05:37:41 [debug    ] HAProxy TCP command sent       command='show stat' response_length=2867
2026-02-22 05:37:41 [debug    ] Static scenario - no decision needed scenario=s2-serverless-only weights={'k3s': 0, 'knative': 100}
2026-02-22 05:37:56 [debug    ] HAProxy TCP command sent       command='show stat' response_length=2866
2026-02-22 05:37:56 [debug    ] Static scenario - no decision needed scenario=s2-serverless-only weights={'k3s': 0, 'knative': 100}
2026-02-22 05:38:11 [debug    ] HAProxy TCP command sent       command='show stat' response_length=2876
2026-02-22 05:38:11 [debug    ] Static scenario - no decision needed scenario=s2-serverless-only weights={'k3s': 0, 'knative': 100}
2026-02-22 05:38:26 [debug    ] HAProxy TCP command sent       command='show stat' response_length=2872
2026-02-22 05:38:26 [debug    ] Static scenario - no decision needed scenario=s2-serverless-only weights={'k3s': 0, 'knative': 100}
2026-02-22 05:38:41 [debug    ] HAProxy TCP command sent       command='show stat' response_length=2869
2026-02-22 05:38:41 [debug    ] Static scenario - no decision needed scenario=s2-serverless-only weights={'k3s': 0, 'knative': 100}
2026-02-22 05:38:56 [debug    ] HAProxy TCP command sent       command='show stat' response_length=2869
2026-02-22 05:38:56 [debug    ] Static scenario - no decision needed scenario=s2-serverless-only weights={'k3s': 0, 'knative': 100}
2026-02-22 05:39:11 [debug    ] HAProxy TCP command sent       command='show stat' response_length=2875
2026-02-22 05:39:11 [debug    ] Static scenario - no decision needed scenario=s2-serverless-only weights={'k3s': 0, 'knative': 100}
2026-02-22 05:39:26 [debug    ] HAProxy TCP command sent       command='show stat' response_length=2879
2026-02-22 05:39:26 [debug    ] Static scenario - no decision needed scenario=s2-serverless-only weights={'k3s': 0, 'knative': 100}
2026-02-22 05:39:41 [debug    ] HAProxy TCP command sent       command='show stat' response_length=2874
2026-02-22 05:39:41 [debug    ] Static scenario - no decision needed scenario=s2-serverless-only weights={'k3s': 0, 'knative': 100}
2026-02-22 05:39:56 [debug    ] HAProxy TCP command sent       command='show stat' response_length=2871
2026-02-22 05:39:56 [debug    ] Static scenario - no decision needed scenario=s2-serverless-only weights={'k3s': 0, 'knative': 100}
2026-02-22 05:40:11 [debug    ] HAProxy TCP command sent       command='show stat' response_length=2869
2026-02-22 05:40:11 [debug    ] Static scenario - no decision needed scenario=s2-serverless-only weights={'k3s': 0, 'knative': 100}
2026-02-22 05:40:26 [debug    ] HAProxy TCP command sent       command='show stat' response_length=2873
2026-02-22 05:40:26 [debug    ] Static scenario - no decision needed scenario=s2-serverless-only weights={'k3s': 0, 'knative': 100}
2026-02-22 05:40:41 [debug    ] HAProxy TCP command sent       command='show stat' response_length=2879
2026-02-22 05:40:41 [debug    ] Static scenario - no decision needed scenario=s2-serverless-only weights={'k3s': 0, 'knative': 100}
2026-02-22 05:40:56 [debug    ] HAProxy TCP command sent       command='show stat' response_length=2876
2026-02-22 05:40:56 [debug    ] Static scenario - no decision needed scenario=s2-serverless-only weights={'k3s': 0, 'knative': 100}
2026-02-22 05:41:11 [debug    ] HAProxy TCP command sent       command='show stat' response_length=2872
2026-02-22 05:41:11 [debug    ] Static scenario - no decision needed scenario=s2-serverless-only weights={'k3s': 0, 'knative': 100}
2026-02-22 05:41:26 [debug    ] HAProxy TCP command sent       command='show stat' response_length=2871
2026-02-22 05:41:27 [debug    ] Static scenario - no decision needed scenario=s2-serverless-only weights={'k3s': 0, 'knative': 100}
2026-02-22 05:41:42 [debug    ] HAProxy TCP command sent       command='show stat' response_length=2885
2026-02-22 05:41:42 [debug    ] Static scenario - no decision needed scenario=s2-serverless-only weights={'k3s': 0, 'knative': 100}
2026-02-22 05:41:57 [debug    ] HAProxy TCP command sent       command='show stat' response_length=2885
2026-02-22 05:41:57 [debug    ] Static scenario - no decision needed scenario=s2-serverless-only weights={'k3s': 0, 'knative': 100}
2026-02-22 05:42:12 [debug    ] HAProxy TCP command sent       command='show stat' response_length=2885
2026-02-22 05:42:12 [debug    ] Static scenario - no decision needed scenario=s2-serverless-only weights={'k3s': 0, 'knative': 100}
2026-02-22 05:42:27 [debug    ] HAProxy TCP command sent       command='show stat' response_length=2885
2026-02-22 05:42:27 [debug    ] Static scenario - no decision needed scenario=s2-serverless-only weights={'k3s': 0, 'knative': 100}
2026-02-22 05:42:42 [debug    ] HAProxy TCP command sent       command='show stat' response_length=2887
2026-02-22 05:42:42 [debug    ] Static scenario - no decision needed scenario=s2-serverless-only weights={'k3s': 0, 'knative': 100}
2026-02-22 05:42:57 [debug    ] HAProxy TCP command sent       command='show stat' response_length=2886
2026-02-22 05:42:57 [debug    ] Static scenario - no decision needed scenario=s2-serverless-only weights={'k3s': 0, 'knative': 100}
2026-02-22 05:43:12 [debug    ] HAProxy TCP command sent       command='show stat' response_length=2878
2026-02-22 05:43:12 [debug    ] Static scenario - no decision needed scenario=s2-serverless-only weights={'k3s': 0, 'knative': 100}
2026-02-22 05:43:27 [debug    ] HAProxy TCP command sent       command='show stat' response_length=2876
2026-02-22 05:43:27 [debug    ] Static scenario - no decision needed scenario=s2-serverless-only weights={'k3s': 0, 'knative': 100}
2026-02-22 05:43:42 [debug    ] HAProxy TCP command sent       command='show stat' response_length=2875
2026-02-22 05:43:42 [debug    ] Static scenario - no decision needed scenario=s2-serverless-only weights={'k3s': 0, 'knative': 100}
2026-02-22 05:43:57 [debug    ] HAProxy TCP command sent       command='show stat' response_length=2876
2026-02-22 05:43:57 [debug    ] Static scenario - no decision needed scenario=s2-serverless-only weights={'k3s': 0, 'knative': 100}
2026-02-22 05:44:12 [debug    ] HAProxy TCP command sent       command='show stat' response_length=2887
2026-02-22 05:44:12 [debug    ] Static scenario - no decision needed scenario=s2-serverless-only weights={'k3s': 0, 'knative': 100}
2026-02-22 05:44:27 [debug    ] HAProxy TCP command sent       command='show stat' response_length=2887
2026-02-22 05:44:27 [debug    ] Static scenario - no decision needed scenario=s2-serverless-only weights={'k3s': 0, 'knative': 100}
2026-02-22 05:44:42 [debug    ] HAProxy TCP command sent       command='show stat' response_length=2889
2026-02-22 05:44:42 [debug    ] Static scenario - no decision needed scenario=s2-serverless-only weights={'k3s': 0, 'knative': 100}
2026-02-22 05:44:57 [debug    ] HAProxy TCP command sent       command='show stat' response_length=2891
2026-02-22 05:44:57 [debug    ] Static scenario - no decision needed scenario=s2-serverless-only weights={'k3s': 0, 'knative': 100}
2026-02-22 05:45:12 [debug    ] HAProxy TCP command sent       command='show stat' response_length=2883
2026-02-22 05:45:12 [debug    ] Static scenario - no decision needed scenario=s2-serverless-only weights={'k3s': 0, 'knative': 100}
2026-02-22 05:45:27 [debug    ] HAProxy TCP command sent       command='show stat' response_length=2885
2026-02-22 05:45:27 [debug    ] Static scenario - no decision needed scenario=s2-serverless-only weights={'k3s': 0, 'knative': 100}
2026-02-22 05:45:42 [debug    ] HAProxy TCP command sent       command='show stat' response_length=2888
2026-02-22 05:45:42 [debug    ] Static scenario - no decision needed scenario=s2-serverless-only weights={'k3s': 0, 'knative': 100}
2026-02-22 05:45:57 [debug    ] HAProxy TCP command sent       command='show stat' response_length=2888
2026-02-22 05:45:57 [debug    ] Static scenario - no decision needed scenario=s2-serverless-only weights={'k3s': 0, 'knative': 100}
2026-02-22 05:46:12 [debug    ] HAProxy TCP command sent       command='show stat' response_length=2890
2026-02-22 05:46:12 [debug    ] Static scenario - no decision needed scenario=s2-serverless-only weights={'k3s': 0, 'knative': 100}
2026-02-22 05:46:27 [debug    ] HAProxy TCP command sent       command='show stat' response_length=2890
2026-02-22 05:46:27 [debug    ] Static scenario - no decision needed scenario=s2-serverless-only weights={'k3s': 0, 'knative': 100}
2026-02-22 05:46:42 [debug    ] HAProxy TCP command sent       command='show stat' response_length=2890
2026-02-22 05:46:42 [debug    ] Static scenario - no decision needed scenario=s2-serverless-only weights={'k3s': 0, 'knative': 100}
2026-02-22 05:46:57 [debug    ] HAProxy TCP command sent       command='show stat' response_length=2890
2026-02-22 05:46:57 [debug    ] Static scenario - no decision needed scenario=s2-serverless-only weights={'k3s': 0, 'knative': 100}
2026-02-22 05:47:12 [debug    ] HAProxy TCP command sent       command='show stat' response_length=2891
2026-02-22 05:47:12 [debug    ] Static scenario - no decision needed scenario=s2-serverless-only weights={'k3s': 0, 'knative': 100}
2026-02-22 05:47:27 [debug    ] HAProxy TCP command sent       command='show stat' response_length=2893
2026-02-22 05:47:27 [debug    ] Static scenario - no decision needed scenario=s2-serverless-only weights={'k3s': 0, 'knative': 100}
2026-02-22 05:47:42 [debug    ] HAProxy TCP command sent       command='show stat' response_length=2893
2026-02-22 05:47:42 [debug    ] Static scenario - no decision needed scenario=s2-serverless-only weights={'k3s': 0, 'knative': 100}
2026-02-22 05:47:57 [debug    ] HAProxy TCP command sent       command='show stat' response_length=2893
2026-02-22 05:47:57 [debug    ] Static scenario - no decision needed scenario=s2-serverless-only weights={'k3s': 0, 'knative': 100}
2026-02-22 05:48:12 [debug    ] HAProxy TCP command sent       command='show stat' response_length=2895
2026-02-22 05:48:12 [debug    ] Static scenario - no decision needed scenario=s2-serverless-only weights={'k3s': 0, 'knative': 100}
2026-02-22 05:48:27 [debug    ] HAProxy TCP command sent       command='show stat' response_length=2894
2026-02-22 05:48:28 [debug    ] Static scenario - no decision needed scenario=s2-serverless-only weights={'k3s': 0, 'knative': 100}
2026-02-22 05:48:43 [debug    ] HAProxy TCP command sent       command='show stat' response_length=2886
2026-02-22 05:48:43 [debug    ] Static scenario - no decision needed scenario=s2-serverless-only weights={'k3s': 0, 'knative': 100}
2026-02-22 05:48:58 [debug    ] HAProxy TCP command sent       command='show stat' response_length=2883
2026-02-22 05:48:58 [debug    ] Static scenario - no decision needed scenario=s2-serverless-only weights={'k3s': 0, 'knative': 100}
2026-02-22 05:49:13 [debug    ] HAProxy TCP command sent       command='show stat' response_length=2887
2026-02-22 05:49:13 [debug    ] Static scenario - no decision needed scenario=s2-serverless-only weights={'k3s': 0, 'knative': 100}
2026-02-22 05:49:28 [debug    ] HAProxy TCP command sent       command='show stat' response_length=2887
2026-02-22 05:49:28 [debug    ] Static scenario - no decision needed scenario=s2-serverless-only weights={'k3s': 0, 'knative': 100}
2026-02-22 05:49:43 [debug    ] HAProxy TCP command sent       command='show stat' response_length=2893
2026-02-22 05:49:43 [debug    ] Static scenario - no decision needed scenario=s2-serverless-only weights={'k3s': 0, 'knative': 100}
2026-02-22 05:49:58 [debug    ] HAProxy TCP command sent       command='show stat' response_length=2888
2026-02-22 05:49:58 [debug    ] Static scenario - no decision needed scenario=s2-serverless-only weights={'k3s': 0, 'knative': 100}
2026-02-22 05:50:13 [debug    ] HAProxy TCP command sent       command='show stat' response_length=2885
2026-02-22 05:50:13 [debug    ] Static scenario - no decision needed scenario=s2-serverless-only weights={'k3s': 0, 'knative': 100}
2026-02-22 05:50:28 [debug    ] HAProxy TCP command sent       command='show stat' response_length=2883
2026-02-22 05:50:28 [debug    ] Static scenario - no decision needed scenario=s2-serverless-only weights={'k3s': 0, 'knative': 100}
2026-02-22 05:50:43 [debug    ] HAProxy TCP command sent       command='show stat' response_length=2883
2026-02-22 05:50:43 [debug    ] Static scenario - no decision needed scenario=s2-serverless-only weights={'k3s': 0, 'knative': 100}
2026-02-22 05:50:58 [debug    ] HAProxy TCP command sent       command='show stat' response_length=2893
2026-02-22 05:50:58 [debug    ] Static scenario - no decision needed scenario=s2-serverless-only weights={'k3s': 0, 'knative': 100}
2026-02-22 05:51:13 [debug    ] HAProxy TCP command sent       command='show stat' response_length=2889
2026-02-22 05:51:13 [debug    ] Static scenario - no decision needed scenario=s2-serverless-only weights={'k3s': 0, 'knative': 100}
2026-02-22 05:51:28 [debug    ] HAProxy TCP command sent       command='show stat' response_length=2884
2026-02-22 05:51:28 [debug    ] Static scenario - no decision needed scenario=s2-serverless-only weights={'k3s': 0, 'knative': 100}
2026-02-22 05:51:43 [debug    ] HAProxy TCP command sent       command='show stat' response_length=2884
2026-02-22 05:51:43 [debug    ] Static scenario - no decision needed scenario=s2-serverless-only weights={'k3s': 0, 'knative': 100}
2026-02-22 05:51:58 [debug    ] HAProxy TCP command sent       command='show stat' response_length=2884
2026-02-22 05:51:58 [debug    ] Static scenario - no decision needed scenario=s2-serverless-only weights={'k3s': 0, 'knative': 100}
2026-02-22 05:52:13 [debug    ] HAProxy TCP command sent       command='show stat' response_length=2900
2026-02-22 05:52:13 [debug    ] Static scenario - no decision needed scenario=s2-serverless-only weights={'k3s': 0, 'knative': 100}
2026-02-22 05:52:28 [debug    ] HAProxy TCP command sent       command='show stat' response_length=2892
2026-02-22 05:52:28 [debug    ] Static scenario - no decision needed scenario=s2-serverless-only weights={'k3s': 0, 'knative': 100}
2026-02-22 05:52:43 [debug    ] HAProxy TCP command sent       command='show stat' response_length=2899
2026-02-22 05:52:43 [debug    ] Static scenario - no decision needed scenario=s2-serverless-only weights={'k3s': 0, 'knative': 100}
2026-02-22 05:52:58 [debug    ] HAProxy TCP command sent       command='show stat' response_length=2896
2026-02-22 05:52:58 [debug    ] Static scenario - no decision needed scenario=s2-serverless-only weights={'k3s': 0, 'knative': 100}
2026-02-22 05:53:13 [debug    ] HAProxy TCP command sent       command='show stat' response_length=2898
2026-02-22 05:53:13 [debug    ] Static scenario - no decision needed scenario=s2-serverless-only weights={'k3s': 0, 'knative': 100}
2026-02-22 05:53:28 [debug    ] HAProxy TCP command sent       command='show stat' response_length=2895
2026-02-22 05:53:28 [debug    ] Static scenario - no decision needed scenario=s2-serverless-only weights={'k3s': 0, 'knative': 100}
2026-02-22 05:53:43 [debug    ] HAProxy TCP command sent       command='show stat' response_length=2890
2026-02-22 05:53:43 [debug    ] Static scenario - no decision needed scenario=s2-serverless-only weights={'k3s': 0, 'knative': 100}
2026-02-22 05:53:58 [debug    ] HAProxy TCP command sent       command='show stat' response_length=2885
2026-02-22 05:53:58 [debug    ] Static scenario - no decision needed scenario=s2-serverless-only weights={'k3s': 0, 'knative': 100}
2026-02-22 05:54:13 [debug    ] HAProxy TCP command sent       command='show stat' response_length=2885
2026-02-22 05:54:13 [debug    ] Static scenario - no decision needed scenario=s2-serverless-only weights={'k3s': 0, 'knative': 100}
2026-02-22 05:54:28 [debug    ] HAProxy TCP command sent       command='show stat' response_length=2891
2026-02-22 05:54:28 [debug    ] Static scenario - no decision needed scenario=s2-serverless-only weights={'k3s': 0, 'knative': 100}
2026-02-22 05:54:43 [debug    ] HAProxy TCP command sent       command='show stat' response_length=2895
2026-02-22 05:54:43 [debug    ] Static scenario - no decision needed scenario=s2-serverless-only weights={'k3s': 0, 'knative': 100}
2026-02-22 05:54:58 [debug    ] HAProxy TCP command sent       command='show stat' response_length=2890
2026-02-22 05:54:58 [debug    ] Static scenario - no decision needed scenario=s2-serverless-only weights={'k3s': 0, 'knative': 100}
2026-02-22 05:55:13 [debug    ] HAProxy TCP command sent       command='show stat' response_length=2887
2026-02-22 05:55:14 [debug    ] Static scenario - no decision needed scenario=s2-serverless-only weights={'k3s': 0, 'knative': 100}
2026-02-22 05:55:29 [debug    ] HAProxy TCP command sent       command='show stat' response_length=2885
2026-02-22 05:55:29 [debug    ] Static scenario - no decision needed scenario=s2-serverless-only weights={'k3s': 0, 'knative': 100}
2026-02-22 05:55:44 [debug    ] HAProxy TCP command sent       command='show stat' response_length=2891
2026-02-22 05:55:44 [debug    ] Static scenario - no decision needed scenario=s2-serverless-only weights={'k3s': 0, 'knative': 100}
2026-02-22 05:55:59 [debug    ] HAProxy TCP command sent       command='show stat' response_length=2895
2026-02-22 05:55:59 [debug    ] Static scenario - no decision needed scenario=s2-serverless-only weights={'k3s': 0, 'knative': 100}
2026-02-22 05:56:14 [debug    ] HAProxy TCP command sent       command='show stat' response_length=2890
2026-02-22 05:56:14 [debug    ] Static scenario - no decision needed scenario=s2-serverless-only weights={'k3s': 0, 'knative': 100}
2026-02-22 05:56:29 [debug    ] HAProxy TCP command sent       command='show stat' response_length=2887
2026-02-22 05:56:29 [debug    ] Static scenario - no decision needed scenario=s2-serverless-only weights={'k3s': 0, 'knative': 100}
2026-02-22 05:56:44 [debug    ] HAProxy TCP command sent       command='show stat' response_length=2880
2026-02-22 05:56:44 [debug    ] Static scenario - no decision needed scenario=s2-serverless-only weights={'k3s': 0, 'knative': 100}
2026-02-22 05:56:59 [debug    ] HAProxy TCP command sent       command='show stat' response_length=2882
2026-02-22 05:56:59 [debug    ] Static scenario - no decision needed scenario=s2-serverless-only weights={'k3s': 0, 'knative': 100}
2026-02-22 05:57:14 [debug    ] HAProxy TCP command sent       command='show stat' response_length=2882
2026-02-22 05:57:14 [debug    ] Static scenario - no decision needed scenario=s2-serverless-only weights={'k3s': 0, 'knative': 100}
2026-02-22 05:57:29 [debug    ] HAProxy TCP command sent       command='show stat' response_length=2882
2026-02-22 05:57:29 [debug    ] Static scenario - no decision needed scenario=s2-serverless-only weights={'k3s': 0, 'knative': 100}
2026-02-22 05:57:42 [info     ] Received shutdown signal
2026-02-22 05:57:42 [info     ] Stopping routing daemon...
2026-02-22 05:57:42 [info     ] Routing daemon stopped
