2026-07-13 03:27:10 [info     ] SLOMonitor initialized         threshold_ms=200.0 violation_window=30
2026-07-13 03:27:10 [info     ] Algorithm1ControllerV3 initialized max_knative=50 r_saturation=33.3 target_cpu_util=0.5 total_budget=1000
2026-07-13 03:27:10 [info     ] Using V3 controller (Capacity-Driven) scenario=s3-hybrid-reactive version=v3
2026-07-13 03:27:10 [info     ] HAProxyWeightAdjuster initialized backend=servers host=localhost port=19999
2026-07-13 03:27:10 [info     ] GRUClient initialized          base_url=http://localhost:8090
2026-07-13 03:27:10 [info     ] K8sScaler initialized          deployment=test-app-warm namespace=default
2026-07-13 03:27:10 [info     ] RoutingDaemon initialized      decision_interval=15 description='Algorithm 1 reactive routing without predictions' scenario=s3-hybrid-reactive use_algorithm=True use_predictions=False
2026-07-13 03:27:10 [info     ] Starting routing daemon        interval=15 scenario=s3-hybrid-reactive
2026-07-13 03:27:10 [info     ] Weights updated                k3s=80 knative=20
2026-07-13 03:27:10 [info     ] Initial weights applied        k3s=80 knative=20
2026-07-13 03:27:10 [debug    ] HAProxy fallback primed        total_requests=0
2026-07-13 03:27:10 [info     ] algorithm2_scaling_decision    action=MAINTAIN alpha=0.060060060060060066 beta=0.0 buffer=1.0 current_replicas=3 predicted_load=0.0 required_resources=0.0 target_replicas=3
2026-07-13 03:27:10 [info     ] algorithm2_decision            action=MAINTAIN applied_target=3 current_replicas=3 hold_until=0.0 observed_load=0.0 observed_target=3 point_forecasts=None prediction_age_sec=None predictive_target=3 proactive=False scenario=s3-hybrid-reactive target_replicas=3 upper_forecasts=None
2026-07-13 03:27:10 [debug    ] Decision loop completed        action=MAINTAIN latency_ms=111.7 p99=0.0
2026-07-13 03:27:25 [info     ] algorithm2_scaling_decision    action=MAINTAIN alpha=0.060060060060060066 beta=0.0 buffer=1.0 current_replicas=3 predicted_load=0.0 required_resources=0.0 target_replicas=3
2026-07-13 03:27:25 [info     ] algorithm2_decision            action=MAINTAIN applied_target=3 current_replicas=3 hold_until=0.0 observed_load=0.0 observed_target=3 point_forecasts=None prediction_age_sec=None predictive_target=3 proactive=False scenario=s3-hybrid-reactive target_replicas=3 upper_forecasts=None
2026-07-13 03:27:25 [debug    ] Decision loop completed        action=MAINTAIN latency_ms=108.73 p99=0.0
2026-07-13 03:27:40 [info     ] algorithm2_scaling_decision    action=MAINTAIN alpha=0.060060060060060066 beta=0.0 buffer=1.0 current_replicas=3 predicted_load=0.0 required_resources=0.0 target_replicas=3
2026-07-13 03:27:40 [info     ] algorithm2_decision            action=MAINTAIN applied_target=3 current_replicas=3 hold_until=0.0 observed_load=0.0 observed_target=3 point_forecasts=None prediction_age_sec=None predictive_target=3 proactive=False scenario=s3-hybrid-reactive target_replicas=3 upper_forecasts=None
2026-07-13 03:27:40 [debug    ] Decision loop completed        action=MAINTAIN latency_ms=131.5 p99=0.0
2026-07-13 03:27:55 [debug    ] HAProxy fallback latency       delta_requests=640 interval_avg_ms=64.0 max_rtime_ms=84.0 p99_est=84.0
2026-07-13 03:27:55 [info     ] controller_decision_v3         action=RECOVERY available_replicas=3 budget_remaining=1000 burn_adjustment=0 burst_ratio=0 capacity_deficit=False confidence=0 current_load=42.230335816349616 decision_id=f390397b k8s_capacity=49.9 k8s_weight=100 knative_weight=0 p99=84.0 predicted_load=0 r_effective=16.6 serverless_enabled=False total_load=42.2 weights_after={'k3s': 100, 'knative': 0} weights_before={'k3s': 80, 'knative': 20}
2026-07-13 03:27:55 [info     ] Weights updated                k3s=100 knative=0
2026-07-13 03:27:55 [info     ] Weights updated                action=RECOVERY reason='load=42RPS | k8s_cap=50RPS | (reducing-serverless)' weights={'k3s': 100, 'knative': 0}
2026-07-13 03:27:56 [info     ] algorithm2_scaling_decision    action=MAINTAIN alpha=0.060060060060060066 beta=0.0 buffer=1.0 current_replicas=3 predicted_load=21.115167908174808 required_resources=1.268 target_replicas=3
2026-07-13 03:27:56 [info     ] algorithm2_decision            action=MAINTAIN applied_target=3 current_replicas=3 hold_until=0.0 observed_load=21.12 observed_target=3 point_forecasts=None prediction_age_sec=None predictive_target=3 proactive=False scenario=s3-hybrid-reactive target_replicas=3 upper_forecasts=None
2026-07-13 03:27:56 [debug    ] Decision loop completed        action=RECOVERY latency_ms=142.17 p99=84.0
2026-07-13 03:28:11 [debug    ] HAProxy fallback latency       delta_requests=666 interval_avg_ms=64.0 max_rtime_ms=127.0 p99_est=127.0
2026-07-13 03:28:11 [info     ] algorithm2_scaling_decision    action=MAINTAIN alpha=0.060060060060060066 beta=0.0 buffer=1.0 current_replicas=3 predicted_load=43.106333390800415 required_resources=2.589 target_replicas=3
2026-07-13 03:28:11 [info     ] algorithm2_decision            action=MAINTAIN applied_target=3 current_replicas=3 hold_until=0.0 observed_load=43.11 observed_target=3 point_forecasts=None prediction_age_sec=None predictive_target=3 proactive=False scenario=s3-hybrid-reactive target_replicas=3 upper_forecasts=None
2026-07-13 03:28:11 [debug    ] Decision loop completed        action=MAINTAIN latency_ms=107.98 p99=127.0
2026-07-13 03:28:26 [debug    ] HAProxy fallback latency       delta_requests=716 interval_avg_ms=69.65 max_rtime_ms=144.0 p99_est=139.3
2026-07-13 03:28:26 [info     ] algorithm2_scaling_decision    action=MAINTAIN alpha=0.060060060060060066 beta=0.0 buffer=1.0 current_replicas=3 predicted_load=45.653702732693176 required_resources=2.742 target_replicas=3
2026-07-13 03:28:26 [info     ] algorithm2_decision            action=MAINTAIN applied_target=3 current_replicas=3 hold_until=0.0 observed_load=45.65 observed_target=3 point_forecasts=None prediction_age_sec=None predictive_target=3 proactive=False scenario=s3-hybrid-reactive target_replicas=3 upper_forecasts=None
2026-07-13 03:28:26 [debug    ] Decision loop completed        action=MAINTAIN latency_ms=108.14 p99=139.29608938547486
2026-07-13 03:28:41 [debug    ] HAProxy fallback latency       delta_requests=823 interval_avg_ms=66.0 max_rtime_ms=144.0 p99_est=132.0
2026-07-13 03:28:41 [info     ] Knative pre-warm OK            cold_start_ms=2.9
2026-07-13 03:28:41 [info     ] controller_decision_v3         action=REACTIVE available_replicas=3 budget_remaining=1000 burn_adjustment=0 burst_ratio=0.0819 capacity_deficit=False confidence=0 current_load=54.40834023119629 decision_id=41187b58 k8s_capacity=49.9 k8s_weight=91 knative_weight=9 p99=132.0 predicted_load=0 r_effective=16.6 serverless_enabled=True total_load=54.4 weights_after={'k3s': 91, 'knative': 9} weights_before={'k3s': 100, 'knative': 0}
2026-07-13 03:28:41 [info     ] Weights updated                k3s=91 knative=9
2026-07-13 03:28:41 [info     ] Weights updated                action=REACTIVE reason='load=54RPS | k8s_cap=50RPS | (burst-routing)' weights={'k3s': 91, 'knative': 9}
2026-07-13 03:28:41 [info     ] algorithm2_scaling_decision    action=SCALE_UP alpha=0.060060060060060066 beta=0.0 buffer=1.0 current_replicas=3 predicted_load=50.86670736566572 required_resources=3.055 target_replicas=4
2026-07-13 03:28:41 [info     ] algorithm2_decision            action=SCALE_UP applied_target=4 current_replicas=3 hold_until=0.0 observed_load=50.87 observed_target=4 point_forecasts=None prediction_age_sec=None predictive_target=4 proactive=False scenario=s3-hybrid-reactive target_replicas=4 upper_forecasts=None
2026-07-13 03:28:41 [info     ] k8s_scale_executed             deployment=test-app-warm replicas=4
2026-07-13 03:28:41 [debug    ] Decision loop completed        action=REACTIVE latency_ms=149.47 p99=132.0
2026-07-13 03:28:56 [debug    ] HAProxy fallback latency       delta_requests=769 interval_avg_ms=66.0 max_rtime_ms=144.0 p99_est=132.0
2026-07-13 03:28:56 [info     ] controller_decision_v3         action=RECOVERY available_replicas=4 budget_remaining=1000 burn_adjustment=0 burst_ratio=0 capacity_deficit=False confidence=0 current_load=50.827968990982185 decision_id=6568d2a8 k8s_capacity=66.6 k8s_weight=100 knative_weight=0 p99=132.0 predicted_load=0 r_effective=16.6 serverless_enabled=False total_load=50.8 weights_after={'k3s': 100, 'knative': 0} weights_before={'k3s': 91, 'knative': 9}
2026-07-13 03:28:56 [info     ] Weights updated                k3s=100 knative=0
2026-07-13 03:28:56 [info     ] Weights updated                action=RECOVERY reason='load=51RPS | k8s_cap=67RPS | (reducing-serverless)' weights={'k3s': 100, 'knative': 0}
2026-07-13 03:28:56 [info     ] Scale readiness observed       elapsed_sec=15.1 ewma_delay=46.5 samples=1 target=4
2026-07-13 03:28:56 [info     ] algorithm2_scaling_decision    action=MAINTAIN alpha=0.060060060060060066 beta=0.0 buffer=1.0 current_replicas=4 predicted_load=52.61815461108924 required_resources=3.16 target_replicas=4
2026-07-13 03:28:56 [info     ] algorithm2_decision            action=MAINTAIN applied_target=4 current_replicas=4 hold_until=0.0 observed_load=52.62 observed_target=4 point_forecasts=None prediction_age_sec=None predictive_target=4 proactive=False scenario=s3-hybrid-reactive target_replicas=4 upper_forecasts=None
2026-07-13 03:28:56 [debug    ] Decision loop completed        action=RECOVERY latency_ms=143.22 p99=132.0
2026-07-13 03:29:11 [debug    ] HAProxy fallback latency       delta_requests=547 interval_avg_ms=73.61 max_rtime_ms=144.0 p99_est=144.0
2026-07-13 03:29:11 [info     ] algorithm2_scaling_decision    action=MAINTAIN alpha=0.060060060060060066 beta=0.0 buffer=1.0 current_replicas=4 predicted_load=43.50732885365275 required_resources=2.613 target_replicas=3
2026-07-13 03:29:11 [info     ] algorithm2_decision            action=MAINTAIN applied_target=3 current_replicas=4 hold_until=0.0 observed_load=43.51 observed_target=3 point_forecasts=None prediction_age_sec=None predictive_target=3 proactive=False scenario=s3-hybrid-reactive target_replicas=3 upper_forecasts=None
2026-07-13 03:29:11 [debug    ] Decision loop completed        action=MAINTAIN latency_ms=112.14 p99=144.0
2026-07-13 03:29:26 [debug    ] HAProxy fallback latency       delta_requests=411 interval_avg_ms=55.88 max_rtime_ms=144.0 p99_est=111.75
2026-07-13 03:29:26 [info     ] algorithm2_scaling_decision    action=MAINTAIN alpha=0.060060060060060066 beta=0.0 buffer=1.0 current_replicas=4 predicted_load=31.69099846677741 required_resources=1.903 target_replicas=3
2026-07-13 03:29:26 [info     ] algorithm2_decision            action=MAINTAIN applied_target=3 current_replicas=4 hold_until=0.0 observed_load=31.69 observed_target=3 point_forecasts=None prediction_age_sec=None predictive_target=3 proactive=False scenario=s3-hybrid-reactive target_replicas=3 upper_forecasts=None
2026-07-13 03:29:26 [debug    ] Decision loop completed        action=MAINTAIN latency_ms=108.83 p99=111.75182481751825
2026-07-13 03:29:41 [debug    ] HAProxy fallback latency       delta_requests=358 interval_avg_ms=66.0 max_rtime_ms=144.0 p99_est=132.0
2026-07-13 03:29:41 [info     ] algorithm2_scaling_decision    action=MAINTAIN alpha=0.060060060060060066 beta=0.0 buffer=1.0 current_replicas=4 predicted_load=25.445222050185833 required_resources=1.528 target_replicas=3
2026-07-13 03:29:41 [info     ] algorithm2_decision            action=MAINTAIN applied_target=3 current_replicas=4 hold_until=0.0 observed_load=25.45 observed_target=3 point_forecasts=None prediction_age_sec=None predictive_target=3 proactive=False scenario=s3-hybrid-reactive target_replicas=3 upper_forecasts=None
2026-07-13 03:29:41 [debug    ] Decision loop completed        action=MAINTAIN latency_ms=103.83 p99=132.0
2026-07-13 03:29:56 [debug    ] HAProxy fallback latency       delta_requests=484 interval_avg_ms=54.81 max_rtime_ms=144.0 p99_est=109.63
2026-07-13 03:29:56 [info     ] algorithm2_scaling_decision    action=MAINTAIN alpha=0.060060060060060066 beta=0.0 buffer=1.0 current_replicas=4 predicted_load=27.86992160182899 required_resources=1.674 target_replicas=3
2026-07-13 03:29:56 [info     ] algorithm2_decision            action=MAINTAIN applied_target=3 current_replicas=4 hold_until=0.0 observed_load=27.87 observed_target=3 point_forecasts=None prediction_age_sec=None predictive_target=3 proactive=False scenario=s3-hybrid-reactive target_replicas=3 upper_forecasts=None
2026-07-13 03:29:56 [debug    ] Decision loop completed        action=MAINTAIN latency_ms=104.44 p99=109.62809917355372
2026-07-13 03:30:11 [debug    ] HAProxy fallback latency       delta_requests=774 interval_avg_ms=65.0 max_rtime_ms=144.0 p99_est=130.0
2026-07-13 03:30:12 [info     ] algorithm2_scaling_decision    action=MAINTAIN alpha=0.060060060060060066 beta=0.0 buffer=1.0 current_replicas=4 predicted_load=41.578247866647786 required_resources=2.497 target_replicas=3
2026-07-13 03:30:12 [info     ] algorithm2_decision            action=MAINTAIN applied_target=3 current_replicas=4 hold_until=0.0 observed_load=41.58 observed_target=3 point_forecasts=None prediction_age_sec=None predictive_target=3 proactive=False scenario=s3-hybrid-reactive target_replicas=3 upper_forecasts=None
2026-07-13 03:30:12 [debug    ] Decision loop completed        action=MAINTAIN latency_ms=112.13 p99=130.0
2026-07-13 03:30:27 [debug    ] HAProxy fallback latency       delta_requests=812 interval_avg_ms=65.0 max_rtime_ms=144.0 p99_est=130.0
2026-07-13 03:30:27 [info     ] algorithm2_scaling_decision    action=MAINTAIN alpha=0.060060060060060066 beta=0.0 buffer=1.0 current_replicas=4 predicted_load=52.45411233713513 required_resources=3.15 target_replicas=4
2026-07-13 03:30:27 [info     ] algorithm2_decision            action=MAINTAIN applied_target=4 current_replicas=4 hold_until=0.0 observed_load=52.45 observed_target=4 point_forecasts=None prediction_age_sec=None predictive_target=4 proactive=False scenario=s3-hybrid-reactive target_replicas=4 upper_forecasts=None
2026-07-13 03:30:27 [debug    ] Decision loop completed        action=MAINTAIN latency_ms=109.74 p99=130.0
2026-07-13 03:30:42 [debug    ] HAProxy fallback latency       delta_requests=637 interval_avg_ms=53.01 max_rtime_ms=144.0 p99_est=106.02
2026-07-13 03:30:42 [info     ] algorithm2_scaling_decision    action=MAINTAIN alpha=0.060060060060060066 beta=0.0 buffer=1.0 current_replicas=4 predicted_load=48.009763932748726 required_resources=2.883 target_replicas=3
2026-07-13 03:30:42 [info     ] algorithm2_decision            action=MAINTAIN applied_target=3 current_replicas=4 hold_until=0.0 observed_load=48.01 observed_target=3 point_forecasts=None prediction_age_sec=None predictive_target=3 proactive=False scenario=s3-hybrid-reactive target_replicas=3 upper_forecasts=None
2026-07-13 03:30:42 [debug    ] Decision loop completed        action=MAINTAIN latency_ms=104.81 p99=106.02197802197803
2026-07-13 03:30:57 [debug    ] HAProxy fallback latency       delta_requests=656 interval_avg_ms=64.0 max_rtime_ms=144.0 p99_est=128.0
2026-07-13 03:30:57 [info     ] algorithm2_scaling_decision    action=MAINTAIN alpha=0.060060060060060066 beta=0.0 buffer=1.0 current_replicas=4 predicted_load=42.79375841549857 required_resources=2.57 target_replicas=3
2026-07-13 03:30:57 [info     ] algorithm2_decision            action=MAINTAIN applied_target=3 current_replicas=4 hold_until=0.0 observed_load=42.79 observed_target=3 point_forecasts=None prediction_age_sec=None predictive_target=3 proactive=False scenario=s3-hybrid-reactive target_replicas=3 upper_forecasts=None
2026-07-13 03:30:57 [debug    ] Decision loop completed        action=MAINTAIN latency_ms=108.57 p99=128.0
2026-07-13 03:31:12 [debug    ] HAProxy fallback latency       delta_requests=831 interval_avg_ms=64.0 max_rtime_ms=144.0 p99_est=128.0
2026-07-13 03:31:12 [info     ] algorithm2_scaling_decision    action=MAINTAIN alpha=0.060060060060060066 beta=0.0 buffer=1.0 current_replicas=4 predicted_load=49.18240851333897 required_resources=2.954 target_replicas=3
2026-07-13 03:31:12 [info     ] algorithm2_decision            action=MAINTAIN applied_target=3 current_replicas=4 hold_until=0.0 observed_load=49.18 observed_target=3 point_forecasts=None prediction_age_sec=None predictive_target=3 proactive=False scenario=s3-hybrid-reactive target_replicas=3 upper_forecasts=None
2026-07-13 03:31:12 [debug    ] Decision loop completed        action=MAINTAIN latency_ms=99.13 p99=128.0
2026-07-13 03:31:27 [debug    ] HAProxy fallback latency       delta_requests=914 interval_avg_ms=64.0 max_rtime_ms=144.0 p99_est=128.0
2026-07-13 03:31:27 [info     ] algorithm2_scaling_decision    action=MAINTAIN alpha=0.060060060060060066 beta=0.0 buffer=1.0 current_replicas=4 predicted_load=57.76681141887906 required_resources=3.469 target_replicas=4
2026-07-13 03:31:27 [info     ] algorithm2_decision            action=MAINTAIN applied_target=4 current_replicas=4 hold_until=0.0 observed_load=57.77 observed_target=4 point_forecasts=None prediction_age_sec=None predictive_target=4 proactive=False scenario=s3-hybrid-reactive target_replicas=4 upper_forecasts=None
2026-07-13 03:31:27 [debug    ] Decision loop completed        action=MAINTAIN latency_ms=103.77 p99=128.0
2026-07-13 03:31:42 [debug    ] HAProxy fallback latency       delta_requests=931 interval_avg_ms=64.0 max_rtime_ms=144.0 p99_est=128.0
2026-07-13 03:31:42 [info     ] algorithm2_scaling_decision    action=MAINTAIN alpha=0.060060060060060066 beta=0.0 buffer=1.0 current_replicas=4 predicted_load=61.08707092146621 required_resources=3.669 target_replicas=4
2026-07-13 03:31:42 [info     ] algorithm2_decision            action=MAINTAIN applied_target=4 current_replicas=4 hold_until=0.0 observed_load=61.09 observed_target=4 point_forecasts=None prediction_age_sec=None predictive_target=4 proactive=False scenario=s3-hybrid-reactive target_replicas=4 upper_forecasts=None
2026-07-13 03:31:42 [debug    ] Decision loop completed        action=MAINTAIN latency_ms=107.57 p99=128.0
2026-07-13 03:31:57 [debug    ] HAProxy fallback latency       delta_requests=1004 interval_avg_ms=75.93 max_rtime_ms=144.0 p99_est=144.0
2026-07-13 03:31:57 [info     ] algorithm2_scaling_decision    action=MAINTAIN alpha=0.060060060060060066 beta=0.0 buffer=1.0 current_replicas=4 predicted_load=64.01410689503724 required_resources=3.845 target_replicas=4
2026-07-13 03:31:57 [info     ] algorithm2_decision            action=MAINTAIN applied_target=4 current_replicas=4 hold_until=0.0 observed_load=64.01 observed_target=4 point_forecasts=None prediction_age_sec=None predictive_target=4 proactive=False scenario=s3-hybrid-reactive target_replicas=4 upper_forecasts=None
2026-07-13 03:31:57 [debug    ] Decision loop completed        action=MAINTAIN latency_ms=114.66 p99=144.0
2026-07-13 03:32:12 [debug    ] HAProxy fallback latency       delta_requests=1118 interval_avg_ms=53.29 max_rtime_ms=144.0 p99_est=106.58
2026-07-13 03:32:12 [info     ] Knative pre-warm OK            cold_start_ms=2.7
2026-07-13 03:32:12 [info     ] controller_decision_v3         action=REACTIVE available_replicas=4 budget_remaining=1000 burn_adjustment=0 burst_ratio=0.0996 capacity_deficit=False confidence=0 current_load=73.96835995410623 decision_id=d07be53e k8s_capacity=66.6 k8s_weight=90 knative_weight=10 p99=106.6 predicted_load=0 r_effective=16.6 serverless_enabled=True total_load=74.0 weights_after={'k3s': 90, 'knative': 10} weights_before={'k3s': 100, 'knative': 0}
2026-07-13 03:32:12 [info     ] Weights updated                k3s=90 knative=10
2026-07-13 03:32:12 [info     ] Weights updated                action=REACTIVE reason='load=74RPS | k8s_cap=67RPS | (burst-routing)' weights={'k3s': 90, 'knative': 10}
2026-07-13 03:32:12 [info     ] algorithm2_scaling_decision    action=SCALE_UP alpha=0.060060060060060066 beta=0.0 buffer=1.0 current_replicas=4 predicted_load=70.17783146966033 required_resources=4.215 target_replicas=5
2026-07-13 03:32:12 [info     ] algorithm2_decision            action=SCALE_UP applied_target=5 current_replicas=4 hold_until=0.0 observed_load=70.18 observed_target=5 point_forecasts=None prediction_age_sec=None predictive_target=5 proactive=False scenario=s3-hybrid-reactive target_replicas=5 upper_forecasts=None
2026-07-13 03:32:12 [info     ] k8s_scale_executed             deployment=test-app-warm replicas=5
2026-07-13 03:32:12 [debug    ] Decision loop completed        action=REACTIVE latency_ms=147.29 p99=106.5813953488372
2026-07-13 03:32:27 [debug    ] HAProxy fallback latency       delta_requests=1276 interval_avg_ms=86.52 max_rtime_ms=144.0 p99_est=144.0
2026-07-13 03:32:28 [info     ] controller_decision_v3         action=RECOVERY available_replicas=5 budget_remaining=1000 burn_adjustment=0 burst_ratio=0.011 capacity_deficit=False confidence=0 current_load=84.17231737272023 decision_id=ff5b7f52 k8s_capacity=83.2 k8s_weight=98 knative_weight=2 p99=144.0 predicted_load=0 r_effective=16.6 serverless_enabled=True total_load=84.2 weights_after={'k3s': 98, 'knative': 2} weights_before={'k3s': 90, 'knative': 10}
2026-07-13 03:32:28 [info     ] Weights updated                k3s=98 knative=2
2026-07-13 03:32:28 [info     ] Weights updated                action=RECOVERY reason='load=84RPS | k8s_cap=83RPS | (reducing-serverless)' weights={'k3s': 98, 'knative': 2}
2026-07-13 03:32:28 [info     ] Scale readiness observed       elapsed_sec=15.1 ewma_delay=37.1 samples=2 target=5
2026-07-13 03:32:28 [info     ] algorithm2_scaling_decision    action=MAINTAIN alpha=0.060060060060060066 beta=0.0 buffer=1.0 current_replicas=5 predicted_load=79.07033866341322 required_resources=4.749 target_replicas=5
2026-07-13 03:32:28 [info     ] algorithm2_decision            action=MAINTAIN applied_target=5 current_replicas=5 hold_until=0.0 observed_load=79.07 observed_target=5 point_forecasts=None prediction_age_sec=None predictive_target=5 proactive=False scenario=s3-hybrid-reactive target_replicas=5 upper_forecasts=None
2026-07-13 03:32:28 [debug    ] Decision loop completed        action=RECOVERY latency_ms=144.12 p99=144.0
2026-07-13 03:32:43 [debug    ] HAProxy fallback latency       delta_requests=1459 interval_avg_ms=76.85 max_rtime_ms=156.0 p99_est=153.69
2026-07-13 03:32:43 [info     ] controller_decision_v3         action=REACTIVE available_replicas=5 budget_remaining=1000 burn_adjustment=0 burst_ratio=0.1359 capacity_deficit=False confidence=0 current_load=96.33930384575761 decision_id=09640d2c k8s_capacity=83.2 k8s_weight=86 knative_weight=14 p99=153.7 predicted_load=0 r_effective=16.6 serverless_enabled=True total_load=96.3 weights_after={'k3s': 86, 'knative': 14} weights_before={'k3s': 98, 'knative': 2}
2026-07-13 03:32:43 [info     ] Weights updated                k3s=86 knative=14
2026-07-13 03:32:43 [info     ] Weights updated                action=REACTIVE reason='load=96RPS | k8s_cap=83RPS | (burst-routing)' weights={'k3s': 86, 'knative': 14}
2026-07-13 03:32:43 [info     ] algorithm2_scaling_decision    action=SCALE_UP alpha=0.060060060060060066 beta=0.0 buffer=1.0 current_replicas=5 predicted_load=90.25581060923892 required_resources=5.421 target_replicas=6
2026-07-13 03:32:43 [info     ] algorithm2_decision            action=SCALE_UP applied_target=6 current_replicas=5 hold_until=0.0 observed_load=90.26 observed_target=6 point_forecasts=None prediction_age_sec=None predictive_target=6 proactive=False scenario=s3-hybrid-reactive target_replicas=6 upper_forecasts=None
2026-07-13 03:32:43 [info     ] k8s_scale_executed             deployment=test-app-warm replicas=6
2026-07-13 03:32:43 [debug    ] Decision loop completed        action=REACTIVE latency_ms=150.38 p99=153.69431117203564
2026-07-13 03:32:58 [debug    ] HAProxy fallback latency       delta_requests=1672 interval_avg_ms=67.0 max_rtime_ms=156.0 p99_est=134.0
2026-07-13 03:32:58 [info     ] controller_decision_v3         action=RECOVERY available_replicas=6 budget_remaining=1000 burn_adjustment=0 burst_ratio=0.0948 capacity_deficit=False confidence=0 current_load=110.3627090905068 decision_id=ba8f920b k8s_capacity=99.9 k8s_weight=90 knative_weight=10 p99=134.0 predicted_load=0 r_effective=16.6 serverless_enabled=True total_load=110.4 weights_after={'k3s': 90, 'knative': 10} weights_before={'k3s': 86, 'knative': 14}
2026-07-13 03:32:58 [info     ] Weights updated                k3s=90 knative=10
2026-07-13 03:32:58 [info     ] Weights updated                action=RECOVERY reason='load=110RPS | k8s_cap=100RPS | (reducing-serverless)' weights={'k3s': 90, 'knative': 10}
2026-07-13 03:32:58 [info     ] Scale readiness observed       elapsed_sec=15.1 ewma_delay=30.5 samples=3 target=6
2026-07-13 03:32:58 [info     ] algorithm2_scaling_decision    action=MAINTAIN alpha=0.060060060060060066 beta=0.0 buffer=1.0 current_replicas=6 predicted_load=103.3510064681322 required_resources=6.207 target_replicas=6
2026-07-13 03:32:58 [info     ] algorithm2_decision            action=MAINTAIN applied_target=6 current_replicas=6 hold_until=0.0 observed_load=103.35 observed_target=6 point_forecasts=None prediction_age_sec=None predictive_target=6 proactive=False scenario=s3-hybrid-reactive target_replicas=6 upper_forecasts=None
2026-07-13 03:32:58 [debug    ] Decision loop completed        action=RECOVERY latency_ms=148.12 p99=134.0
2026-07-13 03:33:13 [debug    ] HAProxy fallback latency       delta_requests=1895 interval_avg_ms=97.7 max_rtime_ms=208.0 p99_est=195.4
2026-07-13 03:33:13 [info     ] controller_decision_v3         action=REACTIVE available_replicas=6 budget_remaining=1000 burn_adjustment=0 burst_ratio=0.201 capacity_deficit=False confidence=0 current_load=125.02970357616529 decision_id=a12d4bc3 k8s_capacity=99.9 k8s_weight=79 knative_weight=21 p99=195.4 predicted_load=0 r_effective=16.6 serverless_enabled=True total_load=125.0 weights_after={'k3s': 79, 'knative': 21} weights_before={'k3s': 90, 'knative': 10}
2026-07-13 03:33:13 [info     ] Weights updated                k3s=79 knative=21
2026-07-13 03:33:13 [info     ] Weights updated                action=REACTIVE reason='load=125RPS | k8s_cap=100RPS | (burst-routing)' weights={'k3s': 79, 'knative': 21}
2026-07-13 03:33:13 [info     ] algorithm2_scaling_decision    action=MAINTAIN alpha=0.060060060060060066 beta=0.0 buffer=1.0 current_replicas=6 predicted_load=117.69620633333605 required_resources=7.069 target_replicas=6
2026-07-13 03:33:13 [info     ] algorithm2_decision            action=MAINTAIN applied_target=6 current_replicas=6 hold_until=0.0 observed_load=117.7 observed_target=6 point_forecasts=None prediction_age_sec=None predictive_target=6 proactive=False scenario=s3-hybrid-reactive target_replicas=6 upper_forecasts=None
2026-07-13 03:33:13 [debug    ] Decision loop completed        action=REACTIVE latency_ms=109.21 p99=195.40263852242745
2026-07-13 03:33:28 [debug    ] HAProxy fallback latency       delta_requests=1718 interval_avg_ms=33.14 max_rtime_ms=208.0 p99_est=66.27
2026-07-13 03:33:28 [info     ] controller_decision_v3         action=RECOVERY available_replicas=6 budget_remaining=1000 burn_adjustment=0 burst_ratio=0.1219 capacity_deficit=False confidence=0 current_load=113.76888369504485 decision_id=38a86f03 k8s_capacity=99.9 k8s_weight=87 knative_weight=13 p99=66.3 predicted_load=0 r_effective=16.6 serverless_enabled=True total_load=113.8 weights_after={'k3s': 87, 'knative': 13} weights_before={'k3s': 79, 'knative': 21}
2026-07-13 03:33:28 [info     ] Weights updated                k3s=87 knative=13
2026-07-13 03:33:28 [info     ] Weights updated                action=RECOVERY reason='load=114RPS | k8s_cap=100RPS | (reducing-serverless)' weights={'k3s': 87, 'knative': 13}
2026-07-13 03:33:28 [info     ] algorithm2_scaling_decision    action=MAINTAIN alpha=0.060060060060060066 beta=0.0 buffer=1.0 current_replicas=6 predicted_load=119.39929363560506 required_resources=7.171 target_replicas=6
2026-07-13 03:33:28 [info     ] algorithm2_decision            action=MAINTAIN applied_target=6 current_replicas=6 hold_until=0.0 observed_load=119.4 observed_target=6 point_forecasts=None prediction_age_sec=None predictive_target=6 proactive=False scenario=s3-hybrid-reactive target_replicas=6 upper_forecasts=None
2026-07-13 03:33:28 [debug    ] Decision loop completed        action=RECOVERY latency_ms=143.8 p99=66.27124563445868
2026-07-13 03:33:43 [debug    ] HAProxy fallback latency       delta_requests=1313 interval_avg_ms=32.84 max_rtime_ms=208.0 p99_est=65.69
2026-07-13 03:33:43 [info     ] controller_decision_v3         action=RECOVERY available_replicas=6 budget_remaining=1000 burn_adjustment=0 burst_ratio=0 capacity_deficit=False confidence=0 current_load=86.76618785943977 decision_id=ada813af k8s_capacity=99.9 k8s_weight=100 knative_weight=0 p99=65.7 predicted_load=0 r_effective=16.6 serverless_enabled=False total_load=86.8 weights_after={'k3s': 100, 'knative': 0} weights_before={'k3s': 87, 'knative': 13}
2026-07-13 03:33:43 [info     ] Weights updated                k3s=100 knative=0
2026-07-13 03:33:43 [info     ] Weights updated                action=RECOVERY reason='load=87RPS | k8s_cap=100RPS | (reducing-serverless)' weights={'k3s': 100, 'knative': 0}
2026-07-13 03:33:43 [info     ] algorithm2_scaling_decision    action=MAINTAIN alpha=0.060060060060060066 beta=0.0 buffer=1.0 current_replicas=6 predicted_load=100.2675357772423 required_resources=6.022 target_replicas=6
2026-07-13 03:33:43 [info     ] algorithm2_decision            action=MAINTAIN applied_target=6 current_replicas=6 hold_until=0.0 observed_load=100.27 observed_target=6 point_forecasts=None prediction_age_sec=None predictive_target=6 proactive=False scenario=s3-hybrid-reactive target_replicas=6 upper_forecasts=None
2026-07-13 03:33:43 [debug    ] Decision loop completed        action=RECOVERY latency_ms=146.02 p99=65.68621477532369
2026-07-13 03:33:58 [debug    ] HAProxy fallback latency       delta_requests=1131 interval_avg_ms=44.17 max_rtime_ms=208.0 p99_est=88.35
2026-07-13 03:33:58 [info     ] algorithm2_scaling_decision    action=MAINTAIN alpha=0.060060060060060066 beta=0.0 buffer=1.0 current_replicas=6 predicted_load=80.72056452476394 required_resources=4.848 target_replicas=5
2026-07-13 03:33:58 [info     ] algorithm2_decision            action=MAINTAIN applied_target=5 current_replicas=6 hold_until=0.0 observed_load=80.72 observed_target=5 point_forecasts=None prediction_age_sec=None predictive_target=5 proactive=False scenario=s3-hybrid-reactive target_replicas=5 upper_forecasts=None
2026-07-13 03:33:58 [debug    ] Decision loop completed        action=MAINTAIN latency_ms=108.03 p99=88.34659593280283
2026-07-13 03:34:13 [debug    ] HAProxy fallback latency       delta_requests=1074 interval_avg_ms=86.93 max_rtime_ms=208.0 p99_est=173.86
2026-07-13 03:34:14 [info     ] algorithm2_scaling_decision    action=MAINTAIN alpha=0.060060060060060066 beta=0.0 buffer=1.0 current_replicas=6 predicted_load=72.88086935851055 required_resources=4.377 target_replicas=5
2026-07-13 03:34:14 [info     ] algorithm2_decision            action=MAINTAIN applied_target=5 current_replicas=6 hold_until=0.0 observed_load=72.88 observed_target=5 point_forecasts=None prediction_age_sec=None predictive_target=5 proactive=False scenario=s3-hybrid-reactive target_replicas=5 upper_forecasts=None
2026-07-13 03:34:14 [debug    ] Decision loop completed        action=MAINTAIN latency_ms=110.18 p99=173.86405959031657
2026-07-13 03:34:29 [debug    ] HAProxy fallback latency       delta_requests=945 interval_avg_ms=37.94 max_rtime_ms=208.0 p99_est=75.88
2026-07-13 03:34:29 [info     ] algorithm2_scaling_decision    action=MAINTAIN alpha=0.060060060060060066 beta=0.0 buffer=1.0 current_replicas=6 predicted_load=66.84648426452047 required_resources=4.015 target_replicas=5
2026-07-13 03:34:29 [info     ] algorithm2_decision            action=MAINTAIN applied_target=5 current_replicas=6 hold_until=0.0 observed_load=66.85 observed_target=5 point_forecasts=None prediction_age_sec=None predictive_target=5 proactive=False scenario=s3-hybrid-reactive target_replicas=5 upper_forecasts=None
2026-07-13 03:34:29 [debug    ] Decision loop completed        action=MAINTAIN latency_ms=104.17 p99=75.87513227513227
2026-07-13 03:34:44 [debug    ] HAProxy fallback latency       delta_requests=792 interval_avg_ms=64.0 max_rtime_ms=208.0 p99_est=128.0
2026-07-13 03:34:44 [info     ] algorithm2_scaling_decision    action=MAINTAIN alpha=0.060060060060060066 beta=0.0 buffer=1.0 current_replicas=6 predicted_load=57.52151095627538 required_resources=3.455 target_replicas=4
2026-07-13 03:34:44 [info     ] algorithm2_decision            action=MAINTAIN applied_target=4 current_replicas=6 hold_until=0.0 observed_load=57.52 observed_target=4 point_forecasts=None prediction_age_sec=None predictive_target=4 proactive=False scenario=s3-hybrid-reactive target_replicas=4 upper_forecasts=None
2026-07-13 03:34:44 [debug    ] Decision loop completed        action=MAINTAIN latency_ms=102.03 p99=128.0
2026-07-13 03:34:59 [debug    ] HAProxy fallback latency       delta_requests=1202 interval_avg_ms=86.94 max_rtime_ms=208.0 p99_est=173.87
2026-07-13 03:34:59 [info     ] algorithm2_scaling_decision    action=MAINTAIN alpha=0.060060060060060066 beta=0.0 buffer=1.0 current_replicas=6 predicted_load=65.84835111888691 required_resources=3.955 target_replicas=4
2026-07-13 03:34:59 [info     ] algorithm2_decision            action=MAINTAIN applied_target=4 current_replicas=6 hold_until=0.0 observed_load=65.85 observed_target=4 point_forecasts=None prediction_age_sec=None predictive_target=4 proactive=False scenario=s3-hybrid-reactive target_replicas=4 upper_forecasts=None
2026-07-13 03:34:59 [debug    ] Decision loop completed        action=MAINTAIN latency_ms=139.49 p99=173.8702163061564
2026-07-13 03:35:14 [debug    ] HAProxy fallback latency       delta_requests=1872 interval_avg_ms=536.79 max_rtime_ms=401.0 p99_est=401.0
2026-07-13 03:35:14 [info     ] Knative pre-warm OK            cold_start_ms=2.7
2026-07-13 03:35:14 [info     ] controller_decision_v3         action=REACTIVE available_replicas=6 budget_remaining=999 burn_adjustment=0 burst_ratio=0.1925 capacity_deficit=False confidence=0 current_load=123.71432500301572 decision_id=9ef0cf0a k8s_capacity=99.9 k8s_weight=80 knative_weight=20 p99=401.0 predicted_load=0 r_effective=16.6 serverless_enabled=True total_load=123.7 weights_after={'k3s': 80, 'knative': 20} weights_before={'k3s': 100, 'knative': 0}
2026-07-13 03:35:14 [info     ] Weights updated                k3s=80 knative=20
2026-07-13 03:35:14 [info     ] Weights updated                action=REACTIVE reason='load=124RPS | k8s_cap=100RPS | (burst-routing)' weights={'k3s': 80, 'knative': 20}
2026-07-13 03:35:14 [info     ] algorithm2_scaling_decision    action=MAINTAIN alpha=0.060060060060060066 beta=0.0 buffer=1.0 current_replicas=6 predicted_load=101.48708816517336 required_resources=6.095 target_replicas=6
2026-07-13 03:35:14 [info     ] algorithm2_decision            action=MAINTAIN applied_target=6 current_replicas=6 hold_until=0.0 observed_load=101.49 observed_target=6 point_forecasts=None prediction_age_sec=None predictive_target=6 proactive=False scenario=s3-hybrid-reactive target_replicas=6 upper_forecasts=None
2026-07-13 03:35:14 [debug    ] Decision loop completed        action=REACTIVE latency_ms=115.0 p99=401.0
2026-07-13 03:35:29 [info     ] controller_decision_v3         action=RECOVERY available_replicas=6 budget_remaining=998 burn_adjustment=0 burst_ratio=0.1703 capacity_deficit=False confidence=0 current_load=120.40557713753866 decision_id=d1332b64 k8s_capacity=99.9 k8s_weight=82 knative_weight=18 p99=401.0 predicted_load=0 r_effective=16.6 serverless_enabled=True total_load=120.4 weights_after={'k3s': 82, 'knative': 18} weights_before={'k3s': 80, 'knative': 20}
2026-07-13 03:35:29 [info     ] Weights updated                k3s=82 knative=18
2026-07-13 03:35:29 [info     ] Weights updated                action=RECOVERY reason='load=120RPS | k8s_cap=100RPS | (reducing-serverless)' weights={'k3s': 82, 'knative': 18}
2026-07-13 03:35:29 [info     ] algorithm2_scaling_decision    action=MAINTAIN alpha=0.060060060060060066 beta=0.0 buffer=1.0 current_replicas=6 predicted_load=122.05995107027718 required_resources=7.331 target_replicas=6
2026-07-13 03:35:29 [info     ] algorithm2_decision            action=MAINTAIN applied_target=6 current_replicas=6 hold_until=0.0 observed_load=122.06 observed_target=6 point_forecasts=None prediction_age_sec=None predictive_target=6 proactive=False scenario=s3-hybrid-reactive target_replicas=6 upper_forecasts=None
2026-07-13 03:35:29 [debug    ] Decision loop completed        action=RECOVERY latency_ms=151.07 p99=401.0
2026-07-13 03:35:44 [debug    ] HAProxy fallback latency       delta_requests=1424 interval_avg_ms=22.1 max_rtime_ms=401.0 p99_est=44.2
2026-07-13 03:35:44 [info     ] controller_decision_v3         action=RECOVERY available_replicas=6 budget_remaining=998 burn_adjustment=0 burst_ratio=0 capacity_deficit=False confidence=0 current_load=94.05609862722937 decision_id=a5335253 k8s_capacity=99.9 k8s_weight=100 knative_weight=0 p99=44.2 predicted_load=0 r_effective=16.6 serverless_enabled=False total_load=94.1 weights_after={'k3s': 100, 'knative': 0} weights_before={'k3s': 82, 'knative': 18}
2026-07-13 03:35:44 [info     ] Weights updated                k3s=100 knative=0
2026-07-13 03:35:44 [info     ] Weights updated                action=RECOVERY reason='load=94RPS | k8s_cap=100RPS | (reducing-serverless)' weights={'k3s': 100, 'knative': 0}
2026-07-13 03:35:44 [info     ] algorithm2_scaling_decision    action=MAINTAIN alpha=0.060060060060060066 beta=0.0 buffer=1.0 current_replicas=6 predicted_load=107.23083788238401 required_resources=6.44 target_replicas=6
2026-07-13 03:35:44 [info     ] algorithm2_decision            action=MAINTAIN applied_target=6 current_replicas=6 hold_until=0.0 observed_load=107.23 observed_target=6 point_forecasts=None prediction_age_sec=None predictive_target=6 proactive=False scenario=s3-hybrid-reactive target_replicas=6 upper_forecasts=None
2026-07-13 03:35:44 [debug    ] Decision loop completed        action=RECOVERY latency_ms=147.47 p99=44.19662921348315
2026-07-13 03:35:59 [debug    ] HAProxy fallback latency       delta_requests=1232 interval_avg_ms=38.47 max_rtime_ms=401.0 p99_est=76.94
2026-07-13 03:35:59 [info     ] algorithm2_scaling_decision    action=MAINTAIN alpha=0.060060060060060066 beta=0.0 buffer=1.0 current_replicas=6 predicted_load=87.69307918512885 required_resources=5.267 target_replicas=6
2026-07-13 03:35:59 [info     ] algorithm2_decision            action=MAINTAIN applied_target=6 current_replicas=6 hold_until=0.0 observed_load=87.69 observed_target=6 point_forecasts=None prediction_age_sec=None predictive_target=6 proactive=False scenario=s3-hybrid-reactive target_replicas=6 upper_forecasts=None
2026-07-13 03:35:59 [debug    ] Decision loop completed        action=MAINTAIN latency_ms=108.79 p99=76.9448051948052
2026-07-13 03:36:14 [debug    ] HAProxy fallback latency       delta_requests=1146 interval_avg_ms=95.59 max_rtime_ms=401.0 p99_est=191.19
2026-07-13 03:36:14 [info     ] algorithm2_scaling_decision    action=MAINTAIN alpha=0.060060060060060066 beta=0.0 buffer=1.0 current_replicas=6 predicted_load=78.58993300335261 required_resources=4.72 target_replicas=5
2026-07-13 03:36:14 [info     ] algorithm2_decision            action=MAINTAIN applied_target=5 current_replicas=6 hold_until=0.0 observed_load=78.59 observed_target=5 point_forecasts=None prediction_age_sec=None predictive_target=5 proactive=False scenario=s3-hybrid-reactive target_replicas=5 upper_forecasts=None
2026-07-13 03:36:14 [debug    ] Decision loop completed        action=MAINTAIN latency_ms=101.16 p99=191.18673647469458
2026-07-13 03:36:30 [debug    ] HAProxy fallback latency       delta_requests=1488 interval_avg_ms=115.12 max_rtime_ms=401.0 p99_est=230.25
2026-07-13 03:36:30 [info     ] algorithm2_scaling_decision    action=MAINTAIN alpha=0.060060060060060066 beta=0.0 buffer=1.0 current_replicas=6 predicted_load=87.15917607066872 required_resources=5.235 target_replicas=6
2026-07-13 03:36:30 [info     ] algorithm2_decision            action=MAINTAIN applied_target=6 current_replicas=6 hold_until=0.0 observed_load=87.16 observed_target=6 point_forecasts=None prediction_age_sec=None predictive_target=6 proactive=False scenario=s3-hybrid-reactive target_replicas=6 upper_forecasts=None
2026-07-13 03:36:30 [debug    ] Decision loop completed        action=MAINTAIN latency_ms=109.71 p99=230.247311827957
2026-07-13 03:36:45 [debug    ] HAProxy fallback latency       delta_requests=2003 interval_avg_ms=1242.04 max_rtime_ms=573.0 p99_est=573.0
2026-07-13 03:36:45 [info     ] Knative pre-warm OK            cold_start_ms=2.8
2026-07-13 03:36:45 [info     ] controller_decision_v3         action=REACTIVE available_replicas=6 budget_remaining=996 burn_adjustment=0 burst_ratio=0.246 capacity_deficit=False confidence=0 current_load=132.4949557854513 decision_id=6d897c78 k8s_capacity=99.9 k8s_weight=75 knative_weight=25 p99=573.0 predicted_load=0 r_effective=16.6 serverless_enabled=True total_load=132.5 weights_after={'k3s': 75, 'knative': 25} weights_before={'k3s': 100, 'knative': 0}
2026-07-13 03:36:45 [info     ] Weights updated                k3s=75 knative=25
2026-07-13 03:36:45 [info     ] Weights updated                action=REACTIVE reason='load=132RPS | k8s_cap=100RPS | (burst-routing)' weights={'k3s': 75, 'knative': 25}
2026-07-13 03:36:45 [info     ] algorithm2_scaling_decision    action=MAINTAIN alpha=0.060060060060060066 beta=0.0 buffer=1.0 current_replicas=6 predicted_load=115.48175083155593 required_resources=6.936 target_replicas=6
2026-07-13 03:36:45 [info     ] algorithm2_decision            action=MAINTAIN applied_target=6 current_replicas=6 hold_until=0.0 observed_load=115.48 observed_target=6 point_forecasts=None prediction_age_sec=None predictive_target=6 proactive=False scenario=s3-hybrid-reactive target_replicas=6 upper_forecasts=None
2026-07-13 03:36:45 [debug    ] Decision loop completed        action=REACTIVE latency_ms=113.11 p99=573.0
2026-07-13 03:37:00 [info     ] controller_decision_v3         action=REACTIVE available_replicas=6 budget_remaining=995 burn_adjustment=0 burst_ratio=0.3352 capacity_deficit=False confidence=0 current_load=150.2673988805776 decision_id=85830ab9 k8s_capacity=99.9 k8s_weight=66 knative_weight=34 p99=573.0 predicted_load=0 r_effective=16.6 serverless_enabled=True total_load=150.3 weights_after={'k3s': 66, 'knative': 34} weights_before={'k3s': 75, 'knative': 25}
2026-07-13 03:37:00 [info     ] Weights updated                k3s=66 knative=34
2026-07-13 03:37:00 [info     ] Weights updated                action=REACTIVE reason='load=150RPS | k8s_cap=100RPS | (burst-routing)' weights={'k3s': 66, 'knative': 34}
2026-07-13 03:37:00 [info     ] algorithm2_scaling_decision    action=MAINTAIN alpha=0.060060060060060066 beta=0.0 buffer=1.0 current_replicas=6 predicted_load=141.38117733301445 required_resources=8.491 target_replicas=6
2026-07-13 03:37:00 [info     ] algorithm2_decision            action=MAINTAIN applied_target=6 current_replicas=6 hold_until=0.0 observed_load=141.38 observed_target=6 point_forecasts=None prediction_age_sec=None predictive_target=6 proactive=False scenario=s3-hybrid-reactive target_replicas=6 upper_forecasts=None
2026-07-13 03:37:00 [debug    ] Decision loop completed        action=REACTIVE latency_ms=111.99 p99=573.0
2026-07-13 03:37:15 [debug    ] HAProxy fallback latency       delta_requests=2420 interval_avg_ms=193.35 max_rtime_ms=612.0 p99_est=386.69
2026-07-13 03:37:15 [info     ] controller_decision_v3         action=REACTIVE available_replicas=6 budget_remaining=994 burn_adjustment=0 burst_ratio=0.3762 capacity_deficit=False confidence=0 current_load=160.136479449223 decision_id=85078571 k8s_capacity=99.9 k8s_weight=62 knative_weight=38 p99=386.7 predicted_load=0 r_effective=16.6 serverless_enabled=True total_load=160.1 weights_after={'k3s': 62, 'knative': 38} weights_before={'k3s': 66, 'knative': 34}
2026-07-13 03:37:15 [info     ] Weights updated                k3s=62 knative=38
2026-07-13 03:37:15 [info     ] Weights updated                action=REACTIVE reason='load=160RPS | k8s_cap=100RPS | (burst-routing)' weights={'k3s': 62, 'knative': 38}
2026-07-13 03:37:15 [info     ] algorithm2_scaling_decision    action=MAINTAIN alpha=0.060060060060060066 beta=0.0 buffer=1.0 current_replicas=6 predicted_load=155.2019391649003 required_resources=9.321 target_replicas=6
2026-07-13 03:37:15 [info     ] algorithm2_decision            action=MAINTAIN applied_target=6 current_replicas=6 hold_until=0.0 observed_load=155.2 observed_target=6 point_forecasts=None prediction_age_sec=None predictive_target=6 proactive=False scenario=s3-hybrid-reactive target_replicas=6 upper_forecasts=None
2026-07-13 03:37:15 [debug    ] Decision loop completed        action=REACTIVE latency_ms=111.1 p99=386.6900826446281
2026-07-13 03:37:30 [info     ] controller_decision_v3         action=RECOVERY available_replicas=6 budget_remaining=993 burn_adjustment=0 burst_ratio=0.3138 capacity_deficit=False confidence=0 current_load=145.5823476889925 decision_id=6b0637a9 k8s_capacity=99.9 k8s_weight=68 knative_weight=32 p99=386.7 predicted_load=0 r_effective=16.6 serverless_enabled=True total_load=145.6 weights_after={'k3s': 68, 'knative': 32} weights_before={'k3s': 62, 'knative': 38}
2026-07-13 03:37:30 [info     ] Weights updated                k3s=68 knative=32
2026-07-13 03:37:30 [info     ] Weights updated                action=RECOVERY reason='load=146RPS | k8s_cap=100RPS | (reducing-serverless)' weights={'k3s': 68, 'knative': 32}
2026-07-13 03:37:30 [info     ] algorithm2_scaling_decision    action=MAINTAIN alpha=0.060060060060060066 beta=0.0 buffer=1.0 current_replicas=6 predicted_load=152.85941356910774 required_resources=9.181 target_replicas=6
2026-07-13 03:37:30 [info     ] algorithm2_decision            action=MAINTAIN applied_target=6 current_replicas=6 hold_until=0.0 observed_load=152.86 observed_target=6 point_forecasts=None prediction_age_sec=None predictive_target=6 proactive=False scenario=s3-hybrid-reactive target_replicas=6 upper_forecasts=None
2026-07-13 03:37:30 [debug    ] Decision loop completed        action=RECOVERY latency_ms=144.94 p99=386.6900826446281
2026-07-13 03:37:45 [info     ] controller_decision_v3         action=RECOVERY available_replicas=6 budget_remaining=992 burn_adjustment=0 burst_ratio=0.184 capacity_deficit=False confidence=0 current_load=122.42204707788711 decision_id=760f7417 k8s_capacity=99.9 k8s_weight=81 knative_weight=19 p99=386.7 predicted_load=0 r_effective=16.6 serverless_enabled=True total_load=122.4 weights_after={'k3s': 81, 'knative': 19} weights_before={'k3s': 68, 'knative': 32}
2026-07-13 03:37:45 [info     ] Weights updated                k3s=81 knative=19
2026-07-13 03:37:45 [info     ] Weights updated                action=RECOVERY reason='load=122RPS | k8s_cap=100RPS | (reducing-serverless)' weights={'k3s': 81, 'knative': 19}
2026-07-13 03:37:45 [info     ] algorithm2_scaling_decision    action=MAINTAIN alpha=0.060060060060060066 beta=0.0 buffer=1.0 current_replicas=6 predicted_load=134.0021973834398 required_resources=8.048 target_replicas=6
2026-07-13 03:37:45 [info     ] algorithm2_decision            action=MAINTAIN applied_target=6 current_replicas=6 hold_until=0.0 observed_load=134.0 observed_target=6 point_forecasts=None prediction_age_sec=None predictive_target=6 proactive=False scenario=s3-hybrid-reactive target_replicas=6 upper_forecasts=None
2026-07-13 03:37:45 [debug    ] Decision loop completed        action=RECOVERY latency_ms=140.57 p99=386.6900826446281
2026-07-13 03:38:00 [debug    ] HAProxy fallback latency       delta_requests=1786 interval_avg_ms=119.96 max_rtime_ms=612.0 p99_est=239.92
2026-07-13 03:38:00 [info     ] controller_decision_v3         action=RECOVERY available_replicas=6 budget_remaining=991 burn_adjustment=0 burst_ratio=0.1531 capacity_deficit=False confidence=0 current_load=117.96071372793536 decision_id=40f0b7bd k8s_capacity=99.9 k8s_weight=84 knative_weight=16 p99=239.9 predicted_load=0 r_effective=16.6 serverless_enabled=True total_load=118.0 weights_after={'k3s': 84, 'knative': 16} weights_before={'k3s': 81, 'knative': 19}
2026-07-13 03:38:00 [info     ] Weights updated                k3s=84 knative=16
2026-07-13 03:38:00 [info     ] Weights updated                action=RECOVERY reason='load=118RPS | k8s_cap=100RPS | (reducing-serverless)' weights={'k3s': 84, 'knative': 16}
2026-07-13 03:38:00 [info     ] algorithm2_scaling_decision    action=MAINTAIN alpha=0.060060060060060066 beta=0.0 buffer=1.0 current_replicas=6 predicted_load=120.19138040291124 required_resources=7.219 target_replicas=6
2026-07-13 03:38:00 [info     ] algorithm2_decision            action=MAINTAIN applied_target=6 current_replicas=6 hold_until=0.0 observed_load=120.19 observed_target=6 point_forecasts=None prediction_age_sec=None predictive_target=6 proactive=False scenario=s3-hybrid-reactive target_replicas=6 upper_forecasts=None
2026-07-13 03:38:00 [debug    ] Decision loop completed        action=RECOVERY latency_ms=138.81 p99=239.9238521836506
2026-07-13 03:38:15 [debug    ] HAProxy fallback latency       delta_requests=1822 interval_avg_ms=67.0 max_rtime_ms=612.0 p99_est=134.0
2026-07-13 03:38:15 [info     ] controller_decision_v3         action=REACTIVE available_replicas=6 budget_remaining=991 burn_adjustment=0 burst_ratio=0.1699 capacity_deficit=False confidence=0 current_load=120.34643939889881 decision_id=9e95a79b k8s_capacity=99.9 k8s_weight=83 knative_weight=17 p99=134.0 predicted_load=0 r_effective=16.6 serverless_enabled=True total_load=120.3 weights_after={'k3s': 83, 'knative': 17} weights_before={'k3s': 84, 'knative': 16}
2026-07-13 03:38:15 [info     ] Weights updated                k3s=83 knative=17
2026-07-13 03:38:15 [info     ] Weights updated                action=REACTIVE reason='load=120RPS | k8s_cap=100RPS | (burst-routing)' weights={'k3s': 83, 'knative': 17}
2026-07-13 03:38:15 [info     ] algorithm2_scaling_decision    action=MAINTAIN alpha=0.060060060060060066 beta=0.0 buffer=1.0 current_replicas=6 predicted_load=119.15357656341709 required_resources=7.156 target_replicas=6
2026-07-13 03:38:15 [info     ] algorithm2_decision            action=MAINTAIN applied_target=6 current_replicas=6 hold_until=0.0 observed_load=119.15 observed_target=6 point_forecasts=None prediction_age_sec=None predictive_target=6 proactive=False scenario=s3-hybrid-reactive target_replicas=6 upper_forecasts=None
2026-07-13 03:38:15 [debug    ] Decision loop completed        action=REACTIVE latency_ms=105.3 p99=134.0
2026-07-13 03:38:31 [debug    ] HAProxy fallback latency       delta_requests=1816 interval_avg_ms=37.97 max_rtime_ms=612.0 p99_est=75.94
2026-07-13 03:38:31 [info     ] algorithm2_scaling_decision    action=MAINTAIN alpha=0.060060060060060066 beta=0.0 buffer=1.0 current_replicas=6 predicted_load=120.25203954210897 required_resources=7.222 target_replicas=6
2026-07-13 03:38:31 [info     ] algorithm2_decision            action=MAINTAIN applied_target=6 current_replicas=6 hold_until=0.0 observed_load=120.25 observed_target=6 point_forecasts=None prediction_age_sec=None predictive_target=6 proactive=False scenario=s3-hybrid-reactive target_replicas=6 upper_forecasts=None
2026-07-13 03:38:31 [debug    ] Decision loop completed        action=MAINTAIN latency_ms=110.51 p99=75.93942731277534
2026-07-13 03:38:46 [debug    ] HAProxy fallback latency       delta_requests=1787 interval_avg_ms=188.01 max_rtime_ms=612.0 p99_est=376.01
2026-07-13 03:38:46 [info     ] controller_decision_v3         action=RECOVERY available_replicas=6 budget_remaining=990 burn_adjustment=0 burst_ratio=0.1553 capacity_deficit=False confidence=0 current_load=118.26045174979515 decision_id=cfc0b042 k8s_capacity=99.9 k8s_weight=84 knative_weight=16 p99=376.0 predicted_load=0 r_effective=16.6 serverless_enabled=True total_load=118.3 weights_after={'k3s': 84, 'knative': 16} weights_before={'k3s': 83, 'knative': 17}
2026-07-13 03:38:46 [info     ] Weights updated                k3s=84 knative=16
2026-07-13 03:38:46 [info     ] Weights updated                action=RECOVERY reason='load=118RPS | k8s_cap=100RPS | (reducing-serverless)' weights={'k3s': 84, 'knative': 16}
2026-07-13 03:38:46 [info     ] algorithm2_scaling_decision    action=MAINTAIN alpha=0.060060060060060066 beta=0.0 buffer=1.0 current_replicas=6 predicted_load=119.20904571755716 required_resources=7.16 target_replicas=6
2026-07-13 03:38:46 [info     ] algorithm2_decision            action=MAINTAIN applied_target=6 current_replicas=6 hold_until=0.0 observed_load=119.21 observed_target=6 point_forecasts=None prediction_age_sec=None predictive_target=6 proactive=False scenario=s3-hybrid-reactive target_replicas=6 upper_forecasts=None
2026-07-13 03:38:46 [debug    ] Decision loop completed        action=RECOVERY latency_ms=154.83 p99=376.0111919418019
2026-07-13 03:39:01 [info     ] controller_decision_v3         action=RECOVERY available_replicas=6 budget_remaining=989 burn_adjustment=0 burst_ratio=0.0264 capacity_deficit=False confidence=0 current_load=102.60727401376147 decision_id=adb5020d k8s_capacity=99.9 k8s_weight=97 knative_weight=3 p99=376.0 predicted_load=0 r_effective=16.6 serverless_enabled=True total_load=102.6 weights_after={'k3s': 97, 'knative': 3} weights_before={'k3s': 84, 'knative': 16}
2026-07-13 03:39:01 [info     ] Weights updated                k3s=97 knative=3
2026-07-13 03:39:01 [info     ] Weights updated                action=RECOVERY reason='load=103RPS | k8s_cap=100RPS | (reducing-serverless)' weights={'k3s': 97, 'knative': 3}
2026-07-13 03:39:01 [info     ] algorithm2_scaling_decision    action=MAINTAIN alpha=0.060060060060060066 beta=0.0 buffer=1.0 current_replicas=6 predicted_load=110.43386288177831 required_resources=6.633 target_replicas=6
2026-07-13 03:39:01 [info     ] algorithm2_decision            action=MAINTAIN applied_target=6 current_replicas=6 hold_until=0.0 observed_load=110.43 observed_target=6 point_forecasts=None prediction_age_sec=None predictive_target=6 proactive=False scenario=s3-hybrid-reactive target_replicas=6 upper_forecasts=None
2026-07-13 03:39:01 [debug    ] Decision loop completed        action=RECOVERY latency_ms=143.55 p99=376.0111919418019
2026-07-13 03:39:16 [debug    ] HAProxy fallback latency       delta_requests=1259 interval_avg_ms=65.0 max_rtime_ms=612.0 p99_est=130.0
2026-07-13 03:39:16 [info     ] controller_decision_v3         action=RECOVERY available_replicas=6 budget_remaining=989 burn_adjustment=0 burst_ratio=0 capacity_deficit=False confidence=0 current_load=83.20311842819969 decision_id=4262c64b k8s_capacity=99.9 k8s_weight=100 knative_weight=0 p99=130.0 predicted_load=0 r_effective=16.6 serverless_enabled=False total_load=83.2 weights_after={'k3s': 100, 'knative': 0} weights_before={'k3s': 97, 'knative': 3}
2026-07-13 03:39:16 [info     ] Weights updated                k3s=100 knative=0
2026-07-13 03:39:16 [info     ] Weights updated                action=RECOVERY reason='load=83RPS | k8s_cap=100RPS | (reducing-serverless)' weights={'k3s': 100, 'knative': 0}
2026-07-13 03:39:16 [info     ] algorithm2_scaling_decision    action=MAINTAIN alpha=0.060060060060060066 beta=0.0 buffer=1.0 current_replicas=6 predicted_load=92.90519622098057 required_resources=5.58 target_replicas=6
2026-07-13 03:39:16 [info     ] algorithm2_decision            action=MAINTAIN applied_target=6 current_replicas=6 hold_until=0.0 observed_load=92.91 observed_target=6 point_forecasts=None prediction_age_sec=None predictive_target=6 proactive=False scenario=s3-hybrid-reactive target_replicas=6 upper_forecasts=None
2026-07-13 03:39:16 [debug    ] Decision loop completed        action=RECOVERY latency_ms=138.2 p99=130.0
2026-07-13 03:39:31 [debug    ] HAProxy fallback latency       delta_requests=1120 interval_avg_ms=65.0 max_rtime_ms=612.0 p99_est=130.0
2026-07-13 03:39:31 [info     ] algorithm2_scaling_decision    action=MAINTAIN alpha=0.060060060060060066 beta=0.0 buffer=1.0 current_replicas=6 predicted_load=78.59257785975664 required_resources=4.72 target_replicas=5
2026-07-13 03:39:31 [info     ] algorithm2_decision            action=MAINTAIN applied_target=5 current_replicas=6 hold_until=0.0 observed_load=78.59 observed_target=5 point_forecasts=None prediction_age_sec=None predictive_target=5 proactive=False scenario=s3-hybrid-reactive target_replicas=5 upper_forecasts=None
2026-07-13 03:39:31 [debug    ] Decision loop completed        action=MAINTAIN latency_ms=110.19 p99=130.0
2026-07-13 03:39:46 [debug    ] HAProxy fallback latency       delta_requests=1043 interval_avg_ms=122.03 max_rtime_ms=612.0 p99_est=244.06
2026-07-13 03:39:46 [info     ] algorithm2_scaling_decision    action=MAINTAIN alpha=0.060060060060060066 beta=0.0 buffer=1.0 current_replicas=6 predicted_load=71.50465576632138 required_resources=4.295 target_replicas=5
2026-07-13 03:39:46 [info     ] algorithm2_decision            action=MAINTAIN applied_target=5 current_replicas=6 hold_until=0.0 observed_load=71.5 observed_target=5 point_forecasts=None prediction_age_sec=None predictive_target=5 proactive=False scenario=s3-hybrid-reactive target_replicas=5 upper_forecasts=None
2026-07-13 03:39:46 [debug    ] Decision loop completed        action=MAINTAIN latency_ms=105.39 p99=244.0594439117929
2026-07-13 03:40:01 [debug    ] HAProxy fallback latency       delta_requests=1174 interval_avg_ms=117.67 max_rtime_ms=612.0 p99_est=235.33
2026-07-13 03:40:01 [info     ] algorithm2_scaling_decision    action=MAINTAIN alpha=0.060060060060060066 beta=0.0 buffer=1.0 current_replicas=6 predicted_load=73.37405801388387 required_resources=4.407 target_replicas=5
2026-07-13 03:40:01 [info     ] algorithm2_decision            action=MAINTAIN applied_target=5 current_replicas=6 hold_until=0.0 observed_load=73.37 observed_target=5 point_forecasts=None prediction_age_sec=None predictive_target=5 proactive=False scenario=s3-hybrid-reactive target_replicas=5 upper_forecasts=None
2026-07-13 03:40:01 [debug    ] Decision loop completed        action=MAINTAIN latency_ms=103.6 p99=235.3321976149915
2026-07-13 03:40:16 [debug    ] HAProxy fallback latency       delta_requests=1328 interval_avg_ms=113.67 max_rtime_ms=612.0 p99_est=227.35
2026-07-13 03:40:16 [info     ] algorithm2_scaling_decision    action=MAINTAIN alpha=0.060060060060060066 beta=0.0 buffer=1.0 current_replicas=6 predicted_load=82.82309835054672 required_resources=4.974 target_replicas=5
2026-07-13 03:40:16 [info     ] algorithm2_decision            action=MAINTAIN applied_target=5 current_replicas=6 hold_until=0.0 observed_load=82.82 observed_target=5 point_forecasts=None prediction_age_sec=None predictive_target=5 proactive=False scenario=s3-hybrid-reactive target_replicas=5 upper_forecasts=None
2026-07-13 03:40:16 [debug    ] Decision loop completed        action=MAINTAIN latency_ms=105.78 p99=227.34939759036143
2026-07-13 03:40:32 [info     ] algorithm2_scaling_decision    action=MAINTAIN alpha=0.060060060060060066 beta=0.0 buffer=1.0 current_replicas=6 predicted_load=80.20628419062453 required_resources=4.817 target_replicas=5
2026-07-13 03:40:32 [info     ] algorithm2_decision            action=MAINTAIN applied_target=5 current_replicas=6 hold_until=0.0 observed_load=80.21 observed_target=5 point_forecasts=None prediction_age_sec=None predictive_target=5 proactive=False scenario=s3-hybrid-reactive target_replicas=5 upper_forecasts=None
2026-07-13 03:40:32 [debug    ] Decision loop completed        action=MAINTAIN latency_ms=107.24 p99=227.34939759036143
2026-07-13 03:40:47 [info     ] algorithm2_scaling_decision    action=MAINTAIN alpha=0.060060060060060066 beta=0.0 buffer=1.0 current_replicas=6 predicted_load=61.926611383742454 required_resources=3.719 target_replicas=4
2026-07-13 03:40:47 [info     ] algorithm2_decision            action=MAINTAIN applied_target=4 current_replicas=6 hold_until=0.0 observed_load=61.93 observed_target=4 point_forecasts=None prediction_age_sec=None predictive_target=4 proactive=False scenario=s3-hybrid-reactive target_replicas=4 upper_forecasts=None
2026-07-13 03:40:47 [debug    ] Decision loop completed        action=MAINTAIN latency_ms=109.12 p99=227.34939759036143
2026-07-13 03:41:02 [debug    ] HAProxy fallback latency       delta_requests=703 interval_avg_ms=64.0 max_rtime_ms=612.0 p99_est=128.0
2026-07-13 03:41:02 [info     ] algorithm2_scaling_decision    action=MAINTAIN alpha=0.060060060060060066 beta=0.0 buffer=1.0 current_replicas=6 predicted_load=48.947078690113685 required_resources=2.94 target_replicas=3
2026-07-13 03:41:02 [info     ] algorithm2_decision            action=MAINTAIN applied_target=3 current_replicas=6 hold_until=0.0 observed_load=48.95 observed_target=3 point_forecasts=None prediction_age_sec=None predictive_target=3 proactive=False scenario=s3-hybrid-reactive target_replicas=3 upper_forecasts=None
2026-07-13 03:41:02 [debug    ] Decision loop completed        action=MAINTAIN latency_ms=108.63 p99=128.0
2026-07-13 03:41:17 [debug    ] HAProxy fallback latency       delta_requests=693 interval_avg_ms=64.0 max_rtime_ms=612.0 p99_est=128.0
2026-07-13 03:41:17 [info     ] algorithm2_scaling_decision    action=MAINTAIN alpha=0.060060060060060066 beta=0.0 buffer=1.0 current_replicas=6 predicted_load=46.19624285082396 required_resources=2.775 target_replicas=3
2026-07-13 03:41:17 [info     ] algorithm2_decision            action=MAINTAIN applied_target=3 current_replicas=6 hold_until=0.0 observed_load=46.2 observed_target=3 point_forecasts=None prediction_age_sec=None predictive_target=3 proactive=False scenario=s3-hybrid-reactive target_replicas=3 upper_forecasts=None
2026-07-13 03:41:17 [debug    ] Decision loop completed        action=MAINTAIN latency_ms=111.38 p99=128.0
2026-07-13 03:41:32 [info     ] algorithm2_scaling_decision    action=MAINTAIN alpha=0.060060060060060066 beta=0.0 buffer=1.0 current_replicas=6 predicted_load=44.60485035288703 required_resources=2.679 target_replicas=3
2026-07-13 03:41:32 [info     ] algorithm2_decision            action=MAINTAIN applied_target=3 current_replicas=6 hold_until=0.0 observed_load=44.6 observed_target=3 point_forecasts=None prediction_age_sec=None predictive_target=3 proactive=False scenario=s3-hybrid-reactive target_replicas=3 upper_forecasts=None
2026-07-13 03:41:32 [debug    ] Decision loop completed        action=MAINTAIN latency_ms=106.12 p99=128.0
2026-07-13 03:41:47 [debug    ] HAProxy fallback latency       delta_requests=633 interval_avg_ms=168.11 max_rtime_ms=612.0 p99_est=336.23
2026-07-13 03:41:47 [info     ] algorithm2_scaling_decision    action=MAINTAIN alpha=0.060060060060060066 beta=0.0 buffer=1.0 current_replicas=6 predicted_load=42.62483751284323 required_resources=2.56 target_replicas=3
2026-07-13 03:41:47 [info     ] algorithm2_decision            action=MAINTAIN applied_target=3 current_replicas=6 hold_until=0.0 observed_load=42.62 observed_target=3 point_forecasts=None prediction_age_sec=None predictive_target=3 proactive=False scenario=s3-hybrid-reactive target_replicas=3 upper_forecasts=None
2026-07-13 03:41:47 [debug    ] Decision loop completed        action=MAINTAIN latency_ms=107.89 p99=336.22748815165875
2026-07-13 03:42:02 [debug    ] HAProxy fallback latency       delta_requests=833 interval_avg_ms=64.0 max_rtime_ms=612.0 p99_est=128.0
2026-07-13 03:42:02 [info     ] algorithm2_scaling_decision    action=MAINTAIN alpha=0.060060060060060066 beta=0.0 buffer=1.0 current_replicas=6 predicted_load=48.45423144096981 required_resources=2.91 target_replicas=3
2026-07-13 03:42:02 [info     ] algorithm2_decision            action=MAINTAIN applied_target=3 current_replicas=6 hold_until=0.0 observed_load=48.45 observed_target=3 point_forecasts=None prediction_age_sec=None predictive_target=3 proactive=False scenario=s3-hybrid-reactive target_replicas=3 upper_forecasts=None
2026-07-13 03:42:02 [debug    ] Decision loop completed        action=MAINTAIN latency_ms=115.55 p99=128.0
2026-07-13 03:42:17 [debug    ] HAProxy fallback latency       delta_requests=1058 interval_avg_ms=64.0 max_rtime_ms=612.0 p99_est=128.0
2026-07-13 03:42:17 [info     ] algorithm2_scaling_decision    action=MAINTAIN alpha=0.060060060060060066 beta=0.0 buffer=1.0 current_replicas=6 predicted_load=62.53160154040306 required_resources=3.756 target_replicas=4
2026-07-13 03:42:17 [info     ] algorithm2_decision            action=MAINTAIN applied_target=4 current_replicas=6 hold_until=0.0 observed_load=62.53 observed_target=4 point_forecasts=None prediction_age_sec=None predictive_target=4 proactive=False scenario=s3-hybrid-reactive target_replicas=4 upper_forecasts=None
2026-07-13 03:42:17 [debug    ] Decision loop completed        action=MAINTAIN latency_ms=110.68 p99=128.0
2026-07-13 03:42:32 [debug    ] HAProxy fallback latency       delta_requests=1075 interval_avg_ms=128.65 max_rtime_ms=612.0 p99_est=257.31
2026-07-13 03:42:32 [info     ] algorithm2_scaling_decision    action=MAINTAIN alpha=0.060060060060060066 beta=0.0 buffer=1.0 current_replicas=6 predicted_load=70.6009671835512 required_resources=4.24 target_replicas=5
2026-07-13 03:42:32 [info     ] algorithm2_decision            action=MAINTAIN applied_target=5 current_replicas=6 hold_until=0.0 observed_load=70.6 observed_target=5 point_forecasts=None prediction_age_sec=None predictive_target=5 proactive=False scenario=s3-hybrid-reactive target_replicas=5 upper_forecasts=None
2026-07-13 03:42:32 [debug    ] Decision loop completed        action=MAINTAIN latency_ms=107.56 p99=257.30790697674416
2026-07-13 03:42:47 [debug    ] HAProxy fallback latency       delta_requests=1050 interval_avg_ms=132.19 max_rtime_ms=612.0 p99_est=264.39
2026-07-13 03:42:48 [info     ] algorithm2_scaling_decision    action=MAINTAIN alpha=0.060060060060060066 beta=0.0 buffer=1.0 current_replicas=6 predicted_load=70.32218844019293 required_resources=4.224 target_replicas=5
2026-07-13 03:42:48 [info     ] algorithm2_decision            action=MAINTAIN applied_target=5 current_replicas=6 hold_until=0.0 observed_load=70.32 observed_target=5 point_forecasts=None prediction_age_sec=None predictive_target=5 proactive=False scenario=s3-hybrid-reactive target_replicas=5 upper_forecasts=None
2026-07-13 03:42:48 [debug    ] Decision loop completed        action=MAINTAIN latency_ms=106.92 p99=264.38666666666666
2026-07-13 03:43:03 [info     ] algorithm2_scaling_decision    action=MAINTAIN alpha=0.060060060060060066 beta=0.0 buffer=1.0 current_replicas=6 predicted_load=70.19828293373104 required_resources=4.216 target_replicas=5
2026-07-13 03:43:03 [info     ] algorithm2_decision            action=MAINTAIN applied_target=5 current_replicas=6 hold_until=0.0 observed_load=70.2 observed_target=5 point_forecasts=None prediction_age_sec=None predictive_target=5 proactive=False scenario=s3-hybrid-reactive target_replicas=5 upper_forecasts=None
2026-07-13 03:43:03 [debug    ] Decision loop completed        action=MAINTAIN latency_ms=107.02 p99=264.38666666666666
2026-07-13 03:43:18 [debug    ] HAProxy fallback latency       delta_requests=1130 interval_avg_ms=0.62 max_rtime_ms=612.0 p99_est=1.23
2026-07-13 03:43:18 [info     ] algorithm2_scaling_decision    action=MAINTAIN alpha=0.060060060060060066 beta=0.0 buffer=1.0 current_replicas=6 predicted_load=72.78076095028878 required_resources=4.371 target_replicas=5
2026-07-13 03:43:18 [info     ] algorithm2_decision            action=MAINTAIN applied_target=5 current_replicas=6 hold_until=0.0 observed_load=72.78 observed_target=5 point_forecasts=None prediction_age_sec=None predictive_target=5 proactive=False scenario=s3-hybrid-reactive target_replicas=5 upper_forecasts=None
2026-07-13 03:43:18 [debug    ] Decision loop completed        action=MAINTAIN latency_ms=110.06 p99=1.2318584070796461
2026-07-13 03:43:33 [debug    ] HAProxy fallback latency       delta_requests=1392 interval_avg_ms=117.27 max_rtime_ms=612.0 p99_est=234.53
2026-07-13 03:43:33 [info     ] algorithm2_scaling_decision    action=MAINTAIN alpha=0.060060060060060066 beta=0.0 buffer=1.0 current_replicas=6 predicted_load=83.39406830590725 required_resources=5.009 target_replicas=6
2026-07-13 03:43:33 [info     ] algorithm2_decision            action=MAINTAIN applied_target=6 current_replicas=6 hold_until=0.0 observed_load=83.39 observed_target=6 point_forecasts=None prediction_age_sec=None predictive_target=6 proactive=False scenario=s3-hybrid-reactive target_replicas=6 upper_forecasts=None
2026-07-13 03:43:33 [debug    ] Decision loop completed        action=MAINTAIN latency_ms=111.33 p99=234.5316091954023
2026-07-13 03:43:48 [debug    ] HAProxy fallback latency       delta_requests=1635 interval_avg_ms=157.7 max_rtime_ms=612.0 p99_est=315.4
2026-07-13 03:43:48 [info     ] Knative pre-warm OK            cold_start_ms=2.5
2026-07-13 03:43:48 [info     ] controller_decision_v3         action=REACTIVE available_replicas=6 budget_remaining=978 burn_adjustment=0 burst_ratio=0.0766 capacity_deficit=False confidence=0 current_load=108.19261246439562 decision_id=82648cf0 k8s_capacity=99.9 k8s_weight=92 knative_weight=8 p99=315.4 predicted_load=0 r_effective=16.6 serverless_enabled=True total_load=108.2 weights_after={'k3s': 92, 'knative': 8} weights_before={'k3s': 100, 'knative': 0}
2026-07-13 03:43:48 [info     ] Weights updated                k3s=92 knative=8
2026-07-13 03:43:48 [info     ] Weights updated                action=REACTIVE reason='load=108RPS | k8s_cap=100RPS | (burst-routing)' weights={'k3s': 92, 'knative': 8}
2026-07-13 03:43:48 [info     ] algorithm2_scaling_decision    action=MAINTAIN alpha=0.060060060060060066 beta=0.0 buffer=1.0 current_replicas=6 predicted_load=100.15714919436053 required_resources=6.015 target_replicas=6
2026-07-13 03:43:48 [info     ] algorithm2_decision            action=MAINTAIN applied_target=6 current_replicas=6 hold_until=0.0 observed_load=100.16 observed_target=6 point_forecasts=None prediction_age_sec=None predictive_target=6 proactive=False scenario=s3-hybrid-reactive target_replicas=6 upper_forecasts=None
2026-07-13 03:43:48 [debug    ] Decision loop completed        action=REACTIVE latency_ms=109.2 p99=315.3969418960245
2026-07-13 03:44:03 [debug    ] HAProxy fallback latency       delta_requests=1451 interval_avg_ms=13.77 max_rtime_ms=612.0 p99_est=27.55
2026-07-13 03:44:03 [info     ] controller_decision_v3         action=RECOVERY available_replicas=6 budget_remaining=978 burn_adjustment=0 burst_ratio=0 capacity_deficit=False confidence=0 current_load=96.037532233907 decision_id=5aa806bb k8s_capacity=99.9 k8s_weight=100 knative_weight=0 p99=27.5 predicted_load=0 r_effective=16.6 serverless_enabled=False total_load=96.0 weights_after={'k3s': 100, 'knative': 0} weights_before={'k3s': 92, 'knative': 8}
2026-07-13 03:44:03 [info     ] Weights updated                k3s=100 knative=0
2026-07-13 03:44:03 [info     ] Weights updated                action=RECOVERY reason='load=96RPS | k8s_cap=100RPS | (reducing-serverless)' weights={'k3s': 100, 'knative': 0}
2026-07-13 03:44:03 [info     ] algorithm2_scaling_decision    action=MAINTAIN alpha=0.060060060060060066 beta=0.0 buffer=1.0 current_replicas=6 predicted_load=102.11507234915132 required_resources=6.133 target_replicas=6
2026-07-13 03:44:03 [info     ] algorithm2_decision            action=MAINTAIN applied_target=6 current_replicas=6 hold_until=0.0 observed_load=102.12 observed_target=6 point_forecasts=None prediction_age_sec=None predictive_target=6 proactive=False scenario=s3-hybrid-reactive target_replicas=6 upper_forecasts=None
2026-07-13 03:44:03 [debug    ] Decision loop completed        action=RECOVERY latency_ms=145.44 p99=27.546519641626464
2026-07-13 03:44:18 [info     ] algorithm2_scaling_decision    action=MAINTAIN alpha=0.060060060060060066 beta=0.0 buffer=1.0 current_replicas=6 predicted_load=87.23581949366195 required_resources=5.239 target_replicas=6
2026-07-13 03:44:18 [info     ] algorithm2_decision            action=MAINTAIN applied_target=6 current_replicas=6 hold_until=0.0 observed_load=87.24 observed_target=6 point_forecasts=None prediction_age_sec=None predictive_target=6 proactive=False scenario=s3-hybrid-reactive target_replicas=6 upper_forecasts=None
2026-07-13 03:44:18 [debug    ] Decision loop completed        action=MAINTAIN latency_ms=103.83 p99=27.546519641626464
2026-07-13 03:44:33 [info     ] algorithm2_scaling_decision    action=MAINTAIN alpha=0.060060060060060066 beta=0.0 buffer=1.0 current_replicas=6 predicted_load=69.83838670141249 required_resources=4.194 target_replicas=5
2026-07-13 03:44:33 [info     ] algorithm2_decision            action=MAINTAIN applied_target=5 current_replicas=6 hold_until=0.0 observed_load=69.84 observed_target=5 point_forecasts=None prediction_age_sec=None predictive_target=5 proactive=False scenario=s3-hybrid-reactive target_replicas=5 upper_forecasts=None
2026-07-13 03:44:33 [debug    ] Decision loop completed        action=MAINTAIN latency_ms=105.04 p99=27.546519641626464
2026-07-13 03:44:48 [debug    ] HAProxy fallback latency       delta_requests=696 interval_avg_ms=64.0 max_rtime_ms=612.0 p99_est=128.0
2026-07-13 03:44:48 [info     ] algorithm2_scaling_decision    action=MAINTAIN alpha=0.060060060060060066 beta=0.0 buffer=1.0 current_replicas=6 predicted_load=53.6933783120327 required_resources=3.225 target_replicas=4
2026-07-13 03:44:48 [info     ] algorithm2_decision            action=MAINTAIN applied_target=4 current_replicas=6 hold_until=0.0 observed_load=53.69 observed_target=4 point_forecasts=None prediction_age_sec=None predictive_target=4 proactive=False scenario=s3-hybrid-reactive target_replicas=4 upper_forecasts=None
2026-07-13 03:44:48 [debug    ] Decision loop completed        action=MAINTAIN latency_ms=109.3 p99=128.0
2026-07-13 03:45:03 [debug    ] HAProxy fallback latency       delta_requests=658 interval_avg_ms=64.0 max_rtime_ms=612.0 p99_est=128.0
2026-07-13 03:45:04 [info     ] algorithm2_scaling_decision    action=MAINTAIN alpha=0.060060060060060066 beta=0.0 buffer=1.0 current_replicas=6 predicted_load=44.8130112039193 required_resources=2.691 target_replicas=3
2026-07-13 03:45:04 [info     ] algorithm2_decision            action=MAINTAIN applied_target=3 current_replicas=6 hold_until=0.0 observed_load=44.81 observed_target=3 point_forecasts=None prediction_age_sec=None predictive_target=3 proactive=False scenario=s3-hybrid-reactive target_replicas=3 upper_forecasts=None
2026-07-13 03:45:04 [debug    ] Decision loop completed        action=MAINTAIN latency_ms=111.18 p99=128.0
2026-07-13 03:45:19 [info     ] algorithm2_scaling_decision    action=MAINTAIN alpha=0.060060060060060066 beta=0.0 buffer=1.0 current_replicas=6 predicted_load=43.777278510503606 required_resources=2.629 target_replicas=3
2026-07-13 03:45:19 [info     ] algorithm2_decision            action=MAINTAIN applied_target=3 current_replicas=6 hold_until=0.0 observed_load=43.78 observed_target=3 point_forecasts=None prediction_age_sec=None predictive_target=3 proactive=False scenario=s3-hybrid-reactive target_replicas=3 upper_forecasts=None
2026-07-13 03:45:19 [debug    ] Decision loop completed        action=MAINTAIN latency_ms=107.51 p99=128.0
2026-07-13 03:45:34 [debug    ] HAProxy fallback latency       delta_requests=773 interval_avg_ms=275.51 max_rtime_ms=612.0 p99_est=551.02
2026-07-13 03:45:34 [info     ] algorithm2_scaling_decision    action=MAINTAIN alpha=0.060060060060060066 beta=0.0 buffer=1.0 current_replicas=6 predicted_load=47.61950816340422 required_resources=2.86 target_replicas=3
2026-07-13 03:45:34 [info     ] algorithm2_decision            action=MAINTAIN applied_target=3 current_replicas=6 hold_until=0.0 observed_load=47.62 observed_target=3 point_forecasts=None prediction_age_sec=None predictive_target=3 proactive=False scenario=s3-hybrid-reactive target_replicas=3 upper_forecasts=None
2026-07-13 03:45:34 [debug    ] Decision loop completed        action=MAINTAIN latency_ms=102.47 p99=551.0245795601552
2026-07-13 03:45:49 [info     ] algorithm2_scaling_decision    action=MAINTAIN alpha=0.060060060060060066 beta=0.0 buffer=1.0 current_replicas=6 predicted_load=53.85755778018796 required_resources=3.235 target_replicas=4
2026-07-13 03:45:49 [info     ] algorithm2_decision            action=MAINTAIN applied_target=4 current_replicas=6 hold_until=0.0 observed_load=53.86 observed_target=4 point_forecasts=None prediction_age_sec=None predictive_target=4 proactive=False scenario=s3-hybrid-reactive target_replicas=4 upper_forecasts=None
2026-07-13 03:45:49 [debug    ] Decision loop completed        action=MAINTAIN latency_ms=112.97 p99=551.0245795601552
2026-07-13 03:46:04 [debug    ] HAProxy fallback latency       delta_requests=720 interval_avg_ms=180.26 max_rtime_ms=612.0 p99_est=360.53
2026-07-13 03:46:04 [info     ] algorithm2_scaling_decision    action=MAINTAIN alpha=0.060060060060060066 beta=0.0 buffer=1.0 current_replicas=6 predicted_load=52.12736204134778 required_resources=3.131 target_replicas=4
2026-07-13 03:46:04 [info     ] algorithm2_decision            action=MAINTAIN applied_target=4 current_replicas=6 hold_until=0.0 observed_load=52.13 observed_target=4 point_forecasts=None prediction_age_sec=None predictive_target=4 proactive=False scenario=s3-hybrid-reactive target_replicas=4 upper_forecasts=None
2026-07-13 03:46:04 [debug    ] Decision loop completed        action=MAINTAIN latency_ms=109.47 p99=360.52777777777777
2026-07-13 03:46:19 [debug    ] HAProxy fallback latency       delta_requests=580 interval_avg_ms=65.0 max_rtime_ms=612.0 p99_est=130.0
2026-07-13 03:46:19 [info     ] algorithm2_scaling_decision    action=MAINTAIN alpha=0.060060060060060066 beta=0.0 buffer=1.0 current_replicas=6 predicted_load=43.045202147379285 required_resources=2.585 target_replicas=3
2026-07-13 03:46:19 [info     ] algorithm2_decision            action=MAINTAIN applied_target=3 current_replicas=6 hold_until=0.0 observed_load=43.05 observed_target=3 point_forecasts=None prediction_age_sec=None predictive_target=3 proactive=False scenario=s3-hybrid-reactive target_replicas=3 upper_forecasts=None
2026-07-13 03:46:19 [debug    ] Decision loop completed        action=MAINTAIN latency_ms=108.47 p99=130.0
2026-07-13 03:46:34 [debug    ] HAProxy fallback latency       delta_requests=583 interval_avg_ms=65.0 max_rtime_ms=612.0 p99_est=130.0
2026-07-13 03:46:34 [info     ] algorithm2_scaling_decision    action=MAINTAIN alpha=0.060060060060060066 beta=0.0 buffer=1.0 current_replicas=6 predicted_load=38.48612866342552 required_resources=2.311 target_replicas=3
2026-07-13 03:46:34 [info     ] algorithm2_decision            action=MAINTAIN applied_target=3 current_replicas=6 hold_until=0.0 observed_load=38.49 observed_target=3 point_forecasts=None prediction_age_sec=None predictive_target=3 proactive=False scenario=s3-hybrid-reactive target_replicas=3 upper_forecasts=None
2026-07-13 03:46:34 [debug    ] Decision loop completed        action=MAINTAIN latency_ms=104.63 p99=130.0
2026-07-13 03:46:49 [info     ] algorithm2_scaling_decision    action=MAINTAIN alpha=0.060060060060060066 beta=0.0 buffer=1.0 current_replicas=6 predicted_load=39.32117828347108 required_resources=2.362 target_replicas=3
2026-07-13 03:46:49 [info     ] algorithm2_decision            action=MAINTAIN applied_target=3 current_replicas=6 hold_until=0.0 observed_load=39.32 observed_target=3 point_forecasts=None prediction_age_sec=None predictive_target=3 proactive=False scenario=s3-hybrid-reactive target_replicas=3 upper_forecasts=None
2026-07-13 03:46:49 [debug    ] Decision loop completed        action=MAINTAIN latency_ms=98.39 p99=130.0
2026-07-13 03:47:04 [debug    ] HAProxy fallback latency       delta_requests=628 interval_avg_ms=64.0 max_rtime_ms=612.0 p99_est=128.0
2026-07-13 03:47:04 [info     ] algorithm2_scaling_decision    action=MAINTAIN alpha=0.060060060060060066 beta=0.0 buffer=1.0 current_replicas=6 predicted_load=40.82486418637038 required_resources=2.452 target_replicas=3
2026-07-13 03:47:04 [info     ] algorithm2_decision            action=MAINTAIN applied_target=3 current_replicas=6 hold_until=0.0 observed_load=40.82 observed_target=3 point_forecasts=None prediction_age_sec=None predictive_target=3 proactive=False scenario=s3-hybrid-reactive target_replicas=3 upper_forecasts=None
2026-07-13 03:47:04 [debug    ] Decision loop completed        action=MAINTAIN latency_ms=103.86 p99=128.0
2026-07-13 03:47:19 [debug    ] HAProxy fallback latency       delta_requests=661 interval_avg_ms=64.0 max_rtime_ms=612.0 p99_est=128.0
2026-07-13 03:47:19 [info     ] algorithm2_scaling_decision    action=MAINTAIN alpha=0.060060060060060066 beta=0.0 buffer=1.0 current_replicas=6 predicted_load=42.67807095631178 required_resources=2.563 target_replicas=3
2026-07-13 03:47:19 [info     ] algorithm2_decision            action=MAINTAIN applied_target=3 current_replicas=6 hold_until=0.0 observed_load=42.68 observed_target=3 point_forecasts=None prediction_age_sec=None predictive_target=3 proactive=False scenario=s3-hybrid-reactive target_replicas=3 upper_forecasts=None
2026-07-13 03:47:19 [debug    ] Decision loop completed        action=MAINTAIN latency_ms=105.33 p99=128.0
2026-07-13 03:47:35 [debug    ] HAProxy fallback latency       delta_requests=739 interval_avg_ms=300.82 max_rtime_ms=612.0 p99_est=601.65
2026-07-13 03:47:35 [info     ] algorithm2_scaling_decision    action=MAINTAIN alpha=0.060060060060060066 beta=0.0 buffer=1.0 current_replicas=6 predicted_load=46.30868077233298 required_resources=2.781 target_replicas=3
2026-07-13 03:47:35 [info     ] algorithm2_decision            action=MAINTAIN applied_target=3 current_replicas=6 hold_until=0.0 observed_load=46.31 observed_target=3 point_forecasts=None prediction_age_sec=None predictive_target=3 proactive=False scenario=s3-hybrid-reactive target_replicas=3 upper_forecasts=None
2026-07-13 03:47:35 [debug    ] Decision loop completed        action=MAINTAIN latency_ms=104.39 p99=601.6454668470907
2026-07-13 03:47:50 [debug    ] HAProxy fallback latency       delta_requests=334 interval_avg_ms=66.0 max_rtime_ms=612.0 p99_est=132.0
2026-07-13 03:47:50 [info     ] algorithm2_scaling_decision    action=MAINTAIN alpha=0.060060060060060066 beta=0.0 buffer=1.0 current_replicas=6 predicted_load=35.55061294055676 required_resources=2.135 target_replicas=3
2026-07-13 03:47:50 [info     ] algorithm2_decision            action=MAINTAIN applied_target=3 current_replicas=6 hold_until=0.0 observed_load=35.55 observed_target=3 point_forecasts=None prediction_age_sec=None predictive_target=3 proactive=False scenario=s3-hybrid-reactive target_replicas=3 upper_forecasts=None
2026-07-13 03:47:50 [debug    ] Decision loop completed        action=MAINTAIN latency_ms=105.67 p99=132.0
2026-07-13 03:48:05 [info     ] algorithm2_scaling_decision    action=MAINTAIN alpha=0.060060060060060066 beta=0.0 buffer=1.0 current_replicas=6 predicted_load=11.122390574938935 required_resources=0.668 target_replicas=3
2026-07-13 03:48:05 [info     ] algorithm2_decision            action=MAINTAIN applied_target=3 current_replicas=6 hold_until=0.0 observed_load=11.12 observed_target=3 point_forecasts=None prediction_age_sec=None predictive_target=3 proactive=False scenario=s3-hybrid-reactive target_replicas=3 upper_forecasts=None
2026-07-13 03:48:05 [debug    ] Decision loop completed        action=MAINTAIN latency_ms=113.21 p99=132.0
2026-07-13 03:48:20 [info     ] algorithm2_scaling_decision    action=MAINTAIN alpha=0.060060060060060066 beta=0.0 buffer=1.0 current_replicas=6 predicted_load=0.0 required_resources=0.0 target_replicas=3
2026-07-13 03:48:20 [info     ] algorithm2_decision            action=MAINTAIN applied_target=3 current_replicas=6 hold_until=0.0 observed_load=0.0 observed_target=3 point_forecasts=None prediction_age_sec=None predictive_target=3 proactive=False scenario=s3-hybrid-reactive target_replicas=3 upper_forecasts=None
2026-07-13 03:48:20 [debug    ] Decision loop completed        action=MAINTAIN latency_ms=108.63 p99=132.0
2026-07-13 03:48:35 [info     ] algorithm2_scaling_decision    action=MAINTAIN alpha=0.060060060060060066 beta=0.0 buffer=1.0 current_replicas=6 predicted_load=0.0 required_resources=0.0 target_replicas=3
2026-07-13 03:48:35 [info     ] algorithm2_decision            action=MAINTAIN applied_target=3 current_replicas=6 hold_until=0.0 observed_load=0.0 observed_target=3 point_forecasts=None prediction_age_sec=None predictive_target=3 proactive=False scenario=s3-hybrid-reactive target_replicas=3 upper_forecasts=None
2026-07-13 03:48:35 [debug    ] Decision loop completed        action=MAINTAIN latency_ms=105.84 p99=132.0
2026-07-13 03:48:43 [info     ] Received shutdown signal
2026-07-13 03:48:43 [info     ] Stopping routing daemon...
2026-07-13 03:48:43 [info     ] Routing daemon stopped
