2026-07-06 16:48:53 [info     ] SLOMonitor initialized         threshold_ms=200.0 violation_window=30
2026-07-06 16:48:53 [info     ] Algorithm1Controller initialized cooldown=15 weight_step=10
2026-07-06 16:48:53 [info     ] HAProxyWeightAdjuster initialized backend=servers host=localhost port=19999
2026-07-06 16:48:53 [info     ] GRUClient initialized          base_url=http://localhost:8090
2026-07-06 16:48:53 [info     ] K8sScaler initialized          deployment=test-app-warm namespace=default
2026-07-06 16:48:53 [info     ] RoutingDaemon initialized      decision_interval=15 description='Static routing to K8s cluster only' scenario=s1-k8s-only use_algorithm=False use_predictions=False
2026-07-06 16:48:53 [info     ] Starting routing daemon        interval=15 scenario=s1-k8s-only
2026-07-06 16:48:53 [info     ] Weights updated                k3s=100 knative=0
2026-07-06 16:48:53 [info     ] Initial weights applied        k3s=100 knative=0
2026-07-06 16:48:53 [error    ] HPA conflict detected — Algorithm 2 manual scaling may conflict with HPA deployment=test-app-warm hpa_name=test-app-warm
2026-07-06 16:48:53 [error    ] HPA detected — Algorithm 2 scaling may conflict with HPA
2026-07-06 16:48:53 [debug    ] Static scenario - no decision needed scenario=s1-k8s-only weights={'k3s': 100, 'knative': 0}
2026-07-06 16:49:08 [debug    ] Static scenario - no decision needed scenario=s1-k8s-only weights={'k3s': 100, 'knative': 0}
2026-07-06 16:49:23 [debug    ] Static scenario - no decision needed scenario=s1-k8s-only weights={'k3s': 100, 'knative': 0}
2026-07-06 16:49:38 [debug    ] Static scenario - no decision needed scenario=s1-k8s-only weights={'k3s': 100, 'knative': 0}
2026-07-06 16:49:53 [debug    ] Static scenario - no decision needed scenario=s1-k8s-only weights={'k3s': 100, 'knative': 0}
2026-07-06 16:50:08 [debug    ] Static scenario - no decision needed scenario=s1-k8s-only weights={'k3s': 100, 'knative': 0}
2026-07-06 16:50:23 [debug    ] Static scenario - no decision needed scenario=s1-k8s-only weights={'k3s': 100, 'knative': 0}
2026-07-06 16:50:38 [debug    ] Static scenario - no decision needed scenario=s1-k8s-only weights={'k3s': 100, 'knative': 0}
2026-07-06 16:50:53 [debug    ] Static scenario - no decision needed scenario=s1-k8s-only weights={'k3s': 100, 'knative': 0}
2026-07-06 16:51:08 [debug    ] Static scenario - no decision needed scenario=s1-k8s-only weights={'k3s': 100, 'knative': 0}
2026-07-06 16:51:24 [debug    ] Static scenario - no decision needed scenario=s1-k8s-only weights={'k3s': 100, 'knative': 0}
2026-07-06 16:51:39 [debug    ] Static scenario - no decision needed scenario=s1-k8s-only weights={'k3s': 100, 'knative': 0}
2026-07-06 16:51:54 [debug    ] Static scenario - no decision needed scenario=s1-k8s-only weights={'k3s': 100, 'knative': 0}
2026-07-06 16:52:09 [debug    ] Static scenario - no decision needed scenario=s1-k8s-only weights={'k3s': 100, 'knative': 0}
2026-07-06 16:52:24 [debug    ] Static scenario - no decision needed scenario=s1-k8s-only weights={'k3s': 100, 'knative': 0}
2026-07-06 16:52:39 [debug    ] Static scenario - no decision needed scenario=s1-k8s-only weights={'k3s': 100, 'knative': 0}
2026-07-06 16:52:54 [debug    ] Static scenario - no decision needed scenario=s1-k8s-only weights={'k3s': 100, 'knative': 0}
2026-07-06 16:53:09 [debug    ] Static scenario - no decision needed scenario=s1-k8s-only weights={'k3s': 100, 'knative': 0}
2026-07-06 16:53:24 [debug    ] Static scenario - no decision needed scenario=s1-k8s-only weights={'k3s': 100, 'knative': 0}
2026-07-06 16:53:39 [debug    ] Static scenario - no decision needed scenario=s1-k8s-only weights={'k3s': 100, 'knative': 0}
2026-07-06 16:53:54 [debug    ] Static scenario - no decision needed scenario=s1-k8s-only weights={'k3s': 100, 'knative': 0}
2026-07-06 16:54:09 [debug    ] Static scenario - no decision needed scenario=s1-k8s-only weights={'k3s': 100, 'knative': 0}
2026-07-06 16:54:24 [debug    ] Static scenario - no decision needed scenario=s1-k8s-only weights={'k3s': 100, 'knative': 0}
2026-07-06 16:54:39 [debug    ] Static scenario - no decision needed scenario=s1-k8s-only weights={'k3s': 100, 'knative': 0}
2026-07-06 16:54:54 [debug    ] Static scenario - no decision needed scenario=s1-k8s-only weights={'k3s': 100, 'knative': 0}
2026-07-06 16:55:09 [debug    ] Static scenario - no decision needed scenario=s1-k8s-only weights={'k3s': 100, 'knative': 0}
2026-07-06 16:55:24 [debug    ] Static scenario - no decision needed scenario=s1-k8s-only weights={'k3s': 100, 'knative': 0}
2026-07-06 16:55:39 [debug    ] Static scenario - no decision needed scenario=s1-k8s-only weights={'k3s': 100, 'knative': 0}
2026-07-06 16:55:54 [debug    ] Static scenario - no decision needed scenario=s1-k8s-only weights={'k3s': 100, 'knative': 0}
2026-07-06 16:56:09 [debug    ] Static scenario - no decision needed scenario=s1-k8s-only weights={'k3s': 100, 'knative': 0}
2026-07-06 16:56:24 [debug    ] Static scenario - no decision needed scenario=s1-k8s-only weights={'k3s': 100, 'knative': 0}
2026-07-06 16:56:39 [debug    ] Static scenario - no decision needed scenario=s1-k8s-only weights={'k3s': 100, 'knative': 0}
2026-07-06 16:56:54 [debug    ] Static scenario - no decision needed scenario=s1-k8s-only weights={'k3s': 100, 'knative': 0}
2026-07-06 16:57:09 [debug    ] Static scenario - no decision needed scenario=s1-k8s-only weights={'k3s': 100, 'knative': 0}
2026-07-06 16:57:25 [debug    ] Static scenario - no decision needed scenario=s1-k8s-only weights={'k3s': 100, 'knative': 0}
2026-07-06 16:57:40 [debug    ] Static scenario - no decision needed scenario=s1-k8s-only weights={'k3s': 100, 'knative': 0}
2026-07-06 16:57:55 [debug    ] Static scenario - no decision needed scenario=s1-k8s-only weights={'k3s': 100, 'knative': 0}
2026-07-06 16:58:10 [debug    ] Static scenario - no decision needed scenario=s1-k8s-only weights={'k3s': 100, 'knative': 0}
2026-07-06 16:58:25 [debug    ] Static scenario - no decision needed scenario=s1-k8s-only weights={'k3s': 100, 'knative': 0}
2026-07-06 16:58:40 [debug    ] Static scenario - no decision needed scenario=s1-k8s-only weights={'k3s': 100, 'knative': 0}
2026-07-06 16:58:55 [debug    ] Static scenario - no decision needed scenario=s1-k8s-only weights={'k3s': 100, 'knative': 0}
2026-07-06 16:59:10 [debug    ] Static scenario - no decision needed scenario=s1-k8s-only weights={'k3s': 100, 'knative': 0}
2026-07-06 16:59:25 [debug    ] Static scenario - no decision needed scenario=s1-k8s-only weights={'k3s': 100, 'knative': 0}
2026-07-06 16:59:40 [debug    ] Static scenario - no decision needed scenario=s1-k8s-only weights={'k3s': 100, 'knative': 0}
2026-07-06 16:59:55 [debug    ] Static scenario - no decision needed scenario=s1-k8s-only weights={'k3s': 100, 'knative': 0}
2026-07-06 17:00:10 [debug    ] Static scenario - no decision needed scenario=s1-k8s-only weights={'k3s': 100, 'knative': 0}
2026-07-06 17:00:25 [debug    ] Static scenario - no decision needed scenario=s1-k8s-only weights={'k3s': 100, 'knative': 0}
2026-07-06 17:00:40 [debug    ] Static scenario - no decision needed scenario=s1-k8s-only weights={'k3s': 100, 'knative': 0}
2026-07-06 17:00:55 [debug    ] Static scenario - no decision needed scenario=s1-k8s-only weights={'k3s': 100, 'knative': 0}
2026-07-06 17:01:10 [debug    ] Static scenario - no decision needed scenario=s1-k8s-only weights={'k3s': 100, 'knative': 0}
2026-07-06 17:01:25 [debug    ] Static scenario - no decision needed scenario=s1-k8s-only weights={'k3s': 100, 'knative': 0}
2026-07-06 17:01:40 [debug    ] Static scenario - no decision needed scenario=s1-k8s-only weights={'k3s': 100, 'knative': 0}
2026-07-06 17:01:55 [debug    ] Static scenario - no decision needed scenario=s1-k8s-only weights={'k3s': 100, 'knative': 0}
2026-07-06 17:02:10 [debug    ] Static scenario - no decision needed scenario=s1-k8s-only weights={'k3s': 100, 'knative': 0}
2026-07-06 17:02:25 [debug    ] Static scenario - no decision needed scenario=s1-k8s-only weights={'k3s': 100, 'knative': 0}
2026-07-06 17:02:40 [debug    ] Static scenario - no decision needed scenario=s1-k8s-only weights={'k3s': 100, 'knative': 0}
2026-07-06 17:02:55 [debug    ] Static scenario - no decision needed scenario=s1-k8s-only weights={'k3s': 100, 'knative': 0}
2026-07-06 17:03:10 [debug    ] Static scenario - no decision needed scenario=s1-k8s-only weights={'k3s': 100, 'knative': 0}
2026-07-06 17:03:25 [debug    ] Static scenario - no decision needed scenario=s1-k8s-only weights={'k3s': 100, 'knative': 0}
2026-07-06 17:03:40 [debug    ] Static scenario - no decision needed scenario=s1-k8s-only weights={'k3s': 100, 'knative': 0}
2026-07-06 17:03:56 [debug    ] Static scenario - no decision needed scenario=s1-k8s-only weights={'k3s': 100, 'knative': 0}
2026-07-06 17:04:11 [debug    ] Static scenario - no decision needed scenario=s1-k8s-only weights={'k3s': 100, 'knative': 0}
2026-07-06 17:04:26 [debug    ] Static scenario - no decision needed scenario=s1-k8s-only weights={'k3s': 100, 'knative': 0}
2026-07-06 17:04:41 [debug    ] Static scenario - no decision needed scenario=s1-k8s-only weights={'k3s': 100, 'knative': 0}
2026-07-06 17:04:56 [debug    ] Static scenario - no decision needed scenario=s1-k8s-only weights={'k3s': 100, 'knative': 0}
2026-07-06 17:05:11 [debug    ] Static scenario - no decision needed scenario=s1-k8s-only weights={'k3s': 100, 'knative': 0}
2026-07-06 17:05:26 [debug    ] Static scenario - no decision needed scenario=s1-k8s-only weights={'k3s': 100, 'knative': 0}
2026-07-06 17:05:41 [debug    ] Static scenario - no decision needed scenario=s1-k8s-only weights={'k3s': 100, 'knative': 0}
2026-07-06 17:05:56 [debug    ] Static scenario - no decision needed scenario=s1-k8s-only weights={'k3s': 100, 'knative': 0}
2026-07-06 17:06:11 [debug    ] Static scenario - no decision needed scenario=s1-k8s-only weights={'k3s': 100, 'knative': 0}
2026-07-06 17:06:26 [debug    ] Static scenario - no decision needed scenario=s1-k8s-only weights={'k3s': 100, 'knative': 0}
2026-07-06 17:06:41 [debug    ] Static scenario - no decision needed scenario=s1-k8s-only weights={'k3s': 100, 'knative': 0}
2026-07-06 17:06:56 [debug    ] Static scenario - no decision needed scenario=s1-k8s-only weights={'k3s': 100, 'knative': 0}
2026-07-06 17:07:11 [debug    ] Static scenario - no decision needed scenario=s1-k8s-only weights={'k3s': 100, 'knative': 0}
2026-07-06 17:07:26 [debug    ] Static scenario - no decision needed scenario=s1-k8s-only weights={'k3s': 100, 'knative': 0}
2026-07-06 17:07:41 [debug    ] Static scenario - no decision needed scenario=s1-k8s-only weights={'k3s': 100, 'knative': 0}
2026-07-06 17:07:56 [debug    ] Static scenario - no decision needed scenario=s1-k8s-only weights={'k3s': 100, 'knative': 0}
2026-07-06 17:08:11 [debug    ] Static scenario - no decision needed scenario=s1-k8s-only weights={'k3s': 100, 'knative': 0}
2026-07-06 17:08:26 [debug    ] Static scenario - no decision needed scenario=s1-k8s-only weights={'k3s': 100, 'knative': 0}
2026-07-06 17:08:41 [debug    ] Static scenario - no decision needed scenario=s1-k8s-only weights={'k3s': 100, 'knative': 0}
2026-07-06 17:08:56 [debug    ] Static scenario - no decision needed scenario=s1-k8s-only weights={'k3s': 100, 'knative': 0}
2026-07-06 17:09:11 [debug    ] Static scenario - no decision needed scenario=s1-k8s-only weights={'k3s': 100, 'knative': 0}
2026-07-06 17:09:26 [debug    ] Static scenario - no decision needed scenario=s1-k8s-only weights={'k3s': 100, 'knative': 0}
2026-07-06 17:09:41 [debug    ] Static scenario - no decision needed scenario=s1-k8s-only weights={'k3s': 100, 'knative': 0}
2026-07-06 17:09:57 [debug    ] Static scenario - no decision needed scenario=s1-k8s-only weights={'k3s': 100, 'knative': 0}
2026-07-06 17:10:12 [debug    ] Static scenario - no decision needed scenario=s1-k8s-only weights={'k3s': 100, 'knative': 0}
2026-07-06 17:10:25 [info     ] Received shutdown signal
2026-07-06 17:10:25 [info     ] Stopping routing daemon...
2026-07-06 17:10:25 [info     ] Routing daemon stopped
