2026-07-08 23:36:45 [info     ] SLOMonitor initialized         threshold_ms=200.0 violation_window=30
2026-07-08 23:36:45 [info     ] Algorithm1ControllerV3 initialized max_knative=50 r_saturation=66.7 target_cpu_util=0.5 total_budget=1000
2026-07-08 23:36:45 [info     ] Using V3 controller (Capacity-Driven) scenario=s3-hybrid-reactive version=v3
2026-07-08 23:36:45 [info     ] HAProxyWeightAdjuster initialized backend=servers host=localhost port=19999
2026-07-08 23:36:45 [info     ] GRUClient initialized          base_url=http://localhost:8090
2026-07-08 23:36:45 [info     ] K8sScaler initialized          deployment=test-app-warm namespace=default
2026-07-08 23:36:45 [info     ] RoutingDaemon initialized      decision_interval=15 description='Algorithm 1 reactive routing without predictions' scenario=s3-hybrid-reactive use_algorithm=True use_predictions=False
2026-07-08 23:36:45 [info     ] Starting routing daemon        interval=15 scenario=s3-hybrid-reactive
2026-07-08 23:36:45 [info     ] Weights updated                k3s=80 knative=20
2026-07-08 23:36:45 [info     ] Initial weights applied        k3s=80 knative=20
2026-07-08 23:36:45 [debug    ] HAProxy fallback primed        total_requests=0
2026-07-08 23:36:45 [info     ] algorithm2_scaling_decision    action=MAINTAIN alpha=0.014992503748125937 beta=0.0 buffer=1.2 current_replicas=3 predicted_load=0.0 required_resources=0.0 target_replicas=3
2026-07-08 23:36:45 [debug    ] Decision loop completed        action=MAINTAIN latency_ms=109.53 p99=0.0
2026-07-08 23:37:00 [info     ] algorithm2_scaling_decision    action=MAINTAIN alpha=0.014992503748125937 beta=0.0 buffer=1.2 current_replicas=3 predicted_load=0.0 required_resources=0.0 target_replicas=3
2026-07-08 23:37:00 [debug    ] Decision loop completed        action=MAINTAIN latency_ms=102.73 p99=0.0
2026-07-08 23:37:15 [info     ] algorithm2_scaling_decision    action=MAINTAIN alpha=0.014992503748125937 beta=0.0 buffer=1.2 current_replicas=3 predicted_load=0.0 required_resources=0.0 target_replicas=3
2026-07-08 23:37:15 [debug    ] Decision loop completed        action=MAINTAIN latency_ms=108.8 p99=0.0
2026-07-08 23:37:30 [debug    ] HAProxy fallback latency       delta_requests=640 interval_avg_ms=64.0 max_rtime_ms=109.0 p99_est=109.0
2026-07-08 23:37:30 [debug    ] burn_rate_adjustment           actual_burn=0.0 adjustment=-5 allowed_burn=0.83 budget_remaining=1000 burn_error=-1.0 burn_ratio=0.0
2026-07-08 23:37:30 [info     ] controller_decision_v3         action=RECOVERY available_replicas=3 budget_remaining=1000 burn_adjustment=-5 burst_ratio=0 capacity_deficit=False confidence=0 current_load=42.22833942674773 decision_id=464b41e8 k8s_capacity=100.1 k8s_weight=100 knative_weight=0 p99=109.0 predicted_load=0 r_effective=33.4 serverless_enabled=False total_load=42.2 weights_after={'k3s': 100, 'knative': 0} weights_before={'k3s': 80, 'knative': 20}
2026-07-08 23:37:30 [info     ] Weights updated                k3s=100 knative=0
2026-07-08 23:37:30 [info     ] Weights updated                action=RECOVERY reason='load=42RPS | k8s_cap=100RPS | (reducing-serverless)' weights={'k3s': 100, 'knative': 0}
2026-07-08 23:37:30 [info     ] algorithm2_scaling_decision    action=MAINTAIN alpha=0.014992503748125937 beta=0.0 buffer=1.2 current_replicas=3 predicted_load=21.114169713373865 required_resources=0.317 target_replicas=3
2026-07-08 23:37:30 [debug    ] Decision loop completed        action=RECOVERY latency_ms=139.82 p99=109.0
2026-07-08 23:37:45 [debug    ] HAProxy fallback latency       delta_requests=666 interval_avg_ms=64.0 max_rtime_ms=123.0 p99_est=123.0
2026-07-08 23:37:45 [debug    ] burn_rate_adjustment           actual_burn=0.0 adjustment=-6 allowed_burn=0.83 budget_remaining=1000 burn_error=-1.0 burn_ratio=0.0
2026-07-08 23:37:45 [info     ] algorithm2_scaling_decision    action=MAINTAIN alpha=0.014992503748125937 beta=0.0 buffer=1.2 current_replicas=3 predicted_load=43.14244624577449 required_resources=0.647 target_replicas=3
2026-07-08 23:37:45 [debug    ] Decision loop completed        action=MAINTAIN latency_ms=105.87 p99=123.0
2026-07-08 23:38:01 [debug    ] HAProxy fallback latency       delta_requests=716 interval_avg_ms=66.82 max_rtime_ms=123.0 p99_est=123.0
2026-07-08 23:38:01 [debug    ] burn_rate_adjustment           actual_burn=0.0 adjustment=-6 allowed_burn=0.83 budget_remaining=1000 burn_error=-1.0 burn_ratio=0.0
2026-07-08 23:38:01 [info     ] algorithm2_scaling_decision    action=MAINTAIN alpha=0.014992503748125937 beta=0.0 buffer=1.2 current_replicas=3 predicted_load=45.69400836818004 required_resources=0.685 target_replicas=3
2026-07-08 23:38:01 [debug    ] Decision loop completed        action=MAINTAIN latency_ms=104.26 p99=123.0
2026-07-08 23:38:16 [debug    ] HAProxy fallback latency       delta_requests=822 interval_avg_ms=65.0 max_rtime_ms=123.0 p99_est=123.0
2026-07-08 23:38:16 [debug    ] burn_rate_adjustment           actual_burn=0.0 adjustment=-7 allowed_burn=0.83 budget_remaining=1000 burn_error=-1.0 burn_ratio=0.0
2026-07-08 23:38:16 [info     ] algorithm2_scaling_decision    action=MAINTAIN alpha=0.014992503748125937 beta=0.0 buffer=1.2 current_replicas=3 predicted_load=50.87713686042607 required_resources=0.763 target_replicas=3
2026-07-08 23:38:16 [debug    ] Decision loop completed        action=MAINTAIN latency_ms=109.96 p99=123.0
2026-07-08 23:38:31 [debug    ] HAProxy fallback latency       delta_requests=768 interval_avg_ms=69.7 max_rtime_ms=123.0 p99_est=123.0
2026-07-08 23:38:31 [debug    ] burn_rate_adjustment           actual_burn=0.0 adjustment=-7 allowed_burn=0.83 budget_remaining=1000 burn_error=-1.0 burn_ratio=0.0
2026-07-08 23:38:31 [info     ] algorithm2_scaling_decision    action=MAINTAIN alpha=0.014992503748125937 beta=0.0 buffer=1.2 current_replicas=3 predicted_load=52.6239450815049 required_resources=0.789 target_replicas=3
2026-07-08 23:38:31 [debug    ] Decision loop completed        action=MAINTAIN latency_ms=109.5 p99=123.0
2026-07-08 23:38:46 [debug    ] HAProxy fallback latency       delta_requests=547 interval_avg_ms=66.0 max_rtime_ms=123.0 p99_est=123.0
2026-07-08 23:38:46 [debug    ] burn_rate_adjustment           actual_burn=0.0 adjustment=-7 allowed_burn=0.83 budget_remaining=1000 burn_error=-1.0 burn_ratio=0.0
2026-07-08 23:38:46 [info     ] algorithm2_scaling_decision    action=MAINTAIN alpha=0.014992503748125937 beta=0.0 buffer=1.2 current_replicas=3 predicted_load=43.54520420226829 required_resources=0.653 target_replicas=3
2026-07-08 23:38:46 [debug    ] Decision loop completed        action=MAINTAIN latency_ms=104.14 p99=123.0
2026-07-08 23:39:01 [debug    ] HAProxy fallback latency       delta_requests=411 interval_avg_ms=66.0 max_rtime_ms=128.0 p99_est=128.0
2026-07-08 23:39:01 [debug    ] burn_rate_adjustment           actual_burn=0.0 adjustment=-7 allowed_burn=0.83 budget_remaining=1000 burn_error=-1.0 burn_ratio=0.0
2026-07-08 23:39:01 [info     ] algorithm2_scaling_decision    action=MAINTAIN alpha=0.014992503748125937 beta=0.0 buffer=1.2 current_replicas=3 predicted_load=31.739099486695565 required_resources=0.476 target_replicas=3
2026-07-08 23:39:01 [debug    ] Decision loop completed        action=MAINTAIN latency_ms=109.96 p99=128.0
2026-07-08 23:39:16 [debug    ] HAProxy fallback latency       delta_requests=358 interval_avg_ms=66.0 max_rtime_ms=128.0 p99_est=128.0
2026-07-08 23:39:16 [debug    ] burn_rate_adjustment           actual_burn=0.0 adjustment=-7 allowed_burn=0.83 budget_remaining=1000 burn_error=-1.0 burn_ratio=0.0
2026-07-08 23:39:16 [info     ] algorithm2_scaling_decision    action=MAINTAIN alpha=0.014992503748125937 beta=0.0 buffer=1.2 current_replicas=3 predicted_load=25.453266150905623 required_resources=0.382 target_replicas=3
2026-07-08 23:39:16 [debug    ] Decision loop completed        action=MAINTAIN latency_ms=103.69 p99=128.0
2026-07-08 23:39:31 [debug    ] HAProxy fallback latency       delta_requests=483 interval_avg_ms=54.8 max_rtime_ms=128.0 p99_est=109.59
2026-07-08 23:39:31 [debug    ] burn_rate_adjustment           actual_burn=0.0 adjustment=-7 allowed_burn=0.83 budget_remaining=1000 burn_error=-1.0 burn_ratio=0.0
2026-07-08 23:39:31 [info     ] algorithm2_scaling_decision    action=MAINTAIN alpha=0.014992503748125937 beta=0.0 buffer=1.2 current_replicas=3 predicted_load=27.80298244182108 required_resources=0.417 target_replicas=3
2026-07-08 23:39:31 [debug    ] Decision loop completed        action=MAINTAIN latency_ms=108.88 p99=109.59420289855072
2026-07-08 23:39:46 [debug    ] HAProxy fallback latency       delta_requests=771 interval_avg_ms=65.0 max_rtime_ms=128.0 p99_est=128.0
2026-07-08 23:39:46 [debug    ] burn_rate_adjustment           actual_burn=0.0 adjustment=-7 allowed_burn=0.83 budget_remaining=1000 burn_error=-1.0 burn_ratio=0.0
2026-07-08 23:39:46 [info     ] algorithm2_scaling_decision    action=MAINTAIN alpha=0.014992503748125937 beta=0.0 buffer=1.2 current_replicas=3 predicted_load=41.47141641657326 required_resources=0.622 target_replicas=3
2026-07-08 23:39:46 [debug    ] Decision loop completed        action=MAINTAIN latency_ms=106.78 p99=128.0
2026-07-08 23:40:01 [debug    ] HAProxy fallback latency       delta_requests=813 interval_avg_ms=65.0 max_rtime_ms=128.0 p99_est=128.0
2026-07-08 23:40:01 [debug    ] burn_rate_adjustment           actual_burn=0.0 adjustment=-7 allowed_burn=0.83 budget_remaining=1000 burn_error=-1.0 burn_ratio=0.0
2026-07-08 23:40:01 [info     ] algorithm2_scaling_decision    action=MAINTAIN alpha=0.014992503748125937 beta=0.0 buffer=1.2 current_replicas=3 predicted_load=52.42282742763858 required_resources=0.786 target_replicas=3
2026-07-08 23:40:01 [debug    ] Decision loop completed        action=MAINTAIN latency_ms=107.95 p99=128.0
2026-07-08 23:40:17 [debug    ] HAProxy fallback latency       delta_requests=638 interval_avg_ms=65.0 max_rtime_ms=128.0 p99_est=128.0
2026-07-08 23:40:17 [debug    ] burn_rate_adjustment           actual_burn=0.0 adjustment=-7 allowed_burn=0.83 budget_remaining=1000 burn_error=-1.0 burn_ratio=0.0
2026-07-08 23:40:17 [info     ] algorithm2_scaling_decision    action=MAINTAIN alpha=0.014992503748125937 beta=0.0 buffer=1.2 current_replicas=3 predicted_load=48.055507136261326 required_resources=0.72 target_replicas=3
2026-07-08 23:40:17 [debug    ] Decision loop completed        action=MAINTAIN latency_ms=107.5 p99=128.0
2026-07-08 23:40:32 [debug    ] HAProxy fallback latency       delta_requests=656 interval_avg_ms=65.0 max_rtime_ms=128.0 p99_est=128.0
2026-07-08 23:40:32 [debug    ] burn_rate_adjustment           actual_burn=0.0 adjustment=-7 allowed_burn=0.83 budget_remaining=1000 burn_error=-1.0 burn_ratio=0.0
2026-07-08 23:40:32 [info     ] algorithm2_scaling_decision    action=MAINTAIN alpha=0.014992503748125937 beta=0.0 buffer=1.2 current_replicas=3 predicted_load=42.82483343776154 required_resources=0.642 target_replicas=3
2026-07-08 23:40:32 [debug    ] Decision loop completed        action=MAINTAIN latency_ms=106.61 p99=128.0
2026-07-08 23:40:47 [debug    ] HAProxy fallback latency       delta_requests=829 interval_avg_ms=54.0 max_rtime_ms=128.0 p99_est=108.0
2026-07-08 23:40:47 [debug    ] burn_rate_adjustment           actual_burn=0.0 adjustment=-7 allowed_burn=0.83 budget_remaining=1000 burn_error=-1.0 burn_ratio=0.0
2026-07-08 23:40:47 [info     ] algorithm2_scaling_decision    action=MAINTAIN alpha=0.014992503748125937 beta=0.0 buffer=1.2 current_replicas=3 predicted_load=49.114709160893426 required_resources=0.736 target_replicas=3
2026-07-08 23:40:47 [debug    ] Decision loop completed        action=MAINTAIN latency_ms=107.41 p99=108.00241254523522
2026-07-08 23:41:02 [debug    ] HAProxy fallback latency       delta_requests=915 interval_avg_ms=64.0 max_rtime_ms=128.0 p99_est=128.0
2026-07-08 23:41:02 [debug    ] burn_rate_adjustment           actual_burn=0.0 adjustment=-7 allowed_burn=0.83 budget_remaining=1000 burn_error=-1.0 burn_ratio=0.0
2026-07-08 23:41:02 [info     ] algorithm2_scaling_decision    action=MAINTAIN alpha=0.014992503748125937 beta=0.0 buffer=1.2 current_replicas=3 predicted_load=57.72139905463088 required_resources=0.865 target_replicas=3
2026-07-08 23:41:02 [debug    ] Decision loop completed        action=MAINTAIN latency_ms=106.29 p99=128.0
2026-07-08 23:41:17 [debug    ] HAProxy fallback latency       delta_requests=931 interval_avg_ms=75.78 max_rtime_ms=141.0 p99_est=141.0
2026-07-08 23:41:17 [debug    ] burn_rate_adjustment           actual_burn=0.0 adjustment=-7 allowed_burn=0.83 budget_remaining=1000 burn_error=-1.0 burn_ratio=0.0
2026-07-08 23:41:17 [info     ] algorithm2_scaling_decision    action=MAINTAIN alpha=0.014992503748125937 beta=0.0 buffer=1.2 current_replicas=3 predicted_load=61.09768698083663 required_resources=0.916 target_replicas=3
2026-07-08 23:41:17 [debug    ] Decision loop completed        action=MAINTAIN latency_ms=109.04 p99=141.0
2026-07-08 23:41:32 [debug    ] HAProxy fallback latency       delta_requests=1003 interval_avg_ms=88.86 max_rtime_ms=141.0 p99_est=141.0
2026-07-08 23:41:32 [debug    ] burn_rate_adjustment           actual_burn=0.0 adjustment=-7 allowed_burn=0.83 budget_remaining=1000 burn_error=-1.0 burn_ratio=0.0
2026-07-08 23:41:32 [info     ] algorithm2_scaling_decision    action=MAINTAIN alpha=0.014992503748125937 beta=0.0 buffer=1.2 current_replicas=3 predicted_load=63.973593071195175 required_resources=0.959 target_replicas=3
2026-07-08 23:41:32 [debug    ] Decision loop completed        action=MAINTAIN latency_ms=104.24 p99=141.0
2026-07-08 23:41:47 [debug    ] HAProxy fallback latency       delta_requests=1117 interval_avg_ms=55.29 max_rtime_ms=141.0 p99_est=110.57
2026-07-08 23:41:47 [debug    ] burn_rate_adjustment           actual_burn=0.0 adjustment=-7 allowed_burn=0.83 budget_remaining=1000 burn_error=-1.0 burn_ratio=0.0
2026-07-08 23:41:47 [info     ] algorithm2_scaling_decision    action=MAINTAIN alpha=0.014992503748125937 beta=0.0 buffer=1.2 current_replicas=3 predicted_load=70.1336283797809 required_resources=1.051 target_replicas=3
2026-07-08 23:41:47 [debug    ] Decision loop completed        action=MAINTAIN latency_ms=166.21 p99=110.57296329453894
2026-07-08 23:42:02 [debug    ] HAProxy fallback latency       delta_requests=1276 interval_avg_ms=99.76 max_rtime_ms=142.0 p99_est=142.0
2026-07-08 23:42:02 [debug    ] burn_rate_adjustment           actual_burn=0.0 adjustment=-7 allowed_burn=0.83 budget_remaining=1000 burn_error=-1.0 burn_ratio=0.0
2026-07-08 23:42:02 [info     ] algorithm2_scaling_decision    action=MAINTAIN alpha=0.014992503748125937 beta=0.0 buffer=1.2 current_replicas=3 predicted_load=79.04273181188535 required_resources=1.185 target_replicas=3
2026-07-08 23:42:02 [debug    ] Decision loop completed        action=MAINTAIN latency_ms=108.02 p99=142.0
2026-07-08 23:42:17 [debug    ] HAProxy fallback latency       delta_requests=1455 interval_avg_ms=69.0 max_rtime_ms=142.0 p99_est=138.0
2026-07-08 23:42:17 [debug    ] burn_rate_adjustment           actual_burn=0.0 adjustment=-7 allowed_burn=0.83 budget_remaining=1000 burn_error=-1.0 burn_ratio=0.0
2026-07-08 23:42:17 [info     ] algorithm2_scaling_decision    action=MAINTAIN alpha=0.014992503748125937 beta=0.0 buffer=1.2 current_replicas=3 predicted_load=90.18751448194962 required_resources=1.352 target_replicas=3
2026-07-08 23:42:17 [debug    ] Decision loop completed        action=MAINTAIN latency_ms=104.29 p99=138.0
2026-07-08 23:42:33 [debug    ] HAProxy fallback latency       delta_requests=1665 interval_avg_ms=110.99 max_rtime_ms=174.0 p99_est=174.0
2026-07-08 23:42:33 [debug    ] burn_rate_adjustment           actual_burn=0.0 adjustment=-7 allowed_burn=0.83 budget_remaining=1000 burn_error=-1.0 burn_ratio=0.0
2026-07-08 23:42:33 [info     ] Knative pre-warm OK            cold_start_ms=3.0
2026-07-08 23:42:33 [info     ] controller_decision_v3         action=REACTIVE available_replicas=3 budget_remaining=1000 burn_adjustment=-7 burst_ratio=0.0919 capacity_deficit=False confidence=0 current_load=110.17054298660605 decision_id=6a2b961e k8s_capacity=100.1 k8s_weight=97 knative_weight=3 p99=174.0 predicted_load=0 r_effective=33.4 serverless_enabled=True total_load=110.2 weights_after={'k3s': 97, 'knative': 3} weights_before={'k3s': 100, 'knative': 0}
2026-07-08 23:42:33 [info     ] Weights updated                k3s=97 knative=3
2026-07-08 23:42:33 [info     ] Weights updated                action=REACTIVE reason='load=110RPS | k8s_cap=100RPS | (burst-routing)' weights={'k3s': 97, 'knative': 3}
2026-07-08 23:42:33 [info     ] algorithm2_scaling_decision    action=MAINTAIN alpha=0.014992503748125937 beta=0.0 buffer=1.2 current_replicas=3 predicted_load=103.20419761428568 required_resources=1.547 target_replicas=3
2026-07-08 23:42:33 [debug    ] Decision loop completed        action=REACTIVE latency_ms=113.74 p99=174.0
2026-07-08 23:42:48 [debug    ] HAProxy fallback latency       delta_requests=1889 interval_avg_ms=103.76 max_rtime_ms=185.0 p99_est=185.0
2026-07-08 23:42:48 [debug    ] burn_rate_adjustment           actual_burn=0.0 adjustment=-7 allowed_burn=0.83 budget_remaining=1000 burn_error=-1.0 burn_ratio=0.0
2026-07-08 23:42:48 [info     ] controller_decision_v3         action=REACTIVE available_replicas=3 budget_remaining=1000 burn_adjustment=-7 burst_ratio=0.1995 capacity_deficit=False confidence=0 current_load=124.97742366793798 decision_id=33044f1f k8s_capacity=100.1 k8s_weight=87 knative_weight=13 p99=185.0 predicted_load=0 r_effective=33.4 serverless_enabled=True total_load=125.0 weights_after={'k3s': 87, 'knative': 13} weights_before={'k3s': 97, 'knative': 3}
2026-07-08 23:42:48 [info     ] Weights updated                k3s=87 knative=13
2026-07-08 23:42:48 [info     ] Weights updated                action=REACTIVE reason='load=125RPS | k8s_cap=100RPS | (burst-routing)' weights={'k3s': 87, 'knative': 13}
2026-07-08 23:42:48 [info     ] algorithm2_scaling_decision    action=MAINTAIN alpha=0.014992503748125937 beta=0.0 buffer=1.2 current_replicas=3 predicted_load=117.57398332727202 required_resources=1.763 target_replicas=3
2026-07-08 23:42:48 [debug    ] Decision loop completed        action=REACTIVE latency_ms=113.68 p99=185.0
2026-07-08 23:43:03 [debug    ] HAProxy fallback latency       delta_requests=1723 interval_avg_ms=2.55 max_rtime_ms=185.0 p99_est=5.1
2026-07-08 23:43:03 [debug    ] burn_rate_adjustment           actual_burn=0.0 adjustment=-7 allowed_burn=0.83 budget_remaining=1000 burn_error=-1.0 burn_ratio=0.0
2026-07-08 23:43:03 [info     ] controller_decision_v3         action=RECOVERY available_replicas=3 budget_remaining=1000 burn_adjustment=-7 burst_ratio=0.1234 capacity_deficit=False confidence=0 current_load=114.13526174315474 decision_id=ea51781f k8s_capacity=100.1 k8s_weight=94 knative_weight=6 p99=5.1 predicted_load=0 r_effective=33.4 serverless_enabled=True total_load=114.1 weights_after={'k3s': 94, 'knative': 6} weights_before={'k3s': 87, 'knative': 13}
2026-07-08 23:43:03 [info     ] Weights updated                k3s=94 knative=6
2026-07-08 23:43:03 [info     ] Weights updated                action=RECOVERY reason='load=114RPS | k8s_cap=100RPS | (reducing-serverless)' weights={'k3s': 94, 'knative': 6}
2026-07-08 23:43:03 [info     ] algorithm2_scaling_decision    action=MAINTAIN alpha=0.014992503748125937 beta=0.0 buffer=1.2 current_replicas=3 predicted_load=119.55634270554637 required_resources=1.792 target_replicas=3
2026-07-08 23:43:03 [debug    ] Decision loop completed        action=RECOVERY latency_ms=142.92 p99=5.10272780034823
2026-07-08 23:43:18 [debug    ] HAProxy fallback latency       delta_requests=1318 interval_avg_ms=18.99 max_rtime_ms=185.0 p99_est=37.98
2026-07-08 23:43:18 [debug    ] burn_rate_adjustment           actual_burn=0.0 adjustment=-7 allowed_burn=0.83 budget_remaining=1000 burn_error=-1.0 burn_ratio=0.0
2026-07-08 23:43:18 [info     ] controller_decision_v3         action=RECOVERY available_replicas=3 budget_remaining=1000 burn_adjustment=-7 burst_ratio=0 capacity_deficit=False confidence=0 current_load=87.03619596481894 decision_id=0c007209 k8s_capacity=100.1 k8s_weight=100 knative_weight=0 p99=38.0 predicted_load=0 r_effective=33.4 serverless_enabled=False total_load=87.0 weights_after={'k3s': 100, 'knative': 0} weights_before={'k3s': 94, 'knative': 6}
2026-07-08 23:43:18 [info     ] Weights updated                k3s=100 knative=0
2026-07-08 23:43:18 [info     ] Weights updated                action=RECOVERY reason='load=87RPS | k8s_cap=100RPS | (reducing-serverless)' weights={'k3s': 100, 'knative': 0}
2026-07-08 23:43:18 [info     ] algorithm2_scaling_decision    action=MAINTAIN alpha=0.014992503748125937 beta=0.0 buffer=1.2 current_replicas=3 predicted_load=100.58572885398684 required_resources=1.508 target_replicas=3
2026-07-08 23:43:18 [debug    ] Decision loop completed        action=RECOVERY latency_ms=135.41 p99=37.98179059180577
2026-07-08 23:43:33 [debug    ] HAProxy fallback latency       delta_requests=1131 interval_avg_ms=46.19 max_rtime_ms=185.0 p99_est=92.37
2026-07-08 23:43:33 [debug    ] burn_rate_adjustment           actual_burn=0.0 adjustment=-7 allowed_burn=0.83 budget_remaining=1000 burn_error=-1.0 burn_ratio=0.0
2026-07-08 23:43:33 [info     ] algorithm2_scaling_decision    action=MAINTAIN alpha=0.014992503748125937 beta=0.0 buffer=1.2 current_replicas=3 predicted_load=80.88109287321589 required_resources=1.213 target_replicas=3
2026-07-08 23:43:33 [debug    ] Decision loop completed        action=MAINTAIN latency_ms=107.48 p99=92.37135278514589
2026-07-08 23:43:48 [debug    ] HAProxy fallback latency       delta_requests=1074 interval_avg_ms=88.92 max_rtime_ms=185.0 p99_est=177.84
2026-07-08 23:43:48 [debug    ] burn_rate_adjustment           actual_burn=0.0 adjustment=-7 allowed_burn=0.83 budget_remaining=1000 burn_error=-1.0 burn_ratio=0.0
2026-07-08 23:43:48 [info     ] algorithm2_scaling_decision    action=MAINTAIN alpha=0.014992503748125937 beta=0.0 buffer=1.2 current_replicas=3 predicted_load=72.94068224700933 required_resources=1.094 target_replicas=3
2026-07-08 23:43:48 [debug    ] Decision loop completed        action=MAINTAIN latency_ms=105.04 p99=177.83798882681563
2026-07-08 23:44:03 [debug    ] HAProxy fallback latency       delta_requests=947 interval_avg_ms=13.01 max_rtime_ms=185.0 p99_est=26.03
2026-07-08 23:44:03 [debug    ] burn_rate_adjustment           actual_burn=0.0 adjustment=-7 allowed_burn=0.83 budget_remaining=1000 burn_error=-1.0 burn_ratio=0.0
2026-07-08 23:44:03 [info     ] algorithm2_scaling_decision    action=MAINTAIN alpha=0.014992503748125937 beta=0.0 buffer=1.2 current_replicas=3 predicted_load=66.92565167513783 required_resources=1.003 target_replicas=3
2026-07-08 23:44:03 [debug    ] Decision loop completed        action=MAINTAIN latency_ms=103.08 p99=26.029567053854276
2026-07-08 23:44:18 [debug    ] HAProxy fallback latency       delta_requests=793 interval_avg_ms=98.23 max_rtime_ms=185.0 p99_est=185.0
2026-07-08 23:44:18 [debug    ] burn_rate_adjustment           actual_burn=0.0 adjustment=-7 allowed_burn=0.83 budget_remaining=1000 burn_error=-1.0 burn_ratio=0.0
2026-07-08 23:44:18 [info     ] algorithm2_scaling_decision    action=MAINTAIN alpha=0.014992503748125937 beta=0.0 buffer=1.2 current_replicas=3 predicted_load=57.5999206722564 required_resources=0.864 target_replicas=3
2026-07-08 23:44:18 [debug    ] Decision loop completed        action=MAINTAIN latency_ms=112.27 p99=185.0
2026-07-08 23:44:33 [debug    ] HAProxy fallback latency       delta_requests=1191 interval_avg_ms=181.64 max_rtime_ms=193.0 p99_est=193.0
2026-07-08 23:44:33 [debug    ] burn_rate_adjustment           actual_burn=0.0 adjustment=-7 allowed_burn=0.83 budget_remaining=1000 burn_error=-1.0 burn_ratio=0.0
2026-07-08 23:44:34 [info     ] algorithm2_scaling_decision    action=MAINTAIN alpha=0.014992503748125937 beta=0.0 buffer=1.2 current_replicas=3 predicted_load=65.59074722296066 required_resources=0.983 target_replicas=3
2026-07-08 23:44:34 [debug    ] Decision loop completed        action=MAINTAIN latency_ms=103.79 p99=193.0
2026-07-08 23:44:49 [debug    ] HAProxy fallback latency       delta_requests=1863 interval_avg_ms=1460.15 max_rtime_ms=693.0 p99_est=693.0
2026-07-08 23:44:49 [debug    ] burn_rate_adjustment           actual_burn=0.0 adjustment=-7 allowed_burn=0.83 budget_remaining=999 burn_error=-0.998 burn_ratio=0.002
2026-07-08 23:44:49 [info     ] Knative pre-warm OK            cold_start_ms=2.5
2026-07-08 23:44:49 [info     ] controller_decision_v3         action=REACTIVE available_replicas=3 budget_remaining=999 burn_adjustment=-7 burst_ratio=0.1884 capacity_deficit=False confidence=0 current_load=123.27582022135712 decision_id=90f059e8 k8s_capacity=100.1 k8s_weight=88 knative_weight=12 p99=693.0 predicted_load=0 r_effective=33.4 serverless_enabled=True total_load=123.3 weights_after={'k3s': 88, 'knative': 12} weights_before={'k3s': 100, 'knative': 0}
2026-07-08 23:44:49 [info     ] Weights updated                k3s=88 knative=12
2026-07-08 23:44:49 [info     ] Weights updated                action=REACTIVE reason='load=123RPS | k8s_cap=100RPS | (burst-routing)' weights={'k3s': 88, 'knative': 12}
2026-07-08 23:44:49 [info     ] algorithm2_scaling_decision    action=MAINTAIN alpha=0.014992503748125937 beta=0.0 buffer=1.2 current_replicas=3 predicted_load=100.97670098031773 required_resources=1.514 target_replicas=3
2026-07-08 23:44:49 [debug    ] Decision loop completed        action=REACTIVE latency_ms=109.59 p99=693.0
2026-07-08 23:45:04 [debug    ] burn_rate_adjustment           actual_burn=0.0 adjustment=-7 allowed_burn=0.83 budget_remaining=998 burn_error=-0.995 burn_ratio=0.005
2026-07-08 23:45:04 [info     ] controller_decision_v3         action=RECOVERY available_replicas=3 budget_remaining=998 burn_adjustment=-7 burst_ratio=0.1716 capacity_deficit=False confidence=0 current_load=120.78180584639053 decision_id=1f1550e2 k8s_capacity=100.1 k8s_weight=89 knative_weight=11 p99=693.0 predicted_load=0 r_effective=33.4 serverless_enabled=True total_load=120.8 weights_after={'k3s': 89, 'knative': 11} weights_before={'k3s': 88, 'knative': 12}
2026-07-08 23:45:04 [info     ] Weights updated                k3s=89 knative=11
2026-07-08 23:45:04 [info     ] Weights updated                action=RECOVERY reason='load=121RPS | k8s_cap=100RPS | (reducing-serverless)' weights={'k3s': 89, 'knative': 11}
2026-07-08 23:45:04 [info     ] algorithm2_scaling_decision    action=MAINTAIN alpha=0.014992503748125937 beta=0.0 buffer=1.2 current_replicas=3 predicted_load=122.02881303387383 required_resources=1.83 target_replicas=3
2026-07-08 23:45:04 [debug    ] Decision loop completed        action=RECOVERY latency_ms=141.01 p99=693.0
2026-07-08 23:45:19 [debug    ] burn_rate_adjustment           actual_burn=0.01 adjustment=-7 allowed_burn=0.83 budget_remaining=997 burn_error=-0.993 burn_ratio=0.007
2026-07-08 23:45:19 [info     ] controller_decision_v3         action=RECOVERY available_replicas=3 budget_remaining=997 burn_adjustment=-7 burst_ratio=0 capacity_deficit=False confidence=0 current_load=94.44650128019208 decision_id=20d5e9c9 k8s_capacity=100.1 k8s_weight=100 knative_weight=0 p99=693.0 predicted_load=0 r_effective=33.4 serverless_enabled=False total_load=94.4 weights_after={'k3s': 100, 'knative': 0} weights_before={'k3s': 89, 'knative': 11}
2026-07-08 23:45:19 [info     ] Weights updated                k3s=100 knative=0
2026-07-08 23:45:19 [info     ] Weights updated                action=RECOVERY reason='load=94RPS | k8s_cap=100RPS | (reducing-serverless)' weights={'k3s': 100, 'knative': 0}
2026-07-08 23:45:19 [info     ] algorithm2_scaling_decision    action=MAINTAIN alpha=0.014992503748125937 beta=0.0 buffer=1.2 current_replicas=3 predicted_load=107.6141535632913 required_resources=1.613 target_replicas=3
2026-07-08 23:45:19 [debug    ] Decision loop completed        action=RECOVERY latency_ms=148.74 p99=693.0
2026-07-08 23:45:34 [debug    ] HAProxy fallback latency       delta_requests=1233 interval_avg_ms=759.25 max_rtime_ms=704.0 p99_est=704.0
2026-07-08 23:45:34 [debug    ] burn_rate_adjustment           actual_burn=0.01 adjustment=-7 allowed_burn=0.83 budget_remaining=996 burn_error=-0.991 burn_ratio=0.009
2026-07-08 23:45:34 [info     ] algorithm2_scaling_decision    action=MAINTAIN alpha=0.014992503748125937 beta=0.0 buffer=1.2 current_replicas=3 predicted_load=87.91999845205765 required_resources=1.318 target_replicas=3
2026-07-08 23:45:34 [debug    ] Decision loop completed        action=MAINTAIN latency_ms=106.74 p99=704.0
2026-07-08 23:45:49 [debug    ] burn_rate_adjustment           actual_burn=0.01 adjustment=-7 allowed_burn=0.83 budget_remaining=995 burn_error=-0.989 burn_ratio=0.011
2026-07-08 23:45:49 [info     ] algorithm2_scaling_decision    action=MAINTAIN alpha=0.014992503748125937 beta=0.0 buffer=1.2 current_replicas=3 predicted_load=78.59283638118659 required_resources=1.178 target_replicas=3
2026-07-08 23:45:49 [debug    ] Decision loop completed        action=MAINTAIN latency_ms=106.61 p99=704.0
2026-07-08 23:46:04 [debug    ] HAProxy fallback latency       delta_requests=1481 interval_avg_ms=3850.93 max_rtime_ms=1050.0 p99_est=1050.0
2026-07-08 23:46:04 [debug    ] burn_rate_adjustment           actual_burn=0.01 adjustment=-7 allowed_burn=0.83 budget_remaining=994 burn_error=-0.987 burn_ratio=0.013
2026-07-08 23:46:04 [info     ] algorithm2_scaling_decision    action=MAINTAIN alpha=0.014992503748125937 beta=0.0 buffer=1.2 current_replicas=3 predicted_load=86.84902333421539 required_resources=1.302 target_replicas=3
2026-07-08 23:46:04 [debug    ] Decision loop completed        action=MAINTAIN latency_ms=106.99 p99=1050.0
2026-07-08 23:46:19 [debug    ] HAProxy fallback latency       delta_requests=1995 interval_avg_ms=1466.6 max_rtime_ms=1745.0 p99_est=1745.0
2026-07-08 23:46:19 [debug    ] burn_rate_adjustment           actual_burn=0.01 adjustment=-7 allowed_burn=0.83 budget_remaining=993 burn_error=-0.985 burn_ratio=0.015
2026-07-08 23:46:19 [info     ] Knative pre-warm OK            cold_start_ms=2.9
2026-07-08 23:46:19 [info     ] controller_decision_v3         action=REACTIVE available_replicas=3 budget_remaining=993 burn_adjustment=-7 burst_ratio=0.2424 capacity_deficit=False confidence=0 current_load=132.05558658063785 decision_id=55a8bb03 k8s_capacity=100.1 k8s_weight=82 knative_weight=18 p99=1745.0 predicted_load=0 r_effective=33.4 serverless_enabled=True total_load=132.1 weights_after={'k3s': 82, 'knative': 18} weights_before={'k3s': 100, 'knative': 0}
2026-07-08 23:46:19 [info     ] Weights updated                k3s=82 knative=18
2026-07-08 23:46:19 [info     ] Weights updated                action=REACTIVE reason='load=132RPS | k8s_cap=100RPS | (burst-routing)' weights={'k3s': 82, 'knative': 18}
2026-07-08 23:46:19 [info     ] algorithm2_scaling_decision    action=MAINTAIN alpha=0.014992503748125937 beta=0.0 buffer=1.2 current_replicas=3 predicted_load=114.98072805530936 required_resources=1.724 target_replicas=3
2026-07-08 23:46:19 [debug    ] Decision loop completed        action=REACTIVE latency_ms=116.3 p99=1745.0
2026-07-08 23:46:34 [debug    ] burn_rate_adjustment           actual_burn=0.01 adjustment=-7 allowed_burn=0.83 budget_remaining=992 burn_error=-0.984 burn_ratio=0.016
2026-07-08 23:46:34 [info     ] controller_decision_v3         action=REACTIVE available_replicas=3 budget_remaining=992 burn_adjustment=-7 burst_ratio=0.3335 capacity_deficit=False confidence=0 current_load=150.10506981009954 decision_id=b153e3b6 k8s_capacity=100.1 k8s_weight=73 knative_weight=27 p99=1745.0 predicted_load=0 r_effective=33.4 serverless_enabled=True total_load=150.1 weights_after={'k3s': 73, 'knative': 27} weights_before={'k3s': 82, 'knative': 18}
2026-07-08 23:46:34 [info     ] Weights updated                k3s=73 knative=27
2026-07-08 23:46:34 [info     ] Weights updated                action=REACTIVE reason='load=150RPS | k8s_cap=100RPS | (burst-routing)' weights={'k3s': 73, 'knative': 27}
2026-07-08 23:46:34 [info     ] algorithm2_scaling_decision    action=MAINTAIN alpha=0.014992503748125937 beta=0.0 buffer=1.2 current_replicas=3 predicted_load=141.08032819536868 required_resources=2.115 target_replicas=3
2026-07-08 23:46:34 [debug    ] Decision loop completed        action=REACTIVE latency_ms=112.47 p99=1745.0
2026-07-08 23:46:50 [debug    ] burn_rate_adjustment           actual_burn=0.01 adjustment=-7 allowed_burn=0.83 budget_remaining=991 burn_error=-0.982 burn_ratio=0.018
2026-07-08 23:46:50 [info     ] controller_decision_v3         action=REACTIVE available_replicas=3 budget_remaining=991 burn_adjustment=-7 burst_ratio=0.3752 capacity_deficit=False confidence=0 current_load=160.1216557981604 decision_id=3e8773de k8s_capacity=100.1 k8s_weight=69 knative_weight=31 p99=1745.0 predicted_load=0 r_effective=33.4 serverless_enabled=True total_load=160.1 weights_after={'k3s': 69, 'knative': 31} weights_before={'k3s': 73, 'knative': 27}
2026-07-08 23:46:50 [info     ] Weights updated                k3s=69 knative=31
2026-07-08 23:46:50 [info     ] Weights updated                action=REACTIVE reason='load=160RPS | k8s_cap=100RPS | (burst-routing)' weights={'k3s': 69, 'knative': 31}
2026-07-08 23:46:50 [info     ] algorithm2_scaling_decision    action=MAINTAIN alpha=0.014992503748125937 beta=0.0 buffer=1.2 current_replicas=3 predicted_load=155.11336280412996 required_resources=2.326 target_replicas=3
2026-07-08 23:46:50 [debug    ] Decision loop completed        action=REACTIVE latency_ms=114.96 p99=1745.0
2026-07-08 23:47:05 [debug    ] burn_rate_adjustment           actual_burn=0.02 adjustment=-7 allowed_burn=0.83 budget_remaining=990 burn_error=-0.981 burn_ratio=0.019
2026-07-08 23:47:05 [info     ] controller_decision_v3         action=RECOVERY available_replicas=3 budget_remaining=990 burn_adjustment=-7 burst_ratio=0.3145 capacity_deficit=False confidence=0 current_load=145.95141053656525 decision_id=65c6f260 k8s_capacity=100.1 k8s_weight=75 knative_weight=25 p99=1745.0 predicted_load=0 r_effective=33.4 serverless_enabled=True total_load=146.0 weights_after={'k3s': 75, 'knative': 25} weights_before={'k3s': 69, 'knative': 31}
2026-07-08 23:47:05 [info     ] Weights updated                k3s=75 knative=25
2026-07-08 23:47:05 [info     ] Weights updated                action=RECOVERY reason='load=146RPS | k8s_cap=100RPS | (reducing-serverless)' weights={'k3s': 75, 'knative': 25}
2026-07-08 23:47:05 [info     ] algorithm2_scaling_decision    action=MAINTAIN alpha=0.014992503748125937 beta=0.0 buffer=1.2 current_replicas=3 predicted_load=153.03653316736282 required_resources=2.294 target_replicas=3
2026-07-08 23:47:05 [debug    ] Decision loop completed        action=RECOVERY latency_ms=145.03 p99=1745.0
2026-07-08 23:47:20 [debug    ] burn_rate_adjustment           actual_burn=0.02 adjustment=-7 allowed_burn=0.83 budget_remaining=989 burn_error=-0.979 burn_ratio=0.021
2026-07-08 23:47:20 [info     ] controller_decision_v3         action=RECOVERY available_replicas=3 budget_remaining=989 burn_adjustment=-7 burst_ratio=0.1845 capacity_deficit=False confidence=0 current_load=122.68057713113357 decision_id=01f45a1a k8s_capacity=100.1 k8s_weight=88 knative_weight=12 p99=1745.0 predicted_load=0 r_effective=33.4 serverless_enabled=True total_load=122.7 weights_after={'k3s': 88, 'knative': 12} weights_before={'k3s': 75, 'knative': 25}
2026-07-08 23:47:20 [info     ] Weights updated                k3s=88 knative=12
2026-07-08 23:47:20 [info     ] Weights updated                action=RECOVERY reason='load=123RPS | k8s_cap=100RPS | (reducing-serverless)' weights={'k3s': 88, 'knative': 12}
2026-07-08 23:47:20 [info     ] algorithm2_scaling_decision    action=MAINTAIN alpha=0.014992503748125937 beta=0.0 buffer=1.2 current_replicas=3 predicted_load=134.3159938338494 required_resources=2.014 target_replicas=3
2026-07-08 23:47:20 [debug    ] Decision loop completed        action=RECOVERY latency_ms=149.83 p99=1745.0
2026-07-08 23:47:35 [debug    ] HAProxy fallback latency       delta_requests=1787 interval_avg_ms=96.45 max_rtime_ms=1745.0 p99_est=192.9
2026-07-08 23:47:35 [debug    ] burn_rate_adjustment           actual_burn=0.02 adjustment=-7 allowed_burn=0.83 budget_remaining=989 burn_error=-0.98 burn_ratio=0.02
2026-07-08 23:47:35 [info     ] controller_decision_v3         action=RECOVERY available_replicas=3 budget_remaining=989 burn_adjustment=-7 burst_ratio=0.1513 capacity_deficit=False confidence=0 current_load=117.88552656250677 decision_id=0bd1127c k8s_capacity=100.1 k8s_weight=91 knative_weight=9 p99=192.9 predicted_load=0 r_effective=33.4 serverless_enabled=True total_load=117.9 weights_after={'k3s': 91, 'knative': 9} weights_before={'k3s': 88, 'knative': 12}
2026-07-08 23:47:35 [info     ] Weights updated                k3s=91 knative=9
2026-07-08 23:47:35 [info     ] Weights updated                action=RECOVERY reason='load=118RPS | k8s_cap=100RPS | (reducing-serverless)' weights={'k3s': 91, 'knative': 9}
2026-07-08 23:47:35 [info     ] algorithm2_scaling_decision    action=MAINTAIN alpha=0.014992503748125937 beta=0.0 buffer=1.2 current_replicas=3 predicted_load=120.28305184682017 required_resources=1.803 target_replicas=3
2026-07-08 23:47:35 [debug    ] Decision loop completed        action=RECOVERY latency_ms=149.89 p99=192.90207050923334
2026-07-08 23:47:50 [debug    ] HAProxy fallback latency       delta_requests=1822 interval_avg_ms=237.54 max_rtime_ms=1745.0 p99_est=475.08
2026-07-08 23:47:50 [debug    ] burn_rate_adjustment           actual_burn=0.02 adjustment=-7 allowed_burn=0.83 budget_remaining=988 burn_error=-0.978 burn_ratio=0.022
2026-07-08 23:47:50 [info     ] controller_decision_v3         action=REACTIVE available_replicas=3 budget_remaining=988 burn_adjustment=-7 burst_ratio=0.1685 capacity_deficit=False confidence=0 current_load=120.3305264925438 decision_id=7156df52 k8s_capacity=100.1 k8s_weight=90 knative_weight=10 p99=475.1 predicted_load=0 r_effective=33.4 serverless_enabled=True total_load=120.3 weights_after={'k3s': 90, 'knative': 10} weights_before={'k3s': 91, 'knative': 9}
2026-07-08 23:47:50 [info     ] Weights updated                k3s=90 knative=10
2026-07-08 23:47:50 [info     ] Weights updated                action=REACTIVE reason='load=120RPS | k8s_cap=100RPS | (burst-routing)' weights={'k3s': 90, 'knative': 10}
2026-07-08 23:47:50 [info     ] algorithm2_scaling_decision    action=MAINTAIN alpha=0.014992503748125937 beta=0.0 buffer=1.2 current_replicas=3 predicted_load=119.10802652752528 required_resources=1.786 target_replicas=3
2026-07-08 23:47:50 [debug    ] Decision loop completed        action=REACTIVE latency_ms=114.82 p99=475.0845225027442
2026-07-08 23:48:05 [debug    ] burn_rate_adjustment           actual_burn=0.02 adjustment=-7 allowed_burn=0.83 budget_remaining=987 burn_error=-0.977 burn_ratio=0.023
2026-07-08 23:48:05 [info     ] algorithm2_scaling_decision    action=MAINTAIN alpha=0.014992503748125937 beta=0.0 buffer=1.2 current_replicas=3 predicted_load=120.2718654219225 required_resources=1.803 target_replicas=3
2026-07-08 23:48:05 [debug    ] Decision loop completed        action=MAINTAIN latency_ms=113.36 p99=475.0845225027442
2026-07-08 23:48:20 [debug    ] HAProxy fallback latency       delta_requests=1788 interval_avg_ms=41.53 max_rtime_ms=1745.0 p99_est=83.06
2026-07-08 23:48:20 [debug    ] burn_rate_adjustment           actual_burn=0.02 adjustment=-7 allowed_burn=0.83 budget_remaining=987 burn_error=-0.978 burn_ratio=0.022
2026-07-08 23:48:20 [info     ] controller_decision_v3         action=RECOVERY available_replicas=3 budget_remaining=987 burn_adjustment=-7 burst_ratio=0.1548 capacity_deficit=False confidence=0 current_load=118.37060162478093 decision_id=409b93de k8s_capacity=100.1 k8s_weight=91 knative_weight=9 p99=83.1 predicted_load=0 r_effective=33.4 serverless_enabled=True total_load=118.4 weights_after={'k3s': 91, 'knative': 9} weights_before={'k3s': 90, 'knative': 10}
2026-07-08 23:48:20 [info     ] Weights updated                k3s=91 knative=9
2026-07-08 23:48:20 [info     ] Weights updated                action=RECOVERY reason='load=118RPS | k8s_cap=100RPS | (reducing-serverless)' weights={'k3s': 91, 'knative': 9}
2026-07-08 23:48:20 [info     ] algorithm2_scaling_decision    action=MAINTAIN alpha=0.014992503748125937 beta=0.0 buffer=1.2 current_replicas=3 predicted_load=119.29190298804107 required_resources=1.788 target_replicas=3
2026-07-08 23:48:20 [debug    ] Decision loop completed        action=RECOVERY latency_ms=140.02 p99=83.05704697986577
2026-07-08 23:48:35 [debug    ] burn_rate_adjustment           actual_burn=0.02 adjustment=-7 allowed_burn=0.83 budget_remaining=987 burn_error=-0.978 burn_ratio=0.022
2026-07-08 23:48:35 [info     ] controller_decision_v3         action=RECOVERY available_replicas=3 budget_remaining=987 burn_adjustment=-7 burst_ratio=0.0271 capacity_deficit=False confidence=0 current_load=102.83510688201893 decision_id=a243cf50 k8s_capacity=100.1 k8s_weight=100 knative_weight=0 p99=83.1 predicted_load=0 r_effective=33.4 serverless_enabled=False total_load=102.8 weights_after={'k3s': 100, 'knative': 0} weights_before={'k3s': 91, 'knative': 9}
2026-07-08 23:48:36 [info     ] Weights updated                k3s=100 knative=0
2026-07-08 23:48:36 [info     ] Weights updated                action=RECOVERY reason='load=103RPS | k8s_cap=100RPS | (reducing-serverless)' weights={'k3s': 100, 'knative': 0}
2026-07-08 23:48:36 [info     ] algorithm2_scaling_decision    action=MAINTAIN alpha=0.014992503748125937 beta=0.0 buffer=1.2 current_replicas=3 predicted_load=110.60285425339993 required_resources=1.658 target_replicas=3
2026-07-08 23:48:36 [debug    ] Decision loop completed        action=RECOVERY latency_ms=140.51 p99=83.05704697986577
2026-07-08 23:48:51 [debug    ] burn_rate_adjustment           actual_burn=0.02 adjustment=-7 allowed_burn=0.83 budget_remaining=987 burn_error=-0.979 burn_ratio=0.021
2026-07-08 23:48:51 [info     ] algorithm2_scaling_decision    action=MAINTAIN alpha=0.014992503748125937 beta=0.0 buffer=1.2 current_replicas=3 predicted_load=93.12811534748755 required_resources=1.396 target_replicas=3
2026-07-08 23:48:51 [debug    ] Decision loop completed        action=MAINTAIN latency_ms=106.81 p99=83.05704697986577
2026-07-08 23:49:06 [debug    ] HAProxy fallback latency       delta_requests=1119 interval_avg_ms=13.79 max_rtime_ms=1745.0 p99_est=27.58
2026-07-08 23:49:06 [debug    ] burn_rate_adjustment           actual_burn=0.02 adjustment=-7 allowed_burn=0.83 budget_remaining=987 burn_error=-0.979 burn_ratio=0.021
2026-07-08 23:49:06 [info     ] algorithm2_scaling_decision    action=MAINTAIN alpha=0.014992503748125937 beta=0.0 buffer=1.2 current_replicas=3 predicted_load=78.7459251231706 required_resources=1.181 target_replicas=3
2026-07-08 23:49:06 [debug    ] Decision loop completed        action=MAINTAIN latency_ms=103.33 p99=27.58355674709562
2026-07-08 23:49:21 [debug    ] HAProxy fallback latency       delta_requests=1043 interval_avg_ms=122.01 max_rtime_ms=1745.0 p99_est=244.02
2026-07-08 23:49:21 [debug    ] burn_rate_adjustment           actual_burn=0.02 adjustment=-7 allowed_burn=0.83 budget_remaining=986 burn_error=-0.978 burn_ratio=0.022
2026-07-08 23:49:21 [info     ] algorithm2_scaling_decision    action=MAINTAIN alpha=0.014992503748125937 beta=0.0 buffer=1.2 current_replicas=3 predicted_load=71.56343302341527 required_resources=1.073 target_replicas=3
2026-07-08 23:49:21 [debug    ] Decision loop completed        action=MAINTAIN latency_ms=106.31 p99=244.0249280920422
2026-07-08 23:49:36 [debug    ] HAProxy fallback latency       delta_requests=1170 interval_avg_ms=169.65 max_rtime_ms=1745.0 p99_est=339.3
2026-07-08 23:49:36 [debug    ] burn_rate_adjustment           actual_burn=0.02 adjustment=-7 allowed_burn=0.83 budget_remaining=985 burn_error=-0.977 burn_ratio=0.023
2026-07-08 23:49:36 [info     ] algorithm2_scaling_decision    action=MAINTAIN alpha=0.014992503748125937 beta=0.0 buffer=1.2 current_replicas=3 predicted_load=73.25401389675564 required_resources=1.098 target_replicas=3
2026-07-08 23:49:36 [debug    ] Decision loop completed        action=MAINTAIN latency_ms=111.7 p99=339.2957264957265
2026-07-08 23:49:51 [debug    ] HAProxy fallback latency       delta_requests=1330 interval_avg_ms=68.0 max_rtime_ms=1745.0 p99_est=136.0
2026-07-08 23:49:51 [debug    ] burn_rate_adjustment           actual_burn=0.02 adjustment=-7 allowed_burn=0.83 budget_remaining=985 burn_error=-0.977 burn_ratio=0.023
2026-07-08 23:49:51 [info     ] algorithm2_scaling_decision    action=MAINTAIN alpha=0.014992503748125937 beta=0.0 buffer=1.2 current_replicas=3 predicted_load=82.69748282039454 required_resources=1.24 target_replicas=3
2026-07-08 23:49:51 [debug    ] Decision loop completed        action=MAINTAIN latency_ms=110.44 p99=136.0
2026-07-08 23:50:06 [debug    ] burn_rate_adjustment           actual_burn=0.02 adjustment=-7 allowed_burn=0.83 budget_remaining=985 burn_error=-0.978 burn_ratio=0.022
2026-07-08 23:50:06 [info     ] algorithm2_scaling_decision    action=MAINTAIN alpha=0.014992503748125937 beta=0.0 buffer=1.2 current_replicas=3 predicted_load=80.40278985485271 required_resources=1.205 target_replicas=3
2026-07-08 23:50:06 [debug    ] Decision loop completed        action=MAINTAIN latency_ms=106.27 p99=136.0
2026-07-08 23:50:21 [debug    ] burn_rate_adjustment           actual_burn=0.02 adjustment=-7 allowed_burn=0.83 budget_remaining=985 burn_error=-0.978 burn_ratio=0.022
2026-07-08 23:50:21 [info     ] algorithm2_scaling_decision    action=MAINTAIN alpha=0.014992503748125937 beta=0.0 buffer=1.2 current_replicas=3 predicted_load=62.24866372182371 required_resources=0.933 target_replicas=3
2026-07-08 23:50:21 [debug    ] Decision loop completed        action=MAINTAIN latency_ms=110.17 p99=136.0
2026-07-08 23:50:36 [debug    ] burn_rate_adjustment           actual_burn=0.02 adjustment=-7 allowed_burn=0.83 budget_remaining=985 burn_error=-0.978 burn_ratio=0.022
2026-07-08 23:50:36 [info     ] algorithm2_scaling_decision    action=MAINTAIN alpha=0.014992503748125937 beta=0.0 buffer=1.2 current_replicas=3 predicted_load=49.07962961811792 required_resources=0.736 target_replicas=3
2026-07-08 23:50:36 [debug    ] Decision loop completed        action=MAINTAIN latency_ms=107.0 p99=136.0
2026-07-08 23:50:51 [debug    ] HAProxy fallback latency       delta_requests=693 interval_avg_ms=64.0 max_rtime_ms=1745.0 p99_est=128.0
2026-07-08 23:50:51 [debug    ] burn_rate_adjustment           actual_burn=0.02 adjustment=-7 allowed_burn=0.83 budget_remaining=985 burn_error=-0.979 burn_ratio=0.021
2026-07-08 23:50:52 [info     ] algorithm2_scaling_decision    action=MAINTAIN alpha=0.014992503748125937 beta=0.0 buffer=1.2 current_replicas=3 predicted_load=46.196898423308156 required_resources=0.693 target_replicas=3
2026-07-08 23:50:52 [debug    ] Decision loop completed        action=MAINTAIN latency_ms=111.8 p99=128.0
2026-07-08 23:51:07 [debug    ] HAProxy fallback latency       delta_requests=655 interval_avg_ms=64.0 max_rtime_ms=1745.0 p99_est=128.0
2026-07-08 23:51:07 [debug    ] burn_rate_adjustment           actual_burn=0.02 adjustment=-7 allowed_burn=0.83 budget_remaining=985 burn_error=-0.979 burn_ratio=0.021
2026-07-08 23:51:07 [info     ] algorithm2_scaling_decision    action=MAINTAIN alpha=0.014992503748125937 beta=0.0 buffer=1.2 current_replicas=3 predicted_load=44.640540391499705 required_resources=0.669 target_replicas=3
2026-07-08 23:51:07 [debug    ] Decision loop completed        action=MAINTAIN latency_ms=109.08 p99=128.0
2026-07-08 23:51:22 [debug    ] HAProxy fallback latency       delta_requests=632 interval_avg_ms=64.0 max_rtime_ms=1745.0 p99_est=128.0
2026-07-08 23:51:22 [debug    ] burn_rate_adjustment           actual_burn=0.02 adjustment=-7 allowed_burn=0.83 budget_remaining=985 burn_error=-0.979 burn_ratio=0.021
2026-07-08 23:51:22 [info     ] algorithm2_scaling_decision    action=MAINTAIN alpha=0.014992503748125937 beta=0.0 buffer=1.2 current_replicas=3 predicted_load=42.620280962367445 required_resources=0.639 target_replicas=3
2026-07-08 23:51:22 [debug    ] Decision loop completed        action=MAINTAIN latency_ms=117.61 p99=128.0
2026-07-08 23:51:37 [debug    ] HAProxy fallback latency       delta_requests=829 interval_avg_ms=64.0 max_rtime_ms=1745.0 p99_est=128.0
2026-07-08 23:51:37 [debug    ] burn_rate_adjustment           actual_burn=0.02 adjustment=-7 allowed_burn=0.83 budget_remaining=985 burn_error=-0.98 burn_ratio=0.02
2026-07-08 23:51:37 [info     ] algorithm2_scaling_decision    action=MAINTAIN alpha=0.014992503748125937 beta=0.0 buffer=1.2 current_replicas=3 predicted_load=48.29935202987426 required_resources=0.724 target_replicas=3
2026-07-08 23:51:37 [debug    ] Decision loop completed        action=MAINTAIN latency_ms=113.23 p99=128.0
2026-07-08 23:51:52 [debug    ] HAProxy fallback latency       delta_requests=1056 interval_avg_ms=193.57 max_rtime_ms=1745.0 p99_est=387.13
2026-07-08 23:51:52 [debug    ] burn_rate_adjustment           actual_burn=0.02 adjustment=-7 allowed_burn=0.83 budget_remaining=984 burn_error=-0.979 burn_ratio=0.021
2026-07-08 23:51:52 [info     ] algorithm2_scaling_decision    action=MAINTAIN alpha=0.014992503748125937 beta=0.0 buffer=1.2 current_replicas=3 predicted_load=62.32071560651049 required_resources=0.934 target_replicas=3
2026-07-08 23:51:52 [debug    ] Decision loop completed        action=MAINTAIN latency_ms=106.89 p99=387.13257575757575
2026-07-08 23:52:07 [debug    ] HAProxy fallback latency       delta_requests=1076 interval_avg_ms=66.0 max_rtime_ms=1745.0 p99_est=132.0
2026-07-08 23:52:07 [debug    ] burn_rate_adjustment           actual_burn=0.02 adjustment=-7 allowed_burn=0.83 budget_remaining=984 burn_error=-0.979 burn_ratio=0.021
2026-07-08 23:52:07 [info     ] algorithm2_scaling_decision    action=MAINTAIN alpha=0.014992503748125937 beta=0.0 buffer=1.2 current_replicas=3 predicted_load=70.51601817614043 required_resources=1.057 target_replicas=3
2026-07-08 23:52:07 [debug    ] Decision loop completed        action=MAINTAIN latency_ms=105.59 p99=132.0
2026-07-08 23:52:22 [debug    ] HAProxy fallback latency       delta_requests=1050 interval_avg_ms=66.0 max_rtime_ms=1745.0 p99_est=132.0
2026-07-08 23:52:22 [debug    ] burn_rate_adjustment           actual_burn=0.02 adjustment=-7 allowed_burn=0.83 budget_remaining=984 burn_error=-0.98 burn_ratio=0.02
2026-07-08 23:52:22 [info     ] algorithm2_scaling_decision    action=MAINTAIN alpha=0.014992503748125937 beta=0.0 buffer=1.2 current_replicas=3 predicted_load=70.33509135627818 required_resources=1.054 target_replicas=3
2026-07-08 23:52:22 [debug    ] Decision loop completed        action=MAINTAIN latency_ms=113.94 p99=132.0
2026-07-08 23:52:37 [debug    ] HAProxy fallback latency       delta_requests=1070 interval_avg_ms=66.0 max_rtime_ms=1745.0 p99_est=132.0
2026-07-08 23:52:37 [debug    ] burn_rate_adjustment           actual_burn=0.02 adjustment=-7 allowed_burn=0.83 budget_remaining=984 burn_error=-0.98 burn_ratio=0.02
2026-07-08 23:52:37 [info     ] algorithm2_scaling_decision    action=MAINTAIN alpha=0.014992503748125937 beta=0.0 buffer=1.2 current_replicas=3 predicted_load=70.1842816899377 required_resources=1.052 target_replicas=3
2026-07-08 23:52:37 [debug    ] Decision loop completed        action=MAINTAIN latency_ms=103.75 p99=132.0
2026-07-08 23:52:52 [debug    ] HAProxy fallback latency       delta_requests=1127 interval_avg_ms=66.0 max_rtime_ms=1745.0 p99_est=132.0
2026-07-08 23:52:52 [debug    ] burn_rate_adjustment           actual_burn=0.02 adjustment=-7 allowed_burn=0.83 budget_remaining=984 burn_error=-0.98 burn_ratio=0.02
2026-07-08 23:52:52 [info     ] algorithm2_scaling_decision    action=MAINTAIN alpha=0.014992503748125937 beta=0.0 buffer=1.2 current_replicas=3 predicted_load=72.70489107812142 required_resources=1.09 target_replicas=3
2026-07-08 23:52:52 [debug    ] Decision loop completed        action=MAINTAIN latency_ms=112.36 p99=132.0
2026-07-08 23:53:07 [debug    ] HAProxy fallback latency       delta_requests=1388 interval_avg_ms=172.8 max_rtime_ms=1745.0 p99_est=345.61
2026-07-08 23:53:07 [debug    ] burn_rate_adjustment           actual_burn=0.02 adjustment=-7 allowed_burn=0.83 budget_remaining=983 burn_error=-0.979 burn_ratio=0.021
2026-07-08 23:53:08 [info     ] algorithm2_scaling_decision    action=MAINTAIN alpha=0.014992503748125937 beta=0.0 buffer=1.2 current_replicas=3 predicted_load=83.16611195777023 required_resources=1.247 target_replicas=3
2026-07-08 23:53:08 [debug    ] Decision loop completed        action=MAINTAIN latency_ms=108.41 p99=345.60806916426515
2026-07-08 23:53:23 [debug    ] HAProxy fallback latency       delta_requests=1635 interval_avg_ms=207.0 max_rtime_ms=1745.0 p99_est=414.01
2026-07-08 23:53:23 [debug    ] burn_rate_adjustment           actual_burn=0.02 adjustment=-7 allowed_burn=0.83 budget_remaining=982 burn_error=-0.978 burn_ratio=0.022
2026-07-08 23:53:23 [info     ] Knative pre-warm OK            cold_start_ms=2.8
2026-07-08 23:53:23 [info     ] controller_decision_v3         action=REACTIVE available_replicas=3 budget_remaining=982 burn_adjustment=-7 burst_ratio=0.0755 capacity_deficit=False confidence=0 current_load=108.2160145139163 decision_id=929a92d9 k8s_capacity=100.1 k8s_weight=99 knative_weight=1 p99=414.0 predicted_load=0 r_effective=33.4 serverless_enabled=True total_load=108.2 weights_after={'k3s': 99, 'knative': 1} weights_before={'k3s': 100, 'knative': 0}
2026-07-08 23:53:23 [info     ] Weights updated                k3s=99 knative=1
2026-07-08 23:53:23 [info     ] Weights updated                action=REACTIVE reason='load=108RPS | k8s_cap=100RPS | (burst-routing)' weights={'k3s': 99, 'knative': 1}
2026-07-08 23:53:23 [info     ] algorithm2_scaling_decision    action=MAINTAIN alpha=0.014992503748125937 beta=0.0 buffer=1.2 current_replicas=3 predicted_load=99.99865109638003 required_resources=1.499 target_replicas=3
2026-07-08 23:53:23 [debug    ] Decision loop completed        action=REACTIVE latency_ms=113.7 p99=414.0073394495413
2026-07-08 23:53:38 [debug    ] burn_rate_adjustment           actual_burn=0.02 adjustment=-7 allowed_burn=0.83 budget_remaining=981 burn_error=-0.977 burn_ratio=0.023
2026-07-08 23:53:38 [info     ] controller_decision_v3         action=RECOVERY available_replicas=3 budget_remaining=981 burn_adjustment=-7 burst_ratio=0 capacity_deficit=False confidence=0 current_load=96.27189537567551 decision_id=32444758 k8s_capacity=100.1 k8s_weight=100 knative_weight=0 p99=414.0 predicted_load=0 r_effective=33.4 serverless_enabled=False total_load=96.3 weights_after={'k3s': 100, 'knative': 0} weights_before={'k3s': 99, 'knative': 1}
2026-07-08 23:53:38 [info     ] Weights updated                k3s=100 knative=0
2026-07-08 23:53:38 [info     ] Weights updated                action=RECOVERY reason='load=96RPS | k8s_cap=100RPS | (reducing-serverless)' weights={'k3s': 100, 'knative': 0}
2026-07-08 23:53:38 [info     ] algorithm2_scaling_decision    action=MAINTAIN alpha=0.014992503748125937 beta=0.0 buffer=1.2 current_replicas=3 predicted_load=102.24395494479592 required_resources=1.533 target_replicas=3
2026-07-08 23:53:38 [debug    ] Decision loop completed        action=RECOVERY latency_ms=141.57 p99=414.0073394495413
2026-07-08 23:53:53 [debug    ] burn_rate_adjustment           actual_burn=0.02 adjustment=-7 allowed_burn=0.83 budget_remaining=980 burn_error=-0.977 burn_ratio=0.023
2026-07-08 23:53:53 [info     ] algorithm2_scaling_decision    action=MAINTAIN alpha=0.014992503748125937 beta=0.0 buffer=1.2 current_replicas=3 predicted_load=87.49690307093795 required_resources=1.312 target_replicas=3
2026-07-08 23:53:53 [debug    ] Decision loop completed        action=MAINTAIN latency_ms=108.02 p99=414.0073394495413
2026-07-08 23:54:08 [debug    ] HAProxy fallback latency       delta_requests=929 interval_avg_ms=66.0 max_rtime_ms=1745.0 p99_est=132.0
2026-07-08 23:54:08 [debug    ] burn_rate_adjustment           actual_burn=0.02 adjustment=-7 allowed_burn=0.83 budget_remaining=980 burn_error=-0.977 burn_ratio=0.023
2026-07-08 23:54:08 [info     ] algorithm2_scaling_decision    action=MAINTAIN alpha=0.014992503748125937 beta=0.0 buffer=1.2 current_replicas=3 predicted_load=70.10497156029594 required_resources=1.051 target_replicas=3
2026-07-08 23:54:08 [debug    ] Decision loop completed        action=MAINTAIN latency_ms=110.71 p99=132.0
2026-07-08 23:54:23 [debug    ] burn_rate_adjustment           actual_burn=0.02 adjustment=-7 allowed_burn=0.83 budget_remaining=980 burn_error=-0.977 burn_ratio=0.023
2026-07-08 23:54:23 [info     ] algorithm2_scaling_decision    action=MAINTAIN alpha=0.014992503748125937 beta=0.0 buffer=1.2 current_replicas=3 predicted_load=53.87254879016163 required_resources=0.808 target_replicas=3
2026-07-08 23:54:23 [debug    ] Decision loop completed        action=MAINTAIN latency_ms=107.49 p99=132.0
2026-07-08 23:54:38 [debug    ] burn_rate_adjustment           actual_burn=0.02 adjustment=-7 allowed_burn=0.83 budget_remaining=980 burn_error=-0.978 burn_ratio=0.022
2026-07-08 23:54:38 [info     ] algorithm2_scaling_decision    action=MAINTAIN alpha=0.014992503748125937 beta=0.0 buffer=1.2 current_replicas=3 predicted_load=44.87322125892055 required_resources=0.673 target_replicas=3
2026-07-08 23:54:38 [debug    ] Decision loop completed        action=MAINTAIN latency_ms=109.31 p99=132.0
2026-07-08 23:54:53 [debug    ] HAProxy fallback latency       delta_requests=666 interval_avg_ms=64.0 max_rtime_ms=1745.0 p99_est=128.0
2026-07-08 23:54:53 [debug    ] burn_rate_adjustment           actual_burn=0.02 adjustment=-7 allowed_burn=0.83 budget_remaining=980 burn_error=-0.978 burn_ratio=0.022
2026-07-08 23:54:53 [info     ] algorithm2_scaling_decision    action=MAINTAIN alpha=0.014992503748125937 beta=0.0 buffer=1.2 current_replicas=3 predicted_load=43.78371905204593 required_resources=0.656 target_replicas=3
2026-07-08 23:54:53 [debug    ] Decision loop completed        action=MAINTAIN latency_ms=114.53 p99=128.0
2026-07-08 23:55:08 [debug    ] HAProxy fallback latency       delta_requests=771 interval_avg_ms=277.03 max_rtime_ms=1745.0 p99_est=554.06
2026-07-08 23:55:08 [debug    ] burn_rate_adjustment           actual_burn=0.02 adjustment=-7 allowed_burn=0.83 budget_remaining=979 burn_error=-0.977 burn_ratio=0.023
2026-07-08 23:55:08 [info     ] algorithm2_scaling_decision    action=MAINTAIN alpha=0.014992503748125937 beta=0.0 buffer=1.2 current_replicas=3 predicted_load=47.54352350879922 required_resources=0.713 target_replicas=3
2026-07-08 23:55:08 [debug    ] Decision loop completed        action=MAINTAIN latency_ms=109.48 p99=554.064850843061
2026-07-08 23:55:23 [debug    ] HAProxy fallback latency       delta_requests=855 interval_avg_ms=66.0 max_rtime_ms=1745.0 p99_est=132.0
2026-07-08 23:55:23 [debug    ] burn_rate_adjustment           actual_burn=0.02 adjustment=-7 allowed_burn=0.83 budget_remaining=979 burn_error=-0.977 burn_ratio=0.023
2026-07-08 23:55:24 [info     ] algorithm2_scaling_decision    action=MAINTAIN alpha=0.014992503748125937 beta=0.0 buffer=1.2 current_replicas=3 predicted_load=53.79800099250782 required_resources=0.807 target_replicas=3
2026-07-08 23:55:24 [debug    ] Decision loop completed        action=MAINTAIN latency_ms=107.57 p99=132.0
2026-07-08 23:55:39 [debug    ] burn_rate_adjustment           actual_burn=0.02 adjustment=-7 allowed_burn=0.83 budget_remaining=979 burn_error=-0.978 burn_ratio=0.022
2026-07-08 23:55:39 [info     ] algorithm2_scaling_decision    action=MAINTAIN alpha=0.014992503748125937 beta=0.0 buffer=1.2 current_replicas=3 predicted_load=52.18898202742481 required_resources=0.782 target_replicas=3
2026-07-08 23:55:39 [debug    ] Decision loop completed        action=MAINTAIN latency_ms=107.59 p99=132.0
2026-07-08 23:55:54 [debug    ] HAProxy fallback latency       delta_requests=581 interval_avg_ms=65.0 max_rtime_ms=1745.0 p99_est=130.0
2026-07-08 23:55:54 [debug    ] burn_rate_adjustment           actual_burn=0.02 adjustment=-7 allowed_burn=0.83 budget_remaining=979 burn_error=-0.978 burn_ratio=0.022
2026-07-08 23:55:54 [info     ] algorithm2_scaling_decision    action=MAINTAIN alpha=0.014992503748125937 beta=0.0 buffer=1.2 current_replicas=3 predicted_load=43.15584762217189 required_resources=0.647 target_replicas=3
2026-07-08 23:55:54 [debug    ] Decision loop completed        action=MAINTAIN latency_ms=107.96 p99=130.0
2026-07-08 23:56:09 [debug    ] HAProxy fallback latency       delta_requests=582 interval_avg_ms=65.0 max_rtime_ms=1745.0 p99_est=130.0
2026-07-08 23:56:09 [debug    ] burn_rate_adjustment           actual_burn=0.02 adjustment=-7 allowed_burn=0.83 budget_remaining=979 burn_error=-0.978 burn_ratio=0.022
2026-07-08 23:56:09 [info     ] algorithm2_scaling_decision    action=MAINTAIN alpha=0.014992503748125937 beta=0.0 buffer=1.2 current_replicas=3 predicted_load=38.5231358674248 required_resources=0.578 target_replicas=3
2026-07-08 23:56:09 [debug    ] Decision loop completed        action=MAINTAIN latency_ms=107.7 p99=130.0
2026-07-08 23:56:24 [debug    ] burn_rate_adjustment           actual_burn=0.02 adjustment=-7 allowed_burn=0.83 budget_remaining=979 burn_error=-0.979 burn_ratio=0.021
2026-07-08 23:56:24 [info     ] algorithm2_scaling_decision    action=MAINTAIN alpha=0.014992503748125937 beta=0.0 buffer=1.2 current_replicas=3 predicted_load=39.28518670599501 required_resources=0.589 target_replicas=3
2026-07-08 23:56:24 [debug    ] Decision loop completed        action=MAINTAIN latency_ms=107.64 p99=130.0
2026-07-08 23:56:39 [debug    ] HAProxy fallback latency       delta_requests=629 interval_avg_ms=64.0 max_rtime_ms=1745.0 p99_est=128.0
2026-07-08 23:56:39 [debug    ] burn_rate_adjustment           actual_burn=0.02 adjustment=-7 allowed_burn=0.83 budget_remaining=979 burn_error=-0.979 burn_ratio=0.021
2026-07-08 23:56:39 [info     ] algorithm2_scaling_decision    action=MAINTAIN alpha=0.014992503748125937 beta=0.0 buffer=1.2 current_replicas=3 predicted_load=40.8060930528146 required_resources=0.612 target_replicas=3
2026-07-08 23:56:39 [debug    ] Decision loop completed        action=MAINTAIN latency_ms=109.16 p99=128.0
2026-07-08 23:56:54 [debug    ] HAProxy fallback latency       delta_requests=660 interval_avg_ms=64.0 max_rtime_ms=1745.0 p99_est=128.0
2026-07-08 23:56:54 [debug    ] burn_rate_adjustment           actual_burn=0.02 adjustment=-7 allowed_burn=0.83 budget_remaining=979 burn_error=-0.979 burn_ratio=0.021
2026-07-08 23:56:54 [info     ] algorithm2_scaling_decision    action=MAINTAIN alpha=0.014992503748125937 beta=0.0 buffer=1.2 current_replicas=3 predicted_load=42.623596543018635 required_resources=0.639 target_replicas=3
2026-07-08 23:56:54 [debug    ] Decision loop completed        action=MAINTAIN latency_ms=109.16 p99=128.0
2026-07-08 23:57:09 [debug    ] HAProxy fallback latency       delta_requests=738 interval_avg_ms=419.67 max_rtime_ms=1745.0 p99_est=839.35
2026-07-08 23:57:09 [debug    ] burn_rate_adjustment           actual_burn=0.02 adjustment=-7 allowed_burn=0.83 budget_remaining=978 burn_error=-0.978 burn_ratio=0.022
2026-07-08 23:57:09 [info     ] algorithm2_scaling_decision    action=MAINTAIN alpha=0.014992503748125937 beta=0.0 buffer=1.2 current_replicas=3 predicted_load=46.26277119141613 required_resources=0.694 target_replicas=3
2026-07-08 23:57:09 [debug    ] Decision loop completed        action=MAINTAIN latency_ms=113.95 p99=839.349593495935
2026-07-08 23:57:24 [debug    ] burn_rate_adjustment           actual_burn=0.02 adjustment=-7 allowed_burn=0.83 budget_remaining=977 burn_error=-0.978 burn_ratio=0.022
2026-07-08 23:57:24 [info     ] algorithm2_scaling_decision    action=MAINTAIN alpha=0.014992503748125937 beta=0.0 buffer=1.2 current_replicas=3 predicted_load=35.86808114607743 required_resources=0.538 target_replicas=3
2026-07-08 23:57:24 [debug    ] Decision loop completed        action=MAINTAIN latency_ms=105.5 p99=839.349593495935
2026-07-08 23:57:40 [info     ] algorithm2_scaling_decision    action=MAINTAIN alpha=0.014992503748125937 beta=0.0 buffer=1.2 current_replicas=3 predicted_load=11.445237767982503 required_resources=0.172 target_replicas=3
2026-07-08 23:57:40 [debug    ] Decision loop completed        action=MAINTAIN latency_ms=109.32 p99=839.349593495935
2026-07-08 23:57:55 [info     ] algorithm2_scaling_decision    action=MAINTAIN alpha=0.014992503748125937 beta=0.0 buffer=1.2 current_replicas=3 predicted_load=0.0 required_resources=0.0 target_replicas=3
2026-07-08 23:57:55 [debug    ] Decision loop completed        action=MAINTAIN latency_ms=111.48 p99=839.349593495935
2026-07-08 23:58:10 [info     ] algorithm2_scaling_decision    action=MAINTAIN alpha=0.014992503748125937 beta=0.0 buffer=1.2 current_replicas=3 predicted_load=0.0 required_resources=0.0 target_replicas=3
2026-07-08 23:58:10 [debug    ] Decision loop completed        action=MAINTAIN latency_ms=108.4 p99=839.349593495935
2026-07-08 23:58:16 [info     ] Received shutdown signal
2026-07-08 23:58:16 [info     ] Stopping routing daemon...
2026-07-08 23:58:16 [info     ] Routing daemon stopped
