2026-07-10 02:19:59 [info     ] SLOMonitor initialized         threshold_ms=200.0 violation_window=30
2026-07-10 02:19:59 [info     ] Algorithm1ControllerV3 initialized max_knative=50 r_saturation=66.7 target_cpu_util=0.608540663048167 total_budget=1000
2026-07-10 02:19:59 [info     ] Using V3 controller (Capacity-Driven) scenario=s4-hybrid-predictive version=v3
2026-07-10 02:19:59 [info     ] HAProxyWeightAdjuster initialized backend=servers host=localhost port=19999
2026-07-10 02:19:59 [info     ] GRUClient initialized          base_url=http://localhost:8090
2026-07-10 02:19:59 [info     ] K8sScaler initialized          deployment=test-app-warm namespace=default
2026-07-10 02:19:59 [info     ] RoutingDaemon initialized      decision_interval=15 description='Algorithm 1 with GRU predictions (Algorithm 2)' scenario=s4-hybrid-predictive use_algorithm=True use_predictions=True
2026-07-10 02:19:59 [info     ] Starting routing daemon        interval=15 scenario=s4-hybrid-predictive
2026-07-10 02:19:59 [info     ] Weights updated                k3s=80 knative=20
2026-07-10 02:19:59 [info     ] Initial weights applied        k3s=80 knative=20
2026-07-10 02:19:59 [debug    ] HAProxy fallback primed        total_requests=0
2026-07-10 02:19:59 [info     ] algorithm2_scaling_decision    action=MAINTAIN alpha=0.014992503748125937 beta=0.0 buffer=1.2 current_replicas=3 predicted_load=0.0 required_resources=0.0 target_replicas=3
2026-07-10 02:19:59 [debug    ] Decision loop completed        action=MAINTAIN latency_ms=114.02 p99=0.0
2026-07-10 02:20:14 [info     ] algorithm2_scaling_decision    action=MAINTAIN alpha=0.014992503748125937 beta=0.0 buffer=1.2 current_replicas=3 predicted_load=0.0 required_resources=0.0 target_replicas=3
2026-07-10 02:20:14 [debug    ] Decision loop completed        action=MAINTAIN latency_ms=109.64 p99=0.0
2026-07-10 02:20:29 [info     ] algorithm2_scaling_decision    action=MAINTAIN alpha=0.014992503748125937 beta=0.0 buffer=1.2 current_replicas=3 predicted_load=0.0 required_resources=0.0 target_replicas=3
2026-07-10 02:20:29 [debug    ] Decision loop completed        action=MAINTAIN latency_ms=110.44 p99=0.0
2026-07-10 02:20:44 [debug    ] HAProxy fallback latency       delta_requests=641 interval_avg_ms=64.0 max_rtime_ms=90.0 p99_est=90.0
2026-07-10 02:20:44 [debug    ] burn_rate_adjustment           actual_burn=0.0 adjustment=-5 allowed_burn=0.83 budget_remaining=1000 burn_error=-1.0 burn_ratio=0.0
2026-07-10 02:20:44 [info     ] controller_decision_v3         action=RECOVERY available_replicas=3 budget_remaining=1000 burn_adjustment=-5 burst_ratio=0 capacity_deficit=False confidence=0 current_load=42.29019151230434 decision_id=d204fe9c k8s_capacity=121.8 k8s_weight=100 knative_weight=0 p99=90.0 predicted_load=0 r_effective=40.6 serverless_enabled=False total_load=42.3 weights_after={'k3s': 100, 'knative': 0} weights_before={'k3s': 80, 'knative': 20}
2026-07-10 02:20:44 [info     ] Weights updated                k3s=100 knative=0
2026-07-10 02:20:44 [info     ] Weights updated                action=RECOVERY reason='load=42RPS | k8s_cap=122RPS | (reducing-serverless)' weights={'k3s': 100, 'knative': 0}
2026-07-10 02:20:45 [info     ] algorithm2_scaling_decision    action=MAINTAIN alpha=0.014992503748125937 beta=0.0 buffer=1.2 current_replicas=3 predicted_load=21.14509575615217 required_resources=0.317 target_replicas=3
2026-07-10 02:20:45 [debug    ] Decision loop completed        action=RECOVERY latency_ms=144.53 p99=90.0
2026-07-10 02:21:00 [debug    ] HAProxy fallback latency       delta_requests=666 interval_avg_ms=64.0 max_rtime_ms=105.0 p99_est=105.0
2026-07-10 02:21:00 [debug    ] burn_rate_adjustment           actual_burn=0.0 adjustment=-5 allowed_burn=0.83 budget_remaining=1000 burn_error=-1.0 burn_ratio=0.0
2026-07-10 02:21:00 [info     ] algorithm2_scaling_decision    action=MAINTAIN alpha=0.014992503748125937 beta=0.0 buffer=1.2 current_replicas=3 predicted_load=43.13331883633694 required_resources=0.647 target_replicas=3
2026-07-10 02:21:00 [debug    ] Decision loop completed        action=MAINTAIN latency_ms=107.95 p99=105.0
2026-07-10 02:21:15 [debug    ] HAProxy fallback latency       delta_requests=716 interval_avg_ms=69.65 max_rtime_ms=126.0 p99_est=126.0
2026-07-10 02:21:15 [debug    ] GRU prediction received        confidence=0.72 latency_ms=13.7 predicted=59
2026-07-10 02:21:15 [debug    ] Using GRU prediction           confidence=0.72 predicted=59
2026-07-10 02:21:15 [debug    ] burn_rate_adjustment           actual_burn=0.0 adjustment=-6 allowed_burn=0.83 budget_remaining=1000 burn_error=-1.0 burn_ratio=0.0
2026-07-10 02:21:15 [info     ] algorithm2_scaling_decision    action=MAINTAIN alpha=0.014992503748125937 beta=0.0 buffer=1.2 current_replicas=3 predicted_load=59.0 required_resources=0.885 target_replicas=3
2026-07-10 02:21:15 [debug    ] Decision loop completed        action=MAINTAIN latency_ms=120.83 p99=126.0
2026-07-10 02:21:30 [debug    ] HAProxy fallback latency       delta_requests=823 interval_avg_ms=62.54 max_rtime_ms=126.0 p99_est=125.08
2026-07-10 02:21:30 [debug    ] GRU prediction received        confidence=0.72 latency_ms=13.66 predicted=59
2026-07-10 02:21:30 [debug    ] Using GRU prediction           confidence=0.72 predicted=59
2026-07-10 02:21:30 [debug    ] burn_rate_adjustment           actual_burn=0.0 adjustment=-6 allowed_burn=0.83 budget_remaining=1000 burn_error=-1.0 burn_ratio=0.0
2026-07-10 02:21:30 [info     ] algorithm2_scaling_decision    action=MAINTAIN alpha=0.014992503748125937 beta=0.0 buffer=1.2 current_replicas=3 predicted_load=59.0 required_resources=0.885 target_replicas=3
2026-07-10 02:21:30 [debug    ] Decision loop completed        action=MAINTAIN latency_ms=125.37 p99=125.08383961117862
2026-07-10 02:21:45 [debug    ] HAProxy fallback latency       delta_requests=768 interval_avg_ms=69.71 max_rtime_ms=126.0 p99_est=126.0
2026-07-10 02:21:45 [debug    ] GRU prediction received        confidence=0.82 latency_ms=13.63 predicted=58
2026-07-10 02:21:45 [debug    ] Using GRU prediction           confidence=0.82 predicted=58
2026-07-10 02:21:45 [debug    ] burn_rate_adjustment           actual_burn=0.0 adjustment=-7 allowed_burn=0.83 budget_remaining=1000 burn_error=-1.0 burn_ratio=0.0
2026-07-10 02:21:45 [info     ] algorithm2_scaling_decision    action=MAINTAIN alpha=0.014992503748125937 beta=0.0 buffer=1.2 current_replicas=3 predicted_load=58.0 required_resources=0.87 target_replicas=3
2026-07-10 02:21:45 [debug    ] Decision loop completed        action=MAINTAIN latency_ms=125.91 p99=126.0
2026-07-10 02:22:00 [debug    ] HAProxy fallback latency       delta_requests=546 interval_avg_ms=58.38 max_rtime_ms=126.0 p99_est=116.76
2026-07-10 02:22:00 [debug    ] GRU prediction received        confidence=0.78 latency_ms=13.69 predicted=57
2026-07-10 02:22:00 [debug    ] Using GRU prediction           confidence=0.78 predicted=57
2026-07-10 02:22:00 [debug    ] burn_rate_adjustment           actual_burn=0.0 adjustment=-7 allowed_burn=0.83 budget_remaining=1000 burn_error=-1.0 burn_ratio=0.0
2026-07-10 02:22:00 [info     ] algorithm2_scaling_decision    action=MAINTAIN alpha=0.014992503748125937 beta=0.0 buffer=1.2 current_replicas=3 predicted_load=57.0 required_resources=0.855 target_replicas=3
2026-07-10 02:22:00 [debug    ] Decision loop completed        action=MAINTAIN latency_ms=126.37 p99=116.76190476190476
2026-07-10 02:22:15 [debug    ] HAProxy fallback latency       delta_requests=412 interval_avg_ms=65.0 max_rtime_ms=126.0 p99_est=126.0
2026-07-10 02:22:15 [debug    ] GRU prediction received        confidence=0.72 latency_ms=13.76 predicted=55
2026-07-10 02:22:15 [debug    ] Using GRU prediction           confidence=0.72 predicted=55
2026-07-10 02:22:15 [debug    ] burn_rate_adjustment           actual_burn=0.0 adjustment=-7 allowed_burn=0.83 budget_remaining=1000 burn_error=-1.0 burn_ratio=0.0
2026-07-10 02:22:15 [info     ] algorithm2_scaling_decision    action=MAINTAIN alpha=0.014992503748125937 beta=0.0 buffer=1.2 current_replicas=3 predicted_load=55.0 required_resources=0.825 target_replicas=3
2026-07-10 02:22:15 [debug    ] Decision loop completed        action=MAINTAIN latency_ms=127.07 p99=126.0
2026-07-10 02:22:30 [debug    ] HAProxy fallback latency       delta_requests=358 interval_avg_ms=65.0 max_rtime_ms=126.0 p99_est=126.0
2026-07-10 02:22:30 [debug    ] GRU prediction received        confidence=0.72 latency_ms=13.72 predicted=54
2026-07-10 02:22:30 [debug    ] Using GRU prediction           confidence=0.72 predicted=54
2026-07-10 02:22:30 [debug    ] burn_rate_adjustment           actual_burn=0.0 adjustment=-7 allowed_burn=0.83 budget_remaining=1000 burn_error=-1.0 burn_ratio=0.0
2026-07-10 02:22:30 [info     ] algorithm2_scaling_decision    action=MAINTAIN alpha=0.014992503748125937 beta=0.0 buffer=1.2 current_replicas=3 predicted_load=54.0 required_resources=0.81 target_replicas=3
2026-07-10 02:22:30 [debug    ] Decision loop completed        action=MAINTAIN latency_ms=123.24 p99=126.0
2026-07-10 02:22:45 [debug    ] HAProxy fallback latency       delta_requests=486 interval_avg_ms=65.0 max_rtime_ms=126.0 p99_est=126.0
2026-07-10 02:22:45 [debug    ] GRU prediction received        confidence=0.72 latency_ms=13.2 predicted=53
2026-07-10 02:22:45 [debug    ] Using GRU prediction           confidence=0.72 predicted=53
2026-07-10 02:22:45 [debug    ] burn_rate_adjustment           actual_burn=0.0 adjustment=-7 allowed_burn=0.83 budget_remaining=1000 burn_error=-1.0 burn_ratio=0.0
2026-07-10 02:22:45 [info     ] algorithm2_scaling_decision    action=MAINTAIN alpha=0.014992503748125937 beta=0.0 buffer=1.2 current_replicas=3 predicted_load=53.0 required_resources=0.795 target_replicas=3
2026-07-10 02:22:45 [debug    ] Decision loop completed        action=MAINTAIN latency_ms=125.21 p99=126.0
2026-07-10 02:23:01 [debug    ] HAProxy fallback latency       delta_requests=775 interval_avg_ms=65.0 max_rtime_ms=126.0 p99_est=126.0
2026-07-10 02:23:01 [debug    ] GRU prediction received        confidence=0.72 latency_ms=13.56 predicted=54
2026-07-10 02:23:01 [debug    ] Using GRU prediction           confidence=0.72 predicted=54
2026-07-10 02:23:01 [debug    ] burn_rate_adjustment           actual_burn=0.0 adjustment=-7 allowed_burn=0.83 budget_remaining=1000 burn_error=-1.0 burn_ratio=0.0
2026-07-10 02:23:01 [info     ] algorithm2_scaling_decision    action=MAINTAIN alpha=0.014992503748125937 beta=0.0 buffer=1.2 current_replicas=3 predicted_load=54.0 required_resources=0.81 target_replicas=3
2026-07-10 02:23:01 [debug    ] Decision loop completed        action=MAINTAIN latency_ms=121.11 p99=126.0
2026-07-10 02:23:16 [debug    ] HAProxy fallback latency       delta_requests=811 interval_avg_ms=65.0 max_rtime_ms=126.0 p99_est=126.0
2026-07-10 02:23:16 [debug    ] GRU prediction received        confidence=0.72 latency_ms=14.08 predicted=54
2026-07-10 02:23:16 [debug    ] Using GRU prediction           confidence=0.72 predicted=54
2026-07-10 02:23:16 [debug    ] burn_rate_adjustment           actual_burn=0.0 adjustment=-7 allowed_burn=0.83 budget_remaining=1000 burn_error=-1.0 burn_ratio=0.0
2026-07-10 02:23:16 [info     ] algorithm2_scaling_decision    action=MAINTAIN alpha=0.014992503748125937 beta=0.0 buffer=1.2 current_replicas=3 predicted_load=54.0 required_resources=0.81 target_replicas=3
2026-07-10 02:23:16 [debug    ] Decision loop completed        action=MAINTAIN latency_ms=119.59 p99=126.0
2026-07-10 02:23:31 [debug    ] HAProxy fallback latency       delta_requests=638 interval_avg_ms=65.0 max_rtime_ms=126.0 p99_est=126.0
2026-07-10 02:23:31 [debug    ] GRU prediction received        confidence=0.72 latency_ms=13.93 predicted=53
2026-07-10 02:23:31 [debug    ] Using GRU prediction           confidence=0.72 predicted=53
2026-07-10 02:23:31 [debug    ] burn_rate_adjustment           actual_burn=0.0 adjustment=-7 allowed_burn=0.83 budget_remaining=1000 burn_error=-1.0 burn_ratio=0.0
2026-07-10 02:23:31 [info     ] algorithm2_scaling_decision    action=MAINTAIN alpha=0.014992503748125937 beta=0.0 buffer=1.2 current_replicas=3 predicted_load=53.0 required_resources=0.795 target_replicas=3
2026-07-10 02:23:31 [debug    ] Decision loop completed        action=MAINTAIN latency_ms=125.7 p99=126.0
2026-07-10 02:23:46 [debug    ] HAProxy fallback latency       delta_requests=657 interval_avg_ms=65.0 max_rtime_ms=126.0 p99_est=126.0
2026-07-10 02:23:46 [debug    ] GRU prediction received        confidence=0.75 latency_ms=13.44 predicted=53
2026-07-10 02:23:46 [debug    ] Using GRU prediction           confidence=0.75 predicted=53
2026-07-10 02:23:46 [debug    ] burn_rate_adjustment           actual_burn=0.0 adjustment=-7 allowed_burn=0.83 budget_remaining=1000 burn_error=-1.0 burn_ratio=0.0
2026-07-10 02:23:46 [info     ] algorithm2_scaling_decision    action=MAINTAIN alpha=0.014992503748125937 beta=0.0 buffer=1.2 current_replicas=3 predicted_load=53.0 required_resources=0.795 target_replicas=3
2026-07-10 02:23:46 [debug    ] Decision loop completed        action=MAINTAIN latency_ms=121.91 p99=126.0
2026-07-10 02:24:01 [debug    ] HAProxy fallback latency       delta_requests=833 interval_avg_ms=65.0 max_rtime_ms=126.0 p99_est=126.0
2026-07-10 02:24:01 [debug    ] GRU prediction received        confidence=0.8 latency_ms=13.15 predicted=53
2026-07-10 02:24:01 [debug    ] Using GRU prediction           confidence=0.8 predicted=53
2026-07-10 02:24:01 [debug    ] burn_rate_adjustment           actual_burn=0.0 adjustment=-7 allowed_burn=0.83 budget_remaining=1000 burn_error=-1.0 burn_ratio=0.0
2026-07-10 02:24:01 [info     ] algorithm2_scaling_decision    action=MAINTAIN alpha=0.014992503748125937 beta=0.0 buffer=1.2 current_replicas=3 predicted_load=53.0 required_resources=0.795 target_replicas=3
2026-07-10 02:24:01 [debug    ] Decision loop completed        action=MAINTAIN latency_ms=125.53 p99=126.0
2026-07-10 02:24:16 [debug    ] HAProxy fallback latency       delta_requests=916 interval_avg_ms=54.03 max_rtime_ms=126.0 p99_est=108.07
2026-07-10 02:24:16 [debug    ] GRU prediction received        confidence=0.78 latency_ms=14.04 predicted=54
2026-07-10 02:24:16 [debug    ] Using GRU prediction           confidence=0.78 predicted=54
2026-07-10 02:24:16 [debug    ] burn_rate_adjustment           actual_burn=0.0 adjustment=-7 allowed_burn=0.83 budget_remaining=1000 burn_error=-1.0 burn_ratio=0.0
2026-07-10 02:24:16 [info     ] algorithm2_scaling_decision    action=MAINTAIN alpha=0.014992503748125937 beta=0.0 buffer=1.2 current_replicas=3 predicted_load=57.787947190155975 required_resources=0.866 target_replicas=3
2026-07-10 02:24:16 [debug    ] Decision loop completed        action=MAINTAIN latency_ms=118.58 p99=108.06550218340611
2026-07-10 02:24:31 [debug    ] HAProxy fallback latency       delta_requests=932 interval_avg_ms=64.0 max_rtime_ms=132.0 p99_est=128.0
2026-07-10 02:24:31 [debug    ] GRU prediction received        confidence=0.76 latency_ms=13.43 predicted=54
2026-07-10 02:24:31 [debug    ] Using GRU prediction           confidence=0.76 predicted=54
2026-07-10 02:24:31 [debug    ] burn_rate_adjustment           actual_burn=0.0 adjustment=-7 allowed_burn=0.83 budget_remaining=1000 burn_error=-1.0 burn_ratio=0.0
2026-07-10 02:24:31 [info     ] algorithm2_scaling_decision    action=MAINTAIN alpha=0.014992503748125937 beta=0.0 buffer=1.2 current_replicas=3 predicted_load=61.10268766626348 required_resources=0.916 target_replicas=3
2026-07-10 02:24:31 [debug    ] Decision loop completed        action=MAINTAIN latency_ms=124.74 p99=128.0
2026-07-10 02:24:46 [debug    ] HAProxy fallback latency       delta_requests=1006 interval_avg_ms=99.74 max_rtime_ms=132.0 p99_est=132.0
2026-07-10 02:24:46 [debug    ] GRU prediction received        confidence=0.78 latency_ms=13.61 predicted=54
2026-07-10 02:24:46 [debug    ] Using GRU prediction           confidence=0.78 predicted=54
2026-07-10 02:24:46 [debug    ] burn_rate_adjustment           actual_burn=0.0 adjustment=-7 allowed_burn=0.83 budget_remaining=1000 burn_error=-1.0 burn_ratio=0.0
2026-07-10 02:24:46 [info     ] algorithm2_scaling_decision    action=MAINTAIN alpha=0.014992503748125937 beta=0.0 buffer=1.2 current_replicas=3 predicted_load=64.04702409690114 required_resources=0.96 target_replicas=3
2026-07-10 02:24:46 [debug    ] Decision loop completed        action=MAINTAIN latency_ms=121.8 p99=132.0
2026-07-10 02:25:02 [debug    ] HAProxy fallback latency       delta_requests=1120 interval_avg_ms=55.3 max_rtime_ms=132.0 p99_est=110.6
2026-07-10 02:25:02 [debug    ] GRU prediction received        confidence=0.81 latency_ms=13.71 predicted=55
2026-07-10 02:25:02 [debug    ] Using GRU prediction           confidence=0.81 predicted=55
2026-07-10 02:25:02 [debug    ] burn_rate_adjustment           actual_burn=0.0 adjustment=-7 allowed_burn=0.83 budget_remaining=1000 burn_error=-1.0 burn_ratio=0.0
2026-07-10 02:25:02 [info     ] algorithm2_scaling_decision    action=MAINTAIN alpha=0.014992503748125937 beta=0.0 buffer=1.2 current_replicas=3 predicted_load=70.25526160636421 required_resources=1.053 target_replicas=3
2026-07-10 02:25:02 [debug    ] Decision loop completed        action=MAINTAIN latency_ms=120.12 p99=110.6
2026-07-10 02:25:17 [debug    ] HAProxy fallback latency       delta_requests=1276 interval_avg_ms=88.54 max_rtime_ms=151.0 p99_est=151.0
2026-07-10 02:25:17 [debug    ] GRU prediction received        confidence=0.79 latency_ms=14.07 predicted=56
2026-07-10 02:25:17 [debug    ] Using GRU prediction           confidence=0.79 predicted=56
2026-07-10 02:25:17 [debug    ] burn_rate_adjustment           actual_burn=0.0 adjustment=-7 allowed_burn=0.83 budget_remaining=1000 burn_error=-1.0 burn_ratio=0.0
2026-07-10 02:25:17 [info     ] algorithm2_scaling_decision    action=MAINTAIN alpha=0.014992503748125937 beta=0.0 buffer=1.2 current_replicas=3 predicted_load=79.19544356987072 required_resources=1.187 target_replicas=3
2026-07-10 02:25:17 [debug    ] Decision loop completed        action=MAINTAIN latency_ms=128.65 p99=151.0
2026-07-10 02:25:32 [debug    ] HAProxy fallback latency       delta_requests=1459 interval_avg_ms=100.57 max_rtime_ms=153.0 p99_est=153.0
2026-07-10 02:25:32 [debug    ] GRU prediction received        confidence=0.75 latency_ms=13.84 predicted=58
2026-07-10 02:25:32 [debug    ] Using GRU prediction           confidence=0.75 predicted=58
2026-07-10 02:25:32 [debug    ] Proactive amplification        amplified=140.1 approach_ratio=0.79 load_trend=8.7 raw_pred=58
2026-07-10 02:25:32 [debug    ] burn_rate_adjustment           actual_burn=0.0 adjustment=-7 allowed_burn=0.83 budget_remaining=1000 burn_error=-1.0 burn_ratio=0.0
2026-07-10 02:25:32 [info     ] Knative pre-warm OK            cold_start_ms=3.4
2026-07-10 02:25:32 [info     ] controller_decision_v3         action=PREDICTIVE available_replicas=3 budget_remaining=1000 burn_adjustment=-7 burst_ratio=0.1307 capacity_deficit=False confidence=0.75 current_load=96.50436706382375 decision_id=81bf610b k8s_capacity=121.8 k8s_weight=93 knative_weight=7 p99=153.0 predicted_load=58 r_effective=40.6 serverless_enabled=True total_load=140.1 weights_after={'k3s': 93, 'knative': 7} weights_before={'k3s': 100, 'knative': 0}
2026-07-10 02:25:32 [info     ] Weights updated                k3s=93 knative=7
2026-07-10 02:25:32 [info     ] Weights updated                action=PREDICTIVE reason='load=140RPS | k8s_cap=122RPS | (prediction-driven)' weights={'k3s': 93, 'knative': 7}
2026-07-10 02:25:32 [info     ] algorithm2_scaling_decision    action=MAINTAIN alpha=0.014992503748125937 beta=0.0 buffer=1.2 current_replicas=3 predicted_load=90.41491683540713 required_resources=1.356 target_replicas=3
2026-07-10 02:25:32 [debug    ] Decision loop completed        action=PREDICTIVE latency_ms=123.21 p99=153.0
2026-07-10 02:25:47 [debug    ] HAProxy fallback latency       delta_requests=1671 interval_avg_ms=91.96 max_rtime_ms=164.0 p99_est=164.0
2026-07-10 02:25:47 [debug    ] GRU prediction received        confidence=0.74 latency_ms=14.49 predicted=59
2026-07-10 02:25:47 [debug    ] Using GRU prediction           confidence=0.74 predicted=59
2026-07-10 02:25:47 [debug    ] Proactive amplification        amplified=165.4 approach_ratio=0.91 load_trend=11.0 raw_pred=59
2026-07-10 02:25:47 [debug    ] burn_rate_adjustment           actual_burn=0.0 adjustment=-7 allowed_burn=0.83 budget_remaining=1000 burn_error=-1.0 burn_ratio=0.0
2026-07-10 02:25:47 [info     ] controller_decision_v3         action=PREDICTIVE available_replicas=3 budget_remaining=1000 burn_adjustment=-7 burst_ratio=0.2638 capacity_deficit=False confidence=0.74 current_load=110.42312206386814 decision_id=6617abeb k8s_capacity=121.8 k8s_weight=80 knative_weight=20 p99=164.0 predicted_load=59 r_effective=40.6 serverless_enabled=True total_load=165.4 weights_after={'k3s': 80, 'knative': 20} weights_before={'k3s': 93, 'knative': 7}
2026-07-10 02:25:47 [info     ] Weights updated                k3s=80 knative=20
2026-07-10 02:25:47 [info     ] Weights updated                action=PREDICTIVE reason='load=165RPS | k8s_cap=122RPS | (prediction-driven)' weights={'k3s': 80, 'knative': 20}
2026-07-10 02:25:47 [info     ] algorithm2_scaling_decision    action=MAINTAIN alpha=0.014992503748125937 beta=0.0 buffer=1.2 current_replicas=3 predicted_load=103.46374456384595 required_resources=1.551 target_replicas=3
2026-07-10 02:25:47 [debug    ] Decision loop completed        action=PREDICTIVE latency_ms=130.09 p99=164.0
2026-07-10 02:26:02 [debug    ] HAProxy fallback latency       delta_requests=1894 interval_avg_ms=52.51 max_rtime_ms=200.0 p99_est=105.02
2026-07-10 02:26:02 [debug    ] GRU prediction received        confidence=0.73 latency_ms=14.1 predicted=62
2026-07-10 02:26:02 [debug    ] Using GRU prediction           confidence=0.73 predicted=62
2026-07-10 02:26:02 [debug    ] Proactive amplification        amplified=188.9 approach_ratio=1.03 load_trend=12.8 raw_pred=62
2026-07-10 02:26:02 [debug    ] burn_rate_adjustment           actual_burn=0.0 adjustment=-7 allowed_burn=0.83 budget_remaining=1000 burn_error=-1.0 burn_ratio=0.0
2026-07-10 02:26:02 [info     ] controller_decision_v3         action=PREDICTIVE available_replicas=3 budget_remaining=1000 burn_adjustment=-7 burst_ratio=0.3555 capacity_deficit=False confidence=0.73 current_load=125.11440150292009 decision_id=d844dab6 k8s_capacity=121.8 k8s_weight=71 knative_weight=29 p99=105.0 predicted_load=62 r_effective=40.6 serverless_enabled=True total_load=188.9 weights_after={'k3s': 71, 'knative': 29} weights_before={'k3s': 80, 'knative': 20}
2026-07-10 02:26:02 [info     ] Weights updated                k3s=71 knative=29
2026-07-10 02:26:02 [info     ] Weights updated                action=PREDICTIVE reason='load=189RPS | k8s_cap=122RPS | (prediction-driven)' weights={'k3s': 71, 'knative': 29}
2026-07-10 02:26:02 [info     ] algorithm2_scaling_decision    action=MAINTAIN alpha=0.014992503748125937 beta=0.0 buffer=1.2 current_replicas=3 predicted_load=117.76876178339411 required_resources=1.766 target_replicas=3
2026-07-10 02:26:02 [debug    ] Decision loop completed        action=PREDICTIVE latency_ms=132.72 p99=105.02006335797255
2026-07-10 02:26:17 [debug    ] HAProxy fallback latency       delta_requests=1717 interval_avg_ms=21.8 max_rtime_ms=200.0 p99_est=43.59
2026-07-10 02:26:17 [debug    ] GRU prediction received        confidence=0.78 latency_ms=13.9 predicted=63
2026-07-10 02:26:17 [debug    ] Using GRU prediction           confidence=0.78 predicted=63
2026-07-10 02:26:17 [debug    ] Proactive amplification        amplified=150.2 approach_ratio=0.93 load_trend=7.3 raw_pred=63
2026-07-10 02:26:17 [debug    ] burn_rate_adjustment           actual_burn=0.0 adjustment=-7 allowed_burn=0.83 budget_remaining=1000 burn_error=-1.0 burn_ratio=0.0
2026-07-10 02:26:17 [info     ] controller_decision_v3         action=RECOVERY available_replicas=3 budget_remaining=1000 burn_adjustment=-7 burst_ratio=0.1891 capacity_deficit=False confidence=0.78 current_load=113.5916103510539 decision_id=c362c37f k8s_capacity=121.8 k8s_weight=88 knative_weight=12 p99=43.6 predicted_load=63 r_effective=40.6 serverless_enabled=True total_load=150.2 weights_after={'k3s': 88, 'knative': 12} weights_before={'k3s': 71, 'knative': 29}
2026-07-10 02:26:17 [info     ] Weights updated                k3s=88 knative=12
2026-07-10 02:26:17 [info     ] Weights updated                action=RECOVERY reason='load=150RPS | k8s_cap=122RPS | (reducing-serverless)' weights={'k3s': 88, 'knative': 12}
2026-07-10 02:26:17 [info     ] algorithm2_scaling_decision    action=MAINTAIN alpha=0.014992503748125937 beta=0.0 buffer=1.2 current_replicas=3 predicted_load=119.353005926987 required_resources=1.789 target_replicas=3
2026-07-10 02:26:17 [debug    ] Decision loop completed        action=RECOVERY latency_ms=160.37 p99=43.59114735002912
2026-07-10 02:26:32 [debug    ] HAProxy fallback latency       delta_requests=1312 interval_avg_ms=49.9 max_rtime_ms=200.0 p99_est=99.8
2026-07-10 02:26:32 [debug    ] GRU prediction received        confidence=0.79 latency_ms=13.29 predicted=63
2026-07-10 02:26:32 [debug    ] Using GRU prediction           confidence=0.79 predicted=63
2026-07-10 02:26:32 [debug    ] burn_rate_adjustment           actual_burn=0.0 adjustment=-7 allowed_burn=0.83 budget_remaining=1000 burn_error=-1.0 burn_ratio=0.0
2026-07-10 02:26:32 [info     ] controller_decision_v3         action=RECOVERY available_replicas=3 budget_remaining=1000 burn_adjustment=-7 burst_ratio=0 capacity_deficit=False confidence=0.79 current_load=86.60602635728095 decision_id=6b1cadcd k8s_capacity=121.8 k8s_weight=100 knative_weight=0 p99=99.8 predicted_load=63 r_effective=40.6 serverless_enabled=False total_load=86.6 weights_after={'k3s': 100, 'knative': 0} weights_before={'k3s': 88, 'knative': 12}
2026-07-10 02:26:32 [info     ] Weights updated                k3s=100 knative=0
2026-07-10 02:26:32 [info     ] Weights updated                action=RECOVERY reason='load=87RPS | k8s_cap=122RPS | (reducing-serverless)' weights={'k3s': 100, 'knative': 0}
2026-07-10 02:26:32 [info     ] algorithm2_scaling_decision    action=MAINTAIN alpha=0.014992503748125937 beta=0.0 buffer=1.2 current_replicas=3 predicted_load=100.09881835416743 required_resources=1.501 target_replicas=3
2026-07-10 02:26:32 [debug    ] Decision loop completed        action=RECOVERY latency_ms=156.45 p99=99.80335365853658
2026-07-10 02:26:47 [debug    ] HAProxy fallback latency       delta_requests=1132 interval_avg_ms=66.0 max_rtime_ms=200.0 p99_est=132.0
2026-07-10 02:26:47 [debug    ] GRU prediction received        confidence=0.74 latency_ms=13.54 predicted=62
2026-07-10 02:26:47 [debug    ] Using GRU prediction           confidence=0.74 predicted=62
2026-07-10 02:26:48 [debug    ] burn_rate_adjustment           actual_burn=0.0 adjustment=-7 allowed_burn=0.83 budget_remaining=1000 burn_error=-1.0 burn_ratio=0.0
2026-07-10 02:26:48 [info     ] algorithm2_scaling_decision    action=MAINTAIN alpha=0.014992503748125937 beta=0.0 buffer=1.2 current_replicas=3 predicted_load=80.61542280901827 required_resources=1.209 target_replicas=3
2026-07-10 02:26:48 [debug    ] Decision loop completed        action=MAINTAIN latency_ms=124.78 p99=132.0
2026-07-10 02:27:03 [debug    ] HAProxy fallback latency       delta_requests=1074 interval_avg_ms=66.0 max_rtime_ms=200.0 p99_est=132.0
2026-07-10 02:27:03 [debug    ] GRU prediction received        confidence=0.72 latency_ms=13.38 predicted=63
2026-07-10 02:27:03 [debug    ] Using GRU prediction           confidence=0.72 predicted=63
2026-07-10 02:27:03 [debug    ] burn_rate_adjustment           actual_burn=0.0 adjustment=-7 allowed_burn=0.83 budget_remaining=1000 burn_error=-1.0 burn_ratio=0.0
2026-07-10 02:27:03 [info     ] algorithm2_scaling_decision    action=MAINTAIN alpha=0.014992503748125937 beta=0.0 buffer=1.2 current_replicas=3 predicted_load=72.8150425982129 required_resources=1.092 target_replicas=3
2026-07-10 02:27:03 [debug    ] Decision loop completed        action=MAINTAIN latency_ms=117.27 p99=132.0
2026-07-10 02:27:18 [debug    ] HAProxy fallback latency       delta_requests=944 interval_avg_ms=38.9 max_rtime_ms=200.0 p99_est=77.8
2026-07-10 02:27:18 [debug    ] GRU prediction received        confidence=0.72 latency_ms=13.31 predicted=63
2026-07-10 02:27:18 [debug    ] Using GRU prediction           confidence=0.72 predicted=63
2026-07-10 02:27:18 [debug    ] burn_rate_adjustment           actual_burn=0.0 adjustment=-7 allowed_burn=0.83 budget_remaining=1000 burn_error=-1.0 burn_ratio=0.0
2026-07-10 02:27:18 [info     ] algorithm2_scaling_decision    action=MAINTAIN alpha=0.014992503748125937 beta=0.0 buffer=1.2 current_replicas=3 predicted_load=66.75762766548573 required_resources=1.001 target_replicas=3
2026-07-10 02:27:18 [debug    ] Decision loop completed        action=MAINTAIN latency_ms=124.0 p99=77.79872881355932
2026-07-10 02:27:33 [debug    ] HAProxy fallback latency       delta_requests=793 interval_avg_ms=98.26 max_rtime_ms=200.0 p99_est=196.52
2026-07-10 02:27:33 [debug    ] GRU prediction received        confidence=0.75 latency_ms=13.18 predicted=63
2026-07-10 02:27:33 [debug    ] Using GRU prediction           confidence=0.75 predicted=63
2026-07-10 02:27:33 [debug    ] burn_rate_adjustment           actual_burn=0.0 adjustment=-7 allowed_burn=0.83 budget_remaining=1000 burn_error=-1.0 burn_ratio=0.0
2026-07-10 02:27:33 [info     ] algorithm2_scaling_decision    action=MAINTAIN alpha=0.014992503748125937 beta=0.0 buffer=1.2 current_replicas=3 predicted_load=63.0 required_resources=0.945 target_replicas=3
2026-07-10 02:27:33 [debug    ] Decision loop completed        action=MAINTAIN latency_ms=123.04 p99=196.5220680958386
2026-07-10 02:27:48 [debug    ] HAProxy fallback latency       delta_requests=1210 interval_avg_ms=476.37 max_rtime_ms=271.0 p99_est=271.0
2026-07-10 02:27:48 [debug    ] GRU prediction received        confidence=0.77 latency_ms=14.06 predicted=66
2026-07-10 02:27:48 [debug    ] Using GRU prediction           confidence=0.77 predicted=66
2026-07-10 02:27:48 [debug    ] burn_rate_adjustment           actual_burn=0.0 adjustment=-7 allowed_burn=0.83 budget_remaining=999 burn_error=-0.997 burn_ratio=0.003
2026-07-10 02:27:48 [info     ] algorithm2_scaling_decision    action=MAINTAIN alpha=0.014992503748125937 beta=0.0 buffer=1.2 current_replicas=3 predicted_load=66.15585523196958 required_resources=0.992 target_replicas=3
2026-07-10 02:27:48 [debug    ] Decision loop completed        action=MAINTAIN latency_ms=126.92 p99=271.0
2026-07-10 02:28:03 [debug    ] HAProxy fallback latency       delta_requests=1879 interval_avg_ms=2138.24 max_rtime_ms=950.0 p99_est=950.0
2026-07-10 02:28:03 [debug    ] GRU prediction received        confidence=0.72 latency_ms=13.17 predicted=71
2026-07-10 02:28:03 [debug    ] Using GRU prediction           confidence=0.72 predicted=71
2026-07-10 02:28:03 [debug    ] Proactive amplification        amplified=190.4 approach_ratio=1.02 load_trend=13.3 raw_pred=71
2026-07-10 02:28:03 [debug    ] burn_rate_adjustment           actual_burn=0.0 adjustment=-7 allowed_burn=0.83 budget_remaining=998 burn_error=-0.995 burn_ratio=0.005
2026-07-10 02:28:03 [info     ] Knative pre-warm OK            cold_start_ms=2.6
2026-07-10 02:28:03 [info     ] controller_decision_v3         action=PREDICTIVE available_replicas=3 budget_remaining=998 burn_adjustment=-7 burst_ratio=0.3605 capacity_deficit=False confidence=0.72 current_load=124.0789027923625 decision_id=2d35cbca k8s_capacity=121.8 k8s_weight=70 knative_weight=30 p99=950.0 predicted_load=71 r_effective=40.6 serverless_enabled=True total_load=190.4 weights_after={'k3s': 70, 'knative': 30} weights_before={'k3s': 100, 'knative': 0}
2026-07-10 02:28:03 [info     ] Weights updated                k3s=70 knative=30
2026-07-10 02:28:03 [info     ] Weights updated                action=PREDICTIVE reason='load=190RPS | k8s_cap=122RPS | (prediction-driven)' weights={'k3s': 70, 'knative': 30}
2026-07-10 02:28:03 [info     ] algorithm2_scaling_decision    action=MAINTAIN alpha=0.014992503748125937 beta=0.0 buffer=1.2 current_replicas=3 predicted_load=101.97759965950071 required_resources=1.529 target_replicas=3
2026-07-10 02:28:03 [debug    ] Decision loop completed        action=PREDICTIVE latency_ms=131.13 p99=950.0
2026-07-10 02:28:18 [debug    ] GRU prediction received        confidence=0.72 latency_ms=14.13 predicted=74
2026-07-10 02:28:18 [debug    ] Using GRU prediction           confidence=0.72 predicted=74
2026-07-10 02:28:18 [debug    ] Proactive amplification        amplified=191.9 approach_ratio=0.99 load_trend=14.4 raw_pred=74
2026-07-10 02:28:18 [debug    ] burn_rate_adjustment           actual_burn=0.01 adjustment=-7 allowed_burn=0.83 budget_remaining=997 burn_error=-0.993 burn_ratio=0.007
2026-07-10 02:28:18 [info     ] algorithm2_scaling_decision    action=MAINTAIN alpha=0.014992503748125937 beta=0.0 buffer=1.2 current_replicas=3 predicted_load=122.04827920269716 required_resources=1.83 target_replicas=3
2026-07-10 02:28:18 [debug    ] Decision loop completed        action=MAINTAIN latency_ms=123.87 p99=950.0
2026-07-10 02:28:33 [debug    ] GRU prediction received        confidence=0.72 latency_ms=13.93 predicted=75
2026-07-10 02:28:33 [debug    ] Using GRU prediction           confidence=0.72 predicted=75
2026-07-10 02:28:33 [debug    ] burn_rate_adjustment           actual_burn=0.01 adjustment=-7 allowed_burn=0.83 budget_remaining=996 burn_error=-0.991 burn_ratio=0.009
2026-07-10 02:28:33 [info     ] controller_decision_v3         action=RECOVERY available_replicas=3 budget_remaining=996 burn_adjustment=-7 burst_ratio=0 capacity_deficit=False confidence=0.72 current_load=93.82514784074152 decision_id=d30d78ca k8s_capacity=121.8 k8s_weight=100 knative_weight=0 p99=950.0 predicted_load=75 r_effective=40.6 serverless_enabled=False total_load=93.8 weights_after={'k3s': 100, 'knative': 0} weights_before={'k3s': 70, 'knative': 30}
2026-07-10 02:28:33 [info     ] Weights updated                k3s=100 knative=0
2026-07-10 02:28:33 [info     ] Weights updated                action=RECOVERY reason='load=94RPS | k8s_cap=122RPS | (reducing-serverless)' weights={'k3s': 100, 'knative': 0}
2026-07-10 02:28:33 [info     ] algorithm2_scaling_decision    action=MAINTAIN alpha=0.014992503748125937 beta=0.0 buffer=1.2 current_replicas=3 predicted_load=106.92140172688667 required_resources=1.603 target_replicas=3
2026-07-10 02:28:33 [debug    ] Decision loop completed        action=RECOVERY latency_ms=161.21 p99=950.0
2026-07-10 02:28:48 [debug    ] HAProxy fallback latency       delta_requests=1231 interval_avg_ms=67.0 max_rtime_ms=950.0 p99_est=134.0
2026-07-10 02:28:49 [debug    ] GRU prediction received        confidence=0.73 latency_ms=13.64 predicted=75
2026-07-10 02:28:49 [debug    ] Using GRU prediction           confidence=0.73 predicted=75
2026-07-10 02:28:49 [debug    ] burn_rate_adjustment           actual_burn=0.01 adjustment=-7 allowed_burn=0.83 budget_remaining=996 burn_error=-0.991 burn_ratio=0.009
2026-07-10 02:28:49 [info     ] algorithm2_scaling_decision    action=MAINTAIN alpha=0.014992503748125937 beta=0.0 buffer=1.2 current_replicas=3 predicted_load=87.50899150479255 required_resources=1.312 target_replicas=3
2026-07-10 02:28:49 [debug    ] Decision loop completed        action=MAINTAIN latency_ms=122.56 p99=134.0
2026-07-10 02:29:04 [debug    ] HAProxy fallback latency       delta_requests=1148 interval_avg_ms=67.0 max_rtime_ms=950.0 p99_est=134.0
2026-07-10 02:29:04 [debug    ] GRU prediction received        confidence=0.72 latency_ms=13.7 predicted=75
2026-07-10 02:29:04 [debug    ] Using GRU prediction           confidence=0.72 predicted=75
2026-07-10 02:29:04 [debug    ] burn_rate_adjustment           actual_burn=0.01 adjustment=-7 allowed_burn=0.83 budget_remaining=996 burn_error=-0.991 burn_ratio=0.009
2026-07-10 02:29:04 [info     ] algorithm2_scaling_decision    action=MAINTAIN alpha=0.014992503748125937 beta=0.0 buffer=1.2 current_replicas=3 predicted_load=78.55261827598052 required_resources=1.178 target_replicas=3
2026-07-10 02:29:04 [debug    ] Decision loop completed        action=MAINTAIN latency_ms=123.71 p99=134.0
2026-07-10 02:29:19 [debug    ] HAProxy fallback latency       delta_requests=1498 interval_avg_ms=286.74 max_rtime_ms=950.0 p99_est=573.47
2026-07-10 02:29:19 [debug    ] GRU prediction received        confidence=0.75 latency_ms=13.37 predicted=78
2026-07-10 02:29:19 [debug    ] Using GRU prediction           confidence=0.75 predicted=78
2026-07-10 02:29:19 [debug    ] burn_rate_adjustment           actual_burn=0.01 adjustment=-7 allowed_burn=0.83 budget_remaining=995 burn_error=-0.989 burn_ratio=0.011
2026-07-10 02:29:19 [info     ] algorithm2_scaling_decision    action=MAINTAIN alpha=0.014992503748125937 beta=0.0 buffer=1.2 current_replicas=3 predicted_load=87.44724440506968 required_resources=1.311 target_replicas=3
2026-07-10 02:29:19 [debug    ] Decision loop completed        action=MAINTAIN latency_ms=132.72 p99=573.4739652870494
2026-07-10 02:29:34 [debug    ] HAProxy fallback latency       delta_requests=2013 interval_avg_ms=804.42 max_rtime_ms=950.0 p99_est=950.0
2026-07-10 02:29:34 [debug    ] GRU prediction received        confidence=0.72 latency_ms=13.98 predicted=83
2026-07-10 02:29:34 [debug    ] Using GRU prediction           confidence=0.72 predicted=83
2026-07-10 02:29:34 [debug    ] Proactive amplification        amplified=181.9 approach_ratio=1.09 load_trend=9.8 raw_pred=83
2026-07-10 02:29:34 [debug    ] burn_rate_adjustment           actual_burn=0.01 adjustment=-7 allowed_burn=0.83 budget_remaining=994 burn_error=-0.987 burn_ratio=0.013
2026-07-10 02:29:34 [info     ] Knative pre-warm OK            cold_start_ms=2.7
2026-07-10 02:29:34 [info     ] controller_decision_v3         action=PREDICTIVE available_replicas=3 budget_remaining=994 burn_adjustment=-7 burst_ratio=0.3305 capacity_deficit=False confidence=0.72 current_load=132.95533847151597 decision_id=bbd17931 k8s_capacity=121.8 k8s_weight=73 knative_weight=27 p99=950.0 predicted_load=83 r_effective=40.6 serverless_enabled=True total_load=181.9 weights_after={'k3s': 73, 'knative': 27} weights_before={'k3s': 100, 'knative': 0}
2026-07-10 02:29:34 [info     ] Weights updated                k3s=73 knative=27
2026-07-10 02:29:34 [info     ] Weights updated                action=PREDICTIVE reason='load=182RPS | k8s_cap=122RPS | (prediction-driven)' weights={'k3s': 73, 'knative': 27}
2026-07-10 02:29:34 [info     ] algorithm2_scaling_decision    action=MAINTAIN alpha=0.014992503748125937 beta=0.0 buffer=1.2 current_replicas=3 predicted_load=115.96871294926893 required_resources=1.739 target_replicas=3
2026-07-10 02:29:34 [debug    ] Decision loop completed        action=PREDICTIVE latency_ms=127.08 p99=950.0
2026-07-10 02:29:49 [debug    ] GRU prediction received        confidence=0.72 latency_ms=14.25 predicted=90
2026-07-10 02:29:49 [debug    ] Using GRU prediction           confidence=0.72 predicted=90
2026-07-10 02:29:49 [debug    ] Proactive amplification        amplified=237.0 approach_ratio=1.24 load_trend=17.3 raw_pred=90
2026-07-10 02:29:49 [debug    ] burn_rate_adjustment           actual_burn=0.01 adjustment=-7 allowed_burn=0.83 budget_remaining=993 burn_error=-0.986 burn_ratio=0.014
2026-07-10 02:29:49 [info     ] controller_decision_v3         action=PREDICTIVE available_replicas=3 budget_remaining=993 burn_adjustment=-7 burst_ratio=0.4863 capacity_deficit=False confidence=0.72 current_load=150.45978867652104 decision_id=41a63ae1 k8s_capacity=121.8 k8s_weight=58 knative_weight=42 p99=950.0 predicted_load=90 r_effective=40.6 serverless_enabled=True total_load=237.0 weights_after={'k3s': 58, 'knative': 42} weights_before={'k3s': 73, 'knative': 27}
2026-07-10 02:29:49 [info     ] Weights updated                k3s=58 knative=42
2026-07-10 02:29:49 [info     ] Weights updated                action=PREDICTIVE reason='load=237RPS | k8s_cap=122RPS | (prediction-driven)' weights={'k3s': 58, 'knative': 42}
2026-07-10 02:29:49 [info     ] algorithm2_scaling_decision    action=MAINTAIN alpha=0.014992503748125937 beta=0.0 buffer=1.2 current_replicas=3 predicted_load=141.7075635740185 required_resources=2.125 target_replicas=3
2026-07-10 02:29:49 [debug    ] Decision loop completed        action=PREDICTIVE latency_ms=125.15 p99=950.0
2026-07-10 02:30:04 [debug    ] GRU prediction received        confidence=0.72 latency_ms=13.57 predicted=98
2026-07-10 02:30:04 [debug    ] Using GRU prediction           confidence=0.72 predicted=98
2026-07-10 02:30:04 [debug    ] Proactive amplification        amplified=265.5 approach_ratio=1.32 load_trend=21.1 raw_pred=98
2026-07-10 02:30:04 [debug    ] burn_rate_adjustment           actual_burn=0.01 adjustment=-7 allowed_burn=0.83 budget_remaining=992 burn_error=-0.984 burn_ratio=0.016
2026-07-10 02:30:04 [info     ] controller_decision_v3         action=PREDICTIVE available_replicas=3 budget_remaining=992 burn_adjustment=-7 burst_ratio=0.5414 capacity_deficit=True confidence=0.72 current_load=160.19503911071595 decision_id=6d88c01d k8s_capacity=121.8 k8s_weight=57 knative_weight=43 p99=950.0 predicted_load=98 r_effective=40.6 serverless_enabled=True total_load=265.5 weights_after={'k3s': 57, 'knative': 43} weights_before={'k3s': 58, 'knative': 42}
2026-07-10 02:30:04 [info     ] Weights updated                k3s=57 knative=43
2026-07-10 02:30:04 [info     ] Weights updated                action=PREDICTIVE reason='load=266RPS | k8s_cap=122RPS | CAPACITY-DEFICIT | (prediction-driven)' weights={'k3s': 57, 'knative': 43}
2026-07-10 02:30:04 [info     ] algorithm2_scaling_decision    action=MAINTAIN alpha=0.014992503748125937 beta=0.0 buffer=1.2 current_replicas=3 predicted_load=155.32741389361848 required_resources=2.329 target_replicas=3
2026-07-10 02:30:04 [debug    ] Decision loop completed        action=PREDICTIVE latency_ms=125.36 p99=950.0
2026-07-10 02:30:19 [debug    ] HAProxy fallback latency       delta_requests=2194 interval_avg_ms=8.81 max_rtime_ms=950.0 p99_est=17.62
2026-07-10 02:30:19 [debug    ] GRU prediction received        confidence=0.76 latency_ms=14.46 predicted=106
2026-07-10 02:30:19 [debug    ] Using GRU prediction           confidence=0.76 predicted=106
2026-07-10 02:30:19 [debug    ] Proactive amplification        amplified=202.8 approach_ratio=1.19 load_trend=11.5 raw_pred=106
2026-07-10 02:30:19 [debug    ] burn_rate_adjustment           actual_burn=0.01 adjustment=-7 allowed_burn=0.83 budget_remaining=992 burn_error=-0.985 burn_ratio=0.015
2026-07-10 02:30:19 [info     ] controller_decision_v3         action=RECOVERY available_replicas=3 budget_remaining=992 burn_adjustment=-7 burst_ratio=0.3995 capacity_deficit=False confidence=0.76 current_load=145.11590581764503 decision_id=67c2e8a0 k8s_capacity=121.8 k8s_weight=67 knative_weight=33 p99=17.6 predicted_load=106 r_effective=40.6 serverless_enabled=True total_load=202.8 weights_after={'k3s': 67, 'knative': 33} weights_before={'k3s': 57, 'knative': 43}
2026-07-10 02:30:19 [info     ] Weights updated                k3s=67 knative=33
2026-07-10 02:30:19 [info     ] Weights updated                action=RECOVERY reason='load=203RPS | k8s_cap=122RPS | (reducing-serverless)' weights={'k3s': 67, 'knative': 33}
2026-07-10 02:30:19 [info     ] algorithm2_scaling_decision    action=MAINTAIN alpha=0.014992503748125937 beta=0.0 buffer=1.2 current_replicas=3 predicted_load=152.6554724641805 required_resources=2.289 target_replicas=3
2026-07-10 02:30:19 [debug    ] Decision loop completed        action=RECOVERY latency_ms=163.5 p99=17.62169553327256
2026-07-10 02:30:34 [debug    ] HAProxy fallback latency       delta_requests=1850 interval_avg_ms=68.0 max_rtime_ms=950.0 p99_est=136.0
2026-07-10 02:30:34 [debug    ] GRU prediction received        confidence=0.82 latency_ms=13.51 predicted=111
2026-07-10 02:30:34 [debug    ] Using GRU prediction           confidence=0.82 predicted=111
2026-07-10 02:30:34 [debug    ] burn_rate_adjustment           actual_burn=0.01 adjustment=-7 allowed_burn=0.83 budget_remaining=992 burn_error=-0.985 burn_ratio=0.015
2026-07-10 02:30:34 [info     ] controller_decision_v3         action=RECOVERY available_replicas=3 budget_remaining=992 burn_adjustment=-7 burst_ratio=0.0025 capacity_deficit=False confidence=0.82 current_load=122.07222750061723 decision_id=8bbd5330 k8s_capacity=121.8 k8s_weight=100 knative_weight=0 p99=136.0 predicted_load=111 r_effective=40.6 serverless_enabled=False total_load=122.1 weights_after={'k3s': 100, 'knative': 0} weights_before={'k3s': 67, 'knative': 33}
2026-07-10 02:30:35 [info     ] Weights updated                k3s=100 knative=0
2026-07-10 02:30:35 [info     ] Weights updated                action=RECOVERY reason='load=122RPS | k8s_cap=122RPS | (reducing-serverless)' weights={'k3s': 100, 'knative': 0}
2026-07-10 02:30:35 [info     ] algorithm2_scaling_decision    action=MAINTAIN alpha=0.014992503748125937 beta=0.0 buffer=1.2 current_replicas=3 predicted_load=133.59406665913113 required_resources=2.003 target_replicas=3
2026-07-10 02:30:35 [debug    ] Decision loop completed        action=RECOVERY latency_ms=159.49 p99=136.0
2026-07-10 02:30:50 [debug    ] HAProxy fallback latency       delta_requests=1790 interval_avg_ms=424.74 max_rtime_ms=950.0 p99_est=849.49
2026-07-10 02:30:50 [debug    ] GRU prediction received        confidence=0.79 latency_ms=14.51 predicted=113
2026-07-10 02:30:50 [debug    ] Using GRU prediction           confidence=0.79 predicted=113
2026-07-10 02:30:50 [debug    ] burn_rate_adjustment           actual_burn=0.01 adjustment=-7 allowed_burn=0.83 budget_remaining=991 burn_error=-0.983 burn_ratio=0.017
2026-07-10 02:30:50 [info     ] algorithm2_scaling_decision    action=MAINTAIN alpha=0.014992503748125937 beta=0.0 buffer=1.2 current_replicas=3 predicted_load=120.03834527348403 required_resources=1.8 target_replicas=3
2026-07-10 02:30:50 [debug    ] Decision loop completed        action=MAINTAIN latency_ms=127.9 p99=849.4893854748603
2026-07-10 02:31:05 [debug    ] HAProxy fallback latency       delta_requests=1820 interval_avg_ms=220.95 max_rtime_ms=950.0 p99_est=441.9
2026-07-10 02:31:05 [debug    ] GRU prediction received        confidence=0.79 latency_ms=13.28 predicted=116
2026-07-10 02:31:05 [debug    ] Using GRU prediction           confidence=0.79 predicted=116
2026-07-10 02:31:05 [debug    ] burn_rate_adjustment           actual_burn=0.02 adjustment=-7 allowed_burn=0.83 budget_remaining=990 burn_error=-0.982 burn_ratio=0.018
2026-07-10 02:31:05 [info     ] algorithm2_scaling_decision    action=MAINTAIN alpha=0.014992503748125937 beta=0.0 buffer=1.2 current_replicas=3 predicted_load=119.19103401604102 required_resources=1.787 target_replicas=3
2026-07-10 02:31:05 [debug    ] Decision loop completed        action=MAINTAIN latency_ms=125.95 p99=441.8956043956044
2026-07-10 02:31:20 [debug    ] GRU prediction received        confidence=0.83 latency_ms=13.79 predicted=117
2026-07-10 02:31:20 [debug    ] Using GRU prediction           confidence=0.83 predicted=117
2026-07-10 02:31:20 [debug    ] burn_rate_adjustment           actual_burn=0.02 adjustment=-7 allowed_burn=0.83 budget_remaining=989 burn_error=-0.981 burn_ratio=0.019
2026-07-10 02:31:20 [info     ] algorithm2_scaling_decision    action=MAINTAIN alpha=0.014992503748125937 beta=0.0 buffer=1.2 current_replicas=3 predicted_load=120.28335235767571 required_resources=1.803 target_replicas=3
2026-07-10 02:31:20 [debug    ] Decision loop completed        action=MAINTAIN latency_ms=120.37 p99=441.8956043956044
2026-07-10 02:31:35 [debug    ] HAProxy fallback latency       delta_requests=1786 interval_avg_ms=48.46 max_rtime_ms=950.0 p99_est=96.92
2026-07-10 02:31:35 [debug    ] GRU prediction received        confidence=0.89 latency_ms=13.28 predicted=118
2026-07-10 02:31:35 [debug    ] Using GRU prediction           confidence=0.89 predicted=118
2026-07-10 02:31:35 [debug    ] burn_rate_adjustment           actual_burn=0.02 adjustment=-7 allowed_burn=0.83 budget_remaining=989 burn_error=-0.981 burn_ratio=0.019
2026-07-10 02:31:35 [info     ] algorithm2_scaling_decision    action=MAINTAIN alpha=0.014992503748125937 beta=0.0 buffer=1.2 current_replicas=3 predicted_load=119.12007849174346 required_resources=1.786 target_replicas=3
2026-07-10 02:31:35 [debug    ] Decision loop completed        action=MAINTAIN latency_ms=133.28 p99=96.91937290033594
2026-07-10 02:31:50 [debug    ] GRU prediction received        confidence=0.85 latency_ms=13.55 predicted=116
2026-07-10 02:31:50 [debug    ] Using GRU prediction           confidence=0.85 predicted=116
2026-07-10 02:31:50 [debug    ] burn_rate_adjustment           actual_burn=0.02 adjustment=-7 allowed_burn=0.83 budget_remaining=989 burn_error=-0.981 burn_ratio=0.019
2026-07-10 02:31:50 [info     ] algorithm2_scaling_decision    action=MAINTAIN alpha=0.014992503748125937 beta=0.0 buffer=1.2 current_replicas=3 predicted_load=116.0 required_resources=1.739 target_replicas=3
2026-07-10 02:31:50 [debug    ] Decision loop completed        action=MAINTAIN latency_ms=125.85 p99=96.91937290033594
2026-07-10 02:32:05 [debug    ] GRU prediction received        confidence=0.78 latency_ms=13.33 predicted=109
2026-07-10 02:32:05 [debug    ] Using GRU prediction           confidence=0.78 predicted=109
2026-07-10 02:32:05 [debug    ] burn_rate_adjustment           actual_burn=0.02 adjustment=-7 allowed_burn=0.83 budget_remaining=989 burn_error=-0.982 burn_ratio=0.018
2026-07-10 02:32:05 [info     ] algorithm2_scaling_decision    action=MAINTAIN alpha=0.014992503748125937 beta=0.0 buffer=1.2 current_replicas=3 predicted_load=109.0 required_resources=1.634 target_replicas=3
2026-07-10 02:32:05 [debug    ] Decision loop completed        action=MAINTAIN latency_ms=125.14 p99=96.91937290033594
2026-07-10 02:32:20 [debug    ] HAProxy fallback latency       delta_requests=1117 interval_avg_ms=14.66 max_rtime_ms=950.0 p99_est=29.33
2026-07-10 02:32:20 [debug    ] GRU prediction received        confidence=0.73 latency_ms=14.11 predicted=100
2026-07-10 02:32:20 [debug    ] Using GRU prediction           confidence=0.73 predicted=100
2026-07-10 02:32:20 [debug    ] burn_rate_adjustment           actual_burn=0.01 adjustment=-7 allowed_burn=0.83 budget_remaining=989 burn_error=-0.982 burn_ratio=0.018
2026-07-10 02:32:20 [info     ] algorithm2_scaling_decision    action=MAINTAIN alpha=0.014992503748125937 beta=0.0 buffer=1.2 current_replicas=3 predicted_load=100.0 required_resources=1.499 target_replicas=3
2026-07-10 02:32:20 [debug    ] Decision loop completed        action=MAINTAIN latency_ms=121.76 p99=29.32676812891674
2026-07-10 02:32:35 [debug    ] HAProxy fallback latency       delta_requests=1044 interval_avg_ms=66.0 max_rtime_ms=950.0 p99_est=132.0
2026-07-10 02:32:35 [debug    ] GRU prediction received        confidence=0.72 latency_ms=13.41 predicted=93
2026-07-10 02:32:35 [debug    ] Using GRU prediction           confidence=0.72 predicted=93
2026-07-10 02:32:36 [debug    ] burn_rate_adjustment           actual_burn=0.01 adjustment=-7 allowed_burn=0.83 budget_remaining=989 burn_error=-0.983 burn_ratio=0.017
2026-07-10 02:32:36 [info     ] algorithm2_scaling_decision    action=MAINTAIN alpha=0.014992503748125937 beta=0.0 buffer=1.2 current_replicas=3 predicted_load=93.0 required_resources=1.394 target_replicas=3
2026-07-10 02:32:36 [debug    ] Decision loop completed        action=MAINTAIN latency_ms=124.41 p99=132.0
2026-07-10 02:32:51 [debug    ] HAProxy fallback latency       delta_requests=1179 interval_avg_ms=117.47 max_rtime_ms=950.0 p99_est=234.94
2026-07-10 02:32:51 [debug    ] GRU prediction received        confidence=0.77 latency_ms=14.4 predicted=90
2026-07-10 02:32:51 [debug    ] Using GRU prediction           confidence=0.77 predicted=90
2026-07-10 02:32:51 [debug    ] burn_rate_adjustment           actual_burn=0.02 adjustment=-7 allowed_burn=0.83 budget_remaining=988 burn_error=-0.981 burn_ratio=0.019
2026-07-10 02:32:51 [info     ] algorithm2_scaling_decision    action=MAINTAIN alpha=0.014992503748125937 beta=0.0 buffer=1.2 current_replicas=3 predicted_load=90.0 required_resources=1.349 target_replicas=3
2026-07-10 02:32:51 [debug    ] Decision loop completed        action=MAINTAIN latency_ms=120.91 p99=234.93977947413063
2026-07-10 02:33:06 [debug    ] HAProxy fallback latency       delta_requests=1330 interval_avg_ms=160.25 max_rtime_ms=950.0 p99_est=320.51
2026-07-10 02:33:06 [debug    ] GRU prediction received        confidence=0.82 latency_ms=13.31 predicted=89
2026-07-10 02:33:06 [debug    ] Using GRU prediction           confidence=0.82 predicted=89
2026-07-10 02:33:06 [debug    ] burn_rate_adjustment           actual_burn=0.02 adjustment=-7 allowed_burn=0.83 budget_remaining=987 burn_error=-0.98 burn_ratio=0.02
2026-07-10 02:33:06 [info     ] algorithm2_scaling_decision    action=MAINTAIN alpha=0.014992503748125937 beta=0.0 buffer=1.2 current_replicas=3 predicted_load=89.0 required_resources=1.334 target_replicas=3
2026-07-10 02:33:06 [debug    ] Decision loop completed        action=MAINTAIN latency_ms=123.62 p99=320.5052631578947
2026-07-10 02:33:21 [debug    ] GRU prediction received        confidence=0.82 latency_ms=13.86 predicted=86
2026-07-10 02:33:21 [debug    ] Using GRU prediction           confidence=0.82 predicted=86
2026-07-10 02:33:21 [debug    ] burn_rate_adjustment           actual_burn=0.02 adjustment=-7 allowed_burn=0.83 budget_remaining=986 burn_error=-0.979 burn_ratio=0.021
2026-07-10 02:33:21 [info     ] algorithm2_scaling_decision    action=MAINTAIN alpha=0.014992503748125937 beta=0.0 buffer=1.2 current_replicas=3 predicted_load=86.0 required_resources=1.289 target_replicas=3
2026-07-10 02:33:21 [debug    ] Decision loop completed        action=MAINTAIN latency_ms=121.23 p99=320.5052631578947
2026-07-10 02:33:36 [debug    ] GRU prediction received        confidence=0.75 latency_ms=13.45 predicted=81
2026-07-10 02:33:36 [debug    ] Using GRU prediction           confidence=0.75 predicted=81
2026-07-10 02:33:36 [debug    ] burn_rate_adjustment           actual_burn=0.02 adjustment=-7 allowed_burn=0.83 budget_remaining=985 burn_error=-0.978 burn_ratio=0.022
2026-07-10 02:33:36 [info     ] algorithm2_scaling_decision    action=MAINTAIN alpha=0.014992503748125937 beta=0.0 buffer=1.2 current_replicas=3 predicted_load=81.0 required_resources=1.214 target_replicas=3
2026-07-10 02:33:36 [debug    ] Decision loop completed        action=MAINTAIN latency_ms=118.87 p99=320.5052631578947
2026-07-10 02:33:51 [debug    ] GRU prediction received        confidence=0.72 latency_ms=13.16 predicted=76
2026-07-10 02:33:51 [debug    ] Using GRU prediction           confidence=0.72 predicted=76
2026-07-10 02:33:51 [debug    ] burn_rate_adjustment           actual_burn=0.02 adjustment=-7 allowed_burn=0.83 budget_remaining=984 burn_error=-0.977 burn_ratio=0.023
2026-07-10 02:33:51 [info     ] algorithm2_scaling_decision    action=MAINTAIN alpha=0.014992503748125937 beta=0.0 buffer=1.2 current_replicas=3 predicted_load=76.0 required_resources=1.139 target_replicas=3
2026-07-10 02:33:51 [debug    ] Decision loop completed        action=MAINTAIN latency_ms=123.11 p99=320.5052631578947
2026-07-10 02:34:06 [debug    ] HAProxy fallback latency       delta_requests=693 interval_avg_ms=64.0 max_rtime_ms=950.0 p99_est=128.0
2026-07-10 02:34:06 [debug    ] GRU prediction received        confidence=0.72 latency_ms=13.3 predicted=73
2026-07-10 02:34:06 [debug    ] Using GRU prediction           confidence=0.72 predicted=73
2026-07-10 02:34:06 [debug    ] burn_rate_adjustment           actual_burn=0.02 adjustment=-7 allowed_burn=0.83 budget_remaining=984 burn_error=-0.977 burn_ratio=0.023
2026-07-10 02:34:06 [info     ] algorithm2_scaling_decision    action=MAINTAIN alpha=0.014992503748125937 beta=0.0 buffer=1.2 current_replicas=3 predicted_load=73.0 required_resources=1.094 target_replicas=3
2026-07-10 02:34:06 [debug    ] Decision loop completed        action=MAINTAIN latency_ms=119.74 p99=128.0
2026-07-10 02:34:21 [debug    ] HAProxy fallback latency       delta_requests=653 interval_avg_ms=64.0 max_rtime_ms=950.0 p99_est=128.0
2026-07-10 02:34:21 [debug    ] GRU prediction received        confidence=0.72 latency_ms=13.31 predicted=70
2026-07-10 02:34:21 [debug    ] Using GRU prediction           confidence=0.72 predicted=70
2026-07-10 02:34:21 [debug    ] burn_rate_adjustment           actual_burn=0.02 adjustment=-7 allowed_burn=0.83 budget_remaining=984 burn_error=-0.978 burn_ratio=0.022
2026-07-10 02:34:21 [info     ] algorithm2_scaling_decision    action=MAINTAIN alpha=0.014992503748125937 beta=0.0 buffer=1.2 current_replicas=3 predicted_load=70.0 required_resources=1.049 target_replicas=3
2026-07-10 02:34:21 [debug    ] Decision loop completed        action=MAINTAIN latency_ms=125.55 p99=128.0
2026-07-10 02:34:36 [debug    ] HAProxy fallback latency       delta_requests=636 interval_avg_ms=168.65 max_rtime_ms=950.0 p99_est=337.3
2026-07-10 02:34:36 [debug    ] GRU prediction received        confidence=0.84 latency_ms=13.36 predicted=68
2026-07-10 02:34:36 [debug    ] Using GRU prediction           confidence=0.84 predicted=68
2026-07-10 02:34:36 [debug    ] burn_rate_adjustment           actual_burn=0.02 adjustment=-7 allowed_burn=0.83 budget_remaining=983 burn_error=-0.977 burn_ratio=0.023
2026-07-10 02:34:37 [info     ] algorithm2_scaling_decision    action=MAINTAIN alpha=0.014992503748125937 beta=0.0 buffer=1.2 current_replicas=3 predicted_load=68.0 required_resources=1.019 target_replicas=3
2026-07-10 02:34:37 [debug    ] Decision loop completed        action=MAINTAIN latency_ms=121.46 p99=337.2987421383648
2026-07-10 02:34:52 [debug    ] HAProxy fallback latency       delta_requests=841 interval_avg_ms=145.14 max_rtime_ms=950.0 p99_est=290.28
2026-07-10 02:34:52 [debug    ] GRU prediction received        confidence=0.81 latency_ms=14.07 predicted=68
2026-07-10 02:34:52 [debug    ] Using GRU prediction           confidence=0.81 predicted=68
2026-07-10 02:34:52 [debug    ] burn_rate_adjustment           actual_burn=0.02 adjustment=-7 allowed_burn=0.83 budget_remaining=982 burn_error=-0.976 burn_ratio=0.024
2026-07-10 02:34:52 [info     ] algorithm2_scaling_decision    action=MAINTAIN alpha=0.014992503748125937 beta=0.0 buffer=1.2 current_replicas=3 predicted_load=68.0 required_resources=1.019 target_replicas=3
2026-07-10 02:34:52 [debug    ] Decision loop completed        action=MAINTAIN latency_ms=128.56 p99=290.2806183115339
2026-07-10 02:35:07 [debug    ] HAProxy fallback latency       delta_requests=1063 interval_avg_ms=194.81 max_rtime_ms=950.0 p99_est=389.61
2026-07-10 02:35:07 [debug    ] GRU prediction received        confidence=0.72 latency_ms=13.36 predicted=68
2026-07-10 02:35:07 [debug    ] Using GRU prediction           confidence=0.72 predicted=68
2026-07-10 02:35:07 [debug    ] burn_rate_adjustment           actual_burn=0.02 adjustment=-7 allowed_burn=0.83 budget_remaining=981 burn_error=-0.975 burn_ratio=0.025
2026-07-10 02:35:07 [info     ] algorithm2_scaling_decision    action=MAINTAIN alpha=0.014992503748125937 beta=0.0 buffer=1.2 current_replicas=3 predicted_load=68.0 required_resources=1.019 target_replicas=3
2026-07-10 02:35:07 [debug    ] Decision loop completed        action=MAINTAIN latency_ms=118.76 p99=389.61429915333963
2026-07-10 02:35:22 [debug    ] HAProxy fallback latency       delta_requests=1075 interval_avg_ms=3.32 max_rtime_ms=950.0 p99_est=6.63
2026-07-10 02:35:22 [debug    ] GRU prediction received        confidence=0.72 latency_ms=13.43 predicted=69
2026-07-10 02:35:22 [debug    ] Using GRU prediction           confidence=0.72 predicted=69
2026-07-10 02:35:22 [debug    ] burn_rate_adjustment           actual_burn=0.02 adjustment=-7 allowed_burn=0.83 budget_remaining=981 burn_error=-0.975 burn_ratio=0.025
2026-07-10 02:35:22 [info     ] algorithm2_scaling_decision    action=MAINTAIN alpha=0.014992503748125937 beta=0.0 buffer=1.2 current_replicas=3 predicted_load=70.6827728198796 required_resources=1.06 target_replicas=3
2026-07-10 02:35:22 [debug    ] Decision loop completed        action=MAINTAIN latency_ms=118.15 p99=6.630697674418605
2026-07-10 02:35:37 [debug    ] GRU prediction received        confidence=0.73 latency_ms=13.96 predicted=69
2026-07-10 02:35:37 [debug    ] Using GRU prediction           confidence=0.73 predicted=69
2026-07-10 02:35:37 [debug    ] burn_rate_adjustment           actual_burn=0.02 adjustment=-7 allowed_burn=0.83 budget_remaining=981 burn_error=-0.976 burn_ratio=0.024
2026-07-10 02:35:37 [info     ] algorithm2_scaling_decision    action=MAINTAIN alpha=0.014992503748125937 beta=0.0 buffer=1.2 current_replicas=3 predicted_load=70.31157088695896 required_resources=1.054 target_replicas=3
2026-07-10 02:35:37 [debug    ] Decision loop completed        action=MAINTAIN latency_ms=120.74 p99=6.630697674418605
2026-07-10 02:35:52 [debug    ] GRU prediction received        confidence=0.82 latency_ms=13.35 predicted=69
2026-07-10 02:35:52 [debug    ] Using GRU prediction           confidence=0.82 predicted=69
2026-07-10 02:35:52 [debug    ] burn_rate_adjustment           actual_burn=0.02 adjustment=-7 allowed_burn=0.83 budget_remaining=981 burn_error=-0.976 burn_ratio=0.024
2026-07-10 02:35:52 [info     ] algorithm2_scaling_decision    action=MAINTAIN alpha=0.014992503748125937 beta=0.0 buffer=1.2 current_replicas=3 predicted_load=70.24069356883848 required_resources=1.053 target_replicas=3
2026-07-10 02:35:52 [debug    ] Decision loop completed        action=MAINTAIN latency_ms=125.87 p99=6.630697674418605
2026-07-10 02:36:07 [debug    ] HAProxy fallback latency       delta_requests=1135 interval_avg_ms=129.14 max_rtime_ms=950.0 p99_est=258.27
2026-07-10 02:36:07 [debug    ] GRU prediction received        confidence=0.88 latency_ms=13.8 predicted=69
2026-07-10 02:36:07 [debug    ] Using GRU prediction           confidence=0.88 predicted=69
2026-07-10 02:36:07 [debug    ] burn_rate_adjustment           actual_burn=0.02 adjustment=-7 allowed_burn=0.83 budget_remaining=980 burn_error=-0.975 burn_ratio=0.025
2026-07-10 02:36:07 [info     ] algorithm2_scaling_decision    action=MAINTAIN alpha=0.014992503748125937 beta=0.0 buffer=1.2 current_replicas=3 predicted_load=72.99832505879519 required_resources=1.094 target_replicas=3
2026-07-10 02:36:07 [debug    ] Decision loop completed        action=MAINTAIN latency_ms=126.27 p99=258.273127753304
2026-07-10 02:36:22 [debug    ] HAProxy fallback latency       delta_requests=1404 interval_avg_ms=224.54 max_rtime_ms=950.0 p99_est=449.09
2026-07-10 02:36:22 [debug    ] GRU prediction received        confidence=0.8 latency_ms=13.18 predicted=71
2026-07-10 02:36:22 [debug    ] Using GRU prediction           confidence=0.8 predicted=71
2026-07-10 02:36:22 [debug    ] burn_rate_adjustment           actual_burn=0.02 adjustment=-7 allowed_burn=0.83 budget_remaining=979 burn_error=-0.974 burn_ratio=0.026
2026-07-10 02:36:22 [info     ] algorithm2_scaling_decision    action=MAINTAIN alpha=0.014992503748125937 beta=0.0 buffer=1.2 current_replicas=3 predicted_load=83.92831486540351 required_resources=1.258 target_replicas=3
2026-07-10 02:36:22 [debug    ] Decision loop completed        action=MAINTAIN latency_ms=124.32 p99=449.0897435897436
2026-07-10 02:36:37 [debug    ] HAProxy fallback latency       delta_requests=1638 interval_avg_ms=207.9 max_rtime_ms=950.0 p99_est=415.79
2026-07-10 02:36:37 [debug    ] GRU prediction received        confidence=0.74 latency_ms=13.05 predicted=73
2026-07-10 02:36:37 [debug    ] Using GRU prediction           confidence=0.74 predicted=73
2026-07-10 02:36:37 [debug    ] Proactive amplification        amplified=156.6 approach_ratio=0.89 load_trend=9.7 raw_pred=73
2026-07-10 02:36:37 [debug    ] burn_rate_adjustment           actual_burn=0.02 adjustment=-7 allowed_burn=0.83 budget_remaining=978 burn_error=-0.974 burn_ratio=0.026
2026-07-10 02:36:37 [info     ] Knative pre-warm OK            cold_start_ms=3.1
2026-07-10 02:36:37 [info     ] controller_decision_v3         action=PREDICTIVE available_replicas=3 budget_remaining=978 burn_adjustment=-7 burst_ratio=0.2225 capacity_deficit=False confidence=0.74 current_load=108.23027896117983 decision_id=ae7f9893 k8s_capacity=121.8 k8s_weight=84 knative_weight=16 p99=415.8 predicted_load=73 r_effective=40.6 serverless_enabled=True total_load=156.6 weights_after={'k3s': 84, 'knative': 16} weights_before={'k3s': 100, 'knative': 0}
2026-07-10 02:36:37 [info     ] Weights updated                k3s=84 knative=16
2026-07-10 02:36:37 [info     ] Weights updated                action=PREDICTIVE reason='load=157RPS | k8s_cap=122RPS | (prediction-driven)' weights={'k3s': 84, 'knative': 16}
2026-07-10 02:36:38 [info     ] algorithm2_scaling_decision    action=MAINTAIN alpha=0.014992503748125937 beta=0.0 buffer=1.2 current_replicas=3 predicted_load=100.52540779010111 required_resources=1.507 target_replicas=3
2026-07-10 02:36:38 [debug    ] Decision loop completed        action=PREDICTIVE latency_ms=124.36 p99=415.7912087912088
2026-07-10 02:36:53 [debug    ] GRU prediction received        confidence=0.76 latency_ms=13.67 predicted=74
2026-07-10 02:36:53 [debug    ] Using GRU prediction           confidence=0.76 predicted=74
2026-07-10 02:36:53 [debug    ] Proactive amplification        amplified=126.0 approach_ratio=0.78 load_trend=6.1 raw_pred=74
2026-07-10 02:36:53 [debug    ] burn_rate_adjustment           actual_burn=0.02 adjustment=-7 allowed_burn=0.83 budget_remaining=977 burn_error=-0.973 burn_ratio=0.027
2026-07-10 02:36:53 [info     ] controller_decision_v3         action=RECOVERY available_replicas=3 budget_remaining=977 burn_adjustment=-7 burst_ratio=0.0333 capacity_deficit=False confidence=0.76 current_load=95.40881329983306 decision_id=95010808 k8s_capacity=121.8 k8s_weight=100 knative_weight=0 p99=415.8 predicted_load=74 r_effective=40.6 serverless_enabled=False total_load=126.0 weights_after={'k3s': 100, 'knative': 0} weights_before={'k3s': 84, 'knative': 16}
2026-07-10 02:36:53 [info     ] Weights updated                k3s=100 knative=0
2026-07-10 02:36:53 [info     ] Weights updated                action=RECOVERY reason='load=126RPS | k8s_cap=122RPS | (reducing-serverless)' weights={'k3s': 100, 'knative': 0}
2026-07-10 02:36:53 [info     ] algorithm2_scaling_decision    action=MAINTAIN alpha=0.014992503748125937 beta=0.0 buffer=1.2 current_replicas=3 predicted_load=101.81954613050644 required_resources=1.527 target_replicas=3
2026-07-10 02:36:53 [debug    ] Decision loop completed        action=RECOVERY latency_ms=161.26 p99=415.7912087912088
2026-07-10 02:37:08 [debug    ] HAProxy fallback latency       delta_requests=1179 interval_avg_ms=0.45 max_rtime_ms=950.0 p99_est=0.91
2026-07-10 02:37:08 [debug    ] GRU prediction received        confidence=0.78 latency_ms=13.58 predicted=74
2026-07-10 02:37:08 [debug    ] Using GRU prediction           confidence=0.78 predicted=74
2026-07-10 02:37:08 [debug    ] burn_rate_adjustment           actual_burn=0.02 adjustment=-7 allowed_burn=0.83 budget_remaining=977 burn_error=-0.973 burn_ratio=0.027
2026-07-10 02:37:08 [info     ] algorithm2_scaling_decision    action=MAINTAIN alpha=0.014992503748125937 beta=0.0 buffer=1.2 current_replicas=3 predicted_load=86.58661114977434 required_resources=1.298 target_replicas=3
2026-07-10 02:37:08 [debug    ] Decision loop completed        action=MAINTAIN latency_ms=127.78 p99=0.90754877014419
2026-07-10 02:37:23 [debug    ] GRU prediction received        confidence=0.73 latency_ms=14.0 predicted=72
2026-07-10 02:37:23 [debug    ] Using GRU prediction           confidence=0.73 predicted=72
2026-07-10 02:37:23 [debug    ] burn_rate_adjustment           actual_burn=0.02 adjustment=-7 allowed_burn=0.83 budget_remaining=977 burn_error=-0.974 burn_ratio=0.026
2026-07-10 02:37:23 [info     ] algorithm2_scaling_decision    action=MAINTAIN alpha=0.014992503748125937 beta=0.0 buffer=1.2 current_replicas=3 predicted_load=72.0 required_resources=1.079 target_replicas=3
2026-07-10 02:37:23 [debug    ] Decision loop completed        action=MAINTAIN latency_ms=120.73 p99=0.90754877014419
2026-07-10 02:37:38 [debug    ] GRU prediction received        confidence=0.72 latency_ms=13.5 predicted=70
2026-07-10 02:37:38 [debug    ] Using GRU prediction           confidence=0.72 predicted=70
2026-07-10 02:37:38 [debug    ] burn_rate_adjustment           actual_burn=0.02 adjustment=-7 allowed_burn=0.83 budget_remaining=977 burn_error=-0.974 burn_ratio=0.026
2026-07-10 02:37:38 [info     ] algorithm2_scaling_decision    action=MAINTAIN alpha=0.014992503748125937 beta=0.0 buffer=1.2 current_replicas=3 predicted_load=70.0 required_resources=1.049 target_replicas=3
2026-07-10 02:37:38 [debug    ] Decision loop completed        action=MAINTAIN latency_ms=125.11 p99=0.90754877014419
2026-07-10 02:37:53 [debug    ] HAProxy fallback latency       delta_requests=657 interval_avg_ms=64.0 max_rtime_ms=950.0 p99_est=128.0
2026-07-10 02:37:53 [debug    ] GRU prediction received        confidence=0.72 latency_ms=13.79 predicted=68
2026-07-10 02:37:53 [debug    ] Using GRU prediction           confidence=0.72 predicted=68
2026-07-10 02:37:53 [debug    ] burn_rate_adjustment           actual_burn=0.02 adjustment=-7 allowed_burn=0.83 budget_remaining=977 burn_error=-0.974 burn_ratio=0.026
2026-07-10 02:37:53 [info     ] algorithm2_scaling_decision    action=MAINTAIN alpha=0.014992503748125937 beta=0.0 buffer=1.2 current_replicas=3 predicted_load=68.0 required_resources=1.019 target_replicas=3
2026-07-10 02:37:53 [debug    ] Decision loop completed        action=MAINTAIN latency_ms=124.02 p99=128.0
2026-07-10 02:38:08 [debug    ] HAProxy fallback latency       delta_requests=670 interval_avg_ms=64.0 max_rtime_ms=950.0 p99_est=128.0
2026-07-10 02:38:08 [debug    ] GRU prediction received        confidence=0.72 latency_ms=13.13 predicted=66
2026-07-10 02:38:08 [debug    ] Using GRU prediction           confidence=0.72 predicted=66
2026-07-10 02:38:08 [debug    ] burn_rate_adjustment           actual_burn=0.02 adjustment=-7 allowed_burn=0.83 budget_remaining=977 burn_error=-0.975 burn_ratio=0.025
2026-07-10 02:38:08 [info     ] algorithm2_scaling_decision    action=MAINTAIN alpha=0.014992503748125937 beta=0.0 buffer=1.2 current_replicas=3 predicted_load=66.0 required_resources=0.99 target_replicas=3
2026-07-10 02:38:08 [debug    ] Decision loop completed        action=MAINTAIN latency_ms=127.17 p99=128.0
2026-07-10 02:38:23 [debug    ] HAProxy fallback latency       delta_requests=779 interval_avg_ms=169.48 max_rtime_ms=950.0 p99_est=338.97
2026-07-10 02:38:23 [debug    ] GRU prediction received        confidence=0.78 latency_ms=14.2 predicted=66
2026-07-10 02:38:23 [debug    ] Using GRU prediction           confidence=0.78 predicted=66
2026-07-10 02:38:23 [debug    ] burn_rate_adjustment           actual_burn=0.02 adjustment=-7 allowed_burn=0.83 budget_remaining=976 burn_error=-0.974 burn_ratio=0.026
2026-07-10 02:38:23 [info     ] algorithm2_scaling_decision    action=MAINTAIN alpha=0.014992503748125937 beta=0.0 buffer=1.2 current_replicas=3 predicted_load=66.0 required_resources=0.99 target_replicas=3
2026-07-10 02:38:23 [debug    ] Decision loop completed        action=MAINTAIN latency_ms=124.91 p99=338.96790757381257
2026-07-10 02:38:38 [debug    ] HAProxy fallback latency       delta_requests=854 interval_avg_ms=65.0 max_rtime_ms=950.0 p99_est=130.0
2026-07-10 02:38:38 [debug    ] GRU prediction received        confidence=0.81 latency_ms=13.22 predicted=65
2026-07-10 02:38:38 [debug    ] Using GRU prediction           confidence=0.81 predicted=65
2026-07-10 02:38:39 [debug    ] burn_rate_adjustment           actual_burn=0.02 adjustment=-7 allowed_burn=0.83 budget_remaining=976 burn_error=-0.974 burn_ratio=0.026
2026-07-10 02:38:39 [info     ] algorithm2_scaling_decision    action=MAINTAIN alpha=0.014992503748125937 beta=0.0 buffer=1.2 current_replicas=3 predicted_load=65.0 required_resources=0.975 target_replicas=3
2026-07-10 02:38:39 [debug    ] Decision loop completed        action=MAINTAIN latency_ms=120.32 p99=130.0
2026-07-10 02:38:54 [debug    ] HAProxy fallback latency       delta_requests=713 interval_avg_ms=65.0 max_rtime_ms=950.0 p99_est=130.0
2026-07-10 02:38:54 [debug    ] GRU prediction received        confidence=0.81 latency_ms=13.47 predicted=64
2026-07-10 02:38:54 [debug    ] Using GRU prediction           confidence=0.81 predicted=64
2026-07-10 02:38:54 [debug    ] burn_rate_adjustment           actual_burn=0.02 adjustment=-7 allowed_burn=0.83 budget_remaining=976 burn_error=-0.975 burn_ratio=0.025
2026-07-10 02:38:54 [info     ] algorithm2_scaling_decision    action=MAINTAIN alpha=0.014992503748125937 beta=0.0 buffer=1.2 current_replicas=3 predicted_load=64.0 required_resources=0.96 target_replicas=3
2026-07-10 02:38:54 [debug    ] Decision loop completed        action=MAINTAIN latency_ms=121.0 p99=130.0
2026-07-10 02:39:09 [debug    ] HAProxy fallback latency       delta_requests=578 interval_avg_ms=65.0 max_rtime_ms=950.0 p99_est=130.0
2026-07-10 02:39:09 [debug    ] GRU prediction received        confidence=0.78 latency_ms=13.17 predicted=63
2026-07-10 02:39:09 [debug    ] Using GRU prediction           confidence=0.78 predicted=63
2026-07-10 02:39:09 [debug    ] burn_rate_adjustment           actual_burn=0.02 adjustment=-7 allowed_burn=0.83 budget_remaining=976 burn_error=-0.975 burn_ratio=0.025
2026-07-10 02:39:09 [info     ] algorithm2_scaling_decision    action=MAINTAIN alpha=0.014992503748125937 beta=0.0 buffer=1.2 current_replicas=3 predicted_load=63.0 required_resources=0.945 target_replicas=3
2026-07-10 02:39:09 [debug    ] Decision loop completed        action=MAINTAIN latency_ms=123.33 p99=130.0
2026-07-10 02:39:24 [debug    ] GRU prediction received        confidence=0.76 latency_ms=13.95 predicted=61
2026-07-10 02:39:24 [debug    ] Using GRU prediction           confidence=0.76 predicted=61
2026-07-10 02:39:24 [debug    ] burn_rate_adjustment           actual_burn=0.02 adjustment=-7 allowed_burn=0.83 budget_remaining=976 burn_error=-0.975 burn_ratio=0.025
2026-07-10 02:39:24 [info     ] algorithm2_scaling_decision    action=MAINTAIN alpha=0.014992503748125937 beta=0.0 buffer=1.2 current_replicas=3 predicted_load=61.0 required_resources=0.915 target_replicas=3
2026-07-10 02:39:24 [debug    ] Decision loop completed        action=MAINTAIN latency_ms=124.6 p99=130.0
2026-07-10 02:39:39 [debug    ] HAProxy fallback latency       delta_requests=607 interval_avg_ms=64.0 max_rtime_ms=950.0 p99_est=128.0
2026-07-10 02:39:39 [debug    ] GRU prediction received        confidence=0.76 latency_ms=14.4 predicted=61
2026-07-10 02:39:39 [debug    ] Using GRU prediction           confidence=0.76 predicted=61
2026-07-10 02:39:39 [debug    ] burn_rate_adjustment           actual_burn=0.02 adjustment=-7 allowed_burn=0.83 budget_remaining=976 burn_error=-0.976 burn_ratio=0.024
2026-07-10 02:39:39 [info     ] algorithm2_scaling_decision    action=MAINTAIN alpha=0.014992503748125937 beta=0.0 buffer=1.2 current_replicas=3 predicted_load=61.0 required_resources=0.915 target_replicas=3
2026-07-10 02:39:39 [debug    ] Decision loop completed        action=MAINTAIN latency_ms=125.59 p99=128.0
2026-07-10 02:39:54 [debug    ] HAProxy fallback latency       delta_requests=631 interval_avg_ms=64.0 max_rtime_ms=950.0 p99_est=128.0
2026-07-10 02:39:54 [debug    ] GRU prediction received        confidence=0.83 latency_ms=13.79 predicted=60
2026-07-10 02:39:54 [debug    ] Using GRU prediction           confidence=0.83 predicted=60
2026-07-10 02:39:54 [debug    ] burn_rate_adjustment           actual_burn=0.02 adjustment=-7 allowed_burn=0.83 budget_remaining=976 burn_error=-0.976 burn_ratio=0.024
2026-07-10 02:39:54 [info     ] algorithm2_scaling_decision    action=MAINTAIN alpha=0.014992503748125937 beta=0.0 buffer=1.2 current_replicas=3 predicted_load=60.0 required_resources=0.9 target_replicas=3
2026-07-10 02:39:54 [debug    ] Decision loop completed        action=MAINTAIN latency_ms=125.12 p99=128.0
2026-07-10 02:40:09 [debug    ] HAProxy fallback latency       delta_requests=664 interval_avg_ms=64.0 max_rtime_ms=950.0 p99_est=128.0
2026-07-10 02:40:09 [debug    ] GRU prediction received        confidence=0.85 latency_ms=13.05 predicted=59
2026-07-10 02:40:09 [debug    ] Using GRU prediction           confidence=0.85 predicted=59
2026-07-10 02:40:09 [debug    ] burn_rate_adjustment           actual_burn=0.02 adjustment=-7 allowed_burn=0.83 budget_remaining=976 burn_error=-0.976 burn_ratio=0.024
2026-07-10 02:40:09 [info     ] algorithm2_scaling_decision    action=MAINTAIN alpha=0.014992503748125937 beta=0.0 buffer=1.2 current_replicas=3 predicted_load=59.0 required_resources=0.885 target_replicas=3
2026-07-10 02:40:09 [debug    ] Decision loop completed        action=MAINTAIN latency_ms=124.4 p99=128.0
2026-07-10 02:40:24 [debug    ] HAProxy fallback latency       delta_requests=744 interval_avg_ms=299.34 max_rtime_ms=950.0 p99_est=598.68
2026-07-10 02:40:24 [debug    ] GRU prediction received        confidence=0.82 latency_ms=13.25 predicted=59
2026-07-10 02:40:24 [debug    ] Using GRU prediction           confidence=0.82 predicted=59
2026-07-10 02:40:24 [debug    ] burn_rate_adjustment           actual_burn=0.02 adjustment=-7 allowed_burn=0.83 budget_remaining=975 burn_error=-0.976 burn_ratio=0.024
2026-07-10 02:40:24 [info     ] algorithm2_scaling_decision    action=MAINTAIN alpha=0.014992503748125937 beta=0.0 buffer=1.2 current_replicas=3 predicted_load=59.0 required_resources=0.885 target_replicas=3
2026-07-10 02:40:24 [debug    ] Decision loop completed        action=MAINTAIN latency_ms=123.99 p99=598.6827956989247
2026-07-10 02:40:39 [debug    ] HAProxy fallback latency       delta_requests=293 interval_avg_ms=66.0 max_rtime_ms=950.0 p99_est=132.0
2026-07-10 02:40:39 [debug    ] GRU prediction received        confidence=0.72 latency_ms=13.0 predicted=57
2026-07-10 02:40:39 [debug    ] Using GRU prediction           confidence=0.72 predicted=57
2026-07-10 02:40:39 [debug    ] burn_rate_adjustment           actual_burn=0.02 adjustment=-7 allowed_burn=0.83 budget_remaining=975 burn_error=-0.976 burn_ratio=0.024
2026-07-10 02:40:40 [info     ] algorithm2_scaling_decision    action=MAINTAIN alpha=0.014992503748125937 beta=0.0 buffer=1.2 current_replicas=3 predicted_load=57.0 required_resources=0.855 target_replicas=3
2026-07-10 02:40:40 [debug    ] Decision loop completed        action=MAINTAIN latency_ms=123.84 p99=132.0
2026-07-10 02:40:55 [debug    ] GRU prediction received        confidence=0.72 latency_ms=13.42 predicted=54
2026-07-10 02:40:55 [debug    ] Using GRU prediction           confidence=0.72 predicted=54
2026-07-10 02:40:55 [debug    ] burn_rate_adjustment           actual_burn=0.02 adjustment=-7 allowed_burn=0.83 budget_remaining=975 burn_error=-0.976 burn_ratio=0.024
2026-07-10 02:40:55 [info     ] algorithm2_scaling_decision    action=MAINTAIN alpha=0.014992503748125937 beta=0.0 buffer=1.2 current_replicas=3 predicted_load=54.0 required_resources=0.81 target_replicas=3
2026-07-10 02:40:55 [debug    ] Decision loop completed        action=MAINTAIN latency_ms=123.27 p99=132.0
2026-07-10 02:41:10 [debug    ] GRU prediction received        confidence=0.72 latency_ms=13.44 predicted=53
2026-07-10 02:41:10 [debug    ] Using GRU prediction           confidence=0.72 predicted=53
2026-07-10 02:41:10 [debug    ] burn_rate_adjustment           actual_burn=0.02 adjustment=-7 allowed_burn=0.83 budget_remaining=975 burn_error=-0.976 burn_ratio=0.024
2026-07-10 02:41:10 [info     ] algorithm2_scaling_decision    action=MAINTAIN alpha=0.014992503748125937 beta=0.0 buffer=1.2 current_replicas=3 predicted_load=53.0 required_resources=0.795 target_replicas=3
2026-07-10 02:41:10 [debug    ] Decision loop completed        action=MAINTAIN latency_ms=125.59 p99=132.0
2026-07-10 02:41:25 [debug    ] GRU prediction received        confidence=0.72 latency_ms=13.97 predicted=52
2026-07-10 02:41:25 [debug    ] Using GRU prediction           confidence=0.72 predicted=52
2026-07-10 02:41:25 [debug    ] burn_rate_adjustment           actual_burn=0.02 adjustment=-7 allowed_burn=0.83 budget_remaining=975 burn_error=-0.977 burn_ratio=0.023
2026-07-10 02:41:25 [info     ] algorithm2_scaling_decision    action=MAINTAIN alpha=0.014992503748125937 beta=0.0 buffer=1.2 current_replicas=3 predicted_load=52.0 required_resources=0.78 target_replicas=3
2026-07-10 02:41:25 [debug    ] Decision loop completed        action=MAINTAIN latency_ms=120.96 p99=132.0
2026-07-10 02:41:32 [info     ] Received shutdown signal
2026-07-10 02:41:32 [info     ] Stopping routing daemon...
2026-07-10 02:41:32 [info     ] Routing daemon stopped
