2026-09-12 12:03:36 [info     ] SLOMonitor initialized         threshold_ms=200.0 violation_window=30
2026-09-12 12:03:36 [info     ] Algorithm1ControllerV3 initialized max_knative=50 r_saturation=33.3 target_cpu_util=0.5 total_budget=1000
2026-09-12 12:03:36 [info     ] Using V3 controller (Capacity-Driven) scenario=s3-hybrid-reactive version=v3
2026-09-12 12:03:36 [info     ] HAProxyWeightAdjuster initialized backend=servers host=localhost port=19999
2026-09-12 12:03:36 [info     ] GRUClient initialized          base_url=http://localhost:8090
2026-09-12 12:03:36 [info     ] K8sScaler initialized          deployment=test-app-warm namespace=default
2026-09-12 12:03:36 [info     ] RoutingDaemon initialized      decision_interval=15 description='Algorithm 1 reactive routing without predictions' scenario=s3-hybrid-reactive use_algorithm=True use_predictions=False
2026-09-12 12:03:36 [info     ] Starting routing daemon        interval=15 scenario=s3-hybrid-reactive
2026-09-12 12:03:36 [info     ] Weights updated                k3s=80 knative=20
2026-09-12 12:03:36 [info     ] Initial weights applied        k3s=80 knative=20
2026-09-12 12:03:36 [debug    ] HAProxy fallback primed        total_requests=0
2026-09-12 12:03:36 [info     ] algorithm2_scaling_decision    action=MAINTAIN alpha=0.060060060060060066 beta=0.0 buffer=1.0 current_replicas=3 predicted_load=0.0 required_resources=0.0 target_replicas=3
2026-09-12 12:03:36 [info     ] algorithm2_decision            action=MAINTAIN applied_target=3 current_replicas=3 hold_until=0.0 observed_load=0.0 observed_target=3 point_forecasts=None prediction_age_sec=None predictive_target=3 proactive=False scenario=s3-hybrid-reactive target_replicas=3 upper_forecasts=None
2026-09-12 12:03:36 [debug    ] Decision loop completed        action=MAINTAIN latency_ms=98.68 p99=0.0
2026-09-12 12:03:51 [info     ] algorithm2_scaling_decision    action=MAINTAIN alpha=0.060060060060060066 beta=0.0 buffer=1.0 current_replicas=3 predicted_load=0.0 required_resources=0.0 target_replicas=3
2026-09-12 12:03:51 [info     ] algorithm2_decision            action=MAINTAIN applied_target=3 current_replicas=3 hold_until=0.0 observed_load=0.0 observed_target=3 point_forecasts=None prediction_age_sec=None predictive_target=3 proactive=False scenario=s3-hybrid-reactive target_replicas=3 upper_forecasts=None
2026-09-12 12:03:51 [debug    ] Decision loop completed        action=MAINTAIN latency_ms=97.71 p99=0.0
2026-09-12 12:04:06 [info     ] algorithm2_scaling_decision    action=MAINTAIN alpha=0.060060060060060066 beta=0.0 buffer=1.0 current_replicas=3 predicted_load=0.0 required_resources=0.0 target_replicas=3
2026-09-12 12:04:06 [info     ] algorithm2_decision            action=MAINTAIN applied_target=3 current_replicas=3 hold_until=0.0 observed_load=0.0 observed_target=3 point_forecasts=None prediction_age_sec=None predictive_target=3 proactive=False scenario=s3-hybrid-reactive target_replicas=3 upper_forecasts=None
2026-09-12 12:04:06 [debug    ] Decision loop completed        action=MAINTAIN latency_ms=95.71 p99=0.0
2026-09-12 12:04:21 [debug    ] HAProxy fallback latency       delta_requests=638 interval_avg_ms=65.0 max_rtime_ms=118.0 p99_est=118.0
2026-09-12 12:04:21 [info     ] controller_decision_v3         action=RECOVERY available_replicas=3 budget_remaining=1000 burn_adjustment=0 burst_ratio=0 capacity_deficit=False confidence=0 current_load=42.133993777238324 decision_id=279bcec6 k8s_capacity=49.9 k8s_weight=100 knative_weight=0 p99=118.0 predicted_load=0 r_effective=16.6 serverless_enabled=False total_load=42.1 weights_after={'k3s': 100, 'knative': 0} weights_before={'k3s': 80, 'knative': 20}
2026-09-12 12:04:21 [info     ] Weights updated                k3s=100 knative=0
2026-09-12 12:04:21 [info     ] Weights updated                action=RECOVERY reason='load=42RPS | k8s_cap=50RPS | (reducing-serverless)' weights={'k3s': 100, 'knative': 0}
2026-09-12 12:04:21 [info     ] algorithm2_scaling_decision    action=MAINTAIN alpha=0.060060060060060066 beta=0.0 buffer=1.0 current_replicas=3 predicted_load=21.066996888619162 required_resources=1.265 target_replicas=3
2026-09-12 12:04:21 [info     ] algorithm2_decision            action=MAINTAIN applied_target=3 current_replicas=3 hold_until=0.0 observed_load=21.07 observed_target=3 point_forecasts=None prediction_age_sec=None predictive_target=3 proactive=False scenario=s3-hybrid-reactive target_replicas=3 upper_forecasts=None
2026-09-12 12:04:21 [debug    ] Decision loop completed        action=RECOVERY latency_ms=136.46 p99=118.0
2026-09-12 12:04:36 [debug    ] HAProxy fallback latency       delta_requests=666 interval_avg_ms=65.0 max_rtime_ms=141.0 p99_est=130.0
2026-09-12 12:04:36 [info     ] algorithm2_scaling_decision    action=MAINTAIN alpha=0.060060060060060066 beta=0.0 buffer=1.0 current_replicas=3 predicted_load=43.06580715690354 required_resources=2.587 target_replicas=3
2026-09-12 12:04:36 [info     ] algorithm2_decision            action=MAINTAIN applied_target=3 current_replicas=3 hold_until=0.0 observed_load=43.07 observed_target=3 point_forecasts=None prediction_age_sec=None predictive_target=3 proactive=False scenario=s3-hybrid-reactive target_replicas=3 upper_forecasts=None
2026-09-12 12:04:36 [debug    ] Decision loop completed        action=MAINTAIN latency_ms=111.37 p99=130.0
2026-09-12 12:04:51 [debug    ] HAProxy fallback latency       delta_requests=715 interval_avg_ms=70.65 max_rtime_ms=163.0 p99_est=141.3
2026-09-12 12:04:52 [info     ] algorithm2_scaling_decision    action=MAINTAIN alpha=0.060060060060060066 beta=0.0 buffer=1.0 current_replicas=3 predicted_load=45.65632061244409 required_resources=2.742 target_replicas=3
2026-09-12 12:04:52 [info     ] algorithm2_decision            action=MAINTAIN applied_target=3 current_replicas=3 hold_until=0.0 observed_load=45.66 observed_target=3 point_forecasts=None prediction_age_sec=None predictive_target=3 proactive=False scenario=s3-hybrid-reactive target_replicas=3 upper_forecasts=None
2026-09-12 12:04:52 [debug    ] Decision loop completed        action=MAINTAIN latency_ms=107.11 p99=141.29510489510488
2026-09-12 12:05:07 [debug    ] HAProxy fallback latency       delta_requests=822 interval_avg_ms=70.46 max_rtime_ms=169.0 p99_est=140.91
2026-09-12 12:05:07 [warning  ] Knative pre-warm non-200       status=404
2026-09-12 12:05:07 [info     ] controller_decision_v3         action=REACTIVE available_replicas=3 budget_remaining=1000 burn_adjustment=0 burst_ratio=0.082 capacity_deficit=False confidence=0 current_load=54.4118719501193 decision_id=ae2ff6eb k8s_capacity=49.9 k8s_weight=91 knative_weight=9 p99=140.9 predicted_load=0 r_effective=16.6 serverless_enabled=True total_load=54.4 weights_after={'k3s': 91, 'knative': 9} weights_before={'k3s': 100, 'knative': 0}
2026-09-12 12:05:07 [info     ] Weights updated                k3s=91 knative=9
2026-09-12 12:05:07 [info     ] Weights updated                action=REACTIVE reason='load=54RPS | k8s_cap=50RPS | (burst-routing)' weights={'k3s': 91, 'knative': 9}
2026-09-12 12:05:07 [info     ] algorithm2_scaling_decision    action=SCALE_UP alpha=0.060060060060060066 beta=0.0 buffer=1.0 current_replicas=3 predicted_load=50.86344631921936 required_resources=3.055 target_replicas=4
2026-09-12 12:05:07 [info     ] algorithm2_decision            action=SCALE_UP applied_target=4 current_replicas=3 hold_until=0.0 observed_load=50.86 observed_target=4 point_forecasts=None prediction_age_sec=None predictive_target=4 proactive=False scenario=s3-hybrid-reactive target_replicas=4 upper_forecasts=None
2026-09-12 12:05:07 [info     ] k8s_scale_executed             deployment=test-app-warm replicas=4
2026-09-12 12:05:07 [debug    ] Decision loop completed        action=REACTIVE latency_ms=134.31 p99=140.91240875912408
2026-09-12 12:05:22 [debug    ] HAProxy fallback latency       delta_requests=770 interval_avg_ms=63.31 max_rtime_ms=169.0 p99_est=126.62
2026-09-12 12:05:22 [info     ] controller_decision_v3         action=RECOVERY available_replicas=3 budget_remaining=1000 burn_adjustment=0 burst_ratio=0.0182 capacity_deficit=False confidence=0 current_load=50.87709566019604 decision_id=588ab4e7 k8s_capacity=49.9 k8s_weight=98 knative_weight=2 p99=126.6 predicted_load=0 r_effective=16.6 serverless_enabled=True total_load=50.9 weights_after={'k3s': 98, 'knative': 2} weights_before={'k3s': 91, 'knative': 9}
2026-09-12 12:05:22 [info     ] Weights updated                k3s=98 knative=2
2026-09-12 12:05:22 [info     ] Weights updated                action=RECOVERY reason='load=51RPS | k8s_cap=50RPS | (reducing-serverless)' weights={'k3s': 98, 'knative': 2}
2026-09-12 12:05:22 [info     ] algorithm2_scaling_decision    action=MAINTAIN alpha=0.060060060060060066 beta=0.0 buffer=1.0 current_replicas=4 predicted_load=52.64448380515767 required_resources=3.162 target_replicas=4
2026-09-12 12:05:22 [info     ] algorithm2_decision            action=MAINTAIN applied_target=4 current_replicas=4 hold_until=0.0 observed_load=52.64 observed_target=4 point_forecasts=None prediction_age_sec=None predictive_target=4 proactive=False scenario=s3-hybrid-reactive target_replicas=4 upper_forecasts=None
2026-09-12 12:05:22 [debug    ] Decision loop completed        action=RECOVERY latency_ms=138.93 p99=126.62077922077923
2026-09-12 12:05:37 [debug    ] HAProxy fallback latency       delta_requests=548 interval_avg_ms=67.0 max_rtime_ms=169.0 p99_est=134.0
2026-09-12 12:05:37 [info     ] controller_decision_v3         action=RECOVERY available_replicas=3 budget_remaining=1000 burn_adjustment=0 burst_ratio=0 capacity_deficit=False confidence=0 current_load=36.26264752474399 decision_id=c17c40f1 k8s_capacity=49.9 k8s_weight=100 knative_weight=0 p99=134.0 predicted_load=0 r_effective=16.6 serverless_enabled=False total_load=36.3 weights_after={'k3s': 100, 'knative': 0} weights_before={'k3s': 98, 'knative': 2}
2026-09-12 12:05:37 [info     ] Weights updated                k3s=100 knative=0
2026-09-12 12:05:37 [info     ] Weights updated                action=RECOVERY reason='load=36RPS | k8s_cap=50RPS | (reducing-serverless)' weights={'k3s': 100, 'knative': 0}
2026-09-12 12:05:37 [info     ] algorithm2_scaling_decision    action=MAINTAIN alpha=0.060060060060060066 beta=0.0 buffer=1.0 current_replicas=4 predicted_load=43.569871592470015 required_resources=2.617 target_replicas=3
2026-09-12 12:05:37 [info     ] algorithm2_decision            action=MAINTAIN applied_target=3 current_replicas=4 hold_until=0.0 observed_load=43.57 observed_target=3 point_forecasts=None prediction_age_sec=None predictive_target=3 proactive=False scenario=s3-hybrid-reactive target_replicas=3 upper_forecasts=None
2026-09-12 12:05:37 [debug    ] Decision loop completed        action=RECOVERY latency_ms=127.13 p99=134.0
2026-09-12 12:05:52 [debug    ] HAProxy fallback latency       delta_requests=411 interval_avg_ms=55.88 max_rtime_ms=169.0 p99_est=111.76
2026-09-12 12:05:52 [info     ] algorithm2_scaling_decision    action=MAINTAIN alpha=0.060060060060060066 beta=0.0 buffer=1.0 current_replicas=4 predicted_load=31.716431576273322 required_resources=1.905 target_replicas=3
2026-09-12 12:05:52 [info     ] algorithm2_decision            action=MAINTAIN applied_target=3 current_replicas=4 hold_until=0.0 observed_load=31.72 observed_target=3 point_forecasts=None prediction_age_sec=None predictive_target=3 proactive=False scenario=s3-hybrid-reactive target_replicas=3 upper_forecasts=None
2026-09-12 12:05:52 [debug    ] Decision loop completed        action=MAINTAIN latency_ms=95.54 p99=111.76155717761557
2026-09-12 12:06:07 [debug    ] HAProxy fallback latency       delta_requests=358 interval_avg_ms=52.23 max_rtime_ms=169.0 p99_est=104.47
2026-09-12 12:06:07 [info     ] algorithm2_scaling_decision    action=MAINTAIN alpha=0.060060060060060066 beta=0.0 buffer=1.0 current_replicas=4 predicted_load=25.442632932555085 required_resources=1.528 target_replicas=3
2026-09-12 12:06:07 [info     ] algorithm2_decision            action=MAINTAIN applied_target=3 current_replicas=4 hold_until=0.0 observed_load=25.44 observed_target=3 point_forecasts=None prediction_age_sec=None predictive_target=3 proactive=False scenario=s3-hybrid-reactive target_replicas=3 upper_forecasts=None
2026-09-12 12:06:07 [debug    ] Decision loop completed        action=MAINTAIN latency_ms=100.8 p99=104.46927374301676
2026-09-12 12:06:22 [debug    ] HAProxy fallback latency       delta_requests=483 interval_avg_ms=65.0 max_rtime_ms=169.0 p99_est=130.0
2026-09-12 12:06:22 [info     ] algorithm2_scaling_decision    action=MAINTAIN alpha=0.060060060060060066 beta=0.0 buffer=1.0 current_replicas=4 predicted_load=27.84957302019526 required_resources=1.673 target_replicas=3
2026-09-12 12:06:22 [info     ] algorithm2_decision            action=MAINTAIN applied_target=3 current_replicas=4 hold_until=0.0 observed_load=27.85 observed_target=3 point_forecasts=None prediction_age_sec=None predictive_target=3 proactive=False scenario=s3-hybrid-reactive target_replicas=3 upper_forecasts=None
2026-09-12 12:06:22 [debug    ] Decision loop completed        action=MAINTAIN latency_ms=100.86 p99=130.0
2026-09-12 12:06:37 [debug    ] HAProxy fallback latency       delta_requests=772 interval_avg_ms=73.01 max_rtime_ms=169.0 p99_est=146.02
2026-09-12 12:06:37 [info     ] Scale readiness observed       elapsed_sec=90.7 ewma_delay=69.2 samples=1 target=4
2026-09-12 12:06:37 [info     ] algorithm2_scaling_decision    action=MAINTAIN alpha=0.060060060060060066 beta=0.0 buffer=1.0 current_replicas=4 predicted_load=41.48687503030016 required_resources=2.492 target_replicas=3
2026-09-12 12:06:37 [info     ] algorithm2_decision            action=MAINTAIN applied_target=3 current_replicas=4 hold_until=0.0 observed_load=41.49 observed_target=3 point_forecasts=None prediction_age_sec=None predictive_target=3 proactive=False scenario=s3-hybrid-reactive target_replicas=3 upper_forecasts=None
2026-09-12 12:06:37 [debug    ] Decision loop completed        action=MAINTAIN latency_ms=118.37 p99=146.0181347150259
2026-09-12 12:06:52 [debug    ] HAProxy fallback latency       delta_requests=813 interval_avg_ms=66.0 max_rtime_ms=169.0 p99_est=132.0
2026-09-12 12:06:52 [info     ] algorithm2_scaling_decision    action=MAINTAIN alpha=0.060060060060060066 beta=0.0 buffer=1.0 current_replicas=4 predicted_load=52.41703861047378 required_resources=3.148 target_replicas=4
2026-09-12 12:06:52 [info     ] algorithm2_decision            action=MAINTAIN applied_target=4 current_replicas=4 hold_until=0.0 observed_load=52.42 observed_target=4 point_forecasts=None prediction_age_sec=None predictive_target=4 proactive=False scenario=s3-hybrid-reactive target_replicas=4 upper_forecasts=None
2026-09-12 12:06:52 [debug    ] Decision loop completed        action=MAINTAIN latency_ms=109.49 p99=132.0
2026-09-12 12:07:07 [debug    ] HAProxy fallback latency       delta_requests=638 interval_avg_ms=54.03 max_rtime_ms=169.0 p99_est=108.07
2026-09-12 12:07:08 [info     ] algorithm2_scaling_decision    action=MAINTAIN alpha=0.060060060060060066 beta=0.0 buffer=1.0 current_replicas=4 predicted_load=48.0674977526003 required_resources=2.887 target_replicas=3
2026-09-12 12:07:08 [info     ] algorithm2_decision            action=MAINTAIN applied_target=3 current_replicas=4 hold_until=0.0 observed_load=48.07 observed_target=3 point_forecasts=None prediction_age_sec=None predictive_target=3 proactive=False scenario=s3-hybrid-reactive target_replicas=3 upper_forecasts=None
2026-09-12 12:07:08 [debug    ] Decision loop completed        action=MAINTAIN latency_ms=112.0 p99=108.06896551724138
2026-09-12 12:07:23 [debug    ] HAProxy fallback latency       delta_requests=655 interval_avg_ms=65.0 max_rtime_ms=169.0 p99_est=130.0
2026-09-12 12:07:23 [info     ] algorithm2_scaling_decision    action=MAINTAIN alpha=0.060060060060060066 beta=0.0 buffer=1.0 current_replicas=4 predicted_load=42.817220008437666 required_resources=2.572 target_replicas=3
2026-09-12 12:07:23 [info     ] algorithm2_decision            action=MAINTAIN applied_target=3 current_replicas=4 hold_until=0.0 observed_load=42.82 observed_target=3 point_forecasts=None prediction_age_sec=None predictive_target=3 proactive=False scenario=s3-hybrid-reactive target_replicas=3 upper_forecasts=None
2026-09-12 12:07:23 [debug    ] Decision loop completed        action=MAINTAIN latency_ms=94.6 p99=130.0
2026-09-12 12:07:38 [debug    ] HAProxy fallback latency       delta_requests=830 interval_avg_ms=75.99 max_rtime_ms=169.0 p99_est=151.97
2026-09-12 12:07:38 [info     ] algorithm2_scaling_decision    action=MAINTAIN alpha=0.060060060060060066 beta=0.0 buffer=1.0 current_replicas=4 predicted_load=49.13104723731858 required_resources=2.951 target_replicas=3
2026-09-12 12:07:38 [info     ] algorithm2_decision            action=MAINTAIN applied_target=3 current_replicas=4 hold_until=0.0 observed_load=49.13 observed_target=3 point_forecasts=None prediction_age_sec=None predictive_target=3 proactive=False scenario=s3-hybrid-reactive target_replicas=3 upper_forecasts=None
2026-09-12 12:07:38 [debug    ] Decision loop completed        action=MAINTAIN latency_ms=98.01 p99=151.9734939759036
2026-09-12 12:07:53 [debug    ] HAProxy fallback latency       delta_requests=914 interval_avg_ms=55.02 max_rtime_ms=169.0 p99_est=110.05
2026-09-12 12:07:53 [info     ] algorithm2_scaling_decision    action=MAINTAIN alpha=0.060060060060060066 beta=0.0 buffer=1.0 current_replicas=4 predicted_load=57.72656157146065 required_resources=3.467 target_replicas=4
2026-09-12 12:07:53 [info     ] algorithm2_decision            action=MAINTAIN applied_target=4 current_replicas=4 hold_until=0.0 observed_load=57.73 observed_target=4 point_forecasts=None prediction_age_sec=None predictive_target=4 proactive=False scenario=s3-hybrid-reactive target_replicas=4 upper_forecasts=None
2026-09-12 12:07:53 [debug    ] Decision loop completed        action=MAINTAIN latency_ms=101.46 p99=110.04595185995623
2026-09-12 12:08:08 [debug    ] HAProxy fallback latency       delta_requests=930 interval_avg_ms=76.79 max_rtime_ms=209.0 p99_est=153.58
2026-09-12 12:08:08 [info     ] algorithm2_scaling_decision    action=MAINTAIN alpha=0.060060060060060066 beta=0.0 buffer=1.0 current_replicas=4 predicted_load=61.05918795621602 required_resources=3.667 target_replicas=4
2026-09-12 12:08:08 [info     ] algorithm2_decision            action=MAINTAIN applied_target=4 current_replicas=4 hold_until=0.0 observed_load=61.06 observed_target=4 point_forecasts=None prediction_age_sec=None predictive_target=4 proactive=False scenario=s3-hybrid-reactive target_replicas=4 upper_forecasts=None
2026-09-12 12:08:08 [debug    ] Decision loop completed        action=MAINTAIN latency_ms=103.02 p99=153.5763440860215
2026-09-12 12:08:23 [debug    ] HAProxy fallback latency       delta_requests=1003 interval_avg_ms=89.86 max_rtime_ms=209.0 p99_est=179.72
2026-09-12 12:08:23 [info     ] algorithm2_scaling_decision    action=MAINTAIN alpha=0.060060060060060066 beta=0.0 buffer=1.0 current_replicas=4 predicted_load=63.96425964409711 required_resources=3.842 target_replicas=4
2026-09-12 12:08:23 [info     ] algorithm2_decision            action=MAINTAIN applied_target=4 current_replicas=4 hold_until=0.0 observed_load=63.96 observed_target=4 point_forecasts=None prediction_age_sec=None predictive_target=4 proactive=False scenario=s3-hybrid-reactive target_replicas=4 upper_forecasts=None
2026-09-12 12:08:23 [debug    ] Decision loop completed        action=MAINTAIN latency_ms=101.23 p99=179.72083748753738
2026-09-12 12:08:38 [debug    ] HAProxy fallback latency       delta_requests=1116 interval_avg_ms=138.33 max_rtime_ms=231.0 p99_est=231.0
2026-09-12 12:08:38 [warning  ] Knative pre-warm non-200       status=404
2026-09-12 12:08:38 [info     ] controller_decision_v3         action=REACTIVE available_replicas=4 budget_remaining=999 burn_adjustment=0 burst_ratio=0.0988 capacity_deficit=False confidence=0 current_load=73.90078708947121 decision_id=60a687f7 k8s_capacity=66.6 k8s_weight=90 knative_weight=10 p99=231.0 predicted_load=0 r_effective=16.6 serverless_enabled=True total_load=73.9 weights_after={'k3s': 90, 'knative': 10} weights_before={'k3s': 100, 'knative': 0}
2026-09-12 12:08:38 [info     ] Weights updated                k3s=90 knative=10
2026-09-12 12:08:38 [info     ] Weights updated                action=REACTIVE reason='load=74RPS | k8s_cap=67RPS | (burst-routing)' weights={'k3s': 90, 'knative': 10}
2026-09-12 12:08:38 [info     ] algorithm2_scaling_decision    action=SCALE_UP alpha=0.060060060060060066 beta=0.0 buffer=1.0 current_replicas=4 predicted_load=70.12291330431125 required_resources=4.212 target_replicas=5
2026-09-12 12:08:38 [info     ] algorithm2_decision            action=SCALE_UP applied_target=5 current_replicas=4 hold_until=0.0 observed_load=70.12 observed_target=5 point_forecasts=None prediction_age_sec=None predictive_target=5 proactive=False scenario=s3-hybrid-reactive target_replicas=5 upper_forecasts=None
2026-09-12 12:08:38 [info     ] k8s_scale_executed             deployment=test-app-warm replicas=5
2026-09-12 12:08:38 [debug    ] Decision loop completed        action=REACTIVE latency_ms=131.32 p99=231.0
2026-09-12 12:08:53 [debug    ] HAProxy fallback latency       delta_requests=1273 interval_avg_ms=310.81 max_rtime_ms=346.0 p99_est=346.0
2026-09-12 12:08:53 [info     ] controller_decision_v3         action=RECOVERY available_replicas=5 budget_remaining=998 burn_adjustment=0 burst_ratio=0.0105 capacity_deficit=False confidence=0 current_load=84.13005716578077 decision_id=cf701bc0 k8s_capacity=83.2 k8s_weight=98 knative_weight=2 p99=346.0 predicted_load=0 r_effective=16.6 serverless_enabled=True total_load=84.1 weights_after={'k3s': 98, 'knative': 2} weights_before={'k3s': 90, 'knative': 10}
2026-09-12 12:08:53 [info     ] Weights updated                k3s=98 knative=2
2026-09-12 12:08:53 [info     ] Weights updated                action=RECOVERY reason='load=84RPS | k8s_cap=83RPS | (reducing-serverless)' weights={'k3s': 98, 'knative': 2}
2026-09-12 12:08:53 [info     ] Scale readiness observed       elapsed_sec=15.1 ewma_delay=53.0 samples=2 target=5
2026-09-12 12:08:53 [info     ] algorithm2_scaling_decision    action=MAINTAIN alpha=0.060060060060060066 beta=0.0 buffer=1.0 current_replicas=5 predicted_load=79.01542212762598 required_resources=4.746 target_replicas=5
2026-09-12 12:08:53 [info     ] algorithm2_decision            action=MAINTAIN applied_target=5 current_replicas=5 hold_until=0.0 observed_load=79.02 observed_target=5 point_forecasts=None prediction_age_sec=None predictive_target=5 proactive=False scenario=s3-hybrid-reactive target_replicas=5 upper_forecasts=None
2026-09-12 12:08:53 [debug    ] Decision loop completed        action=RECOVERY latency_ms=126.67 p99=346.0
2026-09-12 12:09:08 [debug    ] HAProxy fallback latency       delta_requests=1460 interval_avg_ms=506.62 max_rtime_ms=586.0 p99_est=586.0
2026-09-12 12:09:08 [info     ] controller_decision_v3         action=REACTIVE available_replicas=5 budget_remaining=997 burn_adjustment=0 burst_ratio=0.135 capacity_deficit=False confidence=0 current_load=96.24810610003725 decision_id=a56acf6d k8s_capacity=83.2 k8s_weight=86 knative_weight=14 p99=586.0 predicted_load=0 r_effective=16.6 serverless_enabled=True total_load=96.2 weights_after={'k3s': 86, 'knative': 14} weights_before={'k3s': 98, 'knative': 2}
2026-09-12 12:09:08 [info     ] Weights updated                k3s=86 knative=14
2026-09-12 12:09:08 [info     ] Weights updated                action=REACTIVE reason='load=96RPS | k8s_cap=83RPS | (burst-routing)' weights={'k3s': 86, 'knative': 14}
2026-09-12 12:09:09 [info     ] algorithm2_scaling_decision    action=SCALE_UP alpha=0.060060060060060066 beta=0.0 buffer=1.0 current_replicas=5 predicted_load=90.18908163290901 required_resources=5.417 target_replicas=6
2026-09-12 12:09:09 [info     ] algorithm2_decision            action=SCALE_UP applied_target=6 current_replicas=5 hold_until=0.0 observed_load=90.19 observed_target=6 point_forecasts=None prediction_age_sec=None predictive_target=6 proactive=False scenario=s3-hybrid-reactive target_replicas=6 upper_forecasts=None
2026-09-12 12:09:09 [info     ] k8s_scale_executed             deployment=test-app-warm replicas=6
2026-09-12 12:09:09 [debug    ] Decision loop completed        action=REACTIVE latency_ms=278.61 p99=586.0
2026-09-12 12:09:24 [debug    ] HAProxy fallback latency       delta_requests=1681 interval_avg_ms=112.18 max_rtime_ms=882.0 p99_est=224.37
2026-09-12 12:09:24 [info     ] controller_decision_v3         action=RECOVERY available_replicas=6 budget_remaining=996 burn_adjustment=0 burst_ratio=0.0936 capacity_deficit=False confidence=0 current_load=110.22175542991579 decision_id=0f39bbfa k8s_capacity=99.9 k8s_weight=90 knative_weight=10 p99=224.4 predicted_load=0 r_effective=16.6 serverless_enabled=True total_load=110.2 weights_after={'k3s': 90, 'knative': 10} weights_before={'k3s': 86, 'knative': 14}
2026-09-12 12:09:24 [info     ] Weights updated                k3s=90 knative=10
2026-09-12 12:09:24 [info     ] Weights updated                action=RECOVERY reason='load=110RPS | k8s_cap=100RPS | (reducing-serverless)' weights={'k3s': 90, 'knative': 10}
2026-09-12 12:09:24 [info     ] Scale readiness observed       elapsed_sec=15.1 ewma_delay=41.6 samples=3 target=6
2026-09-12 12:09:24 [info     ] algorithm2_scaling_decision    action=MAINTAIN alpha=0.060060060060060066 beta=0.0 buffer=1.0 current_replicas=6 predicted_load=103.23493076497653 required_resources=6.2 target_replicas=6
2026-09-12 12:09:24 [info     ] algorithm2_decision            action=MAINTAIN applied_target=6 current_replicas=6 hold_until=0.0 observed_load=103.23 observed_target=6 point_forecasts=None prediction_age_sec=None predictive_target=6 proactive=False scenario=s3-hybrid-reactive target_replicas=6 upper_forecasts=None
2026-09-12 12:09:24 [debug    ] Decision loop completed        action=RECOVERY latency_ms=124.62 p99=224.36763831052946
2026-09-12 12:09:39 [info     ] controller_decision_v3         action=REACTIVE available_replicas=6 budget_remaining=995 burn_adjustment=0 burst_ratio=0.2014 capacity_deficit=False confidence=0 current_load=125.09839856672298 decision_id=bf6f530b k8s_capacity=99.9 k8s_weight=79 knative_weight=21 p99=224.4 predicted_load=0 r_effective=16.6 serverless_enabled=True total_load=125.1 weights_after={'k3s': 79, 'knative': 21} weights_before={'k3s': 90, 'knative': 10}
2026-09-12 12:09:39 [info     ] Weights updated                k3s=79 knative=21
2026-09-12 12:09:39 [info     ] Weights updated                action=REACTIVE reason='load=125RPS | k8s_cap=100RPS | (burst-routing)' weights={'k3s': 79, 'knative': 21}
2026-09-12 12:09:39 [info     ] algorithm2_scaling_decision    action=MAINTAIN alpha=0.060060060060060066 beta=0.0 buffer=1.0 current_replicas=6 predicted_load=117.66007699831938 required_resources=7.067 target_replicas=6
2026-09-12 12:09:39 [info     ] algorithm2_decision            action=MAINTAIN applied_target=6 current_replicas=6 hold_until=0.0 observed_load=117.66 observed_target=6 point_forecasts=None prediction_age_sec=None predictive_target=6 proactive=False scenario=s3-hybrid-reactive target_replicas=6 upper_forecasts=None
2026-09-12 12:09:39 [debug    ] Decision loop completed        action=REACTIVE latency_ms=100.13 p99=224.36763831052946
2026-09-12 12:09:54 [info     ] controller_decision_v3         action=RECOVERY available_replicas=6 budget_remaining=994 burn_adjustment=0 burst_ratio=0.1224 capacity_deficit=False confidence=0 current_load=113.83563221566664 decision_id=f76d1aa7 k8s_capacity=99.9 k8s_weight=87 knative_weight=13 p99=224.4 predicted_load=0 r_effective=16.6 serverless_enabled=True total_load=113.8 weights_after={'k3s': 87, 'knative': 13} weights_before={'k3s': 79, 'knative': 21}
2026-09-12 12:09:54 [info     ] Weights updated                k3s=87 knative=13
2026-09-12 12:09:54 [info     ] Weights updated                action=RECOVERY reason='load=114RPS | k8s_cap=100RPS | (reducing-serverless)' weights={'k3s': 87, 'knative': 13}
2026-09-12 12:09:54 [info     ] algorithm2_scaling_decision    action=MAINTAIN alpha=0.060060060060060066 beta=0.0 buffer=1.0 current_replicas=6 predicted_load=119.4670153911948 required_resources=7.175 target_replicas=6
2026-09-12 12:09:54 [info     ] algorithm2_decision            action=MAINTAIN applied_target=6 current_replicas=6 hold_until=0.0 observed_load=119.47 observed_target=6 point_forecasts=None prediction_age_sec=None predictive_target=6 proactive=False scenario=s3-hybrid-reactive target_replicas=6 upper_forecasts=None
2026-09-12 12:09:54 [debug    ] Decision loop completed        action=RECOVERY latency_ms=133.35 p99=224.36763831052946
2026-09-12 12:10:09 [debug    ] HAProxy fallback latency       delta_requests=1314 interval_avg_ms=17.81 max_rtime_ms=882.0 p99_est=35.63
2026-09-12 12:10:09 [info     ] controller_decision_v3         action=RECOVERY available_replicas=6 budget_remaining=994 burn_adjustment=0 burst_ratio=0 capacity_deficit=False confidence=0 current_load=86.82588554498392 decision_id=6471f017 k8s_capacity=99.9 k8s_weight=100 knative_weight=0 p99=35.6 predicted_load=0 r_effective=16.6 serverless_enabled=False total_load=86.8 weights_after={'k3s': 100, 'knative': 0} weights_before={'k3s': 87, 'knative': 13}
2026-09-12 12:10:09 [info     ] Weights updated                k3s=100 knative=0
2026-09-12 12:10:09 [info     ] Weights updated                action=RECOVERY reason='load=87RPS | k8s_cap=100RPS | (reducing-serverless)' weights={'k3s': 100, 'knative': 0}
2026-09-12 12:10:09 [info     ] algorithm2_scaling_decision    action=MAINTAIN alpha=0.060060060060060066 beta=0.0 buffer=1.0 current_replicas=6 predicted_load=100.33075888032528 required_resources=6.026 target_replicas=6
2026-09-12 12:10:09 [info     ] algorithm2_decision            action=MAINTAIN applied_target=6 current_replicas=6 hold_until=0.0 observed_load=100.33 observed_target=6 point_forecasts=None prediction_age_sec=None predictive_target=6 proactive=False scenario=s3-hybrid-reactive target_replicas=6 upper_forecasts=None
2026-09-12 12:10:09 [debug    ] Decision loop completed        action=RECOVERY latency_ms=127.56 p99=35.62557077625571
2026-09-12 12:10:24 [debug    ] HAProxy fallback latency       delta_requests=1130 interval_avg_ms=45.16 max_rtime_ms=882.0 p99_est=90.32
2026-09-12 12:10:24 [info     ] algorithm2_scaling_decision    action=MAINTAIN alpha=0.060060060060060066 beta=0.0 buffer=1.0 current_replicas=6 predicted_load=80.76311828877644 required_resources=4.851 target_replicas=5
2026-09-12 12:10:24 [info     ] algorithm2_decision            action=MAINTAIN applied_target=5 current_replicas=6 hold_until=0.0 observed_load=80.76 observed_target=5 point_forecasts=None prediction_age_sec=None predictive_target=5 proactive=False scenario=s3-hybrid-reactive target_replicas=5 upper_forecasts=None
2026-09-12 12:10:24 [debug    ] Decision loop completed        action=MAINTAIN latency_ms=100.8 p99=90.31858407079646
2026-09-12 12:10:39 [debug    ] HAProxy fallback latency       delta_requests=1073 interval_avg_ms=65.0 max_rtime_ms=882.0 p99_est=130.0
2026-09-12 12:10:39 [info     ] algorithm2_scaling_decision    action=MAINTAIN alpha=0.060060060060060066 beta=0.0 buffer=1.0 current_replicas=6 predicted_load=72.90879907685205 required_resources=4.379 target_replicas=5
2026-09-12 12:10:39 [info     ] algorithm2_decision            action=MAINTAIN applied_target=5 current_replicas=6 hold_until=0.0 observed_load=72.91 observed_target=5 point_forecasts=None prediction_age_sec=None predictive_target=5 proactive=False scenario=s3-hybrid-reactive target_replicas=5 upper_forecasts=None
2026-09-12 12:10:39 [debug    ] Decision loop completed        action=MAINTAIN latency_ms=96.04 p99=130.0
2026-09-12 12:10:54 [debug    ] HAProxy fallback latency       delta_requests=946 interval_avg_ms=37.97 max_rtime_ms=882.0 p99_est=75.94
2026-09-12 12:10:54 [info     ] algorithm2_scaling_decision    action=MAINTAIN alpha=0.060060060060060066 beta=0.0 buffer=1.0 current_replicas=6 predicted_load=66.8921069879924 required_resources=4.018 target_replicas=5
2026-09-12 12:10:54 [info     ] algorithm2_decision            action=MAINTAIN applied_target=5 current_replicas=6 hold_until=0.0 observed_load=66.89 observed_target=5 point_forecasts=None prediction_age_sec=None predictive_target=5 proactive=False scenario=s3-hybrid-reactive target_replicas=5 upper_forecasts=None
2026-09-12 12:10:54 [debug    ] Decision loop completed        action=MAINTAIN latency_ms=99.95 p99=75.94291754756871
2026-09-12 12:11:09 [debug    ] HAProxy fallback latency       delta_requests=792 interval_avg_ms=97.28 max_rtime_ms=882.0 p99_est=194.57
2026-09-12 12:11:09 [info     ] algorithm2_scaling_decision    action=SCALE_DOWN alpha=0.060060060060060066 beta=0.0 buffer=1.0 current_replicas=6 predicted_load=57.55840568079488 required_resources=3.457 target_replicas=4
2026-09-12 12:11:09 [info     ] algorithm2_decision            action=SCALE_DOWN applied_target=4 current_replicas=6 hold_until=0.0 observed_load=57.56 observed_target=4 point_forecasts=None prediction_age_sec=None predictive_target=4 proactive=False scenario=s3-hybrid-reactive target_replicas=4 upper_forecasts=None
2026-09-12 12:11:09 [debug    ] Decision loop completed        action=MAINTAIN latency_ms=97.64 p99=194.5681818181818
2026-09-12 12:11:24 [debug    ] HAProxy fallback latency       delta_requests=1194 interval_avg_ms=88.08 max_rtime_ms=882.0 p99_est=176.16
2026-09-12 12:11:25 [info     ] algorithm2_scaling_decision    action=SCALE_DOWN alpha=0.060060060060060066 beta=0.0 buffer=1.0 current_replicas=6 predicted_load=65.70306305883645 required_resources=3.946 target_replicas=4
2026-09-12 12:11:25 [info     ] algorithm2_decision            action=SCALE_DOWN applied_target=4 current_replicas=6 hold_until=0.0 observed_load=65.7 observed_target=4 point_forecasts=None prediction_age_sec=None predictive_target=4 proactive=False scenario=s3-hybrid-reactive target_replicas=4 upper_forecasts=None
2026-09-12 12:11:25 [debug    ] Decision loop completed        action=MAINTAIN latency_ms=97.99 p99=176.15577889447235
2026-09-12 12:11:40 [debug    ] HAProxy fallback latency       delta_requests=1865 interval_avg_ms=586.57 max_rtime_ms=882.0 p99_est=882.0
2026-09-12 12:11:40 [warning  ] Knative pre-warm non-200       status=404
2026-09-12 12:11:40 [info     ] controller_decision_v3         action=REACTIVE available_replicas=6 budget_remaining=993 burn_adjustment=0 burst_ratio=0.1908 capacity_deficit=False confidence=0 current_load=123.45553175790933 decision_id=752ff767 k8s_capacity=99.9 k8s_weight=80 knative_weight=20 p99=882.0 predicted_load=0 r_effective=16.6 serverless_enabled=True total_load=123.5 weights_after={'k3s': 80, 'knative': 20} weights_before={'k3s': 100, 'knative': 0}
2026-09-12 12:11:40 [info     ] Weights updated                k3s=80 knative=20
2026-09-12 12:11:40 [info     ] Weights updated                action=REACTIVE reason='load=123RPS | k8s_cap=100RPS | (burst-routing)' weights={'k3s': 80, 'knative': 20}
2026-09-12 12:11:40 [info     ] algorithm2_scaling_decision    action=MAINTAIN alpha=0.060060060060060066 beta=0.0 buffer=1.0 current_replicas=6 predicted_load=101.20590668442108 required_resources=6.078 target_replicas=6
2026-09-12 12:11:40 [info     ] algorithm2_decision            action=MAINTAIN applied_target=6 current_replicas=6 hold_until=0.0 observed_load=101.21 observed_target=6 point_forecasts=None prediction_age_sec=None predictive_target=6 proactive=False scenario=s3-hybrid-reactive target_replicas=6 upper_forecasts=None
2026-09-12 12:11:40 [debug    ] Decision loop completed        action=REACTIVE latency_ms=101.77 p99=882.0
2026-09-12 12:11:55 [info     ] controller_decision_v3         action=RECOVERY available_replicas=6 budget_remaining=992 burn_adjustment=0 burst_ratio=0.1719 capacity_deficit=False confidence=0 current_load=120.63605434788649 decision_id=d3f9d7ba k8s_capacity=99.9 k8s_weight=82 knative_weight=18 p99=882.0 predicted_load=0 r_effective=16.6 serverless_enabled=True total_load=120.6 weights_after={'k3s': 82, 'knative': 18} weights_before={'k3s': 80, 'knative': 20}
2026-09-12 12:11:55 [info     ] Weights updated                k3s=82 knative=18
2026-09-12 12:11:55 [info     ] Weights updated                action=RECOVERY reason='load=121RPS | k8s_cap=100RPS | (reducing-serverless)' weights={'k3s': 82, 'knative': 18}
2026-09-12 12:11:55 [info     ] algorithm2_scaling_decision    action=MAINTAIN alpha=0.060060060060060066 beta=0.0 buffer=1.0 current_replicas=6 predicted_load=122.0457930528979 required_resources=7.33 target_replicas=6
2026-09-12 12:11:55 [info     ] algorithm2_decision            action=MAINTAIN applied_target=6 current_replicas=6 hold_until=0.0 observed_load=122.05 observed_target=6 point_forecasts=None prediction_age_sec=None predictive_target=6 proactive=False scenario=s3-hybrid-reactive target_replicas=6 upper_forecasts=None
2026-09-12 12:11:55 [debug    ] Decision loop completed        action=RECOVERY latency_ms=136.0 p99=882.0
2026-09-12 12:12:10 [debug    ] HAProxy fallback latency       delta_requests=1426 interval_avg_ms=22.18 max_rtime_ms=882.0 p99_est=44.37
2026-09-12 12:12:10 [info     ] controller_decision_v3         action=RECOVERY available_replicas=6 budget_remaining=992 burn_adjustment=0 burst_ratio=0 capacity_deficit=False confidence=0 current_load=94.34664835474943 decision_id=850b7242 k8s_capacity=99.9 k8s_weight=100 knative_weight=0 p99=44.4 predicted_load=0 r_effective=16.6 serverless_enabled=False total_load=94.3 weights_after={'k3s': 100, 'knative': 0} weights_before={'k3s': 82, 'knative': 18}
2026-09-12 12:12:10 [info     ] Weights updated                k3s=100 knative=0
2026-09-12 12:12:10 [info     ] Weights updated                action=RECOVERY reason='load=94RPS | k8s_cap=100RPS | (reducing-serverless)' weights={'k3s': 100, 'knative': 0}
2026-09-12 12:12:10 [info     ] algorithm2_scaling_decision    action=MAINTAIN alpha=0.060060060060060066 beta=0.0 buffer=1.0 current_replicas=6 predicted_load=107.49135135131796 required_resources=6.456 target_replicas=6
2026-09-12 12:12:10 [info     ] algorithm2_decision            action=MAINTAIN applied_target=6 current_replicas=6 hold_until=0.0 observed_load=107.49 observed_target=6 point_forecasts=None prediction_age_sec=None predictive_target=6 proactive=False scenario=s3-hybrid-reactive target_replicas=6 upper_forecasts=None
2026-09-12 12:12:10 [debug    ] Decision loop completed        action=RECOVERY latency_ms=129.97 p99=44.367461430575034
2026-09-12 12:12:25 [debug    ] HAProxy fallback latency       delta_requests=1231 interval_avg_ms=66.0 max_rtime_ms=882.0 p99_est=132.0
2026-09-12 12:12:25 [info     ] algorithm2_scaling_decision    action=MAINTAIN alpha=0.060060060060060066 beta=0.0 buffer=1.0 current_replicas=6 predicted_load=87.85525152873552 required_resources=5.277 target_replicas=6
2026-09-12 12:12:25 [info     ] algorithm2_decision            action=MAINTAIN applied_target=6 current_replicas=6 hold_until=0.0 observed_load=87.86 observed_target=6 point_forecasts=None prediction_age_sec=None predictive_target=6 proactive=False scenario=s3-hybrid-reactive target_replicas=6 upper_forecasts=None
2026-09-12 12:12:25 [debug    ] Decision loop completed        action=MAINTAIN latency_ms=92.8 p99=132.0
2026-09-12 12:12:40 [debug    ] HAProxy fallback latency       delta_requests=1145 interval_avg_ms=35.39 max_rtime_ms=882.0 p99_est=70.79
2026-09-12 12:12:40 [info     ] algorithm2_scaling_decision    action=MAINTAIN alpha=0.060060060060060066 beta=0.0 buffer=1.0 current_replicas=6 predicted_load=78.5797007179449 required_resources=4.72 target_replicas=5
2026-09-12 12:12:40 [info     ] algorithm2_decision            action=MAINTAIN applied_target=5 current_replicas=6 hold_until=0.0 observed_load=78.58 observed_target=5 point_forecasts=None prediction_age_sec=None predictive_target=5 proactive=False scenario=s3-hybrid-reactive target_replicas=5 upper_forecasts=None
2026-09-12 12:12:40 [debug    ] Decision loop completed        action=MAINTAIN latency_ms=100.98 p99=70.78951965065502
2026-09-12 12:12:55 [debug    ] HAProxy fallback latency       delta_requests=1481 interval_avg_ms=138.99 max_rtime_ms=882.0 p99_est=277.97
2026-09-12 12:12:55 [info     ] algorithm2_scaling_decision    action=MAINTAIN alpha=0.060060060060060066 beta=0.0 buffer=1.0 current_replicas=6 predicted_load=86.9011341501213 required_resources=5.219 target_replicas=6
2026-09-12 12:12:55 [info     ] algorithm2_decision            action=MAINTAIN applied_target=6 current_replicas=6 hold_until=0.0 observed_load=86.9 observed_target=6 point_forecasts=None prediction_age_sec=None predictive_target=6 proactive=False scenario=s3-hybrid-reactive target_replicas=6 upper_forecasts=None
2026-09-12 12:12:55 [debug    ] Decision loop completed        action=MAINTAIN latency_ms=105.17 p99=277.9702903443619
2026-09-12 12:13:10 [debug    ] HAProxy fallback latency       delta_requests=1997 interval_avg_ms=1784.76 max_rtime_ms=882.0 p99_est=882.0
2026-09-12 12:13:10 [warning  ] Knative pre-warm non-200       status=404
2026-09-12 12:13:10 [info     ] controller_decision_v3         action=REACTIVE available_replicas=6 budget_remaining=990 burn_adjustment=0 burst_ratio=0.244 capacity_deficit=False confidence=0 current_load=132.13587460020474 decision_id=aca7f7a0 k8s_capacity=99.9 k8s_weight=75 knative_weight=25 p99=882.0 predicted_load=0 r_effective=16.6 serverless_enabled=True total_load=132.1 weights_after={'k3s': 75, 'knative': 25} weights_before={'k3s': 100, 'knative': 0}
2026-09-12 12:13:10 [info     ] Weights updated                k3s=75 knative=25
2026-09-12 12:13:10 [info     ] Weights updated                action=REACTIVE reason='load=132RPS | k8s_cap=100RPS | (burst-routing)' weights={'k3s': 75, 'knative': 25}
2026-09-12 12:13:10 [info     ] algorithm2_scaling_decision    action=MAINTAIN alpha=0.060060060060060066 beta=0.0 buffer=1.0 current_replicas=6 predicted_load=115.07129808363956 required_resources=6.911 target_replicas=6
2026-09-12 12:13:10 [info     ] algorithm2_decision            action=MAINTAIN applied_target=6 current_replicas=6 hold_until=0.0 observed_load=115.07 observed_target=6 point_forecasts=None prediction_age_sec=None predictive_target=6 proactive=False scenario=s3-hybrid-reactive target_replicas=6 upper_forecasts=None
2026-09-12 12:13:10 [debug    ] Decision loop completed        action=REACTIVE latency_ms=102.84 p99=882.0
2026-09-12 12:13:25 [info     ] controller_decision_v3         action=REACTIVE available_replicas=6 budget_remaining=989 burn_adjustment=0 burst_ratio=0.3345 capacity_deficit=False confidence=0 current_load=150.10963169170412 decision_id=31e3d2c9 k8s_capacity=99.9 k8s_weight=66 knative_weight=34 p99=882.0 predicted_load=0 r_effective=16.6 serverless_enabled=True total_load=150.1 weights_after={'k3s': 66, 'knative': 34} weights_before={'k3s': 75, 'knative': 25}
2026-09-12 12:13:25 [info     ] Weights updated                k3s=66 knative=34
2026-09-12 12:13:25 [info     ] Weights updated                action=REACTIVE reason='load=150RPS | k8s_cap=100RPS | (burst-routing)' weights={'k3s': 66, 'knative': 34}
2026-09-12 12:13:25 [info     ] algorithm2_scaling_decision    action=MAINTAIN alpha=0.060060060060060066 beta=0.0 buffer=1.0 current_replicas=6 predicted_load=141.12275314595445 required_resources=8.476 target_replicas=6
2026-09-12 12:13:25 [info     ] algorithm2_decision            action=MAINTAIN applied_target=6 current_replicas=6 hold_until=0.0 observed_load=141.12 observed_target=6 point_forecasts=None prediction_age_sec=None predictive_target=6 proactive=False scenario=s3-hybrid-reactive target_replicas=6 upper_forecasts=None
2026-09-12 12:13:25 [debug    ] Decision loop completed        action=REACTIVE latency_ms=99.95 p99=882.0
2026-09-12 12:13:40 [debug    ] HAProxy fallback latency       delta_requests=2418 interval_avg_ms=1.53 max_rtime_ms=882.0 p99_est=3.05
2026-09-12 12:13:40 [info     ] controller_decision_v3         action=REACTIVE available_replicas=6 budget_remaining=989 burn_adjustment=0 burst_ratio=0.3761 capacity_deficit=False confidence=0 current_load=160.13240077487592 decision_id=76ff0192 k8s_capacity=99.9 k8s_weight=62 knative_weight=38 p99=3.1 predicted_load=0 r_effective=16.6 serverless_enabled=True total_load=160.1 weights_after={'k3s': 62, 'knative': 38} weights_before={'k3s': 66, 'knative': 34}
2026-09-12 12:13:40 [info     ] Weights updated                k3s=62 knative=38
2026-09-12 12:13:40 [info     ] Weights updated                action=REACTIVE reason='load=160RPS | k8s_cap=100RPS | (burst-routing)' weights={'k3s': 62, 'knative': 38}
2026-09-12 12:13:41 [info     ] algorithm2_scaling_decision    action=MAINTAIN alpha=0.060060060060060066 beta=0.0 buffer=1.0 current_replicas=6 predicted_load=155.12101623329002 required_resources=9.317 target_replicas=6
2026-09-12 12:13:41 [info     ] algorithm2_decision            action=MAINTAIN applied_target=6 current_replicas=6 hold_until=0.0 observed_load=155.12 observed_target=6 point_forecasts=None prediction_age_sec=None predictive_target=6 proactive=False scenario=s3-hybrid-reactive target_replicas=6 upper_forecasts=None
2026-09-12 12:13:41 [debug    ] Decision loop completed        action=REACTIVE latency_ms=99.71 p99=3.0521091811414394
2026-09-12 12:13:56 [debug    ] HAProxy fallback latency       delta_requests=2203 interval_avg_ms=48.39 max_rtime_ms=882.0 p99_est=96.78
2026-09-12 12:13:56 [info     ] controller_decision_v3         action=RECOVERY available_replicas=6 budget_remaining=989 burn_adjustment=0 burst_ratio=0.3155 capacity_deficit=False confidence=0 current_load=145.9553295108075 decision_id=53f93487 k8s_capacity=99.9 k8s_weight=68 knative_weight=32 p99=96.8 predicted_load=0 r_effective=16.6 serverless_enabled=True total_load=146.0 weights_after={'k3s': 68, 'knative': 32} weights_before={'k3s': 62, 'knative': 38}
2026-09-12 12:13:56 [info     ] Weights updated                k3s=68 knative=32
2026-09-12 12:13:56 [info     ] Weights updated                action=RECOVERY reason='load=146RPS | k8s_cap=100RPS | (reducing-serverless)' weights={'k3s': 68, 'knative': 32}
2026-09-12 12:13:56 [info     ] algorithm2_scaling_decision    action=MAINTAIN alpha=0.060060060060060066 beta=0.0 buffer=1.0 current_replicas=6 predicted_load=153.0438651428417 required_resources=9.192 target_replicas=6
2026-09-12 12:13:56 [info     ] algorithm2_decision            action=MAINTAIN applied_target=6 current_replicas=6 hold_until=0.0 observed_load=153.04 observed_target=6 point_forecasts=None prediction_age_sec=None predictive_target=6 proactive=False scenario=s3-hybrid-reactive target_replicas=6 upper_forecasts=None
2026-09-12 12:13:56 [debug    ] Decision loop completed        action=RECOVERY latency_ms=129.25 p99=96.77530640036314
2026-09-12 12:14:11 [info     ] controller_decision_v3         action=RECOVERY available_replicas=6 budget_remaining=989 burn_adjustment=0 burst_ratio=0.1857 capacity_deficit=False confidence=0 current_load=122.67694128156927 decision_id=b1af0629 k8s_capacity=99.9 k8s_weight=81 knative_weight=19 p99=96.8 predicted_load=0 r_effective=16.6 serverless_enabled=True total_load=122.7 weights_after={'k3s': 81, 'knative': 19} weights_before={'k3s': 68, 'knative': 32}
2026-09-12 12:14:11 [info     ] Weights updated                k3s=81 knative=19
2026-09-12 12:14:11 [info     ] Weights updated                action=RECOVERY reason='load=123RPS | k8s_cap=100RPS | (reducing-serverless)' weights={'k3s': 81, 'knative': 19}
2026-09-12 12:14:11 [info     ] algorithm2_scaling_decision    action=MAINTAIN alpha=0.060060060060060066 beta=0.0 buffer=1.0 current_replicas=6 predicted_load=134.31613539618837 required_resources=8.067 target_replicas=6
2026-09-12 12:14:11 [info     ] algorithm2_decision            action=MAINTAIN applied_target=6 current_replicas=6 hold_until=0.0 observed_load=134.32 observed_target=6 point_forecasts=None prediction_age_sec=None predictive_target=6 proactive=False scenario=s3-hybrid-reactive target_replicas=6 upper_forecasts=None
2026-09-12 12:14:11 [debug    ] Decision loop completed        action=RECOVERY latency_ms=130.53 p99=96.77530640036314
2026-09-12 12:14:26 [debug    ] HAProxy fallback latency       delta_requests=1784 interval_avg_ms=587.38 max_rtime_ms=882.0 p99_est=882.0
2026-09-12 12:14:26 [info     ] controller_decision_v3         action=RECOVERY available_replicas=6 budget_remaining=988 burn_adjustment=0 burst_ratio=0.1527 capacity_deficit=False confidence=0 current_load=117.9078567095815 decision_id=867ca9f2 k8s_capacity=99.9 k8s_weight=84 knative_weight=16 p99=882.0 predicted_load=0 r_effective=16.6 serverless_enabled=True total_load=117.9 weights_after={'k3s': 84, 'knative': 16} weights_before={'k3s': 81, 'knative': 19}
2026-09-12 12:14:26 [info     ] Weights updated                k3s=84 knative=16
2026-09-12 12:14:26 [info     ] Weights updated                action=RECOVERY reason='load=118RPS | k8s_cap=100RPS | (reducing-serverless)' weights={'k3s': 84, 'knative': 16}
2026-09-12 12:14:26 [info     ] algorithm2_scaling_decision    action=MAINTAIN alpha=0.060060060060060066 beta=0.0 buffer=1.0 current_replicas=6 predicted_load=120.29239899557538 required_resources=7.225 target_replicas=6
2026-09-12 12:14:26 [info     ] algorithm2_decision            action=MAINTAIN applied_target=6 current_replicas=6 hold_until=0.0 observed_load=120.29 observed_target=6 point_forecasts=None prediction_age_sec=None predictive_target=6 proactive=False scenario=s3-hybrid-reactive target_replicas=6 upper_forecasts=None
2026-09-12 12:14:26 [debug    ] Decision loop completed        action=RECOVERY latency_ms=122.68 p99=882.0
2026-09-12 12:14:41 [debug    ] HAProxy fallback latency       delta_requests=1819 interval_avg_ms=559.4 max_rtime_ms=882.0 p99_est=882.0
2026-09-12 12:14:41 [info     ] controller_decision_v3         action=REACTIVE available_replicas=6 budget_remaining=987 burn_adjustment=0 burst_ratio=0.1695 capacity_deficit=False confidence=0 current_load=120.2832090533534 decision_id=95d941ef k8s_capacity=99.9 k8s_weight=83 knative_weight=17 p99=882.0 predicted_load=0 r_effective=16.6 serverless_enabled=True total_load=120.3 weights_after={'k3s': 83, 'knative': 17} weights_before={'k3s': 84, 'knative': 16}
2026-09-12 12:14:41 [info     ] Weights updated                k3s=83 knative=17
2026-09-12 12:14:41 [info     ] Weights updated                action=REACTIVE reason='load=120RPS | k8s_cap=100RPS | (burst-routing)' weights={'k3s': 83, 'knative': 17}
2026-09-12 12:14:41 [info     ] algorithm2_scaling_decision    action=MAINTAIN alpha=0.060060060060060066 beta=0.0 buffer=1.0 current_replicas=6 predicted_load=119.09553288146745 required_resources=7.153 target_replicas=6
2026-09-12 12:14:41 [info     ] algorithm2_decision            action=MAINTAIN applied_target=6 current_replicas=6 hold_until=0.0 observed_load=119.1 observed_target=6 point_forecasts=None prediction_age_sec=None predictive_target=6 proactive=False scenario=s3-hybrid-reactive target_replicas=6 upper_forecasts=None
2026-09-12 12:14:41 [debug    ] Decision loop completed        action=REACTIVE latency_ms=94.86 p99=882.0
2026-09-12 12:14:56 [info     ] algorithm2_scaling_decision    action=MAINTAIN alpha=0.060060060060060066 beta=0.0 buffer=1.0 current_replicas=6 predicted_load=120.25928531804342 required_resources=7.223 target_replicas=6
2026-09-12 12:14:56 [info     ] algorithm2_decision            action=MAINTAIN applied_target=6 current_replicas=6 hold_until=0.0 observed_load=120.26 observed_target=6 point_forecasts=None prediction_age_sec=None predictive_target=6 proactive=False scenario=s3-hybrid-reactive target_replicas=6 upper_forecasts=None
2026-09-12 12:14:56 [debug    ] Decision loop completed        action=MAINTAIN latency_ms=97.48 p99=882.0
2026-09-12 12:15:11 [debug    ] HAProxy fallback latency       delta_requests=1787 interval_avg_ms=532.22 max_rtime_ms=882.0 p99_est=882.0
2026-09-12 12:15:11 [info     ] controller_decision_v3         action=RECOVERY available_replicas=6 budget_remaining=985 burn_adjustment=0 burst_ratio=0.156 capacity_deficit=False confidence=0 current_load=118.36131641249686 decision_id=82ba5dcb k8s_capacity=99.9 k8s_weight=84 knative_weight=16 p99=882.0 predicted_load=0 r_effective=16.6 serverless_enabled=True total_load=118.4 weights_after={'k3s': 84, 'knative': 16} weights_before={'k3s': 83, 'knative': 17}
2026-09-12 12:15:11 [info     ] Weights updated                k3s=84 knative=16
2026-09-12 12:15:11 [info     ] Weights updated                action=RECOVERY reason='load=118RPS | k8s_cap=100RPS | (reducing-serverless)' weights={'k3s': 84, 'knative': 16}
2026-09-12 12:15:11 [info     ] algorithm2_scaling_decision    action=MAINTAIN alpha=0.060060060060060066 beta=0.0 buffer=1.0 current_replicas=6 predicted_load=119.29833899761516 required_resources=7.165 target_replicas=6
2026-09-12 12:15:11 [info     ] algorithm2_decision            action=MAINTAIN applied_target=6 current_replicas=6 hold_until=0.0 observed_load=119.3 observed_target=6 point_forecasts=None prediction_age_sec=None predictive_target=6 proactive=False scenario=s3-hybrid-reactive target_replicas=6 upper_forecasts=None
2026-09-12 12:15:11 [debug    ] Decision loop completed        action=RECOVERY latency_ms=130.1 p99=882.0
2026-09-12 12:15:26 [info     ] controller_decision_v3         action=RECOVERY available_replicas=6 budget_remaining=984 burn_adjustment=0 burst_ratio=0.0311 capacity_deficit=False confidence=0 current_load=103.10587090935427 decision_id=72c5e967 k8s_capacity=99.9 k8s_weight=96 knative_weight=4 p99=882.0 predicted_load=0 r_effective=16.6 serverless_enabled=True total_load=103.1 weights_after={'k3s': 96, 'knative': 4} weights_before={'k3s': 84, 'knative': 16}
2026-09-12 12:15:26 [info     ] Weights updated                k3s=96 knative=4
2026-09-12 12:15:26 [info     ] Weights updated                action=RECOVERY reason='load=103RPS | k8s_cap=100RPS | (reducing-serverless)' weights={'k3s': 96, 'knative': 4}
2026-09-12 12:15:26 [info     ] algorithm2_scaling_decision    action=MAINTAIN alpha=0.060060060060060066 beta=0.0 buffer=1.0 current_replicas=6 predicted_load=110.73359366092556 required_resources=6.651 target_replicas=6
2026-09-12 12:15:26 [info     ] algorithm2_decision            action=MAINTAIN applied_target=6 current_replicas=6 hold_until=0.0 observed_load=110.73 observed_target=6 point_forecasts=None prediction_age_sec=None predictive_target=6 proactive=False scenario=s3-hybrid-reactive target_replicas=6 upper_forecasts=None
2026-09-12 12:15:26 [debug    ] Decision loop completed        action=RECOVERY latency_ms=196.45 p99=882.0
2026-09-12 12:15:41 [info     ] controller_decision_v3         action=RECOVERY available_replicas=6 budget_remaining=983 burn_adjustment=0 burst_ratio=0 capacity_deficit=False confidence=0 current_load=83.50847559981145 decision_id=315e208f k8s_capacity=99.9 k8s_weight=100 knative_weight=0 p99=882.0 predicted_load=0 r_effective=16.6 serverless_enabled=False total_load=83.5 weights_after={'k3s': 100, 'knative': 0} weights_before={'k3s': 96, 'knative': 4}
2026-09-12 12:15:42 [info     ] Weights updated                k3s=100 knative=0
2026-09-12 12:15:42 [info     ] Weights updated                action=RECOVERY reason='load=84RPS | k8s_cap=100RPS | (reducing-serverless)' weights={'k3s': 100, 'knative': 0}
2026-09-12 12:15:42 [info     ] algorithm2_scaling_decision    action=MAINTAIN alpha=0.060060060060060066 beta=0.0 buffer=1.0 current_replicas=6 predicted_load=93.30717325458286 required_resources=5.604 target_replicas=6
2026-09-12 12:15:42 [info     ] algorithm2_decision            action=MAINTAIN applied_target=6 current_replicas=6 hold_until=0.0 observed_load=93.31 observed_target=6 point_forecasts=None prediction_age_sec=None predictive_target=6 proactive=False scenario=s3-hybrid-reactive target_replicas=6 upper_forecasts=None
2026-09-12 12:15:42 [debug    ] Decision loop completed        action=RECOVERY latency_ms=125.29 p99=882.0
2026-09-12 12:15:57 [info     ] algorithm2_scaling_decision    action=MAINTAIN alpha=0.060060060060060066 beta=0.0 buffer=1.0 current_replicas=6 predicted_load=78.77717650618223 required_resources=4.731 target_replicas=5
2026-09-12 12:15:57 [info     ] algorithm2_decision            action=MAINTAIN applied_target=5 current_replicas=6 hold_until=0.0 observed_load=78.78 observed_target=5 point_forecasts=None prediction_age_sec=None predictive_target=5 proactive=False scenario=s3-hybrid-reactive target_replicas=5 upper_forecasts=None
2026-09-12 12:15:57 [debug    ] Decision loop completed        action=MAINTAIN latency_ms=97.38 p99=882.0
2026-09-12 12:16:12 [debug    ] HAProxy fallback latency       delta_requests=1042 interval_avg_ms=8.94 max_rtime_ms=882.0 p99_est=17.87
2026-09-12 12:16:12 [info     ] algorithm2_scaling_decision    action=MAINTAIN alpha=0.060060060060060066 beta=0.0 buffer=1.0 current_replicas=6 predicted_load=71.53176536228557 required_resources=4.296 target_replicas=5
2026-09-12 12:16:12 [info     ] algorithm2_decision            action=MAINTAIN applied_target=5 current_replicas=6 hold_until=0.0 observed_load=71.53 observed_target=5 point_forecasts=None prediction_age_sec=None predictive_target=5 proactive=False scenario=s3-hybrid-reactive target_replicas=5 upper_forecasts=None
2026-09-12 12:16:12 [debug    ] Decision loop completed        action=MAINTAIN latency_ms=92.83 p99=17.87332053742802
2026-09-12 12:16:27 [debug    ] HAProxy fallback latency       delta_requests=1168 interval_avg_ms=65.0 max_rtime_ms=882.0 p99_est=130.0
2026-09-12 12:16:27 [info     ] algorithm2_scaling_decision    action=MAINTAIN alpha=0.060060060060060066 beta=0.0 buffer=1.0 current_replicas=6 predicted_load=73.23684054025335 required_resources=4.399 target_replicas=5
2026-09-12 12:16:27 [info     ] algorithm2_decision            action=MAINTAIN applied_target=5 current_replicas=6 hold_until=0.0 observed_load=73.24 observed_target=5 point_forecasts=None prediction_age_sec=None predictive_target=5 proactive=False scenario=s3-hybrid-reactive target_replicas=5 upper_forecasts=None
2026-09-12 12:16:27 [debug    ] Decision loop completed        action=MAINTAIN latency_ms=91.54 p99=130.0
2026-09-12 12:16:42 [debug    ] HAProxy fallback latency       delta_requests=1328 interval_avg_ms=158.31 max_rtime_ms=882.0 p99_est=316.61
2026-09-12 12:16:42 [info     ] algorithm2_scaling_decision    action=MAINTAIN alpha=0.060060060060060066 beta=0.0 buffer=1.0 current_replicas=6 predicted_load=82.69159488835243 required_resources=4.966 target_replicas=5
2026-09-12 12:16:42 [info     ] algorithm2_decision            action=MAINTAIN applied_target=5 current_replicas=6 hold_until=0.0 observed_load=82.69 observed_target=5 point_forecasts=None prediction_age_sec=None predictive_target=5 proactive=False scenario=s3-hybrid-reactive target_replicas=5 upper_forecasts=None
2026-09-12 12:16:42 [debug    ] Decision loop completed        action=MAINTAIN latency_ms=95.58 p99=316.6144578313253
2026-09-12 12:16:57 [info     ] algorithm2_scaling_decision    action=MAINTAIN alpha=0.060060060060060066 beta=0.0 buffer=1.0 current_replicas=6 predicted_load=80.46426847333865 required_resources=4.833 target_replicas=5
2026-09-12 12:16:57 [info     ] algorithm2_decision            action=MAINTAIN applied_target=5 current_replicas=6 hold_until=0.0 observed_load=80.46 observed_target=5 point_forecasts=None prediction_age_sec=None predictive_target=5 proactive=False scenario=s3-hybrid-reactive target_replicas=5 upper_forecasts=None
2026-09-12 12:16:57 [debug    ] Decision loop completed        action=MAINTAIN latency_ms=95.1 p99=316.6144578313253
2026-09-12 12:17:12 [debug    ] HAProxy fallback latency       delta_requests=780 interval_avg_ms=65.0 max_rtime_ms=882.0 p99_est=130.0
2026-09-12 12:17:12 [info     ] algorithm2_scaling_decision    action=SCALE_DOWN alpha=0.060060060060060066 beta=0.0 buffer=1.0 current_replicas=6 predicted_load=62.336230756541504 required_resources=3.744 target_replicas=4
2026-09-12 12:17:12 [info     ] algorithm2_decision            action=SCALE_DOWN applied_target=4 current_replicas=6 hold_until=0.0 observed_load=62.34 observed_target=4 point_forecasts=None prediction_age_sec=None predictive_target=4 proactive=False scenario=s3-hybrid-reactive target_replicas=4 upper_forecasts=None
2026-09-12 12:17:12 [info     ] k8s_scale_executed             deployment=test-app-warm replicas=4
2026-09-12 12:17:12 [debug    ] Decision loop completed        action=MAINTAIN latency_ms=128.19 p99=130.0
2026-09-12 12:17:27 [info     ] algorithm2_scaling_decision    action=MAINTAIN alpha=0.060060060060060066 beta=0.0 buffer=1.0 current_replicas=4 predicted_load=49.1700385521993 required_resources=2.953 target_replicas=3
2026-09-12 12:17:27 [info     ] algorithm2_decision            action=MAINTAIN applied_target=3 current_replicas=4 hold_until=0.0 observed_load=49.17 observed_target=3 point_forecasts=None prediction_age_sec=None predictive_target=3 proactive=False scenario=s3-hybrid-reactive target_replicas=3 upper_forecasts=None
2026-09-12 12:17:27 [debug    ] Decision loop completed        action=MAINTAIN latency_ms=97.44 p99=130.0
2026-09-12 12:17:42 [info     ] algorithm2_scaling_decision    action=MAINTAIN alpha=0.060060060060060066 beta=0.0 buffer=1.0 current_replicas=4 predicted_load=46.284310173476726 required_resources=2.78 target_replicas=3
2026-09-12 12:17:42 [info     ] algorithm2_decision            action=MAINTAIN applied_target=3 current_replicas=4 hold_until=0.0 observed_load=46.28 observed_target=3 point_forecasts=None prediction_age_sec=None predictive_target=3 proactive=False scenario=s3-hybrid-reactive target_replicas=3 upper_forecasts=None
2026-09-12 12:17:42 [debug    ] Decision loop completed        action=MAINTAIN latency_ms=97.13 p99=130.0
2026-09-12 12:17:57 [debug    ] HAProxy fallback latency       delta_requests=655 interval_avg_ms=163.6 max_rtime_ms=882.0 p99_est=327.19
2026-09-12 12:17:57 [info     ] algorithm2_scaling_decision    action=MAINTAIN alpha=0.060060060060060066 beta=0.0 buffer=1.0 current_replicas=4 predicted_load=44.64306846068246 required_resources=2.681 target_replicas=3
2026-09-12 12:17:57 [info     ] algorithm2_decision            action=MAINTAIN applied_target=3 current_replicas=4 hold_until=0.0 observed_load=44.64 observed_target=3 point_forecasts=None prediction_age_sec=None predictive_target=3 proactive=False scenario=s3-hybrid-reactive target_replicas=3 upper_forecasts=None
2026-09-12 12:17:57 [debug    ] Decision loop completed        action=MAINTAIN latency_ms=91.34 p99=327.19083969465646
2026-09-12 12:18:13 [info     ] algorithm2_scaling_decision    action=MAINTAIN alpha=0.060060060060060066 beta=0.0 buffer=1.0 current_replicas=4 predicted_load=42.56587971197159 required_resources=2.557 target_replicas=3
2026-09-12 12:18:13 [info     ] algorithm2_decision            action=MAINTAIN applied_target=3 current_replicas=4 hold_until=0.0 observed_load=42.57 observed_target=3 point_forecasts=None prediction_age_sec=None predictive_target=3 proactive=False scenario=s3-hybrid-reactive target_replicas=3 upper_forecasts=None
2026-09-12 12:18:13 [debug    ] Decision loop completed        action=MAINTAIN latency_ms=99.35 p99=327.19083969465646
2026-09-12 12:18:28 [debug    ] HAProxy fallback latency       delta_requests=825 interval_avg_ms=144.63 max_rtime_ms=882.0 p99_est=289.26
2026-09-12 12:18:28 [info     ] algorithm2_scaling_decision    action=MAINTAIN alpha=0.060060060060060066 beta=0.0 buffer=1.0 current_replicas=4 predicted_load=48.191796003424315 required_resources=2.894 target_replicas=3
2026-09-12 12:18:28 [info     ] algorithm2_decision            action=MAINTAIN applied_target=3 current_replicas=4 hold_until=0.0 observed_load=48.19 observed_target=3 point_forecasts=None prediction_age_sec=None predictive_target=3 proactive=False scenario=s3-hybrid-reactive target_replicas=3 upper_forecasts=None
2026-09-12 12:18:28 [debug    ] Decision loop completed        action=MAINTAIN latency_ms=95.58 p99=289.2630303030303
2026-09-12 12:18:43 [debug    ] HAProxy fallback latency       delta_requests=1054 interval_avg_ms=193.79 max_rtime_ms=882.0 p99_est=387.58
2026-09-12 12:18:43 [warning  ] Knative pre-warm non-200       status=404
2026-09-12 12:18:43 [info     ] controller_decision_v3         action=REACTIVE available_replicas=4 budget_remaining=976 burn_adjustment=0 burst_ratio=0.0461 capacity_deficit=False confidence=0 current_load=69.82193396047616 decision_id=8e0535e2 k8s_capacity=66.6 k8s_weight=95 knative_weight=5 p99=387.6 predicted_load=0 r_effective=16.6 serverless_enabled=True total_load=69.8 weights_after={'k3s': 95, 'knative': 5} weights_before={'k3s': 100, 'knative': 0}
2026-09-12 12:18:43 [info     ] Weights updated                k3s=95 knative=5
2026-09-12 12:18:43 [info     ] Weights updated                action=REACTIVE reason='load=70RPS | k8s_cap=67RPS | (burst-routing)' weights={'k3s': 95, 'knative': 5}
2026-09-12 12:18:43 [info     ] algorithm2_scaling_decision    action=MAINTAIN alpha=0.060060060060060066 beta=0.0 buffer=1.0 current_replicas=4 predicted_load=62.23013682378485 required_resources=3.738 target_replicas=4
2026-09-12 12:18:43 [info     ] algorithm2_decision            action=MAINTAIN applied_target=4 current_replicas=4 hold_until=0.0 observed_load=62.23 observed_target=4 point_forecasts=None prediction_age_sec=None predictive_target=4 proactive=False scenario=s3-hybrid-reactive target_replicas=4 upper_forecasts=None
2026-09-12 12:18:43 [debug    ] Decision loop completed        action=REACTIVE latency_ms=100.29 p99=387.58254269449714
2026-09-12 12:18:58 [debug    ] HAProxy fallback latency       delta_requests=1075 interval_avg_ms=1.37 max_rtime_ms=882.0 p99_est=2.74
2026-09-12 12:18:58 [info     ] controller_decision_v3         action=REACTIVE available_replicas=4 budget_remaining=976 burn_adjustment=0 burst_ratio=0.0644 capacity_deficit=False confidence=0 current_load=71.18778895074699 decision_id=27eabdbc k8s_capacity=66.6 k8s_weight=93 knative_weight=7 p99=2.7 predicted_load=0 r_effective=16.6 serverless_enabled=True total_load=71.2 weights_after={'k3s': 93, 'knative': 7} weights_before={'k3s': 95, 'knative': 5}
2026-09-12 12:18:58 [info     ] Weights updated                k3s=93 knative=7
2026-09-12 12:18:58 [info     ] Weights updated                action=REACTIVE reason='load=71RPS | k8s_cap=67RPS | (burst-routing)' weights={'k3s': 93, 'knative': 7}
2026-09-12 12:18:58 [info     ] algorithm2_scaling_decision    action=SCALE_UP alpha=0.060060060060060066 beta=0.0 buffer=1.0 current_replicas=4 predicted_load=70.50486145561158 required_resources=4.235 target_replicas=5
2026-09-12 12:18:58 [info     ] algorithm2_decision            action=SCALE_UP applied_target=5 current_replicas=4 hold_until=0.0 observed_load=70.5 observed_target=5 point_forecasts=None prediction_age_sec=None predictive_target=5 proactive=False scenario=s3-hybrid-reactive target_replicas=5 upper_forecasts=None
2026-09-12 12:18:58 [info     ] k8s_scale_executed             deployment=test-app-warm replicas=5
2026-09-12 12:18:58 [debug    ] Decision loop completed        action=REACTIVE latency_ms=127.83 p99=2.744186046511628
2026-09-12 12:19:13 [debug    ] HAProxy fallback latency       delta_requests=1052 interval_avg_ms=132.04 max_rtime_ms=882.0 p99_est=264.08
2026-09-12 12:19:13 [info     ] controller_decision_v3         action=RECOVERY available_replicas=5 budget_remaining=975 burn_adjustment=0 burst_ratio=0 capacity_deficit=False confidence=0 current_load=69.4742273029252 decision_id=7e2bd70d k8s_capacity=83.2 k8s_weight=100 knative_weight=0 p99=264.1 predicted_load=0 r_effective=16.6 serverless_enabled=False total_load=69.5 weights_after={'k3s': 100, 'knative': 0} weights_before={'k3s': 93, 'knative': 7}
2026-09-12 12:19:13 [info     ] Weights updated                k3s=100 knative=0
2026-09-12 12:19:13 [info     ] Weights updated                action=RECOVERY reason='load=69RPS | k8s_cap=83RPS | (reducing-serverless)' weights={'k3s': 100, 'knative': 0}
2026-09-12 12:19:13 [info     ] Scale readiness observed       elapsed_sec=15.1 ewma_delay=33.7 samples=4 target=5
2026-09-12 12:19:13 [info     ] algorithm2_scaling_decision    action=MAINTAIN alpha=0.060060060060060066 beta=0.0 buffer=1.0 current_replicas=5 predicted_load=70.3310081268361 required_resources=4.224 target_replicas=5
2026-09-12 12:19:13 [info     ] algorithm2_decision            action=MAINTAIN applied_target=5 current_replicas=5 hold_until=0.0 observed_load=70.33 observed_target=5 point_forecasts=None prediction_age_sec=None predictive_target=5 proactive=False scenario=s3-hybrid-reactive target_replicas=5 upper_forecasts=None
2026-09-12 12:19:13 [debug    ] Decision loop completed        action=RECOVERY latency_ms=126.73 p99=264.0817490494297
2026-09-12 12:19:28 [debug    ] HAProxy fallback latency       delta_requests=1071 interval_avg_ms=66.0 max_rtime_ms=882.0 p99_est=132.0
2026-09-12 12:19:28 [info     ] algorithm2_scaling_decision    action=MAINTAIN alpha=0.060060060060060066 beta=0.0 buffer=1.0 current_replicas=5 predicted_load=70.1709578029861 required_resources=4.214 target_replicas=5
2026-09-12 12:19:28 [info     ] algorithm2_decision            action=MAINTAIN applied_target=5 current_replicas=5 hold_until=0.0 observed_load=70.17 observed_target=5 point_forecasts=None prediction_age_sec=None predictive_target=5 proactive=False scenario=s3-hybrid-reactive target_replicas=5 upper_forecasts=None
2026-09-12 12:19:28 [debug    ] Decision loop completed        action=MAINTAIN latency_ms=94.17 p99=132.0
2026-09-12 12:19:43 [debug    ] HAProxy fallback latency       delta_requests=1125 interval_avg_ms=66.0 max_rtime_ms=882.0 p99_est=132.0
2026-09-12 12:19:43 [info     ] algorithm2_scaling_decision    action=MAINTAIN alpha=0.060060060060060066 beta=0.0 buffer=1.0 current_replicas=5 predicted_load=72.6666870478989 required_resources=4.364 target_replicas=5
2026-09-12 12:19:43 [info     ] algorithm2_decision            action=MAINTAIN applied_target=5 current_replicas=5 hold_until=0.0 observed_load=72.67 observed_target=5 point_forecasts=None prediction_age_sec=None predictive_target=5 proactive=False scenario=s3-hybrid-reactive target_replicas=5 upper_forecasts=None
2026-09-12 12:19:43 [debug    ] Decision loop completed        action=MAINTAIN latency_ms=95.6 p99=132.0
2026-09-12 12:19:58 [debug    ] HAProxy fallback latency       delta_requests=1383 interval_avg_ms=119.58 max_rtime_ms=882.0 p99_est=239.17
2026-09-12 12:19:58 [warning  ] Knative pre-warm non-200       status=404
2026-09-12 12:19:58 [info     ] controller_decision_v3         action=REACTIVE available_replicas=5 budget_remaining=974 burn_adjustment=0 burst_ratio=0.0906 capacity_deficit=False confidence=0 current_load=91.548335162159 decision_id=914f0cfc k8s_capacity=83.2 k8s_weight=90 knative_weight=10 p99=239.2 predicted_load=0 r_effective=16.6 serverless_enabled=True total_load=91.5 weights_after={'k3s': 90, 'knative': 10} weights_before={'k3s': 100, 'knative': 0}
2026-09-12 12:19:58 [info     ] Weights updated                k3s=90 knative=10
2026-09-12 12:19:58 [info     ] Weights updated                action=REACTIVE reason='load=92RPS | k8s_cap=83RPS | (burst-routing)' weights={'k3s': 90, 'knative': 10}
2026-09-12 12:19:58 [info     ] algorithm2_scaling_decision    action=MAINTAIN alpha=0.060060060060060066 beta=0.0 buffer=1.0 current_replicas=5 predicted_load=83.00701047745491 required_resources=4.985 target_replicas=5
2026-09-12 12:19:58 [info     ] algorithm2_decision            action=MAINTAIN applied_target=5 current_replicas=5 hold_until=0.0 observed_load=83.01 observed_target=5 point_forecasts=None prediction_age_sec=None predictive_target=5 proactive=False scenario=s3-hybrid-reactive target_replicas=5 upper_forecasts=None
2026-09-12 12:19:58 [debug    ] Decision loop completed        action=REACTIVE latency_ms=98.46 p99=239.16702819956615
2026-09-12 12:20:13 [debug    ] HAProxy fallback latency       delta_requests=1632 interval_avg_ms=113.41 max_rtime_ms=882.0 p99_est=226.82
2026-09-12 12:20:13 [info     ] controller_decision_v3         action=REACTIVE available_replicas=5 budget_remaining=973 burn_adjustment=0 burst_ratio=0.2303 capacity_deficit=False confidence=0 current_load=108.15735642787845 decision_id=1ed520a2 k8s_capacity=83.2 k8s_weight=76 knative_weight=24 p99=226.8 predicted_load=0 r_effective=16.6 serverless_enabled=True total_load=108.2 weights_after={'k3s': 76, 'knative': 24} weights_before={'k3s': 90, 'knative': 10}
2026-09-12 12:20:13 [info     ] Weights updated                k3s=76 knative=24
2026-09-12 12:20:13 [info     ] Weights updated                action=REACTIVE reason='load=108RPS | k8s_cap=83RPS | (burst-routing)' weights={'k3s': 76, 'knative': 24}
2026-09-12 12:20:13 [info     ] algorithm2_scaling_decision    action=SCALE_UP alpha=0.060060060060060066 beta=0.0 buffer=1.0 current_replicas=5 predicted_load=99.85284579501874 required_resources=5.997 target_replicas=6
2026-09-12 12:20:13 [info     ] algorithm2_decision            action=SCALE_UP applied_target=6 current_replicas=5 hold_until=0.0 observed_load=99.85 observed_target=6 point_forecasts=None prediction_age_sec=None predictive_target=6 proactive=False scenario=s3-hybrid-reactive target_replicas=6 upper_forecasts=None
2026-09-12 12:20:13 [info     ] k8s_scale_executed             deployment=test-app-warm replicas=6
2026-09-12 12:20:13 [debug    ] Decision loop completed        action=REACTIVE latency_ms=132.16 p99=226.81617647058823
2026-09-12 12:20:28 [info     ] controller_decision_v3         action=RECOVERY available_replicas=6 budget_remaining=972 burn_adjustment=0 burst_ratio=0 capacity_deficit=False confidence=0 current_load=96.47500873660651 decision_id=c4935b64 k8s_capacity=99.9 k8s_weight=100 knative_weight=0 p99=226.8 predicted_load=0 r_effective=16.6 serverless_enabled=False total_load=96.5 weights_after={'k3s': 100, 'knative': 0} weights_before={'k3s': 76, 'knative': 24}
2026-09-12 12:20:29 [info     ] Weights updated                k3s=100 knative=0
2026-09-12 12:20:29 [info     ] Weights updated                action=RECOVERY reason='load=96RPS | k8s_cap=100RPS | (reducing-serverless)' weights={'k3s': 100, 'knative': 0}
2026-09-12 12:20:29 [info     ] Scale readiness observed       elapsed_sec=15.1 ewma_delay=28.1 samples=5 target=6
2026-09-12 12:20:29 [info     ] algorithm2_scaling_decision    action=MAINTAIN alpha=0.060060060060060066 beta=0.0 buffer=1.0 current_replicas=6 predicted_load=102.31618258224248 required_resources=6.145 target_replicas=6
2026-09-12 12:20:29 [info     ] algorithm2_decision            action=MAINTAIN applied_target=6 current_replicas=6 hold_until=0.0 observed_load=102.32 observed_target=6 point_forecasts=None prediction_age_sec=None predictive_target=6 proactive=False scenario=s3-hybrid-reactive target_replicas=6 upper_forecasts=None
2026-09-12 12:20:29 [debug    ] Decision loop completed        action=RECOVERY latency_ms=129.32 p99=226.81617647058823
2026-09-12 12:20:44 [debug    ] HAProxy fallback latency       delta_requests=1193 interval_avg_ms=0.29 max_rtime_ms=882.0 p99_est=0.58
2026-09-12 12:20:44 [info     ] algorithm2_scaling_decision    action=MAINTAIN alpha=0.060060060060060066 beta=0.0 buffer=1.0 current_replicas=6 predicted_load=87.69937371462892 required_resources=5.267 target_replicas=6
2026-09-12 12:20:44 [info     ] algorithm2_decision            action=MAINTAIN applied_target=6 current_replicas=6 hold_until=0.0 observed_load=87.7 observed_target=6 point_forecasts=None prediction_age_sec=None predictive_target=6 proactive=False scenario=s3-hybrid-reactive target_replicas=6 upper_forecasts=None
2026-09-12 12:20:44 [debug    ] Decision loop completed        action=MAINTAIN latency_ms=93.64 p99=0.5817267393126572
2026-09-12 12:20:59 [debug    ] HAProxy fallback latency       delta_requests=931 interval_avg_ms=65.0 max_rtime_ms=882.0 p99_est=130.0
2026-09-12 12:20:59 [info     ] algorithm2_scaling_decision    action=MAINTAIN alpha=0.060060060060060066 beta=0.0 buffer=1.0 current_replicas=6 predicted_load=70.3019950364598 required_resources=4.222 target_replicas=5
2026-09-12 12:20:59 [info     ] algorithm2_decision            action=MAINTAIN applied_target=5 current_replicas=6 hold_until=0.0 observed_load=70.3 observed_target=5 point_forecasts=None prediction_age_sec=None predictive_target=5 proactive=False scenario=s3-hybrid-reactive target_replicas=5 upper_forecasts=None
2026-09-12 12:20:59 [debug    ] Decision loop completed        action=MAINTAIN latency_ms=105.21 p99=130.0
2026-09-12 12:21:14 [info     ] algorithm2_scaling_decision    action=SCALE_DOWN alpha=0.060060060060060066 beta=0.0 buffer=1.0 current_replicas=6 predicted_load=54.01201082778968 required_resources=3.244 target_replicas=4
2026-09-12 12:21:14 [info     ] algorithm2_decision            action=SCALE_DOWN applied_target=4 current_replicas=6 hold_until=0.0 observed_load=54.01 observed_target=4 point_forecasts=None prediction_age_sec=None predictive_target=4 proactive=False scenario=s3-hybrid-reactive target_replicas=4 upper_forecasts=None
2026-09-12 12:21:14 [info     ] k8s_scale_executed             deployment=test-app-warm replicas=4
2026-09-12 12:21:14 [debug    ] Decision loop completed        action=MAINTAIN latency_ms=135.68 p99=130.0
2026-09-12 12:21:29 [debug    ] HAProxy fallback latency       delta_requests=659 interval_avg_ms=186.43 max_rtime_ms=882.0 p99_est=372.86
2026-09-12 12:21:29 [info     ] algorithm2_scaling_decision    action=MAINTAIN alpha=0.060060060060060066 beta=0.0 buffer=1.0 current_replicas=4 predicted_load=44.97343472450564 required_resources=2.701 target_replicas=3
2026-09-12 12:21:29 [info     ] algorithm2_decision            action=MAINTAIN applied_target=3 current_replicas=4 hold_until=0.0 observed_load=44.97 observed_target=3 point_forecasts=None prediction_age_sec=None predictive_target=3 proactive=False scenario=s3-hybrid-reactive target_replicas=3 upper_forecasts=None
2026-09-12 12:21:29 [debug    ] Decision loop completed        action=MAINTAIN latency_ms=98.35 p99=372.8588770864947
2026-09-12 12:21:44 [info     ] algorithm2_scaling_decision    action=MAINTAIN alpha=0.060060060060060066 beta=0.0 buffer=1.0 current_replicas=4 predicted_load=43.82347676804764 required_resources=2.632 target_replicas=3
2026-09-12 12:21:44 [info     ] algorithm2_decision            action=MAINTAIN applied_target=3 current_replicas=4 hold_until=0.0 observed_load=43.82 observed_target=3 point_forecasts=None prediction_age_sec=None predictive_target=3 proactive=False scenario=s3-hybrid-reactive target_replicas=3 upper_forecasts=None
2026-09-12 12:21:44 [debug    ] Decision loop completed        action=MAINTAIN latency_ms=97.81 p99=372.8588770864947
2026-09-12 12:21:59 [debug    ] HAProxy fallback latency       delta_requests=769 interval_avg_ms=491.13 max_rtime_ms=882.0 p99_est=882.0
2026-09-12 12:21:59 [info     ] algorithm2_scaling_decision    action=MAINTAIN alpha=0.060060060060060066 beta=0.0 buffer=1.0 current_replicas=4 predicted_load=47.45607066492157 required_resources=2.85 target_replicas=3
2026-09-12 12:21:59 [info     ] algorithm2_decision            action=MAINTAIN applied_target=3 current_replicas=4 hold_until=0.0 observed_load=47.46 observed_target=3 point_forecasts=None prediction_age_sec=None predictive_target=3 proactive=False scenario=s3-hybrid-reactive target_replicas=3 upper_forecasts=None
2026-09-12 12:21:59 [debug    ] Decision loop completed        action=MAINTAIN latency_ms=93.84 p99=882.0
2026-09-12 12:22:14 [info     ] algorithm2_scaling_decision    action=MAINTAIN alpha=0.060060060060060066 beta=0.0 buffer=1.0 current_replicas=4 predicted_load=53.75582436023579 required_resources=3.229 target_replicas=4
2026-09-12 12:22:14 [info     ] algorithm2_decision            action=MAINTAIN applied_target=4 current_replicas=4 hold_until=0.0 observed_load=53.76 observed_target=4 point_forecasts=None prediction_age_sec=None predictive_target=4 proactive=False scenario=s3-hybrid-reactive target_replicas=4 upper_forecasts=None
2026-09-12 12:22:14 [debug    ] Decision loop completed        action=MAINTAIN latency_ms=97.3 p99=882.0
2026-09-12 12:22:29 [info     ] algorithm2_scaling_decision    action=MAINTAIN alpha=0.060060060060060066 beta=0.0 buffer=1.0 current_replicas=4 predicted_load=52.30023927931798 required_resources=3.141 target_replicas=4
2026-09-12 12:22:29 [info     ] algorithm2_decision            action=MAINTAIN applied_target=4 current_replicas=4 hold_until=0.0 observed_load=52.3 observed_target=4 point_forecasts=None prediction_age_sec=None predictive_target=4 proactive=False scenario=s3-hybrid-reactive target_replicas=4 upper_forecasts=None
2026-09-12 12:22:29 [debug    ] Decision loop completed        action=MAINTAIN latency_ms=93.74 p99=882.0
2026-09-12 12:22:44 [debug    ] HAProxy fallback latency       delta_requests=581 interval_avg_ms=65.0 max_rtime_ms=882.0 p99_est=130.0
2026-09-12 12:22:44 [info     ] algorithm2_scaling_decision    action=MAINTAIN alpha=0.060060060060060066 beta=0.0 buffer=1.0 current_replicas=4 predicted_load=43.25829965856696 required_resources=2.598 target_replicas=3
2026-09-12 12:22:44 [info     ] algorithm2_decision            action=MAINTAIN applied_target=3 current_replicas=4 hold_until=0.0 observed_load=43.26 observed_target=3 point_forecasts=None prediction_age_sec=None predictive_target=3 proactive=False scenario=s3-hybrid-reactive target_replicas=3 upper_forecasts=None
2026-09-12 12:22:44 [debug    ] Decision loop completed        action=MAINTAIN latency_ms=94.15 p99=130.0
2026-09-12 12:23:00 [info     ] algorithm2_scaling_decision    action=MAINTAIN alpha=0.060060060060060066 beta=0.0 buffer=1.0 current_replicas=4 predicted_load=38.525505804971885 required_resources=2.314 target_replicas=3
2026-09-12 12:23:00 [info     ] algorithm2_decision            action=MAINTAIN applied_target=3 current_replicas=4 hold_until=0.0 observed_load=38.53 observed_target=3 point_forecasts=None prediction_age_sec=None predictive_target=3 proactive=False scenario=s3-hybrid-reactive target_replicas=3 upper_forecasts=None
2026-09-12 12:23:00 [debug    ] Decision loop completed        action=MAINTAIN latency_ms=99.89 p99=130.0
2026-09-12 12:23:15 [debug    ] HAProxy fallback latency       delta_requests=604 interval_avg_ms=64.0 max_rtime_ms=882.0 p99_est=128.0
2026-09-12 12:23:15 [info     ] algorithm2_scaling_decision    action=MAINTAIN alpha=0.060060060060060066 beta=0.0 buffer=1.0 current_replicas=4 predicted_load=39.27795557642014 required_resources=2.359 target_replicas=3
2026-09-12 12:23:15 [info     ] algorithm2_decision            action=MAINTAIN applied_target=3 current_replicas=4 hold_until=0.0 observed_load=39.28 observed_target=3 point_forecasts=None prediction_age_sec=None predictive_target=3 proactive=False scenario=s3-hybrid-reactive target_replicas=3 upper_forecasts=None
2026-09-12 12:23:15 [debug    ] Decision loop completed        action=MAINTAIN latency_ms=97.75 p99=128.0
2026-09-12 12:23:30 [debug    ] HAProxy fallback latency       delta_requests=627 interval_avg_ms=64.0 max_rtime_ms=882.0 p99_est=128.0
2026-09-12 12:23:30 [info     ] algorithm2_scaling_decision    action=MAINTAIN alpha=0.060060060060060066 beta=0.0 buffer=1.0 current_replicas=4 predicted_load=40.79752025003418 required_resources=2.45 target_replicas=3
2026-09-12 12:23:30 [info     ] algorithm2_decision            action=MAINTAIN applied_target=3 current_replicas=4 hold_until=0.0 observed_load=40.8 observed_target=3 point_forecasts=None prediction_age_sec=None predictive_target=3 proactive=False scenario=s3-hybrid-reactive target_replicas=3 upper_forecasts=None
2026-09-12 12:23:30 [debug    ] Decision loop completed        action=MAINTAIN latency_ms=92.88 p99=128.0
2026-09-12 12:23:45 [debug    ] HAProxy fallback latency       delta_requests=659 interval_avg_ms=64.0 max_rtime_ms=882.0 p99_est=128.0
2026-09-12 12:23:45 [info     ] algorithm2_scaling_decision    action=MAINTAIN alpha=0.060060060060060066 beta=0.0 buffer=1.0 current_replicas=4 predicted_load=42.56297537416383 required_resources=2.556 target_replicas=3
2026-09-12 12:23:45 [info     ] algorithm2_decision            action=MAINTAIN applied_target=3 current_replicas=4 hold_until=0.0 observed_load=42.56 observed_target=3 point_forecasts=None prediction_age_sec=None predictive_target=3 proactive=False scenario=s3-hybrid-reactive target_replicas=3 upper_forecasts=None
2026-09-12 12:23:45 [debug    ] Decision loop completed        action=MAINTAIN latency_ms=93.45 p99=128.0
2026-09-12 12:24:00 [debug    ] HAProxy fallback latency       delta_requests=735 interval_avg_ms=421.07 max_rtime_ms=882.0 p99_est=842.14
2026-09-12 12:24:00 [info     ] algorithm2_scaling_decision    action=MAINTAIN alpha=0.060060060060060066 beta=0.0 buffer=1.0 current_replicas=4 predicted_load=46.179590251002786 required_resources=2.774 target_replicas=3
2026-09-12 12:24:00 [info     ] algorithm2_decision            action=MAINTAIN applied_target=3 current_replicas=4 hold_until=0.0 observed_load=46.18 observed_target=3 point_forecasts=None prediction_age_sec=None predictive_target=3 proactive=False scenario=s3-hybrid-reactive target_replicas=3 upper_forecasts=None
2026-09-12 12:24:00 [debug    ] Decision loop completed        action=MAINTAIN latency_ms=96.01 p99=842.138775510204
2026-09-12 12:24:15 [info     ] algorithm2_scaling_decision    action=MAINTAIN alpha=0.060060060060060066 beta=0.0 buffer=1.0 current_replicas=4 predicted_load=36.33792115982253 required_resources=2.182 target_replicas=3
2026-09-12 12:24:15 [info     ] algorithm2_decision            action=MAINTAIN applied_target=3 current_replicas=4 hold_until=0.0 observed_load=36.34 observed_target=3 point_forecasts=None prediction_age_sec=None predictive_target=3 proactive=False scenario=s3-hybrid-reactive target_replicas=3 upper_forecasts=None
2026-09-12 12:24:15 [debug    ] Decision loop completed        action=MAINTAIN latency_ms=92.73 p99=842.138775510204
2026-09-12 12:24:30 [info     ] algorithm2_scaling_decision    action=MAINTAIN alpha=0.060060060060060066 beta=0.0 buffer=1.0 current_replicas=4 predicted_load=11.955977060158423 required_resources=0.718 target_replicas=3
2026-09-12 12:24:30 [info     ] algorithm2_decision            action=MAINTAIN applied_target=3 current_replicas=4 hold_until=0.0 observed_load=11.96 observed_target=3 point_forecasts=None prediction_age_sec=None predictive_target=3 proactive=False scenario=s3-hybrid-reactive target_replicas=3 upper_forecasts=None
2026-09-12 12:24:30 [debug    ] Decision loop completed        action=MAINTAIN latency_ms=98.5 p99=842.138775510204
2026-09-12 12:24:45 [info     ] algorithm2_scaling_decision    action=MAINTAIN alpha=0.060060060060060066 beta=0.0 buffer=1.0 current_replicas=4 predicted_load=0.0 required_resources=0.0 target_replicas=3
2026-09-12 12:24:45 [info     ] algorithm2_decision            action=MAINTAIN applied_target=3 current_replicas=4 hold_until=0.0 observed_load=0.0 observed_target=3 point_forecasts=None prediction_age_sec=None predictive_target=3 proactive=False scenario=s3-hybrid-reactive target_replicas=3 upper_forecasts=None
2026-09-12 12:24:45 [debug    ] Decision loop completed        action=MAINTAIN latency_ms=100.7 p99=842.138775510204
2026-09-12 12:25:00 [info     ] algorithm2_scaling_decision    action=MAINTAIN alpha=0.060060060060060066 beta=0.0 buffer=1.0 current_replicas=4 predicted_load=0.0 required_resources=0.0 target_replicas=3
2026-09-12 12:25:00 [info     ] algorithm2_decision            action=MAINTAIN applied_target=3 current_replicas=4 hold_until=0.0 observed_load=0.0 observed_target=3 point_forecasts=None prediction_age_sec=None predictive_target=3 proactive=False scenario=s3-hybrid-reactive target_replicas=3 upper_forecasts=None
2026-09-12 12:25:00 [debug    ] Decision loop completed        action=MAINTAIN latency_ms=95.37 p99=842.138775510204
2026-09-12 12:25:08 [info     ] Received shutdown signal
2026-09-12 12:25:08 [info     ] Stopping routing daemon...
2026-09-12 12:25:08 [info     ] Routing daemon stopped
