2026-07-08 23:14:08 [info     ] SLOMonitor initialized         threshold_ms=200.0 violation_window=30
2026-07-08 23:14:08 [info     ] Algorithm1ControllerV3 initialized max_knative=50 r_saturation=66.7 target_cpu_util=0.5 total_budget=1000
2026-07-08 23:14:08 [info     ] Using V3 controller (Capacity-Driven) scenario=s3-hybrid-reactive version=v3
2026-07-08 23:14:08 [info     ] HAProxyWeightAdjuster initialized backend=servers host=localhost port=19999
2026-07-08 23:14:08 [info     ] GRUClient initialized          base_url=http://localhost:8090
2026-07-08 23:14:08 [info     ] K8sScaler initialized          deployment=test-app-warm namespace=default
2026-07-08 23:14:08 [info     ] RoutingDaemon initialized      decision_interval=15 description='Algorithm 1 reactive routing without predictions' scenario=s3-hybrid-reactive use_algorithm=True use_predictions=False
2026-07-08 23:14:08 [info     ] Starting routing daemon        interval=15 scenario=s3-hybrid-reactive
2026-07-08 23:14:08 [info     ] Weights updated                k3s=80 knative=20
2026-07-08 23:14:08 [info     ] Initial weights applied        k3s=80 knative=20
2026-07-08 23:14:08 [debug    ] HAProxy fallback primed        total_requests=0
2026-07-08 23:14:08 [info     ] algorithm2_scaling_decision    action=MAINTAIN alpha=0.014992503748125937 beta=0.0 buffer=1.2 current_replicas=3 predicted_load=0.0 required_resources=0.0 target_replicas=3
2026-07-08 23:14:08 [debug    ] Decision loop completed        action=MAINTAIN latency_ms=113.33 p99=0.0
2026-07-08 23:14:24 [info     ] algorithm2_scaling_decision    action=MAINTAIN alpha=0.014992503748125937 beta=0.0 buffer=1.2 current_replicas=3 predicted_load=0.0 required_resources=0.0 target_replicas=3
2026-07-08 23:14:24 [debug    ] Decision loop completed        action=MAINTAIN latency_ms=107.8 p99=0.0
2026-07-08 23:14:39 [info     ] algorithm2_scaling_decision    action=MAINTAIN alpha=0.014992503748125937 beta=0.0 buffer=1.2 current_replicas=3 predicted_load=0.0 required_resources=0.0 target_replicas=3
2026-07-08 23:14:39 [debug    ] Decision loop completed        action=MAINTAIN latency_ms=113.51 p99=0.0
2026-07-08 23:14:54 [debug    ] HAProxy fallback latency       delta_requests=640 interval_avg_ms=64.0 max_rtime_ms=111.0 p99_est=111.0
2026-07-08 23:14:54 [debug    ] burn_rate_adjustment           actual_burn=0.0 adjustment=-5 allowed_burn=0.83 budget_remaining=1000 burn_error=-1.0 burn_ratio=0.0
2026-07-08 23:14:54 [info     ] controller_decision_v3         action=RECOVERY available_replicas=3 budget_remaining=1000 burn_adjustment=-5 burst_ratio=0 capacity_deficit=False confidence=0 current_load=42.28163183709899 decision_id=bc2b7b9c k8s_capacity=100.1 k8s_weight=100 knative_weight=0 p99=111.0 predicted_load=0 r_effective=33.4 serverless_enabled=False total_load=42.3 weights_after={'k3s': 100, 'knative': 0} weights_before={'k3s': 80, 'knative': 20}
2026-07-08 23:14:54 [info     ] Weights updated                k3s=100 knative=0
2026-07-08 23:14:54 [info     ] Weights updated                action=RECOVERY reason='load=42RPS | k8s_cap=100RPS | (reducing-serverless)' weights={'k3s': 100, 'knative': 0}
2026-07-08 23:14:54 [info     ] algorithm2_scaling_decision    action=MAINTAIN alpha=0.014992503748125937 beta=0.0 buffer=1.2 current_replicas=3 predicted_load=21.140815918549496 required_resources=0.317 target_replicas=3
2026-07-08 23:14:54 [debug    ] Decision loop completed        action=RECOVERY latency_ms=140.53 p99=111.0
2026-07-08 23:15:09 [debug    ] HAProxy fallback latency       delta_requests=667 interval_avg_ms=64.0 max_rtime_ms=111.0 p99_est=111.0
2026-07-08 23:15:09 [debug    ] burn_rate_adjustment           actual_burn=0.0 adjustment=-6 allowed_burn=0.83 budget_remaining=1000 burn_error=-1.0 burn_ratio=0.0
2026-07-08 23:15:09 [info     ] algorithm2_scaling_decision    action=MAINTAIN alpha=0.014992503748125937 beta=0.0 buffer=1.2 current_replicas=3 predicted_load=43.13316841727538 required_resources=0.647 target_replicas=3
2026-07-08 23:15:09 [debug    ] Decision loop completed        action=MAINTAIN latency_ms=109.45 p99=111.0
2026-07-08 23:15:24 [debug    ] HAProxy fallback latency       delta_requests=716 interval_avg_ms=66.83 max_rtime_ms=124.0 p99_est=124.0
2026-07-08 23:15:24 [debug    ] burn_rate_adjustment           actual_burn=0.0 adjustment=-6 allowed_burn=0.83 budget_remaining=1000 burn_error=-1.0 burn_ratio=0.0
2026-07-08 23:15:24 [info     ] algorithm2_scaling_decision    action=MAINTAIN alpha=0.014992503748125937 beta=0.0 buffer=1.2 current_replicas=3 predicted_load=45.68697201342671 required_resources=0.685 target_replicas=3
2026-07-08 23:15:24 [debug    ] Decision loop completed        action=MAINTAIN latency_ms=109.56 p99=124.0
2026-07-08 23:15:39 [debug    ] HAProxy fallback latency       delta_requests=822 interval_avg_ms=65.0 max_rtime_ms=129.0 p99_est=129.0
2026-07-08 23:15:39 [debug    ] burn_rate_adjustment           actual_burn=0.0 adjustment=-7 allowed_burn=0.83 budget_remaining=1000 burn_error=-1.0 burn_ratio=0.0
2026-07-08 23:15:39 [info     ] algorithm2_scaling_decision    action=MAINTAIN alpha=0.014992503748125937 beta=0.0 buffer=1.2 current_replicas=3 predicted_load=50.89537705782458 required_resources=0.763 target_replicas=3
2026-07-08 23:15:39 [debug    ] Decision loop completed        action=MAINTAIN latency_ms=110.24 p99=129.0
2026-07-08 23:15:54 [debug    ] HAProxy fallback latency       delta_requests=767 interval_avg_ms=65.0 max_rtime_ms=129.0 p99_est=129.0
2026-07-08 23:15:54 [debug    ] burn_rate_adjustment           actual_burn=0.0 adjustment=-7 allowed_burn=0.83 budget_remaining=1000 burn_error=-1.0 burn_ratio=0.0
2026-07-08 23:15:54 [info     ] algorithm2_scaling_decision    action=MAINTAIN alpha=0.014992503748125937 beta=0.0 buffer=1.2 current_replicas=3 predicted_load=52.614068275525284 required_resources=0.789 target_replicas=3
2026-07-08 23:15:54 [debug    ] Decision loop completed        action=MAINTAIN latency_ms=105.62 p99=129.0
2026-07-08 23:16:09 [debug    ] HAProxy fallback latency       delta_requests=547 interval_avg_ms=65.0 max_rtime_ms=129.0 p99_est=129.0
2026-07-08 23:16:09 [debug    ] burn_rate_adjustment           actual_burn=0.0 adjustment=-7 allowed_burn=0.83 budget_remaining=1000 burn_error=-1.0 burn_ratio=0.0
2026-07-08 23:16:09 [info     ] algorithm2_scaling_decision    action=MAINTAIN alpha=0.014992503748125937 beta=0.0 buffer=1.2 current_replicas=3 predicted_load=43.5187625364762 required_resources=0.652 target_replicas=3
2026-07-08 23:16:09 [debug    ] Decision loop completed        action=MAINTAIN latency_ms=104.75 p99=129.0
2026-07-08 23:16:24 [debug    ] HAProxy fallback latency       delta_requests=411 interval_avg_ms=65.0 max_rtime_ms=129.0 p99_est=129.0
2026-07-08 23:16:24 [debug    ] burn_rate_adjustment           actual_burn=0.0 adjustment=-7 allowed_burn=0.83 budget_remaining=1000 burn_error=-1.0 burn_ratio=0.0
2026-07-08 23:16:24 [info     ] algorithm2_scaling_decision    action=MAINTAIN alpha=0.014992503748125937 beta=0.0 buffer=1.2 current_replicas=3 predicted_load=31.7103749668253 required_resources=0.475 target_replicas=3
2026-07-08 23:16:24 [debug    ] Decision loop completed        action=MAINTAIN latency_ms=106.49 p99=129.0
2026-07-08 23:16:40 [debug    ] HAProxy fallback latency       delta_requests=358 interval_avg_ms=65.0 max_rtime_ms=129.0 p99_est=129.0
2026-07-08 23:16:40 [debug    ] burn_rate_adjustment           actual_burn=0.0 adjustment=-7 allowed_burn=0.83 budget_remaining=1000 burn_error=-1.0 burn_ratio=0.0
2026-07-08 23:16:40 [info     ] algorithm2_scaling_decision    action=MAINTAIN alpha=0.014992503748125937 beta=0.0 buffer=1.2 current_replicas=3 predicted_load=25.454188744799268 required_resources=0.382 target_replicas=3
2026-07-08 23:16:40 [debug    ] Decision loop completed        action=MAINTAIN latency_ms=108.08 p99=129.0
2026-07-08 23:16:55 [debug    ] HAProxy fallback latency       delta_requests=483 interval_avg_ms=65.0 max_rtime_ms=129.0 p99_est=129.0
2026-07-08 23:16:55 [debug    ] burn_rate_adjustment           actual_burn=0.0 adjustment=-7 allowed_burn=0.83 budget_remaining=1000 burn_error=-1.0 burn_ratio=0.0
2026-07-08 23:16:55 [info     ] algorithm2_scaling_decision    action=MAINTAIN alpha=0.014992503748125937 beta=0.0 buffer=1.2 current_replicas=3 predicted_load=27.833863927211542 required_resources=0.417 target_replicas=3
2026-07-08 23:16:55 [debug    ] Decision loop completed        action=MAINTAIN latency_ms=101.46 p99=129.0
2026-07-08 23:17:10 [debug    ] HAProxy fallback latency       delta_requests=772 interval_avg_ms=65.0 max_rtime_ms=129.0 p99_est=129.0
2026-07-08 23:17:10 [debug    ] burn_rate_adjustment           actual_burn=0.0 adjustment=-7 allowed_burn=0.83 budget_remaining=1000 burn_error=-1.0 burn_ratio=0.0
2026-07-08 23:17:10 [info     ] algorithm2_scaling_decision    action=MAINTAIN alpha=0.014992503748125937 beta=0.0 buffer=1.2 current_replicas=3 predicted_load=41.511435389750446 required_resources=0.622 target_replicas=3
2026-07-08 23:17:10 [debug    ] Decision loop completed        action=MAINTAIN latency_ms=107.63 p99=129.0
2026-07-08 23:17:25 [debug    ] HAProxy fallback latency       delta_requests=813 interval_avg_ms=73.61 max_rtime_ms=129.0 p99_est=129.0
2026-07-08 23:17:25 [debug    ] burn_rate_adjustment           actual_burn=0.0 adjustment=-7 allowed_burn=0.83 budget_remaining=1000 burn_error=-1.0 burn_ratio=0.0
2026-07-08 23:17:25 [info     ] algorithm2_scaling_decision    action=MAINTAIN alpha=0.014992503748125937 beta=0.0 buffer=1.2 current_replicas=3 predicted_load=52.43424808965733 required_resources=0.786 target_replicas=3
2026-07-08 23:17:25 [debug    ] Decision loop completed        action=MAINTAIN latency_ms=113.72 p99=129.0
2026-07-08 23:17:40 [debug    ] HAProxy fallback latency       delta_requests=638 interval_avg_ms=66.0 max_rtime_ms=129.0 p99_est=129.0
2026-07-08 23:17:40 [debug    ] burn_rate_adjustment           actual_burn=0.0 adjustment=-7 allowed_burn=0.83 budget_remaining=1000 burn_error=-1.0 burn_ratio=0.0
2026-07-08 23:17:40 [info     ] algorithm2_scaling_decision    action=MAINTAIN alpha=0.014992503748125937 beta=0.0 buffer=1.2 current_replicas=3 predicted_load=48.044744328013046 required_resources=0.72 target_replicas=3
2026-07-08 23:17:40 [debug    ] Decision loop completed        action=MAINTAIN latency_ms=109.24 p99=129.0
2026-07-08 23:17:55 [debug    ] HAProxy fallback latency       delta_requests=655 interval_avg_ms=53.35 max_rtime_ms=129.0 p99_est=106.69
2026-07-08 23:17:55 [debug    ] burn_rate_adjustment           actual_burn=0.0 adjustment=-7 allowed_burn=0.83 budget_remaining=1000 burn_error=-1.0 burn_ratio=0.0
2026-07-08 23:17:55 [info     ] algorithm2_scaling_decision    action=MAINTAIN alpha=0.014992503748125937 beta=0.0 buffer=1.2 current_replicas=3 predicted_load=42.81389589205023 required_resources=0.642 target_replicas=3
2026-07-08 23:17:55 [debug    ] Decision loop completed        action=MAINTAIN latency_ms=106.82 p99=106.69007633587786
2026-07-08 23:18:10 [debug    ] HAProxy fallback latency       delta_requests=830 interval_avg_ms=65.0 max_rtime_ms=129.0 p99_est=129.0
2026-07-08 23:18:10 [debug    ] burn_rate_adjustment           actual_burn=0.0 adjustment=-7 allowed_burn=0.83 budget_remaining=1000 burn_error=-1.0 burn_ratio=0.0
2026-07-08 23:18:10 [info     ] algorithm2_scaling_decision    action=MAINTAIN alpha=0.014992503748125937 beta=0.0 buffer=1.2 current_replicas=3 predicted_load=49.114649572334116 required_resources=0.736 target_replicas=3
2026-07-08 23:18:10 [debug    ] Decision loop completed        action=MAINTAIN latency_ms=115.34 p99=129.0
2026-07-08 23:18:25 [debug    ] HAProxy fallback latency       delta_requests=916 interval_avg_ms=54.04 max_rtime_ms=129.0 p99_est=108.09
2026-07-08 23:18:25 [debug    ] burn_rate_adjustment           actual_burn=0.0 adjustment=-7 allowed_burn=0.83 budget_remaining=1000 burn_error=-1.0 burn_ratio=0.0
2026-07-08 23:18:25 [info     ] algorithm2_scaling_decision    action=MAINTAIN alpha=0.014992503748125937 beta=0.0 buffer=1.2 current_replicas=3 predicted_load=57.737881247032085 required_resources=0.866 target_replicas=3
2026-07-08 23:18:25 [debug    ] Decision loop completed        action=MAINTAIN latency_ms=109.18 p99=108.08951965065502
2026-07-08 23:18:40 [debug    ] HAProxy fallback latency       delta_requests=931 interval_avg_ms=64.0 max_rtime_ms=129.0 p99_est=128.0
2026-07-08 23:18:40 [debug    ] burn_rate_adjustment           actual_burn=0.0 adjustment=-7 allowed_burn=0.83 budget_remaining=1000 burn_error=-1.0 burn_ratio=0.0
2026-07-08 23:18:40 [info     ] algorithm2_scaling_decision    action=MAINTAIN alpha=0.014992503748125937 beta=0.0 buffer=1.2 current_replicas=3 predicted_load=61.07536462517329 required_resources=0.916 target_replicas=3
2026-07-08 23:18:40 [debug    ] Decision loop completed        action=MAINTAIN latency_ms=114.94 p99=128.0
2026-07-08 23:18:56 [debug    ] HAProxy fallback latency       delta_requests=1003 interval_avg_ms=75.93 max_rtime_ms=129.0 p99_est=129.0
2026-07-08 23:18:56 [debug    ] burn_rate_adjustment           actual_burn=0.0 adjustment=-7 allowed_burn=0.83 budget_remaining=1000 burn_error=-1.0 burn_ratio=0.0
2026-07-08 23:18:56 [info     ] algorithm2_scaling_decision    action=MAINTAIN alpha=0.014992503748125937 beta=0.0 buffer=1.2 current_replicas=3 predicted_load=63.956171886589566 required_resources=0.959 target_replicas=3
2026-07-08 23:18:56 [debug    ] Decision loop completed        action=MAINTAIN latency_ms=110.62 p99=129.0
2026-07-08 23:19:11 [debug    ] HAProxy fallback latency       delta_requests=1118 interval_avg_ms=65.0 max_rtime_ms=130.0 p99_est=130.0
2026-07-08 23:19:11 [debug    ] burn_rate_adjustment           actual_burn=0.0 adjustment=-7 allowed_burn=0.83 budget_remaining=1000 burn_error=-1.0 burn_ratio=0.0
2026-07-08 23:19:11 [info     ] algorithm2_scaling_decision    action=MAINTAIN alpha=0.014992503748125937 beta=0.0 buffer=1.2 current_replicas=3 predicted_load=70.17234849423537 required_resources=1.052 target_replicas=3
2026-07-08 23:19:11 [debug    ] Decision loop completed        action=MAINTAIN latency_ms=110.22 p99=130.0
2026-07-08 23:19:26 [debug    ] HAProxy fallback latency       delta_requests=1271 interval_avg_ms=110.19 max_rtime_ms=170.0 p99_est=170.0
2026-07-08 23:19:26 [debug    ] burn_rate_adjustment           actual_burn=0.0 adjustment=-7 allowed_burn=0.83 budget_remaining=1000 burn_error=-1.0 burn_ratio=0.0
2026-07-08 23:19:26 [info     ] algorithm2_scaling_decision    action=MAINTAIN alpha=0.014992503748125937 beta=0.0 buffer=1.2 current_replicas=3 predicted_load=79.04857598506905 required_resources=1.185 target_replicas=3
2026-07-08 23:19:26 [debug    ] Decision loop completed        action=MAINTAIN latency_ms=109.64 p99=170.0
2026-07-08 23:19:41 [debug    ] HAProxy fallback latency       delta_requests=1456 interval_avg_ms=90.72 max_rtime_ms=203.0 p99_est=181.45
2026-07-08 23:19:41 [debug    ] burn_rate_adjustment           actual_burn=0.0 adjustment=-7 allowed_burn=0.83 budget_remaining=1000 burn_error=-1.0 burn_ratio=0.0
2026-07-08 23:19:41 [info     ] algorithm2_scaling_decision    action=MAINTAIN alpha=0.014992503748125937 beta=0.0 buffer=1.2 current_replicas=3 predicted_load=90.20415154555766 required_resources=1.352 target_replicas=3
2026-07-08 23:19:41 [debug    ] Decision loop completed        action=MAINTAIN latency_ms=108.0 p99=181.44505494505495
2026-07-08 23:19:56 [debug    ] HAProxy fallback latency       delta_requests=1665 interval_avg_ms=469.92 max_rtime_ms=467.0 p99_est=467.0
2026-07-08 23:19:56 [debug    ] burn_rate_adjustment           actual_burn=0.0 adjustment=-7 allowed_burn=0.83 budget_remaining=999 burn_error=-0.997 burn_ratio=0.003
2026-07-08 23:19:56 [info     ] Knative pre-warm OK            cold_start_ms=2.8
2026-07-08 23:19:56 [info     ] controller_decision_v3         action=REACTIVE available_replicas=3 budget_remaining=999 burn_adjustment=-7 burst_ratio=0.0916 capacity_deficit=False confidence=0 current_load=110.14241371231434 decision_id=90ca2eb5 k8s_capacity=100.1 k8s_weight=97 knative_weight=3 p99=467.0 predicted_load=0 r_effective=33.4 serverless_enabled=True total_load=110.1 weights_after={'k3s': 97, 'knative': 3} weights_before={'k3s': 100, 'knative': 0}
2026-07-08 23:19:56 [info     ] Weights updated                k3s=97 knative=3
2026-07-08 23:19:56 [info     ] Weights updated                action=REACTIVE reason='load=110RPS | k8s_cap=100RPS | (burst-routing)' weights={'k3s': 97, 'knative': 3}
2026-07-08 23:19:56 [info     ] algorithm2_scaling_decision    action=MAINTAIN alpha=0.014992503748125937 beta=0.0 buffer=1.2 current_replicas=3 predicted_load=103.21852936565995 required_resources=1.548 target_replicas=3
2026-07-08 23:19:56 [debug    ] Decision loop completed        action=REACTIVE latency_ms=114.77 p99=467.0
2026-07-08 23:20:11 [debug    ] HAProxy fallback latency       delta_requests=1889 interval_avg_ms=396.09 max_rtime_ms=537.0 p99_est=537.0
2026-07-08 23:20:11 [debug    ] burn_rate_adjustment           actual_burn=0.01 adjustment=-7 allowed_burn=0.83 budget_remaining=998 burn_error=-0.993 burn_ratio=0.007
2026-07-08 23:20:11 [info     ] controller_decision_v3         action=REACTIVE available_replicas=3 budget_remaining=998 burn_adjustment=-7 burst_ratio=0.1994 capacity_deficit=False confidence=0 current_load=124.97483529408332 decision_id=bf7c2053 k8s_capacity=100.1 k8s_weight=87 knative_weight=13 p99=537.0 predicted_load=0 r_effective=33.4 serverless_enabled=True total_load=125.0 weights_after={'k3s': 87, 'knative': 13} weights_before={'k3s': 97, 'knative': 3}
2026-07-08 23:20:11 [info     ] Weights updated                k3s=87 knative=13
2026-07-08 23:20:11 [info     ] Weights updated                action=REACTIVE reason='load=125RPS | k8s_cap=100RPS | (burst-routing)' weights={'k3s': 87, 'knative': 13}
2026-07-08 23:20:11 [info     ] algorithm2_scaling_decision    action=MAINTAIN alpha=0.014992503748125937 beta=0.0 buffer=1.2 current_replicas=3 predicted_load=117.55862450319883 required_resources=1.762 target_replicas=3
2026-07-08 23:20:11 [debug    ] Decision loop completed        action=REACTIVE latency_ms=111.14 p99=537.0
2026-07-08 23:20:26 [debug    ] burn_rate_adjustment           actual_burn=0.01 adjustment=-7 allowed_burn=0.83 budget_remaining=997 burn_error=-0.99 burn_ratio=0.01
2026-07-08 23:20:26 [info     ] controller_decision_v3         action=RECOVERY available_replicas=3 budget_remaining=997 burn_adjustment=-7 burst_ratio=0.123 capacity_deficit=False confidence=0 current_load=114.08725747535895 decision_id=4702afbb k8s_capacity=100.1 k8s_weight=94 knative_weight=6 p99=537.0 predicted_load=0 r_effective=33.4 serverless_enabled=True total_load=114.1 weights_after={'k3s': 94, 'knative': 6} weights_before={'k3s': 87, 'knative': 13}
2026-07-08 23:20:26 [info     ] Weights updated                k3s=94 knative=6
2026-07-08 23:20:26 [info     ] Weights updated                action=RECOVERY reason='load=114RPS | k8s_cap=100RPS | (reducing-serverless)' weights={'k3s': 94, 'knative': 6}
2026-07-08 23:20:26 [info     ] algorithm2_scaling_decision    action=MAINTAIN alpha=0.014992503748125937 beta=0.0 buffer=1.2 current_replicas=3 predicted_load=119.53104638472114 required_resources=1.792 target_replicas=3
2026-07-08 23:20:26 [debug    ] Decision loop completed        action=RECOVERY latency_ms=149.4 p99=537.0
2026-07-08 23:20:41 [debug    ] burn_rate_adjustment           actual_burn=0.01 adjustment=-7 allowed_burn=0.83 budget_remaining=996 burn_error=-0.988 burn_ratio=0.012
2026-07-08 23:20:41 [info     ] controller_decision_v3         action=RECOVERY available_replicas=3 budget_remaining=996 burn_adjustment=-7 burst_ratio=0 capacity_deficit=False confidence=0 current_load=87.12936774316847 decision_id=7f446543 k8s_capacity=100.1 k8s_weight=100 knative_weight=0 p99=537.0 predicted_load=0 r_effective=33.4 serverless_enabled=False total_load=87.1 weights_after={'k3s': 100, 'knative': 0} weights_before={'k3s': 94, 'knative': 6}
2026-07-08 23:20:41 [info     ] Weights updated                k3s=100 knative=0
2026-07-08 23:20:41 [info     ] Weights updated                action=RECOVERY reason='load=87RPS | k8s_cap=100RPS | (reducing-serverless)' weights={'k3s': 100, 'knative': 0}
2026-07-08 23:20:41 [info     ] algorithm2_scaling_decision    action=MAINTAIN alpha=0.014992503748125937 beta=0.0 buffer=1.2 current_replicas=3 predicted_load=100.60831260926372 required_resources=1.508 target_replicas=3
2026-07-08 23:20:41 [debug    ] Decision loop completed        action=RECOVERY latency_ms=144.8 p99=537.0
2026-07-08 23:20:56 [debug    ] HAProxy fallback latency       delta_requests=1131 interval_avg_ms=48.19 max_rtime_ms=537.0 p99_est=96.37
2026-07-08 23:20:57 [debug    ] burn_rate_adjustment           actual_burn=0.01 adjustment=-7 allowed_burn=0.83 budget_remaining=996 burn_error=-0.988 burn_ratio=0.012
2026-07-08 23:20:57 [info     ] algorithm2_scaling_decision    action=MAINTAIN alpha=0.014992503748125937 beta=0.0 buffer=1.2 current_replicas=3 predicted_load=80.90497061932481 required_resources=1.213 target_replicas=3
2026-07-08 23:20:57 [debug    ] Decision loop completed        action=MAINTAIN latency_ms=105.07 p99=96.37135278514589
2026-07-08 23:21:12 [debug    ] HAProxy fallback latency       delta_requests=1074 interval_avg_ms=90.92 max_rtime_ms=537.0 p99_est=181.84
2026-07-08 23:21:12 [debug    ] burn_rate_adjustment           actual_burn=0.01 adjustment=-7 allowed_burn=0.83 budget_remaining=996 burn_error=-0.989 burn_ratio=0.011
2026-07-08 23:21:12 [info     ] algorithm2_scaling_decision    action=MAINTAIN alpha=0.014992503748125937 beta=0.0 buffer=1.2 current_replicas=3 predicted_load=72.9242798300675 required_resources=1.093 target_replicas=3
2026-07-08 23:21:12 [debug    ] Decision loop completed        action=MAINTAIN latency_ms=107.07 p99=181.83798882681563
2026-07-08 23:21:27 [debug    ] HAProxy fallback latency       delta_requests=948 interval_avg_ms=15.07 max_rtime_ms=537.0 p99_est=30.14
2026-07-08 23:21:27 [debug    ] burn_rate_adjustment           actual_burn=0.01 adjustment=-7 allowed_burn=0.83 budget_remaining=996 burn_error=-0.989 burn_ratio=0.011
2026-07-08 23:21:27 [info     ] algorithm2_scaling_decision    action=MAINTAIN alpha=0.014992503748125937 beta=0.0 buffer=1.2 current_replicas=3 predicted_load=66.95974081886536 required_resources=1.004 target_replicas=3
2026-07-08 23:21:27 [debug    ] Decision loop completed        action=MAINTAIN latency_ms=102.45 p99=30.139240506329113
2026-07-08 23:21:42 [debug    ] HAProxy fallback latency       delta_requests=792 interval_avg_ms=100.28 max_rtime_ms=537.0 p99_est=200.55
2026-07-08 23:21:42 [debug    ] burn_rate_adjustment           actual_burn=0.01 adjustment=-7 allowed_burn=0.83 budget_remaining=995 burn_error=-0.987 burn_ratio=0.013
2026-07-08 23:21:42 [info     ] algorithm2_scaling_decision    action=MAINTAIN alpha=0.014992503748125937 beta=0.0 buffer=1.2 current_replicas=3 predicted_load=57.59560110187378 required_resources=0.864 target_replicas=3
2026-07-08 23:21:42 [debug    ] Decision loop completed        action=MAINTAIN latency_ms=107.19 p99=200.5530303030303
2026-07-08 23:21:57 [debug    ] HAProxy fallback latency       delta_requests=1191 interval_avg_ms=1062.52 max_rtime_ms=537.0 p99_est=537.0
2026-07-08 23:21:57 [debug    ] burn_rate_adjustment           actual_burn=0.01 adjustment=-7 allowed_burn=0.83 budget_remaining=994 burn_error=-0.985 burn_ratio=0.015
2026-07-08 23:21:57 [info     ] algorithm2_scaling_decision    action=MAINTAIN alpha=0.014992503748125937 beta=0.0 buffer=1.2 current_replicas=3 predicted_load=65.57271638517301 required_resources=0.983 target_replicas=3
2026-07-08 23:21:57 [debug    ] Decision loop completed        action=MAINTAIN latency_ms=107.51 p99=537.0
2026-07-08 23:22:12 [debug    ] HAProxy fallback latency       delta_requests=1864 interval_avg_ms=963.01 max_rtime_ms=739.0 p99_est=739.0
2026-07-08 23:22:12 [debug    ] burn_rate_adjustment           actual_burn=0.01 adjustment=-7 allowed_burn=0.83 budget_remaining=993 burn_error=-0.983 burn_ratio=0.017
2026-07-08 23:22:12 [info     ] Knative pre-warm OK            cold_start_ms=3.1
2026-07-08 23:22:12 [info     ] controller_decision_v3         action=REACTIVE available_replicas=3 budget_remaining=993 burn_adjustment=-7 burst_ratio=0.1882 capacity_deficit=False confidence=0 current_load=123.24749276268797 decision_id=9affa2e9 k8s_capacity=100.1 k8s_weight=88 knative_weight=12 p99=739.0 predicted_load=0 r_effective=33.4 serverless_enabled=True total_load=123.2 weights_after={'k3s': 88, 'knative': 12} weights_before={'k3s': 100, 'knative': 0}
2026-07-08 23:22:12 [info     ] Weights updated                k3s=88 knative=12
2026-07-08 23:22:12 [info     ] Weights updated                action=REACTIVE reason='load=123RPS | k8s_cap=100RPS | (burst-routing)' weights={'k3s': 88, 'knative': 12}
2026-07-08 23:22:12 [info     ] algorithm2_scaling_decision    action=MAINTAIN alpha=0.014992503748125937 beta=0.0 buffer=1.2 current_replicas=3 predicted_load=100.97660940118163 required_resources=1.514 target_replicas=3
2026-07-08 23:22:12 [debug    ] Decision loop completed        action=REACTIVE latency_ms=124.34 p99=739.0
2026-07-08 23:22:27 [debug    ] burn_rate_adjustment           actual_burn=0.02 adjustment=-7 allowed_burn=0.83 budget_remaining=992 burn_error=-0.981 burn_ratio=0.019
2026-07-08 23:22:27 [info     ] controller_decision_v3         action=RECOVERY available_replicas=3 budget_remaining=992 burn_adjustment=-7 burst_ratio=0.1713 capacity_deficit=False confidence=0 current_load=120.72750870588129 decision_id=ab7e5658 k8s_capacity=100.1 k8s_weight=89 knative_weight=11 p99=739.0 predicted_load=0 r_effective=33.4 serverless_enabled=True total_load=120.7 weights_after={'k3s': 89, 'knative': 11} weights_before={'k3s': 88, 'knative': 12}
2026-07-08 23:22:27 [info     ] Weights updated                k3s=89 knative=11
2026-07-08 23:22:27 [info     ] Weights updated                action=RECOVERY reason='load=121RPS | k8s_cap=100RPS | (reducing-serverless)' weights={'k3s': 89, 'knative': 11}
2026-07-08 23:22:27 [info     ] algorithm2_scaling_decision    action=MAINTAIN alpha=0.014992503748125937 beta=0.0 buffer=1.2 current_replicas=3 predicted_load=121.98750073428462 required_resources=1.829 target_replicas=3
2026-07-08 23:22:27 [debug    ] Decision loop completed        action=RECOVERY latency_ms=142.71 p99=739.0
2026-07-08 23:22:42 [debug    ] burn_rate_adjustment           actual_burn=0.02 adjustment=-7 allowed_burn=0.83 budget_remaining=991 burn_error=-0.979 burn_ratio=0.021
2026-07-08 23:22:42 [info     ] controller_decision_v3         action=RECOVERY available_replicas=3 budget_remaining=991 burn_adjustment=-7 burst_ratio=0 capacity_deficit=False confidence=0 current_load=94.43704052149403 decision_id=de4dffb8 k8s_capacity=100.1 k8s_weight=100 knative_weight=0 p99=739.0 predicted_load=0 r_effective=33.4 serverless_enabled=False total_load=94.4 weights_after={'k3s': 100, 'knative': 0} weights_before={'k3s': 89, 'knative': 11}
2026-07-08 23:22:42 [info     ] Weights updated                k3s=100 knative=0
2026-07-08 23:22:42 [info     ] Weights updated                action=RECOVERY reason='load=94RPS | k8s_cap=100RPS | (reducing-serverless)' weights={'k3s': 100, 'knative': 0}
2026-07-08 23:22:42 [info     ] algorithm2_scaling_decision    action=MAINTAIN alpha=0.014992503748125937 beta=0.0 buffer=1.2 current_replicas=3 predicted_load=107.58227461368766 required_resources=1.613 target_replicas=3
2026-07-08 23:22:42 [debug    ] Decision loop completed        action=RECOVERY latency_ms=143.16 p99=739.0
2026-07-08 23:22:57 [debug    ] HAProxy fallback latency       delta_requests=1233 interval_avg_ms=72.0 max_rtime_ms=739.0 p99_est=144.0
2026-07-08 23:22:57 [debug    ] burn_rate_adjustment           actual_burn=0.02 adjustment=-7 allowed_burn=0.83 budget_remaining=991 burn_error=-0.98 burn_ratio=0.02
2026-07-08 23:22:57 [info     ] algorithm2_scaling_decision    action=MAINTAIN alpha=0.014992503748125937 beta=0.0 buffer=1.2 current_replicas=3 predicted_load=87.9292872756268 required_resources=1.318 target_replicas=3
2026-07-08 23:22:57 [debug    ] Decision loop completed        action=MAINTAIN latency_ms=108.89 p99=144.0
2026-07-08 23:23:13 [debug    ] HAProxy fallback latency       delta_requests=1145 interval_avg_ms=41.4 max_rtime_ms=739.0 p99_est=82.79
2026-07-08 23:23:13 [debug    ] burn_rate_adjustment           actual_burn=0.02 adjustment=-7 allowed_burn=0.83 budget_remaining=991 burn_error=-0.98 burn_ratio=0.02
2026-07-08 23:23:13 [info     ] algorithm2_scaling_decision    action=MAINTAIN alpha=0.014992503748125937 beta=0.0 buffer=1.2 current_replicas=3 predicted_load=78.60176667593034 required_resources=1.178 target_replicas=3
2026-07-08 23:23:13 [debug    ] Decision loop completed        action=MAINTAIN latency_ms=114.55 p99=82.79301310043668
2026-07-08 23:23:28 [debug    ] HAProxy fallback latency       delta_requests=1482 interval_avg_ms=2387.57 max_rtime_ms=739.0 p99_est=739.0
2026-07-08 23:23:28 [debug    ] burn_rate_adjustment           actual_burn=0.02 adjustment=-7 allowed_burn=0.83 budget_remaining=990 burn_error=-0.979 burn_ratio=0.021
2026-07-08 23:23:28 [info     ] algorithm2_scaling_decision    action=MAINTAIN alpha=0.014992503748125937 beta=0.0 buffer=1.2 current_replicas=3 predicted_load=86.88518796627125 required_resources=1.303 target_replicas=3
2026-07-08 23:23:28 [debug    ] Decision loop completed        action=MAINTAIN latency_ms=112.73 p99=739.0
2026-07-08 23:23:43 [debug    ] HAProxy fallback latency       delta_requests=1998 interval_avg_ms=685.55 max_rtime_ms=739.0 p99_est=739.0
2026-07-08 23:23:43 [debug    ] burn_rate_adjustment           actual_burn=0.02 adjustment=-7 allowed_burn=0.83 budget_remaining=989 burn_error=-0.977 burn_ratio=0.023
2026-07-08 23:23:43 [info     ] Knative pre-warm OK            cold_start_ms=3.0
2026-07-08 23:23:43 [info     ] controller_decision_v3         action=REACTIVE available_replicas=3 budget_remaining=989 burn_adjustment=-7 burst_ratio=0.2425 capacity_deficit=False confidence=0 current_load=132.07355434077613 decision_id=7f8edb11 k8s_capacity=100.1 k8s_weight=82 knative_weight=18 p99=739.0 predicted_load=0 r_effective=33.4 serverless_enabled=True total_load=132.1 weights_after={'k3s': 82, 'knative': 18} weights_before={'k3s': 100, 'knative': 0}
2026-07-08 23:23:43 [info     ] Weights updated                k3s=82 knative=18
2026-07-08 23:23:43 [info     ] Weights updated                action=REACTIVE reason='load=132RPS | k8s_cap=100RPS | (burst-routing)' weights={'k3s': 82, 'knative': 18}
2026-07-08 23:23:43 [info     ] algorithm2_scaling_decision    action=MAINTAIN alpha=0.014992503748125937 beta=0.0 buffer=1.2 current_replicas=3 predicted_load=115.03096547560878 required_resources=1.725 target_replicas=3
2026-07-08 23:23:43 [debug    ] Decision loop completed        action=REACTIVE latency_ms=116.28 p99=739.0
2026-07-08 23:23:58 [debug    ] burn_rate_adjustment           actual_burn=0.02 adjustment=-7 allowed_burn=0.83 budget_remaining=988 burn_error=-0.976 burn_ratio=0.024
2026-07-08 23:23:58 [info     ] controller_decision_v3         action=REACTIVE available_replicas=3 budget_remaining=988 burn_adjustment=-7 burst_ratio=0.3335 capacity_deficit=False confidence=0 current_load=150.10219567821795 decision_id=ad828fb9 k8s_capacity=100.1 k8s_weight=73 knative_weight=27 p99=739.0 predicted_load=0 r_effective=33.4 serverless_enabled=True total_load=150.1 weights_after={'k3s': 73, 'knative': 27} weights_before={'k3s': 82, 'knative': 18}
2026-07-08 23:23:58 [info     ] Weights updated                k3s=73 knative=27
2026-07-08 23:23:58 [info     ] Weights updated                action=REACTIVE reason='load=150RPS | k8s_cap=100RPS | (burst-routing)' weights={'k3s': 73, 'knative': 27}
2026-07-08 23:23:58 [info     ] algorithm2_scaling_decision    action=MAINTAIN alpha=0.014992503748125937 beta=0.0 buffer=1.2 current_replicas=3 predicted_load=141.08787500949705 required_resources=2.115 target_replicas=3
2026-07-08 23:23:58 [debug    ] Decision loop completed        action=REACTIVE latency_ms=111.94 p99=739.0
2026-07-08 23:24:13 [debug    ] burn_rate_adjustment           actual_burn=0.02 adjustment=-7 allowed_burn=0.83 budget_remaining=987 burn_error=-0.974 burn_ratio=0.026
2026-07-08 23:24:13 [info     ] controller_decision_v3         action=REACTIVE available_replicas=3 budget_remaining=987 burn_adjustment=-7 burst_ratio=0.3752 capacity_deficit=False confidence=0 current_load=160.1313686678382 decision_id=047bb2c3 k8s_capacity=100.1 k8s_weight=69 knative_weight=31 p99=739.0 predicted_load=0 r_effective=33.4 serverless_enabled=True total_load=160.1 weights_after={'k3s': 69, 'knative': 31} weights_before={'k3s': 73, 'knative': 27}
2026-07-08 23:24:13 [info     ] Weights updated                k3s=69 knative=31
2026-07-08 23:24:13 [info     ] Weights updated                action=REACTIVE reason='load=160RPS | k8s_cap=100RPS | (burst-routing)' weights={'k3s': 69, 'knative': 31}
2026-07-08 23:24:13 [info     ] algorithm2_scaling_decision    action=MAINTAIN alpha=0.014992503748125937 beta=0.0 buffer=1.2 current_replicas=3 predicted_load=155.11678217302807 required_resources=2.326 target_replicas=3
2026-07-08 23:24:13 [debug    ] Decision loop completed        action=REACTIVE latency_ms=111.86 p99=739.0
2026-07-08 23:24:28 [debug    ] burn_rate_adjustment           actual_burn=0.02 adjustment=-7 allowed_burn=0.83 budget_remaining=986 burn_error=-0.973 burn_ratio=0.027
2026-07-08 23:24:28 [info     ] controller_decision_v3         action=RECOVERY available_replicas=3 budget_remaining=986 burn_adjustment=-7 burst_ratio=0.3143 capacity_deficit=False confidence=0 current_load=145.90857350963492 decision_id=29d14362 k8s_capacity=100.1 k8s_weight=75 knative_weight=25 p99=739.0 predicted_load=0 r_effective=33.4 serverless_enabled=True total_load=145.9 weights_after={'k3s': 75, 'knative': 25} weights_before={'k3s': 69, 'knative': 31}
2026-07-08 23:24:28 [info     ] Weights updated                k3s=75 knative=25
2026-07-08 23:24:28 [info     ] Weights updated                action=RECOVERY reason='load=146RPS | k8s_cap=100RPS | (reducing-serverless)' weights={'k3s': 75, 'knative': 25}
2026-07-08 23:24:28 [info     ] algorithm2_scaling_decision    action=MAINTAIN alpha=0.014992503748125937 beta=0.0 buffer=1.2 current_replicas=3 predicted_load=153.01997108873655 required_resources=2.294 target_replicas=3
2026-07-08 23:24:28 [debug    ] Decision loop completed        action=RECOVERY latency_ms=148.8 p99=739.0
2026-07-08 23:24:43 [debug    ] burn_rate_adjustment           actual_burn=0.02 adjustment=-7 allowed_burn=0.83 budget_remaining=985 burn_error=-0.972 burn_ratio=0.028
2026-07-08 23:24:43 [info     ] controller_decision_v3         action=RECOVERY available_replicas=3 budget_remaining=985 burn_adjustment=-7 burst_ratio=0.1843 capacity_deficit=False confidence=0 current_load=122.64840073472419 decision_id=d470c85f k8s_capacity=100.1 k8s_weight=88 knative_weight=12 p99=739.0 predicted_load=0 r_effective=33.4 serverless_enabled=True total_load=122.6 weights_after={'k3s': 88, 'knative': 12} weights_before={'k3s': 75, 'knative': 25}
2026-07-08 23:24:43 [info     ] Weights updated                k3s=88 knative=12
2026-07-08 23:24:43 [info     ] Weights updated                action=RECOVERY reason='load=123RPS | k8s_cap=100RPS | (reducing-serverless)' weights={'k3s': 88, 'knative': 12}
2026-07-08 23:24:43 [info     ] algorithm2_scaling_decision    action=MAINTAIN alpha=0.014992503748125937 beta=0.0 buffer=1.2 current_replicas=3 predicted_load=134.27848712217957 required_resources=2.013 target_replicas=3
2026-07-08 23:24:43 [debug    ] Decision loop completed        action=RECOVERY latency_ms=138.43 p99=739.0
2026-07-08 23:24:58 [debug    ] HAProxy fallback latency       delta_requests=1786 interval_avg_ms=844.09 max_rtime_ms=842.0 p99_est=842.0
2026-07-08 23:24:58 [debug    ] burn_rate_adjustment           actual_burn=0.02 adjustment=-7 allowed_burn=0.83 budget_remaining=984 burn_error=-0.97 burn_ratio=0.03
2026-07-08 23:24:58 [info     ] controller_decision_v3         action=RECOVERY available_replicas=3 budget_remaining=984 burn_adjustment=-7 burst_ratio=0.1515 capacity_deficit=False confidence=0 current_load=117.91107614664982 decision_id=9b2bc26d k8s_capacity=100.1 k8s_weight=91 knative_weight=9 p99=842.0 predicted_load=0 r_effective=33.4 serverless_enabled=True total_load=117.9 weights_after={'k3s': 91, 'knative': 9} weights_before={'k3s': 88, 'knative': 12}
2026-07-08 23:24:58 [info     ] Weights updated                k3s=91 knative=9
2026-07-08 23:24:58 [info     ] Weights updated                action=RECOVERY reason='load=118RPS | k8s_cap=100RPS | (reducing-serverless)' weights={'k3s': 91, 'knative': 9}
2026-07-08 23:24:58 [info     ] algorithm2_scaling_decision    action=MAINTAIN alpha=0.014992503748125937 beta=0.0 buffer=1.2 current_replicas=3 predicted_load=120.279738440687 required_resources=1.803 target_replicas=3
2026-07-08 23:24:58 [debug    ] Decision loop completed        action=RECOVERY latency_ms=137.95 p99=842.0
2026-07-08 23:25:14 [debug    ] HAProxy fallback latency       delta_requests=1821 interval_avg_ms=1052.95 max_rtime_ms=842.0 p99_est=842.0
2026-07-08 23:25:14 [debug    ] burn_rate_adjustment           actual_burn=0.03 adjustment=-7 allowed_burn=0.83 budget_remaining=983 burn_error=-0.969 burn_ratio=0.031
2026-07-08 23:25:14 [info     ] controller_decision_v3         action=REACTIVE available_replicas=3 budget_remaining=983 burn_adjustment=-7 burst_ratio=0.1683 capacity_deficit=False confidence=0 current_load=120.29653188042671 decision_id=bbcbf367 k8s_capacity=100.1 k8s_weight=90 knative_weight=10 p99=842.0 predicted_load=0 r_effective=33.4 serverless_enabled=True total_load=120.3 weights_after={'k3s': 90, 'knative': 10} weights_before={'k3s': 91, 'knative': 9}
2026-07-08 23:25:14 [info     ] Weights updated                k3s=90 knative=10
2026-07-08 23:25:14 [info     ] Weights updated                action=REACTIVE reason='load=120RPS | k8s_cap=100RPS | (burst-routing)' weights={'k3s': 90, 'knative': 10}
2026-07-08 23:25:14 [info     ] algorithm2_scaling_decision    action=MAINTAIN alpha=0.014992503748125937 beta=0.0 buffer=1.2 current_replicas=3 predicted_load=119.10380401353827 required_resources=1.786 target_replicas=3
2026-07-08 23:25:14 [debug    ] Decision loop completed        action=REACTIVE latency_ms=114.62 p99=842.0
2026-07-08 23:25:29 [debug    ] HAProxy fallback latency       delta_requests=1817 interval_avg_ms=920.03 max_rtime_ms=842.0 p99_est=842.0
2026-07-08 23:25:29 [debug    ] burn_rate_adjustment           actual_burn=0.03 adjustment=-7 allowed_burn=0.83 budget_remaining=982 burn_error=-0.968 burn_ratio=0.032
2026-07-08 23:25:29 [info     ] algorithm2_scaling_decision    action=MAINTAIN alpha=0.014992503748125937 beta=0.0 buffer=1.2 current_replicas=3 predicted_load=120.25409162238827 required_resources=1.803 target_replicas=3
2026-07-08 23:25:29 [debug    ] Decision loop completed        action=MAINTAIN latency_ms=106.44 p99=842.0
2026-07-08 23:25:44 [debug    ] HAProxy fallback latency       delta_requests=1788 interval_avg_ms=1321.92 max_rtime_ms=842.0 p99_est=842.0
2026-07-08 23:25:44 [debug    ] burn_rate_adjustment           actual_burn=0.03 adjustment=-7 allowed_burn=0.83 budget_remaining=981 burn_error=-0.967 burn_ratio=0.033
2026-07-08 23:25:44 [info     ] controller_decision_v3         action=RECOVERY available_replicas=3 budget_remaining=981 burn_adjustment=-7 burst_ratio=0.1547 capacity_deficit=False confidence=0 current_load=118.35810798942086 decision_id=5750a0a1 k8s_capacity=100.1 k8s_weight=91 knative_weight=9 p99=842.0 predicted_load=0 r_effective=33.4 serverless_enabled=True total_load=118.4 weights_after={'k3s': 91, 'knative': 9} weights_before={'k3s': 90, 'knative': 10}
2026-07-08 23:25:44 [info     ] Weights updated                k3s=91 knative=9
2026-07-08 23:25:44 [info     ] Weights updated                action=RECOVERY reason='load=118RPS | k8s_cap=100RPS | (reducing-serverless)' weights={'k3s': 91, 'knative': 9}
2026-07-08 23:25:44 [info     ] algorithm2_scaling_decision    action=MAINTAIN alpha=0.014992503748125937 beta=0.0 buffer=1.2 current_replicas=3 predicted_load=119.28487967688535 required_resources=1.788 target_replicas=3
2026-07-08 23:25:44 [debug    ] Decision loop completed        action=RECOVERY latency_ms=146.75 p99=842.0
2026-07-08 23:25:59 [debug    ] burn_rate_adjustment           actual_burn=0.03 adjustment=-7 allowed_burn=0.83 budget_remaining=980 burn_error=-0.966 burn_ratio=0.034
2026-07-08 23:25:59 [info     ] controller_decision_v3         action=RECOVERY available_replicas=3 budget_remaining=980 burn_adjustment=-7 burst_ratio=0.028 capacity_deficit=False confidence=0 current_load=102.92699427507036 decision_id=455cd888 k8s_capacity=100.1 k8s_weight=100 knative_weight=0 p99=842.0 predicted_load=0 r_effective=33.4 serverless_enabled=False total_load=102.9 weights_after={'k3s': 100, 'knative': 0} weights_before={'k3s': 91, 'knative': 9}
2026-07-08 23:25:59 [info     ] Weights updated                k3s=100 knative=0
2026-07-08 23:25:59 [info     ] Weights updated                action=RECOVERY reason='load=103RPS | k8s_cap=100RPS | (reducing-serverless)' weights={'k3s': 100, 'knative': 0}
2026-07-08 23:25:59 [info     ] algorithm2_scaling_decision    action=MAINTAIN alpha=0.014992503748125937 beta=0.0 buffer=1.2 current_replicas=3 predicted_load=110.64255113224561 required_resources=1.659 target_replicas=3
2026-07-08 23:25:59 [debug    ] Decision loop completed        action=RECOVERY latency_ms=140.84 p99=842.0
2026-07-08 23:26:14 [debug    ] burn_rate_adjustment           actual_burn=0.03 adjustment=-7 allowed_burn=0.83 budget_remaining=979 burn_error=-0.965 burn_ratio=0.035
2026-07-08 23:26:14 [info     ] algorithm2_scaling_decision    action=MAINTAIN alpha=0.014992503748125937 beta=0.0 buffer=1.2 current_replicas=3 predicted_load=93.16933953422004 required_resources=1.397 target_replicas=3
2026-07-08 23:26:14 [debug    ] Decision loop completed        action=MAINTAIN latency_ms=109.88 p99=842.0
2026-07-08 23:26:29 [debug    ] burn_rate_adjustment           actual_burn=0.03 adjustment=-7 allowed_burn=0.83 budget_remaining=978 burn_error=-0.964 burn_ratio=0.036
2026-07-08 23:26:29 [info     ] algorithm2_scaling_decision    action=MAINTAIN alpha=0.014992503748125937 beta=0.0 buffer=1.2 current_replicas=3 predicted_load=78.73519866857738 required_resources=1.18 target_replicas=3
2026-07-08 23:26:29 [debug    ] Decision loop completed        action=MAINTAIN latency_ms=102.66 p99=842.0
2026-07-08 23:26:44 [debug    ] burn_rate_adjustment           actual_burn=0.03 adjustment=-7 allowed_burn=0.83 budget_remaining=977 burn_error=-0.963 burn_ratio=0.037
2026-07-08 23:26:44 [info     ] algorithm2_scaling_decision    action=MAINTAIN alpha=0.014992503748125937 beta=0.0 buffer=1.2 current_replicas=3 predicted_load=71.55956550306482 required_resources=1.073 target_replicas=3
2026-07-08 23:26:44 [debug    ] Decision loop completed        action=MAINTAIN latency_ms=109.33 p99=842.0
2026-07-08 23:26:59 [debug    ] HAProxy fallback latency       delta_requests=1171 interval_avg_ms=121.78 max_rtime_ms=842.0 p99_est=243.56
2026-07-08 23:26:59 [debug    ] burn_rate_adjustment           actual_burn=0.03 adjustment=-7 allowed_burn=0.83 budget_remaining=976 burn_error=-0.963 burn_ratio=0.037
2026-07-08 23:26:59 [info     ] algorithm2_scaling_decision    action=MAINTAIN alpha=0.014992503748125937 beta=0.0 buffer=1.2 current_replicas=3 predicted_load=73.24767284918704 required_resources=1.098 target_replicas=3
2026-07-08 23:26:59 [debug    ] Decision loop completed        action=MAINTAIN latency_ms=102.04 p99=243.5610589239966
2026-07-08 23:27:14 [debug    ] HAProxy fallback latency       delta_requests=1328 interval_avg_ms=537.59 max_rtime_ms=842.0 p99_est=842.0
2026-07-08 23:27:14 [debug    ] burn_rate_adjustment           actual_burn=0.03 adjustment=-7 allowed_burn=0.83 budget_remaining=975 burn_error=-0.962 burn_ratio=0.038
2026-07-08 23:27:15 [info     ] algorithm2_scaling_decision    action=MAINTAIN alpha=0.014992503748125937 beta=0.0 buffer=1.2 current_replicas=3 predicted_load=82.6845267050729 required_resources=1.24 target_replicas=3
2026-07-08 23:27:15 [debug    ] Decision loop completed        action=MAINTAIN latency_ms=104.44 p99=842.0
2026-07-08 23:27:30 [debug    ] burn_rate_adjustment           actual_burn=0.03 adjustment=-7 allowed_burn=0.83 budget_remaining=974 burn_error=-0.961 burn_ratio=0.039
2026-07-08 23:27:30 [info     ] algorithm2_scaling_decision    action=MAINTAIN alpha=0.014992503748125937 beta=0.0 buffer=1.2 current_replicas=3 predicted_load=80.4124636956726 required_resources=1.206 target_replicas=3
2026-07-08 23:27:30 [debug    ] Decision loop completed        action=MAINTAIN latency_ms=105.22 p99=842.0
2026-07-08 23:27:45 [debug    ] burn_rate_adjustment           actual_burn=0.03 adjustment=-7 allowed_burn=0.83 budget_remaining=973 burn_error=-0.96 burn_ratio=0.04
2026-07-08 23:27:45 [info     ] algorithm2_scaling_decision    action=MAINTAIN alpha=0.014992503748125937 beta=0.0 buffer=1.2 current_replicas=3 predicted_load=62.230761090462245 required_resources=0.933 target_replicas=3
2026-07-08 23:27:45 [debug    ] Decision loop completed        action=MAINTAIN latency_ms=110.32 p99=842.0
2026-07-08 23:28:00 [debug    ] burn_rate_adjustment           actual_burn=0.03 adjustment=-7 allowed_burn=0.83 budget_remaining=972 burn_error=-0.96 burn_ratio=0.04
2026-07-08 23:28:00 [info     ] algorithm2_scaling_decision    action=MAINTAIN alpha=0.014992503748125937 beta=0.0 buffer=1.2 current_replicas=3 predicted_load=49.080959277642414 required_resources=0.736 target_replicas=3
2026-07-08 23:28:00 [debug    ] Decision loop completed        action=MAINTAIN latency_ms=102.04 p99=842.0
2026-07-08 23:28:15 [debug    ] HAProxy fallback latency       delta_requests=694 interval_avg_ms=64.0 max_rtime_ms=842.0 p99_est=128.0
2026-07-08 23:28:15 [debug    ] burn_rate_adjustment           actual_burn=0.03 adjustment=-7 allowed_burn=0.83 budget_remaining=972 burn_error=-0.96 burn_ratio=0.04
2026-07-08 23:28:15 [info     ] algorithm2_scaling_decision    action=MAINTAIN alpha=0.014992503748125937 beta=0.0 buffer=1.2 current_replicas=3 predicted_load=46.23881365516344 required_resources=0.693 target_replicas=3
2026-07-08 23:28:15 [debug    ] Decision loop completed        action=MAINTAIN latency_ms=111.44 p99=128.0
2026-07-08 23:28:30 [debug    ] HAProxy fallback latency       delta_requests=655 interval_avg_ms=64.0 max_rtime_ms=842.0 p99_est=128.0
2026-07-08 23:28:30 [debug    ] burn_rate_adjustment           actual_burn=0.03 adjustment=-7 allowed_burn=0.83 budget_remaining=972 burn_error=-0.961 burn_ratio=0.039
2026-07-08 23:28:30 [info     ] algorithm2_scaling_decision    action=MAINTAIN alpha=0.014992503748125937 beta=0.0 buffer=1.2 current_replicas=3 predicted_load=44.61575381168508 required_resources=0.669 target_replicas=3
2026-07-08 23:28:30 [debug    ] Decision loop completed        action=MAINTAIN latency_ms=103.36 p99=128.0
2026-07-08 23:28:45 [debug    ] HAProxy fallback latency       delta_requests=631 interval_avg_ms=64.0 max_rtime_ms=842.0 p99_est=128.0
2026-07-08 23:28:45 [debug    ] burn_rate_adjustment           actual_burn=0.03 adjustment=-7 allowed_burn=0.83 budget_remaining=972 burn_error=-0.962 burn_ratio=0.038
2026-07-08 23:28:45 [info     ] algorithm2_scaling_decision    action=MAINTAIN alpha=0.014992503748125937 beta=0.0 buffer=1.2 current_replicas=3 predicted_load=42.59394490229815 required_resources=0.639 target_replicas=3
2026-07-08 23:28:45 [debug    ] Decision loop completed        action=MAINTAIN latency_ms=100.59 p99=128.0
2026-07-08 23:29:00 [debug    ] HAProxy fallback latency       delta_requests=828 interval_avg_ms=145.34 max_rtime_ms=842.0 p99_est=290.69
2026-07-08 23:29:00 [debug    ] burn_rate_adjustment           actual_burn=0.03 adjustment=-7 allowed_burn=0.83 budget_remaining=971 burn_error=-0.961 burn_ratio=0.039
2026-07-08 23:29:00 [info     ] algorithm2_scaling_decision    action=MAINTAIN alpha=0.014992503748125937 beta=0.0 buffer=1.2 current_replicas=3 predicted_load=48.27254892227006 required_resources=0.724 target_replicas=3
2026-07-08 23:29:00 [debug    ] Decision loop completed        action=MAINTAIN latency_ms=110.65 p99=290.68840579710144
2026-07-08 23:29:15 [debug    ] HAProxy fallback latency       delta_requests=1056 interval_avg_ms=453.69 max_rtime_ms=842.0 p99_est=842.0
2026-07-08 23:29:15 [debug    ] burn_rate_adjustment           actual_burn=0.03 adjustment=-7 allowed_burn=0.83 budget_remaining=970 burn_error=-0.96 burn_ratio=0.04
2026-07-08 23:29:15 [info     ] algorithm2_scaling_decision    action=MAINTAIN alpha=0.014992503748125937 beta=0.0 buffer=1.2 current_replicas=3 predicted_load=62.2921853570708 required_resources=0.934 target_replicas=3
2026-07-08 23:29:15 [debug    ] Decision loop completed        action=MAINTAIN latency_ms=109.01 p99=842.0
2026-07-08 23:29:30 [debug    ] HAProxy fallback latency       delta_requests=1075 interval_avg_ms=71.0 max_rtime_ms=842.0 p99_est=142.0
2026-07-08 23:29:30 [debug    ] burn_rate_adjustment           actual_burn=0.03 adjustment=-7 allowed_burn=0.83 budget_remaining=970 burn_error=-0.961 burn_ratio=0.039
2026-07-08 23:29:30 [info     ] algorithm2_scaling_decision    action=MAINTAIN alpha=0.014992503748125937 beta=0.0 buffer=1.2 current_replicas=3 predicted_load=70.54983765178002 required_resources=1.058 target_replicas=3
2026-07-08 23:29:30 [debug    ] Decision loop completed        action=MAINTAIN latency_ms=109.35 p99=142.0
2026-07-08 23:29:46 [debug    ] HAProxy fallback latency       delta_requests=1050 interval_avg_ms=138.18 max_rtime_ms=842.0 p99_est=276.35
2026-07-08 23:29:46 [debug    ] burn_rate_adjustment           actual_burn=0.03 adjustment=-7 allowed_burn=0.83 budget_remaining=969 burn_error=-0.96 burn_ratio=0.04
2026-07-08 23:29:46 [info     ] algorithm2_scaling_decision    action=MAINTAIN alpha=0.014992503748125937 beta=0.0 buffer=1.2 current_replicas=3 predicted_load=70.35428464127503 required_resources=1.055 target_replicas=3
2026-07-08 23:29:46 [debug    ] Decision loop completed        action=MAINTAIN latency_ms=101.82 p99=276.3504761904762
2026-07-08 23:30:01 [debug    ] HAProxy fallback latency       delta_requests=1071 interval_avg_ms=72.0 max_rtime_ms=842.0 p99_est=144.0
2026-07-08 23:30:01 [debug    ] burn_rate_adjustment           actual_burn=0.03 adjustment=-7 allowed_burn=0.83 budget_remaining=969 burn_error=-0.961 burn_ratio=0.039
2026-07-08 23:30:01 [info     ] algorithm2_scaling_decision    action=MAINTAIN alpha=0.014992503748125937 beta=0.0 buffer=1.2 current_replicas=3 predicted_load=70.16755655345645 required_resources=1.052 target_replicas=3
2026-07-08 23:30:01 [debug    ] Decision loop completed        action=MAINTAIN latency_ms=111.58 p99=144.0
2026-07-08 23:30:16 [debug    ] HAProxy fallback latency       delta_requests=1126 interval_avg_ms=265.78 max_rtime_ms=842.0 p99_est=531.55
2026-07-08 23:30:16 [debug    ] burn_rate_adjustment           actual_burn=0.03 adjustment=-7 allowed_burn=0.83 budget_remaining=968 burn_error=-0.96 burn_ratio=0.04
2026-07-08 23:30:16 [info     ] algorithm2_scaling_decision    action=MAINTAIN alpha=0.014992503748125937 beta=0.0 buffer=1.2 current_replicas=3 predicted_load=72.68149281243782 required_resources=1.09 target_replicas=3
2026-07-08 23:30:16 [debug    ] Decision loop completed        action=MAINTAIN latency_ms=109.68 p99=531.5541740674955
2026-07-08 23:30:31 [debug    ] HAProxy fallback latency       delta_requests=1387 interval_avg_ms=1945.32 max_rtime_ms=842.0 p99_est=842.0
2026-07-08 23:30:31 [debug    ] burn_rate_adjustment           actual_burn=0.03 adjustment=-7 allowed_burn=0.83 budget_remaining=967 burn_error=-0.96 burn_ratio=0.04
2026-07-08 23:30:31 [info     ] algorithm2_scaling_decision    action=MAINTAIN alpha=0.014992503748125937 beta=0.0 buffer=1.2 current_replicas=3 predicted_load=83.15667842353997 required_resources=1.247 target_replicas=3
2026-07-08 23:30:31 [debug    ] Decision loop completed        action=MAINTAIN latency_ms=108.53 p99=842.0
2026-07-08 23:30:46 [debug    ] HAProxy fallback latency       delta_requests=1634 interval_avg_ms=1269.0 max_rtime_ms=842.0 p99_est=842.0
2026-07-08 23:30:46 [debug    ] burn_rate_adjustment           actual_burn=0.03 adjustment=-7 allowed_burn=0.83 budget_remaining=966 burn_error=-0.959 burn_ratio=0.041
2026-07-08 23:30:46 [info     ] Knative pre-warm OK            cold_start_ms=3.2
2026-07-08 23:30:46 [info     ] controller_decision_v3         action=REACTIVE available_replicas=3 budget_remaining=966 burn_adjustment=-7 burst_ratio=0.0749 capacity_deficit=False confidence=0 current_load=108.14801835016682 decision_id=b6b2a20d k8s_capacity=100.1 k8s_weight=99 knative_weight=1 p99=842.0 predicted_load=0 r_effective=33.4 serverless_enabled=True total_load=108.1 weights_after={'k3s': 99, 'knative': 1} weights_before={'k3s': 100, 'knative': 0}
2026-07-08 23:30:46 [info     ] Weights updated                k3s=99 knative=1
2026-07-08 23:30:46 [info     ] Weights updated                action=REACTIVE reason='load=108RPS | k8s_cap=100RPS | (burst-routing)' weights={'k3s': 99, 'knative': 1}
2026-07-08 23:30:46 [info     ] algorithm2_scaling_decision    action=MAINTAIN alpha=0.014992503748125937 beta=0.0 buffer=1.2 current_replicas=3 predicted_load=99.97126196536436 required_resources=1.499 target_replicas=3
2026-07-08 23:30:46 [debug    ] Decision loop completed        action=REACTIVE latency_ms=113.56 p99=842.0
2026-07-08 23:31:01 [debug    ] burn_rate_adjustment           actual_burn=0.03 adjustment=-7 allowed_burn=0.83 budget_remaining=965 burn_error=-0.959 burn_ratio=0.041
2026-07-08 23:31:01 [info     ] controller_decision_v3         action=RECOVERY available_replicas=3 budget_remaining=965 burn_adjustment=-7 burst_ratio=0 capacity_deficit=False confidence=0 current_load=96.33980482112136 decision_id=7d8e1f67 k8s_capacity=100.1 k8s_weight=100 knative_weight=0 p99=842.0 predicted_load=0 r_effective=33.4 serverless_enabled=False total_load=96.3 weights_after={'k3s': 100, 'knative': 0} weights_before={'k3s': 99, 'knative': 1}
2026-07-08 23:31:01 [info     ] Weights updated                k3s=100 knative=0
2026-07-08 23:31:01 [info     ] Weights updated                action=RECOVERY reason='load=96RPS | k8s_cap=100RPS | (reducing-serverless)' weights={'k3s': 100, 'knative': 0}
2026-07-08 23:31:01 [info     ] algorithm2_scaling_decision    action=MAINTAIN alpha=0.014992503748125937 beta=0.0 buffer=1.2 current_replicas=3 predicted_load=102.2439115856441 required_resources=1.533 target_replicas=3
2026-07-08 23:31:01 [debug    ] Decision loop completed        action=RECOVERY latency_ms=146.85 p99=842.0
2026-07-08 23:31:16 [debug    ] burn_rate_adjustment           actual_burn=0.04 adjustment=-7 allowed_burn=0.83 budget_remaining=964 burn_error=-0.958 burn_ratio=0.042
2026-07-08 23:31:16 [info     ] algorithm2_scaling_decision    action=MAINTAIN alpha=0.014992503748125937 beta=0.0 buffer=1.2 current_replicas=3 predicted_load=87.51684624086077 required_resources=1.312 target_replicas=3
2026-07-08 23:31:16 [debug    ] Decision loop completed        action=MAINTAIN latency_ms=107.38 p99=842.0
2026-07-08 23:31:31 [debug    ] burn_rate_adjustment           actual_burn=0.04 adjustment=-7 allowed_burn=0.83 budget_remaining=963 burn_error=-0.957 burn_ratio=0.043
2026-07-08 23:31:31 [info     ] algorithm2_scaling_decision    action=MAINTAIN alpha=0.014992503748125937 beta=0.0 buffer=1.2 current_replicas=3 predicted_load=70.12675035961992 required_resources=1.051 target_replicas=3
2026-07-08 23:31:31 [debug    ] Decision loop completed        action=MAINTAIN latency_ms=108.68 p99=842.0
2026-07-08 23:31:46 [debug    ] burn_rate_adjustment           actual_burn=0.04 adjustment=-7 allowed_burn=0.83 budget_remaining=962 burn_error=-0.957 burn_ratio=0.043
2026-07-08 23:31:47 [info     ] algorithm2_scaling_decision    action=MAINTAIN alpha=0.014992503748125937 beta=0.0 buffer=1.2 current_replicas=3 predicted_load=53.91170230253734 required_resources=0.808 target_replicas=3
2026-07-08 23:31:47 [debug    ] Decision loop completed        action=MAINTAIN latency_ms=105.42 p99=842.0
2026-07-08 23:32:02 [debug    ] HAProxy fallback latency       delta_requests=657 interval_avg_ms=64.0 max_rtime_ms=842.0 p99_est=128.0
2026-07-08 23:32:02 [debug    ] burn_rate_adjustment           actual_burn=0.04 adjustment=-7 allowed_burn=0.83 budget_remaining=962 burn_error=-0.958 burn_ratio=0.042
2026-07-08 23:32:02 [info     ] algorithm2_scaling_decision    action=MAINTAIN alpha=0.014992503748125937 beta=0.0 buffer=1.2 current_replicas=3 predicted_load=44.91246735194315 required_resources=0.673 target_replicas=3
2026-07-08 23:32:02 [debug    ] Decision loop completed        action=MAINTAIN latency_ms=121.95 p99=128.0
2026-07-08 23:32:17 [debug    ] HAProxy fallback latency       delta_requests=666 interval_avg_ms=64.0 max_rtime_ms=842.0 p99_est=128.0
2026-07-08 23:32:17 [debug    ] burn_rate_adjustment           actual_burn=0.03 adjustment=-7 allowed_burn=0.83 budget_remaining=962 burn_error=-0.958 burn_ratio=0.042
2026-07-08 23:32:17 [info     ] algorithm2_scaling_decision    action=MAINTAIN alpha=0.014992503748125937 beta=0.0 buffer=1.2 current_replicas=3 predicted_load=43.800936088305484 required_resources=0.657 target_replicas=3
2026-07-08 23:32:17 [debug    ] Decision loop completed        action=MAINTAIN latency_ms=103.69 p99=128.0
2026-07-08 23:32:32 [debug    ] HAProxy fallback latency       delta_requests=770 interval_avg_ms=170.65 max_rtime_ms=842.0 p99_est=341.3
2026-07-08 23:32:32 [debug    ] burn_rate_adjustment           actual_burn=0.04 adjustment=-7 allowed_burn=0.83 budget_remaining=961 burn_error=-0.958 burn_ratio=0.042
2026-07-08 23:32:32 [info     ] algorithm2_scaling_decision    action=MAINTAIN alpha=0.014992503748125937 beta=0.0 buffer=1.2 current_replicas=3 predicted_load=47.5111288834716 required_resources=0.712 target_replicas=3
2026-07-08 23:32:32 [debug    ] Decision loop completed        action=MAINTAIN latency_ms=105.38 p99=341.3012987012987
2026-07-08 23:32:47 [debug    ] HAProxy fallback latency       delta_requests=856 interval_avg_ms=65.0 max_rtime_ms=842.0 p99_est=130.0
2026-07-08 23:32:47 [debug    ] burn_rate_adjustment           actual_burn=0.03 adjustment=-7 allowed_burn=0.83 budget_remaining=961 burn_error=-0.958 burn_ratio=0.042
2026-07-08 23:32:47 [info     ] algorithm2_scaling_decision    action=MAINTAIN alpha=0.014992503748125937 beta=0.0 buffer=1.2 current_replicas=3 predicted_load=53.789649941653124 required_resources=0.806 target_replicas=3
2026-07-08 23:32:47 [debug    ] Decision loop completed        action=MAINTAIN latency_ms=111.22 p99=130.0
2026-07-08 23:33:02 [debug    ] HAProxy fallback latency       delta_requests=722 interval_avg_ms=65.0 max_rtime_ms=842.0 p99_est=130.0
2026-07-08 23:33:02 [debug    ] burn_rate_adjustment           actual_burn=0.03 adjustment=-7 allowed_burn=0.83 budget_remaining=961 burn_error=-0.959 burn_ratio=0.041
2026-07-08 23:33:02 [info     ] algorithm2_scaling_decision    action=MAINTAIN alpha=0.014992503748125937 beta=0.0 buffer=1.2 current_replicas=3 predicted_load=52.222788213768 required_resources=0.783 target_replicas=3
2026-07-08 23:33:02 [debug    ] Decision loop completed        action=MAINTAIN latency_ms=107.96 p99=130.0
2026-07-08 23:33:17 [debug    ] HAProxy fallback latency       delta_requests=582 interval_avg_ms=65.0 max_rtime_ms=842.0 p99_est=130.0
2026-07-08 23:33:17 [debug    ] burn_rate_adjustment           actual_burn=0.03 adjustment=-7 allowed_burn=0.83 budget_remaining=961 burn_error=-0.959 burn_ratio=0.041
2026-07-08 23:33:17 [info     ] algorithm2_scaling_decision    action=MAINTAIN alpha=0.014992503748125937 beta=0.0 buffer=1.2 current_replicas=3 predicted_load=43.151653305503885 required_resources=0.647 target_replicas=3
2026-07-08 23:33:17 [debug    ] Decision loop completed        action=MAINTAIN latency_ms=112.02 p99=130.0
2026-07-08 23:33:32 [debug    ] HAProxy fallback latency       delta_requests=582 interval_avg_ms=65.0 max_rtime_ms=842.0 p99_est=130.0
2026-07-08 23:33:32 [debug    ] burn_rate_adjustment           actual_burn=0.03 adjustment=-7 allowed_burn=0.83 budget_remaining=961 burn_error=-0.96 burn_ratio=0.04
2026-07-08 23:33:32 [info     ] algorithm2_scaling_decision    action=MAINTAIN alpha=0.014992503748125937 beta=0.0 buffer=1.2 current_replicas=3 predicted_load=38.51719565344186 required_resources=0.577 target_replicas=3
2026-07-08 23:33:32 [debug    ] Decision loop completed        action=MAINTAIN latency_ms=104.85 p99=130.0
2026-07-08 23:33:47 [debug    ] HAProxy fallback latency       delta_requests=605 interval_avg_ms=65.0 max_rtime_ms=842.0 p99_est=130.0
2026-07-08 23:33:47 [debug    ] burn_rate_adjustment           actual_burn=0.03 adjustment=-7 allowed_burn=0.83 budget_remaining=961 burn_error=-0.96 burn_ratio=0.04
2026-07-08 23:33:47 [info     ] algorithm2_scaling_decision    action=MAINTAIN alpha=0.014992503748125937 beta=0.0 buffer=1.2 current_replicas=3 predicted_load=39.31594965764158 required_resources=0.589 target_replicas=3
2026-07-08 23:33:47 [debug    ] Decision loop completed        action=MAINTAIN latency_ms=112.21 p99=130.0
2026-07-08 23:34:02 [debug    ] burn_rate_adjustment           actual_burn=0.03 adjustment=-7 allowed_burn=0.83 budget_remaining=961 burn_error=-0.961 burn_ratio=0.039
2026-07-08 23:34:02 [info     ] algorithm2_scaling_decision    action=MAINTAIN alpha=0.014992503748125937 beta=0.0 buffer=1.2 current_replicas=3 predicted_load=40.80376292338593 required_resources=0.612 target_replicas=3
2026-07-08 23:34:02 [debug    ] Decision loop completed        action=MAINTAIN latency_ms=106.63 p99=130.0
2026-07-08 23:34:18 [debug    ] HAProxy fallback latency       delta_requests=660 interval_avg_ms=64.0 max_rtime_ms=842.0 p99_est=128.0
2026-07-08 23:34:18 [debug    ] burn_rate_adjustment           actual_burn=0.03 adjustment=-7 allowed_burn=0.83 budget_remaining=961 burn_error=-0.961 burn_ratio=0.039
2026-07-08 23:34:18 [info     ] algorithm2_scaling_decision    action=MAINTAIN alpha=0.014992503748125937 beta=0.0 buffer=1.2 current_replicas=3 predicted_load=42.62190308677671 required_resources=0.639 target_replicas=3
2026-07-08 23:34:18 [debug    ] Decision loop completed        action=MAINTAIN latency_ms=105.32 p99=128.0
2026-07-08 23:34:33 [debug    ] HAProxy fallback latency       delta_requests=738 interval_avg_ms=182.56 max_rtime_ms=842.0 p99_est=365.11
2026-07-08 23:34:33 [debug    ] burn_rate_adjustment           actual_burn=0.03 adjustment=-7 allowed_burn=0.83 budget_remaining=960 burn_error=-0.961 burn_ratio=0.039
2026-07-08 23:34:33 [info     ] algorithm2_scaling_decision    action=MAINTAIN alpha=0.014992503748125937 beta=0.0 buffer=1.2 current_replicas=3 predicted_load=46.238907620991 required_resources=0.693 target_replicas=3
2026-07-08 23:34:33 [debug    ] Decision loop completed        action=MAINTAIN latency_ms=105.95 p99=365.1111111111111
2026-07-08 23:34:48 [debug    ] HAProxy fallback latency       delta_requests=346 interval_avg_ms=318.87 max_rtime_ms=842.0 p99_est=637.75
2026-07-08 23:34:48 [debug    ] burn_rate_adjustment           actual_burn=0.03 adjustment=-7 allowed_burn=0.83 budget_remaining=959 burn_error=-0.96 burn_ratio=0.04
2026-07-08 23:34:48 [info     ] algorithm2_scaling_decision    action=MAINTAIN alpha=0.014992503748125937 beta=0.0 buffer=1.2 current_replicas=3 predicted_load=35.91290234709407 required_resources=0.538 target_replicas=3
2026-07-08 23:34:48 [debug    ] Decision loop completed        action=MAINTAIN latency_ms=111.19 p99=637.7456647398844
2026-07-08 23:35:03 [info     ] algorithm2_scaling_decision    action=MAINTAIN alpha=0.014992503748125937 beta=0.0 buffer=1.2 current_replicas=3 predicted_load=11.518639553190821 required_resources=0.173 target_replicas=3
2026-07-08 23:35:03 [debug    ] Decision loop completed        action=MAINTAIN latency_ms=105.74 p99=637.7456647398844
2026-07-08 23:35:18 [info     ] algorithm2_scaling_decision    action=MAINTAIN alpha=0.014992503748125937 beta=0.0 buffer=1.2 current_replicas=3 predicted_load=0.0 required_resources=0.0 target_replicas=3
2026-07-08 23:35:18 [debug    ] Decision loop completed        action=MAINTAIN latency_ms=108.3 p99=637.7456647398844
2026-07-08 23:35:33 [info     ] algorithm2_scaling_decision    action=MAINTAIN alpha=0.014992503748125937 beta=0.0 buffer=1.2 current_replicas=3 predicted_load=0.0 required_resources=0.0 target_replicas=3
2026-07-08 23:35:33 [debug    ] Decision loop completed        action=MAINTAIN latency_ms=101.88 p99=637.7456647398844
2026-07-08 23:35:40 [info     ] Received shutdown signal
2026-07-08 23:35:40 [info     ] Stopping routing daemon...
2026-07-08 23:35:40 [info     ] Routing daemon stopped
