2026-07-08 21:43:40 [info     ] SLOMonitor initialized         threshold_ms=200.0 violation_window=30
2026-07-08 21:43:40 [info     ] Algorithm1ControllerV3 initialized max_knative=50 r_saturation=66.7 target_cpu_util=0.5 total_budget=1000
2026-07-08 21:43:40 [info     ] Using V3 controller (Capacity-Driven) scenario=s4-hybrid-predictive version=v3
2026-07-08 21:43:40 [info     ] HAProxyWeightAdjuster initialized backend=servers host=localhost port=19999
2026-07-08 21:43:40 [info     ] GRUClient initialized          base_url=http://localhost:8090
2026-07-08 21:43:40 [info     ] K8sScaler initialized          deployment=test-app-warm namespace=default
2026-07-08 21:43:40 [info     ] RoutingDaemon initialized      decision_interval=15 description='Algorithm 1 with GRU predictions (Algorithm 2)' scenario=s4-hybrid-predictive use_algorithm=True use_predictions=True
2026-07-08 21:43:40 [info     ] Starting routing daemon        interval=15 scenario=s4-hybrid-predictive
2026-07-08 21:43:40 [info     ] Weights updated                k3s=80 knative=20
2026-07-08 21:43:40 [info     ] Initial weights applied        k3s=80 knative=20
2026-07-08 21:43:40 [debug    ] HAProxy fallback primed        total_requests=0
2026-07-08 21:43:40 [info     ] algorithm2_scaling_decision    action=MAINTAIN alpha=0.014992503748125937 beta=0.0 buffer=1.2 current_replicas=3 predicted_load=0.0 required_resources=0.0 target_replicas=3
2026-07-08 21:43:40 [debug    ] Decision loop completed        action=MAINTAIN latency_ms=108.7 p99=0.0
2026-07-08 21:43:55 [info     ] algorithm2_scaling_decision    action=MAINTAIN alpha=0.014992503748125937 beta=0.0 buffer=1.2 current_replicas=3 predicted_load=0.0 required_resources=0.0 target_replicas=3
2026-07-08 21:43:55 [debug    ] Decision loop completed        action=MAINTAIN latency_ms=107.76 p99=0.0
2026-07-08 21:44:10 [info     ] algorithm2_scaling_decision    action=MAINTAIN alpha=0.014992503748125937 beta=0.0 buffer=1.2 current_replicas=3 predicted_load=0.0 required_resources=0.0 target_replicas=3
2026-07-08 21:44:10 [debug    ] Decision loop completed        action=MAINTAIN latency_ms=108.4 p99=0.0
2026-07-08 21:44:25 [debug    ] HAProxy fallback latency       delta_requests=641 interval_avg_ms=64.0 max_rtime_ms=68.0 p99_est=68.0
2026-07-08 21:44:25 [debug    ] burn_rate_adjustment           actual_burn=0.0 adjustment=-5 allowed_burn=0.83 budget_remaining=1000 burn_error=-1.0 burn_ratio=0.0
2026-07-08 21:44:25 [info     ] controller_decision_v3         action=RECOVERY available_replicas=3 budget_remaining=1000 burn_adjustment=-5 burst_ratio=0 capacity_deficit=False confidence=0 current_load=42.297806731034605 decision_id=94cfdc8c k8s_capacity=100.1 k8s_weight=100 knative_weight=0 p99=68.0 predicted_load=0 r_effective=33.4 serverless_enabled=False total_load=42.3 weights_after={'k3s': 100, 'knative': 0} weights_before={'k3s': 80, 'knative': 20}
2026-07-08 21:44:25 [info     ] Weights updated                k3s=100 knative=0
2026-07-08 21:44:25 [info     ] Weights updated                action=RECOVERY reason='load=42RPS | k8s_cap=100RPS | (reducing-serverless)' weights={'k3s': 100, 'knative': 0}
2026-07-08 21:44:25 [info     ] algorithm2_scaling_decision    action=MAINTAIN alpha=0.014992503748125937 beta=0.0 buffer=1.2 current_replicas=3 predicted_load=21.148903365517302 required_resources=0.317 target_replicas=3
2026-07-08 21:44:25 [debug    ] Decision loop completed        action=RECOVERY latency_ms=147.16 p99=68.0
2026-07-08 21:44:40 [debug    ] HAProxy fallback latency       delta_requests=666 interval_avg_ms=64.0 max_rtime_ms=90.0 p99_est=90.0
2026-07-08 21:44:40 [debug    ] burn_rate_adjustment           actual_burn=0.0 adjustment=-6 allowed_burn=0.83 budget_remaining=1000 burn_error=-1.0 burn_ratio=0.0
2026-07-08 21:44:40 [info     ] algorithm2_scaling_decision    action=MAINTAIN alpha=0.014992503748125937 beta=0.0 buffer=1.2 current_replicas=3 predicted_load=43.166190708966255 required_resources=0.647 target_replicas=3
2026-07-08 21:44:40 [debug    ] Decision loop completed        action=MAINTAIN latency_ms=111.25 p99=90.0
2026-07-08 21:44:55 [debug    ] HAProxy fallback latency       delta_requests=716 interval_avg_ms=66.83 max_rtime_ms=93.0 p99_est=93.0
2026-07-08 21:44:56 [debug    ] GRU prediction received        confidence=0.72 latency_ms=12.35 predicted=66
2026-07-08 21:44:56 [debug    ] Using GRU prediction           confidence=0.72 predicted=66
2026-07-08 21:44:56 [debug    ] burn_rate_adjustment           actual_burn=0.0 adjustment=-6 allowed_burn=0.83 budget_remaining=1000 burn_error=-1.0 burn_ratio=0.0
2026-07-08 21:44:56 [info     ] algorithm2_scaling_decision    action=MAINTAIN alpha=0.014992503748125937 beta=0.0 buffer=1.2 current_replicas=3 predicted_load=66.0 required_resources=0.99 target_replicas=3
2026-07-08 21:44:56 [debug    ] Decision loop completed        action=MAINTAIN latency_ms=121.49 p99=93.0
2026-07-08 21:45:11 [debug    ] HAProxy fallback latency       delta_requests=824 interval_avg_ms=61.54 max_rtime_ms=109.0 p99_est=109.0
2026-07-08 21:45:11 [debug    ] GRU prediction received        confidence=0.72 latency_ms=11.05 predicted=67
2026-07-08 21:45:11 [debug    ] Using GRU prediction           confidence=0.72 predicted=67
2026-07-08 21:45:11 [debug    ] burn_rate_adjustment           actual_burn=0.0 adjustment=-7 allowed_burn=0.83 budget_remaining=1000 burn_error=-1.0 burn_ratio=0.0
2026-07-08 21:45:11 [info     ] algorithm2_scaling_decision    action=MAINTAIN alpha=0.014992503748125937 beta=0.0 buffer=1.2 current_replicas=3 predicted_load=67.0 required_resources=1.004 target_replicas=3
2026-07-08 21:45:11 [debug    ] Decision loop completed        action=MAINTAIN latency_ms=121.48 p99=109.0
2026-07-08 21:45:26 [debug    ] HAProxy fallback latency       delta_requests=767 interval_avg_ms=68.71 max_rtime_ms=110.0 p99_est=110.0
2026-07-08 21:45:26 [debug    ] GRU prediction received        confidence=0.82 latency_ms=10.54 predicted=67
2026-07-08 21:45:26 [debug    ] Using GRU prediction           confidence=0.82 predicted=67
2026-07-08 21:45:26 [debug    ] burn_rate_adjustment           actual_burn=0.0 adjustment=-7 allowed_burn=0.83 budget_remaining=1000 burn_error=-1.0 burn_ratio=0.0
2026-07-08 21:45:26 [info     ] algorithm2_scaling_decision    action=MAINTAIN alpha=0.014992503748125937 beta=0.0 buffer=1.2 current_replicas=3 predicted_load=67.0 required_resources=1.004 target_replicas=3
2026-07-08 21:45:26 [debug    ] Decision loop completed        action=MAINTAIN latency_ms=117.8 p99=110.0
2026-07-08 21:45:41 [debug    ] HAProxy fallback latency       delta_requests=546 interval_avg_ms=72.62 max_rtime_ms=119.0 p99_est=119.0
2026-07-08 21:45:41 [debug    ] GRU prediction received        confidence=0.78 latency_ms=12.06 predicted=66
2026-07-08 21:45:41 [debug    ] Using GRU prediction           confidence=0.78 predicted=66
2026-07-08 21:45:41 [debug    ] burn_rate_adjustment           actual_burn=0.0 adjustment=-7 allowed_burn=0.83 budget_remaining=1000 burn_error=-1.0 burn_ratio=0.0
2026-07-08 21:45:41 [info     ] algorithm2_scaling_decision    action=MAINTAIN alpha=0.014992503748125937 beta=0.0 buffer=1.2 current_replicas=3 predicted_load=66.0 required_resources=0.99 target_replicas=3
2026-07-08 21:45:41 [debug    ] Decision loop completed        action=MAINTAIN latency_ms=121.5 p99=119.0
2026-07-08 21:45:56 [debug    ] HAProxy fallback latency       delta_requests=412 interval_avg_ms=54.9 max_rtime_ms=119.0 p99_est=109.81
2026-07-08 21:45:56 [debug    ] GRU prediction received        confidence=0.72 latency_ms=12.63 predicted=66
2026-07-08 21:45:56 [debug    ] Using GRU prediction           confidence=0.72 predicted=66
2026-07-08 21:45:56 [debug    ] burn_rate_adjustment           actual_burn=0.0 adjustment=-7 allowed_burn=0.83 budget_remaining=1000 burn_error=-1.0 burn_ratio=0.0
2026-07-08 21:45:56 [info     ] algorithm2_scaling_decision    action=MAINTAIN alpha=0.014992503748125937 beta=0.0 buffer=1.2 current_replicas=3 predicted_load=66.0 required_resources=0.99 target_replicas=3
2026-07-08 21:45:56 [debug    ] Decision loop completed        action=MAINTAIN latency_ms=114.32 p99=109.80582524271844
2026-07-08 21:46:11 [debug    ] HAProxy fallback latency       delta_requests=358 interval_avg_ms=65.0 max_rtime_ms=119.0 p99_est=119.0
2026-07-08 21:46:11 [debug    ] GRU prediction received        confidence=0.72 latency_ms=11.76 predicted=65
2026-07-08 21:46:11 [debug    ] Using GRU prediction           confidence=0.72 predicted=65
2026-07-08 21:46:11 [debug    ] burn_rate_adjustment           actual_burn=0.0 adjustment=-7 allowed_burn=0.83 budget_remaining=1000 burn_error=-1.0 burn_ratio=0.0
2026-07-08 21:46:11 [info     ] algorithm2_scaling_decision    action=MAINTAIN alpha=0.014992503748125937 beta=0.0 buffer=1.2 current_replicas=3 predicted_load=65.0 required_resources=0.975 target_replicas=3
2026-07-08 21:46:11 [debug    ] Decision loop completed        action=MAINTAIN latency_ms=121.31 p99=119.0
2026-07-08 21:46:26 [debug    ] HAProxy fallback latency       delta_requests=485 interval_avg_ms=65.0 max_rtime_ms=119.0 p99_est=119.0
2026-07-08 21:46:26 [debug    ] GRU prediction received        confidence=0.72 latency_ms=12.06 predicted=65
2026-07-08 21:46:26 [debug    ] Using GRU prediction           confidence=0.72 predicted=65
2026-07-08 21:46:26 [debug    ] burn_rate_adjustment           actual_burn=0.0 adjustment=-7 allowed_burn=0.83 budget_remaining=1000 burn_error=-1.0 burn_ratio=0.0
2026-07-08 21:46:26 [info     ] algorithm2_scaling_decision    action=MAINTAIN alpha=0.014992503748125937 beta=0.0 buffer=1.2 current_replicas=3 predicted_load=65.0 required_resources=0.975 target_replicas=3
2026-07-08 21:46:26 [debug    ] Decision loop completed        action=MAINTAIN latency_ms=123.12 p99=119.0
2026-07-08 21:46:41 [debug    ] HAProxy fallback latency       delta_requests=775 interval_avg_ms=65.0 max_rtime_ms=119.0 p99_est=119.0
2026-07-08 21:46:41 [debug    ] GRU prediction received        confidence=0.72 latency_ms=14.01 predicted=65
2026-07-08 21:46:41 [debug    ] Using GRU prediction           confidence=0.72 predicted=65
2026-07-08 21:46:41 [debug    ] burn_rate_adjustment           actual_burn=0.0 adjustment=-7 allowed_burn=0.83 budget_remaining=1000 burn_error=-1.0 burn_ratio=0.0
2026-07-08 21:46:41 [info     ] algorithm2_scaling_decision    action=MAINTAIN alpha=0.014992503748125937 beta=0.0 buffer=1.2 current_replicas=3 predicted_load=65.0 required_resources=0.975 target_replicas=3
2026-07-08 21:46:41 [debug    ] Decision loop completed        action=MAINTAIN latency_ms=127.41 p99=119.0
2026-07-08 21:46:56 [debug    ] HAProxy fallback latency       delta_requests=812 interval_avg_ms=65.0 max_rtime_ms=119.0 p99_est=119.0
2026-07-08 21:46:56 [debug    ] GRU prediction received        confidence=0.72 latency_ms=13.67 predicted=66
2026-07-08 21:46:56 [debug    ] Using GRU prediction           confidence=0.72 predicted=66
2026-07-08 21:46:57 [debug    ] burn_rate_adjustment           actual_burn=0.0 adjustment=-7 allowed_burn=0.83 budget_remaining=1000 burn_error=-1.0 burn_ratio=0.0
2026-07-08 21:46:57 [info     ] algorithm2_scaling_decision    action=MAINTAIN alpha=0.014992503748125937 beta=0.0 buffer=1.2 current_replicas=3 predicted_load=66.0 required_resources=0.99 target_replicas=3
2026-07-08 21:46:57 [debug    ] Decision loop completed        action=MAINTAIN latency_ms=120.95 p99=119.0
2026-07-08 21:47:12 [debug    ] HAProxy fallback latency       delta_requests=637 interval_avg_ms=53.01 max_rtime_ms=119.0 p99_est=106.02
2026-07-08 21:47:12 [debug    ] GRU prediction received        confidence=0.72 latency_ms=13.9 predicted=65
2026-07-08 21:47:12 [debug    ] Using GRU prediction           confidence=0.72 predicted=65
2026-07-08 21:47:12 [debug    ] burn_rate_adjustment           actual_burn=0.0 adjustment=-7 allowed_burn=0.83 budget_remaining=1000 burn_error=-1.0 burn_ratio=0.0
2026-07-08 21:47:12 [info     ] algorithm2_scaling_decision    action=MAINTAIN alpha=0.014992503748125937 beta=0.0 buffer=1.2 current_replicas=3 predicted_load=65.0 required_resources=0.975 target_replicas=3
2026-07-08 21:47:12 [debug    ] Decision loop completed        action=MAINTAIN latency_ms=123.78 p99=106.01569858712716
2026-07-08 21:47:27 [debug    ] HAProxy fallback latency       delta_requests=658 interval_avg_ms=76.61 max_rtime_ms=119.0 p99_est=119.0
2026-07-08 21:47:27 [debug    ] GRU prediction received        confidence=0.75 latency_ms=9.85 predicted=65
2026-07-08 21:47:27 [debug    ] Using GRU prediction           confidence=0.75 predicted=65
2026-07-08 21:47:27 [debug    ] burn_rate_adjustment           actual_burn=0.0 adjustment=-7 allowed_burn=0.83 budget_remaining=1000 burn_error=-1.0 burn_ratio=0.0
2026-07-08 21:47:27 [info     ] algorithm2_scaling_decision    action=MAINTAIN alpha=0.014992503748125937 beta=0.0 buffer=1.2 current_replicas=3 predicted_load=65.0 required_resources=0.975 target_replicas=3
2026-07-08 21:47:27 [debug    ] Decision loop completed        action=MAINTAIN latency_ms=119.35 p99=119.0
2026-07-08 21:47:42 [debug    ] HAProxy fallback latency       delta_requests=832 interval_avg_ms=65.0 max_rtime_ms=125.0 p99_est=125.0
2026-07-08 21:47:42 [debug    ] GRU prediction received        confidence=0.8 latency_ms=11.92 predicted=66
2026-07-08 21:47:42 [debug    ] Using GRU prediction           confidence=0.8 predicted=66
2026-07-08 21:47:42 [debug    ] burn_rate_adjustment           actual_burn=0.0 adjustment=-7 allowed_burn=0.83 budget_remaining=1000 burn_error=-1.0 burn_ratio=0.0
2026-07-08 21:47:42 [info     ] algorithm2_scaling_decision    action=MAINTAIN alpha=0.014992503748125937 beta=0.0 buffer=1.2 current_replicas=3 predicted_load=66.0 required_resources=0.99 target_replicas=3
2026-07-08 21:47:42 [debug    ] Decision loop completed        action=MAINTAIN latency_ms=116.91 p99=125.0
2026-07-08 21:47:57 [debug    ] HAProxy fallback latency       delta_requests=916 interval_avg_ms=54.03 max_rtime_ms=128.0 p99_est=108.07
2026-07-08 21:47:57 [debug    ] GRU prediction received        confidence=0.78 latency_ms=14.78 predicted=66
2026-07-08 21:47:57 [debug    ] Using GRU prediction           confidence=0.78 predicted=66
2026-07-08 21:47:57 [debug    ] burn_rate_adjustment           actual_burn=0.0 adjustment=-7 allowed_burn=0.83 budget_remaining=1000 burn_error=-1.0 burn_ratio=0.0
2026-07-08 21:47:57 [info     ] algorithm2_scaling_decision    action=MAINTAIN alpha=0.014992503748125937 beta=0.0 buffer=1.2 current_replicas=3 predicted_load=66.0 required_resources=0.99 target_replicas=3
2026-07-08 21:47:57 [debug    ] Decision loop completed        action=MAINTAIN latency_ms=125.23 p99=108.06768558951966
2026-07-08 21:48:12 [debug    ] HAProxy fallback latency       delta_requests=932 interval_avg_ms=64.0 max_rtime_ms=128.0 p99_est=128.0
2026-07-08 21:48:12 [debug    ] GRU prediction received        confidence=0.76 latency_ms=12.05 predicted=67
2026-07-08 21:48:12 [debug    ] Using GRU prediction           confidence=0.76 predicted=67
2026-07-08 21:48:12 [debug    ] Proactive amplification        amplified=85.9 approach_ratio=0.62 load_trend=4.9 raw_pred=67
2026-07-08 21:48:12 [debug    ] burn_rate_adjustment           actual_burn=0.0 adjustment=-7 allowed_burn=0.83 budget_remaining=1000 burn_error=-1.0 burn_ratio=0.0
2026-07-08 21:48:12 [info     ] algorithm2_scaling_decision    action=MAINTAIN alpha=0.014992503748125937 beta=0.0 buffer=1.2 current_replicas=3 predicted_load=67.0 required_resources=1.004 target_replicas=3
2026-07-08 21:48:12 [debug    ] Decision loop completed        action=MAINTAIN latency_ms=114.75 p99=128.0
2026-07-08 21:48:27 [debug    ] HAProxy fallback latency       delta_requests=1005 interval_avg_ms=87.84 max_rtime_ms=128.0 p99_est=128.0
2026-07-08 21:48:27 [debug    ] GRU prediction received        confidence=0.78 latency_ms=10.48 predicted=67
2026-07-08 21:48:27 [debug    ] Using GRU prediction           confidence=0.78 predicted=67
2026-07-08 21:48:27 [debug    ] Proactive amplification        amplified=95.2 approach_ratio=0.66 load_trend=5.7 raw_pred=67
2026-07-08 21:48:27 [debug    ] burn_rate_adjustment           actual_burn=0.0 adjustment=-7 allowed_burn=0.83 budget_remaining=1000 burn_error=-1.0 burn_ratio=0.0
2026-07-08 21:48:27 [info     ] algorithm2_scaling_decision    action=MAINTAIN alpha=0.014992503748125937 beta=0.0 buffer=1.2 current_replicas=3 predicted_load=67.0 required_resources=1.004 target_replicas=3
2026-07-08 21:48:27 [debug    ] Decision loop completed        action=MAINTAIN latency_ms=113.69 p99=128.0
2026-07-08 21:48:42 [debug    ] HAProxy fallback latency       delta_requests=1119 interval_avg_ms=54.29 max_rtime_ms=128.0 p99_est=108.58
2026-07-08 21:48:42 [debug    ] GRU prediction received        confidence=0.81 latency_ms=11.1 predicted=68
2026-07-08 21:48:42 [debug    ] Using GRU prediction           confidence=0.81 predicted=68
2026-07-08 21:48:42 [debug    ] Proactive amplification        amplified=97.8 approach_ratio=0.74 load_trend=4.8 raw_pred=68
2026-07-08 21:48:42 [debug    ] burn_rate_adjustment           actual_burn=0.0 adjustment=-7 allowed_burn=0.83 budget_remaining=1000 burn_error=-1.0 burn_ratio=0.0
2026-07-08 21:48:42 [info     ] algorithm2_scaling_decision    action=MAINTAIN alpha=0.014992503748125937 beta=0.0 buffer=1.2 current_replicas=3 predicted_load=70.23176692565409 required_resources=1.053 target_replicas=3
2026-07-08 21:48:42 [debug    ] Decision loop completed        action=MAINTAIN latency_ms=124.08 p99=108.58445040214477
2026-07-08 21:48:57 [debug    ] HAProxy fallback latency       delta_requests=1275 interval_avg_ms=87.55 max_rtime_ms=128.0 p99_est=128.0
2026-07-08 21:48:57 [debug    ] GRU prediction received        confidence=0.79 latency_ms=9.93 predicted=69
2026-07-08 21:48:57 [debug    ] Using GRU prediction           confidence=0.79 predicted=69
2026-07-08 21:48:57 [debug    ] Proactive amplification        amplified=113.9 approach_ratio=0.84 load_trend=5.9 raw_pred=69
2026-07-08 21:48:57 [debug    ] burn_rate_adjustment           actual_burn=0.0 adjustment=-7 allowed_burn=0.83 budget_remaining=1000 burn_error=-1.0 burn_ratio=0.0
2026-07-08 21:48:57 [info     ] Knative pre-warm OK            cold_start_ms=3.1
2026-07-08 21:48:57 [info     ] controller_decision_v3         action=PREDICTIVE available_replicas=3 budget_remaining=1000 burn_adjustment=-7 burst_ratio=0.122 capacity_deficit=False confidence=0.79 current_load=84.30411999694422 decision_id=9780be51 k8s_capacity=100.1 k8s_weight=94 knative_weight=6 p99=128.0 predicted_load=69 r_effective=33.4 serverless_enabled=True total_load=113.9 weights_after={'k3s': 94, 'knative': 6} weights_before={'k3s': 100, 'knative': 0}
2026-07-08 21:48:57 [info     ] Weights updated                k3s=94 knative=6
2026-07-08 21:48:57 [info     ] Weights updated                action=PREDICTIVE reason='load=114RPS | k8s_cap=100RPS | (prediction-driven)' weights={'k3s': 94, 'knative': 6}
2026-07-08 21:48:58 [info     ] algorithm2_scaling_decision    action=MAINTAIN alpha=0.014992503748125937 beta=0.0 buffer=1.2 current_replicas=3 predicted_load=79.17130604997436 required_resources=1.187 target_replicas=3
2026-07-08 21:48:58 [debug    ] Decision loop completed        action=PREDICTIVE latency_ms=123.56 p99=128.0
2026-07-08 21:49:13 [debug    ] HAProxy fallback latency       delta_requests=1460 interval_avg_ms=77.85 max_rtime_ms=142.0 p99_est=142.0
2026-07-08 21:49:13 [debug    ] GRU prediction received        confidence=0.75 latency_ms=12.11 predicted=71
2026-07-08 21:49:13 [debug    ] Using GRU prediction           confidence=0.75 predicted=71
2026-07-08 21:49:13 [debug    ] Proactive amplification        amplified=140.0 approach_ratio=0.96 load_trend=8.7 raw_pred=71
2026-07-08 21:49:13 [debug    ] burn_rate_adjustment           actual_burn=0.0 adjustment=-7 allowed_burn=0.83 budget_remaining=1000 burn_error=-1.0 burn_ratio=0.0
2026-07-08 21:49:13 [info     ] controller_decision_v3         action=PREDICTIVE available_replicas=3 budget_remaining=1000 burn_adjustment=-7 burst_ratio=0.2855 capacity_deficit=False confidence=0.75 current_load=96.46470457694791 decision_id=5f2e3391 k8s_capacity=100.1 k8s_weight=78 knative_weight=22 p99=142.0 predicted_load=71 r_effective=33.4 serverless_enabled=True total_load=140.0 weights_after={'k3s': 78, 'knative': 22} weights_before={'k3s': 94, 'knative': 6}
2026-07-08 21:49:13 [info     ] Weights updated                k3s=78 knative=22
2026-07-08 21:49:13 [info     ] Weights updated                action=PREDICTIVE reason='load=140RPS | k8s_cap=100RPS | (prediction-driven)' weights={'k3s': 78, 'knative': 22}
2026-07-08 21:49:13 [info     ] algorithm2_scaling_decision    action=MAINTAIN alpha=0.014992503748125937 beta=0.0 buffer=1.2 current_replicas=3 predicted_load=90.38441228694606 required_resources=1.355 target_replicas=3
2026-07-08 21:49:13 [debug    ] Decision loop completed        action=PREDICTIVE latency_ms=132.51 p99=142.0
2026-07-08 21:49:28 [debug    ] HAProxy fallback latency       delta_requests=1670 interval_avg_ms=78.48 max_rtime_ms=157.0 p99_est=156.97
2026-07-08 21:49:28 [debug    ] GRU prediction received        confidence=0.74 latency_ms=11.89 predicted=73
2026-07-08 21:49:28 [debug    ] Using GRU prediction           confidence=0.74 predicted=73
2026-07-08 21:49:28 [debug    ] Proactive amplification        amplified=165.3 approach_ratio=1.1 load_trend=11.0 raw_pred=73
2026-07-08 21:49:28 [debug    ] burn_rate_adjustment           actual_burn=0.0 adjustment=-7 allowed_burn=0.83 budget_remaining=1000 burn_error=-1.0 burn_ratio=0.0
2026-07-08 21:49:28 [info     ] controller_decision_v3         action=PREDICTIVE available_replicas=3 budget_remaining=1000 burn_adjustment=-7 burst_ratio=0.3947 capacity_deficit=False confidence=0.74 current_load=110.36271701528395 decision_id=ec81a5f9 k8s_capacity=100.1 k8s_weight=67 knative_weight=33 p99=157.0 predicted_load=73 r_effective=33.4 serverless_enabled=True total_load=165.3 weights_after={'k3s': 67, 'knative': 33} weights_before={'k3s': 78, 'knative': 22}
2026-07-08 21:49:28 [info     ] Weights updated                k3s=67 knative=33
2026-07-08 21:49:28 [info     ] Weights updated                action=PREDICTIVE reason='load=165RPS | k8s_cap=100RPS | (prediction-driven)' weights={'k3s': 67, 'knative': 33}
2026-07-08 21:49:28 [info     ] algorithm2_scaling_decision    action=MAINTAIN alpha=0.014992503748125937 beta=0.0 buffer=1.2 current_replicas=3 predicted_load=103.41371079611594 required_resources=1.55 target_replicas=3
2026-07-08 21:49:28 [debug    ] Decision loop completed        action=PREDICTIVE latency_ms=122.79 p99=156.96526946107784
2026-07-08 21:49:43 [debug    ] HAProxy fallback latency       delta_requests=1893 interval_avg_ms=48.5 max_rtime_ms=157.0 p99_est=97.01
2026-07-08 21:49:43 [debug    ] GRU prediction received        confidence=0.73 latency_ms=10.81 predicted=75
2026-07-08 21:49:43 [debug    ] Using GRU prediction           confidence=0.73 predicted=75
2026-07-08 21:49:43 [debug    ] Proactive amplification        amplified=188.9 approach_ratio=1.25 load_trend=12.8 raw_pred=75
2026-07-08 21:49:43 [debug    ] burn_rate_adjustment           actual_burn=0.0 adjustment=-7 allowed_burn=0.83 budget_remaining=1000 burn_error=-1.0 burn_ratio=0.0
2026-07-08 21:49:43 [info     ] controller_decision_v3         action=PREDICTIVE available_replicas=3 budget_remaining=1000 burn_adjustment=-7 burst_ratio=0.4705 capacity_deficit=False confidence=0.73 current_load=125.10924589564328 decision_id=50d6c82e k8s_capacity=100.1 k8s_weight=59 knative_weight=41 p99=97.0 predicted_load=75 r_effective=33.4 serverless_enabled=True total_load=188.9 weights_after={'k3s': 59, 'knative': 41} weights_before={'k3s': 67, 'knative': 33}
2026-07-08 21:49:43 [info     ] Weights updated                k3s=59 knative=41
2026-07-08 21:49:43 [info     ] Weights updated                action=PREDICTIVE reason='load=189RPS | k8s_cap=100RPS | (prediction-driven)' weights={'k3s': 59, 'knative': 41}
2026-07-08 21:49:43 [info     ] algorithm2_scaling_decision    action=MAINTAIN alpha=0.014992503748125937 beta=0.0 buffer=1.2 current_replicas=3 predicted_load=117.73598145546362 required_resources=1.765 target_replicas=3
2026-07-08 21:49:43 [debug    ] Decision loop completed        action=PREDICTIVE latency_ms=128.47 p99=97.00898045430533
2026-07-08 21:49:58 [debug    ] HAProxy fallback latency       delta_requests=1718 interval_avg_ms=54.71 max_rtime_ms=157.0 p99_est=109.42
2026-07-08 21:49:58 [debug    ] GRU prediction received        confidence=0.78 latency_ms=15.18 predicted=78
2026-07-08 21:49:58 [debug    ] Using GRU prediction           confidence=0.78 predicted=78
2026-07-08 21:49:58 [debug    ] Proactive amplification        amplified=150.4 approach_ratio=1.14 load_trend=7.3 raw_pred=78
2026-07-08 21:49:58 [debug    ] burn_rate_adjustment           actual_burn=0.0 adjustment=-7 allowed_burn=0.83 budget_remaining=1000 burn_error=-1.0 burn_ratio=0.0
2026-07-08 21:49:58 [info     ] controller_decision_v3         action=RECOVERY available_replicas=3 budget_remaining=1000 burn_adjustment=-7 burst_ratio=0.3348 capacity_deficit=False confidence=0.78 current_load=113.68363022248052 decision_id=bac91f28 k8s_capacity=100.1 k8s_weight=73 knative_weight=27 p99=109.4 predicted_load=78 r_effective=33.4 serverless_enabled=True total_load=150.4 weights_after={'k3s': 73, 'knative': 27} weights_before={'k3s': 59, 'knative': 41}
2026-07-08 21:49:58 [info     ] Weights updated                k3s=73 knative=27
2026-07-08 21:49:58 [info     ] Weights updated                action=RECOVERY reason='load=150RPS | k8s_cap=100RPS | (reducing-serverless)' weights={'k3s': 73, 'knative': 27}
2026-07-08 21:49:58 [info     ] algorithm2_scaling_decision    action=MAINTAIN alpha=0.014992503748125937 beta=0.0 buffer=1.2 current_replicas=3 predicted_load=119.3964380590619 required_resources=1.79 target_replicas=3
2026-07-08 21:49:58 [debug    ] Decision loop completed        action=RECOVERY latency_ms=154.06 p99=109.41676367869616
2026-07-08 21:50:13 [debug    ] HAProxy fallback latency       delta_requests=1313 interval_avg_ms=48.92 max_rtime_ms=157.0 p99_est=97.83
2026-07-08 21:50:13 [debug    ] GRU prediction received        confidence=0.79 latency_ms=9.95 predicted=78
2026-07-08 21:50:13 [debug    ] Using GRU prediction           confidence=0.79 predicted=78
2026-07-08 21:50:13 [debug    ] burn_rate_adjustment           actual_burn=0.0 adjustment=-7 allowed_burn=0.83 budget_remaining=1000 burn_error=-1.0 burn_ratio=0.0
2026-07-08 21:50:13 [info     ] controller_decision_v3         action=RECOVERY available_replicas=3 budget_remaining=1000 burn_adjustment=-7 burst_ratio=0 capacity_deficit=False confidence=0.79 current_load=86.64586087337736 decision_id=7a3ee480 k8s_capacity=100.1 k8s_weight=100 knative_weight=0 p99=97.8 predicted_load=78 r_effective=33.4 serverless_enabled=False total_load=86.6 weights_after={'k3s': 100, 'knative': 0} weights_before={'k3s': 73, 'knative': 27}
2026-07-08 21:50:13 [info     ] Weights updated                k3s=100 knative=0
2026-07-08 21:50:13 [info     ] Weights updated                action=RECOVERY reason='load=87RPS | k8s_cap=100RPS | (reducing-serverless)' weights={'k3s': 100, 'knative': 0}
2026-07-08 21:50:13 [info     ] algorithm2_scaling_decision    action=MAINTAIN alpha=0.014992503748125937 beta=0.0 buffer=1.2 current_replicas=3 predicted_load=100.16474554792893 required_resources=1.502 target_replicas=3
2026-07-08 21:50:13 [debug    ] Decision loop completed        action=RECOVERY latency_ms=157.1 p99=97.83396801218584
2026-07-08 21:50:28 [debug    ] HAProxy fallback latency       delta_requests=1132 interval_avg_ms=85.81 max_rtime_ms=157.0 p99_est=157.0
2026-07-08 21:50:28 [debug    ] GRU prediction received        confidence=0.74 latency_ms=11.88 predicted=77
2026-07-08 21:50:28 [debug    ] Using GRU prediction           confidence=0.74 predicted=77
2026-07-08 21:50:28 [debug    ] burn_rate_adjustment           actual_burn=0.0 adjustment=-7 allowed_burn=0.83 budget_remaining=1000 burn_error=-1.0 burn_ratio=0.0
2026-07-08 21:50:28 [info     ] algorithm2_scaling_decision    action=MAINTAIN alpha=0.014992503748125937 beta=0.0 buffer=1.2 current_replicas=3 predicted_load=80.66529305768273 required_resources=1.209 target_replicas=3
2026-07-08 21:50:28 [debug    ] Decision loop completed        action=MAINTAIN latency_ms=122.57 p99=157.0
2026-07-08 21:50:43 [debug    ] HAProxy fallback latency       delta_requests=1074 interval_avg_ms=66.0 max_rtime_ms=157.0 p99_est=132.0
2026-07-08 21:50:43 [debug    ] GRU prediction received        confidence=0.72 latency_ms=11.97 predicted=77
2026-07-08 21:50:43 [debug    ] Using GRU prediction           confidence=0.72 predicted=77
2026-07-08 21:50:43 [debug    ] burn_rate_adjustment           actual_burn=0.0 adjustment=-7 allowed_burn=0.83 budget_remaining=1000 burn_error=-1.0 burn_ratio=0.0
2026-07-08 21:50:43 [info     ] algorithm2_scaling_decision    action=MAINTAIN alpha=0.014992503748125937 beta=0.0 buffer=1.2 current_replicas=3 predicted_load=77.0 required_resources=1.154 target_replicas=3
2026-07-08 21:50:43 [debug    ] Decision loop completed        action=MAINTAIN latency_ms=135.42 p99=132.0
2026-07-08 21:50:59 [debug    ] HAProxy fallback latency       delta_requests=945 interval_avg_ms=66.0 max_rtime_ms=157.0 p99_est=132.0
2026-07-08 21:50:59 [debug    ] GRU prediction received        confidence=0.72 latency_ms=10.88 predicted=76
2026-07-08 21:50:59 [debug    ] Using GRU prediction           confidence=0.72 predicted=76
2026-07-08 21:50:59 [debug    ] burn_rate_adjustment           actual_burn=0.0 adjustment=-7 allowed_burn=0.83 budget_remaining=1000 burn_error=-1.0 burn_ratio=0.0
2026-07-08 21:50:59 [info     ] algorithm2_scaling_decision    action=MAINTAIN alpha=0.014992503748125937 beta=0.0 buffer=1.2 current_replicas=3 predicted_load=76.0 required_resources=1.139 target_replicas=3
2026-07-08 21:50:59 [debug    ] Decision loop completed        action=MAINTAIN latency_ms=119.61 p99=132.0
2026-07-08 21:51:14 [debug    ] HAProxy fallback latency       delta_requests=794 interval_avg_ms=99.22 max_rtime_ms=157.0 p99_est=157.0
2026-07-08 21:51:14 [debug    ] GRU prediction received        confidence=0.75 latency_ms=11.86 predicted=74
2026-07-08 21:51:14 [debug    ] Using GRU prediction           confidence=0.75 predicted=74
2026-07-08 21:51:14 [debug    ] burn_rate_adjustment           actual_burn=0.0 adjustment=-7 allowed_burn=0.83 budget_remaining=1000 burn_error=-1.0 burn_ratio=0.0
2026-07-08 21:51:14 [info     ] algorithm2_scaling_decision    action=MAINTAIN alpha=0.014992503748125937 beta=0.0 buffer=1.2 current_replicas=3 predicted_load=74.0 required_resources=1.109 target_replicas=3
2026-07-08 21:51:14 [debug    ] Decision loop completed        action=MAINTAIN latency_ms=126.86 p99=157.0
2026-07-08 21:51:29 [debug    ] HAProxy fallback latency       delta_requests=1207 interval_avg_ms=89.85 max_rtime_ms=157.0 p99_est=157.0
2026-07-08 21:51:29 [debug    ] GRU prediction received        confidence=0.77 latency_ms=13.62 predicted=75
2026-07-08 21:51:29 [debug    ] Using GRU prediction           confidence=0.77 predicted=75
2026-07-08 21:51:29 [debug    ] burn_rate_adjustment           actual_burn=0.0 adjustment=-7 allowed_burn=0.83 budget_remaining=1000 burn_error=-1.0 burn_ratio=0.0
2026-07-08 21:51:29 [info     ] algorithm2_scaling_decision    action=MAINTAIN alpha=0.014992503748125937 beta=0.0 buffer=1.2 current_replicas=3 predicted_load=75.0 required_resources=1.124 target_replicas=3
2026-07-08 21:51:29 [debug    ] Decision loop completed        action=MAINTAIN latency_ms=126.62 p99=157.0
2026-07-08 21:51:44 [debug    ] HAProxy fallback latency       delta_requests=1878 interval_avg_ms=726.85 max_rtime_ms=416.0 p99_est=416.0
2026-07-08 21:51:44 [debug    ] GRU prediction received        confidence=0.72 latency_ms=12.61 predicted=78
2026-07-08 21:51:44 [debug    ] Using GRU prediction           confidence=0.72 predicted=78
2026-07-08 21:51:44 [debug    ] Proactive amplification        amplified=190.3 approach_ratio=1.24 load_trend=13.2 raw_pred=78
2026-07-08 21:51:44 [debug    ] burn_rate_adjustment           actual_burn=0.0 adjustment=-7 allowed_burn=0.83 budget_remaining=999 burn_error=-0.998 burn_ratio=0.002
2026-07-08 21:51:44 [info     ] Knative pre-warm OK            cold_start_ms=2.8
2026-07-08 21:51:44 [info     ] controller_decision_v3         action=PREDICTIVE available_replicas=3 budget_remaining=999 burn_adjustment=-7 burst_ratio=0.4741 capacity_deficit=False confidence=0.72 current_load=124.01658586624227 decision_id=bd414605 k8s_capacity=100.1 k8s_weight=59 knative_weight=41 p99=416.0 predicted_load=78 r_effective=33.4 serverless_enabled=True total_load=190.3 weights_after={'k3s': 59, 'knative': 41} weights_before={'k3s': 100, 'knative': 0}
2026-07-08 21:51:44 [info     ] Weights updated                k3s=59 knative=41
2026-07-08 21:51:44 [info     ] Weights updated                action=PREDICTIVE reason='load=190RPS | k8s_cap=100RPS | (prediction-driven)' weights={'k3s': 59, 'knative': 41}
2026-07-08 21:51:44 [info     ] algorithm2_scaling_decision    action=MAINTAIN alpha=0.014992503748125937 beta=0.0 buffer=1.2 current_replicas=3 predicted_load=101.90481206191248 required_resources=1.528 target_replicas=3
2026-07-08 21:51:44 [debug    ] Decision loop completed        action=PREDICTIVE latency_ms=131.06 p99=416.0
2026-07-08 21:51:59 [debug    ] GRU prediction received        confidence=0.72 latency_ms=24.05 predicted=81
2026-07-08 21:51:59 [debug    ] Using GRU prediction           confidence=0.72 predicted=81
2026-07-08 21:51:59 [debug    ] Proactive amplification        amplified=192.1 approach_ratio=1.2 load_trend=14.4 raw_pred=81
2026-07-08 21:51:59 [debug    ] burn_rate_adjustment           actual_burn=0.0 adjustment=-7 allowed_burn=0.83 budget_remaining=998 burn_error=-0.995 burn_ratio=0.005
2026-07-08 21:51:59 [info     ] algorithm2_scaling_decision    action=MAINTAIN alpha=0.014992503748125937 beta=0.0 buffer=1.2 current_replicas=3 predicted_load=122.0514576088066 required_resources=1.83 target_replicas=3
2026-07-08 21:51:59 [debug    ] Decision loop completed        action=MAINTAIN latency_ms=186.29 p99=416.0
2026-07-08 21:52:14 [debug    ] HAProxy fallback latency       delta_requests=1422 interval_avg_ms=24.01 max_rtime_ms=416.0 p99_est=48.02
2026-07-08 21:52:14 [debug    ] GRU prediction received        confidence=0.72 latency_ms=9.72 predicted=82
2026-07-08 21:52:14 [debug    ] Using GRU prediction           confidence=0.72 predicted=82
2026-07-08 21:52:14 [debug    ] Proactive amplification        amplified=145.4 approach_ratio=0.94 load_trend=10.3 raw_pred=82
2026-07-08 21:52:14 [debug    ] burn_rate_adjustment           actual_burn=0.0 adjustment=-7 allowed_burn=0.83 budget_remaining=998 burn_error=-0.995 burn_ratio=0.005
2026-07-08 21:52:14 [info     ] controller_decision_v3         action=RECOVERY available_replicas=3 budget_remaining=998 burn_adjustment=-7 burst_ratio=0.3119 capacity_deficit=False confidence=0.72 current_load=93.76438440671542 decision_id=d7736516 k8s_capacity=100.1 k8s_weight=75 knative_weight=25 p99=48.0 predicted_load=82 r_effective=33.4 serverless_enabled=True total_load=145.4 weights_after={'k3s': 75, 'knative': 25} weights_before={'k3s': 59, 'knative': 41}
2026-07-08 21:52:14 [info     ] Weights updated                k3s=75 knative=25
2026-07-08 21:52:14 [info     ] Weights updated                action=RECOVERY reason='load=145RPS | k8s_cap=100RPS | (reducing-serverless)' weights={'k3s': 75, 'knative': 25}
2026-07-08 21:52:14 [info     ] algorithm2_scaling_decision    action=MAINTAIN alpha=0.014992503748125937 beta=0.0 buffer=1.2 current_replicas=3 predicted_load=106.92535687904316 required_resources=1.603 target_replicas=3
2026-07-08 21:52:14 [debug    ] Decision loop completed        action=RECOVERY latency_ms=162.32 p99=48.016877637130804
2026-07-08 21:52:29 [debug    ] HAProxy fallback latency       delta_requests=1231 interval_avg_ms=12.87 max_rtime_ms=416.0 p99_est=25.74
2026-07-08 21:52:29 [debug    ] GRU prediction received        confidence=0.73 latency_ms=12.67 predicted=81
2026-07-08 21:52:29 [debug    ] Using GRU prediction           confidence=0.73 predicted=81
2026-07-08 21:52:29 [debug    ] burn_rate_adjustment           actual_burn=0.0 adjustment=-7 allowed_burn=0.83 budget_remaining=998 burn_error=-0.995 burn_ratio=0.005
2026-07-08 21:52:29 [info     ] controller_decision_v3         action=RECOVERY available_replicas=3 budget_remaining=998 burn_adjustment=-7 burst_ratio=0 capacity_deficit=False confidence=0.73 current_load=81.25450767171634 decision_id=b239a5cd k8s_capacity=100.1 k8s_weight=100 knative_weight=0 p99=25.7 predicted_load=81 r_effective=33.4 serverless_enabled=False total_load=81.3 weights_after={'k3s': 100, 'knative': 0} weights_before={'k3s': 75, 'knative': 25}
2026-07-08 21:52:29 [info     ] Weights updated                k3s=100 knative=0
2026-07-08 21:52:29 [info     ] Weights updated                action=RECOVERY reason='load=81RPS | k8s_cap=100RPS | (reducing-serverless)' weights={'k3s': 100, 'knative': 0}
2026-07-08 21:52:29 [info     ] algorithm2_scaling_decision    action=MAINTAIN alpha=0.014992503748125937 beta=0.0 buffer=1.2 current_replicas=3 predicted_load=87.50944603921587 required_resources=1.312 target_replicas=3
2026-07-08 21:52:29 [debug    ] Decision loop completed        action=RECOVERY latency_ms=160.08 p99=25.744922826969944
2026-07-08 21:52:45 [debug    ] HAProxy fallback latency       delta_requests=1151 interval_avg_ms=187.92 max_rtime_ms=416.0 p99_est=375.84
2026-07-08 21:52:45 [debug    ] GRU prediction received        confidence=0.72 latency_ms=9.56 predicted=81
2026-07-08 21:52:45 [debug    ] Using GRU prediction           confidence=0.72 predicted=81
2026-07-08 21:52:45 [debug    ] burn_rate_adjustment           actual_burn=0.01 adjustment=-7 allowed_burn=0.83 budget_remaining=997 burn_error=-0.993 burn_ratio=0.007
2026-07-08 21:52:45 [info     ] algorithm2_scaling_decision    action=MAINTAIN alpha=0.014992503748125937 beta=0.0 buffer=1.2 current_replicas=3 predicted_load=81.0 required_resources=1.214 target_replicas=3
2026-07-08 21:52:45 [debug    ] Decision loop completed        action=MAINTAIN latency_ms=117.0 p99=375.83666377063423
2026-07-08 21:53:00 [debug    ] HAProxy fallback latency       delta_requests=1500 interval_avg_ms=2118.59 max_rtime_ms=472.0 p99_est=472.0
2026-07-08 21:53:00 [debug    ] GRU prediction received        confidence=0.75 latency_ms=11.12 predicted=82
2026-07-08 21:53:00 [debug    ] Using GRU prediction           confidence=0.75 predicted=82
2026-07-08 21:53:00 [debug    ] burn_rate_adjustment           actual_burn=0.01 adjustment=-7 allowed_burn=0.83 budget_remaining=996 burn_error=-0.991 burn_ratio=0.009
2026-07-08 21:53:00 [info     ] algorithm2_scaling_decision    action=MAINTAIN alpha=0.014992503748125937 beta=0.0 buffer=1.2 current_replicas=3 predicted_load=87.50830327644496 required_resources=1.312 target_replicas=3
2026-07-08 21:53:00 [debug    ] Decision loop completed        action=MAINTAIN latency_ms=121.57 p99=472.0
2026-07-08 21:53:15 [debug    ] HAProxy fallback latency       delta_requests=2013 interval_avg_ms=671.67 max_rtime_ms=730.0 p99_est=730.0
2026-07-08 21:53:15 [debug    ] GRU prediction received        confidence=0.72 latency_ms=12.19 predicted=86
2026-07-08 21:53:15 [debug    ] Using GRU prediction           confidence=0.72 predicted=86
2026-07-08 21:53:15 [debug    ] Proactive amplification        amplified=182.2 approach_ratio=1.33 load_trend=9.8 raw_pred=86
2026-07-08 21:53:15 [debug    ] burn_rate_adjustment           actual_burn=0.01 adjustment=-7 allowed_burn=0.83 budget_remaining=995 burn_error=-0.99 burn_ratio=0.01
2026-07-08 21:53:15 [info     ] Knative pre-warm OK            cold_start_ms=2.3
2026-07-08 21:53:15 [info     ] controller_decision_v3         action=PREDICTIVE available_replicas=3 budget_remaining=995 burn_adjustment=-7 burst_ratio=0.4508 capacity_deficit=False confidence=0.72 current_load=133.05334458752893 decision_id=0717f682 k8s_capacity=100.1 k8s_weight=61 knative_weight=39 p99=730.0 predicted_load=86 r_effective=33.4 serverless_enabled=True total_load=182.2 weights_after={'k3s': 61, 'knative': 39} weights_before={'k3s': 100, 'knative': 0}
2026-07-08 21:53:15 [info     ] Weights updated                k3s=61 knative=39
2026-07-08 21:53:15 [info     ] Weights updated                action=PREDICTIVE reason='load=182RPS | k8s_cap=100RPS | (prediction-driven)' weights={'k3s': 61, 'knative': 39}
2026-07-08 21:53:15 [info     ] algorithm2_scaling_decision    action=MAINTAIN alpha=0.014992503748125937 beta=0.0 buffer=1.2 current_replicas=3 predicted_load=116.0735764482424 required_resources=1.74 target_replicas=3
2026-07-08 21:53:15 [debug    ] Decision loop completed        action=PREDICTIVE latency_ms=126.23 p99=730.0
2026-07-08 21:53:30 [debug    ] GRU prediction received        confidence=0.72 latency_ms=12.63 predicted=92
2026-07-08 21:53:30 [debug    ] Using GRU prediction           confidence=0.72 predicted=92
2026-07-08 21:53:30 [debug    ] Proactive amplification        amplified=237.1 approach_ratio=1.5 load_trend=17.3 raw_pred=92
2026-07-08 21:53:30 [debug    ] burn_rate_adjustment           actual_burn=0.01 adjustment=-7 allowed_burn=0.83 budget_remaining=994 burn_error=-0.988 burn_ratio=0.012
2026-07-08 21:53:30 [info     ] controller_decision_v3         action=PREDICTIVE available_replicas=3 budget_remaining=994 burn_adjustment=-7 burst_ratio=0.5781 capacity_deficit=True confidence=0.72 current_load=150.53274777523802 decision_id=4436cf70 k8s_capacity=100.1 k8s_weight=57 knative_weight=43 p99=730.0 predicted_load=92 r_effective=33.4 serverless_enabled=True total_load=237.1 weights_after={'k3s': 57, 'knative': 43} weights_before={'k3s': 61, 'knative': 39}
2026-07-08 21:53:30 [info     ] Weights updated                k3s=57 knative=43
2026-07-08 21:53:30 [info     ] Weights updated                action=PREDICTIVE reason='load=237RPS | k8s_cap=100RPS | CAPACITY-DEFICIT | (prediction-driven)' weights={'k3s': 57, 'knative': 43}
2026-07-08 21:53:30 [info     ] algorithm2_scaling_decision    action=MAINTAIN alpha=0.014992503748125937 beta=0.0 buffer=1.2 current_replicas=3 predicted_load=141.7930461813835 required_resources=2.126 target_replicas=3
2026-07-08 21:53:30 [debug    ] Decision loop completed        action=PREDICTIVE latency_ms=123.75 p99=730.0
2026-07-08 21:53:45 [debug    ] HAProxy fallback latency       delta_requests=2424 interval_avg_ms=51.14 max_rtime_ms=730.0 p99_est=102.28
2026-07-08 21:53:45 [debug    ] GRU prediction received        confidence=0.72 latency_ms=12.54 predicted=99
2026-07-08 21:53:45 [debug    ] Using GRU prediction           confidence=0.72 predicted=99
2026-07-08 21:53:45 [debug    ] Proactive amplification        amplified=265.4 approach_ratio=1.6 load_trend=21.1 raw_pred=99
2026-07-08 21:53:45 [debug    ] burn_rate_adjustment           actual_burn=0.01 adjustment=-7 allowed_burn=0.83 budget_remaining=994 burn_error=-0.988 burn_ratio=0.012
2026-07-08 21:53:45 [info     ] algorithm2_scaling_decision    action=MAINTAIN alpha=0.014992503748125937 beta=0.0 buffer=1.2 current_replicas=3 predicted_load=155.33797504876628 required_resources=2.329 target_replicas=3
2026-07-08 21:53:45 [debug    ] Decision loop completed        action=MAINTAIN latency_ms=127.09 p99=102.27805280528052
2026-07-08 21:54:00 [debug    ] HAProxy fallback latency       delta_requests=2193 interval_avg_ms=47.26 max_rtime_ms=730.0 p99_est=94.52
2026-07-08 21:54:00 [debug    ] GRU prediction received        confidence=0.76 latency_ms=13.58 predicted=108
2026-07-08 21:54:00 [debug    ] Using GRU prediction           confidence=0.76 predicted=108
2026-07-08 21:54:00 [debug    ] Proactive amplification        amplified=202.5 approach_ratio=1.45 load_trend=11.5 raw_pred=108
2026-07-08 21:54:00 [debug    ] burn_rate_adjustment           actual_burn=0.01 adjustment=-7 allowed_burn=0.83 budget_remaining=994 burn_error=-0.988 burn_ratio=0.012
2026-07-08 21:54:00 [info     ] algorithm2_scaling_decision    action=MAINTAIN alpha=0.014992503748125937 beta=0.0 buffer=1.2 current_replicas=3 predicted_load=152.5888762530951 required_resources=2.288 target_replicas=3
2026-07-08 21:54:00 [debug    ] Decision loop completed        action=MAINTAIN latency_ms=128.56 p99=94.51527587779297
2026-07-08 21:54:15 [debug    ] HAProxy fallback latency       delta_requests=1845 interval_avg_ms=169.62 max_rtime_ms=730.0 p99_est=339.24
2026-07-08 21:54:15 [debug    ] GRU prediction received        confidence=0.82 latency_ms=10.69 predicted=113
2026-07-08 21:54:15 [debug    ] Using GRU prediction           confidence=0.82 predicted=113
2026-07-08 21:54:15 [debug    ] burn_rate_adjustment           actual_burn=0.01 adjustment=-7 allowed_burn=0.83 budget_remaining=993 burn_error=-0.987 burn_ratio=0.013
2026-07-08 21:54:15 [info     ] controller_decision_v3         action=RECOVERY available_replicas=3 budget_remaining=993 burn_adjustment=-7 burst_ratio=0.1805 capacity_deficit=False confidence=0.82 current_load=122.0879896959727 decision_id=ee9944cb k8s_capacity=100.1 k8s_weight=88 knative_weight=12 p99=339.2 predicted_load=113 r_effective=33.4 serverless_enabled=True total_load=122.1 weights_after={'k3s': 88, 'knative': 12} weights_before={'k3s': 57, 'knative': 43}
2026-07-08 21:54:15 [info     ] Weights updated                k3s=88 knative=12
2026-07-08 21:54:15 [info     ] Weights updated                action=RECOVERY reason='load=122RPS | k8s_cap=100RPS | (reducing-serverless)' weights={'k3s': 88, 'knative': 12}
2026-07-08 21:54:15 [info     ] algorithm2_scaling_decision    action=MAINTAIN alpha=0.014992503748125937 beta=0.0 buffer=1.2 current_replicas=3 predicted_load=133.56126993993416 required_resources=2.002 target_replicas=3
2026-07-08 21:54:15 [debug    ] Decision loop completed        action=RECOVERY latency_ms=164.45 p99=339.23794037940377
2026-07-08 21:54:30 [debug    ] HAProxy fallback latency       delta_requests=1790 interval_avg_ms=71.0 max_rtime_ms=730.0 p99_est=142.0
2026-07-08 21:54:30 [debug    ] GRU prediction received        confidence=0.79 latency_ms=12.87 predicted=115
2026-07-08 21:54:30 [debug    ] Using GRU prediction           confidence=0.79 predicted=115
2026-07-08 21:54:30 [debug    ] burn_rate_adjustment           actual_burn=0.01 adjustment=-7 allowed_burn=0.83 budget_remaining=993 burn_error=-0.987 burn_ratio=0.013
2026-07-08 21:54:30 [info     ] controller_decision_v3         action=RECOVERY available_replicas=3 budget_remaining=993 burn_adjustment=-7 burst_ratio=0.1519 capacity_deficit=False confidence=0.79 current_load=117.97018931379458 decision_id=358ea962 k8s_capacity=100.1 k8s_weight=91 knative_weight=9 p99=142.0 predicted_load=115 r_effective=33.4 serverless_enabled=True total_load=118.0 weights_after={'k3s': 91, 'knative': 9} weights_before={'k3s': 88, 'knative': 12}
2026-07-08 21:54:31 [info     ] Weights updated                k3s=91 knative=9
2026-07-08 21:54:31 [info     ] Weights updated                action=RECOVERY reason='load=118RPS | k8s_cap=100RPS | (reducing-serverless)' weights={'k3s': 91, 'knative': 9}
2026-07-08 21:54:31 [info     ] algorithm2_scaling_decision    action=MAINTAIN alpha=0.014992503748125937 beta=0.0 buffer=1.2 current_replicas=3 predicted_load=120.02908950488364 required_resources=1.8 target_replicas=3
2026-07-08 21:54:31 [debug    ] Decision loop completed        action=RECOVERY latency_ms=159.1 p99=142.0
2026-07-08 21:54:46 [debug    ] HAProxy fallback latency       delta_requests=1825 interval_avg_ms=182.67 max_rtime_ms=730.0 p99_est=365.33
2026-07-08 21:54:46 [debug    ] GRU prediction received        confidence=0.79 latency_ms=12.28 predicted=117
2026-07-08 21:54:46 [debug    ] Using GRU prediction           confidence=0.79 predicted=117
2026-07-08 21:54:46 [debug    ] burn_rate_adjustment           actual_burn=0.01 adjustment=-7 allowed_burn=0.83 budget_remaining=992 burn_error=-0.986 burn_ratio=0.014
2026-07-08 21:54:46 [info     ] controller_decision_v3         action=REACTIVE available_replicas=3 budget_remaining=992 burn_adjustment=-7 burst_ratio=0.1689 capacity_deficit=False confidence=0.79 current_load=120.38915306143954 decision_id=3415b8f0 k8s_capacity=100.1 k8s_weight=90 knative_weight=10 p99=365.3 predicted_load=117 r_effective=33.4 serverless_enabled=True total_load=120.4 weights_after={'k3s': 90, 'knative': 10} weights_before={'k3s': 91, 'knative': 9}
2026-07-08 21:54:46 [info     ] Weights updated                k3s=90 knative=10
2026-07-08 21:54:46 [info     ] Weights updated                action=REACTIVE reason='load=120RPS | k8s_cap=100RPS | (burst-routing)' weights={'k3s': 90, 'knative': 10}
2026-07-08 21:54:46 [info     ] algorithm2_scaling_decision    action=MAINTAIN alpha=0.014992503748125937 beta=0.0 buffer=1.2 current_replicas=3 predicted_load=119.17967118761706 required_resources=1.787 target_replicas=3
2026-07-08 21:54:46 [debug    ] Decision loop completed        action=REACTIVE latency_ms=121.78 p99=365.333698630137
2026-07-08 21:55:01 [debug    ] HAProxy fallback latency       delta_requests=1817 interval_avg_ms=45.96 max_rtime_ms=730.0 p99_est=91.92
2026-07-08 21:55:01 [debug    ] GRU prediction received        confidence=0.83 latency_ms=14.85 predicted=118
2026-07-08 21:55:01 [debug    ] Using GRU prediction           confidence=0.83 predicted=118
2026-07-08 21:55:01 [debug    ] burn_rate_adjustment           actual_burn=0.01 adjustment=-7 allowed_burn=0.83 budget_remaining=992 burn_error=-0.986 burn_ratio=0.014
2026-07-08 21:55:01 [info     ] algorithm2_scaling_decision    action=MAINTAIN alpha=0.014992503748125937 beta=0.0 buffer=1.2 current_replicas=3 predicted_load=120.27381444374939 required_resources=1.803 target_replicas=3
2026-07-08 21:55:01 [debug    ] Decision loop completed        action=MAINTAIN latency_ms=129.62 p99=91.92074848651623
2026-07-08 21:55:16 [debug    ] HAProxy fallback latency       delta_requests=1786 interval_avg_ms=12.91 max_rtime_ms=730.0 p99_est=25.83
2026-07-08 21:55:16 [debug    ] GRU prediction received        confidence=0.89 latency_ms=12.86 predicted=118
2026-07-08 21:55:16 [debug    ] Using GRU prediction           confidence=0.89 predicted=118
2026-07-08 21:55:16 [debug    ] burn_rate_adjustment           actual_burn=0.01 adjustment=-7 allowed_burn=0.83 budget_remaining=992 burn_error=-0.986 burn_ratio=0.014
2026-07-08 21:55:16 [info     ] controller_decision_v3         action=RECOVERY available_replicas=3 budget_remaining=992 burn_adjustment=-7 burst_ratio=0.1529 capacity_deficit=False confidence=0.89 current_load=118.11309302900399 decision_id=c4d2f553 k8s_capacity=100.1 k8s_weight=91 knative_weight=9 p99=25.8 predicted_load=118 r_effective=33.4 serverless_enabled=True total_load=118.1 weights_after={'k3s': 91, 'knative': 9} weights_before={'k3s': 90, 'knative': 10}
2026-07-08 21:55:16 [info     ] Weights updated                k3s=91 knative=9
2026-07-08 21:55:16 [info     ] Weights updated                action=RECOVERY reason='load=118RPS | k8s_cap=100RPS | (reducing-serverless)' weights={'k3s': 91, 'knative': 9}
2026-07-08 21:55:16 [info     ] algorithm2_scaling_decision    action=MAINTAIN alpha=0.014992503748125937 beta=0.0 buffer=1.2 current_replicas=3 predicted_load=119.1357844275316 required_resources=1.786 target_replicas=3
2026-07-08 21:55:16 [debug    ] Decision loop completed        action=RECOVERY latency_ms=156.81 p99=25.825307950727883
2026-07-08 21:55:31 [debug    ] GRU prediction received        confidence=0.85 latency_ms=11.06 predicted=114
2026-07-08 21:55:31 [debug    ] Using GRU prediction           confidence=0.85 predicted=114
2026-07-08 21:55:31 [debug    ] burn_rate_adjustment           actual_burn=0.01 adjustment=-7 allowed_burn=0.83 budget_remaining=992 burn_error=-0.986 burn_ratio=0.014
2026-07-08 21:55:31 [info     ] controller_decision_v3         action=RECOVERY available_replicas=3 budget_remaining=992 burn_adjustment=-7 burst_ratio=0.1224 capacity_deficit=False confidence=0.85 current_load=102.06303236507871 decision_id=93a794bb k8s_capacity=100.1 k8s_weight=94 knative_weight=6 p99=25.8 predicted_load=114 r_effective=33.4 serverless_enabled=True total_load=114 weights_after={'k3s': 94, 'knative': 6} weights_before={'k3s': 91, 'knative': 9}
2026-07-08 21:55:31 [info     ] Weights updated                k3s=94 knative=6
2026-07-08 21:55:31 [info     ] Weights updated                action=RECOVERY reason='load=114RPS | k8s_cap=100RPS | (reducing-serverless)' weights={'k3s': 94, 'knative': 6}
2026-07-08 21:55:31 [info     ] algorithm2_scaling_decision    action=MAINTAIN alpha=0.014992503748125937 beta=0.0 buffer=1.2 current_replicas=3 predicted_load=114.0 required_resources=1.709 target_replicas=3
2026-07-08 21:55:31 [debug    ] Decision loop completed        action=RECOVERY latency_ms=158.2 p99=25.825307950727883
2026-07-08 21:55:46 [debug    ] GRU prediction received        confidence=0.78 latency_ms=15.01 predicted=105
2026-07-08 21:55:46 [debug    ] Using GRU prediction           confidence=0.78 predicted=105
2026-07-08 21:55:46 [debug    ] burn_rate_adjustment           actual_burn=0.01 adjustment=-7 allowed_burn=0.83 budget_remaining=992 burn_error=-0.987 burn_ratio=0.013
2026-07-08 21:55:46 [info     ] controller_decision_v3         action=RECOVERY available_replicas=3 budget_remaining=992 burn_adjustment=-7 burst_ratio=0.0471 capacity_deficit=False confidence=0.78 current_load=82.79417068556356 decision_id=c4e6da54 k8s_capacity=100.1 k8s_weight=100 knative_weight=0 p99=25.8 predicted_load=105 r_effective=33.4 serverless_enabled=False total_load=105 weights_after={'k3s': 100, 'knative': 0} weights_before={'k3s': 94, 'knative': 6}
2026-07-08 21:55:46 [info     ] Weights updated                k3s=100 knative=0
2026-07-08 21:55:46 [info     ] Weights updated                action=RECOVERY reason='load=105RPS | k8s_cap=100RPS | (reducing-serverless)' weights={'k3s': 100, 'knative': 0}
2026-07-08 21:55:46 [info     ] algorithm2_scaling_decision    action=MAINTAIN alpha=0.014992503748125937 beta=0.0 buffer=1.2 current_replicas=3 predicted_load=105.0 required_resources=1.574 target_replicas=3
2026-07-08 21:55:46 [debug    ] Decision loop completed        action=RECOVERY latency_ms=159.88 p99=25.825307950727883
2026-07-08 21:56:01 [debug    ] HAProxy fallback latency       delta_requests=1118 interval_avg_ms=14.7 max_rtime_ms=730.0 p99_est=29.4
2026-07-08 21:56:01 [debug    ] GRU prediction received        confidence=0.73 latency_ms=12.17 predicted=98
2026-07-08 21:56:01 [debug    ] Using GRU prediction           confidence=0.73 predicted=98
2026-07-08 21:56:01 [debug    ] burn_rate_adjustment           actual_burn=0.01 adjustment=-7 allowed_burn=0.83 budget_remaining=992 burn_error=-0.987 burn_ratio=0.013
2026-07-08 21:56:01 [info     ] algorithm2_scaling_decision    action=MAINTAIN alpha=0.014992503748125937 beta=0.0 buffer=1.2 current_replicas=3 predicted_load=98.0 required_resources=1.469 target_replicas=3
2026-07-08 21:56:01 [debug    ] Decision loop completed        action=MAINTAIN latency_ms=129.38 p99=29.402504472271914
2026-07-08 21:56:16 [debug    ] HAProxy fallback latency       delta_requests=1045 interval_avg_ms=122.95 max_rtime_ms=730.0 p99_est=245.9
2026-07-08 21:56:16 [debug    ] GRU prediction received        confidence=0.72 latency_ms=11.92 predicted=93
2026-07-08 21:56:16 [debug    ] Using GRU prediction           confidence=0.72 predicted=93
2026-07-08 21:56:16 [debug    ] burn_rate_adjustment           actual_burn=0.01 adjustment=-7 allowed_burn=0.83 budget_remaining=991 burn_error=-0.986 burn_ratio=0.014
2026-07-08 21:56:17 [info     ] algorithm2_scaling_decision    action=MAINTAIN alpha=0.014992503748125937 beta=0.0 buffer=1.2 current_replicas=3 predicted_load=93.0 required_resources=1.394 target_replicas=3
2026-07-08 21:56:17 [debug    ] Decision loop completed        action=MAINTAIN latency_ms=124.99 p99=245.9043062200957
2026-07-08 21:56:32 [debug    ] HAProxy fallback latency       delta_requests=1182 interval_avg_ms=118.35 max_rtime_ms=730.0 p99_est=236.7
2026-07-08 21:56:32 [debug    ] GRU prediction received        confidence=0.77 latency_ms=14.24 predicted=92
2026-07-08 21:56:32 [debug    ] Using GRU prediction           confidence=0.77 predicted=92
2026-07-08 21:56:32 [debug    ] burn_rate_adjustment           actual_burn=0.01 adjustment=-7 allowed_burn=0.83 budget_remaining=990 burn_error=-0.984 burn_ratio=0.016
2026-07-08 21:56:32 [info     ] algorithm2_scaling_decision    action=MAINTAIN alpha=0.014992503748125937 beta=0.0 buffer=1.2 current_replicas=3 predicted_load=92.0 required_resources=1.379 target_replicas=3
2026-07-08 21:56:32 [debug    ] Decision loop completed        action=MAINTAIN latency_ms=130.31 p99=236.70219966159053
2026-07-08 21:56:47 [debug    ] HAProxy fallback latency       delta_requests=1329 interval_avg_ms=114.67 max_rtime_ms=730.0 p99_est=229.34
2026-07-08 21:56:47 [debug    ] GRU prediction received        confidence=0.82 latency_ms=10.66 predicted=92
2026-07-08 21:56:47 [debug    ] Using GRU prediction           confidence=0.82 predicted=92
2026-07-08 21:56:47 [debug    ] burn_rate_adjustment           actual_burn=0.01 adjustment=-7 allowed_burn=0.83 budget_remaining=989 burn_error=-0.983 burn_ratio=0.017
2026-07-08 21:56:47 [info     ] algorithm2_scaling_decision    action=MAINTAIN alpha=0.014992503748125937 beta=0.0 buffer=1.2 current_replicas=3 predicted_load=92.0 required_resources=1.379 target_replicas=3
2026-07-08 21:56:47 [debug    ] Decision loop completed        action=MAINTAIN latency_ms=121.42 p99=229.3423626787058
2026-07-08 21:57:02 [debug    ] GRU prediction received        confidence=0.82 latency_ms=17.0 predicted=89
2026-07-08 21:57:02 [debug    ] Using GRU prediction           confidence=0.82 predicted=89
2026-07-08 21:57:02 [debug    ] burn_rate_adjustment           actual_burn=0.01 adjustment=-7 allowed_burn=0.83 budget_remaining=988 burn_error=-0.982 burn_ratio=0.018
2026-07-08 21:57:02 [info     ] algorithm2_scaling_decision    action=MAINTAIN alpha=0.014992503748125937 beta=0.0 buffer=1.2 current_replicas=3 predicted_load=89.0 required_resources=1.334 target_replicas=3
2026-07-08 21:57:02 [debug    ] Decision loop completed        action=MAINTAIN latency_ms=138.82 p99=229.3423626787058
2026-07-08 21:57:17 [debug    ] GRU prediction received        confidence=0.75 latency_ms=10.57 predicted=84
2026-07-08 21:57:17 [debug    ] Using GRU prediction           confidence=0.75 predicted=84
2026-07-08 21:57:17 [debug    ] burn_rate_adjustment           actual_burn=0.02 adjustment=-7 allowed_burn=0.83 budget_remaining=987 burn_error=-0.981 burn_ratio=0.019
2026-07-08 21:57:17 [info     ] algorithm2_scaling_decision    action=MAINTAIN alpha=0.014992503748125937 beta=0.0 buffer=1.2 current_replicas=3 predicted_load=84.0 required_resources=1.259 target_replicas=3
2026-07-08 21:57:17 [debug    ] Decision loop completed        action=MAINTAIN latency_ms=115.16 p99=229.3423626787058
2026-07-08 21:57:32 [debug    ] GRU prediction received        confidence=0.72 latency_ms=9.82 predicted=81
2026-07-08 21:57:32 [debug    ] Using GRU prediction           confidence=0.72 predicted=81
2026-07-08 21:57:32 [debug    ] burn_rate_adjustment           actual_burn=0.02 adjustment=-7 allowed_burn=0.83 budget_remaining=986 burn_error=-0.98 burn_ratio=0.02
2026-07-08 21:57:32 [info     ] algorithm2_scaling_decision    action=MAINTAIN alpha=0.014992503748125937 beta=0.0 buffer=1.2 current_replicas=3 predicted_load=81.0 required_resources=1.214 target_replicas=3
2026-07-08 21:57:32 [debug    ] Decision loop completed        action=MAINTAIN latency_ms=112.62 p99=229.3423626787058
2026-07-08 21:57:47 [debug    ] HAProxy fallback latency       delta_requests=692 interval_avg_ms=64.0 max_rtime_ms=730.0 p99_est=128.0
2026-07-08 21:57:47 [debug    ] GRU prediction received        confidence=0.72 latency_ms=12.31 predicted=79
2026-07-08 21:57:47 [debug    ] Using GRU prediction           confidence=0.72 predicted=79
2026-07-08 21:57:47 [debug    ] burn_rate_adjustment           actual_burn=0.02 adjustment=-7 allowed_burn=0.83 budget_remaining=986 burn_error=-0.98 burn_ratio=0.02
2026-07-08 21:57:47 [info     ] algorithm2_scaling_decision    action=MAINTAIN alpha=0.014992503748125937 beta=0.0 buffer=1.2 current_replicas=3 predicted_load=79.0 required_resources=1.184 target_replicas=3
2026-07-08 21:57:47 [debug    ] Decision loop completed        action=MAINTAIN latency_ms=128.17 p99=128.0
2026-07-08 21:58:02 [debug    ] HAProxy fallback latency       delta_requests=654 interval_avg_ms=64.0 max_rtime_ms=730.0 p99_est=128.0
2026-07-08 21:58:02 [debug    ] GRU prediction received        confidence=0.72 latency_ms=10.27 predicted=77
2026-07-08 21:58:02 [debug    ] Using GRU prediction           confidence=0.72 predicted=77
2026-07-08 21:58:02 [debug    ] burn_rate_adjustment           actual_burn=0.02 adjustment=-7 allowed_burn=0.83 budget_remaining=986 burn_error=-0.981 burn_ratio=0.019
2026-07-08 21:58:02 [info     ] algorithm2_scaling_decision    action=MAINTAIN alpha=0.014992503748125937 beta=0.0 buffer=1.2 current_replicas=3 predicted_load=77.0 required_resources=1.154 target_replicas=3
2026-07-08 21:58:02 [debug    ] Decision loop completed        action=MAINTAIN latency_ms=123.97 p99=128.0
2026-07-08 21:58:17 [debug    ] HAProxy fallback latency       delta_requests=637 interval_avg_ms=64.0 max_rtime_ms=730.0 p99_est=128.0
2026-07-08 21:58:17 [debug    ] GRU prediction received        confidence=0.84 latency_ms=12.92 predicted=76
2026-07-08 21:58:17 [debug    ] Using GRU prediction           confidence=0.84 predicted=76
2026-07-08 21:58:17 [debug    ] burn_rate_adjustment           actual_burn=0.02 adjustment=-7 allowed_burn=0.83 budget_remaining=986 burn_error=-0.981 burn_ratio=0.019
2026-07-08 21:58:18 [info     ] algorithm2_scaling_decision    action=MAINTAIN alpha=0.014992503748125937 beta=0.0 buffer=1.2 current_replicas=3 predicted_load=76.0 required_resources=1.139 target_replicas=3
2026-07-08 21:58:18 [debug    ] Decision loop completed        action=MAINTAIN latency_ms=128.55 p99=128.0
2026-07-08 21:58:33 [debug    ] HAProxy fallback latency       delta_requests=843 interval_avg_ms=143.96 max_rtime_ms=730.0 p99_est=287.93
2026-07-08 21:58:33 [debug    ] GRU prediction received        confidence=0.81 latency_ms=12.75 predicted=76
2026-07-08 21:58:33 [debug    ] Using GRU prediction           confidence=0.81 predicted=76
2026-07-08 21:58:33 [debug    ] burn_rate_adjustment           actual_burn=0.02 adjustment=-7 allowed_burn=0.83 budget_remaining=985 burn_error=-0.98 burn_ratio=0.02
2026-07-08 21:58:33 [info     ] algorithm2_scaling_decision    action=MAINTAIN alpha=0.014992503748125937 beta=0.0 buffer=1.2 current_replicas=3 predicted_load=76.0 required_resources=1.139 target_replicas=3
2026-07-08 21:58:33 [debug    ] Decision loop completed        action=MAINTAIN latency_ms=126.27 p99=287.926453143535
2026-07-08 21:58:48 [debug    ] HAProxy fallback latency       delta_requests=1065 interval_avg_ms=129.29 max_rtime_ms=730.0 p99_est=258.59
2026-07-08 21:58:48 [debug    ] GRU prediction received        confidence=0.72 latency_ms=12.89 predicted=77
2026-07-08 21:58:48 [debug    ] Using GRU prediction           confidence=0.72 predicted=77
2026-07-08 21:58:48 [debug    ] Proactive amplification        amplified=100.9 approach_ratio=0.7 load_trend=6.1 raw_pred=77
2026-07-08 21:58:48 [debug    ] burn_rate_adjustment           actual_burn=0.02 adjustment=-7 allowed_burn=0.83 budget_remaining=984 burn_error=-0.979 burn_ratio=0.021
2026-07-08 21:58:48 [info     ] algorithm2_scaling_decision    action=MAINTAIN alpha=0.014992503748125937 beta=0.0 buffer=1.2 current_replicas=3 predicted_load=77.0 required_resources=1.154 target_replicas=3
2026-07-08 21:58:48 [debug    ] Decision loop completed        action=MAINTAIN latency_ms=128.77 p99=258.5896713615023
2026-07-08 21:59:03 [debug    ] HAProxy fallback latency       delta_requests=1075 interval_avg_ms=66.0 max_rtime_ms=730.0 p99_est=132.0
2026-07-08 21:59:03 [debug    ] GRU prediction received        confidence=0.72 latency_ms=12.61 predicted=77
2026-07-08 21:59:03 [debug    ] Using GRU prediction           confidence=0.72 predicted=77
2026-07-08 21:59:03 [debug    ] Proactive amplification        amplified=105.9 approach_ratio=0.71 load_trend=7.0 raw_pred=77
2026-07-08 21:59:03 [debug    ] burn_rate_adjustment           actual_burn=0.02 adjustment=-7 allowed_burn=0.83 budget_remaining=984 burn_error=-0.979 burn_ratio=0.021
2026-07-08 21:59:03 [info     ] algorithm2_scaling_decision    action=MAINTAIN alpha=0.014992503748125937 beta=0.0 buffer=1.2 current_replicas=3 predicted_load=77.0 required_resources=1.154 target_replicas=3
2026-07-08 21:59:03 [debug    ] Decision loop completed        action=MAINTAIN latency_ms=122.75 p99=132.0
2026-07-08 21:59:18 [debug    ] HAProxy fallback latency       delta_requests=1051 interval_avg_ms=66.0 max_rtime_ms=730.0 p99_est=132.0
2026-07-08 21:59:18 [debug    ] GRU prediction received        confidence=0.73 latency_ms=11.92 predicted=77
2026-07-08 21:59:18 [debug    ] Using GRU prediction           confidence=0.73 predicted=77
2026-07-08 21:59:18 [debug    ] Proactive amplification        amplified=103.7 approach_ratio=0.69 load_trend=6.8 raw_pred=77
2026-07-08 21:59:18 [debug    ] burn_rate_adjustment           actual_burn=0.02 adjustment=-7 allowed_burn=0.83 budget_remaining=984 burn_error=-0.98 burn_ratio=0.02
2026-07-08 21:59:18 [info     ] algorithm2_scaling_decision    action=MAINTAIN alpha=0.014992503748125937 beta=0.0 buffer=1.2 current_replicas=3 predicted_load=77.0 required_resources=1.154 target_replicas=3
2026-07-08 21:59:18 [debug    ] Decision loop completed        action=MAINTAIN latency_ms=122.92 p99=132.0
2026-07-08 21:59:33 [debug    ] HAProxy fallback latency       delta_requests=1074 interval_avg_ms=132.74 max_rtime_ms=730.0 p99_est=265.47
2026-07-08 21:59:33 [debug    ] GRU prediction received        confidence=0.82 latency_ms=10.52 predicted=77
2026-07-08 21:59:33 [debug    ] Using GRU prediction           confidence=0.82 predicted=77
2026-07-08 21:59:33 [debug    ] Proactive amplification        amplified=90.1 approach_ratio=0.71 load_trend=3.8 raw_pred=77
2026-07-08 21:59:33 [debug    ] burn_rate_adjustment           actual_burn=0.02 adjustment=-7 allowed_burn=0.83 budget_remaining=983 burn_error=-0.979 burn_ratio=0.021
2026-07-08 21:59:33 [info     ] algorithm2_scaling_decision    action=MAINTAIN alpha=0.014992503748125937 beta=0.0 buffer=1.2 current_replicas=3 predicted_load=77.0 required_resources=1.154 target_replicas=3
2026-07-08 21:59:33 [debug    ] Decision loop completed        action=MAINTAIN latency_ms=128.11 p99=265.4711359404097
2026-07-08 21:59:48 [debug    ] HAProxy fallback latency       delta_requests=1138 interval_avg_ms=67.0 max_rtime_ms=730.0 p99_est=134.0
2026-07-08 21:59:48 [debug    ] GRU prediction received        confidence=0.88 latency_ms=11.82 predicted=78
2026-07-08 21:59:48 [debug    ] Using GRU prediction           confidence=0.88 predicted=78
2026-07-08 21:59:48 [debug    ] burn_rate_adjustment           actual_burn=0.02 adjustment=-7 allowed_burn=0.83 budget_remaining=983 burn_error=-0.979 burn_ratio=0.021
2026-07-08 21:59:48 [info     ] algorithm2_scaling_decision    action=MAINTAIN alpha=0.014992503748125937 beta=0.0 buffer=1.2 current_replicas=3 predicted_load=78.0 required_resources=1.169 target_replicas=3
2026-07-08 21:59:48 [debug    ] Decision loop completed        action=MAINTAIN latency_ms=125.87 p99=134.0
2026-07-08 22:00:03 [debug    ] HAProxy fallback latency       delta_requests=1408 interval_avg_ms=225.14 max_rtime_ms=730.0 p99_est=450.28
2026-07-08 22:00:03 [debug    ] GRU prediction received        confidence=0.8 latency_ms=14.92 predicted=79
2026-07-08 22:00:03 [debug    ] Using GRU prediction           confidence=0.8 predicted=79
2026-07-08 22:00:03 [debug    ] Proactive amplification        amplified=120.6 approach_ratio=0.93 load_trend=5.5 raw_pred=79
2026-07-08 22:00:03 [debug    ] burn_rate_adjustment           actual_burn=0.02 adjustment=-7 allowed_burn=0.83 budget_remaining=982 burn_error=-0.978 burn_ratio=0.022
2026-07-08 22:00:03 [info     ] Knative pre-warm OK            cold_start_ms=2.9
2026-07-08 22:00:03 [info     ] controller_decision_v3         action=PREDICTIVE available_replicas=3 budget_remaining=982 burn_adjustment=-7 burst_ratio=0.1704 capacity_deficit=False confidence=0.8 current_load=93.07842602613732 decision_id=694ec26b k8s_capacity=100.1 k8s_weight=89 knative_weight=11 p99=450.3 predicted_load=79 r_effective=33.4 serverless_enabled=True total_load=120.6 weights_after={'k3s': 89, 'knative': 11} weights_before={'k3s': 100, 'knative': 0}
2026-07-08 22:00:03 [info     ] Weights updated                k3s=89 knative=11
2026-07-08 22:00:03 [info     ] Weights updated                action=PREDICTIVE reason='load=121RPS | k8s_cap=100RPS | (prediction-driven)' weights={'k3s': 89, 'knative': 11}
2026-07-08 22:00:03 [info     ] algorithm2_scaling_decision    action=MAINTAIN alpha=0.014992503748125937 beta=0.0 buffer=1.2 current_replicas=3 predicted_load=84.11631643594293 required_resources=1.261 target_replicas=3
2026-07-08 22:00:03 [debug    ] Decision loop completed        action=PREDICTIVE latency_ms=134.5 p99=450.27840909090907
2026-07-08 22:00:18 [debug    ] HAProxy fallback latency       delta_requests=1638 interval_avg_ms=70.0 max_rtime_ms=730.0 p99_est=140.0
2026-07-08 22:00:18 [debug    ] GRU prediction received        confidence=0.74 latency_ms=13.48 predicted=82
2026-07-08 22:00:18 [debug    ] Using GRU prediction           confidence=0.74 predicted=82
2026-07-08 22:00:19 [debug    ] Proactive amplification        amplified=156.8 approach_ratio=1.08 load_trend=9.7 raw_pred=82
2026-07-08 22:00:19 [debug    ] burn_rate_adjustment           actual_burn=0.02 adjustment=-7 allowed_burn=0.83 budget_remaining=982 burn_error=-0.978 burn_ratio=0.022
2026-07-08 22:00:19 [info     ] controller_decision_v3         action=PREDICTIVE available_replicas=3 budget_remaining=982 burn_adjustment=-7 burst_ratio=0.362 capacity_deficit=False confidence=0.74 current_load=108.30383940327953 decision_id=6a40f289 k8s_capacity=100.1 k8s_weight=70 knative_weight=30 p99=140.0 predicted_load=82 r_effective=33.4 serverless_enabled=True total_load=156.8 weights_after={'k3s': 70, 'knative': 30} weights_before={'k3s': 89, 'knative': 11}
2026-07-08 22:00:19 [info     ] Weights updated                k3s=70 knative=30
2026-07-08 22:00:19 [info     ] Weights updated                action=PREDICTIVE reason='load=157RPS | k8s_cap=100RPS | (prediction-driven)' weights={'k3s': 70, 'knative': 30}
2026-07-08 22:00:19 [info     ] algorithm2_scaling_decision    action=MAINTAIN alpha=0.014992503748125937 beta=0.0 buffer=1.2 current_replicas=3 predicted_load=100.69113271470843 required_resources=1.51 target_replicas=3
2026-07-08 22:00:19 [debug    ] Decision loop completed        action=PREDICTIVE latency_ms=126.63 p99=140.0
2026-07-08 22:00:34 [debug    ] GRU prediction received        confidence=0.76 latency_ms=11.08 predicted=83
2026-07-08 22:00:34 [debug    ] Using GRU prediction           confidence=0.76 predicted=83
2026-07-08 22:00:34 [debug    ] Proactive amplification        amplified=125.3 approach_ratio=0.95 load_trend=6.0 raw_pred=83
2026-07-08 22:00:34 [debug    ] burn_rate_adjustment           actual_burn=0.02 adjustment=-7 allowed_burn=0.83 budget_remaining=982 burn_error=-0.979 burn_ratio=0.021
2026-07-08 22:00:34 [info     ] controller_decision_v3         action=RECOVERY available_replicas=3 budget_remaining=982 burn_adjustment=-7 burst_ratio=0.2012 capacity_deficit=False confidence=0.76 current_load=95.12344111262526 decision_id=7dc88e72 k8s_capacity=100.1 k8s_weight=86 knative_weight=14 p99=140.0 predicted_load=83 r_effective=33.4 serverless_enabled=True total_load=125.3 weights_after={'k3s': 86, 'knative': 14} weights_before={'k3s': 70, 'knative': 30}
2026-07-08 22:00:34 [info     ] Weights updated                k3s=86 knative=14
2026-07-08 22:00:34 [info     ] Weights updated                action=RECOVERY reason='load=125RPS | k8s_cap=100RPS | (reducing-serverless)' weights={'k3s': 86, 'knative': 14}
2026-07-08 22:00:34 [info     ] algorithm2_scaling_decision    action=MAINTAIN alpha=0.014992503748125937 beta=0.0 buffer=1.2 current_replicas=3 predicted_load=101.71364025795239 required_resources=1.525 target_replicas=3
2026-07-08 22:00:34 [debug    ] Decision loop completed        action=RECOVERY latency_ms=166.3 p99=140.0
2026-07-08 22:00:49 [debug    ] GRU prediction received        confidence=0.78 latency_ms=9.84 predicted=82
2026-07-08 22:00:49 [debug    ] Using GRU prediction           confidence=0.78 predicted=82
2026-07-08 22:00:49 [debug    ] burn_rate_adjustment           actual_burn=0.02 adjustment=-7 allowed_burn=0.83 budget_remaining=982 burn_error=-0.979 burn_ratio=0.021
2026-07-08 22:00:49 [info     ] controller_decision_v3         action=RECOVERY available_replicas=3 budget_remaining=982 burn_adjustment=-7 burst_ratio=0 capacity_deficit=False confidence=0.78 current_load=77.54445613274902 decision_id=ea4faebc k8s_capacity=100.1 k8s_weight=100 knative_weight=0 p99=140.0 predicted_load=82 r_effective=33.4 serverless_enabled=False total_load=82 weights_after={'k3s': 100, 'knative': 0} weights_before={'k3s': 86, 'knative': 14}
2026-07-08 22:00:49 [info     ] Weights updated                k3s=100 knative=0
2026-07-08 22:00:49 [info     ] Weights updated                action=RECOVERY reason='load=82RPS | k8s_cap=100RPS | (reducing-serverless)' weights={'k3s': 100, 'knative': 0}
2026-07-08 22:00:49 [info     ] algorithm2_scaling_decision    action=MAINTAIN alpha=0.014992503748125937 beta=0.0 buffer=1.2 current_replicas=3 predicted_load=86.33394862268713 required_resources=1.294 target_replicas=3
2026-07-08 22:00:49 [debug    ] Decision loop completed        action=RECOVERY latency_ms=156.67 p99=140.0
2026-07-08 22:01:04 [debug    ] HAProxy fallback latency       delta_requests=913 interval_avg_ms=238.9 max_rtime_ms=730.0 p99_est=477.8
2026-07-08 22:01:04 [debug    ] GRU prediction received        confidence=0.73 latency_ms=10.32 predicted=80
2026-07-08 22:01:04 [debug    ] Using GRU prediction           confidence=0.73 predicted=80
2026-07-08 22:01:04 [debug    ] burn_rate_adjustment           actual_burn=0.02 adjustment=-7 allowed_burn=0.83 budget_remaining=981 burn_error=-0.978 burn_ratio=0.022
2026-07-08 22:01:04 [info     ] algorithm2_scaling_decision    action=MAINTAIN alpha=0.014992503748125937 beta=0.0 buffer=1.2 current_replicas=3 predicted_load=80.0 required_resources=1.199 target_replicas=3
2026-07-08 22:01:04 [debug    ] Decision loop completed        action=MAINTAIN latency_ms=113.44 p99=477.802847754655
2026-07-08 22:01:19 [debug    ] GRU prediction received        confidence=0.72 latency_ms=9.88 predicted=77
2026-07-08 22:01:19 [debug    ] Using GRU prediction           confidence=0.72 predicted=77
2026-07-08 22:01:19 [debug    ] burn_rate_adjustment           actual_burn=0.02 adjustment=-7 allowed_burn=0.83 budget_remaining=980 burn_error=-0.977 burn_ratio=0.023
2026-07-08 22:01:19 [info     ] algorithm2_scaling_decision    action=MAINTAIN alpha=0.014992503748125937 beta=0.0 buffer=1.2 current_replicas=3 predicted_load=77.0 required_resources=1.154 target_replicas=3
2026-07-08 22:01:19 [debug    ] Decision loop completed        action=MAINTAIN latency_ms=127.4 p99=477.802847754655
2026-07-08 22:01:34 [debug    ] GRU prediction received        confidence=0.72 latency_ms=12.34 predicted=75
2026-07-08 22:01:34 [debug    ] Using GRU prediction           confidence=0.72 predicted=75
2026-07-08 22:01:34 [debug    ] burn_rate_adjustment           actual_burn=0.02 adjustment=-7 allowed_burn=0.83 budget_remaining=979 burn_error=-0.977 burn_ratio=0.023
2026-07-08 22:01:34 [info     ] algorithm2_scaling_decision    action=MAINTAIN alpha=0.014992503748125937 beta=0.0 buffer=1.2 current_replicas=3 predicted_load=75.0 required_resources=1.124 target_replicas=3
2026-07-08 22:01:34 [debug    ] Decision loop completed        action=MAINTAIN latency_ms=122.48 p99=477.802847754655
2026-07-08 22:01:49 [debug    ] HAProxy fallback latency       delta_requests=670 interval_avg_ms=185.5 max_rtime_ms=730.0 p99_est=371.0
2026-07-08 22:01:49 [debug    ] GRU prediction received        confidence=0.72 latency_ms=11.89 predicted=74
2026-07-08 22:01:49 [debug    ] Using GRU prediction           confidence=0.72 predicted=74
2026-07-08 22:01:49 [debug    ] burn_rate_adjustment           actual_burn=0.02 adjustment=-7 allowed_burn=0.83 budget_remaining=978 burn_error=-0.976 burn_ratio=0.024
2026-07-08 22:01:49 [info     ] algorithm2_scaling_decision    action=MAINTAIN alpha=0.014992503748125937 beta=0.0 buffer=1.2 current_replicas=3 predicted_load=74.0 required_resources=1.109 target_replicas=3
2026-07-08 22:01:49 [debug    ] Decision loop completed        action=MAINTAIN latency_ms=116.71 p99=370.99701492537315
2026-07-08 22:02:04 [debug    ] HAProxy fallback latency       delta_requests=781 interval_avg_ms=65.0 max_rtime_ms=730.0 p99_est=130.0
2026-07-08 22:02:04 [debug    ] GRU prediction received        confidence=0.78 latency_ms=12.6 predicted=73
2026-07-08 22:02:04 [debug    ] Using GRU prediction           confidence=0.78 predicted=73
2026-07-08 22:02:04 [debug    ] burn_rate_adjustment           actual_burn=0.02 adjustment=-7 allowed_burn=0.83 budget_remaining=978 burn_error=-0.976 burn_ratio=0.024
2026-07-08 22:02:04 [info     ] algorithm2_scaling_decision    action=MAINTAIN alpha=0.014992503748125937 beta=0.0 buffer=1.2 current_replicas=3 predicted_load=73.0 required_resources=1.094 target_replicas=3
2026-07-08 22:02:04 [debug    ] Decision loop completed        action=MAINTAIN latency_ms=127.23 p99=130.0
2026-07-08 22:02:20 [debug    ] HAProxy fallback latency       delta_requests=853 interval_avg_ms=65.0 max_rtime_ms=730.0 p99_est=130.0
2026-07-08 22:02:20 [debug    ] GRU prediction received        confidence=0.81 latency_ms=10.47 predicted=73
2026-07-08 22:02:20 [debug    ] Using GRU prediction           confidence=0.81 predicted=73
2026-07-08 22:02:20 [debug    ] burn_rate_adjustment           actual_burn=0.02 adjustment=-7 allowed_burn=0.83 budget_remaining=978 burn_error=-0.976 burn_ratio=0.024
2026-07-08 22:02:20 [info     ] algorithm2_scaling_decision    action=MAINTAIN alpha=0.014992503748125937 beta=0.0 buffer=1.2 current_replicas=3 predicted_load=73.0 required_resources=1.094 target_replicas=3
2026-07-08 22:02:20 [debug    ] Decision loop completed        action=MAINTAIN latency_ms=120.63 p99=130.0
2026-07-08 22:02:35 [debug    ] HAProxy fallback latency       delta_requests=710 interval_avg_ms=65.0 max_rtime_ms=730.0 p99_est=130.0
2026-07-08 22:02:35 [debug    ] GRU prediction received        confidence=0.81 latency_ms=13.34 predicted=72
2026-07-08 22:02:35 [debug    ] Using GRU prediction           confidence=0.81 predicted=72
2026-07-08 22:02:35 [debug    ] burn_rate_adjustment           actual_burn=0.02 adjustment=-7 allowed_burn=0.83 budget_remaining=978 burn_error=-0.977 burn_ratio=0.023
2026-07-08 22:02:35 [info     ] algorithm2_scaling_decision    action=MAINTAIN alpha=0.014992503748125937 beta=0.0 buffer=1.2 current_replicas=3 predicted_load=72.0 required_resources=1.079 target_replicas=3
2026-07-08 22:02:35 [debug    ] Decision loop completed        action=MAINTAIN latency_ms=119.45 p99=130.0
2026-07-08 22:02:50 [debug    ] HAProxy fallback latency       delta_requests=577 interval_avg_ms=211.14 max_rtime_ms=730.0 p99_est=422.29
2026-07-08 22:02:50 [debug    ] GRU prediction received        confidence=0.78 latency_ms=10.15 predicted=71
2026-07-08 22:02:50 [debug    ] Using GRU prediction           confidence=0.78 predicted=71
2026-07-08 22:02:50 [debug    ] burn_rate_adjustment           actual_burn=0.02 adjustment=-7 allowed_burn=0.83 budget_remaining=977 burn_error=-0.976 burn_ratio=0.024
2026-07-08 22:02:50 [info     ] algorithm2_scaling_decision    action=MAINTAIN alpha=0.014992503748125937 beta=0.0 buffer=1.2 current_replicas=3 predicted_load=71.0 required_resources=1.064 target_replicas=3
2026-07-08 22:02:50 [debug    ] Decision loop completed        action=MAINTAIN latency_ms=124.51 p99=422.28769497400344
2026-07-08 22:03:05 [debug    ] GRU prediction received        confidence=0.76 latency_ms=11.12 predicted=70
2026-07-08 22:03:05 [debug    ] Using GRU prediction           confidence=0.76 predicted=70
2026-07-08 22:03:05 [debug    ] burn_rate_adjustment           actual_burn=0.02 adjustment=-7 allowed_burn=0.83 budget_remaining=976 burn_error=-0.975 burn_ratio=0.025
2026-07-08 22:03:05 [info     ] algorithm2_scaling_decision    action=MAINTAIN alpha=0.014992503748125937 beta=0.0 buffer=1.2 current_replicas=3 predicted_load=70.0 required_resources=1.049 target_replicas=3
2026-07-08 22:03:05 [debug    ] Decision loop completed        action=MAINTAIN latency_ms=121.0 p99=422.28769497400344
2026-07-08 22:03:20 [debug    ] GRU prediction received        confidence=0.76 latency_ms=12.16 predicted=69
2026-07-08 22:03:20 [debug    ] Using GRU prediction           confidence=0.76 predicted=69
2026-07-08 22:03:20 [debug    ] burn_rate_adjustment           actual_burn=0.02 adjustment=-7 allowed_burn=0.83 budget_remaining=975 burn_error=-0.975 burn_ratio=0.025
2026-07-08 22:03:20 [info     ] algorithm2_scaling_decision    action=MAINTAIN alpha=0.014992503748125937 beta=0.0 buffer=1.2 current_replicas=3 predicted_load=69.0 required_resources=1.034 target_replicas=3
2026-07-08 22:03:20 [debug    ] Decision loop completed        action=MAINTAIN latency_ms=128.1 p99=422.28769497400344
2026-07-08 22:03:35 [debug    ] HAProxy fallback latency       delta_requests=630 interval_avg_ms=64.0 max_rtime_ms=730.0 p99_est=128.0
2026-07-08 22:03:35 [debug    ] GRU prediction received        confidence=0.83 latency_ms=12.19 predicted=69
2026-07-08 22:03:35 [debug    ] Using GRU prediction           confidence=0.83 predicted=69
2026-07-08 22:03:35 [debug    ] burn_rate_adjustment           actual_burn=0.02 adjustment=-7 allowed_burn=0.83 budget_remaining=975 burn_error=-0.975 burn_ratio=0.025
2026-07-08 22:03:35 [info     ] algorithm2_scaling_decision    action=MAINTAIN alpha=0.014992503748125937 beta=0.0 buffer=1.2 current_replicas=3 predicted_load=69.0 required_resources=1.034 target_replicas=3
2026-07-08 22:03:35 [debug    ] Decision loop completed        action=MAINTAIN latency_ms=117.28 p99=128.0
2026-07-08 22:03:50 [debug    ] HAProxy fallback latency       delta_requests=665 interval_avg_ms=64.0 max_rtime_ms=730.0 p99_est=128.0
2026-07-08 22:03:50 [debug    ] GRU prediction received        confidence=0.85 latency_ms=10.57 predicted=68
2026-07-08 22:03:50 [debug    ] Using GRU prediction           confidence=0.85 predicted=68
2026-07-08 22:03:50 [debug    ] burn_rate_adjustment           actual_burn=0.02 adjustment=-7 allowed_burn=0.83 budget_remaining=975 burn_error=-0.975 burn_ratio=0.025
2026-07-08 22:03:50 [info     ] algorithm2_scaling_decision    action=MAINTAIN alpha=0.014992503748125937 beta=0.0 buffer=1.2 current_replicas=3 predicted_load=68.0 required_resources=1.019 target_replicas=3
2026-07-08 22:03:50 [debug    ] Decision loop completed        action=MAINTAIN latency_ms=122.99 p99=128.0
2026-07-08 22:04:05 [debug    ] HAProxy fallback latency       delta_requests=746 interval_avg_ms=181.37 max_rtime_ms=730.0 p99_est=362.74
2026-07-08 22:04:05 [debug    ] GRU prediction received        confidence=0.82 latency_ms=10.16 predicted=68
2026-07-08 22:04:05 [debug    ] Using GRU prediction           confidence=0.82 predicted=68
2026-07-08 22:04:05 [debug    ] burn_rate_adjustment           actual_burn=0.02 adjustment=-7 allowed_burn=0.83 budget_remaining=974 burn_error=-0.975 burn_ratio=0.025
2026-07-08 22:04:05 [info     ] algorithm2_scaling_decision    action=MAINTAIN alpha=0.014992503748125937 beta=0.0 buffer=1.2 current_replicas=3 predicted_load=68.0 required_resources=1.019 target_replicas=3
2026-07-08 22:04:05 [debug    ] Decision loop completed        action=MAINTAIN latency_ms=117.26 p99=362.7426273458445
2026-07-08 22:04:20 [debug    ] HAProxy fallback latency       delta_requests=281 interval_avg_ms=65.0 max_rtime_ms=730.0 p99_est=130.0
2026-07-08 22:04:21 [debug    ] GRU prediction received        confidence=0.72 latency_ms=11.63 predicted=66
2026-07-08 22:04:21 [debug    ] Using GRU prediction           confidence=0.72 predicted=66
2026-07-08 22:04:21 [debug    ] burn_rate_adjustment           actual_burn=0.02 adjustment=-7 allowed_burn=0.83 budget_remaining=974 burn_error=-0.975 burn_ratio=0.025
2026-07-08 22:04:21 [info     ] algorithm2_scaling_decision    action=MAINTAIN alpha=0.014992503748125937 beta=0.0 buffer=1.2 current_replicas=3 predicted_load=66.0 required_resources=0.99 target_replicas=3
2026-07-08 22:04:21 [debug    ] Decision loop completed        action=MAINTAIN latency_ms=123.12 p99=130.0
2026-07-08 22:04:36 [debug    ] GRU prediction received        confidence=0.72 latency_ms=12.02 predicted=64
2026-07-08 22:04:36 [debug    ] Using GRU prediction           confidence=0.72 predicted=64
2026-07-08 22:04:36 [debug    ] burn_rate_adjustment           actual_burn=0.02 adjustment=-7 allowed_burn=0.83 budget_remaining=974 burn_error=-0.975 burn_ratio=0.025
2026-07-08 22:04:36 [info     ] algorithm2_scaling_decision    action=MAINTAIN alpha=0.014992503748125937 beta=0.0 buffer=1.2 current_replicas=3 predicted_load=64.0 required_resources=0.96 target_replicas=3
2026-07-08 22:04:36 [debug    ] Decision loop completed        action=MAINTAIN latency_ms=118.7 p99=130.0
2026-07-08 22:04:51 [debug    ] GRU prediction received        confidence=0.72 latency_ms=12.53 predicted=62
2026-07-08 22:04:51 [debug    ] Using GRU prediction           confidence=0.72 predicted=62
2026-07-08 22:04:51 [debug    ] burn_rate_adjustment           actual_burn=0.02 adjustment=-7 allowed_burn=0.83 budget_remaining=974 burn_error=-0.975 burn_ratio=0.025
2026-07-08 22:04:51 [info     ] algorithm2_scaling_decision    action=MAINTAIN alpha=0.014992503748125937 beta=0.0 buffer=1.2 current_replicas=3 predicted_load=62.0 required_resources=0.93 target_replicas=3
2026-07-08 22:04:51 [debug    ] Decision loop completed        action=MAINTAIN latency_ms=125.06 p99=130.0
2026-07-08 22:05:06 [debug    ] GRU prediction received        confidence=0.72 latency_ms=10.02 predicted=61
2026-07-08 22:05:06 [debug    ] Using GRU prediction           confidence=0.72 predicted=61
2026-07-08 22:05:06 [debug    ] burn_rate_adjustment           actual_burn=0.02 adjustment=-7 allowed_burn=0.83 budget_remaining=974 burn_error=-0.976 burn_ratio=0.024
2026-07-08 22:05:06 [info     ] algorithm2_scaling_decision    action=MAINTAIN alpha=0.014992503748125937 beta=0.0 buffer=1.2 current_replicas=3 predicted_load=61.0 required_resources=0.915 target_replicas=3
2026-07-08 22:05:06 [debug    ] Decision loop completed        action=MAINTAIN latency_ms=115.44 p99=130.0
2026-07-08 22:05:12 [info     ] Received shutdown signal
2026-07-08 22:05:12 [info     ] Stopping routing daemon...
2026-07-08 22:05:12 [info     ] Routing daemon stopped
