2026-07-10 22:25:58 [info     ] SLOMonitor initialized         threshold_ms=200.0 violation_window=30
2026-07-10 22:25:58 [info     ] Algorithm1Controller initialized cooldown=15 weight_step=10
2026-07-10 22:25:58 [info     ] HAProxyWeightAdjuster initialized backend=servers host=localhost port=19999
2026-07-10 22:25:58 [info     ] GRUClient initialized          base_url=http://localhost:8090
2026-07-10 22:25:58 [info     ] K8sScaler initialized          deployment=test-app-warm namespace=default
2026-07-10 22:25:58 [info     ] RoutingDaemon initialized      decision_interval=15 description='Static routing to K8s cluster only' scenario=s1-k8s-only use_algorithm=False use_predictions=False
2026-07-10 22:25:58 [info     ] Starting routing daemon        interval=15 scenario=s1-k8s-only
2026-07-10 22:25:58 [info     ] Weights updated                k3s=100 knative=0
2026-07-10 22:25:58 [info     ] Initial weights applied        k3s=100 knative=0
2026-07-10 22:25:58 [error    ] HPA conflict detected — Algorithm 2 manual scaling may conflict with HPA deployment=test-app-warm hpa_name=test-app-warm
2026-07-10 22:25:58 [error    ] HPA detected — Algorithm 2 scaling may conflict with HPA
2026-07-10 22:25:58 [debug    ] Static scenario - no decision needed scenario=s1-k8s-only weights={'k3s': 100, 'knative': 0}
2026-07-10 22:26:13 [debug    ] Static scenario - no decision needed scenario=s1-k8s-only weights={'k3s': 100, 'knative': 0}
2026-07-10 22:26:28 [debug    ] Static scenario - no decision needed scenario=s1-k8s-only weights={'k3s': 100, 'knative': 0}
2026-07-10 22:26:43 [debug    ] Static scenario - no decision needed scenario=s1-k8s-only weights={'k3s': 100, 'knative': 0}
2026-07-10 22:26:58 [debug    ] Static scenario - no decision needed scenario=s1-k8s-only weights={'k3s': 100, 'knative': 0}
2026-07-10 22:27:13 [debug    ] Static scenario - no decision needed scenario=s1-k8s-only weights={'k3s': 100, 'knative': 0}
2026-07-10 22:27:28 [debug    ] Static scenario - no decision needed scenario=s1-k8s-only weights={'k3s': 100, 'knative': 0}
2026-07-10 22:27:43 [debug    ] Static scenario - no decision needed scenario=s1-k8s-only weights={'k3s': 100, 'knative': 0}
2026-07-10 22:27:58 [debug    ] Static scenario - no decision needed scenario=s1-k8s-only weights={'k3s': 100, 'knative': 0}
2026-07-10 22:28:13 [debug    ] Static scenario - no decision needed scenario=s1-k8s-only weights={'k3s': 100, 'knative': 0}
2026-07-10 22:28:28 [debug    ] Static scenario - no decision needed scenario=s1-k8s-only weights={'k3s': 100, 'knative': 0}
2026-07-10 22:28:43 [debug    ] Static scenario - no decision needed scenario=s1-k8s-only weights={'k3s': 100, 'knative': 0}
2026-07-10 22:28:58 [debug    ] Static scenario - no decision needed scenario=s1-k8s-only weights={'k3s': 100, 'knative': 0}
2026-07-10 22:29:13 [debug    ] Static scenario - no decision needed scenario=s1-k8s-only weights={'k3s': 100, 'knative': 0}
2026-07-10 22:29:28 [debug    ] Static scenario - no decision needed scenario=s1-k8s-only weights={'k3s': 100, 'knative': 0}
2026-07-10 22:29:44 [debug    ] Static scenario - no decision needed scenario=s1-k8s-only weights={'k3s': 100, 'knative': 0}
2026-07-10 22:29:59 [debug    ] Static scenario - no decision needed scenario=s1-k8s-only weights={'k3s': 100, 'knative': 0}
2026-07-10 22:30:14 [debug    ] Static scenario - no decision needed scenario=s1-k8s-only weights={'k3s': 100, 'knative': 0}
2026-07-10 22:30:29 [debug    ] Static scenario - no decision needed scenario=s1-k8s-only weights={'k3s': 100, 'knative': 0}
2026-07-10 22:30:44 [debug    ] Static scenario - no decision needed scenario=s1-k8s-only weights={'k3s': 100, 'knative': 0}
2026-07-10 22:30:59 [debug    ] Static scenario - no decision needed scenario=s1-k8s-only weights={'k3s': 100, 'knative': 0}
2026-07-10 22:31:14 [debug    ] Static scenario - no decision needed scenario=s1-k8s-only weights={'k3s': 100, 'knative': 0}
2026-07-10 22:31:29 [debug    ] Static scenario - no decision needed scenario=s1-k8s-only weights={'k3s': 100, 'knative': 0}
2026-07-10 22:31:44 [debug    ] Static scenario - no decision needed scenario=s1-k8s-only weights={'k3s': 100, 'knative': 0}
2026-07-10 22:31:59 [debug    ] Static scenario - no decision needed scenario=s1-k8s-only weights={'k3s': 100, 'knative': 0}
2026-07-10 22:32:14 [debug    ] Static scenario - no decision needed scenario=s1-k8s-only weights={'k3s': 100, 'knative': 0}
2026-07-10 22:32:29 [debug    ] Static scenario - no decision needed scenario=s1-k8s-only weights={'k3s': 100, 'knative': 0}
2026-07-10 22:32:44 [debug    ] Static scenario - no decision needed scenario=s1-k8s-only weights={'k3s': 100, 'knative': 0}
2026-07-10 22:32:59 [debug    ] Static scenario - no decision needed scenario=s1-k8s-only weights={'k3s': 100, 'knative': 0}
2026-07-10 22:33:14 [debug    ] Static scenario - no decision needed scenario=s1-k8s-only weights={'k3s': 100, 'knative': 0}
2026-07-10 22:33:29 [debug    ] Static scenario - no decision needed scenario=s1-k8s-only weights={'k3s': 100, 'knative': 0}
2026-07-10 22:33:44 [debug    ] Static scenario - no decision needed scenario=s1-k8s-only weights={'k3s': 100, 'knative': 0}
2026-07-10 22:33:59 [debug    ] Static scenario - no decision needed scenario=s1-k8s-only weights={'k3s': 100, 'knative': 0}
2026-07-10 22:34:14 [debug    ] Static scenario - no decision needed scenario=s1-k8s-only weights={'k3s': 100, 'knative': 0}
2026-07-10 22:34:29 [debug    ] Static scenario - no decision needed scenario=s1-k8s-only weights={'k3s': 100, 'knative': 0}
2026-07-10 22:34:44 [debug    ] Static scenario - no decision needed scenario=s1-k8s-only weights={'k3s': 100, 'knative': 0}
2026-07-10 22:34:59 [debug    ] Static scenario - no decision needed scenario=s1-k8s-only weights={'k3s': 100, 'knative': 0}
2026-07-10 22:35:14 [debug    ] Static scenario - no decision needed scenario=s1-k8s-only weights={'k3s': 100, 'knative': 0}
2026-07-10 22:35:29 [debug    ] Static scenario - no decision needed scenario=s1-k8s-only weights={'k3s': 100, 'knative': 0}
2026-07-10 22:35:44 [debug    ] Static scenario - no decision needed scenario=s1-k8s-only weights={'k3s': 100, 'knative': 0}
2026-07-10 22:35:59 [debug    ] Static scenario - no decision needed scenario=s1-k8s-only weights={'k3s': 100, 'knative': 0}
2026-07-10 22:36:15 [debug    ] Static scenario - no decision needed scenario=s1-k8s-only weights={'k3s': 100, 'knative': 0}
2026-07-10 22:36:30 [debug    ] Static scenario - no decision needed scenario=s1-k8s-only weights={'k3s': 100, 'knative': 0}
2026-07-10 22:36:45 [debug    ] Static scenario - no decision needed scenario=s1-k8s-only weights={'k3s': 100, 'knative': 0}
2026-07-10 22:37:00 [debug    ] Static scenario - no decision needed scenario=s1-k8s-only weights={'k3s': 100, 'knative': 0}
2026-07-10 22:37:15 [debug    ] Static scenario - no decision needed scenario=s1-k8s-only weights={'k3s': 100, 'knative': 0}
2026-07-10 22:37:30 [debug    ] Static scenario - no decision needed scenario=s1-k8s-only weights={'k3s': 100, 'knative': 0}
2026-07-10 22:37:45 [debug    ] Static scenario - no decision needed scenario=s1-k8s-only weights={'k3s': 100, 'knative': 0}
2026-07-10 22:38:00 [debug    ] Static scenario - no decision needed scenario=s1-k8s-only weights={'k3s': 100, 'knative': 0}
2026-07-10 22:38:15 [debug    ] Static scenario - no decision needed scenario=s1-k8s-only weights={'k3s': 100, 'knative': 0}
2026-07-10 22:38:30 [debug    ] Static scenario - no decision needed scenario=s1-k8s-only weights={'k3s': 100, 'knative': 0}
2026-07-10 22:38:45 [debug    ] Static scenario - no decision needed scenario=s1-k8s-only weights={'k3s': 100, 'knative': 0}
2026-07-10 22:39:00 [debug    ] Static scenario - no decision needed scenario=s1-k8s-only weights={'k3s': 100, 'knative': 0}
2026-07-10 22:39:15 [debug    ] Static scenario - no decision needed scenario=s1-k8s-only weights={'k3s': 100, 'knative': 0}
2026-07-10 22:39:30 [debug    ] Static scenario - no decision needed scenario=s1-k8s-only weights={'k3s': 100, 'knative': 0}
2026-07-10 22:39:45 [debug    ] Static scenario - no decision needed scenario=s1-k8s-only weights={'k3s': 100, 'knative': 0}
2026-07-10 22:40:00 [debug    ] Static scenario - no decision needed scenario=s1-k8s-only weights={'k3s': 100, 'knative': 0}
2026-07-10 22:40:15 [debug    ] Static scenario - no decision needed scenario=s1-k8s-only weights={'k3s': 100, 'knative': 0}
2026-07-10 22:40:30 [debug    ] Static scenario - no decision needed scenario=s1-k8s-only weights={'k3s': 100, 'knative': 0}
2026-07-10 22:40:45 [debug    ] Static scenario - no decision needed scenario=s1-k8s-only weights={'k3s': 100, 'knative': 0}
2026-07-10 22:41:00 [debug    ] Static scenario - no decision needed scenario=s1-k8s-only weights={'k3s': 100, 'knative': 0}
2026-07-10 22:41:15 [debug    ] Static scenario - no decision needed scenario=s1-k8s-only weights={'k3s': 100, 'knative': 0}
2026-07-10 22:41:30 [debug    ] Static scenario - no decision needed scenario=s1-k8s-only weights={'k3s': 100, 'knative': 0}
2026-07-10 22:41:45 [debug    ] Static scenario - no decision needed scenario=s1-k8s-only weights={'k3s': 100, 'knative': 0}
2026-07-10 22:42:00 [debug    ] Static scenario - no decision needed scenario=s1-k8s-only weights={'k3s': 100, 'knative': 0}
2026-07-10 22:42:15 [debug    ] Static scenario - no decision needed scenario=s1-k8s-only weights={'k3s': 100, 'knative': 0}
2026-07-10 22:42:30 [debug    ] Static scenario - no decision needed scenario=s1-k8s-only weights={'k3s': 100, 'knative': 0}
2026-07-10 22:42:45 [debug    ] Static scenario - no decision needed scenario=s1-k8s-only weights={'k3s': 100, 'knative': 0}
2026-07-10 22:43:01 [debug    ] Static scenario - no decision needed scenario=s1-k8s-only weights={'k3s': 100, 'knative': 0}
2026-07-10 22:43:16 [debug    ] Static scenario - no decision needed scenario=s1-k8s-only weights={'k3s': 100, 'knative': 0}
2026-07-10 22:43:31 [debug    ] Static scenario - no decision needed scenario=s1-k8s-only weights={'k3s': 100, 'knative': 0}
2026-07-10 22:43:46 [debug    ] Static scenario - no decision needed scenario=s1-k8s-only weights={'k3s': 100, 'knative': 0}
2026-07-10 22:44:01 [debug    ] Static scenario - no decision needed scenario=s1-k8s-only weights={'k3s': 100, 'knative': 0}
2026-07-10 22:44:16 [debug    ] Static scenario - no decision needed scenario=s1-k8s-only weights={'k3s': 100, 'knative': 0}
2026-07-10 22:44:31 [debug    ] Static scenario - no decision needed scenario=s1-k8s-only weights={'k3s': 100, 'knative': 0}
2026-07-10 22:44:46 [debug    ] Static scenario - no decision needed scenario=s1-k8s-only weights={'k3s': 100, 'knative': 0}
2026-07-10 22:45:01 [debug    ] Static scenario - no decision needed scenario=s1-k8s-only weights={'k3s': 100, 'knative': 0}
2026-07-10 22:45:16 [debug    ] Static scenario - no decision needed scenario=s1-k8s-only weights={'k3s': 100, 'knative': 0}
2026-07-10 22:45:31 [debug    ] Static scenario - no decision needed scenario=s1-k8s-only weights={'k3s': 100, 'knative': 0}
2026-07-10 22:45:46 [debug    ] Static scenario - no decision needed scenario=s1-k8s-only weights={'k3s': 100, 'knative': 0}
2026-07-10 22:46:01 [debug    ] Static scenario - no decision needed scenario=s1-k8s-only weights={'k3s': 100, 'knative': 0}
2026-07-10 22:46:16 [debug    ] Static scenario - no decision needed scenario=s1-k8s-only weights={'k3s': 100, 'knative': 0}
2026-07-10 22:46:31 [debug    ] Static scenario - no decision needed scenario=s1-k8s-only weights={'k3s': 100, 'knative': 0}
2026-07-10 22:46:46 [debug    ] Static scenario - no decision needed scenario=s1-k8s-only weights={'k3s': 100, 'knative': 0}
2026-07-10 22:47:01 [debug    ] Static scenario - no decision needed scenario=s1-k8s-only weights={'k3s': 100, 'knative': 0}
2026-07-10 22:47:16 [debug    ] Static scenario - no decision needed scenario=s1-k8s-only weights={'k3s': 100, 'knative': 0}
2026-07-10 22:47:31 [info     ] Received shutdown signal
2026-07-10 22:47:31 [info     ] Stopping routing daemon...
2026-07-10 22:47:31 [info     ] Routing daemon stopped
