<frozen runpy>:128: RuntimeWarning: 'daemon.routing_daemon' found in sys.modules after import of package 'daemon', but prior to execution of 'daemon.routing_daemon'; this may result in unpredictable behaviour
2026-02-16 18:36:22 [info     ] SLOMonitor initialized         threshold_ms=200.0 violation_window=30
2026-02-16 18:36:22 [info     ] Algorithm1Controller initialized cooldown=15 weight_step=10
2026-02-16 18:36:22 [info     ] HAProxyWeightAdjuster initialized backend=servers socket_path=/tmp/haproxy.sock tcp_socket=localhost:19999 tcp_socket_available=True unix_socket_available=False
2026-02-16 18:36:22 [info     ] GRUClient initialized          base_url=http://localhost:8090
2026-02-16 18:36:22 [info     ] RoutingDaemon initialized      decision_interval=15 description='Static routing to serverless only' scenario=s2-serverless-only use_algorithm=False use_predictions=False
2026-02-16 18:36:22 [info     ] Starting routing daemon        interval=15 scenario=s2-serverless-only
2026-02-16 18:36:22 [debug    ] HAProxy TCP command sent       command='show stat' response_length=2860
2026-02-16 18:36:22 [debug    ] Current weights retrieved via socket weights={'k3s': 0, 'knative': 100}
2026-02-16 18:36:22 [debug    ] Weights already set correctly  k3s=0 knative=100
2026-02-16 18:36:22 [info     ] Initial weights applied        k3s=0 knative=100
2026-02-16 18:36:22 [debug    ] HAProxy TCP command sent       command='show stat' response_length=2860
2026-02-16 18:36:22 [debug    ] Static scenario - no decision needed scenario=s2-serverless-only weights={'k3s': 0, 'knative': 100}
2026-02-16 18:36:37 [debug    ] HAProxy TCP command sent       command='show stat' response_length=2861
2026-02-16 18:36:37 [debug    ] Static scenario - no decision needed scenario=s2-serverless-only weights={'k3s': 0, 'knative': 100}
2026-02-16 18:36:52 [debug    ] HAProxy TCP command sent       command='show stat' response_length=2861
2026-02-16 18:36:52 [debug    ] Static scenario - no decision needed scenario=s2-serverless-only weights={'k3s': 0, 'knative': 100}
2026-02-16 18:37:07 [debug    ] HAProxy TCP command sent       command='show stat' response_length=2869
2026-02-16 18:37:07 [debug    ] Static scenario - no decision needed scenario=s2-serverless-only weights={'k3s': 0, 'knative': 100}
2026-02-16 18:37:22 [debug    ] HAProxy TCP command sent       command='show stat' response_length=2866
2026-02-16 18:37:22 [debug    ] Static scenario - no decision needed scenario=s2-serverless-only weights={'k3s': 0, 'knative': 100}
2026-02-16 18:37:37 [debug    ] HAProxy TCP command sent       command='show stat' response_length=2861
2026-02-16 18:37:37 [debug    ] Static scenario - no decision needed scenario=s2-serverless-only weights={'k3s': 0, 'knative': 100}
2026-02-16 18:37:52 [debug    ] HAProxy TCP command sent       command='show stat' response_length=2861
2026-02-16 18:37:52 [debug    ] Static scenario - no decision needed scenario=s2-serverless-only weights={'k3s': 0, 'knative': 100}
2026-02-16 18:38:07 [debug    ] HAProxy TCP command sent       command='show stat' response_length=2865
2026-02-16 18:38:07 [debug    ] Static scenario - no decision needed scenario=s2-serverless-only weights={'k3s': 0, 'knative': 100}
2026-02-16 18:38:22 [debug    ] HAProxy TCP command sent       command='show stat' response_length=2866
2026-02-16 18:38:22 [debug    ] Static scenario - no decision needed scenario=s2-serverless-only weights={'k3s': 0, 'knative': 100}
2026-02-16 18:38:37 [debug    ] HAProxy TCP command sent       command='show stat' response_length=2866
2026-02-16 18:38:37 [debug    ] Static scenario - no decision needed scenario=s2-serverless-only weights={'k3s': 0, 'knative': 100}
2026-02-16 18:38:52 [debug    ] HAProxy TCP command sent       command='show stat' response_length=2862
2026-02-16 18:38:52 [debug    ] Static scenario - no decision needed scenario=s2-serverless-only weights={'k3s': 0, 'knative': 100}
2026-02-16 18:39:07 [debug    ] HAProxy TCP command sent       command='show stat' response_length=2862
2026-02-16 18:39:07 [debug    ] Static scenario - no decision needed scenario=s2-serverless-only weights={'k3s': 0, 'knative': 100}
2026-02-16 18:39:22 [debug    ] HAProxy TCP command sent       command='show stat' response_length=2872
2026-02-16 18:39:22 [debug    ] Static scenario - no decision needed scenario=s2-serverless-only weights={'k3s': 0, 'knative': 100}
2026-02-16 18:39:37 [debug    ] HAProxy TCP command sent       command='show stat' response_length=2867
2026-02-16 18:39:37 [debug    ] Static scenario - no decision needed scenario=s2-serverless-only weights={'k3s': 0, 'knative': 100}
2026-02-16 18:39:52 [debug    ] HAProxy TCP command sent       command='show stat' response_length=2865
2026-02-16 18:39:52 [debug    ] Static scenario - no decision needed scenario=s2-serverless-only weights={'k3s': 0, 'knative': 100}
2026-02-16 18:40:07 [debug    ] HAProxy TCP command sent       command='show stat' response_length=2862
2026-02-16 18:40:07 [debug    ] Static scenario - no decision needed scenario=s2-serverless-only weights={'k3s': 0, 'knative': 100}
2026-02-16 18:40:22 [debug    ] HAProxy TCP command sent       command='show stat' response_length=2862
2026-02-16 18:40:22 [debug    ] Static scenario - no decision needed scenario=s2-serverless-only weights={'k3s': 0, 'knative': 100}
2026-02-16 18:40:37 [debug    ] HAProxy TCP command sent       command='show stat' response_length=2873
2026-02-16 18:40:37 [debug    ] Static scenario - no decision needed scenario=s2-serverless-only weights={'k3s': 0, 'knative': 100}
2026-02-16 18:40:52 [debug    ] HAProxy TCP command sent       command='show stat' response_length=2867
2026-02-16 18:40:52 [debug    ] Static scenario - no decision needed scenario=s2-serverless-only weights={'k3s': 0, 'knative': 100}
2026-02-16 18:41:07 [debug    ] HAProxy TCP command sent       command='show stat' response_length=2865
2026-02-16 18:41:07 [debug    ] Static scenario - no decision needed scenario=s2-serverless-only weights={'k3s': 0, 'knative': 100}
2026-02-16 18:41:22 [debug    ] HAProxy TCP command sent       command='show stat' response_length=2862
2026-02-16 18:41:22 [debug    ] Static scenario - no decision needed scenario=s2-serverless-only weights={'k3s': 0, 'knative': 100}
2026-02-16 18:41:37 [debug    ] HAProxy TCP command sent       command='show stat' response_length=2860
2026-02-16 18:41:37 [debug    ] Static scenario - no decision needed scenario=s2-serverless-only weights={'k3s': 0, 'knative': 100}
2026-02-16 18:41:52 [debug    ] HAProxy TCP command sent       command='show stat' response_length=2875
2026-02-16 18:41:52 [debug    ] Static scenario - no decision needed scenario=s2-serverless-only weights={'k3s': 0, 'knative': 100}
2026-02-16 18:42:07 [debug    ] HAProxy TCP command sent       command='show stat' response_length=2868
2026-02-16 18:42:07 [debug    ] Static scenario - no decision needed scenario=s2-serverless-only weights={'k3s': 0, 'knative': 100}
2026-02-16 18:42:22 [debug    ] HAProxy TCP command sent       command='show stat' response_length=2868
2026-02-16 18:42:22 [debug    ] Static scenario - no decision needed scenario=s2-serverless-only weights={'k3s': 0, 'knative': 100}
2026-02-16 18:42:37 [debug    ] HAProxy TCP command sent       command='show stat' response_length=2863
2026-02-16 18:42:37 [debug    ] Static scenario - no decision needed scenario=s2-serverless-only weights={'k3s': 0, 'knative': 100}
2026-02-16 18:42:52 [debug    ] HAProxy TCP command sent       command='show stat' response_length=2860
2026-02-16 18:42:52 [debug    ] Static scenario - no decision needed scenario=s2-serverless-only weights={'k3s': 0, 'knative': 100}
2026-02-16 18:43:07 [info     ] Received shutdown signal
2026-02-16 18:43:07 [info     ] Stopping routing daemon...
2026-02-16 18:43:07 [info     ] Routing daemon stopped
