2026-08-08 22:53:15 [info     ] SLOMonitor initialized         threshold_ms=200.0 violation_window=30
2026-08-08 22:53:15 [info     ] Algorithm1ControllerV3 initialized max_knative=50 r_saturation=33.3 target_cpu_util=0.5 total_budget=1000
2026-08-08 22:53:15 [info     ] Using V3 controller (Capacity-Driven) scenario=s3-hybrid-reactive version=v3
2026-08-08 22:53:15 [info     ] HAProxyWeightAdjuster initialized backend=servers host=localhost port=19999
2026-08-08 22:53:15 [info     ] GRUClient initialized          base_url=http://localhost:8090
2026-08-08 22:53:15 [info     ] K8sScaler initialized          deployment=test-app-warm namespace=default
2026-08-08 22:53:15 [info     ] RoutingDaemon initialized      decision_interval=15 description='Algorithm 1 reactive routing without predictions' scenario=s3-hybrid-reactive use_algorithm=True use_predictions=False
2026-08-08 22:53:15 [info     ] Starting routing daemon        interval=15 scenario=s3-hybrid-reactive
2026-08-08 22:53:15 [info     ] Weights updated                k3s=80 knative=20
2026-08-08 22:53:15 [info     ] Initial weights applied        k3s=80 knative=20
2026-08-08 22:53:15 [debug    ] HAProxy fallback primed        total_requests=0
2026-08-08 22:53:16 [info     ] algorithm2_scaling_decision    action=MAINTAIN alpha=0.060060060060060066 beta=0.0 buffer=1.0 current_replicas=3 predicted_load=0.0 required_resources=0.0 target_replicas=3
2026-08-08 22:53:16 [info     ] algorithm2_decision            action=MAINTAIN applied_target=3 current_replicas=3 hold_until=0.0 observed_load=0.0 observed_target=3 point_forecasts=None prediction_age_sec=None predictive_target=3 proactive=False scenario=s3-hybrid-reactive target_replicas=3 upper_forecasts=None
2026-08-08 22:53:16 [debug    ] Decision loop completed        action=MAINTAIN latency_ms=104.28 p99=0.0
2026-08-08 22:53:31 [info     ] algorithm2_scaling_decision    action=MAINTAIN alpha=0.060060060060060066 beta=0.0 buffer=1.0 current_replicas=3 predicted_load=0.0 required_resources=0.0 target_replicas=3
2026-08-08 22:53:31 [info     ] algorithm2_decision            action=MAINTAIN applied_target=3 current_replicas=3 hold_until=0.0 observed_load=0.0 observed_target=3 point_forecasts=None prediction_age_sec=None predictive_target=3 proactive=False scenario=s3-hybrid-reactive target_replicas=3 upper_forecasts=None
2026-08-08 22:53:31 [debug    ] Decision loop completed        action=MAINTAIN latency_ms=100.07 p99=0.0
2026-08-08 22:53:46 [info     ] algorithm2_scaling_decision    action=MAINTAIN alpha=0.060060060060060066 beta=0.0 buffer=1.0 current_replicas=3 predicted_load=0.0 required_resources=0.0 target_replicas=3
2026-08-08 22:53:46 [info     ] algorithm2_decision            action=MAINTAIN applied_target=3 current_replicas=3 hold_until=0.0 observed_load=0.0 observed_target=3 point_forecasts=None prediction_age_sec=None predictive_target=3 proactive=False scenario=s3-hybrid-reactive target_replicas=3 upper_forecasts=None
2026-08-08 22:53:46 [debug    ] Decision loop completed        action=MAINTAIN latency_ms=103.78 p99=0.0
2026-08-08 22:54:01 [debug    ] HAProxy fallback latency       delta_requests=638 interval_avg_ms=64.0 max_rtime_ms=98.0 p99_est=98.0
2026-08-08 22:54:01 [info     ] controller_decision_v3         action=RECOVERY available_replicas=3 budget_remaining=1000 burn_adjustment=0 burst_ratio=0 capacity_deficit=False confidence=0 current_load=42.108912036393924 decision_id=bf3f7ebc k8s_capacity=49.9 k8s_weight=100 knative_weight=0 p99=98.0 predicted_load=0 r_effective=16.6 serverless_enabled=False total_load=42.1 weights_after={'k3s': 100, 'knative': 0} weights_before={'k3s': 80, 'knative': 20}
2026-08-08 22:54:01 [info     ] Weights updated                k3s=100 knative=0
2026-08-08 22:54:01 [info     ] Weights updated                action=RECOVERY reason='load=42RPS | k8s_cap=50RPS | (reducing-serverless)' weights={'k3s': 100, 'knative': 0}
2026-08-08 22:54:01 [info     ] algorithm2_scaling_decision    action=MAINTAIN alpha=0.060060060060060066 beta=0.0 buffer=1.0 current_replicas=3 predicted_load=21.054456018196962 required_resources=1.265 target_replicas=3
2026-08-08 22:54:01 [info     ] algorithm2_decision            action=MAINTAIN applied_target=3 current_replicas=3 hold_until=0.0 observed_load=21.05 observed_target=3 point_forecasts=None prediction_age_sec=None predictive_target=3 proactive=False scenario=s3-hybrid-reactive target_replicas=3 upper_forecasts=None
2026-08-08 22:54:01 [debug    ] Decision loop completed        action=RECOVERY latency_ms=141.25 p99=98.0
2026-08-08 22:54:16 [debug    ] HAProxy fallback latency       delta_requests=666 interval_avg_ms=64.0 max_rtime_ms=118.0 p99_est=118.0
2026-08-08 22:54:16 [info     ] algorithm2_scaling_decision    action=MAINTAIN alpha=0.060060060060060066 beta=0.0 buffer=1.0 current_replicas=3 predicted_load=43.07997225998737 required_resources=2.587 target_replicas=3
2026-08-08 22:54:16 [info     ] algorithm2_decision            action=MAINTAIN applied_target=3 current_replicas=3 hold_until=0.0 observed_load=43.08 observed_target=3 point_forecasts=None prediction_age_sec=None predictive_target=3 proactive=False scenario=s3-hybrid-reactive target_replicas=3 upper_forecasts=None
2026-08-08 22:54:16 [debug    ] Decision loop completed        action=MAINTAIN latency_ms=104.01 p99=118.0
2026-08-08 22:54:31 [debug    ] HAProxy fallback latency       delta_requests=715 interval_avg_ms=66.82 max_rtime_ms=118.0 p99_est=118.0
2026-08-08 22:54:31 [info     ] algorithm2_scaling_decision    action=MAINTAIN alpha=0.060060060060060066 beta=0.0 buffer=1.0 current_replicas=3 predicted_load=45.694780529094594 required_resources=2.744 target_replicas=3
2026-08-08 22:54:31 [info     ] algorithm2_decision            action=MAINTAIN applied_target=3 current_replicas=3 hold_until=0.0 observed_load=45.69 observed_target=3 point_forecasts=None prediction_age_sec=None predictive_target=3 proactive=False scenario=s3-hybrid-reactive target_replicas=3 upper_forecasts=None
2026-08-08 22:54:31 [debug    ] Decision loop completed        action=MAINTAIN latency_ms=102.04 p99=118.0
2026-08-08 22:54:46 [debug    ] HAProxy fallback latency       delta_requests=822 interval_avg_ms=65.0 max_rtime_ms=118.0 p99_est=118.0
2026-08-08 22:54:46 [info     ] Knative pre-warm OK            cold_start_ms=2.5
2026-08-08 22:54:46 [info     ] controller_decision_v3         action=REACTIVE available_replicas=3 budget_remaining=1000 burn_adjustment=0 burst_ratio=0.0812 capacity_deficit=False confidence=0 current_load=54.36409816072841 decision_id=89f9fa3a k8s_capacity=49.9 k8s_weight=91 knative_weight=9 p99=118.0 predicted_load=0 r_effective=16.6 serverless_enabled=True total_load=54.4 weights_after={'k3s': 91, 'knative': 9} weights_before={'k3s': 100, 'knative': 0}
2026-08-08 22:54:46 [info     ] Weights updated                k3s=91 knative=9
2026-08-08 22:54:46 [info     ] Weights updated                action=REACTIVE reason='load=54RPS | k8s_cap=50RPS | (burst-routing)' weights={'k3s': 91, 'knative': 9}
2026-08-08 22:54:46 [info     ] algorithm2_scaling_decision    action=SCALE_UP alpha=0.060060060060060066 beta=0.0 buffer=1.0 current_replicas=3 predicted_load=50.851313367668396 required_resources=3.054 target_replicas=4
2026-08-08 22:54:46 [info     ] algorithm2_decision            action=SCALE_UP applied_target=4 current_replicas=3 hold_until=0.0 observed_load=50.85 observed_target=4 point_forecasts=None prediction_age_sec=None predictive_target=4 proactive=False scenario=s3-hybrid-reactive target_replicas=4 upper_forecasts=None
2026-08-08 22:54:46 [info     ] k8s_scale_executed             deployment=test-app-warm replicas=4
2026-08-08 22:54:46 [debug    ] Decision loop completed        action=REACTIVE latency_ms=146.03 p99=118.0
2026-08-08 22:55:01 [debug    ] HAProxy fallback latency       delta_requests=770 interval_avg_ms=60.31 max_rtime_ms=118.0 p99_est=118.0
2026-08-08 22:55:01 [info     ] controller_decision_v3         action=RECOVERY available_replicas=4 budget_remaining=1000 burn_adjustment=0 burst_ratio=0 capacity_deficit=False confidence=0 current_load=50.83659215676466 decision_id=4a8ee4c5 k8s_capacity=66.6 k8s_weight=100 knative_weight=0 p99=118.0 predicted_load=0 r_effective=16.6 serverless_enabled=False total_load=50.8 weights_after={'k3s': 100, 'knative': 0} weights_before={'k3s': 91, 'knative': 9}
2026-08-08 22:55:01 [info     ] Weights updated                k3s=100 knative=0
2026-08-08 22:55:01 [info     ] Weights updated                action=RECOVERY reason='load=51RPS | k8s_cap=67RPS | (reducing-serverless)' weights={'k3s': 100, 'knative': 0}
2026-08-08 22:55:01 [info     ] Scale readiness observed       elapsed_sec=15.1 ewma_delay=46.5 samples=1 target=4
2026-08-08 22:55:01 [info     ] algorithm2_scaling_decision    action=MAINTAIN alpha=0.060060060060060066 beta=0.0 buffer=1.0 current_replicas=4 predicted_load=52.600345158746535 required_resources=3.159 target_replicas=4
2026-08-08 22:55:01 [info     ] algorithm2_decision            action=MAINTAIN applied_target=4 current_replicas=4 hold_until=0.0 observed_load=52.6 observed_target=4 point_forecasts=None prediction_age_sec=None predictive_target=4 proactive=False scenario=s3-hybrid-reactive target_replicas=4 upper_forecasts=None
2026-08-08 22:55:01 [debug    ] Decision loop completed        action=RECOVERY latency_ms=131.3 p99=118.0
2026-08-08 22:55:16 [debug    ] HAProxy fallback latency       delta_requests=548 interval_avg_ms=71.59 max_rtime_ms=118.0 p99_est=118.0
2026-08-08 22:55:16 [info     ] algorithm2_scaling_decision    action=MAINTAIN alpha=0.060060060060060066 beta=0.0 buffer=1.0 current_replicas=4 predicted_load=43.55900675135287 required_resources=2.616 target_replicas=3
2026-08-08 22:55:16 [info     ] algorithm2_decision            action=MAINTAIN applied_target=3 current_replicas=4 hold_until=0.0 observed_load=43.56 observed_target=3 point_forecasts=None prediction_age_sec=None predictive_target=3 proactive=False scenario=s3-hybrid-reactive target_replicas=3 upper_forecasts=None
2026-08-08 22:55:16 [debug    ] Decision loop completed        action=MAINTAIN latency_ms=104.51 p99=118.0
2026-08-08 22:55:31 [debug    ] HAProxy fallback latency       delta_requests=411 interval_avg_ms=76.12 max_rtime_ms=118.0 p99_est=118.0
2026-08-08 22:55:32 [info     ] algorithm2_scaling_decision    action=MAINTAIN alpha=0.060060060060060066 beta=0.0 buffer=1.0 current_replicas=4 predicted_load=31.745925893438915 required_resources=1.907 target_replicas=3
2026-08-08 22:55:32 [info     ] algorithm2_decision            action=MAINTAIN applied_target=3 current_replicas=4 hold_until=0.0 observed_load=31.75 observed_target=3 point_forecasts=None prediction_age_sec=None predictive_target=3 proactive=False scenario=s3-hybrid-reactive target_replicas=3 upper_forecasts=None
2026-08-08 22:55:32 [debug    ] Decision loop completed        action=MAINTAIN latency_ms=101.21 p99=118.0
2026-08-08 22:55:47 [debug    ] HAProxy fallback latency       delta_requests=358 interval_avg_ms=66.0 max_rtime_ms=118.0 p99_est=118.0
2026-08-08 22:55:47 [info     ] algorithm2_scaling_decision    action=MAINTAIN alpha=0.060060060060060066 beta=0.0 buffer=1.0 current_replicas=4 predicted_load=25.458752017037227 required_resources=1.529 target_replicas=3
2026-08-08 22:55:47 [info     ] algorithm2_decision            action=MAINTAIN applied_target=3 current_replicas=4 hold_until=0.0 observed_load=25.46 observed_target=3 point_forecasts=None prediction_age_sec=None predictive_target=3 proactive=False scenario=s3-hybrid-reactive target_replicas=3 upper_forecasts=None
2026-08-08 22:55:47 [debug    ] Decision loop completed        action=MAINTAIN latency_ms=107.76 p99=118.0
2026-08-08 22:56:02 [debug    ] HAProxy fallback latency       delta_requests=483 interval_avg_ms=66.0 max_rtime_ms=118.0 p99_est=118.0
2026-08-08 22:56:02 [info     ] algorithm2_scaling_decision    action=MAINTAIN alpha=0.060060060060060066 beta=0.0 buffer=1.0 current_replicas=4 predicted_load=27.805563836892574 required_resources=1.67 target_replicas=3
2026-08-08 22:56:02 [info     ] algorithm2_decision            action=MAINTAIN applied_target=3 current_replicas=4 hold_until=0.0 observed_load=27.81 observed_target=3 point_forecasts=None prediction_age_sec=None predictive_target=3 proactive=False scenario=s3-hybrid-reactive target_replicas=3 upper_forecasts=None
2026-08-08 22:56:02 [debug    ] Decision loop completed        action=MAINTAIN latency_ms=100.07 p99=118.0
2026-08-08 22:56:17 [debug    ] HAProxy fallback latency       delta_requests=771 interval_avg_ms=49.96 max_rtime_ms=118.0 p99_est=99.93
2026-08-08 22:56:17 [info     ] algorithm2_scaling_decision    action=MAINTAIN alpha=0.060060060060060066 beta=0.0 buffer=1.0 current_replicas=4 predicted_load=41.48168905493772 required_resources=2.491 target_replicas=3
2026-08-08 22:56:17 [info     ] algorithm2_decision            action=MAINTAIN applied_target=3 current_replicas=4 hold_until=0.0 observed_load=41.48 observed_target=3 point_forecasts=None prediction_age_sec=None predictive_target=3 proactive=False scenario=s3-hybrid-reactive target_replicas=3 upper_forecasts=None
2026-08-08 22:56:17 [debug    ] Decision loop completed        action=MAINTAIN latency_ms=108.27 p99=99.92736705577173
2026-08-08 22:56:32 [debug    ] HAProxy fallback latency       delta_requests=813 interval_avg_ms=64.0 max_rtime_ms=118.0 p99_est=118.0
2026-08-08 22:56:32 [info     ] algorithm2_scaling_decision    action=MAINTAIN alpha=0.060060060060060066 beta=0.0 buffer=1.0 current_replicas=4 predicted_load=52.43486000544503 required_resources=3.149 target_replicas=4
2026-08-08 22:56:32 [info     ] algorithm2_decision            action=MAINTAIN applied_target=4 current_replicas=4 hold_until=0.0 observed_load=52.43 observed_target=4 point_forecasts=None prediction_age_sec=None predictive_target=4 proactive=False scenario=s3-hybrid-reactive target_replicas=4 upper_forecasts=None
2026-08-08 22:56:32 [debug    ] Decision loop completed        action=MAINTAIN latency_ms=98.89 p99=118.0
2026-08-08 22:56:47 [debug    ] HAProxy fallback latency       delta_requests=638 interval_avg_ms=64.0 max_rtime_ms=118.0 p99_est=118.0
2026-08-08 22:56:47 [info     ] algorithm2_scaling_decision    action=MAINTAIN alpha=0.060060060060060066 beta=0.0 buffer=1.0 current_replicas=4 predicted_load=48.06550368148864 required_resources=2.887 target_replicas=3
2026-08-08 22:56:47 [info     ] algorithm2_decision            action=MAINTAIN applied_target=3 current_replicas=4 hold_until=0.0 observed_load=48.07 observed_target=3 point_forecasts=None prediction_age_sec=None predictive_target=3 proactive=False scenario=s3-hybrid-reactive target_replicas=3 upper_forecasts=None
2026-08-08 22:56:47 [debug    ] Decision loop completed        action=MAINTAIN latency_ms=101.68 p99=118.0
2026-08-08 22:57:02 [debug    ] HAProxy fallback latency       delta_requests=654 interval_avg_ms=64.0 max_rtime_ms=118.0 p99_est=118.0
2026-08-08 22:57:02 [info     ] algorithm2_scaling_decision    action=MAINTAIN alpha=0.060060060060060066 beta=0.0 buffer=1.0 current_replicas=4 predicted_load=42.813642927537266 required_resources=2.571 target_replicas=3
2026-08-08 22:57:02 [info     ] algorithm2_decision            action=MAINTAIN applied_target=3 current_replicas=4 hold_until=0.0 observed_load=42.81 observed_target=3 point_forecasts=None prediction_age_sec=None predictive_target=3 proactive=False scenario=s3-hybrid-reactive target_replicas=3 upper_forecasts=None
2026-08-08 22:57:02 [debug    ] Decision loop completed        action=MAINTAIN latency_ms=103.7 p99=118.0
2026-08-08 22:57:17 [debug    ] HAProxy fallback latency       delta_requests=830 interval_avg_ms=64.0 max_rtime_ms=118.0 p99_est=118.0
2026-08-08 22:57:17 [info     ] algorithm2_scaling_decision    action=MAINTAIN alpha=0.060060060060060066 beta=0.0 buffer=1.0 current_replicas=4 predicted_load=49.09662940461984 required_resources=2.949 target_replicas=3
2026-08-08 22:57:17 [info     ] algorithm2_decision            action=MAINTAIN applied_target=3 current_replicas=4 hold_until=0.0 observed_load=49.1 observed_target=3 point_forecasts=None prediction_age_sec=None predictive_target=3 proactive=False scenario=s3-hybrid-reactive target_replicas=3 upper_forecasts=None
2026-08-08 22:57:17 [debug    ] Decision loop completed        action=MAINTAIN latency_ms=100.42 p99=118.0
2026-08-08 22:57:32 [debug    ] HAProxy fallback latency       delta_requests=914 interval_avg_ms=64.0 max_rtime_ms=133.0 p99_est=128.0
2026-08-08 22:57:32 [info     ] algorithm2_scaling_decision    action=MAINTAIN alpha=0.060060060060060066 beta=0.0 buffer=1.0 current_replicas=4 predicted_load=57.706070985232515 required_resources=3.466 target_replicas=4
2026-08-08 22:57:32 [info     ] algorithm2_decision            action=MAINTAIN applied_target=4 current_replicas=4 hold_until=0.0 observed_load=57.71 observed_target=4 point_forecasts=None prediction_age_sec=None predictive_target=4 proactive=False scenario=s3-hybrid-reactive target_replicas=4 upper_forecasts=None
2026-08-08 22:57:32 [debug    ] Decision loop completed        action=MAINTAIN latency_ms=102.87 p99=128.0
2026-08-08 22:57:47 [debug    ] HAProxy fallback latency       delta_requests=931 interval_avg_ms=64.0 max_rtime_ms=133.0 p99_est=128.0
2026-08-08 22:57:47 [info     ] algorithm2_scaling_decision    action=MAINTAIN alpha=0.060060060060060066 beta=0.0 buffer=1.0 current_replicas=4 predicted_load=61.05247172969055 required_resources=3.667 target_replicas=4
2026-08-08 22:57:47 [info     ] algorithm2_decision            action=MAINTAIN applied_target=4 current_replicas=4 hold_until=0.0 observed_load=61.05 observed_target=4 point_forecasts=None prediction_age_sec=None predictive_target=4 proactive=False scenario=s3-hybrid-reactive target_replicas=4 upper_forecasts=None
2026-08-08 22:57:47 [debug    ] Decision loop completed        action=MAINTAIN latency_ms=99.06 p99=128.0
2026-08-08 22:58:03 [debug    ] HAProxy fallback latency       delta_requests=1002 interval_avg_ms=75.94 max_rtime_ms=133.0 p99_est=133.0
2026-08-08 22:58:03 [info     ] algorithm2_scaling_decision    action=MAINTAIN alpha=0.060060060060060066 beta=0.0 buffer=1.0 current_replicas=4 predicted_load=63.96913863139956 required_resources=3.842 target_replicas=4
2026-08-08 22:58:03 [info     ] algorithm2_decision            action=MAINTAIN applied_target=4 current_replicas=4 hold_until=0.0 observed_load=63.97 observed_target=4 point_forecasts=None prediction_age_sec=None predictive_target=4 proactive=False scenario=s3-hybrid-reactive target_replicas=4 upper_forecasts=None
2026-08-08 22:58:03 [debug    ] Decision loop completed        action=MAINTAIN latency_ms=103.16 p99=133.0
2026-08-08 22:58:18 [debug    ] HAProxy fallback latency       delta_requests=1116 interval_avg_ms=53.28 max_rtime_ms=133.0 p99_est=106.56
2026-08-08 22:58:18 [info     ] Knative pre-warm OK            cold_start_ms=3.4
2026-08-08 22:58:18 [info     ] controller_decision_v3         action=REACTIVE available_replicas=4 budget_remaining=1000 burn_adjustment=0 burst_ratio=0.0987 capacity_deficit=False confidence=0 current_load=73.8940684455953 decision_id=db5c9c96 k8s_capacity=66.6 k8s_weight=90 knative_weight=10 p99=106.6 predicted_load=0 r_effective=16.6 serverless_enabled=True total_load=73.9 weights_after={'k3s': 90, 'knative': 10} weights_before={'k3s': 100, 'knative': 0}
2026-08-08 22:58:18 [info     ] Weights updated                k3s=90 knative=10
2026-08-08 22:58:18 [info     ] Weights updated                action=REACTIVE reason='load=74RPS | k8s_cap=67RPS | (burst-routing)' weights={'k3s': 90, 'knative': 10}
2026-08-08 22:58:18 [info     ] algorithm2_scaling_decision    action=SCALE_UP alpha=0.060060060060060066 beta=0.0 buffer=1.0 current_replicas=4 predicted_load=70.12647994199898 required_resources=4.212 target_replicas=5
2026-08-08 22:58:18 [info     ] algorithm2_decision            action=SCALE_UP applied_target=5 current_replicas=4 hold_until=0.0 observed_load=70.13 observed_target=5 point_forecasts=None prediction_age_sec=None predictive_target=5 proactive=False scenario=s3-hybrid-reactive target_replicas=5 upper_forecasts=None
2026-08-08 22:58:18 [info     ] k8s_scale_executed             deployment=test-app-warm replicas=5
2026-08-08 22:58:18 [debug    ] Decision loop completed        action=REACTIVE latency_ms=148.39 p99=106.55913978494624
2026-08-08 22:58:33 [debug    ] HAProxy fallback latency       delta_requests=1274 interval_avg_ms=75.27 max_rtime_ms=133.0 p99_est=133.0
2026-08-08 22:58:33 [info     ] controller_decision_v3         action=RECOVERY available_replicas=5 budget_remaining=1000 burn_adjustment=0 burst_ratio=0.0101 capacity_deficit=False confidence=0 current_load=84.0981975699713 decision_id=fa0a8513 k8s_capacity=83.2 k8s_weight=98 knative_weight=2 p99=133.0 predicted_load=0 r_effective=16.6 serverless_enabled=True total_load=84.1 weights_after={'k3s': 98, 'knative': 2} weights_before={'k3s': 90, 'knative': 10}
2026-08-08 22:58:33 [info     ] Weights updated                k3s=98 knative=2
2026-08-08 22:58:33 [info     ] Weights updated                action=RECOVERY reason='load=84RPS | k8s_cap=83RPS | (reducing-serverless)' weights={'k3s': 98, 'knative': 2}
2026-08-08 22:58:33 [info     ] Scale readiness observed       elapsed_sec=15.1 ewma_delay=37.1 samples=2 target=5
2026-08-08 22:58:33 [info     ] algorithm2_scaling_decision    action=MAINTAIN alpha=0.060060060060060066 beta=0.0 buffer=1.0 current_replicas=5 predicted_load=78.9961330077833 required_resources=4.745 target_replicas=5
2026-08-08 22:58:33 [info     ] algorithm2_decision            action=MAINTAIN applied_target=5 current_replicas=5 hold_until=0.0 observed_load=79.0 observed_target=5 point_forecasts=None prediction_age_sec=None predictive_target=5 proactive=False scenario=s3-hybrid-reactive target_replicas=5 upper_forecasts=None
2026-08-08 22:58:33 [debug    ] Decision loop completed        action=RECOVERY latency_ms=135.85 p99=133.0
2026-08-08 22:58:48 [debug    ] HAProxy fallback latency       delta_requests=1458 interval_avg_ms=97.53 max_rtime_ms=165.0 p99_est=165.0
2026-08-08 22:58:48 [info     ] controller_decision_v3         action=REACTIVE available_replicas=5 budget_remaining=1000 burn_adjustment=0 burst_ratio=0.1352 capacity_deficit=False confidence=0 current_load=96.2612976463895 decision_id=a985f386 k8s_capacity=83.2 k8s_weight=86 knative_weight=14 p99=165.0 predicted_load=0 r_effective=16.6 serverless_enabled=True total_load=96.3 weights_after={'k3s': 86, 'knative': 14} weights_before={'k3s': 98, 'knative': 2}
2026-08-08 22:58:48 [info     ] Weights updated                k3s=86 knative=14
2026-08-08 22:58:48 [info     ] Weights updated                action=REACTIVE reason='load=96RPS | k8s_cap=83RPS | (burst-routing)' weights={'k3s': 86, 'knative': 14}
2026-08-08 22:58:48 [info     ] algorithm2_scaling_decision    action=SCALE_UP alpha=0.060060060060060066 beta=0.0 buffer=1.0 current_replicas=5 predicted_load=90.1797476081804 required_resources=5.416 target_replicas=6
2026-08-08 22:58:48 [info     ] algorithm2_decision            action=SCALE_UP applied_target=6 current_replicas=5 hold_until=0.0 observed_load=90.18 observed_target=6 point_forecasts=None prediction_age_sec=None predictive_target=6 proactive=False scenario=s3-hybrid-reactive target_replicas=6 upper_forecasts=None
2026-08-08 22:58:48 [info     ] k8s_scale_executed             deployment=test-app-warm replicas=6
2026-08-08 22:58:48 [debug    ] Decision loop completed        action=REACTIVE latency_ms=142.54 p99=165.0
2026-08-08 22:59:03 [debug    ] HAProxy fallback latency       delta_requests=1668 interval_avg_ms=57.52 max_rtime_ms=165.0 p99_est=115.04
2026-08-08 22:59:03 [info     ] controller_decision_v3         action=REACTIVE available_replicas=5 budget_remaining=1000 burn_adjustment=0 burst_ratio=0.2442 capacity_deficit=False confidence=0 current_load=110.15302333883729 decision_id=43683de4 k8s_capacity=83.2 k8s_weight=75 knative_weight=25 p99=115.0 predicted_load=0 r_effective=16.6 serverless_enabled=True total_load=110.2 weights_after={'k3s': 75, 'knative': 25} weights_before={'k3s': 86, 'knative': 14}
2026-08-08 22:59:03 [info     ] Weights updated                k3s=75 knative=25
2026-08-08 22:59:03 [info     ] Weights updated                action=REACTIVE reason='load=110RPS | k8s_cap=83RPS | (burst-routing)' weights={'k3s': 75, 'knative': 25}
2026-08-08 22:59:03 [info     ] algorithm2_scaling_decision    action=SCALE_UP alpha=0.060060060060060066 beta=0.0 buffer=1.0 current_replicas=6 predicted_load=103.20716049261338 required_resources=6.199 target_replicas=7
2026-08-08 22:59:03 [info     ] algorithm2_decision            action=SCALE_UP applied_target=7 current_replicas=6 hold_until=0.0 observed_load=103.21 observed_target=7 point_forecasts=None prediction_age_sec=None predictive_target=7 proactive=False scenario=s3-hybrid-reactive target_replicas=7 upper_forecasts=None
2026-08-08 22:59:03 [info     ] k8s_scale_executed             deployment=test-app-warm replicas=7
2026-08-08 22:59:03 [debug    ] Decision loop completed        action=REACTIVE latency_ms=141.63 p99=115.04076738609113
2026-08-08 22:59:18 [debug    ] HAProxy fallback latency       delta_requests=1893 interval_avg_ms=77.23 max_rtime_ms=165.0 p99_est=154.47
2026-08-08 22:59:18 [info     ] controller_decision_v3         action=REACTIVE available_replicas=5 budget_remaining=1000 burn_adjustment=0 burst_ratio=0.3337 capacity_deficit=False confidence=0 current_load=124.95258619339047 decision_id=adf7a622 k8s_capacity=83.2 k8s_weight=66 knative_weight=34 p99=154.5 predicted_load=0 r_effective=16.6 serverless_enabled=True total_load=125.0 weights_after={'k3s': 66, 'knative': 34} weights_before={'k3s': 75, 'knative': 25}
2026-08-08 22:59:18 [info     ] Weights updated                k3s=66 knative=34
2026-08-08 22:59:18 [info     ] Weights updated                action=REACTIVE reason='load=125RPS | k8s_cap=83RPS | (burst-routing)' weights={'k3s': 66, 'knative': 34}
2026-08-08 22:59:18 [info     ] algorithm2_scaling_decision    action=SCALE_UP alpha=0.060060060060060066 beta=0.0 buffer=1.0 current_replicas=7 predicted_load=117.55280476611388 required_resources=7.06 target_replicas=8
2026-08-08 22:59:18 [info     ] algorithm2_decision            action=SCALE_UP applied_target=8 current_replicas=7 hold_until=0.0 observed_load=117.55 observed_target=8 point_forecasts=None prediction_age_sec=None predictive_target=8 proactive=False scenario=s3-hybrid-reactive target_replicas=8 upper_forecasts=None
2026-08-08 22:59:18 [info     ] k8s_scale_executed             deployment=test-app-warm replicas=8
2026-08-08 22:59:18 [debug    ] Decision loop completed        action=REACTIVE latency_ms=150.51 p99=154.46804014791337
2026-08-08 22:59:33 [debug    ] HAProxy fallback latency       delta_requests=1726 interval_avg_ms=43.55 max_rtime_ms=165.0 p99_est=87.1
2026-08-08 22:59:33 [info     ] controller_decision_v3         action=RECOVERY available_replicas=5 budget_remaining=1000 burn_adjustment=0 burst_ratio=0.2697 capacity_deficit=False confidence=0 current_load=113.98709148922356 decision_id=b0c5b545 k8s_capacity=83.2 k8s_weight=73 knative_weight=27 p99=87.1 predicted_load=0 r_effective=16.6 serverless_enabled=True total_load=114.0 weights_after={'k3s': 73, 'knative': 27} weights_before={'k3s': 66, 'knative': 34}
2026-08-08 22:59:33 [info     ] Weights updated                k3s=73 knative=27
2026-08-08 22:59:33 [info     ] Weights updated                action=RECOVERY reason='load=114RPS | k8s_cap=83RPS | (reducing-serverless)' weights={'k3s': 73, 'knative': 27}
2026-08-08 22:59:33 [info     ] algorithm2_scaling_decision    action=MAINTAIN alpha=0.060060060060060066 beta=0.0 buffer=1.0 current_replicas=8 predicted_load=119.46983884130702 required_resources=7.175 target_replicas=8
2026-08-08 22:59:33 [info     ] algorithm2_decision            action=MAINTAIN applied_target=8 current_replicas=8 hold_until=0.0 observed_load=119.47 observed_target=8 point_forecasts=None prediction_age_sec=None predictive_target=8 proactive=False scenario=s3-hybrid-reactive target_replicas=8 upper_forecasts=None
2026-08-08 22:59:33 [debug    ] Decision loop completed        action=RECOVERY latency_ms=140.81 p99=87.10312862108923
2026-08-08 22:59:48 [debug    ] HAProxy fallback latency       delta_requests=1316 interval_avg_ms=48.97 max_rtime_ms=165.0 p99_est=97.93
2026-08-08 22:59:49 [info     ] controller_decision_v3         action=RECOVERY available_replicas=5 budget_remaining=1000 burn_adjustment=0 burst_ratio=0.0429 capacity_deficit=False confidence=0 current_load=86.98218477916346 decision_id=cb4e2f9e k8s_capacity=83.2 k8s_weight=95 knative_weight=5 p99=97.9 predicted_load=0 r_effective=16.6 serverless_enabled=True total_load=87.0 weights_after={'k3s': 95, 'knative': 5} weights_before={'k3s': 73, 'knative': 27}
2026-08-08 22:59:49 [info     ] Weights updated                k3s=95 knative=5
2026-08-08 22:59:49 [info     ] Weights updated                action=RECOVERY reason='load=87RPS | k8s_cap=83RPS | (reducing-serverless)' weights={'k3s': 95, 'knative': 5}
2026-08-08 22:59:49 [info     ] algorithm2_scaling_decision    action=MAINTAIN alpha=0.060060060060060066 beta=0.0 buffer=1.0 current_replicas=8 predicted_load=100.48463813419352 required_resources=6.035 target_replicas=7
2026-08-08 22:59:49 [info     ] algorithm2_decision            action=MAINTAIN applied_target=7 current_replicas=8 hold_until=0.0 observed_load=100.48 observed_target=7 point_forecasts=None prediction_age_sec=None predictive_target=7 proactive=False scenario=s3-hybrid-reactive target_replicas=7 upper_forecasts=None
2026-08-08 22:59:49 [debug    ] Decision loop completed        action=RECOVERY latency_ms=140.91 p99=97.93465045592706
2026-08-08 23:00:04 [debug    ] HAProxy fallback latency       delta_requests=1131 interval_avg_ms=44.18 max_rtime_ms=165.0 p99_est=88.36
2026-08-08 23:00:04 [info     ] controller_decision_v3         action=RECOVERY available_replicas=6 budget_remaining=1000 burn_adjustment=0 burst_ratio=0 capacity_deficit=False confidence=0 current_load=74.76632536733776 decision_id=35dfd13a k8s_capacity=99.9 k8s_weight=100 knative_weight=0 p99=88.4 predicted_load=0 r_effective=16.6 serverless_enabled=False total_load=74.8 weights_after={'k3s': 100, 'knative': 0} weights_before={'k3s': 95, 'knative': 5}
2026-08-08 23:00:04 [info     ] Weights updated                k3s=100 knative=0
2026-08-08 23:00:04 [info     ] Weights updated                action=RECOVERY reason='load=75RPS | k8s_cap=100RPS | (reducing-serverless)' weights={'k3s': 100, 'knative': 0}
2026-08-08 23:00:04 [info     ] algorithm2_scaling_decision    action=SCALE_DOWN alpha=0.060060060060060066 beta=0.0 buffer=1.0 current_replicas=8 predicted_load=80.87425507325061 required_resources=4.857 target_replicas=5
2026-08-08 23:00:04 [info     ] algorithm2_decision            action=SCALE_DOWN applied_target=5 current_replicas=8 hold_until=0.0 observed_load=80.87 observed_target=5 point_forecasts=None prediction_age_sec=None predictive_target=5 proactive=False scenario=s3-hybrid-reactive target_replicas=5 upper_forecasts=None
2026-08-08 23:00:04 [info     ] k8s_scale_executed             deployment=test-app-warm replicas=5
2026-08-08 23:00:04 [debug    ] Decision loop completed        action=RECOVERY latency_ms=183.3 p99=88.36251105216623
2026-08-08 23:00:19 [debug    ] HAProxy fallback latency       delta_requests=1079 interval_avg_ms=86.82 max_rtime_ms=165.0 p99_est=165.0
2026-08-08 23:00:19 [info     ] algorithm2_scaling_decision    action=MAINTAIN alpha=0.060060060060060066 beta=0.0 buffer=1.0 current_replicas=5 predicted_load=72.91460552331517 required_resources=4.379 target_replicas=5
2026-08-08 23:00:19 [info     ] algorithm2_decision            action=MAINTAIN applied_target=5 current_replicas=5 hold_until=0.0 observed_load=72.91 observed_target=5 point_forecasts=None prediction_age_sec=None predictive_target=5 proactive=False scenario=s3-hybrid-reactive target_replicas=5 upper_forecasts=None
2026-08-08 23:00:19 [debug    ] Decision loop completed        action=MAINTAIN latency_ms=106.0 p99=165.0
2026-08-08 23:00:34 [debug    ] HAProxy fallback latency       delta_requests=946 interval_avg_ms=37.97 max_rtime_ms=165.0 p99_est=75.94
2026-08-08 23:00:34 [info     ] algorithm2_scaling_decision    action=MAINTAIN alpha=0.060060060060060066 beta=0.0 buffer=1.0 current_replicas=5 predicted_load=66.84288911663562 required_resources=4.015 target_replicas=5
2026-08-08 23:00:34 [info     ] algorithm2_decision            action=MAINTAIN applied_target=5 current_replicas=5 hold_until=0.0 observed_load=66.84 observed_target=5 point_forecasts=None prediction_age_sec=None predictive_target=5 proactive=False scenario=s3-hybrid-reactive target_replicas=5 upper_forecasts=None
2026-08-08 23:00:34 [debug    ] Decision loop completed        action=MAINTAIN latency_ms=108.95 p99=75.93868921775899
2026-08-08 23:00:49 [debug    ] HAProxy fallback latency       delta_requests=793 interval_avg_ms=64.0 max_rtime_ms=165.0 p99_est=128.0
2026-08-08 23:00:49 [info     ] algorithm2_scaling_decision    action=MAINTAIN alpha=0.060060060060060066 beta=0.0 buffer=1.0 current_replicas=5 predicted_load=57.553827257075 required_resources=3.457 target_replicas=4
2026-08-08 23:00:49 [info     ] algorithm2_decision            action=MAINTAIN applied_target=4 current_replicas=5 hold_until=0.0 observed_load=57.55 observed_target=4 point_forecasts=None prediction_age_sec=None predictive_target=4 proactive=False scenario=s3-hybrid-reactive target_replicas=4 upper_forecasts=None
2026-08-08 23:00:49 [debug    ] Decision loop completed        action=MAINTAIN latency_ms=100.88 p99=128.0
2026-08-08 23:01:04 [debug    ] HAProxy fallback latency       delta_requests=1197 interval_avg_ms=133.08 max_rtime_ms=218.0 p99_est=218.0
2026-08-08 23:01:04 [info     ] algorithm2_scaling_decision    action=MAINTAIN alpha=0.060060060060060066 beta=0.0 buffer=1.0 current_replicas=5 predicted_load=65.80997094859482 required_resources=3.953 target_replicas=4
2026-08-08 23:01:04 [info     ] algorithm2_decision            action=MAINTAIN applied_target=4 current_replicas=5 hold_until=0.0 observed_load=65.81 observed_target=4 point_forecasts=None prediction_age_sec=None predictive_target=4 proactive=False scenario=s3-hybrid-reactive target_replicas=4 upper_forecasts=None
2026-08-08 23:01:04 [debug    ] Decision loop completed        action=MAINTAIN latency_ms=111.04 p99=218.0
2026-08-08 23:01:19 [debug    ] HAProxy fallback latency       delta_requests=1868 interval_avg_ms=681.42 max_rtime_ms=587.0 p99_est=587.0
2026-08-08 23:01:19 [info     ] Knative pre-warm OK            cold_start_ms=2.2
2026-08-08 23:01:19 [info     ] controller_decision_v3         action=REACTIVE available_replicas=5 budget_remaining=998 burn_adjustment=0 burst_ratio=0.3262 capacity_deficit=False confidence=0 current_load=123.5475657142922 decision_id=df3ed16e k8s_capacity=83.2 k8s_weight=67 knative_weight=33 p99=587.0 predicted_load=0 r_effective=16.6 serverless_enabled=True total_load=123.5 weights_after={'k3s': 67, 'knative': 33} weights_before={'k3s': 100, 'knative': 0}
2026-08-08 23:01:19 [info     ] Weights updated                k3s=67 knative=33
2026-08-08 23:01:19 [info     ] Weights updated                action=REACTIVE reason='load=124RPS | k8s_cap=83RPS | (burst-routing)' weights={'k3s': 67, 'knative': 33}
2026-08-08 23:01:19 [info     ] algorithm2_scaling_decision    action=SCALE_UP alpha=0.060060060060060066 beta=0.0 buffer=1.0 current_replicas=5 predicted_load=101.34137282565524 required_resources=6.087 target_replicas=7
2026-08-08 23:01:19 [info     ] algorithm2_decision            action=SCALE_UP applied_target=7 current_replicas=5 hold_until=0.0 observed_load=101.34 observed_target=7 point_forecasts=None prediction_age_sec=None predictive_target=7 proactive=False scenario=s3-hybrid-reactive target_replicas=7 upper_forecasts=None
2026-08-08 23:01:19 [info     ] k8s_scale_executed             deployment=test-app-warm replicas=7
2026-08-08 23:01:19 [debug    ] Decision loop completed        action=REACTIVE latency_ms=144.01 p99=587.0
2026-08-08 23:01:34 [info     ] controller_decision_v3         action=RECOVERY available_replicas=7 budget_remaining=997 burn_adjustment=0 burst_ratio=0.0323 capacity_deficit=False confidence=0 current_load=120.44394825249931 decision_id=a6a7ba04 k8s_capacity=116.5 k8s_weight=96 knative_weight=4 p99=587.0 predicted_load=0 r_effective=16.6 serverless_enabled=True total_load=120.4 weights_after={'k3s': 96, 'knative': 4} weights_before={'k3s': 67, 'knative': 33}
2026-08-08 23:01:34 [info     ] Weights updated                k3s=96 knative=4
2026-08-08 23:01:34 [info     ] Weights updated                action=RECOVERY reason='load=120RPS | k8s_cap=117RPS | (reducing-serverless)' weights={'k3s': 96, 'knative': 4}
2026-08-08 23:01:34 [info     ] Scale readiness observed       elapsed_sec=15.1 ewma_delay=30.5 samples=3 target=7
2026-08-08 23:01:34 [info     ] algorithm2_scaling_decision    action=SCALE_UP alpha=0.060060060060060066 beta=0.0 buffer=1.0 current_replicas=7 predicted_load=121.99575698339575 required_resources=7.327 target_replicas=8
2026-08-08 23:01:34 [info     ] algorithm2_decision            action=SCALE_UP applied_target=8 current_replicas=7 hold_until=0.0 observed_load=122.0 observed_target=8 point_forecasts=None prediction_age_sec=None predictive_target=8 proactive=False scenario=s3-hybrid-reactive target_replicas=8 upper_forecasts=None
2026-08-08 23:01:35 [info     ] k8s_scale_executed             deployment=test-app-warm replicas=8
2026-08-08 23:01:35 [debug    ] Decision loop completed        action=RECOVERY latency_ms=176.12 p99=587.0
2026-08-08 23:01:50 [debug    ] HAProxy fallback latency       delta_requests=1428 interval_avg_ms=45.11 max_rtime_ms=587.0 p99_est=90.23
2026-08-08 23:01:50 [info     ] controller_decision_v3         action=RECOVERY available_replicas=8 budget_remaining=997 burn_adjustment=0 burst_ratio=0 capacity_deficit=False confidence=0 current_load=94.16284855581763 decision_id=7eed71e9 k8s_capacity=133.2 k8s_weight=100 knative_weight=0 p99=90.2 predicted_load=0 r_effective=16.6 serverless_enabled=False total_load=94.2 weights_after={'k3s': 100, 'knative': 0} weights_before={'k3s': 96, 'knative': 4}
2026-08-08 23:01:50 [info     ] Weights updated                k3s=100 knative=0
2026-08-08 23:01:50 [info     ] Weights updated                action=RECOVERY reason='load=94RPS | k8s_cap=133RPS | (reducing-serverless)' weights={'k3s': 100, 'knative': 0}
2026-08-08 23:01:50 [info     ] Scale readiness observed       elapsed_sec=15.1 ewma_delay=25.9 samples=4 target=8
2026-08-08 23:01:50 [info     ] algorithm2_scaling_decision    action=MAINTAIN alpha=0.060060060060060066 beta=0.0 buffer=1.0 current_replicas=8 predicted_load=107.30339840415847 required_resources=6.445 target_replicas=7
2026-08-08 23:01:50 [info     ] algorithm2_decision            action=MAINTAIN applied_target=7 current_replicas=8 hold_until=0.0 observed_load=107.3 observed_target=7 point_forecasts=None prediction_age_sec=None predictive_target=7 proactive=False scenario=s3-hybrid-reactive target_replicas=7 upper_forecasts=None
2026-08-08 23:01:50 [debug    ] Decision loop completed        action=RECOVERY latency_ms=136.49 p99=90.2296918767507
2026-08-08 23:02:05 [debug    ] HAProxy fallback latency       delta_requests=1231 interval_avg_ms=11.9 max_rtime_ms=587.0 p99_est=23.81
2026-08-08 23:02:05 [info     ] algorithm2_scaling_decision    action=MAINTAIN alpha=0.060060060060060066 beta=0.0 buffer=1.0 current_replicas=8 predicted_load=87.74368050148797 required_resources=5.27 target_replicas=6
2026-08-08 23:02:05 [info     ] algorithm2_decision            action=MAINTAIN applied_target=6 current_replicas=8 hold_until=0.0 observed_load=87.74 observed_target=6 point_forecasts=None prediction_age_sec=None predictive_target=6 proactive=False scenario=s3-hybrid-reactive target_replicas=6 upper_forecasts=None
2026-08-08 23:02:05 [debug    ] Decision loop completed        action=MAINTAIN latency_ms=107.71 p99=23.80991064175467
2026-08-08 23:02:20 [debug    ] HAProxy fallback latency       delta_requests=1146 interval_avg_ms=65.0 max_rtime_ms=587.0 p99_est=130.0
2026-08-08 23:02:20 [info     ] algorithm2_scaling_decision    action=SCALE_DOWN alpha=0.060060060060060066 beta=0.0 buffer=1.0 current_replicas=8 predicted_load=78.58974188203557 required_resources=4.72 target_replicas=5
2026-08-08 23:02:20 [info     ] algorithm2_decision            action=SCALE_DOWN applied_target=5 current_replicas=8 hold_until=0.0 observed_load=78.59 observed_target=5 point_forecasts=None prediction_age_sec=None predictive_target=5 proactive=False scenario=s3-hybrid-reactive target_replicas=5 upper_forecasts=None
2026-08-08 23:02:20 [info     ] k8s_scale_executed             deployment=test-app-warm replicas=5
2026-08-08 23:02:20 [debug    ] Decision loop completed        action=MAINTAIN latency_ms=136.8 p99=130.0
2026-08-08 23:02:35 [debug    ] HAProxy fallback latency       delta_requests=1491 interval_avg_ms=408.17 max_rtime_ms=587.0 p99_est=587.0
2026-08-08 23:02:35 [info     ] Knative pre-warm OK            cold_start_ms=2.6
2026-08-08 23:02:35 [info     ] controller_decision_v3         action=REACTIVE available_replicas=5 budget_remaining=996 burn_adjustment=0 burst_ratio=0.1543 capacity_deficit=False confidence=0 current_load=98.43694458532087 decision_id=58dd1aea k8s_capacity=83.2 k8s_weight=84 knative_weight=16 p99=587.0 predicted_load=0 r_effective=16.6 serverless_enabled=True total_load=98.4 weights_after={'k3s': 84, 'knative': 16} weights_before={'k3s': 100, 'knative': 0}
2026-08-08 23:02:35 [info     ] Weights updated                k3s=84 knative=16
2026-08-08 23:02:35 [info     ] Weights updated                action=REACTIVE reason='load=98RPS | k8s_cap=83RPS | (burst-routing)' weights={'k3s': 84, 'knative': 16}
2026-08-08 23:02:35 [info     ] algorithm2_scaling_decision    action=SCALE_UP alpha=0.060060060060060066 beta=0.0 buffer=1.0 current_replicas=5 predicted_load=87.14595795111684 required_resources=5.234 target_replicas=6
2026-08-08 23:02:35 [info     ] algorithm2_decision            action=SCALE_UP applied_target=6 current_replicas=5 hold_until=0.0 observed_load=87.15 observed_target=6 point_forecasts=None prediction_age_sec=None predictive_target=6 proactive=False scenario=s3-hybrid-reactive target_replicas=6 upper_forecasts=None
2026-08-08 23:02:35 [info     ] k8s_scale_executed             deployment=test-app-warm replicas=6
2026-08-08 23:02:35 [debug    ] Decision loop completed        action=REACTIVE latency_ms=150.32 p99=587.0
2026-08-08 23:02:50 [info     ] controller_decision_v3         action=REACTIVE available_replicas=6 budget_remaining=995 burn_adjustment=0 burst_ratio=0.2462 capacity_deficit=False confidence=0 current_load=132.53417436830318 decision_id=4da8620c k8s_capacity=99.9 k8s_weight=75 knative_weight=25 p99=587.0 predicted_load=0 r_effective=16.6 serverless_enabled=True total_load=132.5 weights_after={'k3s': 75, 'knative': 25} weights_before={'k3s': 84, 'knative': 16}
2026-08-08 23:02:50 [info     ] Weights updated                k3s=75 knative=25
2026-08-08 23:02:50 [info     ] Weights updated                action=REACTIVE reason='load=133RPS | k8s_cap=100RPS | (burst-routing)' weights={'k3s': 75, 'knative': 25}
2026-08-08 23:02:50 [info     ] Scale readiness observed       elapsed_sec=15.1 ewma_delay=22.7 samples=5 target=6
2026-08-08 23:02:50 [info     ] algorithm2_scaling_decision    action=SCALE_UP alpha=0.060060060060060066 beta=0.0 buffer=1.0 current_replicas=6 predicted_load=115.48555947681203 required_resources=6.936 target_replicas=7
2026-08-08 23:02:50 [info     ] algorithm2_decision            action=SCALE_UP applied_target=7 current_replicas=6 hold_until=0.0 observed_load=115.49 observed_target=7 point_forecasts=None prediction_age_sec=None predictive_target=7 proactive=False scenario=s3-hybrid-reactive target_replicas=7 upper_forecasts=None
2026-08-08 23:02:50 [info     ] k8s_scale_executed             deployment=test-app-warm replicas=7
2026-08-08 23:02:50 [debug    ] Decision loop completed        action=REACTIVE latency_ms=143.54 p99=587.0
2026-08-08 23:03:05 [debug    ] HAProxy fallback latency       delta_requests=2277 interval_avg_ms=574.13 max_rtime_ms=587.0 p99_est=587.0
2026-08-08 23:03:05 [info     ] controller_decision_v3         action=RECOVERY available_replicas=7 budget_remaining=994 burn_adjustment=0 burst_ratio=0.2245 capacity_deficit=False confidence=0 current_load=150.2882792664432 decision_id=9ff38c9c k8s_capacity=116.5 k8s_weight=77 knative_weight=23 p99=587.0 predicted_load=0 r_effective=16.6 serverless_enabled=True total_load=150.3 weights_after={'k3s': 77, 'knative': 23} weights_before={'k3s': 75, 'knative': 25}
2026-08-08 23:03:05 [info     ] Weights updated                k3s=77 knative=23
2026-08-08 23:03:05 [info     ] Weights updated                action=RECOVERY reason='load=150RPS | k8s_cap=117RPS | (reducing-serverless)' weights={'k3s': 77, 'knative': 23}
2026-08-08 23:03:05 [info     ] Scale readiness observed       elapsed_sec=15.2 ewma_delay=20.4 samples=6 target=7
2026-08-08 23:03:05 [info     ] algorithm2_scaling_decision    action=SCALE_UP alpha=0.060060060060060066 beta=0.0 buffer=1.0 current_replicas=7 predicted_load=141.41122681737318 required_resources=8.493 target_replicas=9
2026-08-08 23:03:05 [info     ] algorithm2_decision            action=SCALE_UP applied_target=9 current_replicas=7 hold_until=0.0 observed_load=141.41 observed_target=9 point_forecasts=None prediction_age_sec=None predictive_target=9 proactive=False scenario=s3-hybrid-reactive target_replicas=9 upper_forecasts=None
2026-08-08 23:03:05 [info     ] k8s_scale_executed             deployment=test-app-warm replicas=9
2026-08-08 23:03:05 [debug    ] Decision loop completed        action=RECOVERY latency_ms=186.53 p99=587.0
2026-08-08 23:03:20 [debug    ] HAProxy fallback latency       delta_requests=2432 interval_avg_ms=171.16 max_rtime_ms=587.0 p99_est=342.32
2026-08-08 23:03:20 [info     ] controller_decision_v3         action=RECOVERY available_replicas=8 budget_remaining=993 burn_adjustment=0 burst_ratio=0.1683 capacity_deficit=False confidence=0 current_load=160.14810908201434 decision_id=05b02529 k8s_capacity=133.2 k8s_weight=83 knative_weight=17 p99=342.3 predicted_load=0 r_effective=16.6 serverless_enabled=True total_load=160.1 weights_after={'k3s': 83, 'knative': 17} weights_before={'k3s': 77, 'knative': 23}
2026-08-08 23:03:20 [info     ] Weights updated                k3s=83 knative=17
2026-08-08 23:03:20 [info     ] Weights updated                action=RECOVERY reason='load=160RPS | k8s_cap=133RPS | (reducing-serverless)' weights={'k3s': 83, 'knative': 17}
2026-08-08 23:03:21 [info     ] algorithm2_scaling_decision    action=SCALE_UP alpha=0.060060060060060066 beta=0.0 buffer=1.0 current_replicas=9 predicted_load=155.21819417422876 required_resources=9.322 target_replicas=10
2026-08-08 23:03:21 [info     ] algorithm2_decision            action=SCALE_UP applied_target=10 current_replicas=9 hold_until=0.0 observed_load=155.22 observed_target=10 point_forecasts=None prediction_age_sec=None predictive_target=10 proactive=False scenario=s3-hybrid-reactive target_replicas=10 upper_forecasts=None
2026-08-08 23:03:21 [info     ] k8s_scale_executed             deployment=test-app-warm replicas=10
2026-08-08 23:03:21 [debug    ] Decision loop completed        action=RECOVERY latency_ms=180.71 p99=342.32236842105266
2026-08-08 23:03:36 [info     ] controller_decision_v3         action=RECOVERY available_replicas=8 budget_remaining=992 burn_adjustment=0 burst_ratio=0.0834 capacity_deficit=False confidence=0 current_load=145.31223007988342 decision_id=1bd35fa8 k8s_capacity=133.2 k8s_weight=91 knative_weight=9 p99=342.3 predicted_load=0 r_effective=16.6 serverless_enabled=True total_load=145.3 weights_after={'k3s': 91, 'knative': 9} weights_before={'k3s': 83, 'knative': 17}
2026-08-08 23:03:36 [info     ] Weights updated                k3s=91 knative=9
2026-08-08 23:03:36 [info     ] Weights updated                action=RECOVERY reason='load=145RPS | k8s_cap=133RPS | (reducing-serverless)' weights={'k3s': 91, 'knative': 9}
2026-08-08 23:03:36 [info     ] algorithm2_scaling_decision    action=MAINTAIN alpha=0.060060060060060066 beta=0.0 buffer=1.0 current_replicas=10 predicted_load=152.73016958094888 required_resources=9.173 target_replicas=10
2026-08-08 23:03:36 [info     ] algorithm2_decision            action=MAINTAIN applied_target=10 current_replicas=10 hold_until=0.0 observed_load=152.73 observed_target=10 point_forecasts=None prediction_age_sec=None predictive_target=10 proactive=False scenario=s3-hybrid-reactive target_replicas=10 upper_forecasts=None
2026-08-08 23:03:36 [debug    ] Decision loop completed        action=RECOVERY latency_ms=142.83 p99=342.32236842105266
2026-08-08 23:03:51 [info     ] controller_decision_v3         action=RECOVERY available_replicas=8 budget_remaining=991 burn_adjustment=0 burst_ratio=0 capacity_deficit=False confidence=0 current_load=122.16608228345487 decision_id=c8a51cc7 k8s_capacity=133.2 k8s_weight=100 knative_weight=0 p99=342.3 predicted_load=0 r_effective=16.6 serverless_enabled=False total_load=122.2 weights_after={'k3s': 100, 'knative': 0} weights_before={'k3s': 91, 'knative': 9}
2026-08-08 23:03:51 [info     ] Weights updated                k3s=100 knative=0
2026-08-08 23:03:51 [info     ] Weights updated                action=RECOVERY reason='load=122RPS | k8s_cap=133RPS | (reducing-serverless)' weights={'k3s': 100, 'knative': 0}
2026-08-08 23:03:51 [info     ] algorithm2_scaling_decision    action=MAINTAIN alpha=0.060060060060060066 beta=0.0 buffer=1.0 current_replicas=10 predicted_load=133.73915618166916 required_resources=8.032 target_replicas=9
2026-08-08 23:03:51 [info     ] algorithm2_decision            action=MAINTAIN applied_target=9 current_replicas=10 hold_until=0.0 observed_load=133.74 observed_target=9 point_forecasts=None prediction_age_sec=None predictive_target=9 proactive=False scenario=s3-hybrid-reactive target_replicas=9 upper_forecasts=None
2026-08-08 23:03:51 [debug    ] Decision loop completed        action=RECOVERY latency_ms=140.59 p99=342.32236842105266
2026-08-08 23:04:06 [debug    ] HAProxy fallback latency       delta_requests=1787 interval_avg_ms=66.0 max_rtime_ms=587.0 p99_est=132.0
2026-08-08 23:04:06 [info     ] algorithm2_scaling_decision    action=MAINTAIN alpha=0.060060060060060066 beta=0.0 buffer=1.0 current_replicas=10 predicted_load=120.06635068103834 required_resources=7.211 target_replicas=8
2026-08-08 23:04:06 [info     ] algorithm2_decision            action=MAINTAIN applied_target=8 current_replicas=10 hold_until=0.0 observed_load=120.07 observed_target=8 point_forecasts=None prediction_age_sec=None predictive_target=8 proactive=False scenario=s3-hybrid-reactive target_replicas=8 upper_forecasts=None
2026-08-08 23:04:06 [debug    ] Decision loop completed        action=MAINTAIN latency_ms=105.41 p99=132.0
2026-08-08 23:04:21 [debug    ] HAProxy fallback latency       delta_requests=1818 interval_avg_ms=66.0 max_rtime_ms=587.0 p99_est=132.0
2026-08-08 23:04:21 [info     ] algorithm2_scaling_decision    action=MAINTAIN alpha=0.060060060060060066 beta=0.0 buffer=1.0 current_replicas=10 predicted_load=119.15818966493151 required_resources=7.157 target_replicas=8
2026-08-08 23:04:21 [info     ] algorithm2_decision            action=MAINTAIN applied_target=8 current_replicas=10 hold_until=0.0 observed_load=119.16 observed_target=8 point_forecasts=None prediction_age_sec=None predictive_target=8 proactive=False scenario=s3-hybrid-reactive target_replicas=8 upper_forecasts=None
2026-08-08 23:04:21 [debug    ] Decision loop completed        action=MAINTAIN latency_ms=105.48 p99=132.0
2026-08-08 23:04:36 [debug    ] HAProxy fallback latency       delta_requests=1816 interval_avg_ms=66.0 max_rtime_ms=587.0 p99_est=132.0
2026-08-08 23:04:36 [info     ] algorithm2_scaling_decision    action=MAINTAIN alpha=0.060060060060060066 beta=0.0 buffer=1.0 current_replicas=10 predicted_load=120.28400810396303 required_resources=7.224 target_replicas=8
2026-08-08 23:04:36 [info     ] algorithm2_decision            action=MAINTAIN applied_target=8 current_replicas=10 hold_until=0.0 observed_load=120.28 observed_target=8 point_forecasts=None prediction_age_sec=None predictive_target=8 proactive=False scenario=s3-hybrid-reactive target_replicas=8 upper_forecasts=None
2026-08-08 23:04:36 [debug    ] Decision loop completed        action=MAINTAIN latency_ms=110.17 p99=132.0
2026-08-08 23:04:51 [debug    ] HAProxy fallback latency       delta_requests=1785 interval_avg_ms=35.45 max_rtime_ms=587.0 p99_est=70.91
2026-08-08 23:04:51 [info     ] algorithm2_scaling_decision    action=MAINTAIN alpha=0.060060060060060066 beta=0.0 buffer=1.0 current_replicas=10 predicted_load=119.2076550536384 required_resources=7.16 target_replicas=8
2026-08-08 23:04:51 [info     ] algorithm2_decision            action=MAINTAIN applied_target=8 current_replicas=10 hold_until=0.0 observed_load=119.21 observed_target=8 point_forecasts=None prediction_age_sec=None predictive_target=8 proactive=False scenario=s3-hybrid-reactive target_replicas=8 upper_forecasts=None
2026-08-08 23:04:51 [debug    ] Decision loop completed        action=MAINTAIN latency_ms=103.93 p99=70.90644257703082
2026-08-08 23:05:06 [debug    ] HAProxy fallback latency       delta_requests=1546 interval_avg_ms=65.0 max_rtime_ms=587.0 p99_est=130.0
2026-08-08 23:05:06 [info     ] algorithm2_scaling_decision    action=SCALE_DOWN alpha=0.060060060060060066 beta=0.0 buffer=1.0 current_replicas=10 predicted_load=110.27581076780717 required_resources=6.623 target_replicas=7
2026-08-08 23:05:06 [info     ] algorithm2_decision            action=SCALE_DOWN applied_target=7 current_replicas=10 hold_until=0.0 observed_load=110.28 observed_target=7 point_forecasts=None prediction_age_sec=None predictive_target=7 proactive=False scenario=s3-hybrid-reactive target_replicas=7 upper_forecasts=None
2026-08-08 23:05:06 [info     ] k8s_scale_executed             deployment=test-app-warm replicas=7
2026-08-08 23:05:06 [debug    ] Decision loop completed        action=MAINTAIN latency_ms=158.91 p99=130.0
2026-08-08 23:05:21 [debug    ] HAProxy fallback latency       delta_requests=1259 interval_avg_ms=65.0 max_rtime_ms=587.0 p99_est=130.0
2026-08-08 23:05:22 [info     ] algorithm2_scaling_decision    action=MAINTAIN alpha=0.060060060060060066 beta=0.0 buffer=1.0 current_replicas=7 predicted_load=92.738182443343 required_resources=5.57 target_replicas=6
2026-08-08 23:05:22 [info     ] algorithm2_decision            action=MAINTAIN applied_target=6 current_replicas=7 hold_until=0.0 observed_load=92.74 observed_target=6 point_forecasts=None prediction_age_sec=None predictive_target=6 proactive=False scenario=s3-hybrid-reactive target_replicas=6 upper_forecasts=None
2026-08-08 23:05:22 [debug    ] Decision loop completed        action=MAINTAIN latency_ms=106.15 p99=130.0
2026-08-08 23:05:37 [debug    ] HAProxy fallback latency       delta_requests=1117 interval_avg_ms=65.0 max_rtime_ms=587.0 p99_est=130.0
2026-08-08 23:05:37 [info     ] algorithm2_scaling_decision    action=SCALE_DOWN alpha=0.060060060060060066 beta=0.0 buffer=1.0 current_replicas=7 predicted_load=78.5312112834321 required_resources=4.717 target_replicas=5
2026-08-08 23:05:37 [info     ] algorithm2_decision            action=SCALE_DOWN applied_target=5 current_replicas=7 hold_until=0.0 observed_load=78.53 observed_target=5 point_forecasts=None prediction_age_sec=None predictive_target=5 proactive=False scenario=s3-hybrid-reactive target_replicas=5 upper_forecasts=None
2026-08-08 23:05:37 [debug    ] Decision loop completed        action=MAINTAIN latency_ms=104.69 p99=130.0
2026-08-08 23:05:52 [debug    ] HAProxy fallback latency       delta_requests=1043 interval_avg_ms=65.0 max_rtime_ms=587.0 p99_est=130.0
2026-08-08 23:05:52 [info     ] algorithm2_scaling_decision    action=SCALE_DOWN alpha=0.060060060060060066 beta=0.0 buffer=1.0 current_replicas=7 predicted_load=71.49574562497284 required_resources=4.294 target_replicas=5
2026-08-08 23:05:52 [info     ] algorithm2_decision            action=SCALE_DOWN applied_target=5 current_replicas=7 hold_until=0.0 observed_load=71.5 observed_target=5 point_forecasts=None prediction_age_sec=None predictive_target=5 proactive=False scenario=s3-hybrid-reactive target_replicas=5 upper_forecasts=None
2026-08-08 23:05:52 [debug    ] Decision loop completed        action=MAINTAIN latency_ms=108.02 p99=130.0
2026-08-08 23:06:07 [debug    ] HAProxy fallback latency       delta_requests=1175 interval_avg_ms=116.63 max_rtime_ms=587.0 p99_est=233.26
2026-08-08 23:06:07 [info     ] algorithm2_scaling_decision    action=SCALE_DOWN alpha=0.060060060060060066 beta=0.0 buffer=1.0 current_replicas=7 predicted_load=73.4120713574662 required_resources=4.409 target_replicas=5
2026-08-08 23:06:07 [info     ] algorithm2_decision            action=SCALE_DOWN applied_target=5 current_replicas=7 hold_until=0.0 observed_load=73.41 observed_target=5 point_forecasts=None prediction_age_sec=None predictive_target=5 proactive=False scenario=s3-hybrid-reactive target_replicas=5 upper_forecasts=None
2026-08-08 23:06:07 [debug    ] Decision loop completed        action=MAINTAIN latency_ms=104.79 p99=233.26127659574468
2026-08-08 23:06:22 [debug    ] HAProxy fallback latency       delta_requests=1328 interval_avg_ms=66.0 max_rtime_ms=587.0 p99_est=132.0
2026-08-08 23:06:22 [info     ] algorithm2_scaling_decision    action=SCALE_DOWN alpha=0.060060060060060066 beta=0.0 buffer=1.0 current_replicas=7 predicted_load=82.8468487998467 required_resources=4.976 target_replicas=5
2026-08-08 23:06:22 [info     ] algorithm2_decision            action=SCALE_DOWN applied_target=5 current_replicas=7 hold_until=0.0 observed_load=82.85 observed_target=5 point_forecasts=None prediction_age_sec=None predictive_target=5 proactive=False scenario=s3-hybrid-reactive target_replicas=5 upper_forecasts=None
2026-08-08 23:06:22 [debug    ] Decision loop completed        action=MAINTAIN latency_ms=105.53 p99=132.0
2026-08-08 23:06:37 [debug    ] HAProxy fallback latency       delta_requests=1092 interval_avg_ms=8.23 max_rtime_ms=587.0 p99_est=16.46
2026-08-08 23:06:37 [info     ] algorithm2_scaling_decision    action=SCALE_DOWN alpha=0.060060060060060066 beta=0.0 buffer=1.0 current_replicas=7 predicted_load=80.13906526286202 required_resources=4.813 target_replicas=5
2026-08-08 23:06:37 [info     ] algorithm2_decision            action=SCALE_DOWN applied_target=5 current_replicas=7 hold_until=0.0 observed_load=80.14 observed_target=5 point_forecasts=None prediction_age_sec=None predictive_target=5 proactive=False scenario=s3-hybrid-reactive target_replicas=5 upper_forecasts=None
2026-08-08 23:06:37 [debug    ] Decision loop completed        action=MAINTAIN latency_ms=107.13 p99=16.457875457875456
2026-08-08 23:06:52 [info     ] algorithm2_scaling_decision    action=SCALE_DOWN alpha=0.060060060060060066 beta=0.0 buffer=1.0 current_replicas=7 predicted_load=61.794103227221356 required_resources=3.711 target_replicas=4
2026-08-08 23:06:52 [info     ] algorithm2_decision            action=SCALE_DOWN applied_target=4 current_replicas=7 hold_until=0.0 observed_load=61.79 observed_target=4 point_forecasts=None prediction_age_sec=None predictive_target=4 proactive=False scenario=s3-hybrid-reactive target_replicas=4 upper_forecasts=None
2026-08-08 23:06:52 [debug    ] Decision loop completed        action=MAINTAIN latency_ms=104.2 p99=16.457875457875456
2026-08-08 23:07:07 [debug    ] HAProxy fallback latency       delta_requests=703 interval_avg_ms=64.0 max_rtime_ms=587.0 p99_est=128.0
2026-08-08 23:07:07 [info     ] algorithm2_scaling_decision    action=SCALE_DOWN alpha=0.060060060060060066 beta=0.0 buffer=1.0 current_replicas=7 predicted_load=48.88842397768994 required_resources=2.936 target_replicas=3
2026-08-08 23:07:07 [info     ] algorithm2_decision            action=SCALE_DOWN applied_target=3 current_replicas=7 hold_until=0.0 observed_load=48.89 observed_target=3 point_forecasts=None prediction_age_sec=None predictive_target=3 proactive=False scenario=s3-hybrid-reactive target_replicas=3 upper_forecasts=None
2026-08-08 23:07:07 [info     ] k8s_scale_executed             deployment=test-app-warm replicas=3
2026-08-08 23:07:07 [debug    ] Decision loop completed        action=MAINTAIN latency_ms=142.64 p99=128.0
2026-08-08 23:07:22 [debug    ] HAProxy fallback latency       delta_requests=696 interval_avg_ms=64.0 max_rtime_ms=587.0 p99_est=128.0
2026-08-08 23:07:22 [info     ] algorithm2_scaling_decision    action=MAINTAIN alpha=0.060060060060060066 beta=0.0 buffer=1.0 current_replicas=3 predicted_load=46.28539138149192 required_resources=2.78 target_replicas=3
2026-08-08 23:07:22 [info     ] algorithm2_decision            action=MAINTAIN applied_target=3 current_replicas=3 hold_until=0.0 observed_load=46.29 observed_target=3 point_forecasts=None prediction_age_sec=None predictive_target=3 proactive=False scenario=s3-hybrid-reactive target_replicas=3 upper_forecasts=None
2026-08-08 23:07:22 [debug    ] Decision loop completed        action=MAINTAIN latency_ms=103.49 p99=128.0
2026-08-08 23:07:37 [debug    ] HAProxy fallback latency       delta_requests=654 interval_avg_ms=64.0 max_rtime_ms=587.0 p99_est=128.0
2026-08-08 23:07:38 [info     ] algorithm2_scaling_decision    action=MAINTAIN alpha=0.060060060060060066 beta=0.0 buffer=1.0 current_replicas=3 predicted_load=44.630725248374574 required_resources=2.681 target_replicas=3
2026-08-08 23:07:38 [info     ] algorithm2_decision            action=MAINTAIN applied_target=3 current_replicas=3 hold_until=0.0 observed_load=44.63 observed_target=3 point_forecasts=None prediction_age_sec=None predictive_target=3 proactive=False scenario=s3-hybrid-reactive target_replicas=3 upper_forecasts=None
2026-08-08 23:07:38 [debug    ] Decision loop completed        action=MAINTAIN latency_ms=106.5 p99=128.0
2026-08-08 23:07:53 [debug    ] HAProxy fallback latency       delta_requests=634 interval_avg_ms=64.0 max_rtime_ms=587.0 p99_est=128.0
2026-08-08 23:07:53 [info     ] algorithm2_scaling_decision    action=MAINTAIN alpha=0.060060060060060066 beta=0.0 buffer=1.0 current_replicas=3 predicted_load=42.602117757347216 required_resources=2.559 target_replicas=3
2026-08-08 23:07:53 [info     ] algorithm2_decision            action=MAINTAIN applied_target=3 current_replicas=3 hold_until=0.0 observed_load=42.6 observed_target=3 point_forecasts=None prediction_age_sec=None predictive_target=3 proactive=False scenario=s3-hybrid-reactive target_replicas=3 upper_forecasts=None
2026-08-08 23:07:53 [debug    ] Decision loop completed        action=MAINTAIN latency_ms=100.6 p99=128.0
2026-08-08 23:08:08 [debug    ] HAProxy fallback latency       delta_requests=834 interval_avg_ms=144.79 max_rtime_ms=587.0 p99_est=289.59
2026-08-08 23:08:08 [info     ] Knative pre-warm OK            cold_start_ms=2.7
2026-08-08 23:08:08 [info     ] controller_decision_v3         action=REACTIVE available_replicas=3 budget_remaining=989 burn_adjustment=0 burst_ratio=0.0945 capacity_deficit=False confidence=0 current_load=55.16397542729893 decision_id=85b7a55c k8s_capacity=49.9 k8s_weight=90 knative_weight=10 p99=289.6 predicted_load=0 r_effective=16.6 serverless_enabled=True total_load=55.2 weights_after={'k3s': 90, 'knative': 10} weights_before={'k3s': 100, 'knative': 0}
2026-08-08 23:08:08 [info     ] Weights updated                k3s=90 knative=10
2026-08-08 23:08:08 [info     ] Weights updated                action=REACTIVE reason='load=55RPS | k8s_cap=50RPS | (burst-routing)' weights={'k3s': 90, 'knative': 10}
2026-08-08 23:08:08 [info     ] algorithm2_scaling_decision    action=MAINTAIN alpha=0.060060060060060066 beta=0.0 buffer=1.0 current_replicas=3 predicted_load=48.56559612553646 required_resources=2.917 target_replicas=3
2026-08-08 23:08:08 [info     ] algorithm2_decision            action=MAINTAIN applied_target=3 current_replicas=3 hold_until=0.0 observed_load=48.57 observed_target=3 point_forecasts=None prediction_age_sec=None predictive_target=3 proactive=False scenario=s3-hybrid-reactive target_replicas=3 upper_forecasts=None
2026-08-08 23:08:08 [debug    ] Decision loop completed        action=REACTIVE latency_ms=107.57 p99=289.5851318944844
2026-08-08 23:08:23 [debug    ] HAProxy fallback latency       delta_requests=1059 interval_avg_ms=129.63 max_rtime_ms=587.0 p99_est=259.25
2026-08-08 23:08:23 [info     ] controller_decision_v3         action=REACTIVE available_replicas=3 budget_remaining=988 burn_adjustment=0 burst_ratio=0.2874 capacity_deficit=False confidence=0 current_load=70.09721622025752 decision_id=982c1966 k8s_capacity=49.9 k8s_weight=71 knative_weight=29 p99=259.3 predicted_load=0 r_effective=16.6 serverless_enabled=True total_load=70.1 weights_after={'k3s': 71, 'knative': 29} weights_before={'k3s': 90, 'knative': 10}
2026-08-08 23:08:23 [info     ] Weights updated                k3s=71 knative=29
2026-08-08 23:08:23 [info     ] Weights updated                action=REACTIVE reason='load=70RPS | k8s_cap=50RPS | (burst-routing)' weights={'k3s': 71, 'knative': 29}
2026-08-08 23:08:23 [info     ] algorithm2_scaling_decision    action=SCALE_UP alpha=0.060060060060060066 beta=0.0 buffer=1.0 current_replicas=3 predicted_load=62.63059582377822 required_resources=3.762 target_replicas=4
2026-08-08 23:08:23 [info     ] algorithm2_decision            action=SCALE_UP applied_target=4 current_replicas=3 hold_until=0.0 observed_load=62.63 observed_target=4 point_forecasts=None prediction_age_sec=None predictive_target=4 proactive=False scenario=s3-hybrid-reactive target_replicas=4 upper_forecasts=None
2026-08-08 23:08:23 [info     ] k8s_scale_executed             deployment=test-app-warm replicas=4
2026-08-08 23:08:23 [debug    ] Decision loop completed        action=REACTIVE latency_ms=141.92 p99=259.25401322001886
2026-08-08 23:08:38 [debug    ] HAProxy fallback latency       delta_requests=1077 interval_avg_ms=1.45 max_rtime_ms=587.0 p99_est=2.91
2026-08-08 23:08:38 [info     ] controller_decision_v3         action=RECOVERY available_replicas=4 budget_remaining=988 burn_adjustment=0 burst_ratio=0.0636 capacity_deficit=False confidence=0 current_load=71.12542799892265 decision_id=e1e8d93a k8s_capacity=66.6 k8s_weight=93 knative_weight=7 p99=2.9 predicted_load=0 r_effective=16.6 serverless_enabled=True total_load=71.1 weights_after={'k3s': 93, 'knative': 7} weights_before={'k3s': 71, 'knative': 29}
2026-08-08 23:08:38 [info     ] Weights updated                k3s=93 knative=7
2026-08-08 23:08:38 [info     ] Weights updated                action=RECOVERY reason='load=71RPS | k8s_cap=67RPS | (reducing-serverless)' weights={'k3s': 93, 'knative': 7}
2026-08-08 23:08:38 [info     ] Scale readiness observed       elapsed_sec=15.1 ewma_delay=18.8 samples=7 target=4
2026-08-08 23:08:38 [info     ] algorithm2_scaling_decision    action=SCALE_UP alpha=0.060060060060060066 beta=0.0 buffer=1.0 current_replicas=4 predicted_load=70.61132210959008 required_resources=4.241 target_replicas=5
2026-08-08 23:08:38 [info     ] algorithm2_decision            action=SCALE_UP applied_target=5 current_replicas=4 hold_until=0.0 observed_load=70.61 observed_target=5 point_forecasts=None prediction_age_sec=None predictive_target=5 proactive=False scenario=s3-hybrid-reactive target_replicas=5 upper_forecasts=None
2026-08-08 23:08:38 [info     ] k8s_scale_executed             deployment=test-app-warm replicas=5
2026-08-08 23:08:38 [debug    ] Decision loop completed        action=RECOVERY latency_ms=173.52 p99=2.906220984215413
2026-08-08 23:08:53 [debug    ] HAProxy fallback latency       delta_requests=1054 interval_avg_ms=131.96 max_rtime_ms=587.0 p99_est=263.91
2026-08-08 23:08:53 [info     ] controller_decision_v3         action=RECOVERY available_replicas=5 budget_remaining=987 burn_adjustment=0 burst_ratio=0 capacity_deficit=False confidence=0 current_load=69.53050921863351 decision_id=4086bc6b k8s_capacity=83.2 k8s_weight=100 knative_weight=0 p99=263.9 predicted_load=0 r_effective=16.6 serverless_enabled=False total_load=69.5 weights_after={'k3s': 100, 'knative': 0} weights_before={'k3s': 93, 'knative': 7}
2026-08-08 23:08:53 [info     ] Weights updated                k3s=100 knative=0
2026-08-08 23:08:53 [info     ] Weights updated                action=RECOVERY reason='load=70RPS | k8s_cap=83RPS | (reducing-serverless)' weights={'k3s': 100, 'knative': 0}
2026-08-08 23:08:53 [info     ] Scale readiness observed       elapsed_sec=15.2 ewma_delay=17.7 samples=8 target=5
2026-08-08 23:08:53 [info     ] algorithm2_scaling_decision    action=MAINTAIN alpha=0.060060060060060066 beta=0.0 buffer=1.0 current_replicas=5 predicted_load=70.32796860877808 required_resources=4.224 target_replicas=5
2026-08-08 23:08:53 [info     ] algorithm2_decision            action=MAINTAIN applied_target=5 current_replicas=5 hold_until=0.0 observed_load=70.33 observed_target=5 point_forecasts=None prediction_age_sec=None predictive_target=5 proactive=False scenario=s3-hybrid-reactive target_replicas=5 upper_forecasts=None
2026-08-08 23:08:53 [debug    ] Decision loop completed        action=RECOVERY latency_ms=175.49 p99=263.91081593927896
2026-08-08 23:09:08 [info     ] algorithm2_scaling_decision    action=MAINTAIN alpha=0.060060060060060066 beta=0.0 buffer=1.0 current_replicas=5 predicted_load=70.2166510314105 required_resources=4.217 target_replicas=5
2026-08-08 23:09:08 [info     ] algorithm2_decision            action=MAINTAIN applied_target=5 current_replicas=5 hold_until=0.0 observed_load=70.22 observed_target=5 point_forecasts=None prediction_age_sec=None predictive_target=5 proactive=False scenario=s3-hybrid-reactive target_replicas=5 upper_forecasts=None
2026-08-08 23:09:08 [debug    ] Decision loop completed        action=MAINTAIN latency_ms=102.94 p99=263.91081593927896
2026-08-08 23:09:23 [debug    ] HAProxy fallback latency       delta_requests=1131 interval_avg_ms=65.0 max_rtime_ms=587.0 p99_est=130.0
2026-08-08 23:09:23 [info     ] algorithm2_scaling_decision    action=MAINTAIN alpha=0.060060060060060066 beta=0.0 buffer=1.0 current_replicas=5 predicted_load=72.89329753222702 required_resources=4.378 target_replicas=5
2026-08-08 23:09:23 [info     ] algorithm2_decision            action=MAINTAIN applied_target=5 current_replicas=5 hold_until=0.0 observed_load=72.89 observed_target=5 point_forecasts=None prediction_age_sec=None predictive_target=5 proactive=False scenario=s3-hybrid-reactive target_replicas=5 upper_forecasts=None
2026-08-08 23:09:23 [debug    ] Decision loop completed        action=MAINTAIN latency_ms=96.89 p99=130.0
2026-08-08 23:09:38 [debug    ] HAProxy fallback latency       delta_requests=1397 interval_avg_ms=65.0 max_rtime_ms=587.0 p99_est=130.0
2026-08-08 23:09:38 [info     ] Knative pre-warm OK            cold_start_ms=2.4
2026-08-08 23:09:38 [info     ] controller_decision_v3         action=REACTIVE available_replicas=5 budget_remaining=986 burn_adjustment=0 burst_ratio=0.0997 capacity_deficit=False confidence=0 current_load=92.46722967740207 decision_id=2c9a58cf k8s_capacity=83.2 k8s_weight=90 knative_weight=10 p99=130.0 predicted_load=0 r_effective=16.6 serverless_enabled=True total_load=92.5 weights_after={'k3s': 90, 'knative': 10} weights_before={'k3s': 100, 'knative': 0}
2026-08-08 23:09:38 [info     ] Weights updated                k3s=90 knative=10
2026-08-08 23:09:38 [info     ] Weights updated                action=REACTIVE reason='load=92RPS | k8s_cap=83RPS | (burst-routing)' weights={'k3s': 90, 'knative': 10}
2026-08-08 23:09:39 [info     ] algorithm2_scaling_decision    action=SCALE_UP alpha=0.060060060060060066 beta=0.0 buffer=1.0 current_replicas=5 predicted_load=83.67551594883432 required_resources=5.026 target_replicas=6
2026-08-08 23:09:39 [info     ] algorithm2_decision            action=SCALE_UP applied_target=6 current_replicas=5 hold_until=0.0 observed_load=83.68 observed_target=6 point_forecasts=None prediction_age_sec=None predictive_target=6 proactive=False scenario=s3-hybrid-reactive target_replicas=6 upper_forecasts=None
2026-08-08 23:09:39 [info     ] k8s_scale_executed             deployment=test-app-warm replicas=6
2026-08-08 23:09:39 [debug    ] Decision loop completed        action=REACTIVE latency_ms=143.87 p99=130.0
2026-08-08 23:09:54 [debug    ] HAProxy fallback latency       delta_requests=1639 interval_avg_ms=111.26 max_rtime_ms=587.0 p99_est=222.51
2026-08-08 23:09:54 [info     ] controller_decision_v3         action=RECOVERY available_replicas=6 budget_remaining=985 burn_adjustment=0 burst_ratio=0.0775 capacity_deficit=False confidence=0 current_load=108.29458281373022 decision_id=058df7bd k8s_capacity=99.9 k8s_weight=92 knative_weight=8 p99=222.5 predicted_load=0 r_effective=16.6 serverless_enabled=True total_load=108.3 weights_after={'k3s': 92, 'knative': 8} weights_before={'k3s': 90, 'knative': 10}
2026-08-08 23:09:54 [info     ] Weights updated                k3s=92 knative=8
2026-08-08 23:09:54 [info     ] Weights updated                action=RECOVERY reason='load=108RPS | k8s_cap=100RPS | (reducing-serverless)' weights={'k3s': 92, 'knative': 8}
2026-08-08 23:09:54 [info     ] Scale readiness observed       elapsed_sec=15.1 ewma_delay=17.0 samples=9 target=6
2026-08-08 23:09:54 [info     ] algorithm2_scaling_decision    action=SCALE_UP alpha=0.060060060060060066 beta=0.0 buffer=1.0 current_replicas=6 predicted_load=100.38090624556614 required_resources=6.029 target_replicas=7
2026-08-08 23:09:54 [info     ] algorithm2_decision            action=SCALE_UP applied_target=7 current_replicas=6 hold_until=0.0 observed_load=100.38 observed_target=7 point_forecasts=None prediction_age_sec=None predictive_target=7 proactive=False scenario=s3-hybrid-reactive target_replicas=7 upper_forecasts=None
2026-08-08 23:09:54 [info     ] k8s_scale_executed             deployment=test-app-warm replicas=7
2026-08-08 23:09:54 [debug    ] Decision loop completed        action=RECOVERY latency_ms=175.07 p99=222.5137278828554
2026-08-08 23:10:09 [debug    ] HAProxy fallback latency       delta_requests=1451 interval_avg_ms=12.75 max_rtime_ms=587.0 p99_est=25.5
2026-08-08 23:10:09 [info     ] controller_decision_v3         action=RECOVERY available_replicas=7 budget_remaining=985 burn_adjustment=0 burst_ratio=0 capacity_deficit=False confidence=0 current_load=95.61693042279583 decision_id=280edf8b k8s_capacity=116.5 k8s_weight=100 knative_weight=0 p99=25.5 predicted_load=0 r_effective=16.6 serverless_enabled=False total_load=95.6 weights_after={'k3s': 100, 'knative': 0} weights_before={'k3s': 92, 'knative': 8}
2026-08-08 23:10:09 [info     ] Weights updated                k3s=100 knative=0
2026-08-08 23:10:09 [info     ] Weights updated                action=RECOVERY reason='load=96RPS | k8s_cap=117RPS | (reducing-serverless)' weights={'k3s': 100, 'knative': 0}
2026-08-08 23:10:09 [info     ] Scale readiness observed       elapsed_sec=15.1 ewma_delay=16.4 samples=10 target=7
2026-08-08 23:10:09 [info     ] algorithm2_scaling_decision    action=MAINTAIN alpha=0.060060060060060066 beta=0.0 buffer=1.0 current_replicas=7 predicted_load=101.95575661826302 required_resources=6.123 target_replicas=7
2026-08-08 23:10:09 [info     ] algorithm2_decision            action=MAINTAIN applied_target=7 current_replicas=7 hold_until=0.0 observed_load=101.96 observed_target=7 point_forecasts=None prediction_age_sec=None predictive_target=7 proactive=False scenario=s3-hybrid-reactive target_replicas=7 upper_forecasts=None
2026-08-08 23:10:09 [debug    ] Decision loop completed        action=RECOVERY latency_ms=135.32 p99=25.499655410062026
2026-08-08 23:10:24 [debug    ] HAProxy fallback latency       delta_requests=1180 interval_avg_ms=65.0 max_rtime_ms=587.0 p99_est=130.0
2026-08-08 23:10:24 [info     ] algorithm2_scaling_decision    action=MAINTAIN alpha=0.060060060060060066 beta=0.0 buffer=1.0 current_replicas=7 predicted_load=86.8238053217095 required_resources=5.215 target_replicas=6
2026-08-08 23:10:24 [info     ] algorithm2_decision            action=MAINTAIN applied_target=6 current_replicas=7 hold_until=0.0 observed_load=86.82 observed_target=6 point_forecasts=None prediction_age_sec=None predictive_target=6 proactive=False scenario=s3-hybrid-reactive target_replicas=6 upper_forecasts=None
2026-08-08 23:10:24 [debug    ] Decision loop completed        action=MAINTAIN latency_ms=102.71 p99=130.0
2026-08-08 23:10:39 [info     ] algorithm2_scaling_decision    action=SCALE_DOWN alpha=0.060060060060060066 beta=0.0 buffer=1.0 current_replicas=7 predicted_load=69.4061624550143 required_resources=4.169 target_replicas=5
2026-08-08 23:10:39 [info     ] algorithm2_decision            action=SCALE_DOWN applied_target=5 current_replicas=7 hold_until=0.0 observed_load=69.41 observed_target=5 point_forecasts=None prediction_age_sec=None predictive_target=5 proactive=False scenario=s3-hybrid-reactive target_replicas=5 upper_forecasts=None
2026-08-08 23:10:39 [info     ] k8s_scale_executed             deployment=test-app-warm replicas=5
2026-08-08 23:10:39 [debug    ] Decision loop completed        action=MAINTAIN latency_ms=141.29 p99=130.0
2026-08-08 23:10:54 [debug    ] HAProxy fallback latency       delta_requests=695 interval_avg_ms=64.0 max_rtime_ms=587.0 p99_est=128.0
2026-08-08 23:10:54 [info     ] algorithm2_scaling_decision    action=MAINTAIN alpha=0.060060060060060066 beta=0.0 buffer=1.0 current_replicas=5 predicted_load=53.374992481798714 required_resources=3.206 target_replicas=4
2026-08-08 23:10:54 [info     ] algorithm2_decision            action=MAINTAIN applied_target=4 current_replicas=5 hold_until=0.0 observed_load=53.37 observed_target=4 point_forecasts=None prediction_age_sec=None predictive_target=4 proactive=False scenario=s3-hybrid-reactive target_replicas=4 upper_forecasts=None
2026-08-08 23:10:54 [debug    ] Decision loop completed        action=MAINTAIN latency_ms=102.54 p99=128.0
2026-08-08 23:11:09 [debug    ] HAProxy fallback latency       delta_requests=657 interval_avg_ms=64.0 max_rtime_ms=587.0 p99_est=128.0
2026-08-08 23:11:09 [info     ] algorithm2_scaling_decision    action=SCALE_DOWN alpha=0.060060060060060066 beta=0.0 buffer=1.0 current_replicas=5 predicted_load=44.734774951629966 required_resources=2.687 target_replicas=3
2026-08-08 23:11:09 [info     ] algorithm2_decision            action=SCALE_DOWN applied_target=3 current_replicas=5 hold_until=0.0 observed_load=44.73 observed_target=3 point_forecasts=None prediction_age_sec=None predictive_target=3 proactive=False scenario=s3-hybrid-reactive target_replicas=3 upper_forecasts=None
2026-08-08 23:11:09 [debug    ] Decision loop completed        action=MAINTAIN latency_ms=102.5 p99=128.0
2026-08-08 23:11:24 [debug    ] HAProxy fallback latency       delta_requests=668 interval_avg_ms=64.0 max_rtime_ms=587.0 p99_est=128.0
2026-08-08 23:11:24 [info     ] algorithm2_scaling_decision    action=SCALE_DOWN alpha=0.060060060060060066 beta=0.0 buffer=1.0 current_replicas=5 predicted_load=43.83264867794149 required_resources=2.633 target_replicas=3
2026-08-08 23:11:24 [info     ] algorithm2_decision            action=SCALE_DOWN applied_target=3 current_replicas=5 hold_until=0.0 observed_load=43.83 observed_target=3 point_forecasts=None prediction_age_sec=None predictive_target=3 proactive=False scenario=s3-hybrid-reactive target_replicas=3 upper_forecasts=None
2026-08-08 23:11:24 [debug    ] Decision loop completed        action=MAINTAIN latency_ms=99.79 p99=128.0
2026-08-08 23:11:39 [debug    ] HAProxy fallback latency       delta_requests=775 interval_avg_ms=64.0 max_rtime_ms=587.0 p99_est=128.0
2026-08-08 23:11:40 [info     ] algorithm2_scaling_decision    action=SCALE_DOWN alpha=0.060060060060060066 beta=0.0 buffer=1.0 current_replicas=5 predicted_load=47.74385160138077 required_resources=2.867 target_replicas=3
2026-08-08 23:11:40 [info     ] algorithm2_decision            action=SCALE_DOWN applied_target=3 current_replicas=5 hold_until=0.0 observed_load=47.74 observed_target=3 point_forecasts=None prediction_age_sec=None predictive_target=3 proactive=False scenario=s3-hybrid-reactive target_replicas=3 upper_forecasts=None
2026-08-08 23:11:40 [debug    ] Decision loop completed        action=MAINTAIN latency_ms=103.81 p99=128.0
2026-08-08 23:11:55 [debug    ] HAProxy fallback latency       delta_requests=853 interval_avg_ms=64.0 max_rtime_ms=587.0 p99_est=128.0
2026-08-08 23:11:55 [info     ] algorithm2_scaling_decision    action=MAINTAIN alpha=0.060060060060060066 beta=0.0 buffer=1.0 current_replicas=5 predicted_load=53.93320336542891 required_resources=3.239 target_replicas=4
2026-08-08 23:11:55 [info     ] algorithm2_decision            action=MAINTAIN applied_target=4 current_replicas=5 hold_until=0.0 observed_load=53.93 observed_target=4 point_forecasts=None prediction_age_sec=None predictive_target=4 proactive=False scenario=s3-hybrid-reactive target_replicas=4 upper_forecasts=None
2026-08-08 23:11:55 [debug    ] Decision loop completed        action=MAINTAIN latency_ms=103.61 p99=128.0
2026-08-08 23:12:10 [debug    ] HAProxy fallback latency       delta_requests=716 interval_avg_ms=64.0 max_rtime_ms=587.0 p99_est=128.0
2026-08-08 23:12:10 [info     ] algorithm2_scaling_decision    action=MAINTAIN alpha=0.060060060060060066 beta=0.0 buffer=1.0 current_replicas=5 predicted_load=51.97471863872444 required_resources=3.122 target_replicas=4
2026-08-08 23:12:10 [info     ] algorithm2_decision            action=MAINTAIN applied_target=4 current_replicas=5 hold_until=0.0 observed_load=51.97 observed_target=4 point_forecasts=None prediction_age_sec=None predictive_target=4 proactive=False scenario=s3-hybrid-reactive target_replicas=4 upper_forecasts=None
2026-08-08 23:12:10 [debug    ] Decision loop completed        action=MAINTAIN latency_ms=102.2 p99=128.0
2026-08-08 23:12:25 [debug    ] HAProxy fallback latency       delta_requests=579 interval_avg_ms=209.61 max_rtime_ms=587.0 p99_est=419.22
2026-08-08 23:12:25 [info     ] algorithm2_scaling_decision    action=SCALE_DOWN alpha=0.060060060060060066 beta=0.0 buffer=1.0 current_replicas=5 predicted_load=42.83819823456746 required_resources=2.573 target_replicas=3
2026-08-08 23:12:25 [info     ] algorithm2_decision            action=SCALE_DOWN applied_target=3 current_replicas=5 hold_until=0.0 observed_load=42.84 observed_target=3 point_forecasts=None prediction_age_sec=None predictive_target=3 proactive=False scenario=s3-hybrid-reactive target_replicas=3 upper_forecasts=None
2026-08-08 23:12:25 [debug    ] Decision loop completed        action=MAINTAIN latency_ms=101.4 p99=419.2158894645941
2026-08-08 23:12:40 [info     ] algorithm2_scaling_decision    action=SCALE_DOWN alpha=0.060060060060060066 beta=0.0 buffer=1.0 current_replicas=5 predicted_load=38.43895424070523 required_resources=2.309 target_replicas=3
2026-08-08 23:12:40 [info     ] algorithm2_decision            action=SCALE_DOWN applied_target=3 current_replicas=5 hold_until=0.0 observed_load=38.44 observed_target=3 point_forecasts=None prediction_age_sec=None predictive_target=3 proactive=False scenario=s3-hybrid-reactive target_replicas=3 upper_forecasts=None
2026-08-08 23:12:40 [debug    ] Decision loop completed        action=MAINTAIN latency_ms=107.38 p99=419.2158894645941
2026-08-08 23:12:55 [debug    ] HAProxy fallback latency       delta_requests=606 interval_avg_ms=64.0 max_rtime_ms=587.0 p99_est=128.0
2026-08-08 23:12:55 [info     ] algorithm2_scaling_decision    action=SCALE_DOWN alpha=0.060060060060060066 beta=0.0 buffer=1.0 current_replicas=5 predicted_load=39.36026386543534 required_resources=2.364 target_replicas=3
2026-08-08 23:12:55 [info     ] algorithm2_decision            action=SCALE_DOWN applied_target=3 current_replicas=5 hold_until=0.0 observed_load=39.36 observed_target=3 point_forecasts=None prediction_age_sec=None predictive_target=3 proactive=False scenario=s3-hybrid-reactive target_replicas=3 upper_forecasts=None
2026-08-08 23:12:55 [info     ] k8s_scale_executed             deployment=test-app-warm replicas=3
2026-08-08 23:12:55 [debug    ] Decision loop completed        action=MAINTAIN latency_ms=140.91 p99=128.0
2026-08-08 23:13:10 [debug    ] HAProxy fallback latency       delta_requests=630 interval_avg_ms=200.71 max_rtime_ms=587.0 p99_est=401.42
2026-08-08 23:13:10 [info     ] algorithm2_scaling_decision    action=MAINTAIN alpha=0.060060060060060066 beta=0.0 buffer=1.0 current_replicas=3 predicted_load=40.86044913044355 required_resources=2.454 target_replicas=3
2026-08-08 23:13:10 [info     ] algorithm2_decision            action=MAINTAIN applied_target=3 current_replicas=3 hold_until=0.0 observed_load=40.86 observed_target=3 point_forecasts=None prediction_age_sec=None predictive_target=3 proactive=False scenario=s3-hybrid-reactive target_replicas=3 upper_forecasts=None
2026-08-08 23:13:10 [debug    ] Decision loop completed        action=MAINTAIN latency_ms=98.9 p99=401.415873015873
2026-08-08 23:13:25 [info     ] algorithm2_scaling_decision    action=MAINTAIN alpha=0.060060060060060066 beta=0.0 buffer=1.0 current_replicas=3 predicted_load=42.72634490486073 required_resources=2.566 target_replicas=3
2026-08-08 23:13:25 [info     ] algorithm2_decision            action=MAINTAIN applied_target=3 current_replicas=3 hold_until=0.0 observed_load=42.73 observed_target=3 point_forecasts=None prediction_age_sec=None predictive_target=3 proactive=False scenario=s3-hybrid-reactive target_replicas=3 upper_forecasts=None
2026-08-08 23:13:25 [debug    ] Decision loop completed        action=MAINTAIN latency_ms=103.95 p99=401.415873015873
2026-08-08 23:13:40 [debug    ] HAProxy fallback latency       delta_requests=741 interval_avg_ms=300.25 max_rtime_ms=587.0 p99_est=587.0
2026-08-08 23:13:40 [info     ] algorithm2_scaling_decision    action=MAINTAIN alpha=0.060060060060060066 beta=0.0 buffer=1.0 current_replicas=3 predicted_load=46.45089314866489 required_resources=2.79 target_replicas=3
2026-08-08 23:13:40 [info     ] algorithm2_decision            action=MAINTAIN applied_target=3 current_replicas=3 hold_until=0.0 observed_load=46.45 observed_target=3 point_forecasts=None prediction_age_sec=None predictive_target=3 proactive=False scenario=s3-hybrid-reactive target_replicas=3 upper_forecasts=None
2026-08-08 23:13:40 [debug    ] Decision loop completed        action=MAINTAIN latency_ms=103.46 p99=587.0
2026-08-08 23:13:55 [info     ] algorithm2_scaling_decision    action=MAINTAIN alpha=0.060060060060060066 beta=0.0 buffer=1.0 current_replicas=3 predicted_load=34.98987135106872 required_resources=2.101 target_replicas=3
2026-08-08 23:13:55 [info     ] algorithm2_decision            action=MAINTAIN applied_target=3 current_replicas=3 hold_until=0.0 observed_load=34.99 observed_target=3 point_forecasts=None prediction_age_sec=None predictive_target=3 proactive=False scenario=s3-hybrid-reactive target_replicas=3 upper_forecasts=None
2026-08-08 23:13:55 [debug    ] Decision loop completed        action=MAINTAIN latency_ms=98.28 p99=587.0
2026-08-08 23:14:11 [info     ] algorithm2_scaling_decision    action=MAINTAIN alpha=0.060060060060060066 beta=0.0 buffer=1.0 current_replicas=3 predicted_load=10.461058824849824 required_resources=0.628 target_replicas=3
2026-08-08 23:14:11 [info     ] algorithm2_decision            action=MAINTAIN applied_target=3 current_replicas=3 hold_until=0.0 observed_load=10.46 observed_target=3 point_forecasts=None prediction_age_sec=None predictive_target=3 proactive=False scenario=s3-hybrid-reactive target_replicas=3 upper_forecasts=None
2026-08-08 23:14:11 [debug    ] Decision loop completed        action=MAINTAIN latency_ms=97.24 p99=587.0
2026-08-08 23:14:26 [info     ] algorithm2_scaling_decision    action=MAINTAIN alpha=0.060060060060060066 beta=0.0 buffer=1.0 current_replicas=3 predicted_load=0.0 required_resources=0.0 target_replicas=3
2026-08-08 23:14:26 [info     ] algorithm2_decision            action=MAINTAIN applied_target=3 current_replicas=3 hold_until=0.0 observed_load=0.0 observed_target=3 point_forecasts=None prediction_age_sec=None predictive_target=3 proactive=False scenario=s3-hybrid-reactive target_replicas=3 upper_forecasts=None
2026-08-08 23:14:26 [debug    ] Decision loop completed        action=MAINTAIN latency_ms=104.32 p99=587.0
2026-08-08 23:14:41 [info     ] algorithm2_scaling_decision    action=MAINTAIN alpha=0.060060060060060066 beta=0.0 buffer=1.0 current_replicas=3 predicted_load=0.0 required_resources=0.0 target_replicas=3
2026-08-08 23:14:41 [info     ] algorithm2_decision            action=MAINTAIN applied_target=3 current_replicas=3 hold_until=0.0 observed_load=0.0 observed_target=3 point_forecasts=None prediction_age_sec=None predictive_target=3 proactive=False scenario=s3-hybrid-reactive target_replicas=3 upper_forecasts=None
2026-08-08 23:14:41 [debug    ] Decision loop completed        action=MAINTAIN latency_ms=105.36 p99=587.0
2026-08-08 23:14:47 [info     ] Received shutdown signal
2026-08-08 23:14:47 [info     ] Stopping routing daemon...
2026-08-08 23:14:47 [info     ] Routing daemon stopped
