2026-08-07 06:02:11 [info     ] SLOMonitor initialized         threshold_ms=200.0 violation_window=30
2026-08-07 06:02:11 [info     ] Algorithm1ControllerV3 initialized max_knative=50 r_saturation=33.3 target_cpu_util=0.5 total_budget=1000
2026-08-07 06:02:11 [info     ] Using V3 controller (Capacity-Driven) scenario=s3-hybrid-reactive version=v3
2026-08-07 06:02:11 [info     ] HAProxyWeightAdjuster initialized backend=servers host=localhost port=19999
2026-08-07 06:02:11 [info     ] GRUClient initialized          base_url=http://localhost:8090
2026-08-07 06:02:11 [info     ] K8sScaler initialized          deployment=test-app-warm namespace=default
2026-08-07 06:02:11 [info     ] RoutingDaemon initialized      decision_interval=15 description='Algorithm 1 reactive routing without predictions' scenario=s3-hybrid-reactive use_algorithm=True use_predictions=False
2026-08-07 06:02:11 [info     ] Starting routing daemon        interval=15 scenario=s3-hybrid-reactive
2026-08-07 06:02:11 [info     ] Weights updated                k3s=80 knative=20
2026-08-07 06:02:11 [info     ] Initial weights applied        k3s=80 knative=20
2026-08-07 06:02:12 [debug    ] HAProxy fallback primed        total_requests=0
2026-08-07 06:02:12 [info     ] algorithm2_scaling_decision    action=MAINTAIN alpha=0.060060060060060066 beta=0.0 buffer=1.0 current_replicas=3 predicted_load=0.0 required_resources=0.0 target_replicas=3
2026-08-07 06:02:12 [info     ] algorithm2_decision            action=MAINTAIN applied_target=3 current_replicas=3 hold_until=0.0 observed_load=0.0 observed_target=3 point_forecasts=None prediction_age_sec=None predictive_target=3 proactive=False scenario=s3-hybrid-reactive target_replicas=3 upper_forecasts=None
2026-08-07 06:02:12 [debug    ] Decision loop completed        action=MAINTAIN latency_ms=107.76 p99=0.0
2026-08-07 06:02:27 [info     ] algorithm2_scaling_decision    action=MAINTAIN alpha=0.060060060060060066 beta=0.0 buffer=1.0 current_replicas=3 predicted_load=0.0 required_resources=0.0 target_replicas=3
2026-08-07 06:02:27 [info     ] algorithm2_decision            action=MAINTAIN applied_target=3 current_replicas=3 hold_until=0.0 observed_load=0.0 observed_target=3 point_forecasts=None prediction_age_sec=None predictive_target=3 proactive=False scenario=s3-hybrid-reactive target_replicas=3 upper_forecasts=None
2026-08-07 06:02:27 [debug    ] Decision loop completed        action=MAINTAIN latency_ms=108.65 p99=0.0
2026-08-07 06:02:42 [info     ] algorithm2_scaling_decision    action=MAINTAIN alpha=0.060060060060060066 beta=0.0 buffer=1.0 current_replicas=3 predicted_load=0.0 required_resources=0.0 target_replicas=3
2026-08-07 06:02:42 [info     ] algorithm2_decision            action=MAINTAIN applied_target=3 current_replicas=3 hold_until=0.0 observed_load=0.0 observed_target=3 point_forecasts=None prediction_age_sec=None predictive_target=3 proactive=False scenario=s3-hybrid-reactive target_replicas=3 upper_forecasts=None
2026-08-07 06:02:42 [debug    ] Decision loop completed        action=MAINTAIN latency_ms=108.74 p99=0.0
2026-08-07 06:02:57 [debug    ] HAProxy fallback latency       delta_requests=639 interval_avg_ms=65.0 max_rtime_ms=118.0 p99_est=118.0
2026-08-07 06:02:57 [info     ] controller_decision_v3         action=RECOVERY available_replicas=3 budget_remaining=1000 burn_adjustment=0 burst_ratio=0 capacity_deficit=False confidence=0 current_load=42.16231714358711 decision_id=e64bdf1e k8s_capacity=49.9 k8s_weight=100 knative_weight=0 p99=118.0 predicted_load=0 r_effective=16.6 serverless_enabled=False total_load=42.2 weights_after={'k3s': 100, 'knative': 0} weights_before={'k3s': 80, 'knative': 20}
2026-08-07 06:02:57 [info     ] Weights updated                k3s=100 knative=0
2026-08-07 06:02:57 [info     ] Weights updated                action=RECOVERY reason='load=42RPS | k8s_cap=50RPS | (reducing-serverless)' weights={'k3s': 100, 'knative': 0}
2026-08-07 06:02:57 [info     ] algorithm2_scaling_decision    action=MAINTAIN alpha=0.060060060060060066 beta=0.0 buffer=1.0 current_replicas=3 predicted_load=21.081158571793555 required_resources=1.266 target_replicas=3
2026-08-07 06:02:57 [info     ] algorithm2_decision            action=MAINTAIN applied_target=3 current_replicas=3 hold_until=0.0 observed_load=21.08 observed_target=3 point_forecasts=None prediction_age_sec=None predictive_target=3 proactive=False scenario=s3-hybrid-reactive target_replicas=3 upper_forecasts=None
2026-08-07 06:02:57 [debug    ] Decision loop completed        action=RECOVERY latency_ms=142.26 p99=118.0
2026-08-07 06:03:12 [debug    ] HAProxy fallback latency       delta_requests=666 interval_avg_ms=65.0 max_rtime_ms=127.0 p99_est=127.0
2026-08-07 06:03:12 [info     ] algorithm2_scaling_decision    action=MAINTAIN alpha=0.060060060060060066 beta=0.0 buffer=1.0 current_replicas=3 predicted_load=43.07361080232802 required_resources=2.587 target_replicas=3
2026-08-07 06:03:12 [info     ] algorithm2_decision            action=MAINTAIN applied_target=3 current_replicas=3 hold_until=0.0 observed_load=43.07 observed_target=3 point_forecasts=None prediction_age_sec=None predictive_target=3 proactive=False scenario=s3-hybrid-reactive target_replicas=3 upper_forecasts=None
2026-08-07 06:03:12 [debug    ] Decision loop completed        action=MAINTAIN latency_ms=101.63 p99=127.0
2026-08-07 06:03:27 [debug    ] HAProxy fallback latency       delta_requests=716 interval_avg_ms=70.65 max_rtime_ms=130.0 p99_est=130.0
2026-08-07 06:03:27 [info     ] algorithm2_scaling_decision    action=MAINTAIN alpha=0.060060060060060066 beta=0.0 buffer=1.0 current_replicas=3 predicted_load=45.697464391115616 required_resources=2.745 target_replicas=3
2026-08-07 06:03:27 [info     ] algorithm2_decision            action=MAINTAIN applied_target=3 current_replicas=3 hold_until=0.0 observed_load=45.7 observed_target=3 point_forecasts=None prediction_age_sec=None predictive_target=3 proactive=False scenario=s3-hybrid-reactive target_replicas=3 upper_forecasts=None
2026-08-07 06:03:27 [debug    ] Decision loop completed        action=MAINTAIN latency_ms=108.9 p99=130.0
2026-08-07 06:03:42 [debug    ] HAProxy fallback latency       delta_requests=822 interval_avg_ms=67.0 max_rtime_ms=161.0 p99_est=134.0
2026-08-07 06:03:42 [info     ] Knative pre-warm OK            cold_start_ms=2.7
2026-08-07 06:03:42 [info     ] controller_decision_v3         action=REACTIVE available_replicas=3 budget_remaining=1000 burn_adjustment=0 burst_ratio=0.0807 capacity_deficit=False confidence=0 current_load=54.33711055324236 decision_id=190df15f k8s_capacity=49.9 k8s_weight=91 knative_weight=9 p99=134.0 predicted_load=0 r_effective=16.6 serverless_enabled=True total_load=54.3 weights_after={'k3s': 91, 'knative': 9} weights_before={'k3s': 100, 'knative': 0}
2026-08-07 06:03:42 [info     ] Weights updated                k3s=91 knative=9
2026-08-07 06:03:42 [info     ] Weights updated                action=REACTIVE reason='load=54RPS | k8s_cap=50RPS | (burst-routing)' weights={'k3s': 91, 'knative': 9}
2026-08-07 06:03:42 [info     ] algorithm2_scaling_decision    action=SCALE_UP alpha=0.060060060060060066 beta=0.0 buffer=1.0 current_replicas=3 predicted_load=50.873567437202325 required_resources=3.055 target_replicas=4
2026-08-07 06:03:42 [info     ] algorithm2_decision            action=SCALE_UP applied_target=4 current_replicas=3 hold_until=0.0 observed_load=50.87 observed_target=4 point_forecasts=None prediction_age_sec=None predictive_target=4 proactive=False scenario=s3-hybrid-reactive target_replicas=4 upper_forecasts=None
2026-08-07 06:03:42 [info     ] k8s_scale_executed             deployment=test-app-warm replicas=4
2026-08-07 06:03:42 [debug    ] Decision loop completed        action=REACTIVE latency_ms=151.06 p99=134.0
2026-08-07 06:03:57 [debug    ] HAProxy fallback latency       delta_requests=769 interval_avg_ms=62.3 max_rtime_ms=161.0 p99_est=124.61
2026-08-07 06:03:57 [info     ] controller_decision_v3         action=RECOVERY available_replicas=4 budget_remaining=1000 burn_adjustment=0 burst_ratio=0 capacity_deficit=False confidence=0 current_load=50.88862218775313 decision_id=18df34de k8s_capacity=66.6 k8s_weight=100 knative_weight=0 p99=124.6 predicted_load=0 r_effective=16.6 serverless_enabled=False total_load=50.9 weights_after={'k3s': 100, 'knative': 0} weights_before={'k3s': 91, 'knative': 9}
2026-08-07 06:03:57 [info     ] Weights updated                k3s=100 knative=0
2026-08-07 06:03:57 [info     ] Weights updated                action=RECOVERY reason='load=51RPS | k8s_cap=67RPS | (reducing-serverless)' weights={'k3s': 100, 'knative': 0}
2026-08-07 06:03:57 [info     ] Scale readiness observed       elapsed_sec=15.1 ewma_delay=46.5 samples=1 target=4
2026-08-07 06:03:57 [info     ] algorithm2_scaling_decision    action=MAINTAIN alpha=0.060060060060060066 beta=0.0 buffer=1.0 current_replicas=4 predicted_load=52.61286637049774 required_resources=3.16 target_replicas=4
2026-08-07 06:03:57 [info     ] algorithm2_decision            action=MAINTAIN applied_target=4 current_replicas=4 hold_until=0.0 observed_load=52.61 observed_target=4 point_forecasts=None prediction_age_sec=None predictive_target=4 proactive=False scenario=s3-hybrid-reactive target_replicas=4 upper_forecasts=None
2026-08-07 06:03:57 [debug    ] Decision loop completed        action=RECOVERY latency_ms=142.42 p99=124.60598179453837
2026-08-07 06:04:13 [debug    ] HAProxy fallback latency       delta_requests=548 interval_avg_ms=58.41 max_rtime_ms=161.0 p99_est=116.82
2026-08-07 06:04:13 [info     ] algorithm2_scaling_decision    action=MAINTAIN alpha=0.060060060060060066 beta=0.0 buffer=1.0 current_replicas=4 predicted_load=43.538509494292015 required_resources=2.615 target_replicas=3
2026-08-07 06:04:13 [info     ] algorithm2_decision            action=MAINTAIN applied_target=3 current_replicas=4 hold_until=0.0 observed_load=43.54 observed_target=3 point_forecasts=None prediction_age_sec=None predictive_target=3 proactive=False scenario=s3-hybrid-reactive target_replicas=3 upper_forecasts=None
2026-08-07 06:04:13 [debug    ] Decision loop completed        action=MAINTAIN latency_ms=108.0 p99=116.81751824817518
2026-08-07 06:04:28 [debug    ] HAProxy fallback latency       delta_requests=411 interval_avg_ms=65.0 max_rtime_ms=161.0 p99_est=130.0
2026-08-07 06:04:28 [info     ] algorithm2_scaling_decision    action=MAINTAIN alpha=0.060060060060060066 beta=0.0 buffer=1.0 current_replicas=4 predicted_load=31.696402592298163 required_resources=1.904 target_replicas=3
2026-08-07 06:04:28 [info     ] algorithm2_decision            action=MAINTAIN applied_target=3 current_replicas=4 hold_until=0.0 observed_load=31.7 observed_target=3 point_forecasts=None prediction_age_sec=None predictive_target=3 proactive=False scenario=s3-hybrid-reactive target_replicas=3 upper_forecasts=None
2026-08-07 06:04:28 [debug    ] Decision loop completed        action=MAINTAIN latency_ms=107.0 p99=130.0
2026-08-07 06:04:43 [debug    ] HAProxy fallback latency       delta_requests=358 interval_avg_ms=65.0 max_rtime_ms=161.0 p99_est=130.0
2026-08-07 06:04:43 [info     ] algorithm2_scaling_decision    action=MAINTAIN alpha=0.060060060060060066 beta=0.0 buffer=1.0 current_replicas=4 predicted_load=25.45076982862787 required_resources=1.529 target_replicas=3
2026-08-07 06:04:43 [info     ] algorithm2_decision            action=MAINTAIN applied_target=3 current_replicas=4 hold_until=0.0 observed_load=25.45 observed_target=3 point_forecasts=None prediction_age_sec=None predictive_target=3 proactive=False scenario=s3-hybrid-reactive target_replicas=3 upper_forecasts=None
2026-08-07 06:04:43 [debug    ] Decision loop completed        action=MAINTAIN latency_ms=104.82 p99=130.0
2026-08-07 06:04:58 [debug    ] HAProxy fallback latency       delta_requests=484 interval_avg_ms=65.0 max_rtime_ms=161.0 p99_est=130.0
2026-08-07 06:04:58 [info     ] algorithm2_scaling_decision    action=MAINTAIN alpha=0.060060060060060066 beta=0.0 buffer=1.0 current_replicas=4 predicted_load=27.835657077878768 required_resources=1.672 target_replicas=3
2026-08-07 06:04:58 [info     ] algorithm2_decision            action=MAINTAIN applied_target=3 current_replicas=4 hold_until=0.0 observed_load=27.84 observed_target=3 point_forecasts=None prediction_age_sec=None predictive_target=3 proactive=False scenario=s3-hybrid-reactive target_replicas=3 upper_forecasts=None
2026-08-07 06:04:58 [debug    ] Decision loop completed        action=MAINTAIN latency_ms=107.89 p99=130.0
2026-08-07 06:05:13 [debug    ] HAProxy fallback latency       delta_requests=772 interval_avg_ms=56.99 max_rtime_ms=161.0 p99_est=113.98
2026-08-07 06:05:13 [info     ] algorithm2_scaling_decision    action=MAINTAIN alpha=0.060060060060060066 beta=0.0 buffer=1.0 current_replicas=4 predicted_load=41.53870307337283 required_resources=2.495 target_replicas=3
2026-08-07 06:05:13 [info     ] algorithm2_decision            action=MAINTAIN applied_target=3 current_replicas=4 hold_until=0.0 observed_load=41.54 observed_target=3 point_forecasts=None prediction_age_sec=None predictive_target=3 proactive=False scenario=s3-hybrid-reactive target_replicas=3 upper_forecasts=None
2026-08-07 06:05:13 [debug    ] Decision loop completed        action=MAINTAIN latency_ms=102.84 p99=113.97668393782384
2026-08-07 06:05:28 [debug    ] HAProxy fallback latency       delta_requests=813 interval_avg_ms=81.22 max_rtime_ms=161.0 p99_est=161.0
2026-08-07 06:05:28 [info     ] algorithm2_scaling_decision    action=MAINTAIN alpha=0.060060060060060066 beta=0.0 buffer=1.0 current_replicas=4 predicted_load=52.466122873001055 required_resources=3.151 target_replicas=4
2026-08-07 06:05:28 [info     ] algorithm2_decision            action=MAINTAIN applied_target=4 current_replicas=4 hold_until=0.0 observed_load=52.47 observed_target=4 point_forecasts=None prediction_age_sec=None predictive_target=4 proactive=False scenario=s3-hybrid-reactive target_replicas=4 upper_forecasts=None
2026-08-07 06:05:28 [debug    ] Decision loop completed        action=MAINTAIN latency_ms=110.01 p99=161.0
2026-08-07 06:05:43 [debug    ] HAProxy fallback latency       delta_requests=637 interval_avg_ms=54.01 max_rtime_ms=161.0 p99_est=108.03
2026-08-07 06:05:43 [info     ] algorithm2_scaling_decision    action=MAINTAIN alpha=0.060060060060060066 beta=0.0 buffer=1.0 current_replicas=4 predicted_load=48.026592366338505 required_resources=2.884 target_replicas=3
2026-08-07 06:05:43 [info     ] algorithm2_decision            action=MAINTAIN applied_target=3 current_replicas=4 hold_until=0.0 observed_load=48.03 observed_target=3 point_forecasts=None prediction_age_sec=None predictive_target=3 proactive=False scenario=s3-hybrid-reactive target_replicas=3 upper_forecasts=None
2026-08-07 06:05:43 [debug    ] Decision loop completed        action=MAINTAIN latency_ms=103.3 p99=108.02825745682888
2026-08-07 06:05:58 [debug    ] HAProxy fallback latency       delta_requests=656 interval_avg_ms=65.0 max_rtime_ms=161.0 p99_est=130.0
2026-08-07 06:05:58 [info     ] algorithm2_scaling_decision    action=MAINTAIN alpha=0.060060060060060066 beta=0.0 buffer=1.0 current_replicas=4 predicted_load=42.795456062391665 required_resources=2.57 target_replicas=3
2026-08-07 06:05:58 [info     ] algorithm2_decision            action=MAINTAIN applied_target=3 current_replicas=4 hold_until=0.0 observed_load=42.8 observed_target=3 point_forecasts=None prediction_age_sec=None predictive_target=3 proactive=False scenario=s3-hybrid-reactive target_replicas=3 upper_forecasts=None
2026-08-07 06:05:58 [debug    ] Decision loop completed        action=MAINTAIN latency_ms=106.91 p99=130.0
2026-08-07 06:06:13 [debug    ] HAProxy fallback latency       delta_requests=830 interval_avg_ms=54.01 max_rtime_ms=161.0 p99_est=108.02
2026-08-07 06:06:13 [info     ] algorithm2_scaling_decision    action=MAINTAIN alpha=0.060060060060060066 beta=0.0 buffer=1.0 current_replicas=4 predicted_load=49.15551227204713 required_resources=2.952 target_replicas=3
2026-08-07 06:06:13 [info     ] algorithm2_decision            action=MAINTAIN applied_target=3 current_replicas=4 hold_until=0.0 observed_load=49.16 observed_target=3 point_forecasts=None prediction_age_sec=None predictive_target=3 proactive=False scenario=s3-hybrid-reactive target_replicas=3 upper_forecasts=None
2026-08-07 06:06:13 [debug    ] Decision loop completed        action=MAINTAIN latency_ms=107.18 p99=108.02168674698795
2026-08-07 06:06:28 [debug    ] HAProxy fallback latency       delta_requests=915 interval_avg_ms=64.0 max_rtime_ms=161.0 p99_est=128.0
2026-08-07 06:06:29 [info     ] algorithm2_scaling_decision    action=MAINTAIN alpha=0.060060060060060066 beta=0.0 buffer=1.0 current_replicas=4 predicted_load=57.75433311035019 required_resources=3.469 target_replicas=4
2026-08-07 06:06:29 [info     ] algorithm2_decision            action=MAINTAIN applied_target=4 current_replicas=4 hold_until=0.0 observed_load=57.75 observed_target=4 point_forecasts=None prediction_age_sec=None predictive_target=4 proactive=False scenario=s3-hybrid-reactive target_replicas=4 upper_forecasts=None
2026-08-07 06:06:29 [debug    ] Decision loop completed        action=MAINTAIN latency_ms=108.33 p99=128.0
2026-08-07 06:06:44 [debug    ] HAProxy fallback latency       delta_requests=931 interval_avg_ms=64.0 max_rtime_ms=161.0 p99_est=128.0
2026-08-07 06:06:44 [info     ] algorithm2_scaling_decision    action=MAINTAIN alpha=0.060060060060060066 beta=0.0 buffer=1.0 current_replicas=4 predicted_load=61.05884715154278 required_resources=3.667 target_replicas=4
2026-08-07 06:06:44 [info     ] algorithm2_decision            action=MAINTAIN applied_target=4 current_replicas=4 hold_until=0.0 observed_load=61.06 observed_target=4 point_forecasts=None prediction_age_sec=None predictive_target=4 proactive=False scenario=s3-hybrid-reactive target_replicas=4 upper_forecasts=None
2026-08-07 06:06:44 [debug    ] Decision loop completed        action=MAINTAIN latency_ms=104.44 p99=128.0
2026-08-07 06:06:59 [debug    ] HAProxy fallback latency       delta_requests=1003 interval_avg_ms=75.93 max_rtime_ms=161.0 p99_est=151.87
2026-08-07 06:06:59 [info     ] algorithm2_scaling_decision    action=MAINTAIN alpha=0.060060060060060066 beta=0.0 buffer=1.0 current_replicas=4 predicted_load=63.97788841816315 required_resources=3.843 target_replicas=4
2026-08-07 06:06:59 [info     ] algorithm2_decision            action=MAINTAIN applied_target=4 current_replicas=4 hold_until=0.0 observed_load=63.98 observed_target=4 point_forecasts=None prediction_age_sec=None predictive_target=4 proactive=False scenario=s3-hybrid-reactive target_replicas=4 upper_forecasts=None
2026-08-07 06:06:59 [debug    ] Decision loop completed        action=MAINTAIN latency_ms=107.85 p99=151.86839481555333
2026-08-07 06:07:14 [debug    ] HAProxy fallback latency       delta_requests=1117 interval_avg_ms=53.28 max_rtime_ms=161.0 p99_est=106.57
2026-08-07 06:07:14 [info     ] Knative pre-warm OK            cold_start_ms=2.9
2026-08-07 06:07:14 [info     ] controller_decision_v3         action=REACTIVE available_replicas=4 budget_remaining=1000 burn_adjustment=0 burst_ratio=0.0993 capacity_deficit=False confidence=0 current_load=73.9388163331603 decision_id=94503e67 k8s_capacity=66.6 k8s_weight=90 knative_weight=10 p99=106.6 predicted_load=0 r_effective=16.6 serverless_enabled=True total_load=73.9 weights_after={'k3s': 90, 'knative': 10} weights_before={'k3s': 100, 'knative': 0}
2026-08-07 06:07:14 [info     ] Weights updated                k3s=90 knative=10
2026-08-07 06:07:14 [info     ] Weights updated                action=REACTIVE reason='load=74RPS | k8s_cap=67RPS | (burst-routing)' weights={'k3s': 90, 'knative': 10}
2026-08-07 06:07:14 [info     ] algorithm2_scaling_decision    action=SCALE_UP alpha=0.060060060060060066 beta=0.0 buffer=1.0 current_replicas=4 predicted_load=70.17064520831855 required_resources=4.214 target_replicas=5
2026-08-07 06:07:14 [info     ] algorithm2_decision            action=SCALE_UP applied_target=5 current_replicas=4 hold_until=0.0 observed_load=70.17 observed_target=5 point_forecasts=None prediction_age_sec=None predictive_target=5 proactive=False scenario=s3-hybrid-reactive target_replicas=5 upper_forecasts=None
2026-08-07 06:07:14 [info     ] k8s_scale_executed             deployment=test-app-warm replicas=5
2026-08-07 06:07:14 [debug    ] Decision loop completed        action=REACTIVE latency_ms=143.5 p99=106.56759176365264
2026-08-07 06:07:29 [debug    ] HAProxy fallback latency       delta_requests=1275 interval_avg_ms=86.53 max_rtime_ms=161.0 p99_est=161.0
2026-08-07 06:07:29 [info     ] controller_decision_v3         action=RECOVERY available_replicas=5 budget_remaining=1000 burn_adjustment=0 burst_ratio=0.0112 capacity_deficit=False confidence=0 current_load=84.19061097643136 decision_id=068d2803 k8s_capacity=83.2 k8s_weight=98 knative_weight=2 p99=161.0 predicted_load=0 r_effective=16.6 serverless_enabled=True total_load=84.2 weights_after={'k3s': 98, 'knative': 2} weights_before={'k3s': 90, 'knative': 10}
2026-08-07 06:07:29 [info     ] Weights updated                k3s=98 knative=2
2026-08-07 06:07:29 [info     ] Weights updated                action=RECOVERY reason='load=84RPS | k8s_cap=83RPS | (reducing-serverless)' weights={'k3s': 98, 'knative': 2}
2026-08-07 06:07:29 [info     ] Scale readiness observed       elapsed_sec=15.1 ewma_delay=37.1 samples=2 target=5
2026-08-07 06:07:29 [info     ] algorithm2_scaling_decision    action=MAINTAIN alpha=0.060060060060060066 beta=0.0 buffer=1.0 current_replicas=5 predicted_load=79.06471365479584 required_resources=4.749 target_replicas=5
2026-08-07 06:07:29 [info     ] algorithm2_decision            action=MAINTAIN applied_target=5 current_replicas=5 hold_until=0.0 observed_load=79.06 observed_target=5 point_forecasts=None prediction_age_sec=None predictive_target=5 proactive=False scenario=s3-hybrid-reactive target_replicas=5 upper_forecasts=None
2026-08-07 06:07:29 [debug    ] Decision loop completed        action=RECOVERY latency_ms=139.65 p99=161.0
2026-08-07 06:07:44 [debug    ] HAProxy fallback latency       delta_requests=1459 interval_avg_ms=76.84 max_rtime_ms=161.0 p99_est=153.69
2026-08-07 06:07:44 [info     ] controller_decision_v3         action=REACTIVE available_replicas=5 budget_remaining=1000 burn_adjustment=0 burst_ratio=0.1355 capacity_deficit=False confidence=0 current_load=96.30266534168575 decision_id=68014f24 k8s_capacity=83.2 k8s_weight=86 knative_weight=14 p99=153.7 predicted_load=0 r_effective=16.6 serverless_enabled=True total_load=96.3 weights_after={'k3s': 86, 'knative': 14} weights_before={'k3s': 98, 'knative': 2}
2026-08-07 06:07:44 [info     ] Weights updated                k3s=86 knative=14
2026-08-07 06:07:44 [info     ] Weights updated                action=REACTIVE reason='load=96RPS | k8s_cap=83RPS | (burst-routing)' weights={'k3s': 86, 'knative': 14}
2026-08-07 06:07:44 [info     ] algorithm2_scaling_decision    action=SCALE_UP alpha=0.060060060060060066 beta=0.0 buffer=1.0 current_replicas=5 predicted_load=90.24663815905856 required_resources=5.42 target_replicas=6
2026-08-07 06:07:44 [info     ] algorithm2_decision            action=SCALE_UP applied_target=6 current_replicas=5 hold_until=0.0 observed_load=90.25 observed_target=6 point_forecasts=None prediction_age_sec=None predictive_target=6 proactive=False scenario=s3-hybrid-reactive target_replicas=6 upper_forecasts=None
2026-08-07 06:07:44 [info     ] k8s_scale_executed             deployment=test-app-warm replicas=6
2026-08-07 06:07:44 [debug    ] Decision loop completed        action=REACTIVE latency_ms=151.05 p99=153.68745716244004
2026-08-07 06:07:59 [debug    ] HAProxy fallback latency       delta_requests=1671 interval_avg_ms=77.47 max_rtime_ms=161.0 p99_est=154.94
2026-08-07 06:07:59 [info     ] controller_decision_v3         action=REACTIVE available_replicas=5 budget_remaining=1000 burn_adjustment=0 burst_ratio=0.2447 capacity_deficit=False confidence=0 current_load=110.22540911567388 decision_id=4c43d31b k8s_capacity=83.2 k8s_weight=75 knative_weight=25 p99=154.9 predicted_load=0 r_effective=16.6 serverless_enabled=True total_load=110.2 weights_after={'k3s': 75, 'knative': 25} weights_before={'k3s': 86, 'knative': 14}
2026-08-07 06:07:59 [info     ] Weights updated                k3s=75 knative=25
2026-08-07 06:07:59 [info     ] Weights updated                action=REACTIVE reason='load=110RPS | k8s_cap=83RPS | (burst-routing)' weights={'k3s': 75, 'knative': 25}
2026-08-07 06:07:59 [info     ] algorithm2_scaling_decision    action=SCALE_UP alpha=0.060060060060060066 beta=0.0 buffer=1.0 current_replicas=6 predicted_load=103.26403722867983 required_resources=6.202 target_replicas=7
2026-08-07 06:07:59 [info     ] algorithm2_decision            action=SCALE_UP applied_target=7 current_replicas=6 hold_until=0.0 observed_load=103.26 observed_target=7 point_forecasts=None prediction_age_sec=None predictive_target=7 proactive=False scenario=s3-hybrid-reactive target_replicas=7 upper_forecasts=None
2026-08-07 06:07:59 [info     ] k8s_scale_executed             deployment=test-app-warm replicas=7
2026-08-07 06:07:59 [debug    ] Decision loop completed        action=REACTIVE latency_ms=146.63 p99=154.93596648713344
2026-08-07 06:08:14 [debug    ] HAProxy fallback latency       delta_requests=1894 interval_avg_ms=68.0 max_rtime_ms=161.0 p99_est=136.0
2026-08-07 06:08:14 [info     ] controller_decision_v3         action=REACTIVE available_replicas=5 budget_remaining=1000 burn_adjustment=0 burst_ratio=0.3342 capacity_deficit=False confidence=0 current_load=125.04398177854999 decision_id=5580b6da k8s_capacity=83.2 k8s_weight=66 knative_weight=34 p99=136.0 predicted_load=0 r_effective=16.6 serverless_enabled=True total_load=125.0 weights_after={'k3s': 66, 'knative': 34} weights_before={'k3s': 75, 'knative': 25}
2026-08-07 06:08:14 [info     ] Weights updated                k3s=66 knative=34
2026-08-07 06:08:14 [info     ] Weights updated                action=REACTIVE reason='load=125RPS | k8s_cap=83RPS | (burst-routing)' weights={'k3s': 66, 'knative': 34}
2026-08-07 06:08:14 [info     ] algorithm2_scaling_decision    action=SCALE_UP alpha=0.060060060060060066 beta=0.0 buffer=1.0 current_replicas=7 predicted_load=117.63469544711194 required_resources=7.065 target_replicas=8
2026-08-07 06:08:14 [info     ] algorithm2_decision            action=SCALE_UP applied_target=8 current_replicas=7 hold_until=0.0 observed_load=117.63 observed_target=8 point_forecasts=None prediction_age_sec=None predictive_target=8 proactive=False scenario=s3-hybrid-reactive target_replicas=8 upper_forecasts=None
2026-08-07 06:08:14 [info     ] k8s_scale_executed             deployment=test-app-warm replicas=8
2026-08-07 06:08:14 [debug    ] Decision loop completed        action=REACTIVE latency_ms=150.76 p99=136.0
2026-08-07 06:08:30 [debug    ] HAProxy fallback latency       delta_requests=1723 interval_avg_ms=43.5 max_rtime_ms=161.0 p99_est=86.99
2026-08-07 06:08:30 [info     ] controller_decision_v3         action=RECOVERY available_replicas=5 budget_remaining=1000 burn_adjustment=0 burst_ratio=0.2688 capacity_deficit=False confidence=0 current_load=113.84790506808444 decision_id=7f82842f k8s_capacity=83.2 k8s_weight=73 knative_weight=27 p99=87.0 predicted_load=0 r_effective=16.6 serverless_enabled=True total_load=113.8 weights_after={'k3s': 73, 'knative': 27} weights_before={'k3s': 66, 'knative': 34}
2026-08-07 06:08:30 [info     ] Weights updated                k3s=73 knative=27
2026-08-07 06:08:30 [info     ] Weights updated                action=RECOVERY reason='load=114RPS | k8s_cap=83RPS | (reducing-serverless)' weights={'k3s': 73, 'knative': 27}
2026-08-07 06:08:30 [info     ] algorithm2_scaling_decision    action=MAINTAIN alpha=0.060060060060060066 beta=0.0 buffer=1.0 current_replicas=8 predicted_load=119.44594342331722 required_resources=7.174 target_replicas=8
2026-08-07 06:08:30 [info     ] algorithm2_decision            action=MAINTAIN applied_target=8 current_replicas=8 hold_until=0.0 observed_load=119.45 observed_target=8 point_forecasts=None prediction_age_sec=None predictive_target=8 proactive=False scenario=s3-hybrid-reactive target_replicas=8 upper_forecasts=None
2026-08-07 06:08:30 [debug    ] Decision loop completed        action=RECOVERY latency_ms=141.25 p99=86.99477655252467
2026-08-07 06:08:45 [debug    ] HAProxy fallback latency       delta_requests=1314 interval_avg_ms=48.94 max_rtime_ms=161.0 p99_est=97.87
2026-08-07 06:08:45 [info     ] controller_decision_v3         action=RECOVERY available_replicas=5 budget_remaining=1000 burn_adjustment=0 burst_ratio=0.0407 capacity_deficit=False confidence=0 current_load=86.78209903190198 decision_id=8aa05630 k8s_capacity=83.2 k8s_weight=95 knative_weight=5 p99=97.9 predicted_load=0 r_effective=16.6 serverless_enabled=True total_load=86.8 weights_after={'k3s': 95, 'knative': 5} weights_before={'k3s': 73, 'knative': 27}
2026-08-07 06:08:45 [info     ] Weights updated                k3s=95 knative=5
2026-08-07 06:08:45 [info     ] Weights updated                action=RECOVERY reason='load=87RPS | k8s_cap=83RPS | (reducing-serverless)' weights={'k3s': 95, 'knative': 5}
2026-08-07 06:08:45 [info     ] algorithm2_scaling_decision    action=MAINTAIN alpha=0.060060060060060066 beta=0.0 buffer=1.0 current_replicas=8 predicted_load=100.31500204999321 required_resources=6.025 target_replicas=7
2026-08-07 06:08:45 [info     ] algorithm2_decision            action=MAINTAIN applied_target=7 current_replicas=8 hold_until=0.0 observed_load=100.32 observed_target=7 point_forecasts=None prediction_age_sec=None predictive_target=7 proactive=False scenario=s3-hybrid-reactive target_replicas=7 upper_forecasts=None
2026-08-07 06:08:45 [debug    ] Decision loop completed        action=RECOVERY latency_ms=142.16 p99=97.87062404870625
2026-08-07 06:09:00 [debug    ] HAProxy fallback latency       delta_requests=1131 interval_avg_ms=65.0 max_rtime_ms=161.0 p99_est=130.0
2026-08-07 06:09:00 [info     ] controller_decision_v3         action=RECOVERY available_replicas=5 budget_remaining=1000 burn_adjustment=0 burst_ratio=0 capacity_deficit=False confidence=0 current_load=74.690376508627 decision_id=212c934e k8s_capacity=83.2 k8s_weight=100 knative_weight=0 p99=130.0 predicted_load=0 r_effective=16.6 serverless_enabled=False total_load=74.7 weights_after={'k3s': 100, 'knative': 0} weights_before={'k3s': 95, 'knative': 5}
2026-08-07 06:09:00 [info     ] Weights updated                k3s=100 knative=0
2026-08-07 06:09:00 [info     ] Weights updated                action=RECOVERY reason='load=75RPS | k8s_cap=83RPS | (reducing-serverless)' weights={'k3s': 100, 'knative': 0}
2026-08-07 06:09:00 [info     ] algorithm2_scaling_decision    action=SCALE_DOWN alpha=0.060060060060060066 beta=0.0 buffer=1.0 current_replicas=8 predicted_load=80.7362377702645 required_resources=4.849 target_replicas=5
2026-08-07 06:09:00 [info     ] algorithm2_decision            action=SCALE_DOWN applied_target=5 current_replicas=8 hold_until=0.0 observed_load=80.74 observed_target=5 point_forecasts=None prediction_age_sec=None predictive_target=5 proactive=False scenario=s3-hybrid-reactive target_replicas=5 upper_forecasts=None
2026-08-07 06:09:00 [info     ] k8s_scale_executed             deployment=test-app-warm replicas=5
2026-08-07 06:09:00 [debug    ] Decision loop completed        action=RECOVERY latency_ms=184.7 p99=130.0
2026-08-07 06:09:15 [debug    ] HAProxy fallback latency       delta_requests=1078 interval_avg_ms=65.0 max_rtime_ms=161.0 p99_est=130.0
2026-08-07 06:09:15 [info     ] algorithm2_scaling_decision    action=MAINTAIN alpha=0.060060060060060066 beta=0.0 buffer=1.0 current_replicas=5 predicted_load=72.87548627267199 required_resources=4.377 target_replicas=5
2026-08-07 06:09:15 [info     ] algorithm2_decision            action=MAINTAIN applied_target=5 current_replicas=5 hold_until=0.0 observed_load=72.88 observed_target=5 point_forecasts=None prediction_age_sec=None predictive_target=5 proactive=False scenario=s3-hybrid-reactive target_replicas=5 upper_forecasts=None
2026-08-07 06:09:15 [debug    ] Decision loop completed        action=MAINTAIN latency_ms=104.06 p99=130.0
2026-08-07 06:09:30 [debug    ] HAProxy fallback latency       delta_requests=945 interval_avg_ms=37.93 max_rtime_ms=161.0 p99_est=75.87
2026-08-07 06:09:30 [info     ] algorithm2_scaling_decision    action=MAINTAIN alpha=0.060060060060060066 beta=0.0 buffer=1.0 current_replicas=5 predicted_load=66.81428113871999 required_resources=4.013 target_replicas=5
2026-08-07 06:09:30 [info     ] algorithm2_decision            action=MAINTAIN applied_target=5 current_replicas=5 hold_until=0.0 observed_load=66.81 observed_target=5 point_forecasts=None prediction_age_sec=None predictive_target=5 proactive=False scenario=s3-hybrid-reactive target_replicas=5 upper_forecasts=None
2026-08-07 06:09:30 [debug    ] Decision loop completed        action=MAINTAIN latency_ms=106.93 p99=75.86878306878307
2026-08-07 06:09:45 [debug    ] HAProxy fallback latency       delta_requests=793 interval_avg_ms=97.25 max_rtime_ms=161.0 p99_est=161.0
2026-08-07 06:09:45 [info     ] algorithm2_scaling_decision    action=MAINTAIN alpha=0.060060060060060066 beta=0.0 buffer=1.0 current_replicas=5 predicted_load=57.49610817598522 required_resources=3.453 target_replicas=4
2026-08-07 06:09:45 [info     ] algorithm2_decision            action=MAINTAIN applied_target=4 current_replicas=5 hold_until=0.0 observed_load=57.5 observed_target=4 point_forecasts=None prediction_age_sec=None predictive_target=4 proactive=False scenario=s3-hybrid-reactive target_replicas=4 upper_forecasts=None
2026-08-07 06:09:45 [debug    ] Decision loop completed        action=MAINTAIN latency_ms=107.77 p99=161.0
2026-08-07 06:10:00 [debug    ] HAProxy fallback latency       delta_requests=1202 interval_avg_ms=87.94 max_rtime_ms=161.0 p99_est=161.0
2026-08-07 06:10:00 [info     ] algorithm2_scaling_decision    action=MAINTAIN alpha=0.060060060060060066 beta=0.0 buffer=1.0 current_replicas=5 predicted_load=65.960076651262 required_resources=3.962 target_replicas=4
2026-08-07 06:10:00 [info     ] algorithm2_decision            action=MAINTAIN applied_target=4 current_replicas=5 hold_until=0.0 observed_load=65.96 observed_target=4 point_forecasts=None prediction_age_sec=None predictive_target=4 proactive=False scenario=s3-hybrid-reactive target_replicas=4 upper_forecasts=None
2026-08-07 06:10:00 [debug    ] Decision loop completed        action=MAINTAIN latency_ms=114.86 p99=161.0
2026-08-07 06:10:15 [debug    ] HAProxy fallback latency       delta_requests=1872 interval_avg_ms=254.74 max_rtime_ms=257.0 p99_est=257.0
2026-08-07 06:10:15 [info     ] Knative pre-warm OK            cold_start_ms=2.3
2026-08-07 06:10:15 [info     ] controller_decision_v3         action=REACTIVE available_replicas=5 budget_remaining=999 burn_adjustment=0 burst_ratio=0.3275 capacity_deficit=False confidence=0 current_load=123.78595442228372 decision_id=7484feed k8s_capacity=83.2 k8s_weight=67 knative_weight=33 p99=257.0 predicted_load=0 r_effective=16.6 serverless_enabled=True total_load=123.8 weights_after={'k3s': 67, 'knative': 33} weights_before={'k3s': 100, 'knative': 0}
2026-08-07 06:10:15 [info     ] Weights updated                k3s=67 knative=33
2026-08-07 06:10:15 [info     ] Weights updated                action=REACTIVE reason='load=124RPS | k8s_cap=83RPS | (burst-routing)' weights={'k3s': 67, 'knative': 33}
2026-08-07 06:10:15 [info     ] algorithm2_scaling_decision    action=SCALE_UP alpha=0.060060060060060066 beta=0.0 buffer=1.0 current_replicas=5 predicted_load=101.64092880678012 required_resources=6.105 target_replicas=7
2026-08-07 06:10:15 [info     ] algorithm2_decision            action=SCALE_UP applied_target=7 current_replicas=5 hold_until=0.0 observed_load=101.64 observed_target=7 point_forecasts=None prediction_age_sec=None predictive_target=7 proactive=False scenario=s3-hybrid-reactive target_replicas=7 upper_forecasts=None
2026-08-07 06:10:16 [info     ] k8s_scale_executed             deployment=test-app-warm replicas=7
2026-08-07 06:10:16 [debug    ] Decision loop completed        action=REACTIVE latency_ms=154.02 p99=257.0
2026-08-07 06:10:31 [info     ] controller_decision_v3         action=RECOVERY available_replicas=7 budget_remaining=998 burn_adjustment=0 burst_ratio=0.0306 capacity_deficit=False confidence=0 current_load=120.23162138595039 decision_id=59a709fc k8s_capacity=116.5 k8s_weight=96 knative_weight=4 p99=257.0 predicted_load=0 r_effective=16.6 serverless_enabled=True total_load=120.2 weights_after={'k3s': 96, 'knative': 4} weights_before={'k3s': 67, 'knative': 33}
2026-08-07 06:10:31 [info     ] Weights updated                k3s=96 knative=4
2026-08-07 06:10:31 [info     ] Weights updated                action=RECOVERY reason='load=120RPS | k8s_cap=117RPS | (reducing-serverless)' weights={'k3s': 96, 'knative': 4}
2026-08-07 06:10:31 [info     ] Scale readiness observed       elapsed_sec=15.1 ewma_delay=30.5 samples=3 target=7
2026-08-07 06:10:31 [info     ] algorithm2_scaling_decision    action=SCALE_UP alpha=0.060060060060060066 beta=0.0 buffer=1.0 current_replicas=7 predicted_load=122.00878790411706 required_resources=7.328 target_replicas=8
2026-08-07 06:10:31 [info     ] algorithm2_decision            action=SCALE_UP applied_target=8 current_replicas=7 hold_until=0.0 observed_load=122.01 observed_target=8 point_forecasts=None prediction_age_sec=None predictive_target=8 proactive=False scenario=s3-hybrid-reactive target_replicas=8 upper_forecasts=None
2026-08-07 06:10:31 [info     ] k8s_scale_executed             deployment=test-app-warm replicas=8
2026-08-07 06:10:31 [debug    ] Decision loop completed        action=RECOVERY latency_ms=180.14 p99=257.0
2026-08-07 06:10:46 [debug    ] HAProxy fallback latency       delta_requests=1426 interval_avg_ms=88.92 max_rtime_ms=257.0 p99_est=177.85
2026-08-07 06:10:46 [info     ] controller_decision_v3         action=RECOVERY available_replicas=8 budget_remaining=998 burn_adjustment=0 burst_ratio=0 capacity_deficit=False confidence=0 current_load=93.99988830462057 decision_id=398e1221 k8s_capacity=133.2 k8s_weight=100 knative_weight=0 p99=177.8 predicted_load=0 r_effective=16.6 serverless_enabled=False total_load=94.0 weights_after={'k3s': 100, 'knative': 0} weights_before={'k3s': 96, 'knative': 4}
2026-08-07 06:10:46 [info     ] Weights updated                k3s=100 knative=0
2026-08-07 06:10:46 [info     ] Weights updated                action=RECOVERY reason='load=94RPS | k8s_cap=133RPS | (reducing-serverless)' weights={'k3s': 100, 'knative': 0}
2026-08-07 06:10:46 [info     ] Scale readiness observed       elapsed_sec=15.1 ewma_delay=25.9 samples=4 target=8
2026-08-07 06:10:46 [info     ] algorithm2_scaling_decision    action=MAINTAIN alpha=0.060060060060060066 beta=0.0 buffer=1.0 current_replicas=8 predicted_load=107.11575484528548 required_resources=6.433 target_replicas=7
2026-08-07 06:10:46 [info     ] algorithm2_decision            action=MAINTAIN applied_target=7 current_replicas=8 hold_until=0.0 observed_load=107.12 observed_target=7 point_forecasts=None prediction_age_sec=None predictive_target=7 proactive=False scenario=s3-hybrid-reactive target_replicas=7 upper_forecasts=None
2026-08-07 06:10:46 [debug    ] Decision loop completed        action=RECOVERY latency_ms=146.99 p99=177.8499298737728
2026-08-07 06:11:01 [debug    ] HAProxy fallback latency       delta_requests=1230 interval_avg_ms=11.84 max_rtime_ms=257.0 p99_est=23.69
2026-08-07 06:11:01 [info     ] algorithm2_scaling_decision    action=MAINTAIN alpha=0.060060060060060066 beta=0.0 buffer=1.0 current_replicas=8 predicted_load=87.63484918091014 required_resources=5.263 target_replicas=6
2026-08-07 06:11:01 [info     ] algorithm2_decision            action=MAINTAIN applied_target=6 current_replicas=8 hold_until=0.0 observed_load=87.63 observed_target=6 point_forecasts=None prediction_age_sec=None predictive_target=6 proactive=False scenario=s3-hybrid-reactive target_replicas=6 upper_forecasts=None
2026-08-07 06:11:01 [debug    ] Decision loop completed        action=MAINTAIN latency_ms=108.38 p99=23.68780487804878
2026-08-07 06:11:16 [debug    ] HAProxy fallback latency       delta_requests=1147 interval_avg_ms=65.0 max_rtime_ms=257.0 p99_est=130.0
2026-08-07 06:11:16 [info     ] algorithm2_scaling_decision    action=SCALE_DOWN alpha=0.060060060060060066 beta=0.0 buffer=1.0 current_replicas=8 predicted_load=78.56075374930228 required_resources=4.718 target_replicas=5
2026-08-07 06:11:16 [info     ] algorithm2_decision            action=SCALE_DOWN applied_target=5 current_replicas=8 hold_until=0.0 observed_load=78.56 observed_target=5 point_forecasts=None prediction_age_sec=None predictive_target=5 proactive=False scenario=s3-hybrid-reactive target_replicas=5 upper_forecasts=None
2026-08-07 06:11:16 [info     ] k8s_scale_executed             deployment=test-app-warm replicas=5
2026-08-07 06:11:16 [debug    ] Decision loop completed        action=MAINTAIN latency_ms=141.05 p99=130.0
2026-08-07 06:11:31 [debug    ] HAProxy fallback latency       delta_requests=1496 interval_avg_ms=284.97 max_rtime_ms=257.0 p99_est=257.0
2026-08-07 06:11:31 [info     ] Knative pre-warm OK            cold_start_ms=2.9
2026-08-07 06:11:31 [info     ] controller_decision_v3         action=REACTIVE available_replicas=5 budget_remaining=997 burn_adjustment=0 burst_ratio=0.1569 capacity_deficit=False confidence=0 current_load=98.73863316010372 decision_id=9d862ece k8s_capacity=83.2 k8s_weight=84 knative_weight=16 p99=257.0 predicted_load=0 r_effective=16.6 serverless_enabled=True total_load=98.7 weights_after={'k3s': 84, 'knative': 16} weights_before={'k3s': 100, 'knative': 0}
2026-08-07 06:11:31 [info     ] Weights updated                k3s=84 knative=16
2026-08-07 06:11:31 [info     ] Weights updated                action=REACTIVE reason='load=99RPS | k8s_cap=83RPS | (burst-routing)' weights={'k3s': 84, 'knative': 16}
2026-08-07 06:11:31 [info     ] algorithm2_scaling_decision    action=SCALE_UP alpha=0.060060060060060066 beta=0.0 buffer=1.0 current_replicas=5 predicted_load=87.29516530075428 required_resources=5.243 target_replicas=6
2026-08-07 06:11:31 [info     ] algorithm2_decision            action=SCALE_UP applied_target=6 current_replicas=5 hold_until=0.0 observed_load=87.3 observed_target=6 point_forecasts=None prediction_age_sec=None predictive_target=6 proactive=False scenario=s3-hybrid-reactive target_replicas=6 upper_forecasts=None
2026-08-07 06:11:31 [info     ] k8s_scale_executed             deployment=test-app-warm replicas=6
2026-08-07 06:11:31 [debug    ] Decision loop completed        action=REACTIVE latency_ms=150.74 p99=257.0
2026-08-07 06:11:46 [debug    ] HAProxy fallback latency       delta_requests=2013 interval_avg_ms=284.8 max_rtime_ms=284.0 p99_est=284.0
2026-08-07 06:11:46 [info     ] controller_decision_v3         action=REACTIVE available_replicas=6 budget_remaining=996 burn_adjustment=0 burst_ratio=0.2477 capacity_deficit=False confidence=0 current_load=132.79763706324053 decision_id=0f2b07e9 k8s_capacity=99.9 k8s_weight=75 knative_weight=25 p99=284.0 predicted_load=0 r_effective=16.6 serverless_enabled=True total_load=132.8 weights_after={'k3s': 75, 'knative': 25} weights_before={'k3s': 84, 'knative': 16}
2026-08-07 06:11:46 [info     ] Weights updated                k3s=75 knative=25
2026-08-07 06:11:46 [info     ] Weights updated                action=REACTIVE reason='load=133RPS | k8s_cap=100RPS | (burst-routing)' weights={'k3s': 75, 'knative': 25}
2026-08-07 06:11:46 [info     ] Scale readiness observed       elapsed_sec=15.1 ewma_delay=22.7 samples=5 target=6
2026-08-07 06:11:46 [info     ] algorithm2_scaling_decision    action=SCALE_UP alpha=0.060060060060060066 beta=0.0 buffer=1.0 current_replicas=6 predicted_load=115.76813511167212 required_resources=6.953 target_replicas=7
2026-08-07 06:11:46 [info     ] algorithm2_decision            action=SCALE_UP applied_target=7 current_replicas=6 hold_until=0.0 observed_load=115.77 observed_target=7 point_forecasts=None prediction_age_sec=None predictive_target=7 proactive=False scenario=s3-hybrid-reactive target_replicas=7 upper_forecasts=None
2026-08-07 06:11:46 [info     ] k8s_scale_executed             deployment=test-app-warm replicas=7
2026-08-07 06:11:46 [debug    ] Decision loop completed        action=REACTIVE latency_ms=139.15 p99=284.0
2026-08-07 06:12:01 [info     ] controller_decision_v3         action=RECOVERY available_replicas=7 budget_remaining=995 burn_adjustment=0 burst_ratio=0.2254 capacity_deficit=False confidence=0 current_load=150.4650775964175 decision_id=7e09f32c k8s_capacity=116.5 k8s_weight=77 knative_weight=23 p99=284.0 predicted_load=0 r_effective=16.6 serverless_enabled=True total_load=150.5 weights_after={'k3s': 77, 'knative': 23} weights_before={'k3s': 75, 'knative': 25}
2026-08-07 06:12:02 [info     ] Weights updated                k3s=77 knative=23
2026-08-07 06:12:02 [info     ] Weights updated                action=RECOVERY reason='load=150RPS | k8s_cap=117RPS | (reducing-serverless)' weights={'k3s': 77, 'knative': 23}
2026-08-07 06:12:02 [info     ] Scale readiness observed       elapsed_sec=15.1 ewma_delay=20.4 samples=6 target=7
2026-08-07 06:12:02 [info     ] algorithm2_scaling_decision    action=SCALE_UP alpha=0.060060060060060066 beta=0.0 buffer=1.0 current_replicas=7 predicted_load=141.63135732982903 required_resources=8.506 target_replicas=9
2026-08-07 06:12:02 [info     ] algorithm2_decision            action=SCALE_UP applied_target=9 current_replicas=7 hold_until=0.0 observed_load=141.63 observed_target=9 point_forecasts=None prediction_age_sec=None predictive_target=9 proactive=False scenario=s3-hybrid-reactive target_replicas=9 upper_forecasts=None
2026-08-07 06:12:02 [info     ] k8s_scale_executed             deployment=test-app-warm replicas=9
2026-08-07 06:12:02 [debug    ] Decision loop completed        action=RECOVERY latency_ms=181.79 p99=284.0
2026-08-07 06:12:17 [debug    ] HAProxy fallback latency       delta_requests=2432 interval_avg_ms=308.39 max_rtime_ms=376.0 p99_est=376.0
2026-08-07 06:12:17 [info     ] controller_decision_v3         action=RECOVERY available_replicas=8 budget_remaining=994 burn_adjustment=0 burst_ratio=0.1682 capacity_deficit=False confidence=0 current_load=160.12726416525214 decision_id=798ae26a k8s_capacity=133.2 k8s_weight=83 knative_weight=17 p99=376.0 predicted_load=0 r_effective=16.6 serverless_enabled=True total_load=160.1 weights_after={'k3s': 83, 'knative': 17} weights_before={'k3s': 77, 'knative': 23}
2026-08-07 06:12:17 [info     ] Weights updated                k3s=83 knative=17
2026-08-07 06:12:17 [info     ] Weights updated                action=RECOVERY reason='load=160RPS | k8s_cap=133RPS | (reducing-serverless)' weights={'k3s': 83, 'knative': 17}
2026-08-07 06:12:17 [info     ] algorithm2_scaling_decision    action=SCALE_UP alpha=0.060060060060060066 beta=0.0 buffer=1.0 current_replicas=9 predicted_load=155.29617088083484 required_resources=9.327 target_replicas=10
2026-08-07 06:12:17 [info     ] algorithm2_decision            action=SCALE_UP applied_target=10 current_replicas=9 hold_until=0.0 observed_load=155.3 observed_target=10 point_forecasts=None prediction_age_sec=None predictive_target=10 proactive=False scenario=s3-hybrid-reactive target_replicas=10 upper_forecasts=None
2026-08-07 06:12:17 [info     ] k8s_scale_executed             deployment=test-app-warm replicas=10
2026-08-07 06:12:17 [debug    ] Decision loop completed        action=RECOVERY latency_ms=190.94 p99=376.0
2026-08-07 06:12:32 [debug    ] HAProxy fallback latency       delta_requests=2203 interval_avg_ms=7.4 max_rtime_ms=376.0 p99_est=14.81
2026-08-07 06:12:32 [info     ] controller_decision_v3         action=RECOVERY available_replicas=8 budget_remaining=994 burn_adjustment=0 burst_ratio=0.0819 capacity_deficit=False confidence=0 current_load=145.0864117886635 decision_id=6e66d005 k8s_capacity=133.2 k8s_weight=91 knative_weight=9 p99=14.8 predicted_load=0 r_effective=16.6 serverless_enabled=True total_load=145.1 weights_after={'k3s': 91, 'knative': 9} weights_before={'k3s': 83, 'knative': 17}
2026-08-07 06:12:32 [info     ] Weights updated                k3s=91 knative=9
2026-08-07 06:12:32 [info     ] Weights updated                action=RECOVERY reason='load=145RPS | k8s_cap=133RPS | (reducing-serverless)' weights={'k3s': 91, 'knative': 9}
2026-08-07 06:12:32 [info     ] algorithm2_scaling_decision    action=MAINTAIN alpha=0.060060060060060066 beta=0.0 buffer=1.0 current_replicas=10 predicted_load=152.60683797695782 required_resources=9.166 target_replicas=10
2026-08-07 06:12:32 [info     ] algorithm2_decision            action=MAINTAIN applied_target=10 current_replicas=10 hold_until=0.0 observed_load=152.61 observed_target=10 point_forecasts=None prediction_age_sec=None predictive_target=10 proactive=False scenario=s3-hybrid-reactive target_replicas=10 upper_forecasts=None
2026-08-07 06:12:32 [debug    ] Decision loop completed        action=RECOVERY latency_ms=147.23 p99=14.80708125283704
2026-08-07 06:12:47 [info     ] controller_decision_v3         action=RECOVERY available_replicas=8 budget_remaining=994 burn_adjustment=0 burst_ratio=0 capacity_deficit=False confidence=0 current_load=121.99295642574586 decision_id=1dc13e77 k8s_capacity=133.2 k8s_weight=100 knative_weight=0 p99=14.8 predicted_load=0 r_effective=16.6 serverless_enabled=False total_load=122.0 weights_after={'k3s': 100, 'knative': 0} weights_before={'k3s': 91, 'knative': 9}
2026-08-07 06:12:47 [info     ] Weights updated                k3s=100 knative=0
2026-08-07 06:12:47 [info     ] Weights updated                action=RECOVERY reason='load=122RPS | k8s_cap=133RPS | (reducing-serverless)' weights={'k3s': 100, 'knative': 0}
2026-08-07 06:12:47 [info     ] algorithm2_scaling_decision    action=MAINTAIN alpha=0.060060060060060066 beta=0.0 buffer=1.0 current_replicas=10 predicted_load=133.53968410720466 required_resources=8.02 target_replicas=9
2026-08-07 06:12:47 [info     ] algorithm2_decision            action=MAINTAIN applied_target=9 current_replicas=10 hold_until=0.0 observed_load=133.54 observed_target=9 point_forecasts=None prediction_age_sec=None predictive_target=9 proactive=False scenario=s3-hybrid-reactive target_replicas=9 upper_forecasts=None
2026-08-07 06:12:47 [debug    ] Decision loop completed        action=RECOVERY latency_ms=145.25 p99=14.80708125283704
2026-08-07 06:13:02 [info     ] algorithm2_scaling_decision    action=MAINTAIN alpha=0.060060060060060066 beta=0.0 buffer=1.0 current_replicas=10 predicted_load=120.02547620900498 required_resources=7.209 target_replicas=8
2026-08-07 06:13:02 [info     ] algorithm2_decision            action=MAINTAIN applied_target=8 current_replicas=10 hold_until=0.0 observed_load=120.03 observed_target=8 point_forecasts=None prediction_age_sec=None predictive_target=8 proactive=False scenario=s3-hybrid-reactive target_replicas=8 upper_forecasts=None
2026-08-07 06:13:02 [debug    ] Decision loop completed        action=MAINTAIN latency_ms=110.94 p99=14.80708125283704
2026-08-07 06:13:17 [debug    ] HAProxy fallback latency       delta_requests=1819 interval_avg_ms=68.0 max_rtime_ms=459.0 p99_est=136.0
2026-08-07 06:13:17 [info     ] Scale readiness observed       elapsed_sec=60.5 ewma_delay=32.4 samples=7 target=10
2026-08-07 06:13:17 [info     ] algorithm2_scaling_decision    action=MAINTAIN alpha=0.060060060060060066 beta=0.0 buffer=1.0 current_replicas=10 predicted_load=119.1860035473292 required_resources=7.158 target_replicas=8
2026-08-07 06:13:17 [info     ] algorithm2_decision            action=MAINTAIN applied_target=8 current_replicas=10 hold_until=0.0 observed_load=119.19 observed_target=8 point_forecasts=None prediction_age_sec=None predictive_target=8 proactive=False scenario=s3-hybrid-reactive target_replicas=8 upper_forecasts=None
2026-08-07 06:13:17 [debug    ] Decision loop completed        action=MAINTAIN latency_ms=106.61 p99=136.0
2026-08-07 06:13:32 [debug    ] HAProxy fallback latency       delta_requests=1815 interval_avg_ms=68.0 max_rtime_ms=459.0 p99_est=136.0
2026-08-07 06:13:32 [info     ] algorithm2_scaling_decision    action=MAINTAIN alpha=0.060060060060060066 beta=0.0 buffer=1.0 current_replicas=10 predicted_load=120.26260831675418 required_resources=7.223 target_replicas=8
2026-08-07 06:13:32 [info     ] algorithm2_decision            action=MAINTAIN applied_target=8 current_replicas=10 hold_until=0.0 observed_load=120.26 observed_target=8 point_forecasts=None prediction_age_sec=None predictive_target=8 proactive=False scenario=s3-hybrid-reactive target_replicas=8 upper_forecasts=None
2026-08-07 06:13:32 [debug    ] Decision loop completed        action=MAINTAIN latency_ms=107.2 p99=136.0
2026-08-07 06:13:47 [debug    ] HAProxy fallback latency       delta_requests=1784 interval_avg_ms=37.43 max_rtime_ms=459.0 p99_est=74.85
2026-08-07 06:13:48 [info     ] algorithm2_scaling_decision    action=MAINTAIN alpha=0.060060060060060066 beta=0.0 buffer=1.0 current_replicas=10 predicted_load=119.1492878932718 required_resources=7.156 target_replicas=8
2026-08-07 06:13:48 [info     ] algorithm2_decision            action=MAINTAIN applied_target=8 current_replicas=10 hold_until=0.0 observed_load=119.15 observed_target=8 point_forecasts=None prediction_age_sec=None predictive_target=8 proactive=False scenario=s3-hybrid-reactive target_replicas=8 upper_forecasts=None
2026-08-07 06:13:48 [debug    ] Decision loop completed        action=MAINTAIN latency_ms=109.54 p99=74.85313901345292
2026-08-07 06:14:03 [debug    ] HAProxy fallback latency       delta_requests=1544 interval_avg_ms=30.67 max_rtime_ms=459.0 p99_est=61.35
2026-08-07 06:14:03 [info     ] algorithm2_scaling_decision    action=SCALE_DOWN alpha=0.060060060060060066 beta=0.0 buffer=1.0 current_replicas=10 predicted_load=110.13561062836472 required_resources=6.615 target_replicas=7
2026-08-07 06:14:03 [info     ] algorithm2_decision            action=SCALE_DOWN applied_target=7 current_replicas=10 hold_until=0.0 observed_load=110.14 observed_target=7 point_forecasts=None prediction_age_sec=None predictive_target=7 proactive=False scenario=s3-hybrid-reactive target_replicas=7 upper_forecasts=None
2026-08-07 06:14:03 [info     ] k8s_scale_executed             deployment=test-app-warm replicas=7
2026-08-07 06:14:03 [debug    ] Decision loop completed        action=MAINTAIN latency_ms=150.3 p99=61.34844559585492
2026-08-07 06:14:18 [debug    ] HAProxy fallback latency       delta_requests=1256 interval_avg_ms=20.34 max_rtime_ms=459.0 p99_est=40.69
2026-08-07 06:14:18 [info     ] algorithm2_scaling_decision    action=MAINTAIN alpha=0.060060060060060066 beta=0.0 buffer=1.0 current_replicas=7 predicted_load=92.57693469562895 required_resources=5.56 target_replicas=6
2026-08-07 06:14:18 [info     ] algorithm2_decision            action=MAINTAIN applied_target=6 current_replicas=7 hold_until=0.0 observed_load=92.58 observed_target=6 point_forecasts=None prediction_age_sec=None predictive_target=6 proactive=False scenario=s3-hybrid-reactive target_replicas=6 upper_forecasts=None
2026-08-07 06:14:18 [debug    ] Decision loop completed        action=MAINTAIN latency_ms=109.23 p99=40.689490445859875
2026-08-07 06:14:33 [debug    ] HAProxy fallback latency       delta_requests=1115 interval_avg_ms=65.0 max_rtime_ms=459.0 p99_est=130.0
2026-08-07 06:14:33 [info     ] algorithm2_scaling_decision    action=SCALE_DOWN alpha=0.060060060060060066 beta=0.0 buffer=1.0 current_replicas=7 predicted_load=78.41651937665323 required_resources=4.71 target_replicas=5
2026-08-07 06:14:33 [info     ] algorithm2_decision            action=SCALE_DOWN applied_target=5 current_replicas=7 hold_until=0.0 observed_load=78.42 observed_target=5 point_forecasts=None prediction_age_sec=None predictive_target=5 proactive=False scenario=s3-hybrid-reactive target_replicas=5 upper_forecasts=None
2026-08-07 06:14:33 [debug    ] Decision loop completed        action=MAINTAIN latency_ms=106.62 p99=130.0
2026-08-07 06:14:48 [debug    ] HAProxy fallback latency       delta_requests=1044 interval_avg_ms=8.01 max_rtime_ms=459.0 p99_est=16.01
2026-08-07 06:14:48 [info     ] algorithm2_scaling_decision    action=SCALE_DOWN alpha=0.060060060060060066 beta=0.0 buffer=1.0 current_replicas=7 predicted_load=71.45101295604337 required_resources=4.291 target_replicas=5
2026-08-07 06:14:48 [info     ] algorithm2_decision            action=SCALE_DOWN applied_target=5 current_replicas=7 hold_until=0.0 observed_load=71.45 observed_target=5 point_forecasts=None prediction_age_sec=None predictive_target=5 proactive=False scenario=s3-hybrid-reactive target_replicas=5 upper_forecasts=None
2026-08-07 06:14:48 [debug    ] Decision loop completed        action=MAINTAIN latency_ms=103.96 p99=16.011494252873565
2026-08-07 06:15:03 [debug    ] HAProxy fallback latency       delta_requests=1177 interval_avg_ms=115.55 max_rtime_ms=459.0 p99_est=231.11
2026-08-07 06:15:03 [info     ] algorithm2_scaling_decision    action=SCALE_DOWN alpha=0.060060060060060066 beta=0.0 buffer=1.0 current_replicas=7 predicted_load=73.48318190476178 required_resources=4.413 target_replicas=5
2026-08-07 06:15:03 [info     ] algorithm2_decision            action=SCALE_DOWN applied_target=5 current_replicas=7 hold_until=0.0 observed_load=73.48 observed_target=5 point_forecasts=None prediction_age_sec=None predictive_target=5 proactive=False scenario=s3-hybrid-reactive target_replicas=5 upper_forecasts=None
2026-08-07 06:15:03 [debug    ] Decision loop completed        action=MAINTAIN latency_ms=106.3 p99=231.10790144435003
2026-08-07 06:15:18 [debug    ] HAProxy fallback latency       delta_requests=1328 interval_avg_ms=18.31 max_rtime_ms=459.0 p99_est=36.62
2026-08-07 06:15:18 [info     ] algorithm2_scaling_decision    action=SCALE_DOWN alpha=0.060060060060060066 beta=0.0 buffer=1.0 current_replicas=7 predicted_load=82.91879501064446 required_resources=4.98 target_replicas=5
2026-08-07 06:15:18 [info     ] algorithm2_decision            action=SCALE_DOWN applied_target=5 current_replicas=7 hold_until=0.0 observed_load=82.92 observed_target=5 point_forecasts=None prediction_age_sec=None predictive_target=5 proactive=False scenario=s3-hybrid-reactive target_replicas=5 upper_forecasts=None
2026-08-07 06:15:18 [debug    ] Decision loop completed        action=MAINTAIN latency_ms=111.17 p99=36.61596385542169
2026-08-07 06:15:33 [debug    ] HAProxy fallback latency       delta_requests=1089 interval_avg_ms=64.0 max_rtime_ms=459.0 p99_est=128.0
2026-08-07 06:15:33 [info     ] algorithm2_scaling_decision    action=SCALE_DOWN alpha=0.060060060060060066 beta=0.0 buffer=1.0 current_replicas=7 predicted_load=79.98600679627273 required_resources=4.804 target_replicas=5
2026-08-07 06:15:33 [info     ] algorithm2_decision            action=SCALE_DOWN applied_target=5 current_replicas=7 hold_until=0.0 observed_load=79.99 observed_target=5 point_forecasts=None prediction_age_sec=None predictive_target=5 proactive=False scenario=s3-hybrid-reactive target_replicas=5 upper_forecasts=None
2026-08-07 06:15:33 [debug    ] Decision loop completed        action=MAINTAIN latency_ms=109.99 p99=128.0
2026-08-07 06:15:48 [info     ] algorithm2_scaling_decision    action=SCALE_DOWN alpha=0.060060060060060066 beta=0.0 buffer=1.0 current_replicas=7 predicted_load=61.61039674399901 required_resources=3.7 target_replicas=4
2026-08-07 06:15:48 [info     ] algorithm2_decision            action=SCALE_DOWN applied_target=4 current_replicas=7 hold_until=0.0 observed_load=61.61 observed_target=4 point_forecasts=None prediction_age_sec=None predictive_target=4 proactive=False scenario=s3-hybrid-reactive target_replicas=4 upper_forecasts=None
2026-08-07 06:15:48 [debug    ] Decision loop completed        action=MAINTAIN latency_ms=108.69 p99=128.0
2026-08-07 06:16:03 [debug    ] HAProxy fallback latency       delta_requests=704 interval_avg_ms=154.72 max_rtime_ms=459.0 p99_est=309.44
2026-08-07 06:16:04 [info     ] algorithm2_scaling_decision    action=SCALE_DOWN alpha=0.060060060060060066 beta=0.0 buffer=1.0 current_replicas=7 predicted_load=48.84399800391428 required_resources=2.934 target_replicas=3
2026-08-07 06:16:04 [info     ] algorithm2_decision            action=SCALE_DOWN applied_target=3 current_replicas=7 hold_until=0.0 observed_load=48.84 observed_target=3 point_forecasts=None prediction_age_sec=None predictive_target=3 proactive=False scenario=s3-hybrid-reactive target_replicas=3 upper_forecasts=None
2026-08-07 06:16:04 [debug    ] Decision loop completed        action=MAINTAIN latency_ms=109.69 p99=309.44034090909093
2026-08-07 06:16:19 [debug    ] HAProxy fallback latency       delta_requests=692 interval_avg_ms=64.0 max_rtime_ms=459.0 p99_est=128.0
2026-08-07 06:16:19 [info     ] algorithm2_scaling_decision    action=SCALE_DOWN alpha=0.060060060060060066 beta=0.0 buffer=1.0 current_replicas=7 predicted_load=46.196758324827655 required_resources=2.775 target_replicas=3
2026-08-07 06:16:19 [info     ] algorithm2_decision            action=SCALE_DOWN applied_target=3 current_replicas=7 hold_until=0.0 observed_load=46.2 observed_target=3 point_forecasts=None prediction_age_sec=None predictive_target=3 proactive=False scenario=s3-hybrid-reactive target_replicas=3 upper_forecasts=None
2026-08-07 06:16:19 [info     ] k8s_scale_executed             deployment=test-app-warm replicas=3
2026-08-07 06:16:19 [debug    ] Decision loop completed        action=MAINTAIN latency_ms=142.09 p99=128.0
2026-08-07 06:16:34 [info     ] algorithm2_scaling_decision    action=MAINTAIN alpha=0.060060060060060066 beta=0.0 buffer=1.0 current_replicas=3 predicted_load=44.62617994007919 required_resources=2.68 target_replicas=3
2026-08-07 06:16:34 [info     ] algorithm2_decision            action=MAINTAIN applied_target=3 current_replicas=3 hold_until=0.0 observed_load=44.63 observed_target=3 point_forecasts=None prediction_age_sec=None predictive_target=3 proactive=False scenario=s3-hybrid-reactive target_replicas=3 upper_forecasts=None
2026-08-07 06:16:34 [debug    ] Decision loop completed        action=MAINTAIN latency_ms=107.25 p99=128.0
2026-08-07 06:16:49 [debug    ] HAProxy fallback latency       delta_requests=635 interval_avg_ms=167.81 max_rtime_ms=459.0 p99_est=335.62
2026-08-07 06:16:49 [info     ] algorithm2_scaling_decision    action=MAINTAIN alpha=0.060060060060060066 beta=0.0 buffer=1.0 current_replicas=3 predicted_load=42.67736688900226 required_resources=2.563 target_replicas=3
2026-08-07 06:16:49 [info     ] algorithm2_decision            action=MAINTAIN applied_target=3 current_replicas=3 hold_until=0.0 observed_load=42.68 observed_target=3 point_forecasts=None prediction_age_sec=None predictive_target=3 proactive=False scenario=s3-hybrid-reactive target_replicas=3 upper_forecasts=None
2026-08-07 06:16:49 [debug    ] Decision loop completed        action=MAINTAIN latency_ms=107.14 p99=335.62204724409446
2026-08-07 06:17:04 [debug    ] HAProxy fallback latency       delta_requests=837 interval_avg_ms=64.0 max_rtime_ms=459.0 p99_est=128.0
2026-08-07 06:17:04 [info     ] Knative pre-warm OK            cold_start_ms=3.1
2026-08-07 06:17:04 [info     ] controller_decision_v3         action=REACTIVE available_replicas=3 budget_remaining=991 burn_adjustment=0 burst_ratio=0.0984 capacity_deficit=False confidence=0 current_load=55.40366924002701 decision_id=e8d3b8a1 k8s_capacity=49.9 k8s_weight=90 knative_weight=10 p99=128.0 predicted_load=0 r_effective=16.6 serverless_enabled=True total_load=55.4 weights_after={'k3s': 90, 'knative': 10} weights_before={'k3s': 100, 'knative': 0}
2026-08-07 06:17:04 [info     ] Weights updated                k3s=90 knative=10
2026-08-07 06:17:04 [info     ] Weights updated                action=REACTIVE reason='load=55RPS | k8s_cap=50RPS | (burst-routing)' weights={'k3s': 90, 'knative': 10}
2026-08-07 06:17:04 [info     ] algorithm2_scaling_decision    action=MAINTAIN alpha=0.060060060060060066 beta=0.0 buffer=1.0 current_replicas=3 predicted_load=48.68528771782805 required_resources=2.924 target_replicas=3
2026-08-07 06:17:04 [info     ] algorithm2_decision            action=MAINTAIN applied_target=3 current_replicas=3 hold_until=0.0 observed_load=48.69 observed_target=3 point_forecasts=None prediction_age_sec=None predictive_target=3 proactive=False scenario=s3-hybrid-reactive target_replicas=3 upper_forecasts=None
2026-08-07 06:17:04 [debug    ] Decision loop completed        action=REACTIVE latency_ms=111.71 p99=128.0
2026-08-07 06:17:19 [debug    ] HAProxy fallback latency       delta_requests=1061 interval_avg_ms=128.52 max_rtime_ms=459.0 p99_est=257.03
2026-08-07 06:17:19 [info     ] controller_decision_v3         action=REACTIVE available_replicas=3 budget_remaining=990 burn_adjustment=0 burst_ratio=0.2879 capacity_deficit=False confidence=0 current_load=70.1427823205493 decision_id=d0c40a40 k8s_capacity=49.9 k8s_weight=71 knative_weight=29 p99=257.0 predicted_load=0 r_effective=16.6 serverless_enabled=True total_load=70.1 weights_after={'k3s': 71, 'knative': 29} weights_before={'k3s': 90, 'knative': 10}
2026-08-07 06:17:19 [info     ] Weights updated                k3s=71 knative=29
2026-08-07 06:17:19 [info     ] Weights updated                action=REACTIVE reason='load=70RPS | k8s_cap=50RPS | (burst-routing)' weights={'k3s': 71, 'knative': 29}
2026-08-07 06:17:19 [info     ] algorithm2_scaling_decision    action=SCALE_UP alpha=0.060060060060060066 beta=0.0 buffer=1.0 current_replicas=3 predicted_load=62.77322578028816 required_resources=3.77 target_replicas=4
2026-08-07 06:17:19 [info     ] algorithm2_decision            action=SCALE_UP applied_target=4 current_replicas=3 hold_until=0.0 observed_load=62.77 observed_target=4 point_forecasts=None prediction_age_sec=None predictive_target=4 proactive=False scenario=s3-hybrid-reactive target_replicas=4 upper_forecasts=None
2026-08-07 06:17:19 [info     ] k8s_scale_executed             deployment=test-app-warm replicas=4
2026-08-07 06:17:19 [debug    ] Decision loop completed        action=REACTIVE latency_ms=147.92 p99=257.0348727615457
2026-08-07 06:17:34 [debug    ] HAProxy fallback latency       delta_requests=1077 interval_avg_ms=65.0 max_rtime_ms=459.0 p99_est=130.0
2026-08-07 06:17:34 [info     ] controller_decision_v3         action=RECOVERY available_replicas=4 budget_remaining=990 burn_adjustment=0 burst_ratio=0.0642 capacity_deficit=False confidence=0 current_load=71.16594724647895 decision_id=d3fb9a54 k8s_capacity=66.6 k8s_weight=93 knative_weight=7 p99=130.0 predicted_load=0 r_effective=16.6 serverless_enabled=True total_load=71.2 weights_after={'k3s': 93, 'knative': 7} weights_before={'k3s': 71, 'knative': 29}
2026-08-07 06:17:34 [info     ] Weights updated                k3s=93 knative=7
2026-08-07 06:17:34 [info     ] Weights updated                action=RECOVERY reason='load=71RPS | k8s_cap=67RPS | (reducing-serverless)' weights={'k3s': 93, 'knative': 7}
2026-08-07 06:17:34 [info     ] Scale readiness observed       elapsed_sec=15.1 ewma_delay=27.3 samples=8 target=4
2026-08-07 06:17:34 [info     ] algorithm2_scaling_decision    action=SCALE_UP alpha=0.060060060060060066 beta=0.0 buffer=1.0 current_replicas=4 predicted_load=70.65436478351413 required_resources=4.244 target_replicas=5
2026-08-07 06:17:34 [info     ] algorithm2_decision            action=SCALE_UP applied_target=5 current_replicas=4 hold_until=0.0 observed_load=70.65 observed_target=5 point_forecasts=None prediction_age_sec=None predictive_target=5 proactive=False scenario=s3-hybrid-reactive target_replicas=5 upper_forecasts=None
2026-08-07 06:17:34 [info     ] k8s_scale_executed             deployment=test-app-warm replicas=5
2026-08-07 06:17:34 [debug    ] Decision loop completed        action=RECOVERY latency_ms=174.78 p99=130.0
2026-08-07 06:17:49 [debug    ] HAProxy fallback latency       delta_requests=1055 interval_avg_ms=131.91 max_rtime_ms=459.0 p99_est=263.81
2026-08-07 06:17:49 [info     ] controller_decision_v3         action=RECOVERY available_replicas=5 budget_remaining=989 burn_adjustment=0 burst_ratio=0 capacity_deficit=False confidence=0 current_load=69.45671282202626 decision_id=d04b7dc4 k8s_capacity=83.2 k8s_weight=100 knative_weight=0 p99=263.8 predicted_load=0 r_effective=16.6 serverless_enabled=False total_load=69.5 weights_after={'k3s': 100, 'knative': 0} weights_before={'k3s': 93, 'knative': 7}
2026-08-07 06:17:49 [info     ] Weights updated                k3s=100 knative=0
2026-08-07 06:17:49 [info     ] Weights updated                action=RECOVERY reason='load=69RPS | k8s_cap=83RPS | (reducing-serverless)' weights={'k3s': 100, 'knative': 0}
2026-08-07 06:17:49 [info     ] Scale readiness observed       elapsed_sec=15.1 ewma_delay=23.6 samples=9 target=5
2026-08-07 06:17:49 [info     ] algorithm2_scaling_decision    action=MAINTAIN alpha=0.060060060060060066 beta=0.0 buffer=1.0 current_replicas=5 predicted_load=70.3113300342526 required_resources=4.223 target_replicas=5
2026-08-07 06:17:49 [info     ] algorithm2_decision            action=MAINTAIN applied_target=5 current_replicas=5 hold_until=0.0 observed_load=70.31 observed_target=5 point_forecasts=None prediction_age_sec=None predictive_target=5 proactive=False scenario=s3-hybrid-reactive target_replicas=5 upper_forecasts=None
2026-08-07 06:17:49 [debug    ] Decision loop completed        action=RECOVERY latency_ms=143.28 p99=263.81042654028437
2026-08-07 06:18:05 [info     ] algorithm2_scaling_decision    action=MAINTAIN alpha=0.060060060060060066 beta=0.0 buffer=1.0 current_replicas=5 predicted_load=70.28802569859698 required_resources=4.222 target_replicas=5
2026-08-07 06:18:05 [info     ] algorithm2_decision            action=MAINTAIN applied_target=5 current_replicas=5 hold_until=0.0 observed_load=70.29 observed_target=5 point_forecasts=None prediction_age_sec=None predictive_target=5 proactive=False scenario=s3-hybrid-reactive target_replicas=5 upper_forecasts=None
2026-08-07 06:18:05 [debug    ] Decision loop completed        action=MAINTAIN latency_ms=105.35 p99=263.81042654028437
2026-08-07 06:18:20 [debug    ] HAProxy fallback latency       delta_requests=1134 interval_avg_ms=65.0 max_rtime_ms=459.0 p99_est=130.0
2026-08-07 06:18:20 [info     ] algorithm2_scaling_decision    action=MAINTAIN alpha=0.060060060060060066 beta=0.0 buffer=1.0 current_replicas=5 predicted_load=73.06456467787861 required_resources=4.388 target_replicas=5
2026-08-07 06:18:20 [info     ] algorithm2_decision            action=MAINTAIN applied_target=5 current_replicas=5 hold_until=0.0 observed_load=73.06 observed_target=5 point_forecasts=None prediction_age_sec=None predictive_target=5 proactive=False scenario=s3-hybrid-reactive target_replicas=5 upper_forecasts=None
2026-08-07 06:18:20 [debug    ] Decision loop completed        action=MAINTAIN latency_ms=105.44 p99=130.0
2026-08-07 06:18:35 [debug    ] HAProxy fallback latency       delta_requests=1401 interval_avg_ms=117.96 max_rtime_ms=459.0 p99_est=235.92
2026-08-07 06:18:35 [info     ] Knative pre-warm OK            cold_start_ms=2.3
2026-08-07 06:18:35 [info     ] controller_decision_v3         action=REACTIVE available_replicas=5 budget_remaining=987 burn_adjustment=0 burst_ratio=0.1017 capacity_deficit=False confidence=0 current_load=92.67605422182093 decision_id=e1917182 k8s_capacity=83.2 k8s_weight=89 knative_weight=11 p99=235.9 predicted_load=0 r_effective=16.6 serverless_enabled=True total_load=92.7 weights_after={'k3s': 89, 'knative': 11} weights_before={'k3s': 100, 'knative': 0}
2026-08-07 06:18:35 [info     ] Weights updated                k3s=89 knative=11
2026-08-07 06:18:35 [info     ] Weights updated                action=REACTIVE reason='load=93RPS | k8s_cap=83RPS | (burst-routing)' weights={'k3s': 89, 'knative': 11}
2026-08-07 06:18:35 [info     ] algorithm2_scaling_decision    action=SCALE_UP alpha=0.060060060060060066 beta=0.0 buffer=1.0 current_replicas=5 predicted_load=83.84292250120522 required_resources=5.036 target_replicas=6
2026-08-07 06:18:35 [info     ] algorithm2_decision            action=SCALE_UP applied_target=6 current_replicas=5 hold_until=0.0 observed_load=83.84 observed_target=6 point_forecasts=None prediction_age_sec=None predictive_target=6 proactive=False scenario=s3-hybrid-reactive target_replicas=6 upper_forecasts=None
2026-08-07 06:18:35 [info     ] k8s_scale_executed             deployment=test-app-warm replicas=6
2026-08-07 06:18:35 [debug    ] Decision loop completed        action=REACTIVE latency_ms=154.67 p99=235.91862955032119
2026-08-07 06:18:50 [debug    ] HAProxy fallback latency       delta_requests=1640 interval_avg_ms=112.24 max_rtime_ms=459.0 p99_est=224.48
2026-08-07 06:18:50 [info     ] controller_decision_v3         action=RECOVERY available_replicas=6 budget_remaining=986 burn_adjustment=0 burst_ratio=0.0774 capacity_deficit=False confidence=0 current_load=108.28382118757403 decision_id=8f718b42 k8s_capacity=99.9 k8s_weight=92 knative_weight=8 p99=224.5 predicted_load=0 r_effective=16.6 serverless_enabled=True total_load=108.3 weights_after={'k3s': 92, 'knative': 8} weights_before={'k3s': 89, 'knative': 11}
2026-08-07 06:18:50 [info     ] Weights updated                k3s=92 knative=8
2026-08-07 06:18:50 [info     ] Weights updated                action=RECOVERY reason='load=108RPS | k8s_cap=100RPS | (reducing-serverless)' weights={'k3s': 92, 'knative': 8}
2026-08-07 06:18:50 [info     ] Scale readiness observed       elapsed_sec=15.1 ewma_delay=21.1 samples=10 target=6
2026-08-07 06:18:50 [info     ] algorithm2_scaling_decision    action=SCALE_UP alpha=0.060060060060060066 beta=0.0 buffer=1.0 current_replicas=6 predicted_load=100.47993770469748 required_resources=6.035 target_replicas=7
2026-08-07 06:18:50 [info     ] algorithm2_decision            action=SCALE_UP applied_target=7 current_replicas=6 hold_until=0.0 observed_load=100.48 observed_target=7 point_forecasts=None prediction_age_sec=None predictive_target=7 proactive=False scenario=s3-hybrid-reactive target_replicas=7 upper_forecasts=None
2026-08-07 06:18:50 [info     ] k8s_scale_executed             deployment=test-app-warm replicas=7
2026-08-07 06:18:50 [debug    ] Decision loop completed        action=RECOVERY latency_ms=179.36 p99=224.48292682926828
2026-08-07 06:19:05 [debug    ] HAProxy fallback latency       delta_requests=1448 interval_avg_ms=13.63 max_rtime_ms=459.0 p99_est=27.25
2026-08-07 06:19:05 [info     ] controller_decision_v3         action=RECOVERY available_replicas=7 budget_remaining=986 burn_adjustment=0 burst_ratio=0 capacity_deficit=False confidence=0 current_load=95.39389783046835 decision_id=d8fab94c k8s_capacity=116.5 k8s_weight=100 knative_weight=0 p99=27.3 predicted_load=0 r_effective=16.6 serverless_enabled=False total_load=95.4 weights_after={'k3s': 100, 'knative': 0} weights_before={'k3s': 92, 'knative': 8}
2026-08-07 06:19:05 [info     ] Weights updated                k3s=100 knative=0
2026-08-07 06:19:05 [info     ] Weights updated                action=RECOVERY reason='load=95RPS | k8s_cap=117RPS | (reducing-serverless)' weights={'k3s': 100, 'knative': 0}
2026-08-07 06:19:05 [info     ] Scale readiness observed       elapsed_sec=15.1 ewma_delay=19.3 samples=11 target=7
2026-08-07 06:19:05 [info     ] algorithm2_scaling_decision    action=MAINTAIN alpha=0.060060060060060066 beta=0.0 buffer=1.0 current_replicas=7 predicted_load=101.83885950902119 required_resources=6.116 target_replicas=7
2026-08-07 06:19:05 [info     ] algorithm2_decision            action=MAINTAIN applied_target=7 current_replicas=7 hold_until=0.0 observed_load=101.84 observed_target=7 point_forecasts=None prediction_age_sec=None predictive_target=7 proactive=False scenario=s3-hybrid-reactive target_replicas=7 upper_forecasts=None
2026-08-07 06:19:05 [debug    ] Decision loop completed        action=RECOVERY latency_ms=145.47 p99=27.25414364640884
2026-08-07 06:19:20 [info     ] algorithm2_scaling_decision    action=MAINTAIN alpha=0.060060060060060066 beta=0.0 buffer=1.0 current_replicas=7 predicted_load=86.58523788848652 required_resources=5.2 target_replicas=6
2026-08-07 06:19:20 [info     ] algorithm2_decision            action=MAINTAIN applied_target=6 current_replicas=7 hold_until=0.0 observed_load=86.59 observed_target=6 point_forecasts=None prediction_age_sec=None predictive_target=6 proactive=False scenario=s3-hybrid-reactive target_replicas=6 upper_forecasts=None
2026-08-07 06:19:20 [debug    ] Decision loop completed        action=MAINTAIN latency_ms=113.08 p99=27.25414364640884
2026-08-07 06:19:35 [debug    ] HAProxy fallback latency       delta_requests=915 interval_avg_ms=65.0 max_rtime_ms=459.0 p99_est=130.0
2026-08-07 06:19:35 [info     ] algorithm2_scaling_decision    action=SCALE_DOWN alpha=0.060060060060060066 beta=0.0 buffer=1.0 current_replicas=7 predicted_load=69.1921097787644 required_resources=4.156 target_replicas=5
2026-08-07 06:19:35 [info     ] algorithm2_decision            action=SCALE_DOWN applied_target=5 current_replicas=7 hold_until=0.0 observed_load=69.19 observed_target=5 point_forecasts=None prediction_age_sec=None predictive_target=5 proactive=False scenario=s3-hybrid-reactive target_replicas=5 upper_forecasts=None
2026-08-07 06:19:35 [info     ] k8s_scale_executed             deployment=test-app-warm replicas=5
2026-08-07 06:19:35 [debug    ] Decision loop completed        action=MAINTAIN latency_ms=137.8 p99=130.0
2026-08-07 06:19:51 [info     ] algorithm2_scaling_decision    action=MAINTAIN alpha=0.060060060060060066 beta=0.0 buffer=1.0 current_replicas=5 predicted_load=53.22632393017648 required_resources=3.197 target_replicas=4
2026-08-07 06:19:51 [info     ] algorithm2_decision            action=MAINTAIN applied_target=4 current_replicas=5 hold_until=0.0 observed_load=53.23 observed_target=4 point_forecasts=None prediction_age_sec=None predictive_target=4 proactive=False scenario=s3-hybrid-reactive target_replicas=4 upper_forecasts=None
2026-08-07 06:19:51 [debug    ] Decision loop completed        action=MAINTAIN latency_ms=110.57 p99=130.0
2026-08-07 06:20:06 [debug    ] HAProxy fallback latency       delta_requests=657 interval_avg_ms=64.0 max_rtime_ms=459.0 p99_est=128.0
2026-08-07 06:20:06 [info     ] algorithm2_scaling_decision    action=SCALE_DOWN alpha=0.060060060060060066 beta=0.0 buffer=1.0 current_replicas=5 predicted_load=44.66316162623175 required_resources=2.682 target_replicas=3
2026-08-07 06:20:06 [info     ] algorithm2_decision            action=SCALE_DOWN applied_target=3 current_replicas=5 hold_until=0.0 observed_load=44.66 observed_target=3 point_forecasts=None prediction_age_sec=None predictive_target=3 proactive=False scenario=s3-hybrid-reactive target_replicas=3 upper_forecasts=None
2026-08-07 06:20:06 [debug    ] Decision loop completed        action=MAINTAIN latency_ms=102.72 p99=128.0
2026-08-07 06:20:21 [debug    ] HAProxy fallback latency       delta_requests=669 interval_avg_ms=64.0 max_rtime_ms=459.0 p99_est=128.0
2026-08-07 06:20:21 [info     ] algorithm2_scaling_decision    action=SCALE_DOWN alpha=0.060060060060060066 beta=0.0 buffer=1.0 current_replicas=5 predicted_load=43.854984987487626 required_resources=2.634 target_replicas=3
2026-08-07 06:20:21 [info     ] algorithm2_decision            action=SCALE_DOWN applied_target=3 current_replicas=5 hold_until=0.0 observed_load=43.85 observed_target=3 point_forecasts=None prediction_age_sec=None predictive_target=3 proactive=False scenario=s3-hybrid-reactive target_replicas=3 upper_forecasts=None
2026-08-07 06:20:21 [debug    ] Decision loop completed        action=MAINTAIN latency_ms=104.24 p99=128.0
2026-08-07 06:20:36 [debug    ] HAProxy fallback latency       delta_requests=777 interval_avg_ms=64.0 max_rtime_ms=459.0 p99_est=128.0
2026-08-07 06:20:36 [info     ] algorithm2_scaling_decision    action=SCALE_DOWN alpha=0.060060060060060066 beta=0.0 buffer=1.0 current_replicas=5 predicted_load=47.83546246276438 required_resources=2.873 target_replicas=3
2026-08-07 06:20:36 [info     ] algorithm2_decision            action=SCALE_DOWN applied_target=3 current_replicas=5 hold_until=0.0 observed_load=47.84 observed_target=3 point_forecasts=None prediction_age_sec=None predictive_target=3 proactive=False scenario=s3-hybrid-reactive target_replicas=3 upper_forecasts=None
2026-08-07 06:20:36 [debug    ] Decision loop completed        action=MAINTAIN latency_ms=103.28 p99=128.0
2026-08-07 06:20:51 [debug    ] HAProxy fallback latency       delta_requests=853 interval_avg_ms=64.0 max_rtime_ms=459.0 p99_est=128.0
2026-08-07 06:20:51 [info     ] algorithm2_scaling_decision    action=MAINTAIN alpha=0.060060060060060066 beta=0.0 buffer=1.0 current_replicas=5 predicted_load=53.95966094978466 required_resources=3.241 target_replicas=4
2026-08-07 06:20:51 [info     ] algorithm2_decision            action=MAINTAIN applied_target=4 current_replicas=5 hold_until=0.0 observed_load=53.96 observed_target=4 point_forecasts=None prediction_age_sec=None predictive_target=4 proactive=False scenario=s3-hybrid-reactive target_replicas=4 upper_forecasts=None
2026-08-07 06:20:51 [debug    ] Decision loop completed        action=MAINTAIN latency_ms=104.66 p99=128.0
2026-08-07 06:21:06 [debug    ] HAProxy fallback latency       delta_requests=713 interval_avg_ms=64.0 max_rtime_ms=459.0 p99_est=128.0
2026-08-07 06:21:06 [info     ] algorithm2_scaling_decision    action=MAINTAIN alpha=0.060060060060060066 beta=0.0 buffer=1.0 current_replicas=5 predicted_load=51.87391235532354 required_resources=3.116 target_replicas=4
2026-08-07 06:21:06 [info     ] algorithm2_decision            action=MAINTAIN applied_target=4 current_replicas=5 hold_until=0.0 observed_load=51.87 observed_target=4 point_forecasts=None prediction_age_sec=None predictive_target=4 proactive=False scenario=s3-hybrid-reactive target_replicas=4 upper_forecasts=None
2026-08-07 06:21:06 [debug    ] Decision loop completed        action=MAINTAIN latency_ms=109.55 p99=128.0
2026-08-07 06:21:21 [debug    ] HAProxy fallback latency       delta_requests=578 interval_avg_ms=64.0 max_rtime_ms=459.0 p99_est=128.0
2026-08-07 06:21:21 [info     ] algorithm2_scaling_decision    action=SCALE_DOWN alpha=0.060060060060060066 beta=0.0 buffer=1.0 current_replicas=5 predicted_load=42.76104062317249 required_resources=2.568 target_replicas=3
2026-08-07 06:21:21 [info     ] algorithm2_decision            action=SCALE_DOWN applied_target=3 current_replicas=5 hold_until=0.0 observed_load=42.76 observed_target=3 point_forecasts=None prediction_age_sec=None predictive_target=3 proactive=False scenario=s3-hybrid-reactive target_replicas=3 upper_forecasts=None
2026-08-07 06:21:21 [debug    ] Decision loop completed        action=MAINTAIN latency_ms=102.36 p99=128.0
2026-08-07 06:21:36 [debug    ] HAProxy fallback latency       delta_requests=585 interval_avg_ms=64.0 max_rtime_ms=459.0 p99_est=128.0
2026-08-07 06:21:36 [info     ] algorithm2_scaling_decision    action=SCALE_DOWN alpha=0.060060060060060066 beta=0.0 buffer=1.0 current_replicas=5 predicted_load=38.46079118544509 required_resources=2.31 target_replicas=3
2026-08-07 06:21:36 [info     ] algorithm2_decision            action=SCALE_DOWN applied_target=3 current_replicas=5 hold_until=0.0 observed_load=38.46 observed_target=3 point_forecasts=None prediction_age_sec=None predictive_target=3 proactive=False scenario=s3-hybrid-reactive target_replicas=3 upper_forecasts=None
2026-08-07 06:21:36 [info     ] k8s_scale_executed             deployment=test-app-warm replicas=3
2026-08-07 06:21:36 [debug    ] Decision loop completed        action=MAINTAIN latency_ms=145.67 p99=128.0
2026-08-07 06:21:51 [debug    ] HAProxy fallback latency       delta_requests=607 interval_avg_ms=64.0 max_rtime_ms=459.0 p99_est=128.0
2026-08-07 06:21:51 [info     ] algorithm2_scaling_decision    action=MAINTAIN alpha=0.060060060060060066 beta=0.0 buffer=1.0 current_replicas=3 predicted_load=39.4067991549568 required_resources=2.367 target_replicas=3
2026-08-07 06:21:51 [info     ] algorithm2_decision            action=MAINTAIN applied_target=3 current_replicas=3 hold_until=0.0 observed_load=39.41 observed_target=3 point_forecasts=None prediction_age_sec=None predictive_target=3 proactive=False scenario=s3-hybrid-reactive target_replicas=3 upper_forecasts=None
2026-08-07 06:21:51 [debug    ] Decision loop completed        action=MAINTAIN latency_ms=113.65 p99=128.0
2026-08-07 06:22:06 [debug    ] HAProxy fallback latency       delta_requests=630 interval_avg_ms=64.0 max_rtime_ms=459.0 p99_est=128.0
2026-08-07 06:22:07 [info     ] algorithm2_scaling_decision    action=MAINTAIN alpha=0.060060060060060066 beta=0.0 buffer=1.0 current_replicas=3 predicted_load=40.88110475843225 required_resources=2.455 target_replicas=3
2026-08-07 06:22:07 [info     ] algorithm2_decision            action=MAINTAIN applied_target=3 current_replicas=3 hold_until=0.0 observed_load=40.88 observed_target=3 point_forecasts=None prediction_age_sec=None predictive_target=3 proactive=False scenario=s3-hybrid-reactive target_replicas=3 upper_forecasts=None
2026-08-07 06:22:07 [debug    ] Decision loop completed        action=MAINTAIN latency_ms=103.75 p99=128.0
2026-08-07 06:22:22 [debug    ] HAProxy fallback latency       delta_requests=663 interval_avg_ms=64.0 max_rtime_ms=459.0 p99_est=128.0
2026-08-07 06:22:22 [info     ] algorithm2_scaling_decision    action=MAINTAIN alpha=0.060060060060060066 beta=0.0 buffer=1.0 current_replicas=3 predicted_load=42.756517957175035 required_resources=2.568 target_replicas=3
2026-08-07 06:22:22 [info     ] algorithm2_decision            action=MAINTAIN applied_target=3 current_replicas=3 hold_until=0.0 observed_load=42.76 observed_target=3 point_forecasts=None prediction_age_sec=None predictive_target=3 proactive=False scenario=s3-hybrid-reactive target_replicas=3 upper_forecasts=None
2026-08-07 06:22:22 [debug    ] Decision loop completed        action=MAINTAIN latency_ms=101.23 p99=128.0
2026-08-07 06:22:37 [debug    ] HAProxy fallback latency       delta_requests=742 interval_avg_ms=417.95 max_rtime_ms=459.0 p99_est=459.0
2026-08-07 06:22:37 [info     ] algorithm2_scaling_decision    action=MAINTAIN alpha=0.060060060060060066 beta=0.0 buffer=1.0 current_replicas=3 predicted_load=46.51486229690964 required_resources=2.794 target_replicas=3
2026-08-07 06:22:37 [info     ] algorithm2_decision            action=MAINTAIN applied_target=3 current_replicas=3 hold_until=0.0 observed_load=46.51 observed_target=3 point_forecasts=None prediction_age_sec=None predictive_target=3 proactive=False scenario=s3-hybrid-reactive target_replicas=3 upper_forecasts=None
2026-08-07 06:22:37 [debug    ] Decision loop completed        action=MAINTAIN latency_ms=104.97 p99=459.0
2026-08-07 06:22:52 [info     ] algorithm2_scaling_decision    action=MAINTAIN alpha=0.060060060060060066 beta=0.0 buffer=1.0 current_replicas=3 predicted_load=34.63047161866545 required_resources=2.08 target_replicas=3
2026-08-07 06:22:52 [info     ] algorithm2_decision            action=MAINTAIN applied_target=3 current_replicas=3 hold_until=0.0 observed_load=34.63 observed_target=3 point_forecasts=None prediction_age_sec=None predictive_target=3 proactive=False scenario=s3-hybrid-reactive target_replicas=3 upper_forecasts=None
2026-08-07 06:22:52 [debug    ] Decision loop completed        action=MAINTAIN latency_ms=104.6 p99=459.0
2026-08-07 06:23:07 [info     ] algorithm2_scaling_decision    action=MAINTAIN alpha=0.060060060060060066 beta=0.0 buffer=1.0 current_replicas=3 predicted_load=10.06268373079985 required_resources=0.604 target_replicas=3
2026-08-07 06:23:07 [info     ] algorithm2_decision            action=MAINTAIN applied_target=3 current_replicas=3 hold_until=0.0 observed_load=10.06 observed_target=3 point_forecasts=None prediction_age_sec=None predictive_target=3 proactive=False scenario=s3-hybrid-reactive target_replicas=3 upper_forecasts=None
2026-08-07 06:23:07 [debug    ] Decision loop completed        action=MAINTAIN latency_ms=102.07 p99=459.0
2026-08-07 06:23:22 [info     ] algorithm2_scaling_decision    action=MAINTAIN alpha=0.060060060060060066 beta=0.0 buffer=1.0 current_replicas=3 predicted_load=0.0 required_resources=0.0 target_replicas=3
2026-08-07 06:23:22 [info     ] algorithm2_decision            action=MAINTAIN applied_target=3 current_replicas=3 hold_until=0.0 observed_load=0.0 observed_target=3 point_forecasts=None prediction_age_sec=None predictive_target=3 proactive=False scenario=s3-hybrid-reactive target_replicas=3 upper_forecasts=None
2026-08-07 06:23:22 [debug    ] Decision loop completed        action=MAINTAIN latency_ms=110.23 p99=459.0
2026-08-07 06:23:37 [info     ] algorithm2_scaling_decision    action=MAINTAIN alpha=0.060060060060060066 beta=0.0 buffer=1.0 current_replicas=3 predicted_load=0.0 required_resources=0.0 target_replicas=3
2026-08-07 06:23:37 [info     ] algorithm2_decision            action=MAINTAIN applied_target=3 current_replicas=3 hold_until=0.0 observed_load=0.0 observed_target=3 point_forecasts=None prediction_age_sec=None predictive_target=3 proactive=False scenario=s3-hybrid-reactive target_replicas=3 upper_forecasts=None
2026-08-07 06:23:37 [debug    ] Decision loop completed        action=MAINTAIN latency_ms=102.38 p99=459.0
2026-08-07 06:23:43 [info     ] Received shutdown signal
2026-08-07 06:23:43 [info     ] Stopping routing daemon...
2026-08-07 06:23:43 [info     ] Routing daemon stopped
