2026-07-11 09:17:22 [info     ] SLOMonitor initialized         threshold_ms=200.0 violation_window=30
2026-07-11 09:17:22 [info     ] Algorithm1Controller initialized cooldown=15 weight_step=10
2026-07-11 09:17:22 [info     ] HAProxyWeightAdjuster initialized backend=servers host=localhost port=19999
2026-07-11 09:17:22 [info     ] GRUClient initialized          base_url=http://localhost:8090
2026-07-11 09:17:22 [info     ] K8sScaler initialized          deployment=test-app-warm namespace=default
2026-07-11 09:17:22 [info     ] RoutingDaemon initialized      decision_interval=15 description='Static routing to K8s cluster only' scenario=s1-k8s-only use_algorithm=False use_predictions=False
2026-07-11 09:17:22 [info     ] Starting routing daemon        interval=15 scenario=s1-k8s-only
2026-07-11 09:17:22 [info     ] Weights updated                k3s=100 knative=0
2026-07-11 09:17:22 [info     ] Initial weights applied        k3s=100 knative=0
2026-07-11 09:17:22 [error    ] HPA conflict detected — Algorithm 2 manual scaling may conflict with HPA deployment=test-app-warm hpa_name=test-app-warm
2026-07-11 09:17:22 [error    ] HPA detected — Algorithm 2 scaling may conflict with HPA
2026-07-11 09:17:22 [debug    ] Static scenario - no decision needed scenario=s1-k8s-only weights={'k3s': 100, 'knative': 0}
2026-07-11 09:17:37 [debug    ] Static scenario - no decision needed scenario=s1-k8s-only weights={'k3s': 100, 'knative': 0}
2026-07-11 09:17:52 [debug    ] Static scenario - no decision needed scenario=s1-k8s-only weights={'k3s': 100, 'knative': 0}
2026-07-11 09:18:07 [debug    ] Static scenario - no decision needed scenario=s1-k8s-only weights={'k3s': 100, 'knative': 0}
2026-07-11 09:18:22 [debug    ] Static scenario - no decision needed scenario=s1-k8s-only weights={'k3s': 100, 'knative': 0}
2026-07-11 09:18:37 [debug    ] Static scenario - no decision needed scenario=s1-k8s-only weights={'k3s': 100, 'knative': 0}
2026-07-11 09:18:52 [debug    ] Static scenario - no decision needed scenario=s1-k8s-only weights={'k3s': 100, 'knative': 0}
2026-07-11 09:19:07 [debug    ] Static scenario - no decision needed scenario=s1-k8s-only weights={'k3s': 100, 'knative': 0}
2026-07-11 09:19:22 [debug    ] Static scenario - no decision needed scenario=s1-k8s-only weights={'k3s': 100, 'knative': 0}
2026-07-11 09:19:37 [debug    ] Static scenario - no decision needed scenario=s1-k8s-only weights={'k3s': 100, 'knative': 0}
2026-07-11 09:19:52 [debug    ] Static scenario - no decision needed scenario=s1-k8s-only weights={'k3s': 100, 'knative': 0}
2026-07-11 09:20:07 [debug    ] Static scenario - no decision needed scenario=s1-k8s-only weights={'k3s': 100, 'knative': 0}
2026-07-11 09:20:22 [debug    ] Static scenario - no decision needed scenario=s1-k8s-only weights={'k3s': 100, 'knative': 0}
2026-07-11 09:20:37 [debug    ] Static scenario - no decision needed scenario=s1-k8s-only weights={'k3s': 100, 'knative': 0}
2026-07-11 09:20:52 [debug    ] Static scenario - no decision needed scenario=s1-k8s-only weights={'k3s': 100, 'knative': 0}
2026-07-11 09:21:07 [debug    ] Static scenario - no decision needed scenario=s1-k8s-only weights={'k3s': 100, 'knative': 0}
2026-07-11 09:21:23 [debug    ] Static scenario - no decision needed scenario=s1-k8s-only weights={'k3s': 100, 'knative': 0}
2026-07-11 09:21:38 [debug    ] Static scenario - no decision needed scenario=s1-k8s-only weights={'k3s': 100, 'knative': 0}
2026-07-11 09:21:53 [debug    ] Static scenario - no decision needed scenario=s1-k8s-only weights={'k3s': 100, 'knative': 0}
2026-07-11 09:22:08 [debug    ] Static scenario - no decision needed scenario=s1-k8s-only weights={'k3s': 100, 'knative': 0}
2026-07-11 09:22:23 [debug    ] Static scenario - no decision needed scenario=s1-k8s-only weights={'k3s': 100, 'knative': 0}
2026-07-11 09:22:38 [debug    ] Static scenario - no decision needed scenario=s1-k8s-only weights={'k3s': 100, 'knative': 0}
2026-07-11 09:22:53 [debug    ] Static scenario - no decision needed scenario=s1-k8s-only weights={'k3s': 100, 'knative': 0}
2026-07-11 09:23:08 [debug    ] Static scenario - no decision needed scenario=s1-k8s-only weights={'k3s': 100, 'knative': 0}
2026-07-11 09:23:23 [debug    ] Static scenario - no decision needed scenario=s1-k8s-only weights={'k3s': 100, 'knative': 0}
2026-07-11 09:23:38 [debug    ] Static scenario - no decision needed scenario=s1-k8s-only weights={'k3s': 100, 'knative': 0}
2026-07-11 09:23:53 [debug    ] Static scenario - no decision needed scenario=s1-k8s-only weights={'k3s': 100, 'knative': 0}
2026-07-11 09:24:08 [debug    ] Static scenario - no decision needed scenario=s1-k8s-only weights={'k3s': 100, 'knative': 0}
2026-07-11 09:24:23 [debug    ] Static scenario - no decision needed scenario=s1-k8s-only weights={'k3s': 100, 'knative': 0}
2026-07-11 09:24:38 [debug    ] Static scenario - no decision needed scenario=s1-k8s-only weights={'k3s': 100, 'knative': 0}
2026-07-11 09:24:53 [debug    ] Static scenario - no decision needed scenario=s1-k8s-only weights={'k3s': 100, 'knative': 0}
2026-07-11 09:25:08 [debug    ] Static scenario - no decision needed scenario=s1-k8s-only weights={'k3s': 100, 'knative': 0}
2026-07-11 09:25:23 [debug    ] Static scenario - no decision needed scenario=s1-k8s-only weights={'k3s': 100, 'knative': 0}
2026-07-11 09:25:38 [debug    ] Static scenario - no decision needed scenario=s1-k8s-only weights={'k3s': 100, 'knative': 0}
2026-07-11 09:25:53 [debug    ] Static scenario - no decision needed scenario=s1-k8s-only weights={'k3s': 100, 'knative': 0}
2026-07-11 09:26:08 [debug    ] Static scenario - no decision needed scenario=s1-k8s-only weights={'k3s': 100, 'knative': 0}
2026-07-11 09:26:23 [debug    ] Static scenario - no decision needed scenario=s1-k8s-only weights={'k3s': 100, 'knative': 0}
2026-07-11 09:26:38 [debug    ] Static scenario - no decision needed scenario=s1-k8s-only weights={'k3s': 100, 'knative': 0}
2026-07-11 09:26:53 [debug    ] Static scenario - no decision needed scenario=s1-k8s-only weights={'k3s': 100, 'knative': 0}
2026-07-11 09:27:08 [debug    ] Static scenario - no decision needed scenario=s1-k8s-only weights={'k3s': 100, 'knative': 0}
2026-07-11 09:27:23 [debug    ] Static scenario - no decision needed scenario=s1-k8s-only weights={'k3s': 100, 'knative': 0}
2026-07-11 09:27:38 [debug    ] Static scenario - no decision needed scenario=s1-k8s-only weights={'k3s': 100, 'knative': 0}
2026-07-11 09:27:54 [debug    ] Static scenario - no decision needed scenario=s1-k8s-only weights={'k3s': 100, 'knative': 0}
2026-07-11 09:28:09 [debug    ] Static scenario - no decision needed scenario=s1-k8s-only weights={'k3s': 100, 'knative': 0}
2026-07-11 09:28:24 [debug    ] Static scenario - no decision needed scenario=s1-k8s-only weights={'k3s': 100, 'knative': 0}
2026-07-11 09:28:39 [debug    ] Static scenario - no decision needed scenario=s1-k8s-only weights={'k3s': 100, 'knative': 0}
2026-07-11 09:28:54 [debug    ] Static scenario - no decision needed scenario=s1-k8s-only weights={'k3s': 100, 'knative': 0}
2026-07-11 09:29:09 [debug    ] Static scenario - no decision needed scenario=s1-k8s-only weights={'k3s': 100, 'knative': 0}
2026-07-11 09:29:24 [debug    ] Static scenario - no decision needed scenario=s1-k8s-only weights={'k3s': 100, 'knative': 0}
2026-07-11 09:29:39 [debug    ] Static scenario - no decision needed scenario=s1-k8s-only weights={'k3s': 100, 'knative': 0}
2026-07-11 09:29:54 [debug    ] Static scenario - no decision needed scenario=s1-k8s-only weights={'k3s': 100, 'knative': 0}
2026-07-11 09:30:09 [debug    ] Static scenario - no decision needed scenario=s1-k8s-only weights={'k3s': 100, 'knative': 0}
2026-07-11 09:30:24 [debug    ] Static scenario - no decision needed scenario=s1-k8s-only weights={'k3s': 100, 'knative': 0}
2026-07-11 09:30:39 [debug    ] Static scenario - no decision needed scenario=s1-k8s-only weights={'k3s': 100, 'knative': 0}
2026-07-11 09:30:54 [debug    ] Static scenario - no decision needed scenario=s1-k8s-only weights={'k3s': 100, 'knative': 0}
2026-07-11 09:31:09 [debug    ] Static scenario - no decision needed scenario=s1-k8s-only weights={'k3s': 100, 'knative': 0}
2026-07-11 09:31:24 [debug    ] Static scenario - no decision needed scenario=s1-k8s-only weights={'k3s': 100, 'knative': 0}
2026-07-11 09:31:39 [debug    ] Static scenario - no decision needed scenario=s1-k8s-only weights={'k3s': 100, 'knative': 0}
2026-07-11 09:31:54 [debug    ] Static scenario - no decision needed scenario=s1-k8s-only weights={'k3s': 100, 'knative': 0}
2026-07-11 09:32:09 [debug    ] Static scenario - no decision needed scenario=s1-k8s-only weights={'k3s': 100, 'knative': 0}
2026-07-11 09:32:24 [debug    ] Static scenario - no decision needed scenario=s1-k8s-only weights={'k3s': 100, 'knative': 0}
2026-07-11 09:32:39 [debug    ] Static scenario - no decision needed scenario=s1-k8s-only weights={'k3s': 100, 'knative': 0}
2026-07-11 09:32:54 [debug    ] Static scenario - no decision needed scenario=s1-k8s-only weights={'k3s': 100, 'knative': 0}
2026-07-11 09:33:09 [debug    ] Static scenario - no decision needed scenario=s1-k8s-only weights={'k3s': 100, 'knative': 0}
2026-07-11 09:33:24 [debug    ] Static scenario - no decision needed scenario=s1-k8s-only weights={'k3s': 100, 'knative': 0}
2026-07-11 09:33:39 [debug    ] Static scenario - no decision needed scenario=s1-k8s-only weights={'k3s': 100, 'knative': 0}
2026-07-11 09:33:54 [debug    ] Static scenario - no decision needed scenario=s1-k8s-only weights={'k3s': 100, 'knative': 0}
2026-07-11 09:34:09 [debug    ] Static scenario - no decision needed scenario=s1-k8s-only weights={'k3s': 100, 'knative': 0}
2026-07-11 09:34:25 [debug    ] Static scenario - no decision needed scenario=s1-k8s-only weights={'k3s': 100, 'knative': 0}
2026-07-11 09:34:40 [debug    ] Static scenario - no decision needed scenario=s1-k8s-only weights={'k3s': 100, 'knative': 0}
2026-07-11 09:34:55 [debug    ] Static scenario - no decision needed scenario=s1-k8s-only weights={'k3s': 100, 'knative': 0}
2026-07-11 09:35:10 [debug    ] Static scenario - no decision needed scenario=s1-k8s-only weights={'k3s': 100, 'knative': 0}
2026-07-11 09:35:25 [debug    ] Static scenario - no decision needed scenario=s1-k8s-only weights={'k3s': 100, 'knative': 0}
2026-07-11 09:35:40 [debug    ] Static scenario - no decision needed scenario=s1-k8s-only weights={'k3s': 100, 'knative': 0}
2026-07-11 09:35:55 [debug    ] Static scenario - no decision needed scenario=s1-k8s-only weights={'k3s': 100, 'knative': 0}
2026-07-11 09:36:10 [debug    ] Static scenario - no decision needed scenario=s1-k8s-only weights={'k3s': 100, 'knative': 0}
2026-07-11 09:36:25 [debug    ] Static scenario - no decision needed scenario=s1-k8s-only weights={'k3s': 100, 'knative': 0}
2026-07-11 09:36:40 [debug    ] Static scenario - no decision needed scenario=s1-k8s-only weights={'k3s': 100, 'knative': 0}
2026-07-11 09:36:55 [debug    ] Static scenario - no decision needed scenario=s1-k8s-only weights={'k3s': 100, 'knative': 0}
2026-07-11 09:37:10 [debug    ] Static scenario - no decision needed scenario=s1-k8s-only weights={'k3s': 100, 'knative': 0}
2026-07-11 09:37:25 [debug    ] Static scenario - no decision needed scenario=s1-k8s-only weights={'k3s': 100, 'knative': 0}
2026-07-11 09:37:40 [debug    ] Static scenario - no decision needed scenario=s1-k8s-only weights={'k3s': 100, 'knative': 0}
2026-07-11 09:37:55 [debug    ] Static scenario - no decision needed scenario=s1-k8s-only weights={'k3s': 100, 'knative': 0}
2026-07-11 09:38:10 [debug    ] Static scenario - no decision needed scenario=s1-k8s-only weights={'k3s': 100, 'knative': 0}
2026-07-11 09:38:25 [debug    ] Static scenario - no decision needed scenario=s1-k8s-only weights={'k3s': 100, 'knative': 0}
2026-07-11 09:38:40 [debug    ] Static scenario - no decision needed scenario=s1-k8s-only weights={'k3s': 100, 'knative': 0}
2026-07-11 09:38:54 [info     ] Received shutdown signal
2026-07-11 09:38:54 [info     ] Stopping routing daemon...
2026-07-11 09:38:54 [info     ] Routing daemon stopped
