2026-07-08 14:42:07 [info     ] SLOMonitor initialized         threshold_ms=200.0 violation_window=30
2026-07-08 14:42:07 [info     ] Algorithm1ControllerV3 initialized max_knative=50 r_saturation=66.7 target_cpu_util=0.5 total_budget=1000
2026-07-08 14:42:07 [info     ] Using V3 controller (Capacity-Driven) scenario=s3-hybrid-reactive version=v3
2026-07-08 14:42:07 [info     ] HAProxyWeightAdjuster initialized backend=servers host=localhost port=19999
2026-07-08 14:42:07 [info     ] GRUClient initialized          base_url=http://localhost:8090
2026-07-08 14:42:07 [info     ] K8sScaler initialized          deployment=test-app-warm namespace=default
2026-07-08 14:42:07 [info     ] RoutingDaemon initialized      decision_interval=15 description='Algorithm 1 reactive routing without predictions' scenario=s3-hybrid-reactive use_algorithm=True use_predictions=False
2026-07-08 14:42:07 [info     ] Starting routing daemon        interval=15 scenario=s3-hybrid-reactive
2026-07-08 14:42:07 [info     ] Weights updated                k3s=80 knative=20
2026-07-08 14:42:07 [info     ] Initial weights applied        k3s=80 knative=20
2026-07-08 14:42:08 [debug    ] HAProxy fallback primed        total_requests=0
2026-07-08 14:42:08 [info     ] algorithm2_scaling_decision    action=MAINTAIN alpha=0.014992503748125937 beta=0.0 buffer=1.2 current_replicas=3 predicted_load=0.0 required_resources=0.0 target_replicas=3
2026-07-08 14:42:08 [debug    ] Decision loop completed        action=MAINTAIN latency_ms=109.99 p99=0.0
2026-07-08 14:42:23 [info     ] algorithm2_scaling_decision    action=MAINTAIN alpha=0.014992503748125937 beta=0.0 buffer=1.2 current_replicas=3 predicted_load=0.0 required_resources=0.0 target_replicas=3
2026-07-08 14:42:23 [debug    ] Decision loop completed        action=MAINTAIN latency_ms=108.97 p99=0.0
2026-07-08 14:42:38 [info     ] algorithm2_scaling_decision    action=MAINTAIN alpha=0.014992503748125937 beta=0.0 buffer=1.2 current_replicas=3 predicted_load=0.0 required_resources=0.0 target_replicas=3
2026-07-08 14:42:38 [debug    ] Decision loop completed        action=MAINTAIN latency_ms=109.3 p99=0.0
2026-07-08 14:42:53 [debug    ] HAProxy fallback latency       delta_requests=640 interval_avg_ms=64.0 max_rtime_ms=86.0 p99_est=86.0
2026-07-08 14:42:53 [debug    ] burn_rate_adjustment           actual_burn=0.0 adjustment=-5 allowed_burn=0.83 budget_remaining=1000 burn_error=-1.0 burn_ratio=0.0
2026-07-08 14:42:53 [info     ] controller_decision_v3         action=RECOVERY available_replicas=3 budget_remaining=1000 burn_adjustment=-5 burst_ratio=0 capacity_deficit=False confidence=0 current_load=42.29251916896382 decision_id=1761069d k8s_capacity=100.1 k8s_weight=100 knative_weight=0 p99=86.0 predicted_load=0 r_effective=33.4 serverless_enabled=False total_load=42.3 weights_after={'k3s': 100, 'knative': 0} weights_before={'k3s': 80, 'knative': 20}
2026-07-08 14:42:53 [info     ] Weights updated                k3s=100 knative=0
2026-07-08 14:42:53 [info     ] Weights updated                action=RECOVERY reason='load=42RPS | k8s_cap=100RPS | (reducing-serverless)' weights={'k3s': 100, 'knative': 0}
2026-07-08 14:42:53 [info     ] algorithm2_scaling_decision    action=MAINTAIN alpha=0.014992503748125937 beta=0.0 buffer=1.2 current_replicas=3 predicted_load=21.14625958448191 required_resources=0.317 target_replicas=3
2026-07-08 14:42:53 [debug    ] Decision loop completed        action=RECOVERY latency_ms=141.01 p99=86.0
2026-07-08 14:43:08 [debug    ] HAProxy fallback latency       delta_requests=667 interval_avg_ms=64.0 max_rtime_ms=90.0 p99_est=90.0
2026-07-08 14:43:08 [debug    ] burn_rate_adjustment           actual_burn=0.0 adjustment=-6 allowed_burn=0.83 budget_remaining=1000 burn_error=-1.0 burn_ratio=0.0
2026-07-08 14:43:08 [info     ] algorithm2_scaling_decision    action=MAINTAIN alpha=0.014992503748125937 beta=0.0 buffer=1.2 current_replicas=3 predicted_load=43.139396110430674 required_resources=0.647 target_replicas=3
2026-07-08 14:43:08 [debug    ] Decision loop completed        action=MAINTAIN latency_ms=102.81 p99=90.0
2026-07-08 14:43:23 [debug    ] HAProxy fallback latency       delta_requests=715 interval_avg_ms=64.0 max_rtime_ms=113.0 p99_est=113.0
2026-07-08 14:43:23 [debug    ] burn_rate_adjustment           actual_burn=0.0 adjustment=-6 allowed_burn=0.83 budget_remaining=1000 burn_error=-1.0 burn_ratio=0.0
2026-07-08 14:43:23 [info     ] algorithm2_scaling_decision    action=MAINTAIN alpha=0.014992503748125937 beta=0.0 buffer=1.2 current_replicas=3 predicted_load=45.66392379846356 required_resources=0.685 target_replicas=3
2026-07-08 14:43:23 [debug    ] Decision loop completed        action=MAINTAIN latency_ms=112.02 p99=113.0
2026-07-08 14:43:38 [debug    ] HAProxy fallback latency       delta_requests=823 interval_avg_ms=67.46 max_rtime_ms=113.0 p99_est=113.0
2026-07-08 14:43:38 [debug    ] burn_rate_adjustment           actual_burn=0.0 adjustment=-7 allowed_burn=0.83 budget_remaining=1000 burn_error=-1.0 burn_ratio=0.0
2026-07-08 14:43:38 [info     ] algorithm2_scaling_decision    action=MAINTAIN alpha=0.014992503748125937 beta=0.0 buffer=1.2 current_replicas=3 predicted_load=50.90132772840066 required_resources=0.763 target_replicas=3
2026-07-08 14:43:38 [debug    ] Decision loop completed        action=MAINTAIN latency_ms=108.19 p99=113.0
2026-07-08 14:43:53 [debug    ] HAProxy fallback latency       delta_requests=767 interval_avg_ms=65.0 max_rtime_ms=113.0 p99_est=113.0
2026-07-08 14:43:53 [debug    ] burn_rate_adjustment           actual_burn=0.0 adjustment=-7 allowed_burn=0.83 budget_remaining=1000 burn_error=-1.0 burn_ratio=0.0
2026-07-08 14:43:53 [info     ] algorithm2_scaling_decision    action=MAINTAIN alpha=0.014992503748125937 beta=0.0 buffer=1.2 current_replicas=3 predicted_load=52.64674344279159 required_resources=0.789 target_replicas=3
2026-07-08 14:43:53 [debug    ] Decision loop completed        action=MAINTAIN latency_ms=109.84 p99=113.0
2026-07-08 14:44:08 [debug    ] HAProxy fallback latency       delta_requests=547 interval_avg_ms=65.0 max_rtime_ms=113.0 p99_est=113.0
2026-07-08 14:44:08 [debug    ] burn_rate_adjustment           actual_burn=0.0 adjustment=-7 allowed_burn=0.83 budget_remaining=1000 burn_error=-1.0 burn_ratio=0.0
2026-07-08 14:44:08 [info     ] algorithm2_scaling_decision    action=MAINTAIN alpha=0.014992503748125937 beta=0.0 buffer=1.2 current_replicas=3 predicted_load=43.516712206165764 required_resources=0.652 target_replicas=3
2026-07-08 14:44:08 [debug    ] Decision loop completed        action=MAINTAIN latency_ms=108.65 p99=113.0
2026-07-08 14:44:24 [debug    ] HAProxy fallback latency       delta_requests=411 interval_avg_ms=65.0 max_rtime_ms=113.0 p99_est=113.0
2026-07-08 14:44:24 [debug    ] burn_rate_adjustment           actual_burn=0.0 adjustment=-7 allowed_burn=0.83 budget_remaining=1000 burn_error=-1.0 burn_ratio=0.0
2026-07-08 14:44:24 [info     ] algorithm2_scaling_decision    action=MAINTAIN alpha=0.014992503748125937 beta=0.0 buffer=1.2 current_replicas=3 predicted_load=31.702261785944813 required_resources=0.475 target_replicas=3
2026-07-08 14:44:24 [debug    ] Decision loop completed        action=MAINTAIN latency_ms=107.37 p99=113.0
2026-07-08 14:44:39 [debug    ] HAProxy fallback latency       delta_requests=358 interval_avg_ms=78.77 max_rtime_ms=113.0 p99_est=113.0
2026-07-08 14:44:39 [debug    ] burn_rate_adjustment           actual_burn=0.0 adjustment=-7 allowed_burn=0.83 budget_remaining=1000 burn_error=-1.0 burn_ratio=0.0
2026-07-08 14:44:39 [info     ] algorithm2_scaling_decision    action=MAINTAIN alpha=0.014992503748125937 beta=0.0 buffer=1.2 current_replicas=3 predicted_load=25.450020896625738 required_resources=0.382 target_replicas=3
2026-07-08 14:44:39 [debug    ] Decision loop completed        action=MAINTAIN latency_ms=106.33 p99=113.0
2026-07-08 14:44:54 [debug    ] HAProxy fallback latency       delta_requests=483 interval_avg_ms=54.8 max_rtime_ms=113.0 p99_est=109.59
2026-07-08 14:44:54 [debug    ] burn_rate_adjustment           actual_burn=0.0 adjustment=-7 allowed_burn=0.83 budget_remaining=1000 burn_error=-1.0 burn_ratio=0.0
2026-07-08 14:44:54 [info     ] algorithm2_scaling_decision    action=MAINTAIN alpha=0.014992503748125937 beta=0.0 buffer=1.2 current_replicas=3 predicted_load=27.835040332833195 required_resources=0.417 target_replicas=3
2026-07-08 14:44:54 [debug    ] Decision loop completed        action=MAINTAIN latency_ms=105.49 p99=109.59420289855072
2026-07-08 14:45:09 [debug    ] HAProxy fallback latency       delta_requests=772 interval_avg_ms=65.0 max_rtime_ms=123.0 p99_est=123.0
2026-07-08 14:45:09 [debug    ] burn_rate_adjustment           actual_burn=0.0 adjustment=-7 allowed_burn=0.83 budget_remaining=1000 burn_error=-1.0 burn_ratio=0.0
2026-07-08 14:45:09 [info     ] algorithm2_scaling_decision    action=MAINTAIN alpha=0.014992503748125937 beta=0.0 buffer=1.2 current_replicas=3 predicted_load=41.5074397363555 required_resources=0.622 target_replicas=3
2026-07-08 14:45:09 [debug    ] Decision loop completed        action=MAINTAIN latency_ms=111.46 p99=123.0
2026-07-08 14:45:24 [debug    ] HAProxy fallback latency       delta_requests=813 interval_avg_ms=65.0 max_rtime_ms=123.0 p99_est=123.0
2026-07-08 14:45:24 [debug    ] burn_rate_adjustment           actual_burn=0.0 adjustment=-7 allowed_burn=0.83 budget_remaining=1000 burn_error=-1.0 burn_ratio=0.0
2026-07-08 14:45:24 [info     ] algorithm2_scaling_decision    action=MAINTAIN alpha=0.014992503748125937 beta=0.0 buffer=1.2 current_replicas=3 predicted_load=52.419234261966295 required_resources=0.786 target_replicas=3
2026-07-08 14:45:24 [debug    ] Decision loop completed        action=MAINTAIN latency_ms=111.03 p99=123.0
2026-07-08 14:45:39 [debug    ] HAProxy fallback latency       delta_requests=638 interval_avg_ms=65.0 max_rtime_ms=123.0 p99_est=123.0
2026-07-08 14:45:39 [debug    ] burn_rate_adjustment           actual_burn=0.0 adjustment=-7 allowed_burn=0.83 budget_remaining=1000 burn_error=-1.0 burn_ratio=0.0
2026-07-08 14:45:39 [info     ] algorithm2_scaling_decision    action=MAINTAIN alpha=0.014992503748125937 beta=0.0 buffer=1.2 current_replicas=3 predicted_load=48.04178101089041 required_resources=0.72 target_replicas=3
2026-07-08 14:45:39 [debug    ] Decision loop completed        action=MAINTAIN latency_ms=109.04 p99=123.0
2026-07-08 14:45:54 [debug    ] HAProxy fallback latency       delta_requests=656 interval_avg_ms=52.36 max_rtime_ms=123.0 p99_est=104.73
2026-07-08 14:45:54 [debug    ] burn_rate_adjustment           actual_burn=0.0 adjustment=-7 allowed_burn=0.83 budget_remaining=1000 burn_error=-1.0 burn_ratio=0.0
2026-07-08 14:45:54 [info     ] algorithm2_scaling_decision    action=MAINTAIN alpha=0.014992503748125937 beta=0.0 buffer=1.2 current_replicas=3 predicted_load=42.81898763244512 required_resources=0.642 target_replicas=3
2026-07-08 14:45:54 [debug    ] Decision loop completed        action=MAINTAIN latency_ms=106.72 p99=104.72560975609755
2026-07-08 14:46:09 [debug    ] HAProxy fallback latency       delta_requests=830 interval_avg_ms=64.0 max_rtime_ms=123.0 p99_est=123.0
2026-07-08 14:46:09 [debug    ] burn_rate_adjustment           actual_burn=0.0 adjustment=-7 allowed_burn=0.83 budget_remaining=1000 burn_error=-1.0 burn_ratio=0.0
2026-07-08 14:46:09 [info     ] algorithm2_scaling_decision    action=MAINTAIN alpha=0.014992503748125937 beta=0.0 buffer=1.2 current_replicas=3 predicted_load=49.14612985626089 required_resources=0.737 target_replicas=3
2026-07-08 14:46:09 [debug    ] Decision loop completed        action=MAINTAIN latency_ms=105.99 p99=123.0
2026-07-08 14:46:24 [debug    ] HAProxy fallback latency       delta_requests=915 interval_avg_ms=64.0 max_rtime_ms=123.0 p99_est=123.0
2026-07-08 14:46:24 [debug    ] burn_rate_adjustment           actual_burn=0.0 adjustment=-7 allowed_burn=0.83 budget_remaining=1000 burn_error=-1.0 burn_ratio=0.0
2026-07-08 14:46:24 [info     ] algorithm2_scaling_decision    action=MAINTAIN alpha=0.014992503748125937 beta=0.0 buffer=1.2 current_replicas=3 predicted_load=57.72295045439553 required_resources=0.865 target_replicas=3
2026-07-08 14:46:24 [debug    ] Decision loop completed        action=MAINTAIN latency_ms=107.37 p99=123.0
2026-07-08 14:46:40 [debug    ] HAProxy fallback latency       delta_requests=930 interval_avg_ms=75.79 max_rtime_ms=126.0 p99_est=126.0
2026-07-08 14:46:40 [debug    ] burn_rate_adjustment           actual_burn=0.0 adjustment=-7 allowed_burn=0.83 budget_remaining=1000 burn_error=-1.0 burn_ratio=0.0
2026-07-08 14:46:40 [info     ] algorithm2_scaling_decision    action=MAINTAIN alpha=0.014992503748125937 beta=0.0 buffer=1.2 current_replicas=3 predicted_load=61.06480780153011 required_resources=0.916 target_replicas=3
2026-07-08 14:46:40 [debug    ] Decision loop completed        action=MAINTAIN latency_ms=111.62 p99=126.0
2026-07-08 14:46:55 [debug    ] HAProxy fallback latency       delta_requests=1003 interval_avg_ms=100.8 max_rtime_ms=135.0 p99_est=135.0
2026-07-08 14:46:55 [debug    ] burn_rate_adjustment           actual_burn=0.0 adjustment=-7 allowed_burn=0.83 budget_remaining=1000 burn_error=-1.0 burn_ratio=0.0
2026-07-08 14:46:55 [info     ] algorithm2_scaling_decision    action=MAINTAIN alpha=0.014992503748125937 beta=0.0 buffer=1.2 current_replicas=3 predicted_load=63.99913900952224 required_resources=0.96 target_replicas=3
2026-07-08 14:46:55 [debug    ] Decision loop completed        action=MAINTAIN latency_ms=111.33 p99=135.0
2026-07-08 14:47:10 [debug    ] HAProxy fallback latency       delta_requests=1118 interval_avg_ms=44.59 max_rtime_ms=169.0 p99_est=89.18
2026-07-08 14:47:10 [debug    ] burn_rate_adjustment           actual_burn=0.0 adjustment=-7 allowed_burn=0.83 budget_remaining=1000 burn_error=-1.0 burn_ratio=0.0
2026-07-08 14:47:10 [info     ] algorithm2_scaling_decision    action=MAINTAIN alpha=0.014992503748125937 beta=0.0 buffer=1.2 current_replicas=3 predicted_load=70.14544627882415 required_resources=1.052 target_replicas=3
2026-07-08 14:47:10 [debug    ] Decision loop completed        action=MAINTAIN latency_ms=106.63 p99=89.18067978533095
2026-07-08 14:47:25 [debug    ] HAProxy fallback latency       delta_requests=1272 interval_avg_ms=99.86 max_rtime_ms=215.0 p99_est=199.73
2026-07-08 14:47:25 [debug    ] burn_rate_adjustment           actual_burn=0.0 adjustment=-7 allowed_burn=0.83 budget_remaining=1000 burn_error=-1.0 burn_ratio=0.0
2026-07-08 14:47:25 [info     ] algorithm2_scaling_decision    action=MAINTAIN alpha=0.014992503748125937 beta=0.0 buffer=1.2 current_replicas=3 predicted_load=79.02482983830785 required_resources=1.185 target_replicas=3
2026-07-08 14:47:25 [debug    ] Decision loop completed        action=MAINTAIN latency_ms=110.0 p99=199.72641509433961
2026-07-08 14:47:40 [debug    ] HAProxy fallback latency       delta_requests=1455 interval_avg_ms=297.23 max_rtime_ms=366.0 p99_est=366.0
2026-07-08 14:47:40 [debug    ] burn_rate_adjustment           actual_burn=0.0 adjustment=-7 allowed_burn=0.83 budget_remaining=999 burn_error=-0.996 burn_ratio=0.004
2026-07-08 14:47:40 [info     ] algorithm2_scaling_decision    action=MAINTAIN alpha=0.014992503748125937 beta=0.0 buffer=1.2 current_replicas=3 predicted_load=90.21412028736665 required_resources=1.353 target_replicas=3
2026-07-08 14:47:40 [debug    ] Decision loop completed        action=MAINTAIN latency_ms=114.52 p99=366.0
2026-07-08 14:47:55 [debug    ] HAProxy fallback latency       delta_requests=1665 interval_avg_ms=331.44 max_rtime_ms=500.0 p99_est=500.0
2026-07-08 14:47:55 [debug    ] burn_rate_adjustment           actual_burn=0.01 adjustment=-7 allowed_burn=0.83 budget_remaining=998 burn_error=-0.993 burn_ratio=0.007
2026-07-08 14:47:55 [info     ] Knative pre-warm OK            cold_start_ms=3.5
2026-07-08 14:47:55 [info     ] controller_decision_v3         action=REACTIVE available_replicas=3 budget_remaining=998 burn_adjustment=-7 burst_ratio=0.0918 capacity_deficit=False confidence=0 current_load=110.15858319432684 decision_id=201f4ab8 k8s_capacity=100.1 k8s_weight=97 knative_weight=3 p99=500.0 predicted_load=0 r_effective=33.4 serverless_enabled=True total_load=110.2 weights_after={'k3s': 97, 'knative': 3} weights_before={'k3s': 100, 'knative': 0}
2026-07-08 14:47:55 [info     ] Weights updated                k3s=97 knative=3
2026-07-08 14:47:55 [info     ] Weights updated                action=REACTIVE reason='load=110RPS | k8s_cap=100RPS | (burst-routing)' weights={'k3s': 97, 'knative': 3}
2026-07-08 14:47:55 [info     ] algorithm2_scaling_decision    action=MAINTAIN alpha=0.014992503748125937 beta=0.0 buffer=1.2 current_replicas=3 predicted_load=103.22710336886188 required_resources=1.548 target_replicas=3
2026-07-08 14:47:55 [debug    ] Decision loop completed        action=REACTIVE latency_ms=114.14 p99=500.0
2026-07-08 14:48:10 [debug    ] HAProxy fallback latency       delta_requests=1889 interval_avg_ms=328.3 max_rtime_ms=590.0 p99_est=590.0
2026-07-08 14:48:10 [debug    ] burn_rate_adjustment           actual_burn=0.01 adjustment=-7 allowed_burn=0.83 budget_remaining=997 burn_error=-0.99 burn_ratio=0.01
2026-07-08 14:48:10 [info     ] controller_decision_v3         action=REACTIVE available_replicas=3 budget_remaining=997 burn_adjustment=-7 burst_ratio=0.199 capacity_deficit=False confidence=0 current_load=124.91359005691827 decision_id=50bb4ca0 k8s_capacity=100.1 k8s_weight=87 knative_weight=13 p99=590.0 predicted_load=0 r_effective=33.4 serverless_enabled=True total_load=124.9 weights_after={'k3s': 87, 'knative': 13} weights_before={'k3s': 97, 'knative': 3}
2026-07-08 14:48:10 [info     ] Weights updated                k3s=87 knative=13
2026-07-08 14:48:10 [info     ] Weights updated                action=REACTIVE reason='load=125RPS | k8s_cap=100RPS | (burst-routing)' weights={'k3s': 87, 'knative': 13}
2026-07-08 14:48:10 [info     ] algorithm2_scaling_decision    action=MAINTAIN alpha=0.014992503748125937 beta=0.0 buffer=1.2 current_replicas=3 predicted_load=117.53608662562254 required_resources=1.762 target_replicas=3
2026-07-08 14:48:10 [debug    ] Decision loop completed        action=REACTIVE latency_ms=109.41 p99=590.0
2026-07-08 14:48:25 [debug    ] burn_rate_adjustment           actual_burn=0.01 adjustment=-7 allowed_burn=0.83 budget_remaining=996 burn_error=-0.987 burn_ratio=0.013
2026-07-08 14:48:25 [info     ] controller_decision_v3         action=RECOVERY available_replicas=3 budget_remaining=996 burn_adjustment=-7 burst_ratio=0.1236 capacity_deficit=False confidence=0 current_load=114.16369675956012 decision_id=99080112 k8s_capacity=100.1 k8s_weight=94 knative_weight=6 p99=590.0 predicted_load=0 r_effective=33.4 serverless_enabled=True total_load=114.2 weights_after={'k3s': 94, 'knative': 6} weights_before={'k3s': 87, 'knative': 13}
2026-07-08 14:48:25 [info     ] Weights updated                k3s=94 knative=6
2026-07-08 14:48:25 [info     ] Weights updated                action=RECOVERY reason='load=114RPS | k8s_cap=100RPS | (reducing-serverless)' weights={'k3s': 94, 'knative': 6}
2026-07-08 14:48:25 [info     ] algorithm2_scaling_decision    action=MAINTAIN alpha=0.014992503748125937 beta=0.0 buffer=1.2 current_replicas=3 predicted_load=119.5386434082392 required_resources=1.792 target_replicas=3
2026-07-08 14:48:25 [debug    ] Decision loop completed        action=RECOVERY latency_ms=151.89 p99=590.0
2026-07-08 14:48:40 [debug    ] burn_rate_adjustment           actual_burn=0.01 adjustment=-7 allowed_burn=0.83 budget_remaining=995 burn_error=-0.985 burn_ratio=0.015
2026-07-08 14:48:40 [info     ] controller_decision_v3         action=RECOVERY available_replicas=3 budget_remaining=995 burn_adjustment=-7 burst_ratio=0 capacity_deficit=False confidence=0 current_load=87.05225156789385 decision_id=eed08cc0 k8s_capacity=100.1 k8s_weight=100 knative_weight=0 p99=590.0 predicted_load=0 r_effective=33.4 serverless_enabled=False total_load=87.1 weights_after={'k3s': 100, 'knative': 0} weights_before={'k3s': 94, 'knative': 6}
2026-07-08 14:48:41 [info     ] Weights updated                k3s=100 knative=0
2026-07-08 14:48:41 [info     ] Weights updated                action=RECOVERY reason='load=87RPS | k8s_cap=100RPS | (reducing-serverless)' weights={'k3s': 100, 'knative': 0}
2026-07-08 14:48:41 [info     ] algorithm2_scaling_decision    action=MAINTAIN alpha=0.014992503748125937 beta=0.0 buffer=1.2 current_replicas=3 predicted_load=100.607974163727 required_resources=1.508 target_replicas=3
2026-07-08 14:48:41 [debug    ] Decision loop completed        action=RECOVERY latency_ms=147.86 p99=590.0
2026-07-08 14:48:56 [debug    ] HAProxy fallback latency       delta_requests=1132 interval_avg_ms=27.41 max_rtime_ms=590.0 p99_est=54.82
2026-07-08 14:48:56 [debug    ] burn_rate_adjustment           actual_burn=0.01 adjustment=-7 allowed_burn=0.83 budget_remaining=995 burn_error=-0.985 burn_ratio=0.015
2026-07-08 14:48:56 [info     ] algorithm2_scaling_decision    action=MAINTAIN alpha=0.014992503748125937 beta=0.0 buffer=1.2 current_replicas=3 predicted_load=80.89032567819919 required_resources=1.213 target_replicas=3
2026-07-08 14:48:56 [debug    ] Decision loop completed        action=MAINTAIN latency_ms=104.36 p99=54.81625441696113
2026-07-08 14:49:11 [debug    ] HAProxy fallback latency       delta_requests=1074 interval_avg_ms=67.0 max_rtime_ms=590.0 p99_est=134.0
2026-07-08 14:49:11 [debug    ] burn_rate_adjustment           actual_burn=0.01 adjustment=-7 allowed_burn=0.83 budget_remaining=995 burn_error=-0.986 burn_ratio=0.014
2026-07-08 14:49:11 [info     ] algorithm2_scaling_decision    action=MAINTAIN alpha=0.014992503748125937 beta=0.0 buffer=1.2 current_replicas=3 predicted_load=72.94879732951526 required_resources=1.094 target_replicas=3
2026-07-08 14:49:11 [debug    ] Decision loop completed        action=MAINTAIN latency_ms=110.11 p99=134.0
2026-07-08 14:49:26 [debug    ] HAProxy fallback latency       delta_requests=948 interval_avg_ms=13.07 max_rtime_ms=590.0 p99_est=26.14
2026-07-08 14:49:26 [debug    ] burn_rate_adjustment           actual_burn=0.01 adjustment=-7 allowed_burn=0.83 budget_remaining=995 burn_error=-0.986 burn_ratio=0.014
2026-07-08 14:49:26 [info     ] algorithm2_scaling_decision    action=MAINTAIN alpha=0.014992503748125937 beta=0.0 buffer=1.2 current_replicas=3 predicted_load=66.95602842232341 required_resources=1.004 target_replicas=3
2026-07-08 14:49:26 [debug    ] Decision loop completed        action=MAINTAIN latency_ms=98.89 p99=26.139240506329113
2026-07-08 14:49:41 [debug    ] HAProxy fallback latency       delta_requests=792 interval_avg_ms=98.28 max_rtime_ms=590.0 p99_est=196.55
2026-07-08 14:49:41 [debug    ] burn_rate_adjustment           actual_burn=0.01 adjustment=-7 allowed_burn=0.83 budget_remaining=995 burn_error=-0.987 burn_ratio=0.013
2026-07-08 14:49:41 [info     ] algorithm2_scaling_decision    action=MAINTAIN alpha=0.014992503748125937 beta=0.0 buffer=1.2 current_replicas=3 predicted_load=57.5978713073893 required_resources=0.864 target_replicas=3
2026-07-08 14:49:41 [debug    ] Decision loop completed        action=MAINTAIN latency_ms=109.75 p99=196.5530303030303
2026-07-08 14:49:56 [debug    ] HAProxy fallback latency       delta_requests=1191 interval_avg_ms=112.26 max_rtime_ms=590.0 p99_est=224.51
2026-07-08 14:49:56 [debug    ] burn_rate_adjustment           actual_burn=0.01 adjustment=-7 allowed_burn=0.83 budget_remaining=994 burn_error=-0.985 burn_ratio=0.015
2026-07-08 14:49:56 [info     ] algorithm2_scaling_decision    action=MAINTAIN alpha=0.014992503748125937 beta=0.0 buffer=1.2 current_replicas=3 predicted_load=65.57113609519887 required_resources=0.983 target_replicas=3
2026-07-08 14:49:56 [debug    ] Decision loop completed        action=MAINTAIN latency_ms=117.21 p99=224.51385390428212
2026-07-08 14:50:11 [debug    ] HAProxy fallback latency       delta_requests=1865 interval_avg_ms=1234.98 max_rtime_ms=590.0 p99_est=590.0
2026-07-08 14:50:11 [debug    ] burn_rate_adjustment           actual_burn=0.01 adjustment=-7 allowed_burn=0.83 budget_remaining=993 burn_error=-0.983 burn_ratio=0.017
2026-07-08 14:50:11 [info     ] Knative pre-warm OK            cold_start_ms=3.1
2026-07-08 14:50:11 [info     ] controller_decision_v3         action=REACTIVE available_replicas=3 budget_remaining=993 burn_adjustment=-7 burst_ratio=0.1886 capacity_deficit=False confidence=0 current_load=123.3009711751207 decision_id=6961271b k8s_capacity=100.1 k8s_weight=88 knative_weight=12 p99=590.0 predicted_load=0 r_effective=33.4 serverless_enabled=True total_load=123.3 weights_after={'k3s': 88, 'knative': 12} weights_before={'k3s': 100, 'knative': 0}
2026-07-08 14:50:11 [info     ] Weights updated                k3s=88 knative=12
2026-07-08 14:50:11 [info     ] Weights updated                action=REACTIVE reason='load=123RPS | k8s_cap=100RPS | (burst-routing)' weights={'k3s': 88, 'knative': 12}
2026-07-08 14:50:11 [info     ] algorithm2_scaling_decision    action=MAINTAIN alpha=0.014992503748125937 beta=0.0 buffer=1.2 current_replicas=3 predicted_load=100.99518136243034 required_resources=1.514 target_replicas=3
2026-07-08 14:50:11 [debug    ] Decision loop completed        action=REACTIVE latency_ms=121.77 p99=590.0
2026-07-08 14:50:26 [debug    ] burn_rate_adjustment           actual_burn=0.02 adjustment=-7 allowed_burn=0.83 budget_remaining=992 burn_error=-0.981 burn_ratio=0.019
2026-07-08 14:50:26 [info     ] controller_decision_v3         action=RECOVERY available_replicas=3 budget_remaining=992 burn_adjustment=-7 burst_ratio=0.171 capacity_deficit=False confidence=0 current_load=120.6881487421454 decision_id=dfae2501 k8s_capacity=100.1 k8s_weight=89 knative_weight=11 p99=590.0 predicted_load=0 r_effective=33.4 serverless_enabled=True total_load=120.7 weights_after={'k3s': 89, 'knative': 11} weights_before={'k3s': 88, 'knative': 12}
2026-07-08 14:50:26 [info     ] Weights updated                k3s=89 knative=11
2026-07-08 14:50:26 [info     ] Weights updated                action=RECOVERY reason='load=121RPS | k8s_cap=100RPS | (reducing-serverless)' weights={'k3s': 89, 'knative': 11}
2026-07-08 14:50:26 [info     ] algorithm2_scaling_decision    action=MAINTAIN alpha=0.014992503748125937 beta=0.0 buffer=1.2 current_replicas=3 predicted_load=121.99455995863305 required_resources=1.829 target_replicas=3
2026-07-08 14:50:26 [debug    ] Decision loop completed        action=RECOVERY latency_ms=147.23 p99=590.0
2026-07-08 14:50:41 [debug    ] burn_rate_adjustment           actual_burn=0.02 adjustment=-7 allowed_burn=0.83 budget_remaining=991 burn_error=-0.979 burn_ratio=0.021
2026-07-08 14:50:41 [info     ] controller_decision_v3         action=RECOVERY available_replicas=3 budget_remaining=991 burn_adjustment=-7 burst_ratio=0 capacity_deficit=False confidence=0 current_load=94.40515676814013 decision_id=4d62d715 k8s_capacity=100.1 k8s_weight=100 knative_weight=0 p99=590.0 predicted_load=0 r_effective=33.4 serverless_enabled=False total_load=94.4 weights_after={'k3s': 100, 'knative': 0} weights_before={'k3s': 89, 'knative': 11}
2026-07-08 14:50:41 [info     ] Weights updated                k3s=100 knative=0
2026-07-08 14:50:41 [info     ] Weights updated                action=RECOVERY reason='load=94RPS | k8s_cap=100RPS | (reducing-serverless)' weights={'k3s': 100, 'knative': 0}
2026-07-08 14:50:41 [info     ] algorithm2_scaling_decision    action=MAINTAIN alpha=0.014992503748125937 beta=0.0 buffer=1.2 current_replicas=3 predicted_load=107.54665275514276 required_resources=1.612 target_replicas=3
2026-07-08 14:50:41 [debug    ] Decision loop completed        action=RECOVERY latency_ms=139.75 p99=590.0
2026-07-08 14:50:57 [debug    ] HAProxy fallback latency       delta_requests=1232 interval_avg_ms=16.97 max_rtime_ms=590.0 p99_est=33.95
2026-07-08 14:50:57 [debug    ] burn_rate_adjustment           actual_burn=0.02 adjustment=-7 allowed_burn=0.83 budget_remaining=991 burn_error=-0.98 burn_ratio=0.02
2026-07-08 14:50:57 [info     ] algorithm2_scaling_decision    action=MAINTAIN alpha=0.014992503748125937 beta=0.0 buffer=1.2 current_replicas=3 predicted_load=87.8889305698024 required_resources=1.318 target_replicas=3
2026-07-08 14:50:57 [debug    ] Decision loop completed        action=MAINTAIN latency_ms=112.12 p99=33.94805194805195
2026-07-08 14:51:12 [debug    ] burn_rate_adjustment           actual_burn=0.02 adjustment=-7 allowed_burn=0.83 budget_remaining=991 burn_error=-0.98 burn_ratio=0.02
2026-07-08 14:51:12 [info     ] algorithm2_scaling_decision    action=MAINTAIN alpha=0.014992503748125937 beta=0.0 buffer=1.2 current_replicas=3 predicted_load=78.60361034777532 required_resources=1.178 target_replicas=3
2026-07-08 14:51:12 [debug    ] Decision loop completed        action=MAINTAIN latency_ms=108.45 p99=33.94805194805195
2026-07-08 14:51:27 [debug    ] HAProxy fallback latency       delta_requests=1482 interval_avg_ms=485.97 max_rtime_ms=590.0 p99_est=590.0
2026-07-08 14:51:27 [debug    ] burn_rate_adjustment           actual_burn=0.02 adjustment=-7 allowed_burn=0.83 budget_remaining=990 burn_error=-0.979 burn_ratio=0.021
2026-07-08 14:51:27 [info     ] algorithm2_scaling_decision    action=MAINTAIN alpha=0.014992503748125937 beta=0.0 buffer=1.2 current_replicas=3 predicted_load=86.89727583394478 required_resources=1.303 target_replicas=3
2026-07-08 14:51:27 [debug    ] Decision loop completed        action=MAINTAIN latency_ms=111.01 p99=590.0
2026-07-08 14:51:42 [debug    ] HAProxy fallback latency       delta_requests=1997 interval_avg_ms=1974.36 max_rtime_ms=731.0 p99_est=731.0
2026-07-08 14:51:42 [debug    ] burn_rate_adjustment           actual_burn=0.02 adjustment=-7 allowed_burn=0.83 budget_remaining=989 burn_error=-0.977 burn_ratio=0.023
2026-07-08 14:51:42 [info     ] Knative pre-warm OK            cold_start_ms=2.5
2026-07-08 14:51:42 [info     ] controller_decision_v3         action=REACTIVE available_replicas=3 budget_remaining=989 burn_adjustment=-7 burst_ratio=0.2429 capacity_deficit=False confidence=0 current_load=132.14503322011427 decision_id=2aad41ac k8s_capacity=100.1 k8s_weight=82 knative_weight=18 p99=731.0 predicted_load=0 r_effective=33.4 serverless_enabled=True total_load=132.1 weights_after={'k3s': 82, 'knative': 18} weights_before={'k3s': 100, 'knative': 0}
2026-07-08 14:51:42 [info     ] Weights updated                k3s=82 knative=18
2026-07-08 14:51:42 [info     ] Weights updated                action=REACTIVE reason='load=132RPS | k8s_cap=100RPS | (burst-routing)' weights={'k3s': 82, 'knative': 18}
2026-07-08 14:51:42 [info     ] algorithm2_scaling_decision    action=MAINTAIN alpha=0.014992503748125937 beta=0.0 buffer=1.2 current_replicas=3 predicted_load=115.05253428195893 required_resources=1.725 target_replicas=3
2026-07-08 14:51:42 [debug    ] Decision loop completed        action=REACTIVE latency_ms=111.95 p99=731.0
2026-07-08 14:51:57 [debug    ] burn_rate_adjustment           actual_burn=0.02 adjustment=-7 allowed_burn=0.83 budget_remaining=988 burn_error=-0.976 burn_ratio=0.024
2026-07-08 14:51:57 [info     ] controller_decision_v3         action=REACTIVE available_replicas=3 budget_remaining=988 burn_adjustment=-7 burst_ratio=0.3334 capacity_deficit=False confidence=0 current_load=150.08386821598754 decision_id=0a987d23 k8s_capacity=100.1 k8s_weight=73 knative_weight=27 p99=731.0 predicted_load=0 r_effective=33.4 serverless_enabled=True total_load=150.1 weights_after={'k3s': 73, 'knative': 27} weights_before={'k3s': 82, 'knative': 18}
2026-07-08 14:51:57 [info     ] Weights updated                k3s=73 knative=27
2026-07-08 14:51:57 [info     ] Weights updated                action=REACTIVE reason='load=150RPS | k8s_cap=100RPS | (burst-routing)' weights={'k3s': 73, 'knative': 27}
2026-07-08 14:51:57 [info     ] algorithm2_scaling_decision    action=MAINTAIN alpha=0.014992503748125937 beta=0.0 buffer=1.2 current_replicas=3 predicted_load=141.1144507180509 required_resources=2.116 target_replicas=3
2026-07-08 14:51:57 [debug    ] Decision loop completed        action=REACTIVE latency_ms=113.99 p99=731.0
2026-07-08 14:52:12 [debug    ] burn_rate_adjustment           actual_burn=0.02 adjustment=-7 allowed_burn=0.83 budget_remaining=987 burn_error=-0.974 burn_ratio=0.026
2026-07-08 14:52:12 [info     ] controller_decision_v3         action=REACTIVE available_replicas=3 budget_remaining=987 burn_adjustment=-7 burst_ratio=0.3751 capacity_deficit=False confidence=0 current_load=160.11278009932872 decision_id=8899d27d k8s_capacity=100.1 k8s_weight=69 knative_weight=31 p99=731.0 predicted_load=0 r_effective=33.4 serverless_enabled=True total_load=160.1 weights_after={'k3s': 69, 'knative': 31} weights_before={'k3s': 73, 'knative': 27}
2026-07-08 14:52:12 [info     ] Weights updated                k3s=69 knative=31
2026-07-08 14:52:12 [info     ] Weights updated                action=REACTIVE reason='load=160RPS | k8s_cap=100RPS | (burst-routing)' weights={'k3s': 69, 'knative': 31}
2026-07-08 14:52:12 [info     ] algorithm2_scaling_decision    action=MAINTAIN alpha=0.014992503748125937 beta=0.0 buffer=1.2 current_replicas=3 predicted_load=155.0983241576581 required_resources=2.325 target_replicas=3
2026-07-08 14:52:12 [debug    ] Decision loop completed        action=REACTIVE latency_ms=119.2 p99=731.0
2026-07-08 14:52:27 [debug    ] burn_rate_adjustment           actual_burn=0.02 adjustment=-7 allowed_burn=0.83 budget_remaining=986 burn_error=-0.973 burn_ratio=0.027
2026-07-08 14:52:27 [info     ] controller_decision_v3         action=RECOVERY available_replicas=3 budget_remaining=986 burn_adjustment=-7 burst_ratio=0.3143 capacity_deficit=False confidence=0 current_load=145.91099894459904 decision_id=ec59738b k8s_capacity=100.1 k8s_weight=75 knative_weight=25 p99=731.0 predicted_load=0 r_effective=33.4 serverless_enabled=True total_load=145.9 weights_after={'k3s': 75, 'knative': 25} weights_before={'k3s': 69, 'knative': 31}
2026-07-08 14:52:27 [info     ] Weights updated                k3s=75 knative=25
2026-07-08 14:52:27 [info     ] Weights updated                action=RECOVERY reason='load=146RPS | k8s_cap=100RPS | (reducing-serverless)' weights={'k3s': 75, 'knative': 25}
2026-07-08 14:52:27 [info     ] algorithm2_scaling_decision    action=MAINTAIN alpha=0.014992503748125937 beta=0.0 buffer=1.2 current_replicas=3 predicted_load=153.0118895219639 required_resources=2.294 target_replicas=3
2026-07-08 14:52:27 [debug    ] Decision loop completed        action=RECOVERY latency_ms=145.72 p99=731.0
2026-07-08 14:52:42 [debug    ] HAProxy fallback latency       delta_requests=1857 interval_avg_ms=43.54 max_rtime_ms=772.0 p99_est=87.09
2026-07-08 14:52:42 [debug    ] burn_rate_adjustment           actual_burn=0.02 adjustment=-7 allowed_burn=0.83 budget_remaining=986 burn_error=-0.974 burn_ratio=0.026
2026-07-08 14:52:42 [info     ] controller_decision_v3         action=RECOVERY available_replicas=3 budget_remaining=986 burn_adjustment=-7 burst_ratio=0.1844 capacity_deficit=False confidence=0 current_load=122.67494190504785 decision_id=c3181684 k8s_capacity=100.1 k8s_weight=88 knative_weight=12 p99=87.1 predicted_load=0 r_effective=33.4 serverless_enabled=True total_load=122.7 weights_after={'k3s': 88, 'knative': 12} weights_before={'k3s': 75, 'knative': 25}
2026-07-08 14:52:42 [info     ] Weights updated                k3s=88 knative=12
2026-07-08 14:52:42 [info     ] Weights updated                action=RECOVERY reason='load=123RPS | k8s_cap=100RPS | (reducing-serverless)' weights={'k3s': 88, 'knative': 12}
2026-07-08 14:52:42 [info     ] algorithm2_scaling_decision    action=MAINTAIN alpha=0.014992503748125937 beta=0.0 buffer=1.2 current_replicas=3 predicted_load=134.29297042482344 required_resources=2.013 target_replicas=3
2026-07-08 14:52:42 [debug    ] Decision loop completed        action=RECOVERY latency_ms=144.68 p99=87.08777598276791
2026-07-08 14:52:58 [debug    ] HAProxy fallback latency       delta_requests=1786 interval_avg_ms=122.94 max_rtime_ms=772.0 p99_est=245.87
2026-07-08 14:52:58 [debug    ] burn_rate_adjustment           actual_burn=0.02 adjustment=-7 allowed_burn=0.83 budget_remaining=985 burn_error=-0.972 burn_ratio=0.028
2026-07-08 14:52:58 [info     ] controller_decision_v3         action=RECOVERY available_replicas=3 budget_remaining=985 burn_adjustment=-7 burst_ratio=0.1516 capacity_deficit=False confidence=0 current_load=117.9245087822746 decision_id=2145f424 k8s_capacity=100.1 k8s_weight=91 knative_weight=9 p99=245.9 predicted_load=0 r_effective=33.4 serverless_enabled=True total_load=117.9 weights_after={'k3s': 91, 'knative': 9} weights_before={'k3s': 88, 'knative': 12}
2026-07-08 14:52:58 [info     ] Weights updated                k3s=91 knative=9
2026-07-08 14:52:58 [info     ] Weights updated                action=RECOVERY reason='load=118RPS | k8s_cap=100RPS | (reducing-serverless)' weights={'k3s': 91, 'knative': 9}
2026-07-08 14:52:58 [info     ] algorithm2_scaling_decision    action=MAINTAIN alpha=0.014992503748125937 beta=0.0 buffer=1.2 current_replicas=3 predicted_load=120.29972534366122 required_resources=1.804 target_replicas=3
2026-07-08 14:52:58 [debug    ] Decision loop completed        action=RECOVERY latency_ms=148.35 p99=245.87234042553192
2026-07-08 14:53:13 [debug    ] HAProxy fallback latency       delta_requests=1823 interval_avg_ms=488.66 max_rtime_ms=772.0 p99_est=772.0
2026-07-08 14:53:13 [debug    ] burn_rate_adjustment           actual_burn=0.02 adjustment=-7 allowed_burn=0.83 budget_remaining=984 burn_error=-0.971 burn_ratio=0.029
2026-07-08 14:53:13 [info     ] controller_decision_v3         action=REACTIVE available_replicas=3 budget_remaining=984 burn_adjustment=-7 burst_ratio=0.1681 capacity_deficit=False confidence=0 current_load=120.27386806985987 decision_id=043acbef k8s_capacity=100.1 k8s_weight=90 knative_weight=10 p99=772.0 predicted_load=0 r_effective=33.4 serverless_enabled=True total_load=120.3 weights_after={'k3s': 90, 'knative': 10} weights_before={'k3s': 91, 'knative': 9}
2026-07-08 14:53:13 [info     ] Weights updated                k3s=90 knative=10
2026-07-08 14:53:13 [info     ] Weights updated                action=REACTIVE reason='load=120RPS | k8s_cap=100RPS | (burst-routing)' weights={'k3s': 90, 'knative': 10}
2026-07-08 14:53:13 [info     ] algorithm2_scaling_decision    action=MAINTAIN alpha=0.014992503748125937 beta=0.0 buffer=1.2 current_replicas=3 predicted_load=119.09918842606723 required_resources=1.786 target_replicas=3
2026-07-08 14:53:13 [debug    ] Decision loop completed        action=REACTIVE latency_ms=110.71 p99=772.0
2026-07-08 14:53:28 [debug    ] HAProxy fallback latency       delta_requests=1816 interval_avg_ms=85.0 max_rtime_ms=772.0 p99_est=170.0
2026-07-08 14:53:28 [debug    ] burn_rate_adjustment           actual_burn=0.02 adjustment=-7 allowed_burn=0.83 budget_remaining=984 burn_error=-0.972 burn_ratio=0.028
2026-07-08 14:53:28 [info     ] algorithm2_scaling_decision    action=MAINTAIN alpha=0.014992503748125937 beta=0.0 buffer=1.2 current_replicas=3 predicted_load=120.2599885549696 required_resources=1.803 target_replicas=3
2026-07-08 14:53:28 [debug    ] Decision loop completed        action=MAINTAIN latency_ms=111.21 p99=170.0
2026-07-08 14:53:43 [debug    ] burn_rate_adjustment           actual_burn=0.02 adjustment=-7 allowed_burn=0.83 budget_remaining=984 burn_error=-0.972 burn_ratio=0.028
2026-07-08 14:53:43 [info     ] controller_decision_v3         action=RECOVERY available_replicas=3 budget_remaining=984 burn_adjustment=-7 burst_ratio=0.1544 capacity_deficit=False confidence=0 current_load=118.32191230684809 decision_id=e8b09822 k8s_capacity=100.1 k8s_weight=91 knative_weight=9 p99=170.0 predicted_load=0 r_effective=33.4 serverless_enabled=True total_load=118.3 weights_after={'k3s': 91, 'knative': 9} weights_before={'k3s': 90, 'knative': 10}
2026-07-08 14:53:43 [info     ] Weights updated                k3s=91 knative=9
2026-07-08 14:53:43 [info     ] Weights updated                action=RECOVERY reason='load=118RPS | k8s_cap=100RPS | (reducing-serverless)' weights={'k3s': 91, 'knative': 9}
2026-07-08 14:53:43 [info     ] algorithm2_scaling_decision    action=MAINTAIN alpha=0.014992503748125937 beta=0.0 buffer=1.2 current_replicas=3 predicted_load=119.28401067346371 required_resources=1.788 target_replicas=3
2026-07-08 14:53:43 [debug    ] Decision loop completed        action=RECOVERY latency_ms=148.73 p99=170.0
2026-07-08 14:53:58 [debug    ] burn_rate_adjustment           actual_burn=0.02 adjustment=-7 allowed_burn=0.83 budget_remaining=984 burn_error=-0.973 burn_ratio=0.027
2026-07-08 14:53:58 [info     ] controller_decision_v3         action=RECOVERY available_replicas=3 budget_remaining=984 burn_adjustment=-7 burst_ratio=0.0272 capacity_deficit=False confidence=0 current_load=102.84552758980554 decision_id=9e6aff3f k8s_capacity=100.1 k8s_weight=100 knative_weight=0 p99=170.0 predicted_load=0 r_effective=33.4 serverless_enabled=False total_load=102.8 weights_after={'k3s': 100, 'knative': 0} weights_before={'k3s': 91, 'knative': 9}
2026-07-08 14:53:58 [info     ] Weights updated                k3s=100 knative=0
2026-07-08 14:53:58 [info     ] Weights updated                action=RECOVERY reason='load=103RPS | k8s_cap=100RPS | (reducing-serverless)' weights={'k3s': 100, 'knative': 0}
2026-07-08 14:53:58 [info     ] algorithm2_scaling_decision    action=MAINTAIN alpha=0.014992503748125937 beta=0.0 buffer=1.2 current_replicas=3 predicted_load=110.58371994832682 required_resources=1.658 target_replicas=3
2026-07-08 14:53:58 [debug    ] Decision loop completed        action=RECOVERY latency_ms=150.96 p99=170.0
2026-07-08 14:54:13 [debug    ] HAProxy fallback latency       delta_requests=1262 interval_avg_ms=25.59 max_rtime_ms=772.0 p99_est=51.18
2026-07-08 14:54:13 [debug    ] burn_rate_adjustment           actual_burn=0.02 adjustment=-7 allowed_burn=0.83 budget_remaining=984 burn_error=-0.974 burn_ratio=0.026
2026-07-08 14:54:13 [info     ] algorithm2_scaling_decision    action=MAINTAIN alpha=0.014992503748125937 beta=0.0 buffer=1.2 current_replicas=3 predicted_load=93.10216491764106 required_resources=1.396 target_replicas=3
2026-07-08 14:54:13 [debug    ] Decision loop completed        action=MAINTAIN latency_ms=102.11 p99=51.1838351822504
2026-07-08 14:54:28 [debug    ] burn_rate_adjustment           actual_burn=0.02 adjustment=-7 allowed_burn=0.83 budget_remaining=984 burn_error=-0.974 burn_ratio=0.026
2026-07-08 14:54:28 [info     ] algorithm2_scaling_decision    action=MAINTAIN alpha=0.014992503748125937 beta=0.0 buffer=1.2 current_replicas=3 predicted_load=78.72724027737974 required_resources=1.18 target_replicas=3
2026-07-08 14:54:28 [debug    ] Decision loop completed        action=MAINTAIN latency_ms=107.01 p99=51.1838351822504
2026-07-08 14:54:43 [debug    ] HAProxy fallback latency       delta_requests=1043 interval_avg_ms=67.0 max_rtime_ms=772.0 p99_est=134.0
2026-07-08 14:54:43 [debug    ] burn_rate_adjustment           actual_burn=0.02 adjustment=-7 allowed_burn=0.83 budget_remaining=984 burn_error=-0.975 burn_ratio=0.025
2026-07-08 14:54:43 [info     ] algorithm2_scaling_decision    action=MAINTAIN alpha=0.014992503748125937 beta=0.0 buffer=1.2 current_replicas=3 predicted_load=71.56776522211112 required_resources=1.073 target_replicas=3
2026-07-08 14:54:43 [debug    ] Decision loop completed        action=MAINTAIN latency_ms=113.73 p99=134.0
2026-07-08 14:54:58 [debug    ] HAProxy fallback latency       delta_requests=1171 interval_avg_ms=118.78 max_rtime_ms=772.0 p99_est=237.57
2026-07-08 14:54:59 [debug    ] burn_rate_adjustment           actual_burn=0.02 adjustment=-7 allowed_burn=0.83 budget_remaining=983 burn_error=-0.974 burn_ratio=0.026
2026-07-08 14:54:59 [info     ] algorithm2_scaling_decision    action=MAINTAIN alpha=0.014992503748125937 beta=0.0 buffer=1.2 current_replicas=3 predicted_load=73.25986152680781 required_resources=1.098 target_replicas=3
2026-07-08 14:54:59 [debug    ] Decision loop completed        action=MAINTAIN latency_ms=110.32 p99=237.56618274978652
2026-07-08 14:55:14 [debug    ] HAProxy fallback latency       delta_requests=1329 interval_avg_ms=394.39 max_rtime_ms=772.0 p99_est=772.0
2026-07-08 14:55:14 [debug    ] burn_rate_adjustment           actual_burn=0.02 adjustment=-7 allowed_burn=0.83 budget_remaining=982 burn_error=-0.973 burn_ratio=0.027
2026-07-08 14:55:14 [info     ] algorithm2_scaling_decision    action=MAINTAIN alpha=0.014992503748125937 beta=0.0 buffer=1.2 current_replicas=3 predicted_load=82.71618232343806 required_resources=1.24 target_replicas=3
2026-07-08 14:55:14 [debug    ] Decision loop completed        action=MAINTAIN latency_ms=108.1 p99=772.0
2026-07-08 14:55:29 [debug    ] burn_rate_adjustment           actual_burn=0.02 adjustment=-7 allowed_burn=0.83 budget_remaining=981 burn_error=-0.972 burn_ratio=0.028
2026-07-08 14:55:29 [info     ] algorithm2_scaling_decision    action=MAINTAIN alpha=0.014992503748125937 beta=0.0 buffer=1.2 current_replicas=3 predicted_load=80.34825834485173 required_resources=1.205 target_replicas=3
2026-07-08 14:55:29 [debug    ] Decision loop completed        action=MAINTAIN latency_ms=108.39 p99=772.0
2026-07-08 14:55:44 [debug    ] burn_rate_adjustment           actual_burn=0.02 adjustment=-7 allowed_burn=0.83 budget_remaining=980 burn_error=-0.971 burn_ratio=0.029
2026-07-08 14:55:44 [info     ] algorithm2_scaling_decision    action=MAINTAIN alpha=0.014992503748125937 beta=0.0 buffer=1.2 current_replicas=3 predicted_load=62.184761369490246 required_resources=0.932 target_replicas=3
2026-07-08 14:55:44 [debug    ] Decision loop completed        action=MAINTAIN latency_ms=105.2 p99=772.0
2026-07-08 14:55:59 [debug    ] burn_rate_adjustment           actual_burn=0.03 adjustment=-7 allowed_burn=0.83 budget_remaining=979 burn_error=-0.97 burn_ratio=0.03
2026-07-08 14:55:59 [info     ] algorithm2_scaling_decision    action=MAINTAIN alpha=0.014992503748125937 beta=0.0 buffer=1.2 current_replicas=3 predicted_load=49.082018474728784 required_resources=0.736 target_replicas=3
2026-07-08 14:55:59 [debug    ] Decision loop completed        action=MAINTAIN latency_ms=110.73 p99=772.0
2026-07-08 14:56:14 [debug    ] HAProxy fallback latency       delta_requests=693 interval_avg_ms=64.0 max_rtime_ms=772.0 p99_est=128.0
2026-07-08 14:56:14 [debug    ] burn_rate_adjustment           actual_burn=0.02 adjustment=-7 allowed_burn=0.83 budget_remaining=979 burn_error=-0.97 burn_ratio=0.03
2026-07-08 14:56:14 [info     ] algorithm2_scaling_decision    action=MAINTAIN alpha=0.014992503748125937 beta=0.0 buffer=1.2 current_replicas=3 predicted_load=46.19949551917672 required_resources=0.693 target_replicas=3
2026-07-08 14:56:14 [debug    ] Decision loop completed        action=MAINTAIN latency_ms=105.08 p99=128.0
2026-07-08 14:56:29 [debug    ] HAProxy fallback latency       delta_requests=655 interval_avg_ms=64.0 max_rtime_ms=772.0 p99_est=128.0
2026-07-08 14:56:29 [debug    ] burn_rate_adjustment           actual_burn=0.02 adjustment=-7 allowed_burn=0.83 budget_remaining=979 burn_error=-0.971 burn_ratio=0.029
2026-07-08 14:56:29 [info     ] algorithm2_scaling_decision    action=MAINTAIN alpha=0.014992503748125937 beta=0.0 buffer=1.2 current_replicas=3 predicted_load=44.61166781367319 required_resources=0.669 target_replicas=3
2026-07-08 14:56:29 [debug    ] Decision loop completed        action=MAINTAIN latency_ms=110.36 p99=128.0
2026-07-08 14:56:44 [debug    ] HAProxy fallback latency       delta_requests=632 interval_avg_ms=64.0 max_rtime_ms=772.0 p99_est=128.0
2026-07-08 14:56:44 [debug    ] burn_rate_adjustment           actual_burn=0.02 adjustment=-7 allowed_burn=0.83 budget_remaining=979 burn_error=-0.971 burn_ratio=0.029
2026-07-08 14:56:44 [info     ] algorithm2_scaling_decision    action=MAINTAIN alpha=0.014992503748125937 beta=0.0 buffer=1.2 current_replicas=3 predicted_load=42.59424916392763 required_resources=0.639 target_replicas=3
2026-07-08 14:56:44 [debug    ] Decision loop completed        action=MAINTAIN latency_ms=104.86 p99=128.0
2026-07-08 14:56:59 [debug    ] HAProxy fallback latency       delta_requests=829 interval_avg_ms=145.25 max_rtime_ms=772.0 p99_est=290.5
2026-07-08 14:56:59 [debug    ] burn_rate_adjustment           actual_burn=0.02 adjustment=-7 allowed_burn=0.83 budget_remaining=978 burn_error=-0.97 burn_ratio=0.03
2026-07-08 14:56:59 [info     ] algorithm2_scaling_decision    action=MAINTAIN alpha=0.014992503748125937 beta=0.0 buffer=1.2 current_replicas=3 predicted_load=48.32138473233211 required_resources=0.724 target_replicas=3
2026-07-08 14:56:59 [debug    ] Decision loop completed        action=MAINTAIN latency_ms=118.3 p99=290.5018094089264
2026-07-08 14:57:14 [debug    ] HAProxy fallback latency       delta_requests=1057 interval_avg_ms=129.72 max_rtime_ms=772.0 p99_est=259.45
2026-07-08 14:57:15 [debug    ] burn_rate_adjustment           actual_burn=0.03 adjustment=-7 allowed_burn=0.83 budget_remaining=977 burn_error=-0.97 burn_ratio=0.03
2026-07-08 14:57:15 [info     ] algorithm2_scaling_decision    action=MAINTAIN alpha=0.014992503748125937 beta=0.0 buffer=1.2 current_replicas=3 predicted_load=62.36509048144163 required_resources=0.935 target_replicas=3
2026-07-08 14:57:15 [debug    ] Decision loop completed        action=MAINTAIN latency_ms=105.46 p99=259.4493850520341
2026-07-08 14:57:30 [debug    ] HAProxy fallback latency       delta_requests=1075 interval_avg_ms=130.64 max_rtime_ms=772.0 p99_est=261.28
2026-07-08 14:57:30 [debug    ] burn_rate_adjustment           actual_burn=0.03 adjustment=-7 allowed_burn=0.83 budget_remaining=976 burn_error=-0.969 burn_ratio=0.031
2026-07-08 14:57:30 [info     ] algorithm2_scaling_decision    action=MAINTAIN alpha=0.014992503748125937 beta=0.0 buffer=1.2 current_replicas=3 predicted_load=70.53955120075452 required_resources=1.058 target_replicas=3
2026-07-08 14:57:30 [debug    ] Decision loop completed        action=MAINTAIN latency_ms=107.48 p99=261.28186046511627
2026-07-08 14:57:45 [debug    ] burn_rate_adjustment           actual_burn=0.03 adjustment=-7 allowed_burn=0.83 budget_remaining=975 burn_error=-0.968 burn_ratio=0.032
2026-07-08 14:57:45 [info     ] algorithm2_scaling_decision    action=MAINTAIN alpha=0.014992503748125937 beta=0.0 buffer=1.2 current_replicas=3 predicted_load=70.33407351234291 required_resources=1.054 target_replicas=3
2026-07-08 14:57:45 [debug    ] Decision loop completed        action=MAINTAIN latency_ms=108.18 p99=261.28186046511627
2026-07-08 14:58:00 [debug    ] HAProxy fallback latency       delta_requests=1071 interval_avg_ms=132.86 max_rtime_ms=772.0 p99_est=265.73
2026-07-08 14:58:00 [debug    ] burn_rate_adjustment           actual_burn=0.03 adjustment=-7 allowed_burn=0.83 budget_remaining=974 burn_error=-0.967 burn_ratio=0.033
2026-07-08 14:58:00 [info     ] algorithm2_scaling_decision    action=MAINTAIN alpha=0.014992503748125937 beta=0.0 buffer=1.2 current_replicas=3 predicted_load=70.195608290827 required_resources=1.052 target_replicas=3
2026-07-08 14:58:00 [debug    ] Decision loop completed        action=MAINTAIN latency_ms=113.12 p99=265.72549019607845
2026-07-08 14:58:15 [debug    ] HAProxy fallback latency       delta_requests=1127 interval_avg_ms=131.54 max_rtime_ms=772.0 p99_est=263.08
2026-07-08 14:58:15 [debug    ] burn_rate_adjustment           actual_burn=0.03 adjustment=-7 allowed_burn=0.83 budget_remaining=973 burn_error=-0.967 burn_ratio=0.033
2026-07-08 14:58:15 [info     ] algorithm2_scaling_decision    action=MAINTAIN alpha=0.014992503748125937 beta=0.0 buffer=1.2 current_replicas=3 predicted_load=72.72639025570265 required_resources=1.09 target_replicas=3
2026-07-08 14:58:15 [debug    ] Decision loop completed        action=MAINTAIN latency_ms=110.32 p99=263.0807453416149
2026-07-08 14:58:30 [debug    ] HAProxy fallback latency       delta_requests=1389 interval_avg_ms=1242.06 max_rtime_ms=772.0 p99_est=772.0
2026-07-08 14:58:30 [debug    ] burn_rate_adjustment           actual_burn=0.03 adjustment=-7 allowed_burn=0.83 budget_remaining=972 burn_error=-0.966 burn_ratio=0.034
2026-07-08 14:58:30 [info     ] algorithm2_scaling_decision    action=MAINTAIN alpha=0.014992503748125937 beta=0.0 buffer=1.2 current_replicas=3 predicted_load=83.21368774569565 required_resources=1.248 target_replicas=3
2026-07-08 14:58:30 [debug    ] Decision loop completed        action=MAINTAIN latency_ms=114.48 p99=772.0
2026-07-08 14:58:45 [debug    ] HAProxy fallback latency       delta_requests=1635 interval_avg_ms=4121.32 max_rtime_ms=772.0 p99_est=772.0
2026-07-08 14:58:45 [debug    ] burn_rate_adjustment           actual_burn=0.03 adjustment=-7 allowed_burn=0.83 budget_remaining=971 burn_error=-0.965 burn_ratio=0.035
2026-07-08 14:58:45 [info     ] Knative pre-warm OK            cold_start_ms=2.9
2026-07-08 14:58:45 [info     ] controller_decision_v3         action=REACTIVE available_replicas=3 budget_remaining=971 burn_adjustment=-7 burst_ratio=0.0751 capacity_deficit=False confidence=0 current_load=108.16919323503788 decision_id=8a188abe k8s_capacity=100.1 k8s_weight=99 knative_weight=1 p99=772.0 predicted_load=0 r_effective=33.4 serverless_enabled=True total_load=108.2 weights_after={'k3s': 99, 'knative': 1} weights_before={'k3s': 100, 'knative': 0}
2026-07-08 14:58:45 [info     ] Weights updated                k3s=99 knative=1
2026-07-08 14:58:45 [info     ] Weights updated                action=REACTIVE reason='load=108RPS | k8s_cap=100RPS | (burst-routing)' weights={'k3s': 99, 'knative': 1}
2026-07-08 14:58:45 [info     ] algorithm2_scaling_decision    action=MAINTAIN alpha=0.014992503748125937 beta=0.0 buffer=1.2 current_replicas=3 predicted_load=100.0164660542002 required_resources=1.499 target_replicas=3
2026-07-08 14:58:45 [debug    ] Decision loop completed        action=REACTIVE latency_ms=114.13 p99=772.0
2026-07-08 14:59:00 [debug    ] burn_rate_adjustment           actual_burn=0.03 adjustment=-7 allowed_burn=0.83 budget_remaining=970 burn_error=-0.964 burn_ratio=0.036
2026-07-08 14:59:00 [info     ] controller_decision_v3         action=RECOVERY available_replicas=3 budget_remaining=970 burn_adjustment=-7 burst_ratio=0 capacity_deficit=False confidence=0 current_load=96.20433288774645 decision_id=6575e31e k8s_capacity=100.1 k8s_weight=100 knative_weight=0 p99=772.0 predicted_load=0 r_effective=33.4 serverless_enabled=False total_load=96.2 weights_after={'k3s': 100, 'knative': 0} weights_before={'k3s': 99, 'knative': 1}
2026-07-08 14:59:00 [info     ] Weights updated                k3s=100 knative=0
2026-07-08 14:59:00 [info     ] Weights updated                action=RECOVERY reason='load=96RPS | k8s_cap=100RPS | (reducing-serverless)' weights={'k3s': 100, 'knative': 0}
2026-07-08 14:59:00 [info     ] algorithm2_scaling_decision    action=MAINTAIN alpha=0.014992503748125937 beta=0.0 buffer=1.2 current_replicas=3 predicted_load=102.18676306139216 required_resources=1.532 target_replicas=3
2026-07-08 14:59:00 [debug    ] Decision loop completed        action=RECOVERY latency_ms=137.66 p99=772.0
2026-07-08 14:59:15 [debug    ] burn_rate_adjustment           actual_burn=0.03 adjustment=-7 allowed_burn=0.83 budget_remaining=969 burn_error=-0.964 burn_ratio=0.036
2026-07-08 14:59:15 [info     ] algorithm2_scaling_decision    action=MAINTAIN alpha=0.014992503748125937 beta=0.0 buffer=1.2 current_replicas=3 predicted_load=87.4402708595325 required_resources=1.311 target_replicas=3
2026-07-08 14:59:15 [debug    ] Decision loop completed        action=MAINTAIN latency_ms=111.68 p99=772.0
2026-07-08 14:59:31 [debug    ] burn_rate_adjustment           actual_burn=0.03 adjustment=-7 allowed_burn=0.83 budget_remaining=968 burn_error=-0.963 burn_ratio=0.037
2026-07-08 14:59:31 [info     ] algorithm2_scaling_decision    action=MAINTAIN alpha=0.014992503748125937 beta=0.0 buffer=1.2 current_replicas=3 predicted_load=70.07740129802681 required_resources=1.051 target_replicas=3
2026-07-08 14:59:31 [debug    ] Decision loop completed        action=MAINTAIN latency_ms=105.72 p99=772.0
2026-07-08 14:59:46 [debug    ] burn_rate_adjustment           actual_burn=0.03 adjustment=-7 allowed_burn=0.83 budget_remaining=967 burn_error=-0.963 burn_ratio=0.037
2026-07-08 14:59:46 [info     ] algorithm2_scaling_decision    action=MAINTAIN alpha=0.014992503748125937 beta=0.0 buffer=1.2 current_replicas=3 predicted_load=53.841562323436364 required_resources=0.807 target_replicas=3
2026-07-08 14:59:46 [debug    ] Decision loop completed        action=MAINTAIN latency_ms=103.8 p99=772.0
2026-07-08 15:00:01 [debug    ] burn_rate_adjustment           actual_burn=0.03 adjustment=-7 allowed_burn=0.83 budget_remaining=966 burn_error=-0.962 burn_ratio=0.038
2026-07-08 15:00:01 [info     ] algorithm2_scaling_decision    action=MAINTAIN alpha=0.014992503748125937 beta=0.0 buffer=1.2 current_replicas=3 predicted_load=44.851597501313634 required_resources=0.672 target_replicas=3
2026-07-08 15:00:01 [debug    ] Decision loop completed        action=MAINTAIN latency_ms=112.09 p99=772.0
2026-07-08 15:00:16 [debug    ] HAProxy fallback latency       delta_requests=666 interval_avg_ms=66.0 max_rtime_ms=772.0 p99_est=132.0
2026-07-08 15:00:16 [debug    ] burn_rate_adjustment           actual_burn=0.03 adjustment=-7 allowed_burn=0.83 budget_remaining=966 burn_error=-0.963 burn_ratio=0.037
2026-07-08 15:00:16 [info     ] algorithm2_scaling_decision    action=MAINTAIN alpha=0.014992503748125937 beta=0.0 buffer=1.2 current_replicas=3 predicted_load=43.78354042480975 required_resources=0.656 target_replicas=3
2026-07-08 15:00:16 [debug    ] Decision loop completed        action=MAINTAIN latency_ms=108.42 p99=132.0
2026-07-08 15:00:31 [debug    ] HAProxy fallback latency       delta_requests=771 interval_avg_ms=172.52 max_rtime_ms=772.0 p99_est=345.04
2026-07-08 15:00:31 [debug    ] burn_rate_adjustment           actual_burn=0.03 adjustment=-7 allowed_burn=0.83 budget_remaining=965 burn_error=-0.962 burn_ratio=0.038
2026-07-08 15:00:31 [info     ] algorithm2_scaling_decision    action=MAINTAIN alpha=0.014992503748125937 beta=0.0 buffer=1.2 current_replicas=3 predicted_load=47.55057844095511 required_resources=0.713 target_replicas=3
2026-07-08 15:00:31 [debug    ] Decision loop completed        action=MAINTAIN latency_ms=103.7 p99=345.0350194552529
2026-07-08 15:00:46 [debug    ] burn_rate_adjustment           actual_burn=0.03 adjustment=-7 allowed_burn=0.83 budget_remaining=964 burn_error=-0.961 burn_ratio=0.039
2026-07-08 15:00:46 [info     ] algorithm2_scaling_decision    action=MAINTAIN alpha=0.014992503748125937 beta=0.0 buffer=1.2 current_replicas=3 predicted_load=53.82046111799159 required_resources=0.807 target_replicas=3
2026-07-08 15:00:46 [debug    ] Decision loop completed        action=MAINTAIN latency_ms=106.9 p99=345.0350194552529
2026-07-08 15:01:01 [debug    ] HAProxy fallback latency       delta_requests=722 interval_avg_ms=66.0 max_rtime_ms=772.0 p99_est=132.0
2026-07-08 15:01:01 [debug    ] burn_rate_adjustment           actual_burn=0.03 adjustment=-7 allowed_burn=0.83 budget_remaining=964 burn_error=-0.962 burn_ratio=0.038
2026-07-08 15:01:01 [info     ] algorithm2_scaling_decision    action=MAINTAIN alpha=0.014992503748125937 beta=0.0 buffer=1.2 current_replicas=3 predicted_load=52.19956895029352 required_resources=0.783 target_replicas=3
2026-07-08 15:01:01 [debug    ] Decision loop completed        action=MAINTAIN latency_ms=114.16 p99=132.0
2026-07-08 15:01:16 [debug    ] burn_rate_adjustment           actual_burn=0.03 adjustment=-7 allowed_burn=0.83 budget_remaining=964 burn_error=-0.962 burn_ratio=0.038
2026-07-08 15:01:16 [info     ] algorithm2_scaling_decision    action=MAINTAIN alpha=0.014992503748125937 beta=0.0 buffer=1.2 current_replicas=3 predicted_load=43.14962553451585 required_resources=0.647 target_replicas=3
2026-07-08 15:01:16 [debug    ] Decision loop completed        action=MAINTAIN latency_ms=110.37 p99=132.0
2026-07-08 15:01:31 [debug    ] burn_rate_adjustment           actual_burn=0.03 adjustment=-7 allowed_burn=0.83 budget_remaining=964 burn_error=-0.963 burn_ratio=0.037
2026-07-08 15:01:31 [info     ] algorithm2_scaling_decision    action=MAINTAIN alpha=0.014992503748125937 beta=0.0 buffer=1.2 current_replicas=3 predicted_load=38.51190218002565 required_resources=0.577 target_replicas=3
2026-07-08 15:01:31 [debug    ] Decision loop completed        action=MAINTAIN latency_ms=104.49 p99=132.0
2026-07-08 15:01:46 [debug    ] HAProxy fallback latency       delta_requests=606 interval_avg_ms=64.0 max_rtime_ms=772.0 p99_est=128.0
2026-07-08 15:01:47 [debug    ] burn_rate_adjustment           actual_burn=0.03 adjustment=-7 allowed_burn=0.83 budget_remaining=964 burn_error=-0.963 burn_ratio=0.037
2026-07-08 15:01:47 [info     ] algorithm2_scaling_decision    action=MAINTAIN alpha=0.014992503748125937 beta=0.0 buffer=1.2 current_replicas=3 predicted_load=39.28470840662483 required_resources=0.589 target_replicas=3
2026-07-08 15:01:47 [debug    ] Decision loop completed        action=MAINTAIN latency_ms=107.37 p99=128.0
2026-07-08 15:02:02 [debug    ] HAProxy fallback latency       delta_requests=628 interval_avg_ms=64.0 max_rtime_ms=772.0 p99_est=128.0
2026-07-08 15:02:02 [debug    ] burn_rate_adjustment           actual_burn=0.03 adjustment=-7 allowed_burn=0.83 budget_remaining=964 burn_error=-0.964 burn_ratio=0.036
2026-07-08 15:02:02 [info     ] algorithm2_scaling_decision    action=MAINTAIN alpha=0.014992503748125937 beta=0.0 buffer=1.2 current_replicas=3 predicted_load=40.81180930203365 required_resources=0.612 target_replicas=3
2026-07-08 15:02:02 [debug    ] Decision loop completed        action=MAINTAIN latency_ms=111.43 p99=128.0
2026-07-08 15:02:17 [debug    ] HAProxy fallback latency       delta_requests=660 interval_avg_ms=195.45 max_rtime_ms=772.0 p99_est=390.91
2026-07-08 15:02:17 [debug    ] burn_rate_adjustment           actual_burn=0.03 adjustment=-7 allowed_burn=0.83 budget_remaining=963 burn_error=-0.963 burn_ratio=0.037
2026-07-08 15:02:17 [info     ] algorithm2_scaling_decision    action=MAINTAIN alpha=0.014992503748125937 beta=0.0 buffer=1.2 current_replicas=3 predicted_load=42.62040069651565 required_resources=0.639 target_replicas=3
2026-07-08 15:02:17 [debug    ] Decision loop completed        action=MAINTAIN latency_ms=110.37 p99=390.9060606060606
2026-07-08 15:02:32 [debug    ] HAProxy fallback latency       delta_requests=738 interval_avg_ms=420.68 max_rtime_ms=772.0 p99_est=772.0
2026-07-08 15:02:32 [debug    ] burn_rate_adjustment           actual_burn=0.03 adjustment=-7 allowed_burn=0.83 budget_remaining=962 burn_error=-0.963 burn_ratio=0.037
2026-07-08 15:02:32 [info     ] algorithm2_scaling_decision    action=MAINTAIN alpha=0.014992503748125937 beta=0.0 buffer=1.2 current_replicas=3 predicted_load=46.25745754595826 required_resources=0.694 target_replicas=3
2026-07-08 15:02:32 [debug    ] Decision loop completed        action=MAINTAIN latency_ms=109.79 p99=772.0
2026-07-08 15:02:47 [debug    ] HAProxy fallback latency       delta_requests=343 interval_avg_ms=68.0 max_rtime_ms=772.0 p99_est=136.0
2026-07-08 15:02:47 [debug    ] burn_rate_adjustment           actual_burn=0.03 adjustment=-7 allowed_burn=0.83 budget_remaining=962 burn_error=-0.963 burn_ratio=0.037
2026-07-08 15:02:47 [info     ] algorithm2_scaling_decision    action=MAINTAIN alpha=0.014992503748125937 beta=0.0 buffer=1.2 current_replicas=3 predicted_load=35.838250090547135 required_resources=0.537 target_replicas=3
2026-07-08 15:02:47 [debug    ] Decision loop completed        action=MAINTAIN latency_ms=110.76 p99=136.0
2026-07-08 15:03:02 [info     ] algorithm2_scaling_decision    action=MAINTAIN alpha=0.014992503748125937 beta=0.0 buffer=1.2 current_replicas=3 predicted_load=11.416337791493813 required_resources=0.171 target_replicas=3
2026-07-08 15:03:02 [debug    ] Decision loop completed        action=MAINTAIN latency_ms=104.05 p99=136.0
2026-07-08 15:03:17 [info     ] algorithm2_scaling_decision    action=MAINTAIN alpha=0.014992503748125937 beta=0.0 buffer=1.2 current_replicas=3 predicted_load=0.0 required_resources=0.0 target_replicas=3
2026-07-08 15:03:17 [debug    ] Decision loop completed        action=MAINTAIN latency_ms=107.5 p99=136.0
2026-07-08 15:03:32 [info     ] algorithm2_scaling_decision    action=MAINTAIN alpha=0.014992503748125937 beta=0.0 buffer=1.2 current_replicas=3 predicted_load=0.0 required_resources=0.0 target_replicas=3
2026-07-08 15:03:32 [debug    ] Decision loop completed        action=MAINTAIN latency_ms=106.05 p99=136.0
2026-07-08 15:03:39 [info     ] Received shutdown signal
2026-07-08 15:03:39 [info     ] Stopping routing daemon...
2026-07-08 15:03:39 [info     ] Routing daemon stopped
