2026-09-13 19:12:11 [info     ] SLOMonitor initialized         threshold_ms=200.0 violation_window=30
2026-09-13 19:12:11 [info     ] Algorithm1ControllerV3 initialized max_knative=50 r_saturation=33.3 target_cpu_util=0.5 total_budget=1000
2026-09-13 19:12:11 [info     ] controller_selected            kind=Algorithm1ControllerV3 scenario=s3-hybrid-reactive version=v3
2026-09-13 19:12:11 [info     ] HAProxyWeightAdjuster initialized backend=servers host=localhost port=19999
2026-09-13 19:12:11 [info     ] GRUClient initialized          base_url=http://localhost:8090
2026-09-13 19:12:11 [info     ] K8sScaler initialized          deployment=test-app-warm namespace=default
2026-09-13 19:12:11 [info     ] RoutingDaemon initialized      decision_interval=15 description='Algorithm 1 reactive routing without predictions' scenario=s3-hybrid-reactive use_algorithm=True use_predictions=False
2026-09-13 19:12:11 [info     ] Starting routing daemon        interval=15 scenario=s3-hybrid-reactive
2026-09-13 19:12:11 [info     ] Weights updated                k3s=80 knative=20
2026-09-13 19:12:11 [info     ] Initial weights applied        k3s=80 knative=20
2026-09-13 19:12:11 [info     ] controller_decision_v3         action=RECOVERY available_replicas=3 budget_remaining=1000 burn_adjustment=0 burst_ratio=0 capacity_deficit=False confidence=0 current_load=2.155555555555555 decision_id=dccf4943 k8s_capacity=49.9 k8s_weight=100 knative_weight=0 p99=91.5 predicted_load=0 r_effective=16.6 serverless_enabled=False total_load=2.2 weights_after={'k3s': 100, 'knative': 0} weights_before={'k3s': 80, 'knative': 20}
2026-09-13 19:12:11 [info     ] Weights updated                k3s=100 knative=0
2026-09-13 19:12:11 [info     ] Weights updated                action=RECOVERY reason='load=2RPS | k8s_cap=50RPS | (reducing-serverless)' weights={'k3s': 100, 'knative': 0}
2026-09-13 19:12:11 [info     ] algorithm2_scaling_decision    action=MAINTAIN alpha=0.060060060060060066 beta=0.0 buffer=1.0 current_replicas=3 predicted_load=2.155555555555555 required_resources=0.129 target_replicas=3
2026-09-13 19:12:11 [info     ] algorithm2_decision            action=MAINTAIN applied_target=3 current_replicas=3 hold_until=0.0 observed_load=2.16 observed_target=3 point_forecasts=None prediction_age_sec=None predictive_target=3 proactive=False scenario=s3-hybrid-reactive target_replicas=3 upper_forecasts=None
2026-09-13 19:12:11 [debug    ] Decision loop completed        action=RECOVERY latency_ms=193.08 p99=91.49999999999994
2026-09-13 19:12:27 [info     ] algorithm2_scaling_decision    action=MAINTAIN alpha=0.060060060060060066 beta=0.0 buffer=1.0 current_replicas=3 predicted_load=2.1555148247712284 required_resources=0.129 target_replicas=3
2026-09-13 19:12:27 [info     ] algorithm2_decision            action=MAINTAIN applied_target=3 current_replicas=3 hold_until=0.0 observed_load=2.16 observed_target=3 point_forecasts=None prediction_age_sec=None predictive_target=3 proactive=False scenario=s3-hybrid-reactive target_replicas=3 upper_forecasts=None
2026-09-13 19:12:27 [debug    ] Decision loop completed        action=MAINTAIN latency_ms=198.77 p99=92.00091599493713
2026-09-13 19:12:42 [info     ] algorithm2_scaling_decision    action=MAINTAIN alpha=0.060060060060060066 beta=0.0 buffer=1.0 current_replicas=3 predicted_load=2.1777370469934505 required_resources=0.131 target_replicas=3
2026-09-13 19:12:42 [info     ] algorithm2_decision            action=MAINTAIN applied_target=3 current_replicas=3 hold_until=0.0 observed_load=2.18 observed_target=3 point_forecasts=None prediction_age_sec=None predictive_target=3 proactive=False scenario=s3-hybrid-reactive target_replicas=3 upper_forecasts=None
2026-09-13 19:12:42 [debug    ] Decision loop completed        action=MAINTAIN latency_ms=215.81 p99=0.99
2026-09-13 19:12:57 [info     ] algorithm2_scaling_decision    action=MAINTAIN alpha=0.060060060060060066 beta=0.0 buffer=1.0 current_replicas=3 predicted_load=4.344444444444443 required_resources=0.261 target_replicas=3
2026-09-13 19:12:57 [info     ] algorithm2_decision            action=MAINTAIN applied_target=3 current_replicas=3 hold_until=0.0 observed_load=4.34 observed_target=3 point_forecasts=None prediction_age_sec=None predictive_target=3 proactive=False scenario=s3-hybrid-reactive target_replicas=3 upper_forecasts=None
2026-09-13 19:12:57 [debug    ] Decision loop completed        action=MAINTAIN latency_ms=123.5 p99=363.8
2026-09-13 19:13:12 [info     ] algorithm2_scaling_decision    action=MAINTAIN alpha=0.060060060060060066 beta=0.0 buffer=1.0 current_replicas=3 predicted_load=13.877818528479795 required_resources=0.834 target_replicas=3
2026-09-13 19:13:12 [info     ] algorithm2_decision            action=MAINTAIN applied_target=3 current_replicas=3 hold_until=0.0 observed_load=13.88 observed_target=3 point_forecasts=None prediction_age_sec=None predictive_target=3 proactive=False scenario=s3-hybrid-reactive target_replicas=3 upper_forecasts=None
2026-09-13 19:13:12 [debug    ] Decision loop completed        action=MAINTAIN latency_ms=116.93 p99=99.85098335854767
2026-09-13 19:13:27 [info     ] algorithm2_scaling_decision    action=MAINTAIN alpha=0.060060060060060066 beta=0.0 buffer=1.0 current_replicas=3 predicted_load=28.944485195146463 required_resources=1.738 target_replicas=3
2026-09-13 19:13:27 [info     ] algorithm2_decision            action=MAINTAIN applied_target=3 current_replicas=3 hold_until=0.0 observed_load=28.94 observed_target=3 point_forecasts=None prediction_age_sec=None predictive_target=3 proactive=False scenario=s3-hybrid-reactive target_replicas=3 upper_forecasts=None
2026-09-13 19:13:27 [debug    ] Decision loop completed        action=MAINTAIN latency_ms=117.43 p99=99.98248175182484
2026-09-13 19:13:42 [info     ] algorithm2_scaling_decision    action=MAINTAIN alpha=0.060060060060060066 beta=0.0 buffer=1.0 current_replicas=3 predicted_load=42.522222222222226 required_resources=2.554 target_replicas=3
2026-09-13 19:13:42 [info     ] algorithm2_decision            action=MAINTAIN applied_target=3 current_replicas=3 hold_until=0.0 observed_load=42.52 observed_target=3 point_forecasts=None prediction_age_sec=None predictive_target=3 proactive=False scenario=s3-hybrid-reactive target_replicas=3 upper_forecasts=None
2026-09-13 19:13:42 [debug    ] Decision loop completed        action=MAINTAIN latency_ms=124.24 p99=145.85714285714275
2026-09-13 19:13:57 [warning  ] Knative pre-warm non-200       status=404
2026-09-13 19:13:57 [info     ] controller_decision_v3         action=REACTIVE available_replicas=3 budget_remaining=998 burn_adjustment=0 burst_ratio=0.0378 capacity_deficit=False confidence=0 current_load=51.91111111111112 decision_id=6a99015e k8s_capacity=49.9 k8s_weight=96 knative_weight=4 p99=981.2 predicted_load=0 r_effective=16.6 serverless_enabled=True total_load=51.9 weights_after={'k3s': 96, 'knative': 4} weights_before={'k3s': 100, 'knative': 0}
2026-09-13 19:13:57 [info     ] Weights updated                k3s=96 knative=4
2026-09-13 19:13:57 [info     ] Weights updated                action=REACTIVE reason='load=52RPS | k8s_cap=50RPS | (burst-routing)' weights={'k3s': 96, 'knative': 4}
2026-09-13 19:13:57 [info     ] algorithm2_scaling_decision    action=SCALE_UP alpha=0.060060060060060066 beta=0.0 buffer=1.0 current_replicas=3 predicted_load=50.16666666666667 required_resources=3.013 target_replicas=4
2026-09-13 19:13:57 [info     ] algorithm2_decision            action=SCALE_UP applied_target=4 current_replicas=3 hold_until=0.0 observed_load=50.17 observed_target=4 point_forecasts=None prediction_age_sec=None predictive_target=4 proactive=False scenario=s3-hybrid-reactive target_replicas=4 upper_forecasts=None
2026-09-13 19:13:57 [info     ] k8s_scale_executed             deployment=test-app-warm replicas=4
2026-09-13 19:13:57 [debug    ] Decision loop completed        action=REACTIVE latency_ms=157.34 p99=981.2195121951224
2026-09-13 19:14:12 [info     ] algorithm2_scaling_decision    action=MAINTAIN alpha=0.060060060060060066 beta=0.0 buffer=1.0 current_replicas=4 predicted_load=51.85555555555556 required_resources=3.114 target_replicas=4
2026-09-13 19:14:12 [info     ] algorithm2_decision            action=MAINTAIN applied_target=4 current_replicas=4 hold_until=0.0 observed_load=51.86 observed_target=4 point_forecasts=None prediction_age_sec=None predictive_target=4 proactive=False scenario=s3-hybrid-reactive target_replicas=4 upper_forecasts=None
2026-09-13 19:14:12 [debug    ] Decision loop completed        action=MAINTAIN latency_ms=109.7 p99=134.63636363636394
2026-09-13 19:14:28 [info     ] controller_decision_v3         action=RECOVERY available_replicas=3 budget_remaining=998 burn_adjustment=0 burst_ratio=0 capacity_deficit=False confidence=0 current_load=46.0 decision_id=d0a59d9c k8s_capacity=49.9 k8s_weight=100 knative_weight=0 p99=99.7 predicted_load=0 r_effective=16.6 serverless_enabled=False total_load=46.0 weights_after={'k3s': 100, 'knative': 0} weights_before={'k3s': 96, 'knative': 4}
2026-09-13 19:14:28 [info     ] Weights updated                k3s=100 knative=0
2026-09-13 19:14:28 [info     ] Weights updated                action=RECOVERY reason='load=46RPS | k8s_cap=50RPS | (reducing-serverless)' weights={'k3s': 100, 'knative': 0}
2026-09-13 19:14:28 [info     ] algorithm2_scaling_decision    action=MAINTAIN alpha=0.060060060060060066 beta=0.0 buffer=1.0 current_replicas=4 predicted_load=48.900000000000006 required_resources=2.937 target_replicas=3
2026-09-13 19:14:28 [info     ] algorithm2_decision            action=MAINTAIN applied_target=3 current_replicas=4 hold_until=0.0 observed_load=48.9 observed_target=3 point_forecasts=None prediction_age_sec=None predictive_target=3 proactive=False scenario=s3-hybrid-reactive target_replicas=3 upper_forecasts=None
2026-09-13 19:14:28 [debug    ] Decision loop completed        action=RECOVERY latency_ms=178.99 p99=99.68064516129033
2026-09-13 19:14:43 [info     ] algorithm2_scaling_decision    action=MAINTAIN alpha=0.060060060060060066 beta=0.0 buffer=1.0 current_replicas=4 predicted_load=41.04444444444445 required_resources=2.465 target_replicas=3
2026-09-13 19:14:43 [info     ] algorithm2_decision            action=MAINTAIN applied_target=3 current_replicas=4 hold_until=0.0 observed_load=41.04 observed_target=3 point_forecasts=None prediction_age_sec=None predictive_target=3 proactive=False scenario=s3-hybrid-reactive target_replicas=3 upper_forecasts=None
2026-09-13 19:14:43 [debug    ] Decision loop completed        action=MAINTAIN latency_ms=124.66 p99=99.45744680851065
2026-09-13 19:14:58 [info     ] algorithm2_scaling_decision    action=MAINTAIN alpha=0.060060060060060066 beta=0.0 buffer=1.0 current_replicas=4 predicted_load=32.37777777777778 required_resources=1.945 target_replicas=3
2026-09-13 19:14:58 [info     ] algorithm2_decision            action=MAINTAIN applied_target=3 current_replicas=4 hold_until=0.0 observed_load=32.38 observed_target=3 point_forecasts=None prediction_age_sec=None predictive_target=3 proactive=False scenario=s3-hybrid-reactive target_replicas=3 upper_forecasts=None
2026-09-13 19:14:58 [debug    ] Decision loop completed        action=MAINTAIN latency_ms=140.85 p99=99.45621468926554
2026-09-13 19:15:13 [info     ] Scale readiness observed       elapsed_sec=75.7 ewma_delay=60.0 samples=0 target=4
2026-09-13 19:15:13 [info     ] algorithm2_scaling_decision    action=MAINTAIN alpha=0.060060060060060066 beta=0.0 buffer=1.0 current_replicas=4 predicted_load=29.477777777777767 required_resources=1.77 target_replicas=3
2026-09-13 19:15:13 [info     ] algorithm2_decision            action=MAINTAIN applied_target=3 current_replicas=4 hold_until=0.0 observed_load=29.48 observed_target=3 point_forecasts=None prediction_age_sec=None predictive_target=3 proactive=False scenario=s3-hybrid-reactive target_replicas=3 upper_forecasts=None
2026-09-13 19:15:13 [debug    ] Decision loop completed        action=MAINTAIN latency_ms=135.41 p99=99.65420560747663
2026-09-13 19:15:28 [info     ] algorithm2_scaling_decision    action=MAINTAIN alpha=0.060060060060060066 beta=0.0 buffer=1.0 current_replicas=4 predicted_load=35.64444444444444 required_resources=2.141 target_replicas=3
2026-09-13 19:15:28 [info     ] algorithm2_decision            action=MAINTAIN applied_target=3 current_replicas=4 hold_until=0.0 observed_load=35.64 observed_target=3 point_forecasts=None prediction_age_sec=None predictive_target=3 proactive=False scenario=s3-hybrid-reactive target_replicas=3 upper_forecasts=None
2026-09-13 19:15:28 [debug    ] Decision loop completed        action=MAINTAIN latency_ms=135.06 p99=1555.0000000000007
2026-09-13 19:15:43 [info     ] algorithm2_scaling_decision    action=MAINTAIN alpha=0.060060060060060066 beta=0.0 buffer=1.0 current_replicas=4 predicted_load=45.244147222222225 required_resources=2.717 target_replicas=3
2026-09-13 19:15:43 [info     ] algorithm2_decision            action=MAINTAIN applied_target=3 current_replicas=4 hold_until=0.0 observed_load=45.24 observed_target=3 point_forecasts=None prediction_age_sec=None predictive_target=3 proactive=False scenario=s3-hybrid-reactive target_replicas=3 upper_forecasts=None
2026-09-13 19:15:43 [debug    ] Decision loop completed        action=MAINTAIN latency_ms=115.03 p99=522.5000000000009
2026-09-13 19:15:58 [info     ] algorithm2_scaling_decision    action=MAINTAIN alpha=0.060060060060060066 beta=0.0 buffer=1.0 current_replicas=4 predicted_load=49.87940555555555 required_resources=2.996 target_replicas=3
2026-09-13 19:15:58 [info     ] algorithm2_decision            action=MAINTAIN applied_target=3 current_replicas=4 hold_until=0.0 observed_load=49.88 observed_target=3 point_forecasts=None prediction_age_sec=None predictive_target=3 proactive=False scenario=s3-hybrid-reactive target_replicas=3 upper_forecasts=None
2026-09-13 19:15:58 [debug    ] Decision loop completed        action=MAINTAIN latency_ms=104.22 p99=99.81746031746033
2026-09-13 19:16:14 [info     ] algorithm2_scaling_decision    action=MAINTAIN alpha=0.060060060060060066 beta=0.0 buffer=1.0 current_replicas=4 predicted_load=48.19081388888888 required_resources=2.894 target_replicas=3
2026-09-13 19:16:14 [info     ] algorithm2_decision            action=MAINTAIN applied_target=3 current_replicas=4 hold_until=0.0 observed_load=48.19 observed_target=3 point_forecasts=None prediction_age_sec=None predictive_target=3 proactive=False scenario=s3-hybrid-reactive target_replicas=3 upper_forecasts=None
2026-09-13 19:16:14 [debug    ] Decision loop completed        action=MAINTAIN latency_ms=102.35 p99=112.00000000000006
2026-09-13 19:16:30 [info     ] algorithm2_scaling_decision    action=MAINTAIN alpha=0.060060060060060066 beta=0.0 buffer=1.0 current_replicas=4 predicted_load=48.07777777777778 required_resources=2.888 target_replicas=3
2026-09-13 19:16:30 [info     ] algorithm2_decision            action=MAINTAIN applied_target=3 current_replicas=4 hold_until=0.0 observed_load=48.08 observed_target=3 point_forecasts=None prediction_age_sec=None predictive_target=3 proactive=False scenario=s3-hybrid-reactive target_replicas=3 upper_forecasts=None
2026-09-13 19:16:30 [debug    ] Decision loop completed        action=MAINTAIN latency_ms=1149.91 p99=133.9435428571427
2026-09-13 19:16:46 [info     ] algorithm2_scaling_decision    action=MAINTAIN alpha=0.060060060060060066 beta=0.0 buffer=1.0 current_replicas=4 predicted_load=51.38566713389504 required_resources=3.086 target_replicas=4
2026-09-13 19:16:46 [info     ] algorithm2_decision            action=MAINTAIN applied_target=4 current_replicas=4 hold_until=0.0 observed_load=51.39 observed_target=4 point_forecasts=None prediction_age_sec=None predictive_target=4 proactive=False scenario=s3-hybrid-reactive target_replicas=4 upper_forecasts=None
2026-09-13 19:16:46 [debug    ] Decision loop completed        action=MAINTAIN latency_ms=985.93 p99=473.0029076882408
2026-09-13 19:17:02 [info     ] algorithm2_scaling_decision    action=MAINTAIN alpha=0.060060060060060066 beta=0.0 buffer=1.0 current_replicas=4 predicted_load=54.996892319080224 required_resources=3.303 target_replicas=4
2026-09-13 19:17:02 [info     ] algorithm2_decision            action=MAINTAIN applied_target=4 current_replicas=4 hold_until=0.0 observed_load=55.0 observed_target=4 point_forecasts=None prediction_age_sec=None predictive_target=4 proactive=False scenario=s3-hybrid-reactive target_replicas=4 upper_forecasts=None
2026-09-13 19:17:02 [debug    ] Decision loop completed        action=MAINTAIN latency_ms=1227.18 p99=452.45713199872597
2026-09-13 19:17:18 [info     ] algorithm2_scaling_decision    action=MAINTAIN alpha=0.060060060060060066 beta=0.0 buffer=1.0 current_replicas=4 predicted_load=61.633447407407395 required_resources=3.702 target_replicas=4
2026-09-13 19:17:18 [info     ] algorithm2_decision            action=MAINTAIN applied_target=4 current_replicas=4 hold_until=0.0 observed_load=61.63 observed_target=4 point_forecasts=None prediction_age_sec=None predictive_target=4 proactive=False scenario=s3-hybrid-reactive target_replicas=4 upper_forecasts=None
2026-09-13 19:17:18 [debug    ] Decision loop completed        action=MAINTAIN latency_ms=1066.91 p99=426.3333333333329
2026-09-13 19:17:33 [warning  ] Knative pre-warm non-200       status=404
2026-09-13 19:17:33 [info     ] controller_decision_v3         action=REACTIVE available_replicas=4 budget_remaining=992 burn_adjustment=0 burst_ratio=0.0435 capacity_deficit=False confidence=0 current_load=69.62643959268974 decision_id=a2442c1f k8s_capacity=66.6 k8s_weight=95 knative_weight=5 p99=943.3 predicted_load=0 r_effective=16.6 serverless_enabled=True total_load=69.6 weights_after={'k3s': 95, 'knative': 5} weights_before={'k3s': 100, 'knative': 0}
2026-09-13 19:17:33 [info     ] Weights updated                k3s=95 knative=5
2026-09-13 19:17:33 [info     ] Weights updated                action=REACTIVE reason='load=70RPS | k8s_cap=67RPS | (burst-routing)' weights={'k3s': 95, 'knative': 5}
2026-09-13 19:17:34 [info     ] algorithm2_scaling_decision    action=SCALE_UP alpha=0.060060060060060066 beta=0.0 buffer=1.0 current_replicas=4 predicted_load=67.81321979634485 required_resources=4.073 target_replicas=5
2026-09-13 19:17:34 [info     ] algorithm2_decision            action=SCALE_UP applied_target=5 current_replicas=4 hold_until=0.0 observed_load=67.81 observed_target=5 point_forecasts=None prediction_age_sec=None predictive_target=5 proactive=False scenario=s3-hybrid-reactive target_replicas=5 upper_forecasts=None
2026-09-13 19:17:34 [info     ] k8s_scale_executed             deployment=test-app-warm replicas=5
2026-09-13 19:17:34 [debug    ] Decision loop completed        action=REACTIVE latency_ms=988.26 p99=943.3116883116887
2026-09-13 19:17:49 [info     ] controller_decision_v3         action=RECOVERY available_replicas=5 budget_remaining=991 burn_adjustment=0 burst_ratio=0 capacity_deficit=False confidence=0 current_load=80.13333333333331 decision_id=8d080e61 k8s_capacity=83.2 k8s_weight=100 knative_weight=0 p99=1436.7 predicted_load=0 r_effective=16.6 serverless_enabled=False total_load=80.1 weights_after={'k3s': 100, 'knative': 0} weights_before={'k3s': 95, 'knative': 5}
2026-09-13 19:17:49 [info     ] Weights updated                k3s=100 knative=0
2026-09-13 19:17:49 [info     ] Weights updated                action=RECOVERY reason='load=80RPS | k8s_cap=83RPS | (reducing-serverless)' weights={'k3s': 100, 'knative': 0}
2026-09-13 19:17:49 [info     ] Scale readiness observed       elapsed_sec=15.2 ewma_delay=60.0 samples=0 target=5
2026-09-13 19:17:49 [info     ] algorithm2_scaling_decision    action=MAINTAIN alpha=0.060060060060060066 beta=0.0 buffer=1.0 current_replicas=5 predicted_load=74.87988646301153 required_resources=4.497 target_replicas=5
2026-09-13 19:17:49 [info     ] algorithm2_decision            action=MAINTAIN applied_target=5 current_replicas=5 hold_until=0.0 observed_load=74.88 observed_target=5 point_forecasts=None prediction_age_sec=None predictive_target=5 proactive=False scenario=s3-hybrid-reactive target_replicas=5 upper_forecasts=None
2026-09-13 19:17:49 [debug    ] Decision loop completed        action=RECOVERY latency_ms=153.59 p99=1436.6666666666656
2026-09-13 19:18:04 [warning  ] Knative pre-warm non-200       status=404
2026-09-13 19:18:04 [info     ] controller_decision_v3         action=REACTIVE available_replicas=5 budget_remaining=990 burn_adjustment=0 burst_ratio=0.1119 capacity_deficit=False confidence=0 current_load=93.73879111111108 decision_id=7a1e4656 k8s_capacity=83.2 k8s_weight=88 knative_weight=12 p99=959.8 predicted_load=0 r_effective=16.6 serverless_enabled=True total_load=93.7 weights_after={'k3s': 88, 'knative': 12} weights_before={'k3s': 100, 'knative': 0}
2026-09-13 19:18:04 [info     ] Weights updated                k3s=88 knative=12
2026-09-13 19:18:04 [info     ] Weights updated                action=REACTIVE reason='load=94RPS | k8s_cap=83RPS | (burst-routing)' weights={'k3s': 88, 'knative': 12}
2026-09-13 19:18:04 [info     ] algorithm2_scaling_decision    action=SCALE_UP alpha=0.060060060060060066 beta=0.0 buffer=1.0 current_replicas=5 predicted_load=86.9360622222222 required_resources=5.221 target_replicas=6
2026-09-13 19:18:04 [info     ] algorithm2_decision            action=SCALE_UP applied_target=6 current_replicas=5 hold_until=0.0 observed_load=86.94 observed_target=6 point_forecasts=None prediction_age_sec=None predictive_target=6 proactive=False scenario=s3-hybrid-reactive target_replicas=6 upper_forecasts=None
2026-09-13 19:18:04 [info     ] k8s_scale_executed             deployment=test-app-warm replicas=6
2026-09-13 19:18:04 [debug    ] Decision loop completed        action=REACTIVE latency_ms=161.35 p99=959.7627696476959
2026-09-13 19:18:19 [info     ] controller_decision_v3         action=REACTIVE available_replicas=6 budget_remaining=989 burn_adjustment=0 burst_ratio=0.1213 capacity_deficit=False confidence=0 current_load=113.68434444444443 decision_id=84ac7c40 k8s_capacity=99.9 k8s_weight=87 knative_weight=13 p99=950.4 predicted_load=0 r_effective=16.6 serverless_enabled=True total_load=113.7 weights_after={'k3s': 87, 'knative': 13} weights_before={'k3s': 88, 'knative': 12}
2026-09-13 19:18:19 [info     ] Weights updated                k3s=87 knative=13
2026-09-13 19:18:19 [info     ] Weights updated                action=REACTIVE reason='load=114RPS | k8s_cap=100RPS | (burst-routing)' weights={'k3s': 87, 'knative': 13}
2026-09-13 19:18:19 [info     ] Scale readiness observed       elapsed_sec=15.1 ewma_delay=60.0 samples=0 target=6
2026-09-13 19:18:19 [info     ] algorithm2_scaling_decision    action=SCALE_UP alpha=0.060060060060060066 beta=0.0 buffer=1.0 current_replicas=6 predicted_load=103.71156777777776 required_resources=6.229 target_replicas=7
2026-09-13 19:18:19 [info     ] algorithm2_decision            action=SCALE_UP applied_target=7 current_replicas=6 hold_until=0.0 observed_load=103.71 observed_target=7 point_forecasts=None prediction_age_sec=None predictive_target=7 proactive=False scenario=s3-hybrid-reactive target_replicas=7 upper_forecasts=None
2026-09-13 19:18:19 [info     ] k8s_scale_executed             deployment=test-app-warm replicas=7
2026-09-13 19:18:19 [debug    ] Decision loop completed        action=REACTIVE latency_ms=167.55 p99=950.4285714285718
2026-09-13 19:18:35 [info     ] controller_decision_v3         action=REACTIVE available_replicas=6 budget_remaining=988 burn_adjustment=0 burst_ratio=0.1546 capacity_deficit=False confidence=0 current_load=118.16528888888884 decision_id=e1d76b89 k8s_capacity=99.9 k8s_weight=84 knative_weight=16 p99=958.5 predicted_load=0 r_effective=16.6 serverless_enabled=True total_load=118.2 weights_after={'k3s': 84, 'knative': 16} weights_before={'k3s': 87, 'knative': 13}
2026-09-13 19:18:35 [info     ] Weights updated                k3s=84 knative=16
2026-09-13 19:18:35 [info     ] Weights updated                action=REACTIVE reason='load=118RPS | k8s_cap=100RPS | (burst-routing)' weights={'k3s': 84, 'knative': 16}
2026-09-13 19:18:35 [info     ] algorithm2_scaling_decision    action=MAINTAIN alpha=0.060060060060060066 beta=0.0 buffer=1.0 current_replicas=7 predicted_load=115.92481666666663 required_resources=6.962 target_replicas=7
2026-09-13 19:18:35 [info     ] algorithm2_decision            action=MAINTAIN applied_target=7 current_replicas=7 hold_until=0.0 observed_load=115.92 observed_target=7 point_forecasts=None prediction_age_sec=None predictive_target=7 proactive=False scenario=s3-hybrid-reactive target_replicas=7 upper_forecasts=None
2026-09-13 19:18:35 [debug    ] Decision loop completed        action=REACTIVE latency_ms=834.59 p99=958.5483870967743
2026-09-13 19:18:51 [info     ] controller_decision_v3         action=RECOVERY available_replicas=6 budget_remaining=987 burn_adjustment=0 burst_ratio=0.1284 capacity_deficit=False confidence=0 current_load=114.62325786903094 decision_id=d6a59fda k8s_capacity=99.9 k8s_weight=87 knative_weight=13 p99=481.5 predicted_load=0 r_effective=16.6 serverless_enabled=True total_load=114.6 weights_after={'k3s': 87, 'knative': 13} weights_before={'k3s': 84, 'knative': 16}
2026-09-13 19:18:51 [info     ] Weights updated                k3s=87 knative=13
2026-09-13 19:18:51 [info     ] Weights updated                action=RECOVERY reason='load=115RPS | k8s_cap=100RPS | (reducing-serverless)' weights={'k3s': 87, 'knative': 13}
2026-09-13 19:18:51 [info     ] algorithm2_scaling_decision    action=MAINTAIN alpha=0.060060060060060066 beta=0.0 buffer=1.0 current_replicas=7 predicted_load=116.3942733789599 required_resources=6.991 target_replicas=7
2026-09-13 19:18:51 [info     ] algorithm2_decision            action=MAINTAIN applied_target=7 current_replicas=7 hold_until=0.0 observed_load=116.39 observed_target=7 point_forecasts=None prediction_age_sec=None predictive_target=7 proactive=False scenario=s3-hybrid-reactive target_replicas=7 upper_forecasts=None
2026-09-13 19:18:51 [debug    ] Decision loop completed        action=RECOVERY latency_ms=927.49 p99=481.4724253725532
2026-09-13 19:19:07 [info     ] controller_decision_v3         action=RECOVERY available_replicas=6 budget_remaining=986 burn_adjustment=0 burst_ratio=0 capacity_deficit=False confidence=0 current_load=98.5475572222222 decision_id=64b55eaa k8s_capacity=99.9 k8s_weight=100 knative_weight=0 p99=445.8 predicted_load=0 r_effective=16.6 serverless_enabled=False total_load=98.5 weights_after={'k3s': 100, 'knative': 0} weights_before={'k3s': 87, 'knative': 13}
2026-09-13 19:19:07 [info     ] Weights updated                k3s=100 knative=0
2026-09-13 19:19:07 [info     ] Weights updated                action=RECOVERY reason='load=99RPS | k8s_cap=100RPS | (reducing-serverless)' weights={'k3s': 100, 'knative': 0}
2026-09-13 19:19:07 [info     ] algorithm2_scaling_decision    action=MAINTAIN alpha=0.060060060060060066 beta=0.0 buffer=1.0 current_replicas=7 predicted_load=106.58540754562657 required_resources=6.402 target_replicas=7
2026-09-13 19:19:07 [info     ] algorithm2_decision            action=MAINTAIN applied_target=7 current_replicas=7 hold_until=0.0 observed_load=106.59 observed_target=7 point_forecasts=None prediction_age_sec=None predictive_target=7 proactive=False scenario=s3-hybrid-reactive target_replicas=7 upper_forecasts=None
2026-09-13 19:19:07 [debug    ] Decision loop completed        action=RECOVERY latency_ms=709.2 p99=445.80597181325123
2026-09-13 19:19:22 [info     ] algorithm2_scaling_decision    action=MAINTAIN alpha=0.060060060060060066 beta=0.0 buffer=1.0 current_replicas=7 predicted_load=91.2848897222222 required_resources=5.483 target_replicas=6
2026-09-13 19:19:22 [info     ] algorithm2_decision            action=MAINTAIN applied_target=6 current_replicas=7 hold_until=0.0 observed_load=91.28 observed_target=6 point_forecasts=None prediction_age_sec=None predictive_target=6 proactive=False scenario=s3-hybrid-reactive target_replicas=6 upper_forecasts=None
2026-09-13 19:19:22 [debug    ] Decision loop completed        action=MAINTAIN latency_ms=166.37 p99=197.22033898305088
2026-09-13 19:19:37 [info     ] Scale readiness observed       elapsed_sec=77.8 ewma_delay=60.0 samples=0 target=7
2026-09-13 19:19:37 [info     ] algorithm2_scaling_decision    action=SCALE_DOWN alpha=0.060060060060060066 beta=0.0 buffer=1.0 current_replicas=7 predicted_load=78.33403115763272 required_resources=4.705 target_replicas=5
2026-09-13 19:19:37 [info     ] algorithm2_decision            action=SCALE_DOWN applied_target=5 current_replicas=7 hold_until=0.0 observed_load=78.33 observed_target=5 point_forecasts=None prediction_age_sec=None predictive_target=5 proactive=False scenario=s3-hybrid-reactive target_replicas=5 upper_forecasts=None
2026-09-13 19:19:37 [debug    ] Decision loop completed        action=MAINTAIN latency_ms=140.25 p99=176.60526315789483
2026-09-13 19:19:53 [info     ] algorithm2_scaling_decision    action=SCALE_DOWN alpha=0.060060060060060066 beta=0.0 buffer=1.0 current_replicas=7 predicted_load=67.21180893541052 required_resources=4.037 target_replicas=5
2026-09-13 19:19:53 [info     ] algorithm2_decision            action=SCALE_DOWN applied_target=5 current_replicas=7 hold_until=0.0 observed_load=67.21 observed_target=5 point_forecasts=None prediction_age_sec=None predictive_target=5 proactive=False scenario=s3-hybrid-reactive target_replicas=5 upper_forecasts=None
2026-09-13 19:19:53 [info     ] k8s_scale_executed             deployment=test-app-warm replicas=5
2026-09-13 19:19:53 [debug    ] Decision loop completed        action=MAINTAIN latency_ms=594.38 p99=99.6813583815029
2026-09-13 19:20:09 [info     ] algorithm2_scaling_decision    action=MAINTAIN alpha=0.060060060060060066 beta=0.0 buffer=1.0 current_replicas=5 predicted_load=62.423686666666676 required_resources=3.749 target_replicas=4
2026-09-13 19:20:09 [info     ] algorithm2_decision            action=MAINTAIN applied_target=4 current_replicas=5 hold_until=0.0 observed_load=62.42 observed_target=4 point_forecasts=None prediction_age_sec=None predictive_target=4 proactive=False scenario=s3-hybrid-reactive target_replicas=4 upper_forecasts=None
2026-09-13 19:20:09 [debug    ] Decision loop completed        action=MAINTAIN latency_ms=823.95 p99=487.17808219178096
2026-09-13 19:20:24 [warning  ] Knative pre-warm non-200       status=404
2026-09-13 19:20:24 [info     ] controller_decision_v3         action=REACTIVE available_replicas=5 budget_remaining=984 burn_adjustment=0 burst_ratio=0.0719 capacity_deficit=False confidence=0 current_load=89.70189301051701 decision_id=a677622a k8s_capacity=83.2 k8s_weight=92 knative_weight=8 p99=933.0 predicted_load=0 r_effective=16.6 serverless_enabled=True total_load=89.7 weights_after={'k3s': 92, 'knative': 8} weights_before={'k3s': 100, 'knative': 0}
2026-09-13 19:20:24 [info     ] Weights updated                k3s=92 knative=8
2026-09-13 19:20:24 [info     ] Weights updated                action=REACTIVE reason='load=90RPS | k8s_cap=83RPS | (burst-routing)' weights={'k3s': 92, 'knative': 8}
2026-09-13 19:20:24 [info     ] algorithm2_scaling_decision    action=MAINTAIN alpha=0.060060060060060066 beta=0.0 buffer=1.0 current_replicas=5 predicted_load=76.38574428303629 required_resources=4.588 target_replicas=5
2026-09-13 19:20:24 [info     ] algorithm2_decision            action=MAINTAIN applied_target=5 current_replicas=5 hold_until=0.0 observed_load=76.39 observed_target=5 point_forecasts=None prediction_age_sec=None predictive_target=5 proactive=False scenario=s3-hybrid-reactive target_replicas=5 upper_forecasts=None
2026-09-13 19:20:24 [debug    ] Decision loop completed        action=REACTIVE latency_ms=144.8 p99=932.9839222349359
2026-09-13 19:20:40 [info     ] controller_decision_v3         action=REACTIVE available_replicas=5 budget_remaining=983 burn_adjustment=0 burst_ratio=0.2486 capacity_deficit=False confidence=0 current_load=110.79624777777777 decision_id=9c8dff16 k8s_capacity=83.2 k8s_weight=75 knative_weight=25 p99=890.7 predicted_load=0 r_effective=16.6 serverless_enabled=True total_load=110.8 weights_after={'k3s': 75, 'knative': 25} weights_before={'k3s': 92, 'knative': 8}
2026-09-13 19:20:40 [info     ] Weights updated                k3s=75 knative=25
2026-09-13 19:20:40 [info     ] Weights updated                action=REACTIVE reason='load=111RPS | k8s_cap=83RPS | (burst-routing)' weights={'k3s': 75, 'knative': 25}
2026-09-13 19:20:40 [info     ] algorithm2_scaling_decision    action=SCALE_UP alpha=0.060060060060060066 beta=0.0 buffer=1.0 current_replicas=5 predicted_load=100.2490703941474 required_resources=6.021 target_replicas=7
2026-09-13 19:20:40 [info     ] algorithm2_decision            action=SCALE_UP applied_target=7 current_replicas=5 hold_until=0.0 observed_load=100.25 observed_target=7 point_forecasts=None prediction_age_sec=None predictive_target=7 proactive=False scenario=s3-hybrid-reactive target_replicas=7 upper_forecasts=None
2026-09-13 19:20:41 [info     ] k8s_scale_executed             deployment=test-app-warm replicas=7
2026-09-13 19:20:41 [debug    ] Decision loop completed        action=REACTIVE latency_ms=1944.64 p99=890.7221397101457
2026-09-13 19:20:56 [info     ] controller_decision_v3         action=RECOVERY available_replicas=7 budget_remaining=982 burn_adjustment=0 burst_ratio=0 capacity_deficit=False confidence=0 current_load=107.4222222222222 decision_id=d5fa785e k8s_capacity=116.5 k8s_weight=100 knative_weight=0 p99=490.5 predicted_load=0 r_effective=16.6 serverless_enabled=False total_load=107.4 weights_after={'k3s': 100, 'knative': 0} weights_before={'k3s': 75, 'knative': 25}
2026-09-13 19:20:56 [info     ] Weights updated                k3s=100 knative=0
2026-09-13 19:20:56 [info     ] Weights updated                action=RECOVERY reason='load=107RPS | k8s_cap=117RPS | (reducing-serverless)' weights={'k3s': 100, 'knative': 0}
2026-09-13 19:20:57 [info     ] Scale readiness observed       elapsed_sec=15.8 ewma_delay=60.0 samples=0 target=7
2026-09-13 19:20:57 [info     ] algorithm2_scaling_decision    action=MAINTAIN alpha=0.060060060060060066 beta=0.0 buffer=1.0 current_replicas=7 predicted_load=109.10923499999998 required_resources=6.553 target_replicas=7
2026-09-13 19:20:57 [info     ] algorithm2_decision            action=MAINTAIN applied_target=7 current_replicas=7 hold_until=0.0 observed_load=109.11 observed_target=7 point_forecasts=None prediction_age_sec=None predictive_target=7 proactive=False scenario=s3-hybrid-reactive target_replicas=7 upper_forecasts=None
2026-09-13 19:20:57 [debug    ] Decision loop completed        action=RECOVERY latency_ms=833.92 p99=490.4606741573036
2026-09-13 19:21:12 [info     ] algorithm2_scaling_decision    action=MAINTAIN alpha=0.060060060060060066 beta=0.0 buffer=1.0 current_replicas=7 predicted_load=101.03333333333332 required_resources=6.068 target_replicas=7
2026-09-13 19:21:12 [info     ] algorithm2_decision            action=MAINTAIN applied_target=7 current_replicas=7 hold_until=0.0 observed_load=101.03 observed_target=7 point_forecasts=None prediction_age_sec=None predictive_target=7 proactive=False scenario=s3-hybrid-reactive target_replicas=7 upper_forecasts=None
2026-09-13 19:21:12 [debug    ] Decision loop completed        action=MAINTAIN latency_ms=552.82 p99=195.34999999999994
2026-09-13 19:21:27 [info     ] algorithm2_scaling_decision    action=MAINTAIN alpha=0.060060060060060066 beta=0.0 buffer=1.0 current_replicas=7 predicted_load=88.92788222222221 required_resources=5.341 target_replicas=6
2026-09-13 19:21:27 [info     ] algorithm2_decision            action=MAINTAIN applied_target=6 current_replicas=7 hold_until=0.0 observed_load=88.93 observed_target=6 point_forecasts=None prediction_age_sec=None predictive_target=6 proactive=False scenario=s3-hybrid-reactive target_replicas=6 upper_forecasts=None
2026-09-13 19:21:27 [debug    ] Decision loop completed        action=MAINTAIN latency_ms=120.28 p99=189.67032967032947
2026-09-13 19:21:42 [info     ] algorithm2_scaling_decision    action=MAINTAIN alpha=0.060060060060060066 beta=0.0 buffer=1.0 current_replicas=7 predicted_load=86.71834859215012 required_resources=5.208 target_replicas=6
2026-09-13 19:21:42 [info     ] algorithm2_decision            action=MAINTAIN applied_target=6 current_replicas=7 hold_until=0.0 observed_load=86.72 observed_target=6 point_forecasts=None prediction_age_sec=None predictive_target=6 proactive=False scenario=s3-hybrid-reactive target_replicas=6 upper_forecasts=None
2026-09-13 19:21:42 [debug    ] Decision loop completed        action=MAINTAIN latency_ms=188.28 p99=199.82199994677748
2026-09-13 19:21:58 [info     ] algorithm2_scaling_decision    action=MAINTAIN alpha=0.060060060060060066 beta=0.0 buffer=1.0 current_replicas=7 predicted_load=100.84512136992791 required_resources=6.057 target_replicas=7
2026-09-13 19:21:58 [info     ] algorithm2_decision            action=MAINTAIN applied_target=7 current_replicas=7 hold_until=0.0 observed_load=100.85 observed_target=7 point_forecasts=None prediction_age_sec=None predictive_target=7 proactive=False scenario=s3-hybrid-reactive target_replicas=7 upper_forecasts=None
2026-09-13 19:21:58 [debug    ] Decision loop completed        action=MAINTAIN latency_ms=232.24 p99=198.0946788109569
2026-09-13 19:22:13 [warning  ] Knative pre-warm non-200       status=404
2026-09-13 19:22:13 [info     ] controller_decision_v3         action=REACTIVE available_replicas=7 budget_remaining=981 burn_adjustment=0 burst_ratio=0.1238 capacity_deficit=False confidence=0 current_load=133.02486111111114 decision_id=32396330 k8s_capacity=116.5 k8s_weight=87 knative_weight=13 p99=1619.6 predicted_load=0 r_effective=16.6 serverless_enabled=True total_load=133.0 weights_after={'k3s': 87, 'knative': 13} weights_before={'k3s': 100, 'knative': 0}
2026-09-13 19:22:13 [info     ] Weights updated                k3s=87 knative=13
2026-09-13 19:22:13 [info     ] Weights updated                action=REACTIVE reason='load=133RPS | k8s_cap=117RPS | (burst-routing)' weights={'k3s': 87, 'knative': 13}
2026-09-13 19:22:14 [info     ] algorithm2_scaling_decision    action=SCALE_UP alpha=0.060060060060060066 beta=0.0 buffer=1.0 current_replicas=7 predicted_load=122.24486333333334 required_resources=7.342 target_replicas=8
2026-09-13 19:22:14 [info     ] algorithm2_decision            action=SCALE_UP applied_target=8 current_replicas=7 hold_until=0.0 observed_load=122.24 observed_target=8 point_forecasts=None prediction_age_sec=None predictive_target=8 proactive=False scenario=s3-hybrid-reactive target_replicas=8 upper_forecasts=None
2026-09-13 19:22:14 [info     ] k8s_scale_executed             deployment=test-app-warm replicas=8
2026-09-13 19:22:14 [debug    ] Decision loop completed        action=REACTIVE latency_ms=1254.2 p99=1619.6363636363658
2026-09-13 19:22:30 [info     ] Scale readiness observed       elapsed_sec=15.9 ewma_delay=60.0 samples=0 target=8
2026-09-13 19:22:30 [info     ] algorithm2_scaling_decision    action=SCALE_UP alpha=0.060060060060060066 beta=0.0 buffer=1.0 current_replicas=8 predicted_load=142.20467928120365 required_resources=8.541 target_replicas=9
2026-09-13 19:22:30 [info     ] algorithm2_decision            action=SCALE_UP applied_target=9 current_replicas=8 hold_until=0.0 observed_load=142.2 observed_target=9 point_forecasts=None prediction_age_sec=None predictive_target=9 proactive=False scenario=s3-hybrid-reactive target_replicas=9 upper_forecasts=None
2026-09-13 19:22:31 [info     ] k8s_scale_executed             deployment=test-app-warm replicas=9
2026-09-13 19:22:31 [debug    ] Decision loop completed        action=MAINTAIN latency_ms=1576.04 p99=1960.8571428571424
2026-09-13 19:22:46 [info     ] controller_decision_v3         action=RECOVERY available_replicas=9 budget_remaining=979 burn_adjustment=0 burst_ratio=0 capacity_deficit=False confidence=0 current_load=149.5691611111111 decision_id=c82db31e k8s_capacity=149.8 k8s_weight=100 knative_weight=0 p99=946.9 predicted_load=0 r_effective=16.6 serverless_enabled=False total_load=149.6 weights_after={'k3s': 100, 'knative': 0} weights_before={'k3s': 87, 'knative': 13}
2026-09-13 19:22:46 [info     ] Weights updated                k3s=100 knative=0
2026-09-13 19:22:46 [info     ] Weights updated                action=RECOVERY reason='load=150RPS | k8s_cap=150RPS | (reducing-serverless)' weights={'k3s': 100, 'knative': 0}
2026-09-13 19:22:47 [info     ] Scale readiness observed       elapsed_sec=16.0 ewma_delay=60.0 samples=0 target=9
2026-09-13 19:22:47 [info     ] algorithm2_scaling_decision    action=SCALE_UP alpha=0.060060060060060066 beta=0.0 buffer=1.0 current_replicas=9 predicted_load=150.4768292812036 required_resources=9.038 target_replicas=10
2026-09-13 19:22:47 [info     ] algorithm2_decision            action=SCALE_UP applied_target=10 current_replicas=9 hold_until=0.0 observed_load=150.48 observed_target=10 point_forecasts=None prediction_age_sec=None predictive_target=10 proactive=False scenario=s3-hybrid-reactive target_replicas=10 upper_forecasts=None
2026-09-13 19:22:47 [info     ] k8s_scale_executed             deployment=test-app-warm replicas=10
2026-09-13 19:22:47 [debug    ] Decision loop completed        action=RECOVERY latency_ms=1261.24 p99=946.9230769230763
2026-09-13 19:23:02 [info     ] algorithm2_scaling_decision    action=MAINTAIN alpha=0.060060060060060066 beta=0.0 buffer=1.0 current_replicas=10 predicted_load=141.06476111111112 required_resources=8.472 target_replicas=9
2026-09-13 19:23:02 [info     ] algorithm2_decision            action=MAINTAIN applied_target=9 current_replicas=10 hold_until=0.0 observed_load=141.06 observed_target=9 point_forecasts=None prediction_age_sec=None predictive_target=9 proactive=False scenario=s3-hybrid-reactive target_replicas=9 upper_forecasts=None
2026-09-13 19:23:02 [debug    ] Decision loop completed        action=MAINTAIN latency_ms=598.87 p99=468.76249999999976
2026-09-13 19:23:18 [info     ] algorithm2_scaling_decision    action=MAINTAIN alpha=0.060060060060060066 beta=0.0 buffer=1.0 current_replicas=10 predicted_load=130.46281944444445 required_resources=7.836 target_replicas=8
2026-09-13 19:23:18 [info     ] algorithm2_decision            action=MAINTAIN applied_target=8 current_replicas=10 hold_until=0.0 observed_load=130.46 observed_target=8 point_forecasts=None prediction_age_sec=None predictive_target=8 proactive=False scenario=s3-hybrid-reactive target_replicas=8 upper_forecasts=None
2026-09-13 19:23:18 [debug    ] Decision loop completed        action=MAINTAIN latency_ms=185.4 p99=197.94400000000007
2026-09-13 19:23:33 [info     ] algorithm2_scaling_decision    action=MAINTAIN alpha=0.060060060060060066 beta=0.0 buffer=1.0 current_replicas=10 predicted_load=127.33474555555554 required_resources=7.648 target_replicas=8
2026-09-13 19:23:33 [info     ] algorithm2_decision            action=MAINTAIN applied_target=8 current_replicas=10 hold_until=0.0 observed_load=127.33 observed_target=8 point_forecasts=None prediction_age_sec=None predictive_target=8 proactive=False scenario=s3-hybrid-reactive target_replicas=8 upper_forecasts=None
2026-09-13 19:23:33 [debug    ] Decision loop completed        action=MAINTAIN latency_ms=117.66 p99=154.73711538461538
2026-09-13 19:23:48 [info     ] algorithm2_scaling_decision    action=MAINTAIN alpha=0.060060060060060066 beta=0.0 buffer=1.0 current_replicas=10 predicted_load=126.66146408503991 required_resources=7.607 target_replicas=8
2026-09-13 19:23:48 [info     ] algorithm2_decision            action=MAINTAIN applied_target=8 current_replicas=10 hold_until=0.0 observed_load=126.66 observed_target=8 point_forecasts=None prediction_age_sec=None predictive_target=8 proactive=False scenario=s3-hybrid-reactive target_replicas=8 upper_forecasts=None
2026-09-13 19:23:48 [debug    ] Decision loop completed        action=MAINTAIN latency_ms=114.08 p99=191.96054939986635
2026-09-13 19:24:03 [info     ] algorithm2_scaling_decision    action=MAINTAIN alpha=0.060060060060060066 beta=0.0 buffer=1.0 current_replicas=10 predicted_load=122.82046852948436 required_resources=7.377 target_replicas=8
2026-09-13 19:24:03 [info     ] algorithm2_decision            action=MAINTAIN applied_target=8 current_replicas=10 hold_until=0.0 observed_load=122.82 observed_target=8 point_forecasts=None prediction_age_sec=None predictive_target=8 proactive=False scenario=s3-hybrid-reactive target_replicas=8 upper_forecasts=None
2026-09-13 19:24:03 [debug    ] Decision loop completed        action=MAINTAIN latency_ms=128.47 p99=208.426683894629
2026-09-13 19:24:18 [info     ] algorithm2_scaling_decision    action=SCALE_DOWN alpha=0.060060060060060066 beta=0.0 buffer=1.0 current_replicas=10 predicted_load=113.46661828665647 required_resources=6.815 target_replicas=7
2026-09-13 19:24:18 [info     ] algorithm2_decision            action=SCALE_DOWN applied_target=7 current_replicas=10 hold_until=0.0 observed_load=113.47 observed_target=7 point_forecasts=None prediction_age_sec=None predictive_target=7 proactive=False scenario=s3-hybrid-reactive target_replicas=7 upper_forecasts=None
2026-09-13 19:24:18 [debug    ] Decision loop completed        action=MAINTAIN latency_ms=190.75 p99=195.04906531681544
2026-09-13 19:24:33 [info     ] algorithm2_scaling_decision    action=SCALE_DOWN alpha=0.060060060060060066 beta=0.0 buffer=1.0 current_replicas=10 predicted_load=100.04507144811885 required_resources=6.009 target_replicas=7
2026-09-13 19:24:33 [info     ] algorithm2_decision            action=SCALE_DOWN applied_target=7 current_replicas=10 hold_until=0.0 observed_load=100.05 observed_target=7 point_forecasts=None prediction_age_sec=None predictive_target=7 proactive=False scenario=s3-hybrid-reactive target_replicas=7 upper_forecasts=None
2026-09-13 19:24:33 [debug    ] Decision loop completed        action=MAINTAIN latency_ms=122.12 p99=192.65617701521384
2026-09-13 19:24:48 [info     ] algorithm2_scaling_decision    action=SCALE_DOWN alpha=0.060060060060060066 beta=0.0 buffer=1.0 current_replicas=10 predicted_load=87.32289760590682 required_resources=5.245 target_replicas=6
2026-09-13 19:24:48 [info     ] algorithm2_decision            action=SCALE_DOWN applied_target=6 current_replicas=10 hold_until=0.0 observed_load=87.32 observed_target=6 point_forecasts=None prediction_age_sec=None predictive_target=6 proactive=False scenario=s3-hybrid-reactive target_replicas=6 upper_forecasts=None
2026-09-13 19:24:48 [info     ] k8s_scale_executed             deployment=test-app-warm replicas=6
2026-09-13 19:24:48 [debug    ] Decision loop completed        action=MAINTAIN latency_ms=161.91 p99=123.06666666666644
2026-09-13 19:25:04 [info     ] algorithm2_scaling_decision    action=MAINTAIN alpha=0.060060060060060066 beta=0.0 buffer=1.0 current_replicas=6 predicted_load=80.44993027798157 required_resources=4.832 target_replicas=5
2026-09-13 19:25:04 [info     ] algorithm2_decision            action=MAINTAIN applied_target=5 current_replicas=6 hold_until=0.0 observed_load=80.45 observed_target=5 point_forecasts=None prediction_age_sec=None predictive_target=5 proactive=False scenario=s3-hybrid-reactive target_replicas=5 upper_forecasts=None
2026-09-13 19:25:04 [debug    ] Decision loop completed        action=MAINTAIN latency_ms=149.05 p99=160.49999999999957
2026-09-13 19:25:19 [info     ] algorithm2_scaling_decision    action=MAINTAIN alpha=0.060060060060060066 beta=0.0 buffer=1.0 current_replicas=6 predicted_load=81.74828361131489 required_resources=4.91 target_replicas=5
2026-09-13 19:25:19 [info     ] algorithm2_decision            action=MAINTAIN applied_target=5 current_replicas=6 hold_until=0.0 observed_load=81.75 observed_target=5 point_forecasts=None prediction_age_sec=None predictive_target=5 proactive=False scenario=s3-hybrid-reactive target_replicas=5 upper_forecasts=None
2026-09-13 19:25:19 [debug    ] Decision loop completed        action=MAINTAIN latency_ms=115.02 p99=109.18749999999994
2026-09-13 19:25:34 [info     ] algorithm2_scaling_decision    action=MAINTAIN alpha=0.060060060060060066 beta=0.0 buffer=1.0 current_replicas=6 predicted_load=84.65390888888888 required_resources=5.084 target_replicas=6
2026-09-13 19:25:34 [info     ] algorithm2_decision            action=MAINTAIN applied_target=6 current_replicas=6 hold_until=0.0 observed_load=84.65 observed_target=6 point_forecasts=None prediction_age_sec=None predictive_target=6 proactive=False scenario=s3-hybrid-reactive target_replicas=6 upper_forecasts=None
2026-09-13 19:25:34 [debug    ] Decision loop completed        action=MAINTAIN latency_ms=110.96 p99=99.69356223175967
2026-09-13 19:25:49 [info     ] algorithm2_scaling_decision    action=MAINTAIN alpha=0.060060060060060066 beta=0.0 buffer=1.0 current_replicas=6 predicted_load=81.78888888888888 required_resources=4.912 target_replicas=5
2026-09-13 19:25:49 [info     ] algorithm2_decision            action=MAINTAIN applied_target=5 current_replicas=6 hold_until=0.0 observed_load=81.79 observed_target=5 point_forecasts=None prediction_age_sec=None predictive_target=5 proactive=False scenario=s3-hybrid-reactive target_replicas=5 upper_forecasts=None
2026-09-13 19:25:49 [debug    ] Decision loop completed        action=MAINTAIN latency_ms=115.96 p99=99.47431506849317
2026-09-13 19:26:04 [info     ] algorithm2_scaling_decision    action=MAINTAIN alpha=0.060060060060060066 beta=0.0 buffer=1.0 current_replicas=6 predicted_load=71.73333333333332 required_resources=4.308 target_replicas=5
2026-09-13 19:26:04 [info     ] algorithm2_decision            action=MAINTAIN applied_target=5 current_replicas=6 hold_until=0.0 observed_load=71.73 observed_target=5 point_forecasts=None prediction_age_sec=None predictive_target=5 proactive=False scenario=s3-hybrid-reactive target_replicas=5 upper_forecasts=None
2026-09-13 19:26:04 [debug    ] Decision loop completed        action=MAINTAIN latency_ms=120.46 p99=99.46806966618288
2026-09-13 19:26:19 [info     ] algorithm2_scaling_decision    action=SCALE_DOWN alpha=0.060060060060060066 beta=0.0 buffer=1.0 current_replicas=6 predicted_load=59.666666666666664 required_resources=3.584 target_replicas=4
2026-09-13 19:26:19 [info     ] algorithm2_decision            action=SCALE_DOWN applied_target=4 current_replicas=6 hold_until=0.0 observed_load=59.67 observed_target=4 point_forecasts=None prediction_age_sec=None predictive_target=4 proactive=False scenario=s3-hybrid-reactive target_replicas=4 upper_forecasts=None
2026-09-13 19:26:19 [debug    ] Decision loop completed        action=MAINTAIN latency_ms=110.28 p99=99.4719800747198
2026-09-13 19:26:34 [info     ] algorithm2_scaling_decision    action=SCALE_DOWN alpha=0.060060060060060066 beta=0.0 buffer=1.0 current_replicas=6 predicted_load=52.10000000000001 required_resources=3.129 target_replicas=4
2026-09-13 19:26:34 [info     ] algorithm2_decision            action=SCALE_DOWN applied_target=4 current_replicas=6 hold_until=0.0 observed_load=52.1 observed_target=4 point_forecasts=None prediction_age_sec=None predictive_target=4 proactive=False scenario=s3-hybrid-reactive target_replicas=4 upper_forecasts=None
2026-09-13 19:26:34 [debug    ] Decision loop completed        action=MAINTAIN latency_ms=121.02 p99=99.54919499105547
2026-09-13 19:26:49 [info     ] algorithm2_scaling_decision    action=SCALE_DOWN alpha=0.060060060060060066 beta=0.0 buffer=1.0 current_replicas=6 predicted_load=48.44444444444445 required_resources=2.91 target_replicas=3
2026-09-13 19:26:49 [info     ] algorithm2_decision            action=SCALE_DOWN applied_target=3 current_replicas=6 hold_until=0.0 observed_load=48.44 observed_target=3 point_forecasts=None prediction_age_sec=None predictive_target=3 proactive=False scenario=s3-hybrid-reactive target_replicas=3 upper_forecasts=None
2026-09-13 19:26:49 [info     ] k8s_scale_executed             deployment=test-app-warm replicas=3
2026-09-13 19:26:49 [debug    ] Decision loop completed        action=MAINTAIN latency_ms=154.92 p99=99.53931750741842
2026-09-13 19:27:05 [info     ] algorithm2_scaling_decision    action=MAINTAIN alpha=0.060060060060060066 beta=0.0 buffer=1.0 current_replicas=3 predicted_load=45.99233861111112 required_resources=2.762 target_replicas=3
2026-09-13 19:27:05 [info     ] algorithm2_decision            action=MAINTAIN applied_target=3 current_replicas=3 hold_until=0.0 observed_load=45.99 observed_target=3 point_forecasts=None prediction_age_sec=None predictive_target=3 proactive=False scenario=s3-hybrid-reactive target_replicas=3 upper_forecasts=None
2026-09-13 19:27:05 [debug    ] Decision loop completed        action=MAINTAIN latency_ms=164.11 p99=99.46482412060303
2026-09-13 19:27:20 [warning  ] Knative pre-warm non-200       status=404
2026-09-13 19:27:20 [info     ] controller_decision_v3         action=REACTIVE available_replicas=3 budget_remaining=977 burn_adjustment=0 burst_ratio=0.0811 capacity_deficit=False confidence=0 current_load=54.35723111111111 decision_id=9f932b6b k8s_capacity=49.9 k8s_weight=91 knative_weight=9 p99=99.6 predicted_load=0 r_effective=16.6 serverless_enabled=True total_load=54.4 weights_after={'k3s': 91, 'knative': 9} weights_before={'k3s': 100, 'knative': 0}
2026-09-13 19:27:20 [info     ] Weights updated                k3s=91 knative=9
2026-09-13 19:27:20 [info     ] Weights updated                action=REACTIVE reason='load=54RPS | k8s_cap=50RPS | (burst-routing)' weights={'k3s': 91, 'knative': 9}
2026-09-13 19:27:20 [info     ] algorithm2_scaling_decision    action=MAINTAIN alpha=0.060060060060060066 beta=0.0 buffer=1.0 current_replicas=3 predicted_load=49.02650972222223 required_resources=2.945 target_replicas=3
2026-09-13 19:27:20 [info     ] algorithm2_decision            action=MAINTAIN applied_target=3 current_replicas=3 hold_until=0.0 observed_load=49.03 observed_target=3 point_forecasts=None prediction_age_sec=None predictive_target=3 proactive=False scenario=s3-hybrid-reactive target_replicas=3 upper_forecasts=None
2026-09-13 19:27:20 [debug    ] Decision loop completed        action=REACTIVE latency_ms=118.5 p99=99.58470225872689
2026-09-13 19:27:35 [info     ] controller_decision_v3         action=REACTIVE available_replicas=3 budget_remaining=977 burn_adjustment=0 burst_ratio=0.1351 capacity_deficit=False confidence=0 current_load=57.75555555555556 decision_id=7ca2fda2 k8s_capacity=49.9 k8s_weight=86 knative_weight=14 p99=99.9 predicted_load=0 r_effective=16.6 serverless_enabled=True total_load=57.8 weights_after={'k3s': 86, 'knative': 14} weights_before={'k3s': 91, 'knative': 9}
2026-09-13 19:27:35 [info     ] Weights updated                k3s=86 knative=14
2026-09-13 19:27:35 [info     ] Weights updated                action=REACTIVE reason='load=58RPS | k8s_cap=50RPS | (burst-routing)' weights={'k3s': 86, 'knative': 14}
2026-09-13 19:27:35 [info     ] algorithm2_scaling_decision    action=SCALE_UP alpha=0.060060060060060066 beta=0.0 buffer=1.0 current_replicas=3 predicted_load=56.05639333333333 required_resources=3.367 target_replicas=4
2026-09-13 19:27:35 [info     ] algorithm2_decision            action=SCALE_UP applied_target=4 current_replicas=3 hold_until=0.0 observed_load=56.06 observed_target=4 point_forecasts=None prediction_age_sec=None predictive_target=4 proactive=False scenario=s3-hybrid-reactive target_replicas=4 upper_forecasts=None
2026-09-13 19:27:35 [info     ] k8s_scale_executed             deployment=test-app-warm replicas=4
2026-09-13 19:27:35 [debug    ] Decision loop completed        action=REACTIVE latency_ms=161.16 p99=99.88256227758008
2026-09-13 19:27:50 [info     ] controller_decision_v3         action=RECOVERY available_replicas=4 budget_remaining=977 burn_adjustment=0 burst_ratio=0.0778 capacity_deficit=False confidence=0 current_load=72.22222222222221 decision_id=f999c459 k8s_capacity=66.6 k8s_weight=92 knative_weight=8 p99=99.9 predicted_load=0 r_effective=16.6 serverless_enabled=True total_load=72.2 weights_after={'k3s': 92, 'knative': 8} weights_before={'k3s': 86, 'knative': 14}
2026-09-13 19:27:50 [info     ] Weights updated                k3s=92 knative=8
2026-09-13 19:27:50 [info     ] Weights updated                action=RECOVERY reason='load=72RPS | k8s_cap=67RPS | (reducing-serverless)' weights={'k3s': 92, 'knative': 8}
2026-09-13 19:27:50 [info     ] Scale readiness observed       elapsed_sec=15.1 ewma_delay=60.0 samples=0 target=4
2026-09-13 19:27:50 [info     ] algorithm2_scaling_decision    action=MAINTAIN alpha=0.060060060060060066 beta=0.0 buffer=1.0 current_replicas=4 predicted_load=64.98888888888888 required_resources=3.903 target_replicas=4
2026-09-13 19:27:50 [info     ] algorithm2_decision            action=MAINTAIN applied_target=4 current_replicas=4 hold_until=0.0 observed_load=64.99 observed_target=4 point_forecasts=None prediction_age_sec=None predictive_target=4 proactive=False scenario=s3-hybrid-reactive target_replicas=4 upper_forecasts=None
2026-09-13 19:27:50 [debug    ] Decision loop completed        action=RECOVERY latency_ms=142.66 p99=99.9145752895753
2026-09-13 19:28:05 [info     ] controller_decision_v3         action=REACTIVE available_replicas=4 budget_remaining=977 burn_adjustment=0 burst_ratio=0.0978 capacity_deficit=False confidence=0 current_load=73.82222222222218 decision_id=71cd1445 k8s_capacity=66.6 k8s_weight=90 knative_weight=10 p99=99.6 predicted_load=0 r_effective=16.6 serverless_enabled=True total_load=73.8 weights_after={'k3s': 90, 'knative': 10} weights_before={'k3s': 92, 'knative': 8}
2026-09-13 19:28:05 [info     ] Weights updated                k3s=90 knative=10
2026-09-13 19:28:05 [info     ] Weights updated                action=REACTIVE reason='load=74RPS | k8s_cap=67RPS | (burst-routing)' weights={'k3s': 90, 'knative': 10}
2026-09-13 19:28:05 [info     ] algorithm2_scaling_decision    action=SCALE_UP alpha=0.060060060060060066 beta=0.0 buffer=1.0 current_replicas=4 predicted_load=73.0222222222222 required_resources=4.386 target_replicas=5
2026-09-13 19:28:05 [info     ] algorithm2_decision            action=SCALE_UP applied_target=5 current_replicas=4 hold_until=0.0 observed_load=73.02 observed_target=5 point_forecasts=None prediction_age_sec=None predictive_target=5 proactive=False scenario=s3-hybrid-reactive target_replicas=5 upper_forecasts=None
2026-09-13 19:28:05 [info     ] k8s_scale_executed             deployment=test-app-warm replicas=5
2026-09-13 19:28:05 [debug    ] Decision loop completed        action=REACTIVE latency_ms=157.85 p99=99.5792741165234
2026-09-13 19:28:20 [info     ] controller_decision_v3         action=RECOVERY available_replicas=5 budget_remaining=977 burn_adjustment=0 burst_ratio=0 capacity_deficit=False confidence=0 current_load=72.44824444444441 decision_id=e0d60a44 k8s_capacity=83.2 k8s_weight=100 knative_weight=0 p99=99.7 predicted_load=0 r_effective=16.6 serverless_enabled=False total_load=72.4 weights_after={'k3s': 100, 'knative': 0} weights_before={'k3s': 90, 'knative': 10}
2026-09-13 19:28:20 [info     ] Weights updated                k3s=100 knative=0
2026-09-13 19:28:20 [info     ] Weights updated                action=RECOVERY reason='load=72RPS | k8s_cap=83RPS | (reducing-serverless)' weights={'k3s': 100, 'knative': 0}
2026-09-13 19:28:20 [info     ] Scale readiness observed       elapsed_sec=15.1 ewma_delay=60.0 samples=0 target=5
2026-09-13 19:28:20 [info     ] algorithm2_scaling_decision    action=MAINTAIN alpha=0.060060060060060066 beta=0.0 buffer=1.0 current_replicas=5 predicted_load=73.1352333333333 required_resources=4.393 target_replicas=5
2026-09-13 19:28:20 [info     ] algorithm2_decision            action=MAINTAIN applied_target=5 current_replicas=5 hold_until=0.0 observed_load=73.14 observed_target=5 point_forecasts=None prediction_age_sec=None predictive_target=5 proactive=False scenario=s3-hybrid-reactive target_replicas=5 upper_forecasts=None
2026-09-13 19:28:20 [debug    ] Decision loop completed        action=RECOVERY latency_ms=140.04 p99=99.67060491493383
2026-09-13 19:28:35 [info     ] algorithm2_scaling_decision    action=MAINTAIN alpha=0.060060060060060066 beta=0.0 buffer=1.0 current_replicas=5 predicted_load=74.04677999999996 required_resources=4.447 target_replicas=5
2026-09-13 19:28:35 [info     ] algorithm2_decision            action=MAINTAIN applied_target=5 current_replicas=5 hold_until=0.0 observed_load=74.05 observed_target=5 point_forecasts=None prediction_age_sec=None predictive_target=5 proactive=False scenario=s3-hybrid-reactive target_replicas=5 upper_forecasts=None
2026-09-13 19:28:35 [debug    ] Decision loop completed        action=MAINTAIN latency_ms=104.53 p99=99.8635098407281
2026-09-13 19:28:51 [info     ] algorithm2_scaling_decision    action=MAINTAIN alpha=0.060060060060060066 beta=0.0 buffer=1.0 current_replicas=5 predicted_load=79.34021055555553 required_resources=4.765 target_replicas=5
2026-09-13 19:28:51 [info     ] algorithm2_decision            action=MAINTAIN applied_target=5 current_replicas=5 hold_until=0.0 observed_load=79.34 observed_target=5 point_forecasts=None prediction_age_sec=None predictive_target=5 proactive=False scenario=s3-hybrid-reactive target_replicas=5 upper_forecasts=None
2026-09-13 19:28:51 [debug    ] Decision loop completed        action=MAINTAIN latency_ms=380.5 p99=199.38974358974357
2026-09-13 19:29:06 [warning  ] Knative pre-warm non-200       status=404
2026-09-13 19:29:06 [info     ] controller_decision_v3         action=REACTIVE available_replicas=5 budget_remaining=976 burn_adjustment=0 burst_ratio=0.1654 capacity_deficit=False confidence=0 current_load=99.74767777777775 decision_id=77d4b2b2 k8s_capacity=83.2 k8s_weight=83 knative_weight=17 p99=412.1 predicted_load=0 r_effective=16.6 serverless_enabled=True total_load=99.7 weights_after={'k3s': 83, 'knative': 17} weights_before={'k3s': 100, 'knative': 0}
2026-09-13 19:29:06 [info     ] Weights updated                k3s=83 knative=17
2026-09-13 19:29:06 [info     ] Weights updated                action=REACTIVE reason='load=100RPS | k8s_cap=83RPS | (burst-routing)' weights={'k3s': 83, 'knative': 17}
2026-09-13 19:29:06 [info     ] algorithm2_scaling_decision    action=SCALE_UP alpha=0.060060060060060066 beta=0.0 buffer=1.0 current_replicas=5 predicted_load=91.39139166666665 required_resources=5.489 target_replicas=6
2026-09-13 19:29:06 [info     ] algorithm2_decision            action=SCALE_UP applied_target=6 current_replicas=5 hold_until=0.0 observed_load=91.39 observed_target=6 point_forecasts=None prediction_age_sec=None predictive_target=6 proactive=False scenario=s3-hybrid-reactive target_replicas=6 upper_forecasts=None
2026-09-13 19:29:06 [info     ] k8s_scale_executed             deployment=test-app-warm replicas=6
2026-09-13 19:29:06 [debug    ] Decision loop completed        action=REACTIVE latency_ms=142.84 p99=412.1111111111113
2026-09-13 19:29:21 [info     ] controller_decision_v3         action=RECOVERY available_replicas=6 budget_remaining=976 burn_adjustment=0 burst_ratio=0.0056 capacity_deficit=False confidence=0 current_load=100.46189222222219 decision_id=7b6817bd k8s_capacity=99.9 k8s_weight=99 knative_weight=1 p99=187.8 predicted_load=0 r_effective=16.6 serverless_enabled=True total_load=100.5 weights_after={'k3s': 99, 'knative': 1} weights_before={'k3s': 83, 'knative': 17}
2026-09-13 19:29:21 [info     ] Weights updated                k3s=99 knative=1
2026-09-13 19:29:21 [info     ] Weights updated                action=RECOVERY reason='load=100RPS | k8s_cap=100RPS | (reducing-serverless)' weights={'k3s': 99, 'knative': 1}
2026-09-13 19:29:22 [info     ] Scale readiness observed       elapsed_sec=15.6 ewma_delay=60.0 samples=0 target=6
2026-09-13 19:29:22 [info     ] algorithm2_scaling_decision    action=SCALE_UP alpha=0.060060060060060066 beta=0.0 buffer=1.0 current_replicas=6 predicted_load=100.10478499999996 required_resources=6.012 target_replicas=7
2026-09-13 19:29:22 [info     ] algorithm2_decision            action=SCALE_UP applied_target=7 current_replicas=6 hold_until=0.0 observed_load=100.1 observed_target=7 point_forecasts=None prediction_age_sec=None predictive_target=7 proactive=False scenario=s3-hybrid-reactive target_replicas=7 upper_forecasts=None
2026-09-13 19:29:22 [info     ] k8s_scale_executed             deployment=test-app-warm replicas=7
2026-09-13 19:29:22 [debug    ] Decision loop completed        action=RECOVERY latency_ms=673.77 p99=187.84848484848453
2026-09-13 19:29:37 [info     ] controller_decision_v3         action=RECOVERY available_replicas=7 budget_remaining=976 burn_adjustment=0 burst_ratio=0 capacity_deficit=False confidence=0 current_load=85.96787581440823 decision_id=828a1174 k8s_capacity=116.5 k8s_weight=100 knative_weight=0 p99=189.8 predicted_load=0 r_effective=16.6 serverless_enabled=False total_load=86.0 weights_after={'k3s': 100, 'knative': 0} weights_before={'k3s': 99, 'knative': 1}
2026-09-13 19:29:37 [info     ] Weights updated                k3s=100 knative=0
2026-09-13 19:29:37 [info     ] Weights updated                action=RECOVERY reason='load=86RPS | k8s_cap=117RPS | (reducing-serverless)' weights={'k3s': 100, 'knative': 0}
2026-09-13 19:29:37 [info     ] Scale readiness observed       elapsed_sec=15.5 ewma_delay=60.0 samples=0 target=7
2026-09-13 19:29:37 [info     ] algorithm2_scaling_decision    action=MAINTAIN alpha=0.060060060060060066 beta=0.0 buffer=1.0 current_replicas=7 predicted_load=93.21488401831522 required_resources=5.598 target_replicas=6
2026-09-13 19:29:37 [info     ] algorithm2_decision            action=MAINTAIN applied_target=6 current_replicas=7 hold_until=0.0 observed_load=93.21 observed_target=6 point_forecasts=None prediction_age_sec=None predictive_target=6 proactive=False scenario=s3-hybrid-reactive target_replicas=6 upper_forecasts=None
2026-09-13 19:29:37 [debug    ] Decision loop completed        action=RECOVERY latency_ms=507.12 p99=189.84858627189485
2026-09-13 19:29:52 [info     ] algorithm2_scaling_decision    action=SCALE_DOWN alpha=0.060060060060060066 beta=0.0 buffer=1.0 current_replicas=7 predicted_load=78.49686457387078 required_resources=4.715 target_replicas=5
2026-09-13 19:29:52 [info     ] algorithm2_decision            action=SCALE_DOWN applied_target=5 current_replicas=7 hold_until=0.0 observed_load=78.5 observed_target=5 point_forecasts=None prediction_age_sec=None predictive_target=5 proactive=False scenario=s3-hybrid-reactive target_replicas=5 upper_forecasts=None
2026-09-13 19:29:52 [debug    ] Decision loop completed        action=MAINTAIN latency_ms=109.85 p99=170.03997866382204
2026-09-13 19:30:07 [info     ] algorithm2_scaling_decision    action=SCALE_DOWN alpha=0.060060060060060066 beta=0.0 buffer=1.0 current_replicas=7 predicted_load=64.81764259259259 required_resources=3.893 target_replicas=4
2026-09-13 19:30:07 [info     ] algorithm2_decision            action=SCALE_DOWN applied_target=4 current_replicas=7 hold_until=0.0 observed_load=64.82 observed_target=4 point_forecasts=None prediction_age_sec=None predictive_target=4 proactive=False scenario=s3-hybrid-reactive target_replicas=4 upper_forecasts=None
2026-09-13 19:30:07 [info     ] k8s_scale_executed             deployment=test-app-warm replicas=4
2026-09-13 19:30:07 [debug    ] Decision loop completed        action=MAINTAIN latency_ms=136.03 p99=99.61456752655539
2026-09-13 19:30:23 [info     ] algorithm2_scaling_decision    action=MAINTAIN alpha=0.060060060060060066 beta=0.0 buffer=1.0 current_replicas=4 predicted_load=55.87838404654611 required_resources=3.356 target_replicas=4
2026-09-13 19:30:23 [info     ] algorithm2_decision            action=MAINTAIN applied_target=4 current_replicas=4 hold_until=0.0 observed_load=55.88 observed_target=4 point_forecasts=None prediction_age_sec=None predictive_target=4 proactive=False scenario=s3-hybrid-reactive target_replicas=4 upper_forecasts=None
2026-09-13 19:30:23 [debug    ] Decision loop completed        action=MAINTAIN latency_ms=106.08 p99=99.62857142857145
2026-09-13 19:30:38 [info     ] algorithm2_scaling_decision    action=MAINTAIN alpha=0.060060060060060066 beta=0.0 buffer=1.0 current_replicas=4 predicted_load=52.92280812062018 required_resources=3.179 target_replicas=4
2026-09-13 19:30:38 [info     ] algorithm2_decision            action=MAINTAIN applied_target=4 current_replicas=4 hold_until=0.0 observed_load=52.92 observed_target=4 point_forecasts=None prediction_age_sec=None predictive_target=4 proactive=False scenario=s3-hybrid-reactive target_replicas=4 upper_forecasts=None
2026-09-13 19:30:38 [debug    ] Decision loop completed        action=MAINTAIN latency_ms=109.92 p99=99.66113161131612
2026-09-13 19:30:53 [info     ] algorithm2_scaling_decision    action=MAINTAIN alpha=0.060060060060060066 beta=0.0 buffer=1.0 current_replicas=4 predicted_load=52.993584444444444 required_resources=3.183 target_replicas=4
2026-09-13 19:30:53 [info     ] algorithm2_decision            action=MAINTAIN applied_target=4 current_replicas=4 hold_until=0.0 observed_load=52.99 observed_target=4 point_forecasts=None prediction_age_sec=None predictive_target=4 proactive=False scenario=s3-hybrid-reactive target_replicas=4 upper_forecasts=None
2026-09-13 19:30:53 [debug    ] Decision loop completed        action=MAINTAIN latency_ms=103.11 p99=99.77332535885168
2026-09-13 19:31:08 [info     ] algorithm2_scaling_decision    action=MAINTAIN alpha=0.060060060060060066 beta=0.0 buffer=1.0 current_replicas=4 predicted_load=54.266666666666666 required_resources=3.259 target_replicas=4
2026-09-13 19:31:08 [info     ] algorithm2_decision            action=MAINTAIN applied_target=4 current_replicas=4 hold_until=0.0 observed_load=54.27 observed_target=4 point_forecasts=None prediction_age_sec=None predictive_target=4 proactive=False scenario=s3-hybrid-reactive target_replicas=4 upper_forecasts=None
2026-09-13 19:31:08 [debug    ] Decision loop completed        action=MAINTAIN latency_ms=110.66 p99=99.61388888888891
2026-09-13 19:31:23 [info     ] algorithm2_scaling_decision    action=MAINTAIN alpha=0.060060060060060066 beta=0.0 buffer=1.0 current_replicas=4 predicted_load=53.477777777777774 required_resources=3.212 target_replicas=4
2026-09-13 19:31:23 [info     ] algorithm2_decision            action=MAINTAIN applied_target=4 current_replicas=4 hold_until=0.0 observed_load=53.48 observed_target=4 point_forecasts=None prediction_age_sec=None predictive_target=4 proactive=False scenario=s3-hybrid-reactive target_replicas=4 upper_forecasts=None
2026-09-13 19:31:23 [debug    ] Decision loop completed        action=MAINTAIN latency_ms=104.65 p99=99.54740061162079
2026-09-13 19:31:38 [info     ] algorithm2_scaling_decision    action=MAINTAIN alpha=0.060060060060060066 beta=0.0 buffer=1.0 current_replicas=4 predicted_load=49.00000000000001 required_resources=2.943 target_replicas=3
2026-09-13 19:31:38 [info     ] algorithm2_decision            action=MAINTAIN applied_target=3 current_replicas=4 hold_until=0.0 observed_load=49.0 observed_target=3 point_forecasts=None prediction_age_sec=None predictive_target=3 proactive=False scenario=s3-hybrid-reactive target_replicas=3 upper_forecasts=None
2026-09-13 19:31:38 [debug    ] Decision loop completed        action=MAINTAIN latency_ms=100.37 p99=99.5526755852843
2026-09-13 19:31:53 [info     ] algorithm2_scaling_decision    action=MAINTAIN alpha=0.060060060060060066 beta=0.0 buffer=1.0 current_replicas=4 predicted_load=44.522222222222226 required_resources=2.674 target_replicas=3
2026-09-13 19:31:53 [info     ] algorithm2_decision            action=MAINTAIN applied_target=3 current_replicas=4 hold_until=0.0 observed_load=44.52 observed_target=3 point_forecasts=None prediction_age_sec=None predictive_target=3 proactive=False scenario=s3-hybrid-reactive target_replicas=3 upper_forecasts=None
2026-09-13 19:31:53 [debug    ] Decision loop completed        action=MAINTAIN latency_ms=106.28 p99=99.46886120996442
2026-09-13 19:32:08 [info     ] algorithm2_scaling_decision    action=MAINTAIN alpha=0.060060060060060066 beta=0.0 buffer=1.0 current_replicas=4 predicted_load=42.22222222222223 required_resources=2.536 target_replicas=3
2026-09-13 19:32:08 [info     ] algorithm2_decision            action=MAINTAIN applied_target=3 current_replicas=4 hold_until=0.0 observed_load=42.22 observed_target=3 point_forecasts=None prediction_age_sec=None predictive_target=3 proactive=False scenario=s3-hybrid-reactive target_replicas=3 upper_forecasts=None
2026-09-13 19:32:08 [debug    ] Decision loop completed        action=MAINTAIN latency_ms=107.09 p99=99.63366336633663
2026-09-13 19:32:23 [info     ] algorithm2_scaling_decision    action=MAINTAIN alpha=0.060060060060060066 beta=0.0 buffer=1.0 current_replicas=4 predicted_load=42.04444444444445 required_resources=2.525 target_replicas=3
2026-09-13 19:32:23 [info     ] algorithm2_decision            action=MAINTAIN applied_target=3 current_replicas=4 hold_until=0.0 observed_load=42.04 observed_target=3 point_forecasts=None prediction_age_sec=None predictive_target=3 proactive=False scenario=s3-hybrid-reactive target_replicas=3 upper_forecasts=None
2026-09-13 19:32:23 [debug    ] Decision loop completed        action=MAINTAIN latency_ms=111.2 p99=99.47063492063492
2026-09-13 19:32:38 [info     ] algorithm2_scaling_decision    action=MAINTAIN alpha=0.060060060060060066 beta=0.0 buffer=1.0 current_replicas=4 predicted_load=44.84444444444445 required_resources=2.693 target_replicas=3
2026-09-13 19:32:38 [info     ] algorithm2_decision            action=MAINTAIN applied_target=3 current_replicas=4 hold_until=0.0 observed_load=44.84 observed_target=3 point_forecasts=None prediction_age_sec=None predictive_target=3 proactive=False scenario=s3-hybrid-reactive target_replicas=3 upper_forecasts=None
2026-09-13 19:32:38 [debug    ] Decision loop completed        action=MAINTAIN latency_ms=100.78 p99=99.54097311139564
2026-09-13 19:32:54 [info     ] algorithm2_scaling_decision    action=MAINTAIN alpha=0.060060060060060066 beta=0.0 buffer=1.0 current_replicas=4 predicted_load=45.74444444444445 required_resources=2.747 target_replicas=3
2026-09-13 19:32:54 [info     ] algorithm2_decision            action=MAINTAIN applied_target=3 current_replicas=4 hold_until=0.0 observed_load=45.74 observed_target=3 point_forecasts=None prediction_age_sec=None predictive_target=3 proactive=False scenario=s3-hybrid-reactive target_replicas=3 upper_forecasts=None
2026-09-13 19:32:54 [debug    ] Decision loop completed        action=MAINTAIN latency_ms=106.07 p99=99.67274678111589
2026-09-13 19:33:09 [info     ] algorithm2_scaling_decision    action=MAINTAIN alpha=0.060060060060060066 beta=0.0 buffer=1.0 current_replicas=4 predicted_load=37.17777777777778 required_resources=2.233 target_replicas=3
2026-09-13 19:33:09 [info     ] algorithm2_decision            action=MAINTAIN applied_target=3 current_replicas=4 hold_until=0.0 observed_load=37.18 observed_target=3 point_forecasts=None prediction_age_sec=None predictive_target=3 proactive=False scenario=s3-hybrid-reactive target_replicas=3 upper_forecasts=None
2026-09-13 19:33:09 [debug    ] Decision loop completed        action=MAINTAIN latency_ms=112.04 p99=0.99
2026-09-13 19:33:24 [info     ] algorithm2_scaling_decision    action=MAINTAIN alpha=0.060060060060060066 beta=0.0 buffer=1.0 current_replicas=4 predicted_load=21.499999999999996 required_resources=1.291 target_replicas=3
2026-09-13 19:33:24 [info     ] algorithm2_decision            action=MAINTAIN applied_target=3 current_replicas=4 hold_until=0.0 observed_load=21.5 observed_target=3 point_forecasts=None prediction_age_sec=None predictive_target=3 proactive=False scenario=s3-hybrid-reactive target_replicas=3 upper_forecasts=None
2026-09-13 19:33:24 [debug    ] Decision loop completed        action=MAINTAIN latency_ms=106.46 p99=0.9900000000000002
2026-09-13 19:33:39 [info     ] algorithm2_scaling_decision    action=MAINTAIN alpha=0.060060060060060066 beta=0.0 buffer=1.0 current_replicas=4 predicted_load=7.6111111111111125 required_resources=0.457 target_replicas=3
2026-09-13 19:33:39 [info     ] algorithm2_decision            action=MAINTAIN applied_target=3 current_replicas=4 hold_until=0.0 observed_load=7.61 observed_target=3 point_forecasts=None prediction_age_sec=None predictive_target=3 proactive=False scenario=s3-hybrid-reactive target_replicas=3 upper_forecasts=None
2026-09-13 19:33:39 [debug    ] Decision loop completed        action=MAINTAIN latency_ms=106.55 p99=0.99
2026-09-13 19:33:45 [info     ] Received shutdown signal
2026-09-13 19:33:45 [info     ] Stopping routing daemon...
2026-09-13 19:33:45 [info     ] Routing daemon stopped
