2026-08-06 23:43:01 [info     ] SLOMonitor initialized         threshold_ms=200.0 violation_window=30
2026-08-06 23:43:01 [info     ] Algorithm1ControllerV3 initialized max_knative=50 r_saturation=33.3 target_cpu_util=0.5 total_budget=1000
2026-08-06 23:43:01 [info     ] Using V3 controller (Capacity-Driven) scenario=s3-hybrid-reactive version=v3
2026-08-06 23:43:01 [info     ] HAProxyWeightAdjuster initialized backend=servers host=localhost port=19999
2026-08-06 23:43:01 [info     ] GRUClient initialized          base_url=http://localhost:8090
2026-08-06 23:43:01 [info     ] K8sScaler initialized          deployment=test-app-warm namespace=default
2026-08-06 23:43:01 [info     ] RoutingDaemon initialized      decision_interval=15 description='Algorithm 1 reactive routing without predictions' scenario=s3-hybrid-reactive use_algorithm=True use_predictions=False
2026-08-06 23:43:01 [info     ] Starting routing daemon        interval=15 scenario=s3-hybrid-reactive
2026-08-06 23:43:01 [info     ] Weights updated                k3s=80 knative=20
2026-08-06 23:43:01 [info     ] Initial weights applied        k3s=80 knative=20
2026-08-06 23:43:02 [debug    ] HAProxy fallback primed        total_requests=0
2026-08-06 23:43:02 [info     ] algorithm2_scaling_decision    action=MAINTAIN alpha=0.060060060060060066 beta=0.0 buffer=1.0 current_replicas=3 predicted_load=0.0 required_resources=0.0 target_replicas=3
2026-08-06 23:43:02 [info     ] algorithm2_decision            action=MAINTAIN applied_target=3 current_replicas=3 hold_until=0.0 observed_load=0.0 observed_target=3 point_forecasts=None prediction_age_sec=None predictive_target=3 proactive=False scenario=s3-hybrid-reactive target_replicas=3 upper_forecasts=None
2026-08-06 23:43:02 [debug    ] Decision loop completed        action=MAINTAIN latency_ms=111.81 p99=0.0
2026-08-06 23:43:17 [info     ] algorithm2_scaling_decision    action=MAINTAIN alpha=0.060060060060060066 beta=0.0 buffer=1.0 current_replicas=3 predicted_load=0.0 required_resources=0.0 target_replicas=3
2026-08-06 23:43:17 [info     ] algorithm2_decision            action=MAINTAIN applied_target=3 current_replicas=3 hold_until=0.0 observed_load=0.0 observed_target=3 point_forecasts=None prediction_age_sec=None predictive_target=3 proactive=False scenario=s3-hybrid-reactive target_replicas=3 upper_forecasts=None
2026-08-06 23:43:17 [debug    ] Decision loop completed        action=MAINTAIN latency_ms=105.4 p99=0.0
2026-08-06 23:43:32 [info     ] algorithm2_scaling_decision    action=MAINTAIN alpha=0.060060060060060066 beta=0.0 buffer=1.0 current_replicas=3 predicted_load=0.0 required_resources=0.0 target_replicas=3
2026-08-06 23:43:32 [info     ] algorithm2_decision            action=MAINTAIN applied_target=3 current_replicas=3 hold_until=0.0 observed_load=0.0 observed_target=3 point_forecasts=None prediction_age_sec=None predictive_target=3 proactive=False scenario=s3-hybrid-reactive target_replicas=3 upper_forecasts=None
2026-08-06 23:43:32 [debug    ] Decision loop completed        action=MAINTAIN latency_ms=107.75 p99=0.0
2026-08-06 23:43:47 [debug    ] HAProxy fallback latency       delta_requests=640 interval_avg_ms=64.0 max_rtime_ms=95.0 p99_est=95.0
2026-08-06 23:43:47 [info     ] controller_decision_v3         action=RECOVERY available_replicas=3 budget_remaining=1000 burn_adjustment=0 burst_ratio=0 capacity_deficit=False confidence=0 current_load=42.234809049910986 decision_id=1e556e69 k8s_capacity=49.9 k8s_weight=100 knative_weight=0 p99=95.0 predicted_load=0 r_effective=16.6 serverless_enabled=False total_load=42.2 weights_after={'k3s': 100, 'knative': 0} weights_before={'k3s': 80, 'knative': 20}
2026-08-06 23:43:47 [info     ] Weights updated                k3s=100 knative=0
2026-08-06 23:43:47 [info     ] Weights updated                action=RECOVERY reason='load=42RPS | k8s_cap=50RPS | (reducing-serverless)' weights={'k3s': 100, 'knative': 0}
2026-08-06 23:43:47 [info     ] algorithm2_scaling_decision    action=MAINTAIN alpha=0.060060060060060066 beta=0.0 buffer=1.0 current_replicas=3 predicted_load=21.117404524955493 required_resources=1.268 target_replicas=3
2026-08-06 23:43:47 [info     ] algorithm2_decision            action=MAINTAIN applied_target=3 current_replicas=3 hold_until=0.0 observed_load=21.12 observed_target=3 point_forecasts=None prediction_age_sec=None predictive_target=3 proactive=False scenario=s3-hybrid-reactive target_replicas=3 upper_forecasts=None
2026-08-06 23:43:47 [debug    ] Decision loop completed        action=RECOVERY latency_ms=145.19 p99=95.0
2026-08-06 23:44:02 [debug    ] HAProxy fallback latency       delta_requests=666 interval_avg_ms=64.0 max_rtime_ms=127.0 p99_est=127.0
2026-08-06 23:44:02 [info     ] algorithm2_scaling_decision    action=MAINTAIN alpha=0.060060060060060066 beta=0.0 buffer=1.0 current_replicas=3 predicted_load=43.104840466841424 required_resources=2.589 target_replicas=3
2026-08-06 23:44:02 [info     ] algorithm2_decision            action=MAINTAIN applied_target=3 current_replicas=3 hold_until=0.0 observed_load=43.1 observed_target=3 point_forecasts=None prediction_age_sec=None predictive_target=3 proactive=False scenario=s3-hybrid-reactive target_replicas=3 upper_forecasts=None
2026-08-06 23:44:02 [debug    ] Decision loop completed        action=MAINTAIN latency_ms=110.57 p99=127.0
2026-08-06 23:44:17 [debug    ] HAProxy fallback latency       delta_requests=716 interval_avg_ms=72.47 max_rtime_ms=132.0 p99_est=132.0
2026-08-06 23:44:17 [info     ] algorithm2_scaling_decision    action=MAINTAIN alpha=0.060060060060060066 beta=0.0 buffer=1.0 current_replicas=3 predicted_load=45.67875138095145 required_resources=2.743 target_replicas=3
2026-08-06 23:44:17 [info     ] algorithm2_decision            action=MAINTAIN applied_target=3 current_replicas=3 hold_until=0.0 observed_load=45.68 observed_target=3 point_forecasts=None prediction_age_sec=None predictive_target=3 proactive=False scenario=s3-hybrid-reactive target_replicas=3 upper_forecasts=None
2026-08-06 23:44:17 [debug    ] Decision loop completed        action=MAINTAIN latency_ms=103.99 p99=132.0
2026-08-06 23:44:32 [debug    ] HAProxy fallback latency       delta_requests=822 interval_avg_ms=60.08 max_rtime_ms=132.0 p99_est=120.16
2026-08-06 23:44:32 [info     ] Knative pre-warm OK            cold_start_ms=2.4
2026-08-06 23:44:32 [info     ] controller_decision_v3         action=REACTIVE available_replicas=3 budget_remaining=1000 burn_adjustment=0 burst_ratio=0.0822 capacity_deficit=False confidence=0 current_load=54.42151202055369 decision_id=414f5006 k8s_capacity=49.9 k8s_weight=91 knative_weight=9 p99=120.2 predicted_load=0 r_effective=16.6 serverless_enabled=True total_load=54.4 weights_after={'k3s': 91, 'knative': 9} weights_before={'k3s': 100, 'knative': 0}
2026-08-06 23:44:32 [info     ] Weights updated                k3s=91 knative=9
2026-08-06 23:44:32 [info     ] Weights updated                action=REACTIVE reason='load=54RPS | k8s_cap=50RPS | (burst-routing)' weights={'k3s': 91, 'knative': 9}
2026-08-06 23:44:32 [info     ] algorithm2_scaling_decision    action=SCALE_UP alpha=0.060060060060060066 beta=0.0 buffer=1.0 current_replicas=3 predicted_load=50.902071449342365 required_resources=3.057 target_replicas=4
2026-08-06 23:44:32 [info     ] algorithm2_decision            action=SCALE_UP applied_target=4 current_replicas=3 hold_until=0.0 observed_load=50.9 observed_target=4 point_forecasts=None prediction_age_sec=None predictive_target=4 proactive=False scenario=s3-hybrid-reactive target_replicas=4 upper_forecasts=None
2026-08-06 23:44:32 [info     ] k8s_scale_executed             deployment=test-app-warm replicas=4
2026-08-06 23:44:32 [debug    ] Decision loop completed        action=REACTIVE latency_ms=144.24 p99=120.16058394160584
2026-08-06 23:44:47 [debug    ] HAProxy fallback latency       delta_requests=769 interval_avg_ms=65.0 max_rtime_ms=132.0 p99_est=130.0
2026-08-06 23:44:47 [info     ] controller_decision_v3         action=RECOVERY available_replicas=4 budget_remaining=1000 burn_adjustment=0 burst_ratio=0 capacity_deficit=False confidence=0 current_load=50.84477798965983 decision_id=84b6fcf2 k8s_capacity=66.6 k8s_weight=100 knative_weight=0 p99=130.0 predicted_load=0 r_effective=16.6 serverless_enabled=False total_load=50.8 weights_after={'k3s': 100, 'knative': 0} weights_before={'k3s': 91, 'knative': 9}
2026-08-06 23:44:47 [info     ] Weights updated                k3s=100 knative=0
2026-08-06 23:44:47 [info     ] Weights updated                action=RECOVERY reason='load=51RPS | k8s_cap=67RPS | (reducing-serverless)' weights={'k3s': 100, 'knative': 0}
2026-08-06 23:44:47 [info     ] Scale readiness observed       elapsed_sec=15.1 ewma_delay=46.5 samples=1 target=4
2026-08-06 23:44:47 [info     ] algorithm2_scaling_decision    action=MAINTAIN alpha=0.060060060060060066 beta=0.0 buffer=1.0 current_replicas=4 predicted_load=52.63314500510676 required_resources=3.161 target_replicas=4
2026-08-06 23:44:47 [info     ] algorithm2_decision            action=MAINTAIN applied_target=4 current_replicas=4 hold_until=0.0 observed_load=52.63 observed_target=4 point_forecasts=None prediction_age_sec=None predictive_target=4 proactive=False scenario=s3-hybrid-reactive target_replicas=4 upper_forecasts=None
2026-08-06 23:44:47 [debug    ] Decision loop completed        action=RECOVERY latency_ms=138.21 p99=130.0
2026-08-06 23:45:02 [debug    ] HAProxy fallback latency       delta_requests=547 interval_avg_ms=65.0 max_rtime_ms=132.0 p99_est=130.0
2026-08-06 23:45:03 [info     ] algorithm2_scaling_decision    action=MAINTAIN alpha=0.060060060060060066 beta=0.0 buffer=1.0 current_replicas=4 predicted_load=43.48923851252685 required_resources=2.612 target_replicas=3
2026-08-06 23:45:03 [info     ] algorithm2_decision            action=MAINTAIN applied_target=3 current_replicas=4 hold_until=0.0 observed_load=43.49 observed_target=3 point_forecasts=None prediction_age_sec=None predictive_target=3 proactive=False scenario=s3-hybrid-reactive target_replicas=3 upper_forecasts=None
2026-08-06 23:45:03 [debug    ] Decision loop completed        action=MAINTAIN latency_ms=108.05 p99=130.0
2026-08-06 23:45:18 [debug    ] HAProxy fallback latency       delta_requests=411 interval_avg_ms=65.0 max_rtime_ms=132.0 p99_est=130.0
2026-08-06 23:45:18 [info     ] algorithm2_scaling_decision    action=MAINTAIN alpha=0.060060060060060066 beta=0.0 buffer=1.0 current_replicas=4 predicted_load=31.667248461714696 required_resources=1.902 target_replicas=3
2026-08-06 23:45:18 [info     ] algorithm2_decision            action=MAINTAIN applied_target=3 current_replicas=4 hold_until=0.0 observed_load=31.67 observed_target=3 point_forecasts=None prediction_age_sec=None predictive_target=3 proactive=False scenario=s3-hybrid-reactive target_replicas=3 upper_forecasts=None
2026-08-06 23:45:18 [debug    ] Decision loop completed        action=MAINTAIN latency_ms=111.36 p99=130.0
2026-08-06 23:45:33 [debug    ] HAProxy fallback latency       delta_requests=358 interval_avg_ms=65.0 max_rtime_ms=132.0 p99_est=130.0
2026-08-06 23:45:33 [info     ] algorithm2_scaling_decision    action=MAINTAIN alpha=0.060060060060060066 beta=0.0 buffer=1.0 current_replicas=4 predicted_load=25.445569252759096 required_resources=1.528 target_replicas=3
2026-08-06 23:45:33 [info     ] algorithm2_decision            action=MAINTAIN applied_target=3 current_replicas=4 hold_until=0.0 observed_load=25.45 observed_target=3 point_forecasts=None prediction_age_sec=None predictive_target=3 proactive=False scenario=s3-hybrid-reactive target_replicas=3 upper_forecasts=None
2026-08-06 23:45:33 [debug    ] Decision loop completed        action=MAINTAIN latency_ms=110.31 p99=130.0
2026-08-06 23:45:48 [debug    ] HAProxy fallback latency       delta_requests=485 interval_avg_ms=65.0 max_rtime_ms=132.0 p99_est=130.0
2026-08-06 23:45:48 [info     ] algorithm2_scaling_decision    action=MAINTAIN alpha=0.060060060060060066 beta=0.0 buffer=1.0 current_replicas=4 predicted_load=27.86224430461483 required_resources=1.673 target_replicas=3
2026-08-06 23:45:48 [info     ] algorithm2_decision            action=MAINTAIN applied_target=3 current_replicas=4 hold_until=0.0 observed_load=27.86 observed_target=3 point_forecasts=None prediction_age_sec=None predictive_target=3 proactive=False scenario=s3-hybrid-reactive target_replicas=3 upper_forecasts=None
2026-08-06 23:45:48 [debug    ] Decision loop completed        action=MAINTAIN latency_ms=107.04 p99=130.0
2026-08-06 23:46:03 [debug    ] HAProxy fallback latency       delta_requests=773 interval_avg_ms=57.0 max_rtime_ms=132.0 p99_est=113.99
2026-08-06 23:46:03 [info     ] algorithm2_scaling_decision    action=MAINTAIN alpha=0.060060060060060066 beta=0.0 buffer=1.0 current_replicas=4 predicted_load=41.60190188057459 required_resources=2.499 target_replicas=3
2026-08-06 23:46:03 [info     ] algorithm2_decision            action=MAINTAIN applied_target=3 current_replicas=4 hold_until=0.0 observed_load=41.6 observed_target=3 point_forecasts=None prediction_age_sec=None predictive_target=3 proactive=False scenario=s3-hybrid-reactive target_replicas=3 upper_forecasts=None
2026-08-06 23:46:03 [debug    ] Decision loop completed        action=MAINTAIN latency_ms=108.59 p99=113.99223803363519
2026-08-06 23:46:18 [debug    ] HAProxy fallback latency       delta_requests=812 interval_avg_ms=72.62 max_rtime_ms=132.0 p99_est=132.0
2026-08-06 23:46:18 [info     ] algorithm2_scaling_decision    action=MAINTAIN alpha=0.060060060060060066 beta=0.0 buffer=1.0 current_replicas=4 predicted_load=52.4555472740368 required_resources=3.15 target_replicas=4
2026-08-06 23:46:18 [info     ] algorithm2_decision            action=MAINTAIN applied_target=4 current_replicas=4 hold_until=0.0 observed_load=52.46 observed_target=4 point_forecasts=None prediction_age_sec=None predictive_target=4 proactive=False scenario=s3-hybrid-reactive target_replicas=4 upper_forecasts=None
2026-08-06 23:46:18 [debug    ] Decision loop completed        action=MAINTAIN latency_ms=100.21 p99=132.0
2026-08-06 23:46:33 [debug    ] HAProxy fallback latency       delta_requests=637 interval_avg_ms=53.01 max_rtime_ms=132.0 p99_est=106.03
2026-08-06 23:46:33 [info     ] algorithm2_scaling_decision    action=MAINTAIN alpha=0.060060060060060066 beta=0.0 buffer=1.0 current_replicas=4 predicted_load=47.996458610145375 required_resources=2.883 target_replicas=3
2026-08-06 23:46:33 [info     ] algorithm2_decision            action=MAINTAIN applied_target=3 current_replicas=4 hold_until=0.0 observed_load=48.0 observed_target=3 point_forecasts=None prediction_age_sec=None predictive_target=3 proactive=False scenario=s3-hybrid-reactive target_replicas=3 upper_forecasts=None
2026-08-06 23:46:33 [debug    ] Decision loop completed        action=MAINTAIN latency_ms=105.53 p99=106.02511773940346
2026-08-06 23:46:48 [debug    ] HAProxy fallback latency       delta_requests=656 interval_avg_ms=76.64 max_rtime_ms=132.0 p99_est=132.0
2026-08-06 23:46:48 [info     ] algorithm2_scaling_decision    action=MAINTAIN alpha=0.060060060060060066 beta=0.0 buffer=1.0 current_replicas=4 predicted_load=42.80592525409581 required_resources=2.571 target_replicas=3
2026-08-06 23:46:48 [info     ] algorithm2_decision            action=MAINTAIN applied_target=3 current_replicas=4 hold_until=0.0 observed_load=42.81 observed_target=3 point_forecasts=None prediction_age_sec=None predictive_target=3 proactive=False scenario=s3-hybrid-reactive target_replicas=3 upper_forecasts=None
2026-08-06 23:46:48 [debug    ] Decision loop completed        action=MAINTAIN latency_ms=99.21 p99=132.0
2026-08-06 23:47:03 [debug    ] HAProxy fallback latency       delta_requests=830 interval_avg_ms=65.0 max_rtime_ms=132.0 p99_est=130.0
2026-08-06 23:47:03 [info     ] algorithm2_scaling_decision    action=MAINTAIN alpha=0.060060060060060066 beta=0.0 buffer=1.0 current_replicas=4 predicted_load=49.16458289088976 required_resources=2.953 target_replicas=3
2026-08-06 23:47:03 [info     ] algorithm2_decision            action=MAINTAIN applied_target=3 current_replicas=4 hold_until=0.0 observed_load=49.16 observed_target=3 point_forecasts=None prediction_age_sec=None predictive_target=3 proactive=False scenario=s3-hybrid-reactive target_replicas=3 upper_forecasts=None
2026-08-06 23:47:03 [debug    ] Decision loop completed        action=MAINTAIN latency_ms=108.44 p99=130.0
2026-08-06 23:47:18 [debug    ] HAProxy fallback latency       delta_requests=915 interval_avg_ms=65.0 max_rtime_ms=134.0 p99_est=130.0
2026-08-06 23:47:19 [info     ] algorithm2_scaling_decision    action=MAINTAIN alpha=0.060060060060060066 beta=0.0 buffer=1.0 current_replicas=4 predicted_load=57.76404524019691 required_resources=3.469 target_replicas=4
2026-08-06 23:47:19 [info     ] algorithm2_decision            action=MAINTAIN applied_target=4 current_replicas=4 hold_until=0.0 observed_load=57.76 observed_target=4 point_forecasts=None prediction_age_sec=None predictive_target=4 proactive=False scenario=s3-hybrid-reactive target_replicas=4 upper_forecasts=None
2026-08-06 23:47:19 [debug    ] Decision loop completed        action=MAINTAIN latency_ms=111.32 p99=130.0
2026-08-06 23:47:34 [debug    ] HAProxy fallback latency       delta_requests=931 interval_avg_ms=53.22 max_rtime_ms=134.0 p99_est=106.44
2026-08-06 23:47:34 [info     ] algorithm2_scaling_decision    action=MAINTAIN alpha=0.060060060060060066 beta=0.0 buffer=1.0 current_replicas=4 predicted_load=61.0842587608132 required_resources=3.669 target_replicas=4
2026-08-06 23:47:34 [info     ] algorithm2_decision            action=MAINTAIN applied_target=4 current_replicas=4 hold_until=0.0 observed_load=61.08 observed_target=4 point_forecasts=None prediction_age_sec=None predictive_target=4 proactive=False scenario=s3-hybrid-reactive target_replicas=4 upper_forecasts=None
2026-08-06 23:47:34 [debug    ] Decision loop completed        action=MAINTAIN latency_ms=108.26 p99=106.43823845327604
2026-08-06 23:47:49 [debug    ] HAProxy fallback latency       delta_requests=1003 interval_avg_ms=87.87 max_rtime_ms=134.0 p99_est=134.0
2026-08-06 23:47:49 [info     ] algorithm2_scaling_decision    action=MAINTAIN alpha=0.060060060060060066 beta=0.0 buffer=1.0 current_replicas=4 predicted_load=63.966702919014 required_resources=3.842 target_replicas=4
2026-08-06 23:47:49 [info     ] algorithm2_decision            action=MAINTAIN applied_target=4 current_replicas=4 hold_until=0.0 observed_load=63.97 observed_target=4 point_forecasts=None prediction_age_sec=None predictive_target=4 proactive=False scenario=s3-hybrid-reactive target_replicas=4 upper_forecasts=None
2026-08-06 23:47:49 [debug    ] Decision loop completed        action=MAINTAIN latency_ms=109.18 p99=134.0
2026-08-06 23:48:04 [debug    ] HAProxy fallback latency       delta_requests=1118 interval_avg_ms=54.29 max_rtime_ms=137.0 p99_est=108.58
2026-08-06 23:48:04 [info     ] Knative pre-warm OK            cold_start_ms=3.2
2026-08-06 23:48:04 [info     ] controller_decision_v3         action=REACTIVE available_replicas=4 budget_remaining=1000 burn_adjustment=0 burst_ratio=0.0999 capacity_deficit=False confidence=0 current_load=73.99227857982434 decision_id=599c606f k8s_capacity=66.6 k8s_weight=90 knative_weight=10 p99=108.6 predicted_load=0 r_effective=16.6 serverless_enabled=True total_load=74.0 weights_after={'k3s': 90, 'knative': 10} weights_before={'k3s': 100, 'knative': 0}
2026-08-06 23:48:04 [info     ] Weights updated                k3s=90 knative=10
2026-08-06 23:48:04 [info     ] Weights updated                action=REACTIVE reason='load=74RPS | k8s_cap=67RPS | (burst-routing)' weights={'k3s': 90, 'knative': 10}
2026-08-06 23:48:04 [info     ] algorithm2_scaling_decision    action=SCALE_UP alpha=0.060060060060060066 beta=0.0 buffer=1.0 current_replicas=4 predicted_load=70.15823183070626 required_resources=4.214 target_replicas=5
2026-08-06 23:48:04 [info     ] algorithm2_decision            action=SCALE_UP applied_target=5 current_replicas=4 hold_until=0.0 observed_load=70.16 observed_target=5 point_forecasts=None prediction_age_sec=None predictive_target=5 proactive=False scenario=s3-hybrid-reactive target_replicas=5 upper_forecasts=None
2026-08-06 23:48:04 [info     ] k8s_scale_executed             deployment=test-app-warm replicas=5
2026-08-06 23:48:04 [debug    ] Decision loop completed        action=REACTIVE latency_ms=147.67 p99=108.58497316636851
2026-08-06 23:48:19 [debug    ] HAProxy fallback latency       delta_requests=1275 interval_avg_ms=76.27 max_rtime_ms=137.0 p99_est=137.0
2026-08-06 23:48:19 [info     ] controller_decision_v3         action=RECOVERY available_replicas=5 budget_remaining=1000 burn_adjustment=0 burst_ratio=0.011 capacity_deficit=False confidence=0 current_load=84.172117320031 decision_id=2918be7f k8s_capacity=83.2 k8s_weight=98 knative_weight=2 p99=137.0 predicted_load=0 r_effective=16.6 serverless_enabled=True total_load=84.2 weights_after={'k3s': 98, 'knative': 2} weights_before={'k3s': 90, 'knative': 10}
2026-08-06 23:48:19 [info     ] Weights updated                k3s=98 knative=2
2026-08-06 23:48:19 [info     ] Weights updated                action=RECOVERY reason='load=84RPS | k8s_cap=83RPS | (reducing-serverless)' weights={'k3s': 98, 'knative': 2}
2026-08-06 23:48:19 [info     ] Scale readiness observed       elapsed_sec=15.1 ewma_delay=37.1 samples=2 target=5
2026-08-06 23:48:19 [info     ] algorithm2_scaling_decision    action=MAINTAIN alpha=0.060060060060060066 beta=0.0 buffer=1.0 current_replicas=5 predicted_load=79.08219794992768 required_resources=4.75 target_replicas=5
2026-08-06 23:48:19 [info     ] algorithm2_decision            action=MAINTAIN applied_target=5 current_replicas=5 hold_until=0.0 observed_load=79.08 observed_target=5 point_forecasts=None prediction_age_sec=None predictive_target=5 proactive=False scenario=s3-hybrid-reactive target_replicas=5 upper_forecasts=None
2026-08-06 23:48:19 [debug    ] Decision loop completed        action=RECOVERY latency_ms=135.85 p99=137.0
2026-08-06 23:48:34 [debug    ] HAProxy fallback latency       delta_requests=1459 interval_avg_ms=76.85 max_rtime_ms=137.0 p99_est=137.0
2026-08-06 23:48:34 [info     ] controller_decision_v3         action=REACTIVE available_replicas=5 budget_remaining=1000 burn_adjustment=0 burst_ratio=0.1357 capacity_deficit=False confidence=0 current_load=96.32622325759118 decision_id=1c1d5eae k8s_capacity=83.2 k8s_weight=86 knative_weight=14 p99=137.0 predicted_load=0 r_effective=16.6 serverless_enabled=True total_load=96.3 weights_after={'k3s': 86, 'knative': 14} weights_before={'k3s': 98, 'knative': 2}
2026-08-06 23:48:34 [info     ] Weights updated                k3s=86 knative=14
2026-08-06 23:48:34 [info     ] Weights updated                action=REACTIVE reason='load=96RPS | k8s_cap=83RPS | (burst-routing)' weights={'k3s': 86, 'knative': 14}
2026-08-06 23:48:34 [info     ] algorithm2_scaling_decision    action=SCALE_UP alpha=0.060060060060060066 beta=0.0 buffer=1.0 current_replicas=5 predicted_load=90.24917028881109 required_resources=5.42 target_replicas=6
2026-08-06 23:48:34 [info     ] algorithm2_decision            action=SCALE_UP applied_target=6 current_replicas=5 hold_until=0.0 observed_load=90.25 observed_target=6 point_forecasts=None prediction_age_sec=None predictive_target=6 proactive=False scenario=s3-hybrid-reactive target_replicas=6 upper_forecasts=None
2026-08-06 23:48:34 [info     ] k8s_scale_executed             deployment=test-app-warm replicas=6
2026-08-06 23:48:34 [debug    ] Decision loop completed        action=REACTIVE latency_ms=144.2 p99=137.0
2026-08-06 23:48:49 [debug    ] HAProxy fallback latency       delta_requests=1670 interval_avg_ms=77.47 max_rtime_ms=138.0 p99_est=138.0
2026-08-06 23:48:49 [info     ] controller_decision_v3         action=REACTIVE available_replicas=5 budget_remaining=1000 burn_adjustment=0 burst_ratio=0.2451 capacity_deficit=False confidence=0 current_load=110.27339727107773 decision_id=8207ac08 k8s_capacity=83.2 k8s_weight=75 knative_weight=25 p99=138.0 predicted_load=0 r_effective=16.6 serverless_enabled=True total_load=110.3 weights_after={'k3s': 75, 'knative': 25} weights_before={'k3s': 86, 'knative': 14}
2026-08-06 23:48:49 [info     ] Weights updated                k3s=75 knative=25
2026-08-06 23:48:49 [info     ] Weights updated                action=REACTIVE reason='load=110RPS | k8s_cap=83RPS | (burst-routing)' weights={'k3s': 75, 'knative': 25}
2026-08-06 23:48:49 [info     ] algorithm2_scaling_decision    action=MAINTAIN alpha=0.060060060060060066 beta=0.0 buffer=1.0 current_replicas=6 predicted_load=103.29981026433445 required_resources=6.204 target_replicas=6
2026-08-06 23:48:49 [info     ] algorithm2_decision            action=MAINTAIN applied_target=6 current_replicas=6 hold_until=0.0 observed_load=103.3 observed_target=6 point_forecasts=None prediction_age_sec=None predictive_target=6 proactive=False scenario=s3-hybrid-reactive target_replicas=6 upper_forecasts=None
2026-08-06 23:48:49 [debug    ] Decision loop completed        action=REACTIVE latency_ms=105.71 p99=138.0
2026-08-06 23:49:04 [debug    ] HAProxy fallback latency       delta_requests=1890 interval_avg_ms=68.0 max_rtime_ms=166.0 p99_est=136.0
2026-08-06 23:49:04 [info     ] controller_decision_v3         action=REACTIVE available_replicas=5 budget_remaining=1000 burn_adjustment=0 burst_ratio=0.3343 capacity_deficit=False confidence=0 current_load=125.05053774298989 decision_id=3908f249 k8s_capacity=83.2 k8s_weight=66 knative_weight=34 p99=136.0 predicted_load=0 r_effective=16.6 serverless_enabled=True total_load=125.1 weights_after={'k3s': 66, 'knative': 34} weights_before={'k3s': 75, 'knative': 25}
2026-08-06 23:49:04 [info     ] Weights updated                k3s=66 knative=34
2026-08-06 23:49:04 [info     ] Weights updated                action=REACTIVE reason='load=125RPS | k8s_cap=83RPS | (burst-routing)' weights={'k3s': 66, 'knative': 34}
2026-08-06 23:49:04 [info     ] algorithm2_scaling_decision    action=MAINTAIN alpha=0.060060060060060066 beta=0.0 buffer=1.0 current_replicas=6 predicted_load=117.66196750703381 required_resources=7.067 target_replicas=6
2026-08-06 23:49:04 [info     ] algorithm2_decision            action=MAINTAIN applied_target=6 current_replicas=6 hold_until=0.0 observed_load=117.66 observed_target=6 point_forecasts=None prediction_age_sec=None predictive_target=6 proactive=False scenario=s3-hybrid-reactive target_replicas=6 upper_forecasts=None
2026-08-06 23:49:04 [debug    ] Decision loop completed        action=REACTIVE latency_ms=111.7 p99=136.0
2026-08-06 23:49:19 [debug    ] HAProxy fallback latency       delta_requests=1720 interval_avg_ms=43.46 max_rtime_ms=166.0 p99_est=86.92
2026-08-06 23:49:19 [info     ] controller_decision_v3         action=RECOVERY available_replicas=5 budget_remaining=1000 burn_adjustment=0 burst_ratio=0.269 capacity_deficit=False confidence=0 current_load=113.8826386446017 decision_id=373bc4c1 k8s_capacity=83.2 k8s_weight=73 knative_weight=27 p99=86.9 predicted_load=0 r_effective=16.6 serverless_enabled=True total_load=113.9 weights_after={'k3s': 73, 'knative': 27} weights_before={'k3s': 66, 'knative': 34}
2026-08-06 23:49:19 [info     ] Weights updated                k3s=73 knative=27
2026-08-06 23:49:19 [info     ] Weights updated                action=RECOVERY reason='load=114RPS | k8s_cap=83RPS | (reducing-serverless)' weights={'k3s': 73, 'knative': 27}
2026-08-06 23:49:20 [info     ] algorithm2_scaling_decision    action=MAINTAIN alpha=0.060060060060060066 beta=0.0 buffer=1.0 current_replicas=6 predicted_load=119.46658819379579 required_resources=7.175 target_replicas=6
2026-08-06 23:49:20 [info     ] algorithm2_decision            action=MAINTAIN applied_target=6 current_replicas=6 hold_until=0.0 observed_load=119.47 observed_target=6 point_forecasts=None prediction_age_sec=None predictive_target=6 proactive=False scenario=s3-hybrid-reactive target_replicas=6 upper_forecasts=None
2026-08-06 23:49:20 [debug    ] Decision loop completed        action=RECOVERY latency_ms=142.93 p99=86.92325581395349
2026-08-06 23:49:35 [debug    ] HAProxy fallback latency       delta_requests=1315 interval_avg_ms=48.95 max_rtime_ms=166.0 p99_est=97.9
2026-08-06 23:49:35 [info     ] controller_decision_v3         action=RECOVERY available_replicas=5 budget_remaining=1000 burn_adjustment=0 burst_ratio=0.042 capacity_deficit=False confidence=0 current_load=86.89803591880448 decision_id=fddecc3e k8s_capacity=83.2 k8s_weight=95 knative_weight=5 p99=97.9 predicted_load=0 r_effective=16.6 serverless_enabled=True total_load=86.9 weights_after={'k3s': 95, 'knative': 5} weights_before={'k3s': 73, 'knative': 27}
2026-08-06 23:49:35 [info     ] Weights updated                k3s=95 knative=5
2026-08-06 23:49:35 [info     ] Weights updated                action=RECOVERY reason='load=87RPS | k8s_cap=83RPS | (reducing-serverless)' weights={'k3s': 95, 'knative': 5}
2026-08-06 23:49:35 [info     ] algorithm2_scaling_decision    action=MAINTAIN alpha=0.060060060060060066 beta=0.0 buffer=1.0 current_replicas=6 predicted_load=100.3903372817031 required_resources=6.029 target_replicas=6
2026-08-06 23:49:35 [info     ] algorithm2_decision            action=MAINTAIN applied_target=6 current_replicas=6 hold_until=0.0 observed_load=100.39 observed_target=6 point_forecasts=None prediction_age_sec=None predictive_target=6 proactive=False scenario=s3-hybrid-reactive target_replicas=6 upper_forecasts=None
2026-08-06 23:49:35 [debug    ] Decision loop completed        action=RECOVERY latency_ms=148.68 p99=97.9041825095057
2026-08-06 23:49:50 [debug    ] HAProxy fallback latency       delta_requests=1132 interval_avg_ms=65.0 max_rtime_ms=166.0 p99_est=130.0
2026-08-06 23:49:50 [info     ] controller_decision_v3         action=RECOVERY available_replicas=6 budget_remaining=1000 burn_adjustment=0 burst_ratio=0 capacity_deficit=False confidence=0 current_load=74.73270594478699 decision_id=a673ba1f k8s_capacity=99.9 k8s_weight=100 knative_weight=0 p99=130.0 predicted_load=0 r_effective=16.6 serverless_enabled=False total_load=74.7 weights_after={'k3s': 100, 'knative': 0} weights_before={'k3s': 95, 'knative': 5}
2026-08-06 23:49:50 [info     ] Weights updated                k3s=100 knative=0
2026-08-06 23:49:50 [info     ] Weights updated                action=RECOVERY reason='load=75RPS | k8s_cap=100RPS | (reducing-serverless)' weights={'k3s': 100, 'knative': 0}
2026-08-06 23:49:50 [info     ] Scale readiness observed       elapsed_sec=75.7 ewma_delay=48.7 samples=3 target=6
2026-08-06 23:49:50 [info     ] algorithm2_scaling_decision    action=MAINTAIN alpha=0.060060060060060066 beta=0.0 buffer=1.0 current_replicas=6 predicted_load=80.81537093179574 required_resources=4.854 target_replicas=5
2026-08-06 23:49:50 [info     ] algorithm2_decision            action=MAINTAIN applied_target=5 current_replicas=6 hold_until=0.0 observed_load=80.82 observed_target=5 point_forecasts=None prediction_age_sec=None predictive_target=5 proactive=False scenario=s3-hybrid-reactive target_replicas=5 upper_forecasts=None
2026-08-06 23:49:50 [debug    ] Decision loop completed        action=RECOVERY latency_ms=145.17 p99=130.0
2026-08-06 23:50:05 [debug    ] HAProxy fallback latency       delta_requests=1076 interval_avg_ms=65.0 max_rtime_ms=166.0 p99_est=130.0
2026-08-06 23:50:05 [info     ] algorithm2_scaling_decision    action=MAINTAIN alpha=0.060060060060060066 beta=0.0 buffer=1.0 current_replicas=6 predicted_load=72.92237522699898 required_resources=4.38 target_replicas=5
2026-08-06 23:50:05 [info     ] algorithm2_decision            action=MAINTAIN applied_target=5 current_replicas=6 hold_until=0.0 observed_load=72.92 observed_target=5 point_forecasts=None prediction_age_sec=None predictive_target=5 proactive=False scenario=s3-hybrid-reactive target_replicas=5 upper_forecasts=None
2026-08-06 23:50:05 [debug    ] Decision loop completed        action=MAINTAIN latency_ms=103.16 p99=130.0
2026-08-06 23:50:20 [debug    ] HAProxy fallback latency       delta_requests=945 interval_avg_ms=37.94 max_rtime_ms=166.0 p99_est=75.88
2026-08-06 23:50:20 [info     ] algorithm2_scaling_decision    action=MAINTAIN alpha=0.060060060060060066 beta=0.0 buffer=1.0 current_replicas=6 predicted_load=66.8398182124056 required_resources=4.014 target_replicas=5
2026-08-06 23:50:20 [info     ] algorithm2_decision            action=MAINTAIN applied_target=5 current_replicas=6 hold_until=0.0 observed_load=66.84 observed_target=5 point_forecasts=None prediction_age_sec=None predictive_target=5 proactive=False scenario=s3-hybrid-reactive target_replicas=5 upper_forecasts=None
2026-08-06 23:50:20 [debug    ] Decision loop completed        action=MAINTAIN latency_ms=106.77 p99=75.88148148148149
2026-08-06 23:50:35 [debug    ] HAProxy fallback latency       delta_requests=793 interval_avg_ms=64.0 max_rtime_ms=166.0 p99_est=128.0
2026-08-06 23:50:35 [info     ] algorithm2_scaling_decision    action=SCALE_DOWN alpha=0.060060060060060066 beta=0.0 buffer=1.0 current_replicas=6 predicted_load=57.53038402208115 required_resources=3.455 target_replicas=4
2026-08-06 23:50:35 [info     ] algorithm2_decision            action=SCALE_DOWN applied_target=4 current_replicas=6 hold_until=0.0 observed_load=57.53 observed_target=4 point_forecasts=None prediction_age_sec=None predictive_target=4 proactive=False scenario=s3-hybrid-reactive target_replicas=4 upper_forecasts=None
2026-08-06 23:50:35 [info     ] k8s_scale_executed             deployment=test-app-warm replicas=4
2026-08-06 23:50:35 [debug    ] Decision loop completed        action=MAINTAIN latency_ms=146.29 p99=128.0
2026-08-06 23:50:50 [debug    ] HAProxy fallback latency       delta_requests=1202 interval_avg_ms=132.8 max_rtime_ms=166.0 p99_est=166.0
2026-08-06 23:50:50 [info     ] Knative pre-warm OK            cold_start_ms=2.9
2026-08-06 23:50:50 [info     ] controller_decision_v3         action=REACTIVE available_replicas=4 budget_remaining=1000 burn_adjustment=0 burst_ratio=0.1601 capacity_deficit=False confidence=0 current_load=79.29363683940434 decision_id=b087d343 k8s_capacity=66.6 k8s_weight=83 knative_weight=17 p99=166.0 predicted_load=0 r_effective=16.6 serverless_enabled=True total_load=79.3 weights_after={'k3s': 83, 'knative': 17} weights_before={'k3s': 100, 'knative': 0}
2026-08-06 23:50:50 [info     ] Weights updated                k3s=83 knative=17
2026-08-06 23:50:50 [info     ] Weights updated                action=REACTIVE reason='load=79RPS | k8s_cap=67RPS | (burst-routing)' weights={'k3s': 83, 'knative': 17}
2026-08-06 23:50:50 [info     ] algorithm2_scaling_decision    action=MAINTAIN alpha=0.060060060060060066 beta=0.0 buffer=1.0 current_replicas=4 predicted_load=65.89340648398321 required_resources=3.958 target_replicas=4
2026-08-06 23:50:50 [info     ] algorithm2_decision            action=MAINTAIN applied_target=4 current_replicas=4 hold_until=0.0 observed_load=65.89 observed_target=4 point_forecasts=None prediction_age_sec=None predictive_target=4 proactive=False scenario=s3-hybrid-reactive target_replicas=4 upper_forecasts=None
2026-08-06 23:50:50 [debug    ] Decision loop completed        action=REACTIVE latency_ms=106.0 p99=166.0
2026-08-06 23:51:05 [debug    ] HAProxy fallback latency       delta_requests=1875 interval_avg_ms=98.4 max_rtime_ms=166.0 p99_est=166.0
2026-08-06 23:51:05 [info     ] controller_decision_v3         action=REACTIVE available_replicas=3 budget_remaining=1000 burn_adjustment=0 burst_ratio=0.5971 capacity_deficit=True confidence=0 current_load=123.98525471648384 decision_id=a626ca22 k8s_capacity=49.9 k8s_weight=50 knative_weight=50 p99=166.0 predicted_load=0 r_effective=16.6 serverless_enabled=True total_load=124.0 weights_after={'k3s': 50, 'knative': 50} weights_before={'k3s': 83, 'knative': 17}
2026-08-06 23:51:05 [info     ] Weights updated                k3s=50 knative=50
2026-08-06 23:51:05 [info     ] Weights updated                action=REACTIVE reason='load=124RPS | k8s_cap=50RPS | CAPACITY-DEFICIT | (burst-routing)' weights={'k3s': 50, 'knative': 50}
2026-08-06 23:51:05 [info     ] algorithm2_scaling_decision    action=SCALE_UP alpha=0.060060060060060066 beta=0.0 buffer=1.0 current_replicas=4 predicted_load=101.63944577794409 required_resources=6.104 target_replicas=6
2026-08-06 23:51:05 [info     ] algorithm2_decision            action=SCALE_UP applied_target=6 current_replicas=4 hold_until=0.0 observed_load=101.64 observed_target=6 point_forecasts=None prediction_age_sec=None predictive_target=6 proactive=False scenario=s3-hybrid-reactive target_replicas=6 upper_forecasts=None
2026-08-06 23:51:05 [info     ] k8s_scale_executed             deployment=test-app-warm replicas=6
2026-08-06 23:51:05 [debug    ] Decision loop completed        action=REACTIVE latency_ms=143.15 p99=166.0
2026-08-06 23:51:20 [debug    ] HAProxy fallback latency       delta_requests=1822 interval_avg_ms=17.52 max_rtime_ms=197.0 p99_est=35.05
2026-08-06 23:51:20 [info     ] controller_decision_v3         action=RECOVERY available_replicas=5 budget_remaining=1000 burn_adjustment=0 burst_ratio=0.3085 capacity_deficit=False confidence=0 current_load=120.38221377418868 decision_id=5a3bfc6c k8s_capacity=83.2 k8s_weight=69 knative_weight=31 p99=35.0 predicted_load=0 r_effective=16.6 serverless_enabled=True total_load=120.4 weights_after={'k3s': 69, 'knative': 31} weights_before={'k3s': 50, 'knative': 50}
2026-08-06 23:51:21 [info     ] Weights updated                k3s=69 knative=31
2026-08-06 23:51:21 [info     ] Weights updated                action=RECOVERY reason='load=120RPS | k8s_cap=83RPS | (reducing-serverless)' weights={'k3s': 69, 'knative': 31}
2026-08-06 23:51:21 [info     ] algorithm2_scaling_decision    action=MAINTAIN alpha=0.060060060060060066 beta=0.0 buffer=1.0 current_replicas=6 predicted_load=122.18373424533627 required_resources=7.338 target_replicas=6
2026-08-06 23:51:21 [info     ] algorithm2_decision            action=MAINTAIN applied_target=6 current_replicas=6 hold_until=0.0 observed_load=122.18 observed_target=6 point_forecasts=None prediction_age_sec=None predictive_target=6 proactive=False scenario=s3-hybrid-reactive target_replicas=6 upper_forecasts=None
2026-08-06 23:51:21 [debug    ] Decision loop completed        action=RECOVERY latency_ms=143.84 p99=35.04829857299671
2026-08-06 23:51:36 [debug    ] HAProxy fallback latency       delta_requests=1424 interval_avg_ms=43.05 max_rtime_ms=197.0 p99_est=86.09
2026-08-06 23:51:36 [info     ] controller_decision_v3         action=RECOVERY available_replicas=5 budget_remaining=1000 burn_adjustment=0 burst_ratio=0.1153 capacity_deficit=False confidence=0 current_load=94.09778416562956 decision_id=e25a21f3 k8s_capacity=83.2 k8s_weight=88 knative_weight=12 p99=86.1 predicted_load=0 r_effective=16.6 serverless_enabled=True total_load=94.1 weights_after={'k3s': 88, 'knative': 12} weights_before={'k3s': 69, 'knative': 31}
2026-08-06 23:51:36 [info     ] Weights updated                k3s=88 knative=12
2026-08-06 23:51:36 [info     ] Weights updated                action=RECOVERY reason='load=94RPS | k8s_cap=83RPS | (reducing-serverless)' weights={'k3s': 88, 'knative': 12}
2026-08-06 23:51:36 [info     ] algorithm2_scaling_decision    action=MAINTAIN alpha=0.060060060060060066 beta=0.0 buffer=1.0 current_replicas=6 predicted_load=107.23999896990912 required_resources=6.441 target_replicas=6
2026-08-06 23:51:36 [info     ] algorithm2_decision            action=MAINTAIN applied_target=6 current_replicas=6 hold_until=0.0 observed_load=107.24 observed_target=6 point_forecasts=None prediction_age_sec=None predictive_target=6 proactive=False scenario=s3-hybrid-reactive target_replicas=6 upper_forecasts=None
2026-08-06 23:51:36 [debug    ] Decision loop completed        action=RECOVERY latency_ms=144.93 p99=86.09129213483146
2026-08-06 23:51:51 [debug    ] HAProxy fallback latency       delta_requests=1231 interval_avg_ms=65.0 max_rtime_ms=197.0 p99_est=130.0
2026-08-06 23:51:51 [info     ] controller_decision_v3         action=RECOVERY available_replicas=5 budget_remaining=1000 burn_adjustment=0 burst_ratio=0 capacity_deficit=False confidence=0 current_load=81.34589209176063 decision_id=3a0760ed k8s_capacity=83.2 k8s_weight=100 knative_weight=0 p99=130.0 predicted_load=0 r_effective=16.6 serverless_enabled=False total_load=81.3 weights_after={'k3s': 100, 'knative': 0} weights_before={'k3s': 88, 'knative': 12}
2026-08-06 23:51:51 [info     ] Weights updated                k3s=100 knative=0
2026-08-06 23:51:51 [info     ] Weights updated                action=RECOVERY reason='load=81RPS | k8s_cap=83RPS | (reducing-serverless)' weights={'k3s': 100, 'knative': 0}
2026-08-06 23:51:51 [info     ] algorithm2_scaling_decision    action=MAINTAIN alpha=0.060060060060060066 beta=0.0 buffer=1.0 current_replicas=6 predicted_load=87.7218381286951 required_resources=5.269 target_replicas=6
2026-08-06 23:51:51 [info     ] algorithm2_decision            action=MAINTAIN applied_target=6 current_replicas=6 hold_until=0.0 observed_load=87.72 observed_target=6 point_forecasts=None prediction_age_sec=None predictive_target=6 proactive=False scenario=s3-hybrid-reactive target_replicas=6 upper_forecasts=None
2026-08-06 23:51:51 [debug    ] Decision loop completed        action=RECOVERY latency_ms=147.4 p99=130.0
2026-08-06 23:52:06 [debug    ] HAProxy fallback latency       delta_requests=1150 interval_avg_ms=65.0 max_rtime_ms=197.0 p99_est=130.0
2026-08-06 23:52:06 [info     ] algorithm2_scaling_decision    action=MAINTAIN alpha=0.060060060060060066 beta=0.0 buffer=1.0 current_replicas=6 predicted_load=78.60077925485882 required_resources=4.721 target_replicas=5
2026-08-06 23:52:06 [info     ] algorithm2_decision            action=MAINTAIN applied_target=5 current_replicas=6 hold_until=0.0 observed_load=78.6 observed_target=5 point_forecasts=None prediction_age_sec=None predictive_target=5 proactive=False scenario=s3-hybrid-reactive target_replicas=5 upper_forecasts=None
2026-08-06 23:52:06 [debug    ] Decision loop completed        action=MAINTAIN latency_ms=103.9 p99=130.0
2026-08-06 23:52:21 [debug    ] HAProxy fallback latency       delta_requests=1490 interval_avg_ms=114.07 max_rtime_ms=197.0 p99_est=197.0
2026-08-06 23:52:21 [info     ] Knative pre-warm OK            cold_start_ms=3.1
2026-08-06 23:52:21 [info     ] controller_decision_v3         action=REACTIVE available_replicas=5 budget_remaining=1000 burn_adjustment=0 burst_ratio=0.155 capacity_deficit=False confidence=0 current_load=98.51756593501244 decision_id=49132e7e k8s_capacity=83.2 k8s_weight=84 knative_weight=16 p99=197.0 predicted_load=0 r_effective=16.6 serverless_enabled=True total_load=98.5 weights_after={'k3s': 84, 'knative': 16} weights_before={'k3s': 100, 'knative': 0}
2026-08-06 23:52:21 [info     ] Weights updated                k3s=84 knative=16
2026-08-06 23:52:21 [info     ] Weights updated                action=REACTIVE reason='load=99RPS | k8s_cap=83RPS | (burst-routing)' weights={'k3s': 84, 'knative': 16}
2026-08-06 23:52:21 [info     ] algorithm2_scaling_decision    action=MAINTAIN alpha=0.060060060060060066 beta=0.0 buffer=1.0 current_replicas=6 predicted_load=87.18661617648472 required_resources=5.236 target_replicas=6
2026-08-06 23:52:21 [info     ] algorithm2_decision            action=MAINTAIN applied_target=6 current_replicas=6 hold_until=0.0 observed_load=87.19 observed_target=6 point_forecasts=None prediction_age_sec=None predictive_target=6 proactive=False scenario=s3-hybrid-reactive target_replicas=6 upper_forecasts=None
2026-08-06 23:52:21 [debug    ] Decision loop completed        action=REACTIVE latency_ms=117.0 p99=197.0
2026-08-06 23:52:36 [debug    ] HAProxy fallback latency       delta_requests=2005 interval_avg_ms=143.93 max_rtime_ms=277.0 p99_est=277.0
2026-08-06 23:52:36 [info     ] controller_decision_v3         action=REACTIVE available_replicas=5 budget_remaining=999 burn_adjustment=0 burst_ratio=0.372 capacity_deficit=False confidence=0 current_load=132.56391876123567 decision_id=8803f3cb k8s_capacity=83.2 k8s_weight=62 knative_weight=38 p99=277.0 predicted_load=0 r_effective=16.6 serverless_enabled=True total_load=132.6 weights_after={'k3s': 62, 'knative': 38} weights_before={'k3s': 84, 'knative': 16}
2026-08-06 23:52:36 [info     ] Weights updated                k3s=62 knative=38
2026-08-06 23:52:36 [info     ] Weights updated                action=REACTIVE reason='load=133RPS | k8s_cap=83RPS | (burst-routing)' weights={'k3s': 62, 'knative': 38}
2026-08-06 23:52:36 [info     ] algorithm2_scaling_decision    action=MAINTAIN alpha=0.060060060060060066 beta=0.0 buffer=1.0 current_replicas=6 predicted_load=115.54074234812406 required_resources=6.939 target_replicas=6
2026-08-06 23:52:36 [info     ] algorithm2_decision            action=MAINTAIN applied_target=6 current_replicas=6 hold_until=0.0 observed_load=115.54 observed_target=6 point_forecasts=None prediction_age_sec=None predictive_target=6 proactive=False scenario=s3-hybrid-reactive target_replicas=6 upper_forecasts=None
2026-08-06 23:52:36 [debug    ] Decision loop completed        action=REACTIVE latency_ms=116.16 p99=277.0
2026-08-06 23:52:51 [debug    ] HAProxy fallback latency       delta_requests=2272 interval_avg_ms=71.0 max_rtime_ms=277.0 p99_est=142.0
2026-08-06 23:52:51 [info     ] controller_decision_v3         action=REACTIVE available_replicas=5 budget_remaining=999 burn_adjustment=0 burst_ratio=0.4461 capacity_deficit=False confidence=0 current_load=150.3049611372571 decision_id=3fbf4c7c k8s_capacity=83.2 k8s_weight=55 knative_weight=45 p99=142.0 predicted_load=0 r_effective=16.6 serverless_enabled=True total_load=150.3 weights_after={'k3s': 55, 'knative': 45} weights_before={'k3s': 62, 'knative': 38}
2026-08-06 23:52:51 [info     ] Weights updated                k3s=55 knative=45
2026-08-06 23:52:51 [info     ] Weights updated                action=REACTIVE reason='load=150RPS | k8s_cap=83RPS | (burst-routing)' weights={'k3s': 55, 'knative': 45}
2026-08-06 23:52:51 [info     ] algorithm2_scaling_decision    action=MAINTAIN alpha=0.060060060060060066 beta=0.0 buffer=1.0 current_replicas=6 predicted_load=141.43443994924638 required_resources=8.495 target_replicas=6
2026-08-06 23:52:51 [info     ] algorithm2_decision            action=MAINTAIN applied_target=6 current_replicas=6 hold_until=0.0 observed_load=141.43 observed_target=6 point_forecasts=None prediction_age_sec=None predictive_target=6 proactive=False scenario=s3-hybrid-reactive target_replicas=6 upper_forecasts=None
2026-08-06 23:52:51 [debug    ] Decision loop completed        action=REACTIVE latency_ms=110.99 p99=142.0
2026-08-06 23:53:06 [info     ] controller_decision_v3         action=RECOVERY available_replicas=6 budget_remaining=999 burn_adjustment=0 burst_ratio=0.3762 capacity_deficit=False confidence=0 current_load=160.14194933197456 decision_id=ca01449b k8s_capacity=99.9 k8s_weight=62 knative_weight=38 p99=142.0 predicted_load=0 r_effective=16.6 serverless_enabled=True total_load=160.1 weights_after={'k3s': 62, 'knative': 38} weights_before={'k3s': 55, 'knative': 45}
2026-08-06 23:53:06 [info     ] Weights updated                k3s=62 knative=38
2026-08-06 23:53:06 [info     ] Weights updated                action=RECOVERY reason='load=160RPS | k8s_cap=100RPS | (reducing-serverless)' weights={'k3s': 62, 'knative': 38}
2026-08-06 23:53:06 [info     ] Scale readiness observed       elapsed_sec=121.0 ewma_delay=70.4 samples=4 target=6
2026-08-06 23:53:06 [info     ] algorithm2_scaling_decision    action=MAINTAIN alpha=0.060060060060060066 beta=0.0 buffer=1.0 current_replicas=6 predicted_load=155.2234552346158 required_resources=9.323 target_replicas=6
2026-08-06 23:53:06 [info     ] algorithm2_decision            action=MAINTAIN applied_target=6 current_replicas=6 hold_until=0.0 observed_load=155.22 observed_target=6 point_forecasts=None prediction_age_sec=None predictive_target=6 proactive=False scenario=s3-hybrid-reactive target_replicas=6 upper_forecasts=None
2026-08-06 23:53:06 [debug    ] Decision loop completed        action=RECOVERY latency_ms=146.83 p99=142.0
2026-08-06 23:53:21 [debug    ] HAProxy fallback latency       delta_requests=2203 interval_avg_ms=108.27 max_rtime_ms=277.0 p99_est=216.54
2026-08-06 23:53:22 [info     ] controller_decision_v3         action=RECOVERY available_replicas=6 budget_remaining=998 burn_adjustment=0 burst_ratio=0.3134 capacity_deficit=False confidence=0 current_load=145.50730780143647 decision_id=713a59aa k8s_capacity=99.9 k8s_weight=68 knative_weight=32 p99=216.5 predicted_load=0 r_effective=16.6 serverless_enabled=True total_load=145.5 weights_after={'k3s': 68, 'knative': 32} weights_before={'k3s': 62, 'knative': 38}
2026-08-06 23:53:22 [info     ] Weights updated                k3s=68 knative=32
2026-08-06 23:53:22 [info     ] Weights updated                action=RECOVERY reason='load=146RPS | k8s_cap=100RPS | (reducing-serverless)' weights={'k3s': 68, 'knative': 32}
2026-08-06 23:53:22 [info     ] algorithm2_scaling_decision    action=MAINTAIN alpha=0.060060060060060066 beta=0.0 buffer=1.0 current_replicas=6 predicted_load=152.8246285667055 required_resources=9.179 target_replicas=6
2026-08-06 23:53:22 [info     ] algorithm2_decision            action=MAINTAIN applied_target=6 current_replicas=6 hold_until=0.0 observed_load=152.82 observed_target=6 point_forecasts=None prediction_age_sec=None predictive_target=6 proactive=False scenario=s3-hybrid-reactive target_replicas=6 upper_forecasts=None
2026-08-06 23:53:22 [debug    ] Decision loop completed        action=RECOVERY latency_ms=142.44 p99=216.53835678620064
2026-08-06 23:53:37 [info     ] controller_decision_v3         action=RECOVERY available_replicas=6 budget_remaining=997 burn_adjustment=0 burst_ratio=0.1832 capacity_deficit=False confidence=0 current_load=122.30107474603147 decision_id=32f3e2ca k8s_capacity=99.9 k8s_weight=81 knative_weight=19 p99=216.5 predicted_load=0 r_effective=16.6 serverless_enabled=True total_load=122.3 weights_after={'k3s': 81, 'knative': 19} weights_before={'k3s': 68, 'knative': 32}
2026-08-06 23:53:37 [info     ] Weights updated                k3s=81 knative=19
2026-08-06 23:53:37 [info     ] Weights updated                action=RECOVERY reason='load=122RPS | k8s_cap=100RPS | (reducing-serverless)' weights={'k3s': 81, 'knative': 19}
2026-08-06 23:53:37 [info     ] algorithm2_scaling_decision    action=MAINTAIN alpha=0.060060060060060066 beta=0.0 buffer=1.0 current_replicas=6 predicted_load=133.90419127373397 required_resources=8.042 target_replicas=6
2026-08-06 23:53:37 [info     ] algorithm2_decision            action=MAINTAIN applied_target=6 current_replicas=6 hold_until=0.0 observed_load=133.9 observed_target=6 point_forecasts=None prediction_age_sec=None predictive_target=6 proactive=False scenario=s3-hybrid-reactive target_replicas=6 upper_forecasts=None
2026-08-06 23:53:37 [debug    ] Decision loop completed        action=RECOVERY latency_ms=140.31 p99=216.53835678620064
2026-08-06 23:53:52 [debug    ] HAProxy fallback latency       delta_requests=1787 interval_avg_ms=66.0 max_rtime_ms=277.0 p99_est=132.0
2026-08-06 23:53:52 [info     ] controller_decision_v3         action=RECOVERY available_replicas=6 budget_remaining=997 burn_adjustment=0 burst_ratio=0.1531 capacity_deficit=False confidence=0 current_load=117.96434157544331 decision_id=264a0d29 k8s_capacity=99.9 k8s_weight=84 knative_weight=16 p99=132.0 predicted_load=0 r_effective=16.6 serverless_enabled=True total_load=118.0 weights_after={'k3s': 84, 'knative': 16} weights_before={'k3s': 81, 'knative': 19}
2026-08-06 23:53:52 [info     ] Weights updated                k3s=84 knative=16
2026-08-06 23:53:52 [info     ] Weights updated                action=RECOVERY reason='load=118RPS | k8s_cap=100RPS | (reducing-serverless)' weights={'k3s': 84, 'knative': 16}
2026-08-06 23:53:52 [info     ] algorithm2_scaling_decision    action=MAINTAIN alpha=0.060060060060060066 beta=0.0 buffer=1.0 current_replicas=6 predicted_load=120.1327081607374 required_resources=7.215 target_replicas=6
2026-08-06 23:53:52 [info     ] algorithm2_decision            action=MAINTAIN applied_target=6 current_replicas=6 hold_until=0.0 observed_load=120.13 observed_target=6 point_forecasts=None prediction_age_sec=None predictive_target=6 proactive=False scenario=s3-hybrid-reactive target_replicas=6 upper_forecasts=None
2026-08-06 23:53:52 [debug    ] Decision loop completed        action=RECOVERY latency_ms=147.86 p99=132.0
2026-08-06 23:54:07 [debug    ] HAProxy fallback latency       delta_requests=1822 interval_avg_ms=93.95 max_rtime_ms=277.0 p99_est=187.89
2026-08-06 23:54:07 [info     ] controller_decision_v3         action=REACTIVE available_replicas=6 budget_remaining=997 burn_adjustment=0 burst_ratio=0.1699 capacity_deficit=False confidence=0 current_load=120.34746967942566 decision_id=5df40632 k8s_capacity=99.9 k8s_weight=83 knative_weight=17 p99=187.9 predicted_load=0 r_effective=16.6 serverless_enabled=True total_load=120.3 weights_after={'k3s': 83, 'knative': 17} weights_before={'k3s': 84, 'knative': 16}
2026-08-06 23:54:07 [info     ] Weights updated                k3s=83 knative=17
2026-08-06 23:54:07 [info     ] Weights updated                action=REACTIVE reason='load=120RPS | k8s_cap=100RPS | (burst-routing)' weights={'k3s': 83, 'knative': 17}
2026-08-06 23:54:07 [info     ] algorithm2_scaling_decision    action=MAINTAIN alpha=0.060060060060060066 beta=0.0 buffer=1.0 current_replicas=6 predicted_load=119.15590562743449 required_resources=7.157 target_replicas=6
2026-08-06 23:54:07 [info     ] algorithm2_decision            action=MAINTAIN applied_target=6 current_replicas=6 hold_until=0.0 observed_load=119.16 observed_target=6 point_forecasts=None prediction_age_sec=None predictive_target=6 proactive=False scenario=s3-hybrid-reactive target_replicas=6 upper_forecasts=None
2026-08-06 23:54:07 [debug    ] Decision loop completed        action=REACTIVE latency_ms=100.75 p99=187.89242590559823
2026-08-06 23:54:22 [debug    ] HAProxy fallback latency       delta_requests=1816 interval_avg_ms=67.0 max_rtime_ms=277.0 p99_est=134.0
2026-08-06 23:54:22 [info     ] algorithm2_scaling_decision    action=MAINTAIN alpha=0.060060060060060066 beta=0.0 buffer=1.0 current_replicas=6 predicted_load=120.27001188479167 required_resources=7.223 target_replicas=6
2026-08-06 23:54:22 [info     ] algorithm2_decision            action=MAINTAIN applied_target=6 current_replicas=6 hold_until=0.0 observed_load=120.27 observed_target=6 point_forecasts=None prediction_age_sec=None predictive_target=6 proactive=False scenario=s3-hybrid-reactive target_replicas=6 upper_forecasts=None
2026-08-06 23:54:22 [debug    ] Decision loop completed        action=MAINTAIN latency_ms=110.39 p99=134.0
2026-08-06 23:54:37 [debug    ] HAProxy fallback latency       delta_requests=1786 interval_avg_ms=67.0 max_rtime_ms=277.0 p99_est=134.0
2026-08-06 23:54:37 [info     ] controller_decision_v3         action=RECOVERY available_replicas=6 budget_remaining=997 burn_adjustment=0 burst_ratio=0.1552 capacity_deficit=False confidence=0 current_load=118.25962888178732 decision_id=88de7709 k8s_capacity=99.9 k8s_weight=84 knative_weight=16 p99=134.0 predicted_load=0 r_effective=16.6 serverless_enabled=True total_load=118.3 weights_after={'k3s': 84, 'knative': 16} weights_before={'k3s': 83, 'knative': 17}
2026-08-06 23:54:37 [info     ] Weights updated                k3s=84 knative=16
2026-08-06 23:54:37 [info     ] Weights updated                action=RECOVERY reason='load=118RPS | k8s_cap=100RPS | (reducing-serverless)' weights={'k3s': 84, 'knative': 16}
2026-08-06 23:54:37 [info     ] algorithm2_scaling_decision    action=MAINTAIN alpha=0.060060060060060066 beta=0.0 buffer=1.0 current_replicas=6 predicted_load=119.22609148597249 required_resources=7.161 target_replicas=6
2026-08-06 23:54:37 [info     ] algorithm2_decision            action=MAINTAIN applied_target=6 current_replicas=6 hold_until=0.0 observed_load=119.23 observed_target=6 point_forecasts=None prediction_age_sec=None predictive_target=6 proactive=False scenario=s3-hybrid-reactive target_replicas=6 upper_forecasts=None
2026-08-06 23:54:37 [debug    ] Decision loop completed        action=RECOVERY latency_ms=142.15 p99=134.0
2026-08-06 23:54:52 [debug    ] HAProxy fallback latency       delta_requests=1552 interval_avg_ms=30.87 max_rtime_ms=277.0 p99_est=61.74
2026-08-06 23:54:52 [info     ] controller_decision_v3         action=REACTIVE available_replicas=5 budget_remaining=997 burn_adjustment=0 burst_ratio=0.1878 capacity_deficit=False confidence=0 current_load=102.49452015591054 decision_id=5e5a35d2 k8s_capacity=83.2 k8s_weight=81 knative_weight=19 p99=61.7 predicted_load=0 r_effective=16.6 serverless_enabled=True total_load=102.5 weights_after={'k3s': 81, 'knative': 19} weights_before={'k3s': 84, 'knative': 16}
2026-08-06 23:54:52 [info     ] Weights updated                k3s=81 knative=19
2026-08-06 23:54:52 [info     ] Weights updated                action=REACTIVE reason='load=102RPS | k8s_cap=83RPS | (burst-routing)' weights={'k3s': 81, 'knative': 19}
2026-08-06 23:54:52 [info     ] algorithm2_scaling_decision    action=MAINTAIN alpha=0.060060060060060066 beta=0.0 buffer=1.0 current_replicas=6 predicted_load=110.37707451884893 required_resources=6.629 target_replicas=6
2026-08-06 23:54:52 [info     ] algorithm2_decision            action=MAINTAIN applied_target=6 current_replicas=6 hold_until=0.0 observed_load=110.38 observed_target=6 point_forecasts=None prediction_age_sec=None predictive_target=6 proactive=False scenario=s3-hybrid-reactive target_replicas=6 upper_forecasts=None
2026-08-06 23:54:52 [debug    ] Decision loop completed        action=REACTIVE latency_ms=114.67 p99=61.74226804123711
2026-08-06 23:55:07 [debug    ] HAProxy fallback latency       delta_requests=1256 interval_avg_ms=20.36 max_rtime_ms=277.0 p99_est=40.71
2026-08-06 23:55:07 [info     ] controller_decision_v3         action=RECOVERY available_replicas=5 budget_remaining=997 burn_adjustment=0 burst_ratio=0 capacity_deficit=False confidence=0 current_load=83.16519587808399 decision_id=d2e1776a k8s_capacity=83.2 k8s_weight=100 knative_weight=0 p99=40.7 predicted_load=0 r_effective=16.6 serverless_enabled=False total_load=83.2 weights_after={'k3s': 100, 'knative': 0} weights_before={'k3s': 81, 'knative': 19}
2026-08-06 23:55:07 [info     ] Weights updated                k3s=100 knative=0
2026-08-06 23:55:07 [info     ] Weights updated                action=RECOVERY reason='load=83RPS | k8s_cap=83RPS | (reducing-serverless)' weights={'k3s': 100, 'knative': 0}
2026-08-06 23:55:07 [info     ] algorithm2_scaling_decision    action=MAINTAIN alpha=0.060060060060060066 beta=0.0 buffer=1.0 current_replicas=6 predicted_load=92.82985801699726 required_resources=5.575 target_replicas=6
2026-08-06 23:55:07 [info     ] algorithm2_decision            action=MAINTAIN applied_target=6 current_replicas=6 hold_until=0.0 observed_load=92.83 observed_target=6 point_forecasts=None prediction_age_sec=None predictive_target=6 proactive=False scenario=s3-hybrid-reactive target_replicas=6 upper_forecasts=None
2026-08-06 23:55:07 [debug    ] Decision loop completed        action=RECOVERY latency_ms=140.1 p99=40.71337579617835
2026-08-06 23:55:23 [debug    ] HAProxy fallback latency       delta_requests=1119 interval_avg_ms=117.23 max_rtime_ms=277.0 p99_est=234.46
2026-08-06 23:55:23 [info     ] algorithm2_scaling_decision    action=MAINTAIN alpha=0.060060060060060066 beta=0.0 buffer=1.0 current_replicas=6 predicted_load=78.56919602459077 required_resources=4.719 target_replicas=5
2026-08-06 23:55:23 [info     ] algorithm2_decision            action=MAINTAIN applied_target=5 current_replicas=6 hold_until=0.0 observed_load=78.57 observed_target=5 point_forecasts=None prediction_age_sec=None predictive_target=5 proactive=False scenario=s3-hybrid-reactive target_replicas=5 upper_forecasts=None
2026-08-06 23:55:23 [debug    ] Decision loop completed        action=MAINTAIN latency_ms=107.86 p99=234.46291331546024
2026-08-06 23:55:38 [debug    ] HAProxy fallback latency       delta_requests=1043 interval_avg_ms=66.0 max_rtime_ms=277.0 p99_est=132.0
2026-08-06 23:55:38 [info     ] algorithm2_scaling_decision    action=MAINTAIN alpha=0.060060060060060066 beta=0.0 buffer=1.0 current_replicas=6 predicted_load=71.50510286631211 required_resources=4.295 target_replicas=5
2026-08-06 23:55:38 [info     ] algorithm2_decision            action=MAINTAIN applied_target=5 current_replicas=6 hold_until=0.0 observed_load=71.51 observed_target=5 point_forecasts=None prediction_age_sec=None predictive_target=5 proactive=False scenario=s3-hybrid-reactive target_replicas=5 upper_forecasts=None
2026-08-06 23:55:38 [debug    ] Decision loop completed        action=MAINTAIN latency_ms=111.5 p99=132.0
2026-08-06 23:55:53 [debug    ] HAProxy fallback latency       delta_requests=1175 interval_avg_ms=66.0 max_rtime_ms=277.0 p99_est=132.0
2026-08-06 23:55:53 [info     ] algorithm2_scaling_decision    action=MAINTAIN alpha=0.060060060060060066 beta=0.0 buffer=1.0 current_replicas=6 predicted_load=73.3620446959873 required_resources=4.406 target_replicas=5
2026-08-06 23:55:53 [info     ] algorithm2_decision            action=MAINTAIN applied_target=5 current_replicas=6 hold_until=0.0 observed_load=73.36 observed_target=5 point_forecasts=None prediction_age_sec=None predictive_target=5 proactive=False scenario=s3-hybrid-reactive target_replicas=5 upper_forecasts=None
2026-08-06 23:55:53 [debug    ] Decision loop completed        action=MAINTAIN latency_ms=103.59 p99=132.0
2026-08-06 23:56:08 [debug    ] HAProxy fallback latency       delta_requests=1328 interval_avg_ms=66.0 max_rtime_ms=277.0 p99_est=132.0
2026-08-06 23:56:08 [info     ] algorithm2_scaling_decision    action=MAINTAIN alpha=0.060060060060060066 beta=0.0 buffer=1.0 current_replicas=6 predicted_load=82.80663306411785 required_resources=4.973 target_replicas=5
2026-08-06 23:56:08 [info     ] algorithm2_decision            action=MAINTAIN applied_target=5 current_replicas=6 hold_until=0.0 observed_load=82.81 observed_target=5 point_forecasts=None prediction_age_sec=None predictive_target=5 proactive=False scenario=s3-hybrid-reactive target_replicas=5 upper_forecasts=None
2026-08-06 23:56:08 [debug    ] Decision loop completed        action=MAINTAIN latency_ms=107.45 p99=132.0
2026-08-06 23:56:23 [info     ] algorithm2_scaling_decision    action=MAINTAIN alpha=0.060060060060060066 beta=0.0 buffer=1.0 current_replicas=6 predicted_load=80.17031539898798 required_resources=4.815 target_replicas=5
2026-08-06 23:56:23 [info     ] algorithm2_decision            action=MAINTAIN applied_target=5 current_replicas=6 hold_until=0.0 observed_load=80.17 observed_target=5 point_forecasts=None prediction_age_sec=None predictive_target=5 proactive=False scenario=s3-hybrid-reactive target_replicas=5 upper_forecasts=None
2026-08-06 23:56:23 [debug    ] Decision loop completed        action=MAINTAIN latency_ms=106.5 p99=132.0
2026-08-06 23:56:38 [debug    ] HAProxy fallback latency       delta_requests=774 interval_avg_ms=64.0 max_rtime_ms=277.0 p99_est=128.0
2026-08-06 23:56:38 [info     ] algorithm2_scaling_decision    action=SCALE_DOWN alpha=0.060060060060060066 beta=0.0 buffer=1.0 current_replicas=6 predicted_load=61.89120376338424 required_resources=3.717 target_replicas=4
2026-08-06 23:56:38 [info     ] algorithm2_decision            action=SCALE_DOWN applied_target=4 current_replicas=6 hold_until=0.0 observed_load=61.89 observed_target=4 point_forecasts=None prediction_age_sec=None predictive_target=4 proactive=False scenario=s3-hybrid-reactive target_replicas=4 upper_forecasts=None
2026-08-06 23:56:38 [info     ] k8s_scale_executed             deployment=test-app-warm replicas=4
2026-08-06 23:56:38 [debug    ] Decision loop completed        action=MAINTAIN latency_ms=147.16 p99=128.0
2026-08-06 23:56:53 [debug    ] HAProxy fallback latency       delta_requests=707 interval_avg_ms=64.0 max_rtime_ms=277.0 p99_est=128.0
2026-08-06 23:56:53 [info     ] algorithm2_scaling_decision    action=MAINTAIN alpha=0.060060060060060066 beta=0.0 buffer=1.0 current_replicas=4 predicted_load=48.987842715208615 required_resources=2.942 target_replicas=3
2026-08-06 23:56:53 [info     ] algorithm2_decision            action=MAINTAIN applied_target=3 current_replicas=4 hold_until=0.0 observed_load=48.99 observed_target=3 point_forecasts=None prediction_age_sec=None predictive_target=3 proactive=False scenario=s3-hybrid-reactive target_replicas=3 upper_forecasts=None
2026-08-06 23:56:53 [debug    ] Decision loop completed        action=MAINTAIN latency_ms=99.85 p99=128.0
2026-08-06 23:57:08 [info     ] algorithm2_scaling_decision    action=MAINTAIN alpha=0.060060060060060066 beta=0.0 buffer=1.0 current_replicas=4 predicted_load=46.21846366027175 required_resources=2.776 target_replicas=3
2026-08-06 23:57:08 [info     ] algorithm2_decision            action=MAINTAIN applied_target=3 current_replicas=4 hold_until=0.0 observed_load=46.22 observed_target=3 point_forecasts=None prediction_age_sec=None predictive_target=3 proactive=False scenario=s3-hybrid-reactive target_replicas=3 upper_forecasts=None
2026-08-06 23:57:08 [debug    ] Decision loop completed        action=MAINTAIN latency_ms=102.02 p99=128.0
2026-08-06 23:57:23 [debug    ] HAProxy fallback latency       delta_requests=654 interval_avg_ms=163.79 max_rtime_ms=277.0 p99_est=277.0
2026-08-06 23:57:23 [info     ] algorithm2_scaling_decision    action=MAINTAIN alpha=0.060060060060060066 beta=0.0 buffer=1.0 current_replicas=4 predicted_load=44.56770552704398 required_resources=2.677 target_replicas=3
2026-08-06 23:57:23 [info     ] algorithm2_decision            action=MAINTAIN applied_target=3 current_replicas=4 hold_until=0.0 observed_load=44.57 observed_target=3 point_forecasts=None prediction_age_sec=None predictive_target=3 proactive=False scenario=s3-hybrid-reactive target_replicas=3 upper_forecasts=None
2026-08-06 23:57:23 [debug    ] Decision loop completed        action=MAINTAIN latency_ms=110.49 p99=277.0
2026-08-06 23:57:39 [debug    ] HAProxy fallback latency       delta_requests=634 interval_avg_ms=64.0 max_rtime_ms=277.0 p99_est=128.0
2026-08-06 23:57:39 [info     ] algorithm2_scaling_decision    action=MAINTAIN alpha=0.060060060060060066 beta=0.0 buffer=1.0 current_replicas=4 predicted_load=42.6313132647783 required_resources=2.56 target_replicas=3
2026-08-06 23:57:39 [info     ] algorithm2_decision            action=MAINTAIN applied_target=3 current_replicas=4 hold_until=0.0 observed_load=42.63 observed_target=3 point_forecasts=None prediction_age_sec=None predictive_target=3 proactive=False scenario=s3-hybrid-reactive target_replicas=3 upper_forecasts=None
2026-08-06 23:57:39 [debug    ] Decision loop completed        action=MAINTAIN latency_ms=111.18 p99=128.0
2026-08-06 23:57:54 [debug    ] HAProxy fallback latency       delta_requests=833 interval_avg_ms=64.0 max_rtime_ms=277.0 p99_est=128.0
2026-08-06 23:57:54 [info     ] algorithm2_scaling_decision    action=MAINTAIN alpha=0.060060060060060066 beta=0.0 buffer=1.0 current_replicas=4 predicted_load=48.539727321839 required_resources=2.915 target_replicas=3
2026-08-06 23:57:54 [info     ] algorithm2_decision            action=MAINTAIN applied_target=3 current_replicas=4 hold_until=0.0 observed_load=48.54 observed_target=3 point_forecasts=None prediction_age_sec=None predictive_target=3 proactive=False scenario=s3-hybrid-reactive target_replicas=3 upper_forecasts=None
2026-08-06 23:57:54 [debug    ] Decision loop completed        action=MAINTAIN latency_ms=107.3 p99=128.0
2026-08-06 23:58:09 [debug    ] HAProxy fallback latency       delta_requests=1059 interval_avg_ms=128.63 max_rtime_ms=277.0 p99_est=257.25
2026-08-06 23:58:09 [info     ] Knative pre-warm OK            cold_start_ms=2.6
2026-08-06 23:58:09 [info     ] controller_decision_v3         action=REACTIVE available_replicas=4 budget_remaining=994 burn_adjustment=0 burst_ratio=0.049 capacity_deficit=False confidence=0 current_load=70.03295513903004 decision_id=ee119445 k8s_capacity=66.6 k8s_weight=95 knative_weight=5 p99=257.3 predicted_load=0 r_effective=16.6 serverless_enabled=True total_load=70.0 weights_after={'k3s': 95, 'knative': 5} weights_before={'k3s': 100, 'knative': 0}
2026-08-06 23:58:09 [info     ] Weights updated                k3s=95 knative=5
2026-08-06 23:58:09 [info     ] Weights updated                action=REACTIVE reason='load=70RPS | k8s_cap=67RPS | (burst-routing)' weights={'k3s': 95, 'knative': 5}
2026-08-06 23:58:09 [info     ] algorithm2_scaling_decision    action=MAINTAIN alpha=0.060060060060060066 beta=0.0 buffer=1.0 current_replicas=4 predicted_load=62.57799469526641 required_resources=3.758 target_replicas=4
2026-08-06 23:58:09 [info     ] algorithm2_decision            action=MAINTAIN applied_target=4 current_replicas=4 hold_until=0.0 observed_load=62.58 observed_target=4 point_forecasts=None prediction_age_sec=None predictive_target=4 proactive=False scenario=s3-hybrid-reactive target_replicas=4 upper_forecasts=None
2026-08-06 23:58:09 [debug    ] Decision loop completed        action=REACTIVE latency_ms=117.22 p99=257.25401322001886
2026-08-06 23:58:24 [debug    ] HAProxy fallback latency       delta_requests=1076 interval_avg_ms=129.61 max_rtime_ms=277.0 p99_est=259.21
2026-08-06 23:58:24 [info     ] controller_decision_v3         action=REACTIVE available_replicas=4 budget_remaining=993 burn_adjustment=0 burst_ratio=0.0643 capacity_deficit=False confidence=0 current_load=71.1776684742797 decision_id=055e5098 k8s_capacity=66.6 k8s_weight=93 knative_weight=7 p99=259.2 predicted_load=0 r_effective=16.6 serverless_enabled=True total_load=71.2 weights_after={'k3s': 93, 'knative': 7} weights_before={'k3s': 95, 'knative': 5}
2026-08-06 23:58:24 [info     ] Weights updated                k3s=93 knative=7
2026-08-06 23:58:24 [info     ] Weights updated                action=REACTIVE reason='load=71RPS | k8s_cap=67RPS | (burst-routing)' weights={'k3s': 93, 'knative': 7}
2026-08-06 23:58:24 [info     ] algorithm2_scaling_decision    action=SCALE_UP alpha=0.060060060060060066 beta=0.0 buffer=1.0 current_replicas=4 predicted_load=70.60531180665487 required_resources=4.241 target_replicas=5
2026-08-06 23:58:24 [info     ] algorithm2_decision            action=SCALE_UP applied_target=5 current_replicas=4 hold_until=0.0 observed_load=70.61 observed_target=5 point_forecasts=None prediction_age_sec=None predictive_target=5 proactive=False scenario=s3-hybrid-reactive target_replicas=5 upper_forecasts=None
2026-08-06 23:58:24 [info     ] k8s_scale_executed             deployment=test-app-warm replicas=5
2026-08-06 23:58:24 [debug    ] Decision loop completed        action=REACTIVE latency_ms=143.62 p99=259.2118959107807
2026-08-06 23:58:39 [debug    ] HAProxy fallback latency       delta_requests=1053 interval_avg_ms=66.0 max_rtime_ms=277.0 p99_est=132.0
2026-08-06 23:58:39 [info     ] controller_decision_v3         action=RECOVERY available_replicas=5 budget_remaining=993 burn_adjustment=0 burst_ratio=0 capacity_deficit=False confidence=0 current_load=69.53237621169546 decision_id=5587bcbf k8s_capacity=83.2 k8s_weight=100 knative_weight=0 p99=132.0 predicted_load=0 r_effective=16.6 serverless_enabled=False total_load=69.5 weights_after={'k3s': 100, 'knative': 0} weights_before={'k3s': 93, 'knative': 7}
2026-08-06 23:58:39 [info     ] Weights updated                k3s=100 knative=0
2026-08-06 23:58:39 [info     ] Weights updated                action=RECOVERY reason='load=70RPS | k8s_cap=83RPS | (reducing-serverless)' weights={'k3s': 100, 'knative': 0}
2026-08-06 23:58:39 [info     ] Scale readiness observed       elapsed_sec=15.1 ewma_delay=53.8 samples=5 target=5
2026-08-06 23:58:39 [info     ] algorithm2_scaling_decision    action=MAINTAIN alpha=0.060060060060060066 beta=0.0 buffer=1.0 current_replicas=5 predicted_load=70.35502234298758 required_resources=4.226 target_replicas=5
2026-08-06 23:58:39 [info     ] algorithm2_decision            action=MAINTAIN applied_target=5 current_replicas=5 hold_until=0.0 observed_load=70.36 observed_target=5 point_forecasts=None prediction_age_sec=None predictive_target=5 proactive=False scenario=s3-hybrid-reactive target_replicas=5 upper_forecasts=None
2026-08-06 23:58:39 [debug    ] Decision loop completed        action=RECOVERY latency_ms=145.49 p99=132.0
2026-08-06 23:58:54 [debug    ] HAProxy fallback latency       delta_requests=1073 interval_avg_ms=66.0 max_rtime_ms=277.0 p99_est=132.0
2026-08-06 23:58:54 [info     ] algorithm2_scaling_decision    action=MAINTAIN alpha=0.060060060060060066 beta=0.0 buffer=1.0 current_replicas=5 predicted_load=70.22191936718836 required_resources=4.218 target_replicas=5
2026-08-06 23:58:54 [info     ] algorithm2_decision            action=MAINTAIN applied_target=5 current_replicas=5 hold_until=0.0 observed_load=70.22 observed_target=5 point_forecasts=None prediction_age_sec=None predictive_target=5 proactive=False scenario=s3-hybrid-reactive target_replicas=5 upper_forecasts=None
2026-08-06 23:58:54 [debug    ] Decision loop completed        action=MAINTAIN latency_ms=105.75 p99=132.0
2026-08-06 23:59:09 [debug    ] HAProxy fallback latency       delta_requests=1131 interval_avg_ms=66.0 max_rtime_ms=277.0 p99_est=132.0
2026-08-06 23:59:09 [info     ] algorithm2_scaling_decision    action=MAINTAIN alpha=0.060060060060060066 beta=0.0 buffer=1.0 current_replicas=5 predicted_load=72.85835490086457 required_resources=4.376 target_replicas=5
2026-08-06 23:59:09 [info     ] algorithm2_decision            action=MAINTAIN applied_target=5 current_replicas=5 hold_until=0.0 observed_load=72.86 observed_target=5 point_forecasts=None prediction_age_sec=None predictive_target=5 proactive=False scenario=s3-hybrid-reactive target_replicas=5 upper_forecasts=None
2026-08-06 23:59:09 [debug    ] Decision loop completed        action=MAINTAIN latency_ms=106.82 p99=132.0
2026-08-06 23:59:24 [debug    ] HAProxy fallback latency       delta_requests=1395 interval_avg_ms=119.17 max_rtime_ms=277.0 p99_est=238.33
2026-08-06 23:59:24 [info     ] Knative pre-warm OK            cold_start_ms=2.9
2026-08-06 23:59:24 [info     ] controller_decision_v3         action=REACTIVE available_replicas=5 budget_remaining=992 burn_adjustment=0 burst_ratio=0.0978 capacity_deficit=False confidence=0 current_load=92.27750358919488 decision_id=e9df05f1 k8s_capacity=83.2 k8s_weight=90 knative_weight=10 p99=238.3 predicted_load=0 r_effective=16.6 serverless_enabled=True total_load=92.3 weights_after={'k3s': 90, 'knative': 10} weights_before={'k3s': 100, 'knative': 0}
2026-08-06 23:59:24 [info     ] Weights updated                k3s=90 knative=10
2026-08-06 23:59:24 [info     ] Weights updated                action=REACTIVE reason='load=92RPS | k8s_cap=83RPS | (burst-routing)' weights={'k3s': 90, 'knative': 10}
2026-08-06 23:59:24 [info     ] algorithm2_scaling_decision    action=SCALE_UP alpha=0.060060060060060066 beta=0.0 buffer=1.0 current_replicas=5 predicted_load=83.54137543412138 required_resources=5.018 target_replicas=6
2026-08-06 23:59:24 [info     ] algorithm2_decision            action=SCALE_UP applied_target=6 current_replicas=5 hold_until=0.0 observed_load=83.54 observed_target=6 point_forecasts=None prediction_age_sec=None predictive_target=6 proactive=False scenario=s3-hybrid-reactive target_replicas=6 upper_forecasts=None
2026-08-06 23:59:24 [info     ] k8s_scale_executed             deployment=test-app-warm replicas=6
2026-08-06 23:59:24 [debug    ] Decision loop completed        action=REACTIVE latency_ms=150.12 p99=238.33405017921146
2026-08-06 23:59:40 [debug    ] HAProxy fallback latency       delta_requests=1640 interval_avg_ms=20.78 max_rtime_ms=277.0 p99_est=41.55
2026-08-06 23:59:40 [info     ] controller_decision_v3         action=REACTIVE available_replicas=5 budget_remaining=992 burn_adjustment=0 burst_ratio=0.2309 capacity_deficit=False confidence=0 current_load=108.24720955717187 decision_id=74d8ce90 k8s_capacity=83.2 k8s_weight=76 knative_weight=24 p99=41.6 predicted_load=0 r_effective=16.6 serverless_enabled=True total_load=108.2 weights_after={'k3s': 76, 'knative': 24} weights_before={'k3s': 90, 'knative': 10}
2026-08-06 23:59:40 [info     ] Weights updated                k3s=76 knative=24
2026-08-06 23:59:40 [info     ] Weights updated                action=REACTIVE reason='load=108RPS | k8s_cap=83RPS | (burst-routing)' weights={'k3s': 76, 'knative': 24}
2026-08-06 23:59:40 [info     ] algorithm2_scaling_decision    action=MAINTAIN alpha=0.060060060060060066 beta=0.0 buffer=1.0 current_replicas=6 predicted_load=100.26235657318338 required_resources=6.022 target_replicas=6
2026-08-06 23:59:40 [info     ] algorithm2_decision            action=MAINTAIN applied_target=6 current_replicas=6 hold_until=0.0 observed_load=100.26 observed_target=6 point_forecasts=None prediction_age_sec=None predictive_target=6 proactive=False scenario=s3-hybrid-reactive target_replicas=6 upper_forecasts=None
2026-08-06 23:59:40 [debug    ] Decision loop completed        action=REACTIVE latency_ms=111.43 p99=41.551219512195125
2026-08-06 23:59:55 [debug    ] HAProxy fallback latency       delta_requests=1447 interval_avg_ms=12.61 max_rtime_ms=277.0 p99_est=25.22
2026-08-06 23:59:55 [info     ] controller_decision_v3         action=RECOVERY available_replicas=5 budget_remaining=992 burn_adjustment=0 burst_ratio=0.1312 capacity_deficit=False confidence=0 current_load=95.8213096948471 decision_id=8384c35f k8s_capacity=83.2 k8s_weight=86 knative_weight=14 p99=25.2 predicted_load=0 r_effective=16.6 serverless_enabled=True total_load=95.8 weights_after={'k3s': 86, 'knative': 14} weights_before={'k3s': 76, 'knative': 24}
2026-08-06 23:59:55 [info     ] Weights updated                k3s=86 knative=14
2026-08-06 23:59:55 [info     ] Weights updated                action=RECOVERY reason='load=96RPS | k8s_cap=83RPS | (reducing-serverless)' weights={'k3s': 86, 'knative': 14}
2026-08-06 23:59:55 [info     ] algorithm2_scaling_decision    action=MAINTAIN alpha=0.060060060060060066 beta=0.0 buffer=1.0 current_replicas=6 predicted_load=102.03425962600949 required_resources=6.128 target_replicas=6
2026-08-06 23:59:55 [info     ] algorithm2_decision            action=MAINTAIN applied_target=6 current_replicas=6 hold_until=0.0 observed_load=102.03 observed_target=6 point_forecasts=None prediction_age_sec=None predictive_target=6 proactive=False scenario=s3-hybrid-reactive target_replicas=6 upper_forecasts=None
2026-08-06 23:59:55 [debug    ] Decision loop completed        action=RECOVERY latency_ms=141.49 p99=25.22045611610228
2026-08-07 00:00:10 [debug    ] HAProxy fallback latency       delta_requests=1184 interval_avg_ms=65.0 max_rtime_ms=277.0 p99_est=130.0
2026-08-07 00:00:10 [info     ] controller_decision_v3         action=RECOVERY available_replicas=5 budget_remaining=992 burn_adjustment=0 burst_ratio=0 capacity_deficit=False confidence=0 current_load=78.19711567062309 decision_id=37f5edca k8s_capacity=83.2 k8s_weight=100 knative_weight=0 p99=130.0 predicted_load=0 r_effective=16.6 serverless_enabled=False total_load=78.2 weights_after={'k3s': 100, 'knative': 0} weights_before={'k3s': 86, 'knative': 14}
2026-08-07 00:00:10 [info     ] Weights updated                k3s=100 knative=0
2026-08-07 00:00:10 [info     ] Weights updated                action=RECOVERY reason='load=78RPS | k8s_cap=83RPS | (reducing-serverless)' weights={'k3s': 100, 'knative': 0}
2026-08-07 00:00:10 [info     ] algorithm2_scaling_decision    action=MAINTAIN alpha=0.060060060060060066 beta=0.0 buffer=1.0 current_replicas=6 predicted_load=87.0092126827351 required_resources=5.226 target_replicas=6
2026-08-07 00:00:10 [info     ] algorithm2_decision            action=MAINTAIN applied_target=6 current_replicas=6 hold_until=0.0 observed_load=87.01 observed_target=6 point_forecasts=None prediction_age_sec=None predictive_target=6 proactive=False scenario=s3-hybrid-reactive target_replicas=6 upper_forecasts=None
2026-08-07 00:00:10 [debug    ] Decision loop completed        action=RECOVERY latency_ms=142.91 p99=130.0
2026-08-07 00:00:25 [info     ] algorithm2_scaling_decision    action=MAINTAIN alpha=0.060060060060060066 beta=0.0 buffer=1.0 current_replicas=6 predicted_load=69.60697168526747 required_resources=4.181 target_replicas=5
2026-08-07 00:00:25 [info     ] algorithm2_decision            action=MAINTAIN applied_target=5 current_replicas=6 hold_until=0.0 observed_load=69.61 observed_target=5 point_forecasts=None prediction_age_sec=None predictive_target=5 proactive=False scenario=s3-hybrid-reactive target_replicas=5 upper_forecasts=None
2026-08-07 00:00:25 [debug    ] Decision loop completed        action=MAINTAIN latency_ms=108.96 p99=130.0
2026-08-07 00:00:40 [debug    ] HAProxy fallback latency       delta_requests=695 interval_avg_ms=64.0 max_rtime_ms=277.0 p99_est=128.0
2026-08-07 00:00:40 [info     ] algorithm2_scaling_decision    action=SCALE_DOWN alpha=0.060060060060060066 beta=0.0 buffer=1.0 current_replicas=6 predicted_load=53.50663251127153 required_resources=3.214 target_replicas=4
2026-08-07 00:00:40 [info     ] algorithm2_decision            action=SCALE_DOWN applied_target=4 current_replicas=6 hold_until=0.0 observed_load=53.51 observed_target=4 point_forecasts=None prediction_age_sec=None predictive_target=4 proactive=False scenario=s3-hybrid-reactive target_replicas=4 upper_forecasts=None
2026-08-07 00:00:40 [info     ] k8s_scale_executed             deployment=test-app-warm replicas=4
2026-08-07 00:00:40 [debug    ] Decision loop completed        action=MAINTAIN latency_ms=152.18 p99=128.0
2026-08-07 00:00:55 [debug    ] HAProxy fallback latency       delta_requests=659 interval_avg_ms=64.0 max_rtime_ms=277.0 p99_est=128.0
2026-08-07 00:00:55 [info     ] algorithm2_scaling_decision    action=MAINTAIN alpha=0.060060060060060066 beta=0.0 buffer=1.0 current_replicas=4 predicted_load=44.74430283075114 required_resources=2.687 target_replicas=3
2026-08-07 00:00:55 [info     ] algorithm2_decision            action=MAINTAIN applied_target=3 current_replicas=4 hold_until=0.0 observed_load=44.74 observed_target=3 point_forecasts=None prediction_age_sec=None predictive_target=3 proactive=False scenario=s3-hybrid-reactive target_replicas=3 upper_forecasts=None
2026-08-07 00:00:55 [debug    ] Decision loop completed        action=MAINTAIN latency_ms=104.79 p99=128.0
2026-08-07 00:01:10 [debug    ] HAProxy fallback latency       delta_requests=667 interval_avg_ms=64.0 max_rtime_ms=277.0 p99_est=128.0
2026-08-07 00:01:10 [info     ] algorithm2_scaling_decision    action=MAINTAIN alpha=0.060060060060060066 beta=0.0 buffer=1.0 current_replicas=4 predicted_load=43.82458163497056 required_resources=2.632 target_replicas=3
2026-08-07 00:01:10 [info     ] algorithm2_decision            action=MAINTAIN applied_target=3 current_replicas=4 hold_until=0.0 observed_load=43.82 observed_target=3 point_forecasts=None prediction_age_sec=None predictive_target=3 proactive=False scenario=s3-hybrid-reactive target_replicas=3 upper_forecasts=None
2026-08-07 00:01:10 [debug    ] Decision loop completed        action=MAINTAIN latency_ms=108.46 p99=128.0
2026-08-07 00:01:25 [debug    ] HAProxy fallback latency       delta_requests=775 interval_avg_ms=276.02 max_rtime_ms=277.0 p99_est=277.0
2026-08-07 00:01:25 [info     ] algorithm2_scaling_decision    action=MAINTAIN alpha=0.060060060060060066 beta=0.0 buffer=1.0 current_replicas=4 predicted_load=47.727160357556485 required_resources=2.866 target_replicas=3
2026-08-07 00:01:25 [info     ] algorithm2_decision            action=MAINTAIN applied_target=3 current_replicas=4 hold_until=0.0 observed_load=47.73 observed_target=3 point_forecasts=None prediction_age_sec=None predictive_target=3 proactive=False scenario=s3-hybrid-reactive target_replicas=3 upper_forecasts=None
2026-08-07 00:01:25 [debug    ] Decision loop completed        action=MAINTAIN latency_ms=108.7 p99=277.0
2026-08-07 00:01:41 [info     ] algorithm2_scaling_decision    action=MAINTAIN alpha=0.060060060060060066 beta=0.0 buffer=1.0 current_replicas=4 predicted_load=53.9103682099869 required_resources=3.238 target_replicas=4
2026-08-07 00:01:41 [info     ] algorithm2_decision            action=MAINTAIN applied_target=4 current_replicas=4 hold_until=0.0 observed_load=53.91 observed_target=4 point_forecasts=None prediction_age_sec=None predictive_target=4 proactive=False scenario=s3-hybrid-reactive target_replicas=4 upper_forecasts=None
2026-08-07 00:01:41 [debug    ] Decision loop completed        action=MAINTAIN latency_ms=110.08 p99=277.0
2026-08-07 00:01:56 [info     ] algorithm2_scaling_decision    action=MAINTAIN alpha=0.060060060060060066 beta=0.0 buffer=1.0 current_replicas=4 predicted_load=51.987098177711744 required_resources=3.122 target_replicas=4
2026-08-07 00:01:56 [info     ] algorithm2_decision            action=MAINTAIN applied_target=4 current_replicas=4 hold_until=0.0 observed_load=51.99 observed_target=4 point_forecasts=None prediction_age_sec=None predictive_target=4 proactive=False scenario=s3-hybrid-reactive target_replicas=4 upper_forecasts=None
2026-08-07 00:01:56 [debug    ] Decision loop completed        action=MAINTAIN latency_ms=107.71 p99=277.0
2026-08-07 00:02:11 [debug    ] HAProxy fallback latency       delta_requests=579 interval_avg_ms=209.61 max_rtime_ms=277.0 p99_est=277.0
2026-08-07 00:02:11 [info     ] algorithm2_scaling_decision    action=MAINTAIN alpha=0.060060060060060066 beta=0.0 buffer=1.0 current_replicas=4 predicted_load=42.920618151685474 required_resources=2.578 target_replicas=3
2026-08-07 00:02:11 [info     ] algorithm2_decision            action=MAINTAIN applied_target=3 current_replicas=4 hold_until=0.0 observed_load=42.92 observed_target=3 point_forecasts=None prediction_age_sec=None predictive_target=3 proactive=False scenario=s3-hybrid-reactive target_replicas=3 upper_forecasts=None
2026-08-07 00:02:11 [debug    ] Decision loop completed        action=MAINTAIN latency_ms=101.45 p99=277.0
2026-08-07 00:02:26 [info     ] algorithm2_scaling_decision    action=MAINTAIN alpha=0.060060060060060066 beta=0.0 buffer=1.0 current_replicas=4 predicted_load=38.46476638574636 required_resources=2.31 target_replicas=3
2026-08-07 00:02:26 [info     ] algorithm2_decision            action=MAINTAIN applied_target=3 current_replicas=4 hold_until=0.0 observed_load=38.46 observed_target=3 point_forecasts=None prediction_age_sec=None predictive_target=3 proactive=False scenario=s3-hybrid-reactive target_replicas=3 upper_forecasts=None
2026-08-07 00:02:26 [debug    ] Decision loop completed        action=MAINTAIN latency_ms=110.93 p99=277.0
2026-08-07 00:02:41 [debug    ] HAProxy fallback latency       delta_requests=606 interval_avg_ms=64.0 max_rtime_ms=277.0 p99_est=128.0
2026-08-07 00:02:41 [info     ] algorithm2_scaling_decision    action=MAINTAIN alpha=0.060060060060060066 beta=0.0 buffer=1.0 current_replicas=4 predicted_load=39.32156811513063 required_resources=2.362 target_replicas=3
2026-08-07 00:02:41 [info     ] algorithm2_decision            action=MAINTAIN applied_target=3 current_replicas=4 hold_until=0.0 observed_load=39.32 observed_target=3 point_forecasts=None prediction_age_sec=None predictive_target=3 proactive=False scenario=s3-hybrid-reactive target_replicas=3 upper_forecasts=None
2026-08-07 00:02:41 [debug    ] Decision loop completed        action=MAINTAIN latency_ms=110.89 p99=128.0
2026-08-07 00:02:56 [debug    ] HAProxy fallback latency       delta_requests=629 interval_avg_ms=64.0 max_rtime_ms=277.0 p99_est=128.0
2026-08-07 00:02:56 [info     ] algorithm2_scaling_decision    action=MAINTAIN alpha=0.060060060060060066 beta=0.0 buffer=1.0 current_replicas=4 predicted_load=40.863779597374354 required_resources=2.454 target_replicas=3
2026-08-07 00:02:56 [info     ] algorithm2_decision            action=MAINTAIN applied_target=3 current_replicas=4 hold_until=0.0 observed_load=40.86 observed_target=3 point_forecasts=None prediction_age_sec=None predictive_target=3 proactive=False scenario=s3-hybrid-reactive target_replicas=3 upper_forecasts=None
2026-08-07 00:02:56 [debug    ] Decision loop completed        action=MAINTAIN latency_ms=103.82 p99=128.0
2026-08-07 00:03:11 [debug    ] HAProxy fallback latency       delta_requests=662 interval_avg_ms=64.0 max_rtime_ms=277.0 p99_est=128.0
2026-08-07 00:03:11 [info     ] algorithm2_scaling_decision    action=MAINTAIN alpha=0.060060060060060066 beta=0.0 buffer=1.0 current_replicas=4 predicted_load=42.726953370956736 required_resources=2.566 target_replicas=3
2026-08-07 00:03:11 [info     ] algorithm2_decision            action=MAINTAIN applied_target=3 current_replicas=4 hold_until=0.0 observed_load=42.73 observed_target=3 point_forecasts=None prediction_age_sec=None predictive_target=3 proactive=False scenario=s3-hybrid-reactive target_replicas=3 upper_forecasts=None
2026-08-07 00:03:11 [debug    ] Decision loop completed        action=MAINTAIN latency_ms=108.48 p99=128.0
2026-08-07 00:03:26 [debug    ] HAProxy fallback latency       delta_requests=740 interval_avg_ms=182.28 max_rtime_ms=277.0 p99_est=277.0
2026-08-07 00:03:26 [info     ] algorithm2_scaling_decision    action=MAINTAIN alpha=0.060060060060060066 beta=0.0 buffer=1.0 current_replicas=4 predicted_load=46.40447845066006 required_resources=2.787 target_replicas=3
2026-08-07 00:03:26 [info     ] algorithm2_decision            action=MAINTAIN applied_target=3 current_replicas=4 hold_until=0.0 observed_load=46.4 observed_target=3 point_forecasts=None prediction_age_sec=None predictive_target=3 proactive=False scenario=s3-hybrid-reactive target_replicas=3 upper_forecasts=None
2026-08-07 00:03:26 [debug    ] Decision loop completed        action=MAINTAIN latency_ms=98.07 p99=277.0
2026-08-07 00:03:41 [debug    ] HAProxy fallback latency       delta_requests=320 interval_avg_ms=65.0 max_rtime_ms=277.0 p99_est=130.0
2026-08-07 00:03:41 [info     ] algorithm2_scaling_decision    action=MAINTAIN alpha=0.060060060060060066 beta=0.0 buffer=1.0 current_replicas=4 predicted_load=35.15221763630244 required_resources=2.111 target_replicas=3
2026-08-07 00:03:41 [info     ] algorithm2_decision            action=MAINTAIN applied_target=3 current_replicas=4 hold_until=0.0 observed_load=35.15 observed_target=3 point_forecasts=None prediction_age_sec=None predictive_target=3 proactive=False scenario=s3-hybrid-reactive target_replicas=3 upper_forecasts=None
2026-08-07 00:03:41 [debug    ] Decision loop completed        action=MAINTAIN latency_ms=103.0 p99=130.0
2026-08-07 00:03:57 [info     ] algorithm2_scaling_decision    action=MAINTAIN alpha=0.060060060060060066 beta=0.0 buffer=1.0 current_replicas=4 predicted_load=10.66293998054821 required_resources=0.64 target_replicas=3
2026-08-07 00:03:57 [info     ] algorithm2_decision            action=MAINTAIN applied_target=3 current_replicas=4 hold_until=0.0 observed_load=10.66 observed_target=3 point_forecasts=None prediction_age_sec=None predictive_target=3 proactive=False scenario=s3-hybrid-reactive target_replicas=3 upper_forecasts=None
2026-08-07 00:03:57 [debug    ] Decision loop completed        action=MAINTAIN latency_ms=102.84 p99=130.0
2026-08-07 00:04:12 [info     ] algorithm2_scaling_decision    action=MAINTAIN alpha=0.060060060060060066 beta=0.0 buffer=1.0 current_replicas=4 predicted_load=0.0 required_resources=0.0 target_replicas=3
2026-08-07 00:04:12 [info     ] algorithm2_decision            action=MAINTAIN applied_target=3 current_replicas=4 hold_until=0.0 observed_load=0.0 observed_target=3 point_forecasts=None prediction_age_sec=None predictive_target=3 proactive=False scenario=s3-hybrid-reactive target_replicas=3 upper_forecasts=None
2026-08-07 00:04:12 [debug    ] Decision loop completed        action=MAINTAIN latency_ms=102.34 p99=130.0
2026-08-07 00:04:27 [info     ] algorithm2_scaling_decision    action=MAINTAIN alpha=0.060060060060060066 beta=0.0 buffer=1.0 current_replicas=4 predicted_load=0.0 required_resources=0.0 target_replicas=3
2026-08-07 00:04:27 [info     ] algorithm2_decision            action=MAINTAIN applied_target=3 current_replicas=4 hold_until=0.0 observed_load=0.0 observed_target=3 point_forecasts=None prediction_age_sec=None predictive_target=3 proactive=False scenario=s3-hybrid-reactive target_replicas=3 upper_forecasts=None
2026-08-07 00:04:27 [debug    ] Decision loop completed        action=MAINTAIN latency_ms=104.62 p99=130.0
2026-08-07 00:04:33 [info     ] Received shutdown signal
2026-08-07 00:04:33 [info     ] Stopping routing daemon...
2026-08-07 00:04:33 [info     ] Routing daemon stopped
