<frozen runpy>:128: RuntimeWarning: 'daemon.routing_daemon' found in sys.modules after import of package 'daemon', but prior to execution of 'daemon.routing_daemon'; this may result in unpredictable behaviour
2026-02-26 06:43:03 [info     ] SLOMonitor initialized         threshold_ms=200.0 violation_window=30
2026-02-26 06:43:03 [info     ] Algorithm1Controller initialized cooldown=15 weight_step=10
2026-02-26 06:43:03 [info     ] HAProxyWeightAdjuster initialized backend=servers socket_path=/tmp/haproxy.sock tcp_socket=localhost:19999 tcp_socket_available=True unix_socket_available=False
2026-02-26 06:43:03 [info     ] GRUClient initialized          base_url=http://localhost:8090
2026-02-26 06:43:03 [info     ] K8sScaler initialized          deployment=test-app-warm namespace=default
2026-02-26 06:43:03 [info     ] RoutingDaemon initialized      decision_interval=15 description='Algorithm 1 with GRU predictions (Algorithm 2)' scenario=s4-hybrid-predictive use_algorithm=True use_predictions=True
2026-02-26 06:43:03 [info     ] Starting routing daemon        interval=15 scenario=s4-hybrid-predictive
2026-02-26 06:43:03 [debug    ] HAProxy TCP command sent       command='show stat' response_length=2591
2026-02-26 06:43:03 [debug    ] Current weights retrieved via socket weights={'k3s': 80, 'knative': 20}
2026-02-26 06:43:03 [debug    ] Weights already set correctly  k3s=80 knative=20
2026-02-26 06:43:03 [info     ] Initial weights applied        k3s=80 knative=20
2026-02-26 06:43:03 [debug    ] HAProxy TCP command sent       command='show stat' response_length=2591
2026-02-26 06:43:03 [debug    ] HAProxy fallback primed        total_requests=0
2026-02-26 06:43:03 [info     ] algorithm2_scaling_decision    action=MAINTAIN alpha=0.04 beta=0.0 buffer=1.2 current_replicas=1 predicted_load=0.0 required_resources=0.0 target_replicas=1
2026-02-26 06:43:03 [debug    ] Decision loop completed        action=MAINTAIN latency_ms=98.88 p99=0.0
2026-02-26 06:43:18 [debug    ] HAProxy TCP command sent       command='show stat' response_length=2593
2026-02-26 06:43:18 [info     ] algorithm2_scaling_decision    action=MAINTAIN alpha=0.04 beta=0.0 buffer=1.2 current_replicas=1 predicted_load=0.0 required_resources=0.0 target_replicas=1
2026-02-26 06:43:18 [debug    ] Decision loop completed        action=MAINTAIN latency_ms=76.36 p99=0.0
2026-02-26 06:43:33 [debug    ] HAProxy TCP command sent       command='show stat' response_length=2593
2026-02-26 06:43:33 [info     ] algorithm2_scaling_decision    action=MAINTAIN alpha=0.04 beta=0.0 buffer=1.2 current_replicas=1 predicted_load=0.0 required_resources=0.0 target_replicas=1
2026-02-26 06:43:33 [debug    ] Decision loop completed        action=MAINTAIN latency_ms=74.56 p99=0.0
2026-02-26 06:43:48 [debug    ] HAProxy TCP command sent       command='show stat' response_length=2723
2026-02-26 06:43:48 [debug    ] HAProxy fallback latency       delta_requests=497 interval_avg_ms=2170.0 max_rtime_ms=13541.0 p99_est=4340.0
2026-02-26 06:43:48 [info     ] algorithm2_scaling_decision    action=MAINTAIN alpha=0.04 beta=0.0 buffer=1.2 current_replicas=1 predicted_load=16.451886316562106 required_resources=0.658 target_replicas=1
2026-02-26 06:43:48 [debug    ] Decision loop completed        action=MAINTAIN latency_ms=68.05 p99=4340.0
2026-02-26 06:44:03 [debug    ] HAProxy TCP command sent       command='show stat' response_length=2750
2026-02-26 06:44:03 [debug    ] HAProxy fallback latency       delta_requests=322 interval_avg_ms=4451.5 max_rtime_ms=25308.0 p99_est=8903.0
2026-02-26 06:44:03 [info     ] algorithm2_scaling_decision    action=SCALE_UP alpha=0.04 beta=0.0 buffer=1.2 current_replicas=1 predicted_load=27.136326636554067 required_resources=1.085 target_replicas=2
2026-02-26 06:44:03 [info     ] k8s_scale_executed             deployment=test-app-warm replicas=2
2026-02-26 06:44:03 [debug    ] Decision loop completed        action=MAINTAIN latency_ms=111.34 p99=8903.0
2026-02-26 06:44:18 [debug    ] HAProxy TCP command sent       command='show stat' response_length=2791
2026-02-26 06:44:18 [debug    ] HAProxy fallback latency       delta_requests=649 interval_avg_ms=3107.71 max_rtime_ms=25308.0 p99_est=6215.43
2026-02-26 06:44:18 [debug    ] GRU prediction received        confidence=0.72 latency_ms=40.2 predicted=65
2026-02-26 06:44:18 [debug    ] Using GRU prediction           confidence=0.72 predicted=65
2026-02-26 06:44:18 [info     ] Algorithm 1: SCALE_OUT         new_weights={'k3s': 70, 'knative': 30} p99=6215.429892141757 serverless_enabled=True violation_sec=30
2026-02-26 06:44:18 [debug    ] HAProxy TCP command sent       command='show stat' response_length=2792
2026-02-26 06:44:18 [debug    ] Current weights retrieved via socket weights={'k3s': 80, 'knative': 20}
2026-02-26 06:44:18 [debug    ] HAProxy TCP command sent       command='show stat' response_length=2792
2026-02-26 06:44:18 [debug    ] HAProxy TCP command sent       command='set server servers/k3s weight 70' response_length=0
2026-02-26 06:44:18 [debug    ] HAProxy TCP command sent       command='show stat' response_length=2792
2026-02-26 06:44:18 [debug    ] HAProxy TCP command sent       command='set server servers/knative weight 30' response_length=0
2026-02-26 06:44:18 [debug    ] Weight commands sent via socket successfully k3s=70 knative=30
2026-02-26 06:44:19 [debug    ] HAProxy TCP command sent       command='show stat' response_length=2792
2026-02-26 06:44:19 [debug    ] Current weights retrieved via socket weights={'k3s': 70, 'knative': 30}
2026-02-26 06:44:19 [info     ] Weights updated successfully via HTTP new={'k3s': 70, 'knative': 30} previous={'k3s': 80, 'knative': 20}
2026-02-26 06:44:19 [info     ] Weights updated                action=SCALE_OUT reason='SLO violation (6215ms > 200ms) for 30s' weights={'k3s': 70, 'knative': 30}
2026-02-26 06:44:19 [info     ] algorithm2_scaling_decision    action=SCALE_UP alpha=0.04 beta=0.0 buffer=1.2 current_replicas=2 predicted_load=65.0 required_resources=2.6 target_replicas=4
2026-02-26 06:44:19 [debug    ] Decision loop completed        action=SCALE_OUT latency_ms=614.68 p99=6215.429892141757
2026-02-26 06:44:34 [debug    ] HAProxy TCP command sent       command='show stat' response_length=2800
2026-02-26 06:44:34 [debug    ] HAProxy fallback latency       delta_requests=1021 interval_avg_ms=4976.74 max_rtime_ms=25308.0 p99_est=9953.48
2026-02-26 06:44:34 [debug    ] GRU prediction received        confidence=0.72 latency_ms=39.47 predicted=66
2026-02-26 06:44:34 [debug    ] Using GRU prediction           confidence=0.72 predicted=66
2026-02-26 06:44:34 [info     ] Algorithm 1: SCALE_OUT         new_weights={'k3s': 60, 'knative': 40} p99=9953.475024485799 serverless_enabled=True violation_sec=46
2026-02-26 06:44:34 [debug    ] HAProxy TCP command sent       command='show stat' response_length=2799
2026-02-26 06:44:34 [debug    ] Current weights retrieved via socket weights={'k3s': 70, 'knative': 30}
2026-02-26 06:44:34 [debug    ] HAProxy TCP command sent       command='show stat' response_length=2799
2026-02-26 06:44:34 [debug    ] HAProxy TCP command sent       command='set server servers/k3s weight 60' response_length=0
2026-02-26 06:44:34 [debug    ] HAProxy TCP command sent       command='show stat' response_length=2797
2026-02-26 06:44:34 [debug    ] HAProxy TCP command sent       command='set server servers/knative weight 40' response_length=0
2026-02-26 06:44:34 [debug    ] Weight commands sent via socket successfully k3s=60 knative=40
2026-02-26 06:44:35 [debug    ] HAProxy TCP command sent       command='show stat' response_length=2799
2026-02-26 06:44:35 [debug    ] Current weights retrieved via socket weights={'k3s': 60, 'knative': 40}
2026-02-26 06:44:35 [info     ] Weights updated successfully via HTTP new={'k3s': 60, 'knative': 40} previous={'k3s': 70, 'knative': 30}
2026-02-26 06:44:35 [info     ] Weights updated                action=SCALE_OUT reason='SLO violation (9953ms > 200ms) for 46s' weights={'k3s': 60, 'knative': 40}
2026-02-26 06:44:35 [info     ] algorithm2_scaling_decision    action=SCALE_UP alpha=0.04 beta=0.0 buffer=1.2 current_replicas=2 predicted_load=66.0 required_resources=2.64 target_replicas=4
2026-02-26 06:44:35 [info     ] k8s_scale_executed             deployment=test-app-warm replicas=4
2026-02-26 06:44:35 [debug    ] Decision loop completed        action=SCALE_OUT latency_ms=652.66 p99=9953.475024485799
2026-02-26 06:44:50 [debug    ] HAProxy TCP command sent       command='show stat' response_length=2796
2026-02-26 06:44:50 [debug    ] HAProxy fallback latency       delta_requests=256 interval_avg_ms=9565.45 max_rtime_ms=25308.0 p99_est=19130.91
2026-02-26 06:44:50 [debug    ] GRU prediction received        confidence=0.72 latency_ms=38.83 predicted=65
2026-02-26 06:44:50 [debug    ] Using GRU prediction           confidence=0.72 predicted=65
2026-02-26 06:44:50 [info     ] Algorithm 1: SCALE_OUT         new_weights={'k3s': 50, 'knative': 50} p99=19130.90625 serverless_enabled=True violation_sec=62
2026-02-26 06:44:50 [debug    ] HAProxy TCP command sent       command='show stat' response_length=2800
2026-02-26 06:44:50 [debug    ] Current weights retrieved via socket weights={'k3s': 60, 'knative': 40}
2026-02-26 06:44:50 [debug    ] HAProxy TCP command sent       command='show stat' response_length=2800
2026-02-26 06:44:50 [debug    ] HAProxy TCP command sent       command='set server servers/k3s weight 50' response_length=0
2026-02-26 06:44:50 [debug    ] HAProxy TCP command sent       command='show stat' response_length=2798
2026-02-26 06:44:50 [debug    ] HAProxy TCP command sent       command='set server servers/knative weight 50' response_length=0
2026-02-26 06:44:50 [debug    ] Weight commands sent via socket successfully k3s=50 knative=50
2026-02-26 06:44:50 [debug    ] HAProxy TCP command sent       command='show stat' response_length=2800
2026-02-26 06:44:50 [debug    ] Current weights retrieved via socket weights={'k3s': 50, 'knative': 50}
2026-02-26 06:44:50 [info     ] Weights updated successfully via HTTP new={'k3s': 50, 'knative': 50} previous={'k3s': 60, 'knative': 40}
2026-02-26 06:44:50 [info     ] Weights updated                action=SCALE_OUT reason='SLO violation (19131ms > 200ms) for 62s' weights={'k3s': 50, 'knative': 50}
2026-02-26 06:44:50 [info     ] algorithm2_scaling_decision    action=MAINTAIN alpha=0.04 beta=0.0 buffer=1.2 current_replicas=4 predicted_load=65.0 required_resources=2.6 target_replicas=4
2026-02-26 06:44:50 [debug    ] Decision loop completed        action=SCALE_OUT latency_ms=618.99 p99=19130.90625
2026-02-26 06:45:05 [debug    ] HAProxy TCP command sent       command='show stat' response_length=2804
2026-02-26 06:45:05 [debug    ] GRU prediction received        confidence=0.72 latency_ms=38.58 predicted=64
2026-02-26 06:45:05 [debug    ] Using GRU prediction           confidence=0.72 predicted=64
2026-02-26 06:45:05 [info     ] Algorithm 1: SCALE_OUT         new_weights={'k3s': 50, 'knative': 50} p99=19130.90625 serverless_enabled=True violation_sec=77
2026-02-26 06:45:05 [info     ] algorithm2_scaling_decision    action=MAINTAIN alpha=0.04 beta=0.0 buffer=1.2 current_replicas=4 predicted_load=64.0 required_resources=2.56 target_replicas=4
2026-02-26 06:45:05 [debug    ] Decision loop completed        action=SCALE_OUT latency_ms=116.78 p99=19130.90625
2026-02-26 06:45:20 [debug    ] HAProxy TCP command sent       command='show stat' response_length=2806
2026-02-26 06:45:20 [debug    ] GRU prediction received        confidence=0.72 latency_ms=39.0 predicted=64
2026-02-26 06:45:20 [debug    ] Using GRU prediction           confidence=0.72 predicted=64
2026-02-26 06:45:20 [info     ] Algorithm 1: SCALE_OUT         new_weights={'k3s': 50, 'knative': 50} p99=19130.90625 serverless_enabled=True violation_sec=92
2026-02-26 06:45:20 [info     ] algorithm2_scaling_decision    action=MAINTAIN alpha=0.04 beta=0.0 buffer=1.2 current_replicas=4 predicted_load=64.0 required_resources=2.56 target_replicas=4
2026-02-26 06:45:20 [debug    ] Decision loop completed        action=SCALE_OUT latency_ms=113.51 p99=19130.90625
2026-02-26 06:45:35 [debug    ] HAProxy TCP command sent       command='show stat' response_length=2807
2026-02-26 06:45:36 [debug    ] HAProxy fallback latency       delta_requests=355 interval_avg_ms=5088.99 max_rtime_ms=25308.0 p99_est=10177.99
2026-02-26 06:45:36 [debug    ] GRU prediction received        confidence=0.72 latency_ms=39.44 predicted=64
2026-02-26 06:45:36 [debug    ] Using GRU prediction           confidence=0.72 predicted=64
2026-02-26 06:45:36 [info     ] Algorithm 1: SCALE_OUT         new_weights={'k3s': 50, 'knative': 50} p99=10177.988732394366 serverless_enabled=True violation_sec=108
2026-02-26 06:45:36 [info     ] algorithm2_scaling_decision    action=MAINTAIN alpha=0.04 beta=0.0 buffer=1.2 current_replicas=4 predicted_load=64.0 required_resources=2.56 target_replicas=4
2026-02-26 06:45:36 [debug    ] Decision loop completed        action=SCALE_OUT latency_ms=116.54 p99=10177.988732394366
2026-02-26 06:45:51 [debug    ] HAProxy TCP command sent       command='show stat' response_length=2810
2026-02-26 06:45:51 [debug    ] HAProxy fallback latency       delta_requests=627 interval_avg_ms=6309.73 max_rtime_ms=25308.0 p99_est=12619.45
2026-02-26 06:45:51 [debug    ] GRU prediction received        confidence=0.72 latency_ms=38.68 predicted=64
2026-02-26 06:45:51 [debug    ] Using GRU prediction           confidence=0.72 predicted=64
2026-02-26 06:45:51 [info     ] Algorithm 1: SCALE_OUT         new_weights={'k3s': 50, 'knative': 50} p99=12619.454545454546 serverless_enabled=True violation_sec=123
2026-02-26 06:45:51 [info     ] algorithm2_scaling_decision    action=MAINTAIN alpha=0.04 beta=0.0 buffer=1.2 current_replicas=4 predicted_load=64.0 required_resources=2.56 target_replicas=4
2026-02-26 06:45:51 [debug    ] Decision loop completed        action=SCALE_OUT latency_ms=112.15 p99=12619.454545454546
2026-02-26 06:46:06 [debug    ] HAProxy TCP command sent       command='show stat' response_length=2819
2026-02-26 06:46:06 [debug    ] HAProxy fallback latency       delta_requests=797 interval_avg_ms=811.51 max_rtime_ms=25308.0 p99_est=1623.03
2026-02-26 06:46:06 [debug    ] GRU prediction received        confidence=0.72 latency_ms=40.37 predicted=65
2026-02-26 06:46:06 [debug    ] Using GRU prediction           confidence=0.72 predicted=65
2026-02-26 06:46:06 [info     ] Algorithm 1: SCALE_OUT         new_weights={'k3s': 50, 'knative': 50} p99=1623.0288582183186 serverless_enabled=True violation_sec=138
2026-02-26 06:46:06 [info     ] algorithm2_scaling_decision    action=MAINTAIN alpha=0.04 beta=0.0 buffer=1.2 current_replicas=4 predicted_load=65.0 required_resources=2.6 target_replicas=4
2026-02-26 06:46:06 [debug    ] Decision loop completed        action=SCALE_OUT latency_ms=115.34 p99=1623.0288582183186
2026-02-26 06:46:21 [debug    ] HAProxy TCP command sent       command='show stat' response_length=2811
2026-02-26 06:46:21 [debug    ] HAProxy fallback latency       delta_requests=796 interval_avg_ms=7974.93 max_rtime_ms=27463.0 p99_est=15949.87
2026-02-26 06:46:21 [debug    ] GRU prediction received        confidence=0.72 latency_ms=41.51 predicted=65
2026-02-26 06:46:21 [debug    ] Using GRU prediction           confidence=0.72 predicted=65
2026-02-26 06:46:21 [info     ] Algorithm 1: SCALE_OUT         new_weights={'k3s': 50, 'knative': 50} p99=15949.869346733669 serverless_enabled=True violation_sec=153
2026-02-26 06:46:21 [info     ] algorithm2_scaling_decision    action=MAINTAIN alpha=0.04 beta=0.0 buffer=1.2 current_replicas=4 predicted_load=65.0 required_resources=2.6 target_replicas=4
2026-02-26 06:46:21 [debug    ] Decision loop completed        action=SCALE_OUT latency_ms=116.23 p99=15949.869346733669
2026-02-26 06:46:36 [debug    ] HAProxy TCP command sent       command='show stat' response_length=2817
2026-02-26 06:46:36 [debug    ] GRU prediction received        confidence=0.72 latency_ms=40.84 predicted=65
2026-02-26 06:46:36 [debug    ] Using GRU prediction           confidence=0.72 predicted=65
2026-02-26 06:46:36 [info     ] Algorithm 1: SCALE_OUT         new_weights={'k3s': 50, 'knative': 50} p99=15949.869346733669 serverless_enabled=True violation_sec=168
2026-02-26 06:46:36 [info     ] algorithm2_scaling_decision    action=MAINTAIN alpha=0.04 beta=0.0 buffer=1.2 current_replicas=4 predicted_load=65.0 required_resources=2.6 target_replicas=4
2026-02-26 06:46:36 [debug    ] Decision loop completed        action=SCALE_OUT latency_ms=118.43 p99=15949.869346733669
2026-02-26 06:46:51 [debug    ] HAProxy TCP command sent       command='show stat' response_length=2818
2026-02-26 06:46:51 [debug    ] GRU prediction received        confidence=0.8 latency_ms=38.1 predicted=65
2026-02-26 06:46:51 [debug    ] Using GRU prediction           confidence=0.8 predicted=65
2026-02-26 06:46:51 [info     ] Algorithm 1: SCALE_OUT         new_weights={'k3s': 50, 'knative': 50} p99=15949.869346733669 serverless_enabled=True violation_sec=183
2026-02-26 06:46:51 [info     ] algorithm2_scaling_decision    action=MAINTAIN alpha=0.04 beta=0.0 buffer=1.2 current_replicas=4 predicted_load=65.0 required_resources=2.6 target_replicas=4
2026-02-26 06:46:51 [debug    ] Decision loop completed        action=SCALE_OUT latency_ms=114.14 p99=15949.869346733669
2026-02-26 06:47:06 [debug    ] HAProxy TCP command sent       command='show stat' response_length=2817
2026-02-26 06:47:06 [debug    ] HAProxy fallback latency       delta_requests=845 interval_avg_ms=4139.0 max_rtime_ms=27463.0 p99_est=8278.0
2026-02-26 06:47:06 [debug    ] GRU prediction received        confidence=0.81 latency_ms=40.04 predicted=66
2026-02-26 06:47:06 [debug    ] Using GRU prediction           confidence=0.81 predicted=66
2026-02-26 06:47:06 [info     ] Algorithm 1: SCALE_OUT         new_weights={'k3s': 50, 'knative': 50} p99=8278.0 serverless_enabled=True violation_sec=198
2026-02-26 06:47:06 [info     ] algorithm2_scaling_decision    action=MAINTAIN alpha=0.04 beta=0.0 buffer=1.2 current_replicas=4 predicted_load=66.0 required_resources=2.64 target_replicas=4
2026-02-26 06:47:06 [debug    ] Decision loop completed        action=SCALE_OUT latency_ms=114.74 p99=8278.0
2026-02-26 06:47:21 [debug    ] HAProxy TCP command sent       command='show stat' response_length=2819
2026-02-26 06:47:21 [debug    ] HAProxy fallback latency       delta_requests=960 interval_avg_ms=1357.15 max_rtime_ms=27463.0 p99_est=2714.29
2026-02-26 06:47:21 [debug    ] GRU prediction received        confidence=0.78 latency_ms=38.55 predicted=66
2026-02-26 06:47:21 [debug    ] Using GRU prediction           confidence=0.78 predicted=66
2026-02-26 06:47:21 [info     ] Algorithm 1: SCALE_OUT         new_weights={'k3s': 50, 'knative': 50} p99=2714.2916666666665 serverless_enabled=True violation_sec=213
2026-02-26 06:47:21 [info     ] algorithm2_scaling_decision    action=MAINTAIN alpha=0.04 beta=0.0 buffer=1.2 current_replicas=4 predicted_load=66.0 required_resources=2.64 target_replicas=4
2026-02-26 06:47:21 [debug    ] Decision loop completed        action=SCALE_OUT latency_ms=114.84 p99=2714.2916666666665
2026-02-26 06:47:36 [debug    ] HAProxy TCP command sent       command='show stat' response_length=2824
2026-02-26 06:47:36 [debug    ] HAProxy fallback latency       delta_requests=1050 interval_avg_ms=10117.49 max_rtime_ms=27463.0 p99_est=20234.97
2026-02-26 06:47:37 [debug    ] GRU prediction received        confidence=0.74 latency_ms=41.89 predicted=67
2026-02-26 06:47:37 [debug    ] Using GRU prediction           confidence=0.74 predicted=67
2026-02-26 06:47:37 [info     ] Algorithm 1: SCALE_OUT         new_weights={'k3s': 50, 'knative': 50} p99=20234.97142857143 serverless_enabled=True violation_sec=228
2026-02-26 06:47:37 [info     ] algorithm2_scaling_decision    action=MAINTAIN alpha=0.04 beta=0.0 buffer=1.2 current_replicas=4 predicted_load=67.0 required_resources=2.68 target_replicas=4
2026-02-26 06:47:37 [debug    ] Decision loop completed        action=SCALE_OUT latency_ms=125.68 p99=20234.97142857143
2026-02-26 06:47:52 [debug    ] HAProxy TCP command sent       command='show stat' response_length=2825
2026-02-26 06:47:52 [debug    ] GRU prediction received        confidence=0.76 latency_ms=41.56 predicted=68
2026-02-26 06:47:52 [debug    ] Using GRU prediction           confidence=0.76 predicted=68
2026-02-26 06:47:52 [info     ] Algorithm 1: SCALE_OUT         new_weights={'k3s': 50, 'knative': 50} p99=20234.97142857143 serverless_enabled=True violation_sec=244
2026-02-26 06:47:52 [info     ] algorithm2_scaling_decision    action=MAINTAIN alpha=0.04 beta=0.0 buffer=1.2 current_replicas=4 predicted_load=68.0 required_resources=2.72 target_replicas=4
2026-02-26 06:47:52 [debug    ] Decision loop completed        action=SCALE_OUT latency_ms=125.24 p99=20234.97142857143
2026-02-26 06:48:07 [debug    ] HAProxy TCP command sent       command='show stat' response_length=2829
2026-02-26 06:48:07 [debug    ] HAProxy fallback latency       delta_requests=1160 interval_avg_ms=8685.12 max_rtime_ms=27463.0 p99_est=17370.24
2026-02-26 06:48:07 [debug    ] GRU prediction received        confidence=0.79 latency_ms=38.04 predicted=69
2026-02-26 06:48:07 [debug    ] Using GRU prediction           confidence=0.79 predicted=69
2026-02-26 06:48:07 [info     ] Algorithm 1: SCALE_OUT         new_weights={'k3s': 50, 'knative': 50} p99=17370.237931034484 serverless_enabled=True violation_sec=259
2026-02-26 06:48:07 [info     ] algorithm2_scaling_decision    action=MAINTAIN alpha=0.04 beta=0.0 buffer=1.2 current_replicas=4 predicted_load=69.0 required_resources=2.76 target_replicas=4
2026-02-26 06:48:07 [debug    ] Decision loop completed        action=SCALE_OUT latency_ms=119.23 p99=17370.237931034484
2026-02-26 06:48:22 [debug    ] HAProxy TCP command sent       command='show stat' response_length=2831
2026-02-26 06:48:22 [debug    ] GRU prediction received        confidence=0.82 latency_ms=39.75 predicted=70
2026-02-26 06:48:22 [debug    ] Using GRU prediction           confidence=0.82 predicted=70
2026-02-26 06:48:22 [info     ] Algorithm 1: SCALE_OUT         new_weights={'k3s': 50, 'knative': 50} p99=17370.237931034484 serverless_enabled=True violation_sec=274
2026-02-26 06:48:22 [info     ] algorithm2_scaling_decision    action=MAINTAIN alpha=0.04 beta=0.0 buffer=1.2 current_replicas=4 predicted_load=70.0 required_resources=2.8 target_replicas=4
2026-02-26 06:48:22 [debug    ] Decision loop completed        action=SCALE_OUT latency_ms=117.15 p99=17370.237931034484
2026-02-26 06:48:37 [debug    ] HAProxy TCP command sent       command='show stat' response_length=2821
2026-02-26 06:48:37 [debug    ] HAProxy fallback latency       delta_requests=502 interval_avg_ms=13917.57 max_rtime_ms=27463.0 p99_est=27463.0
2026-02-26 06:48:37 [debug    ] GRU prediction received        confidence=0.72 latency_ms=39.64 predicted=67
2026-02-26 06:48:37 [debug    ] Using GRU prediction           confidence=0.72 predicted=67
2026-02-26 06:48:37 [info     ] Algorithm 1: SCALE_OUT         new_weights={'k3s': 50, 'knative': 50} p99=27463.0 serverless_enabled=True violation_sec=289
2026-02-26 06:48:37 [info     ] algorithm2_scaling_decision    action=MAINTAIN alpha=0.04 beta=0.0 buffer=1.2 current_replicas=4 predicted_load=67.0 required_resources=2.68 target_replicas=4
2026-02-26 06:48:37 [debug    ] Decision loop completed        action=SCALE_OUT latency_ms=118.3 p99=27463.0
2026-02-26 06:48:52 [debug    ] HAProxy TCP command sent       command='show stat' response_length=2826
2026-02-26 06:48:52 [debug    ] GRU prediction received        confidence=0.72 latency_ms=37.54 predicted=69
2026-02-26 06:48:52 [debug    ] Using GRU prediction           confidence=0.72 predicted=69
2026-02-26 06:48:52 [info     ] Algorithm 1: SCALE_OUT         new_weights={'k3s': 50, 'knative': 50} p99=27463.0 serverless_enabled=True violation_sec=304
2026-02-26 06:48:52 [info     ] algorithm2_scaling_decision    action=MAINTAIN alpha=0.04 beta=0.0 buffer=1.2 current_replicas=4 predicted_load=69.0 required_resources=2.76 target_replicas=4
2026-02-26 06:48:52 [debug    ] Decision loop completed        action=SCALE_OUT latency_ms=116.4 p99=27463.0
2026-02-26 06:49:07 [debug    ] HAProxy TCP command sent       command='show stat' response_length=2828
2026-02-26 06:49:07 [debug    ] HAProxy fallback latency       delta_requests=436 interval_avg_ms=107967.37 max_rtime_ms=28174.0 p99_est=28174.0
2026-02-26 06:49:07 [debug    ] GRU prediction received        confidence=0.72 latency_ms=38.9 predicted=67
2026-02-26 06:49:07 [debug    ] Using GRU prediction           confidence=0.72 predicted=67
2026-02-26 06:49:07 [info     ] Algorithm 1: SCALE_OUT         new_weights={'k3s': 50, 'knative': 50} p99=28174.0 serverless_enabled=True violation_sec=319
2026-02-26 06:49:07 [info     ] algorithm2_scaling_decision    action=MAINTAIN alpha=0.04 beta=0.0 buffer=1.2 current_replicas=4 predicted_load=67.0 required_resources=2.68 target_replicas=4
2026-02-26 06:49:07 [debug    ] Decision loop completed        action=SCALE_OUT latency_ms=116.32 p99=28174.0
2026-02-26 06:49:22 [debug    ] HAProxy TCP command sent       command='show stat' response_length=2832
2026-02-26 06:49:22 [debug    ] HAProxy fallback latency       delta_requests=884 interval_avg_ms=15938.62 max_rtime_ms=30261.0 p99_est=30261.0
2026-02-26 06:49:22 [debug    ] GRU prediction received        confidence=0.72 latency_ms=39.21 predicted=67
2026-02-26 06:49:22 [debug    ] Using GRU prediction           confidence=0.72 predicted=67
2026-02-26 06:49:22 [info     ] Algorithm 1: SCALE_OUT         new_weights={'k3s': 50, 'knative': 50} p99=30261.0 serverless_enabled=True violation_sec=334
2026-02-26 06:49:22 [info     ] algorithm2_scaling_decision    action=MAINTAIN alpha=0.04 beta=0.0 buffer=1.2 current_replicas=4 predicted_load=67.0 required_resources=2.68 target_replicas=4
2026-02-26 06:49:22 [debug    ] Decision loop completed        action=SCALE_OUT latency_ms=117.02 p99=30261.0
2026-02-26 06:49:37 [debug    ] HAProxy TCP command sent       command='show stat' response_length=2834
2026-02-26 06:49:37 [debug    ] GRU prediction received        confidence=0.72 latency_ms=41.13 predicted=67
2026-02-26 06:49:37 [debug    ] Using GRU prediction           confidence=0.72 predicted=67
2026-02-26 06:49:37 [info     ] Algorithm 1: SCALE_OUT         new_weights={'k3s': 50, 'knative': 50} p99=30261.0 serverless_enabled=True violation_sec=349
2026-02-26 06:49:37 [info     ] algorithm2_scaling_decision    action=MAINTAIN alpha=0.04 beta=0.0 buffer=1.2 current_replicas=4 predicted_load=67.0 required_resources=2.68 target_replicas=4
2026-02-26 06:49:37 [debug    ] Decision loop completed        action=SCALE_OUT latency_ms=113.04 p99=30261.0
2026-02-26 06:49:52 [debug    ] HAProxy TCP command sent       command='show stat' response_length=2834
2026-02-26 06:49:53 [debug    ] GRU prediction received        confidence=0.72 latency_ms=39.15 predicted=69
2026-02-26 06:49:53 [debug    ] Using GRU prediction           confidence=0.72 predicted=69
2026-02-26 06:49:53 [info     ] Algorithm 1: SCALE_OUT         new_weights={'k3s': 50, 'knative': 50} p99=30261.0 serverless_enabled=True violation_sec=365
2026-02-26 06:49:53 [info     ] algorithm2_scaling_decision    action=MAINTAIN alpha=0.04 beta=0.0 buffer=1.2 current_replicas=4 predicted_load=69.0 required_resources=2.76 target_replicas=4
2026-02-26 06:49:53 [debug    ] Decision loop completed        action=SCALE_OUT latency_ms=113.93 p99=30261.0
2026-02-26 06:50:08 [debug    ] HAProxy TCP command sent       command='show stat' response_length=2838
2026-02-26 06:50:08 [debug    ] HAProxy fallback latency       delta_requests=930 interval_avg_ms=41546.26 max_rtime_ms=30261.0 p99_est=30261.0
2026-02-26 06:50:08 [debug    ] GRU prediction received        confidence=0.72 latency_ms=39.13 predicted=69
2026-02-26 06:50:08 [debug    ] Using GRU prediction           confidence=0.72 predicted=69
2026-02-26 06:50:08 [info     ] Algorithm 1: SCALE_OUT         new_weights={'k3s': 50, 'knative': 50} p99=30261.0 serverless_enabled=True violation_sec=380
2026-02-26 06:50:08 [info     ] algorithm2_scaling_decision    action=MAINTAIN alpha=0.04 beta=0.0 buffer=1.2 current_replicas=4 predicted_load=69.0 required_resources=2.76 target_replicas=4
2026-02-26 06:50:08 [debug    ] Decision loop completed        action=SCALE_OUT latency_ms=112.06 p99=30261.0
2026-02-26 06:50:23 [debug    ] HAProxy TCP command sent       command='show stat' response_length=2843
2026-02-26 06:50:23 [debug    ] HAProxy fallback latency       delta_requests=929 interval_avg_ms=31438.13 max_rtime_ms=34893.0 p99_est=34893.0
2026-02-26 06:50:23 [debug    ] GRU prediction received        confidence=0.8 latency_ms=40.07 predicted=69
2026-02-26 06:50:23 [debug    ] Using GRU prediction           confidence=0.8 predicted=69
2026-02-26 06:50:23 [info     ] Algorithm 1: SCALE_OUT         new_weights={'k3s': 50, 'knative': 50} p99=34893.0 serverless_enabled=True violation_sec=395
2026-02-26 06:50:23 [info     ] algorithm2_scaling_decision    action=MAINTAIN alpha=0.04 beta=0.0 buffer=1.2 current_replicas=4 predicted_load=69.0 required_resources=2.76 target_replicas=4
2026-02-26 06:50:23 [debug    ] Decision loop completed        action=SCALE_OUT latency_ms=115.21 p99=34893.0
2026-02-26 06:50:38 [debug    ] HAProxy TCP command sent       command='show stat' response_length=2841
2026-02-26 06:50:38 [debug    ] HAProxy fallback latency       delta_requests=475 interval_avg_ms=69878.13 max_rtime_ms=41741.0 p99_est=41741.0
2026-02-26 06:50:38 [debug    ] GRU prediction received        confidence=0.72 latency_ms=40.11 predicted=67
2026-02-26 06:50:38 [debug    ] Using GRU prediction           confidence=0.72 predicted=67
2026-02-26 06:50:38 [info     ] Algorithm 1: SCALE_OUT         new_weights={'k3s': 50, 'knative': 50} p99=41741.0 serverless_enabled=True violation_sec=410
2026-02-26 06:50:38 [info     ] algorithm2_scaling_decision    action=MAINTAIN alpha=0.04 beta=0.0 buffer=1.2 current_replicas=4 predicted_load=67.0 required_resources=2.68 target_replicas=4
2026-02-26 06:50:38 [debug    ] Decision loop completed        action=SCALE_OUT latency_ms=115.28 p99=41741.0
2026-02-26 06:50:53 [debug    ] HAProxy TCP command sent       command='show stat' response_length=2852
2026-02-26 06:50:53 [debug    ] HAProxy fallback latency       delta_requests=737 interval_avg_ms=61920.42 max_rtime_ms=46450.0 p99_est=46450.0
2026-02-26 06:50:53 [debug    ] GRU prediction received        confidence=0.72 latency_ms=39.09 predicted=67
2026-02-26 06:50:53 [debug    ] Using GRU prediction           confidence=0.72 predicted=67
2026-02-26 06:50:53 [info     ] Algorithm 1: SCALE_OUT         new_weights={'k3s': 50, 'knative': 50} p99=46450.0 serverless_enabled=True violation_sec=425
2026-02-26 06:50:53 [info     ] algorithm2_scaling_decision    action=MAINTAIN alpha=0.04 beta=0.0 buffer=1.2 current_replicas=4 predicted_load=67.0 required_resources=2.68 target_replicas=4
2026-02-26 06:50:53 [debug    ] Decision loop completed        action=SCALE_OUT latency_ms=113.52 p99=46450.0
2026-02-26 06:51:08 [debug    ] HAProxy TCP command sent       command='show stat' response_length=2844
2026-02-26 06:51:08 [debug    ] GRU prediction received        confidence=0.72 latency_ms=38.97 predicted=67
2026-02-26 06:51:08 [debug    ] Using GRU prediction           confidence=0.72 predicted=67
2026-02-26 06:51:08 [info     ] Algorithm 1: SCALE_OUT         new_weights={'k3s': 50, 'knative': 50} p99=46450.0 serverless_enabled=True violation_sec=440
2026-02-26 06:51:08 [info     ] algorithm2_scaling_decision    action=MAINTAIN alpha=0.04 beta=0.0 buffer=1.2 current_replicas=4 predicted_load=67.0 required_resources=2.68 target_replicas=4
2026-02-26 06:51:08 [debug    ] Decision loop completed        action=SCALE_OUT latency_ms=119.46 p99=46450.0
2026-02-26 06:51:23 [debug    ] HAProxy TCP command sent       command='show stat' response_length=2843
2026-02-26 06:51:23 [debug    ] GRU prediction received        confidence=0.72 latency_ms=39.18 predicted=68
2026-02-26 06:51:23 [debug    ] Using GRU prediction           confidence=0.72 predicted=68
2026-02-26 06:51:23 [info     ] Algorithm 1: SCALE_OUT         new_weights={'k3s': 50, 'knative': 50} p99=46450.0 serverless_enabled=True violation_sec=455
2026-02-26 06:51:23 [info     ] algorithm2_scaling_decision    action=MAINTAIN alpha=0.04 beta=0.0 buffer=1.2 current_replicas=4 predicted_load=68.0 required_resources=2.72 target_replicas=4
2026-02-26 06:51:23 [debug    ] Decision loop completed        action=SCALE_OUT latency_ms=113.06 p99=46450.0
2026-02-26 06:51:38 [debug    ] HAProxy TCP command sent       command='show stat' response_length=2848
2026-02-26 06:51:38 [debug    ] GRU prediction received        confidence=0.72 latency_ms=37.88 predicted=69
2026-02-26 06:51:38 [debug    ] Using GRU prediction           confidence=0.72 predicted=69
2026-02-26 06:51:38 [info     ] Algorithm 1: SCALE_OUT         new_weights={'k3s': 50, 'knative': 50} p99=46450.0 serverless_enabled=True violation_sec=470
2026-02-26 06:51:38 [info     ] algorithm2_scaling_decision    action=MAINTAIN alpha=0.04 beta=0.0 buffer=1.2 current_replicas=4 predicted_load=69.0 required_resources=2.76 target_replicas=4
2026-02-26 06:51:38 [debug    ] Decision loop completed        action=SCALE_OUT latency_ms=112.43 p99=46450.0
2026-02-26 06:51:53 [debug    ] HAProxy TCP command sent       command='show stat' response_length=2846
2026-02-26 06:51:53 [debug    ] HAProxy fallback latency       delta_requests=382 interval_avg_ms=84736.24 max_rtime_ms=46450.0 p99_est=46450.0
2026-02-26 06:51:53 [debug    ] GRU prediction received        confidence=0.72 latency_ms=40.72 predicted=66
2026-02-26 06:51:53 [debug    ] Using GRU prediction           confidence=0.72 predicted=66
2026-02-26 06:51:53 [info     ] Algorithm 1: SCALE_OUT         new_weights={'k3s': 50, 'knative': 50} p99=46450.0 serverless_enabled=True violation_sec=485
2026-02-26 06:51:54 [info     ] algorithm2_scaling_decision    action=MAINTAIN alpha=0.04 beta=0.0 buffer=1.2 current_replicas=4 predicted_load=66.0 required_resources=2.64 target_replicas=4
2026-02-26 06:51:54 [debug    ] Decision loop completed        action=SCALE_OUT latency_ms=112.34 p99=46450.0
2026-02-26 06:52:09 [debug    ] HAProxy TCP command sent       command='show stat' response_length=2845
2026-02-26 06:52:09 [debug    ] GRU prediction received        confidence=0.72 latency_ms=38.23 predicted=67
2026-02-26 06:52:09 [debug    ] Using GRU prediction           confidence=0.72 predicted=67
2026-02-26 06:52:09 [info     ] Algorithm 1: SCALE_OUT         new_weights={'k3s': 50, 'knative': 50} p99=46450.0 serverless_enabled=True violation_sec=501
2026-02-26 06:52:09 [info     ] algorithm2_scaling_decision    action=MAINTAIN alpha=0.04 beta=0.0 buffer=1.2 current_replicas=4 predicted_load=67.0 required_resources=2.68 target_replicas=4
2026-02-26 06:52:09 [debug    ] Decision loop completed        action=SCALE_OUT latency_ms=117.72 p99=46450.0
2026-02-26 06:52:24 [debug    ] HAProxy TCP command sent       command='show stat' response_length=2833
2026-02-26 06:52:24 [debug    ] GRU prediction received        confidence=0.72 latency_ms=39.71 predicted=65
2026-02-26 06:52:24 [debug    ] Using GRU prediction           confidence=0.72 predicted=65
2026-02-26 06:52:24 [info     ] Algorithm 1: SCALE_OUT         new_weights={'k3s': 50, 'knative': 50} p99=46450.0 serverless_enabled=True violation_sec=516
2026-02-26 06:52:24 [info     ] algorithm2_scaling_decision    action=MAINTAIN alpha=0.04 beta=0.0 buffer=1.2 current_replicas=4 predicted_load=65.0 required_resources=2.6 target_replicas=4
2026-02-26 06:52:24 [debug    ] Decision loop completed        action=SCALE_OUT latency_ms=118.02 p99=46450.0
2026-02-26 06:52:39 [debug    ] HAProxy TCP command sent       command='show stat' response_length=2836
2026-02-26 06:52:39 [debug    ] GRU prediction received        confidence=0.72 latency_ms=38.92 predicted=62
2026-02-26 06:52:39 [debug    ] Using GRU prediction           confidence=0.72 predicted=62
2026-02-26 06:52:39 [info     ] Algorithm 1: SCALE_OUT         new_weights={'k3s': 50, 'knative': 50} p99=46450.0 serverless_enabled=True violation_sec=531
2026-02-26 06:52:39 [info     ] algorithm2_scaling_decision    action=SCALE_DOWN alpha=0.04 beta=0.0 buffer=1.2 current_replicas=4 predicted_load=62.0 required_resources=2.48 target_replicas=3
2026-02-26 06:52:39 [debug    ] Decision loop completed        action=SCALE_OUT latency_ms=118.84 p99=46450.0
2026-02-26 06:52:54 [debug    ] HAProxy TCP command sent       command='show stat' response_length=2839
2026-02-26 06:52:54 [debug    ] GRU prediction received        confidence=0.72 latency_ms=40.63 predicted=61
2026-02-26 06:52:54 [debug    ] Using GRU prediction           confidence=0.72 predicted=61
2026-02-26 06:52:54 [info     ] Algorithm 1: SCALE_OUT         new_weights={'k3s': 50, 'knative': 50} p99=46450.0 serverless_enabled=True violation_sec=546
2026-02-26 06:52:54 [info     ] algorithm2_scaling_decision    action=SCALE_DOWN alpha=0.04 beta=0.0 buffer=1.2 current_replicas=4 predicted_load=61.0 required_resources=2.44 target_replicas=3
2026-02-26 06:52:54 [debug    ] Decision loop completed        action=SCALE_OUT latency_ms=115.57 p99=46450.0
2026-02-26 06:53:09 [debug    ] HAProxy TCP command sent       command='show stat' response_length=2854
2026-02-26 06:53:09 [debug    ] HAProxy fallback latency       delta_requests=854 interval_avg_ms=12891.63 max_rtime_ms=46450.0 p99_est=25783.26
2026-02-26 06:53:09 [debug    ] GRU prediction received        confidence=0.72 latency_ms=40.34 predicted=62
2026-02-26 06:53:09 [debug    ] Using GRU prediction           confidence=0.72 predicted=62
2026-02-26 06:53:09 [info     ] Algorithm 1: SCALE_OUT         new_weights={'k3s': 50, 'knative': 50} p99=25783.264637002343 serverless_enabled=True violation_sec=561
2026-02-26 06:53:09 [info     ] algorithm2_scaling_decision    action=SCALE_DOWN alpha=0.04 beta=0.0 buffer=1.2 current_replicas=4 predicted_load=62.0 required_resources=2.48 target_replicas=3
2026-02-26 06:53:09 [debug    ] Decision loop completed        action=SCALE_OUT latency_ms=118.31 p99=25783.264637002343
2026-02-26 06:53:24 [debug    ] HAProxy TCP command sent       command='show stat' response_length=2859
2026-02-26 06:53:24 [debug    ] HAProxy fallback latency       delta_requests=1482 interval_avg_ms=49843.82 max_rtime_ms=46450.0 p99_est=46450.0
2026-02-26 06:53:24 [debug    ] GRU prediction received        confidence=0.72 latency_ms=40.8 predicted=64
2026-02-26 06:53:24 [debug    ] Using GRU prediction           confidence=0.72 predicted=64
2026-02-26 06:53:24 [info     ] Algorithm 1: SCALE_OUT         new_weights={'k3s': 50, 'knative': 50} p99=46450.0 serverless_enabled=True violation_sec=576
2026-02-26 06:53:24 [info     ] algorithm2_scaling_decision    action=MAINTAIN alpha=0.04 beta=0.0 buffer=1.2 current_replicas=4 predicted_load=64.0 required_resources=2.56 target_replicas=4
2026-02-26 06:53:24 [debug    ] Decision loop completed        action=SCALE_OUT latency_ms=120.19 p99=46450.0
2026-02-26 06:53:39 [debug    ] HAProxy TCP command sent       command='show stat' response_length=2852
2026-02-26 06:53:39 [debug    ] GRU prediction received        confidence=0.72 latency_ms=39.86 predicted=66
2026-02-26 06:53:39 [debug    ] Using GRU prediction           confidence=0.72 predicted=66
2026-02-26 06:53:39 [info     ] Algorithm 1: SCALE_OUT         new_weights={'k3s': 50, 'knative': 50} p99=46450.0 serverless_enabled=True violation_sec=591
2026-02-26 06:53:39 [info     ] algorithm2_scaling_decision    action=MAINTAIN alpha=0.04 beta=0.0 buffer=1.2 current_replicas=4 predicted_load=66.0 required_resources=2.64 target_replicas=4
2026-02-26 06:53:39 [debug    ] Decision loop completed        action=SCALE_OUT latency_ms=112.76 p99=46450.0
2026-02-26 06:53:54 [debug    ] HAProxy TCP command sent       command='show stat' response_length=2856
2026-02-26 06:53:54 [debug    ] GRU prediction received        confidence=0.72 latency_ms=39.31 predicted=67
2026-02-26 06:53:54 [debug    ] Using GRU prediction           confidence=0.72 predicted=67
2026-02-26 06:53:54 [info     ] Algorithm 1: SCALE_OUT         new_weights={'k3s': 50, 'knative': 50} p99=46450.0 serverless_enabled=True violation_sec=606
2026-02-26 06:53:54 [info     ] algorithm2_scaling_decision    action=MAINTAIN alpha=0.04 beta=0.0 buffer=1.2 current_replicas=4 predicted_load=67.0 required_resources=2.68 target_replicas=4
2026-02-26 06:53:54 [debug    ] Decision loop completed        action=SCALE_OUT latency_ms=118.02 p99=46450.0
2026-02-26 06:54:09 [debug    ] HAProxy TCP command sent       command='show stat' response_length=2847
2026-02-26 06:54:09 [debug    ] HAProxy fallback latency       delta_requests=396 interval_avg_ms=13251.44 max_rtime_ms=46450.0 p99_est=26502.89
2026-02-26 06:54:10 [debug    ] GRU prediction received        confidence=0.72 latency_ms=39.15 predicted=64
2026-02-26 06:54:10 [debug    ] Using GRU prediction           confidence=0.72 predicted=64
2026-02-26 06:54:10 [info     ] Algorithm 1: SCALE_OUT         new_weights={'k3s': 50, 'knative': 50} p99=26502.88888888889 serverless_enabled=True violation_sec=621
2026-02-26 06:54:10 [info     ] algorithm2_scaling_decision    action=MAINTAIN alpha=0.04 beta=0.0 buffer=1.2 current_replicas=4 predicted_load=64.0 required_resources=2.56 target_replicas=4
2026-02-26 06:54:10 [debug    ] Decision loop completed        action=SCALE_OUT latency_ms=117.26 p99=26502.88888888889
2026-02-26 06:54:25 [debug    ] HAProxy TCP command sent       command='show stat' response_length=2845
2026-02-26 06:54:25 [debug    ] GRU prediction received        confidence=0.72 latency_ms=39.14 predicted=65
2026-02-26 06:54:25 [debug    ] Using GRU prediction           confidence=0.72 predicted=65
2026-02-26 06:54:25 [info     ] Algorithm 1: SCALE_OUT         new_weights={'k3s': 50, 'knative': 50} p99=26502.88888888889 serverless_enabled=True violation_sec=637
2026-02-26 06:54:25 [info     ] algorithm2_scaling_decision    action=MAINTAIN alpha=0.04 beta=0.0 buffer=1.2 current_replicas=4 predicted_load=65.0 required_resources=2.6 target_replicas=4
2026-02-26 06:54:25 [debug    ] Decision loop completed        action=SCALE_OUT latency_ms=117.19 p99=26502.88888888889
2026-02-26 06:54:40 [debug    ] HAProxy TCP command sent       command='show stat' response_length=2842
2026-02-26 06:54:40 [debug    ] GRU prediction received        confidence=0.72 latency_ms=38.2 predicted=63
2026-02-26 06:54:40 [debug    ] Using GRU prediction           confidence=0.72 predicted=63
2026-02-26 06:54:40 [info     ] Algorithm 1: SCALE_OUT         new_weights={'k3s': 50, 'knative': 50} p99=26502.88888888889 serverless_enabled=True violation_sec=652
2026-02-26 06:54:40 [info     ] algorithm2_scaling_decision    action=MAINTAIN alpha=0.04 beta=0.0 buffer=1.2 current_replicas=4 predicted_load=63.0 required_resources=2.52 target_replicas=4
2026-02-26 06:54:40 [debug    ] Decision loop completed        action=SCALE_OUT latency_ms=117.32 p99=26502.88888888889
2026-02-26 06:54:55 [debug    ] HAProxy TCP command sent       command='show stat' response_length=2858
2026-02-26 06:54:55 [debug    ] GRU prediction received        confidence=0.72 latency_ms=40.23 predicted=63
2026-02-26 06:54:55 [debug    ] Using GRU prediction           confidence=0.72 predicted=63
2026-02-26 06:54:55 [info     ] Algorithm 1: SCALE_OUT         new_weights={'k3s': 50, 'knative': 50} p99=26502.88888888889 serverless_enabled=True violation_sec=667
2026-02-26 06:54:55 [info     ] algorithm2_scaling_decision    action=MAINTAIN alpha=0.04 beta=0.0 buffer=1.2 current_replicas=4 predicted_load=63.0 required_resources=2.52 target_replicas=4
2026-02-26 06:54:55 [debug    ] Decision loop completed        action=SCALE_OUT latency_ms=113.61 p99=26502.88888888889
2026-02-26 06:55:10 [debug    ] HAProxy TCP command sent       command='show stat' response_length=2862
2026-02-26 06:55:10 [debug    ] HAProxy fallback latency       delta_requests=991 interval_avg_ms=59147.39 max_rtime_ms=46450.0 p99_est=46450.0
2026-02-26 06:55:10 [debug    ] GRU prediction received        confidence=0.72 latency_ms=40.91 predicted=64
2026-02-26 06:55:10 [debug    ] Using GRU prediction           confidence=0.72 predicted=64
2026-02-26 06:55:10 [info     ] Algorithm 1: SCALE_OUT         new_weights={'k3s': 50, 'knative': 50} p99=46450.0 serverless_enabled=True violation_sec=682
2026-02-26 06:55:10 [info     ] algorithm2_scaling_decision    action=MAINTAIN alpha=0.04 beta=0.0 buffer=1.2 current_replicas=4 predicted_load=64.0 required_resources=2.56 target_replicas=4
2026-02-26 06:55:10 [debug    ] Decision loop completed        action=SCALE_OUT latency_ms=115.67 p99=46450.0
2026-02-26 06:55:25 [debug    ] HAProxy TCP command sent       command='show stat' response_length=2851
2026-02-26 06:55:25 [debug    ] GRU prediction received        confidence=0.72 latency_ms=38.29 predicted=65
2026-02-26 06:55:25 [debug    ] Using GRU prediction           confidence=0.72 predicted=65
2026-02-26 06:55:25 [info     ] Algorithm 1: SCALE_OUT         new_weights={'k3s': 50, 'knative': 50} p99=46450.0 serverless_enabled=True violation_sec=697
2026-02-26 06:55:25 [info     ] algorithm2_scaling_decision    action=MAINTAIN alpha=0.04 beta=0.0 buffer=1.2 current_replicas=4 predicted_load=65.0 required_resources=2.6 target_replicas=4
2026-02-26 06:55:25 [debug    ] Decision loop completed        action=SCALE_OUT latency_ms=120.31 p99=46450.0
2026-02-26 06:55:40 [debug    ] HAProxy TCP command sent       command='show stat' response_length=2848
2026-02-26 06:55:40 [debug    ] GRU prediction received        confidence=0.72 latency_ms=40.07 predicted=66
2026-02-26 06:55:40 [debug    ] Using GRU prediction           confidence=0.72 predicted=66
2026-02-26 06:55:40 [info     ] Algorithm 1: SCALE_OUT         new_weights={'k3s': 50, 'knative': 50} p99=46450.0 serverless_enabled=True violation_sec=712
2026-02-26 06:55:40 [info     ] algorithm2_scaling_decision    action=MAINTAIN alpha=0.04 beta=0.0 buffer=1.2 current_replicas=4 predicted_load=66.0 required_resources=2.64 target_replicas=4
2026-02-26 06:55:40 [debug    ] Decision loop completed        action=SCALE_OUT latency_ms=118.39 p99=46450.0
2026-02-26 06:55:55 [debug    ] HAProxy TCP command sent       command='show stat' response_length=2845
2026-02-26 06:55:55 [debug    ] GRU prediction received        confidence=0.73 latency_ms=41.17 predicted=67
2026-02-26 06:55:55 [debug    ] Using GRU prediction           confidence=0.73 predicted=67
2026-02-26 06:55:55 [info     ] Algorithm 1: SCALE_OUT         new_weights={'k3s': 50, 'knative': 50} p99=46450.0 serverless_enabled=True violation_sec=727
2026-02-26 06:55:55 [info     ] algorithm2_scaling_decision    action=MAINTAIN alpha=0.04 beta=0.0 buffer=1.2 current_replicas=4 predicted_load=67.0 required_resources=2.68 target_replicas=4
2026-02-26 06:55:55 [debug    ] Decision loop completed        action=SCALE_OUT latency_ms=116.42 p99=46450.0
2026-02-26 06:56:10 [debug    ] HAProxy TCP command sent       command='show stat' response_length=2850
2026-02-26 06:56:10 [debug    ] HAProxy fallback latency       delta_requests=1328 interval_avg_ms=21961.62 max_rtime_ms=46450.0 p99_est=43923.25
2026-02-26 06:56:10 [debug    ] GRU prediction received        confidence=0.81 latency_ms=39.16 predicted=68
2026-02-26 06:56:10 [debug    ] Using GRU prediction           confidence=0.81 predicted=68
2026-02-26 06:56:10 [info     ] Algorithm 1: SCALE_OUT         new_weights={'k3s': 50, 'knative': 50} p99=43923.24698795181 serverless_enabled=True violation_sec=742
2026-02-26 06:56:11 [info     ] algorithm2_scaling_decision    action=MAINTAIN alpha=0.04 beta=0.0 buffer=1.2 current_replicas=4 predicted_load=68.0 required_resources=2.72 target_replicas=4
2026-02-26 06:56:11 [debug    ] Decision loop completed        action=SCALE_OUT latency_ms=118.99 p99=43923.24698795181
2026-02-26 06:56:26 [debug    ] HAProxy TCP command sent       command='show stat' response_length=2851
2026-02-26 06:56:26 [debug    ] HAProxy fallback latency       delta_requests=610 interval_avg_ms=85151.98 max_rtime_ms=46450.0 p99_est=46450.0
2026-02-26 06:56:26 [debug    ] GRU prediction received        confidence=0.72 latency_ms=38.57 predicted=66
2026-02-26 06:56:26 [debug    ] Using GRU prediction           confidence=0.72 predicted=66
2026-02-26 06:56:26 [info     ] Algorithm 1: SCALE_OUT         new_weights={'k3s': 50, 'knative': 50} p99=46450.0 serverless_enabled=True violation_sec=758
2026-02-26 06:56:26 [info     ] algorithm2_scaling_decision    action=MAINTAIN alpha=0.04 beta=0.0 buffer=1.2 current_replicas=4 predicted_load=66.0 required_resources=2.64 target_replicas=4
2026-02-26 06:56:26 [debug    ] Decision loop completed        action=SCALE_OUT latency_ms=116.04 p99=46450.0
2026-02-26 06:56:41 [debug    ] HAProxy TCP command sent       command='show stat' response_length=2846
2026-02-26 06:56:41 [debug    ] GRU prediction received        confidence=0.72 latency_ms=40.46 predicted=65
2026-02-26 06:56:41 [debug    ] Using GRU prediction           confidence=0.72 predicted=65
2026-02-26 06:56:41 [info     ] Algorithm 1: SCALE_OUT         new_weights={'k3s': 50, 'knative': 50} p99=46450.0 serverless_enabled=True violation_sec=773
2026-02-26 06:56:41 [info     ] algorithm2_scaling_decision    action=MAINTAIN alpha=0.04 beta=0.0 buffer=1.2 current_replicas=4 predicted_load=65.0 required_resources=2.6 target_replicas=4
2026-02-26 06:56:41 [debug    ] Decision loop completed        action=SCALE_OUT latency_ms=112.87 p99=46450.0
2026-02-26 06:56:56 [debug    ] HAProxy TCP command sent       command='show stat' response_length=2856
2026-02-26 06:56:56 [debug    ] HAProxy fallback latency       delta_requests=703 interval_avg_ms=78391.41 max_rtime_ms=46450.0 p99_est=46450.0
2026-02-26 06:56:56 [debug    ] GRU prediction received        confidence=0.72 latency_ms=40.23 predicted=65
2026-02-26 06:56:56 [debug    ] Using GRU prediction           confidence=0.72 predicted=65
2026-02-26 06:56:56 [info     ] Algorithm 1: SCALE_OUT         new_weights={'k3s': 50, 'knative': 50} p99=46450.0 serverless_enabled=True violation_sec=788
2026-02-26 06:56:56 [info     ] algorithm2_scaling_decision    action=MAINTAIN alpha=0.04 beta=0.0 buffer=1.2 current_replicas=4 predicted_load=65.0 required_resources=2.6 target_replicas=4
2026-02-26 06:56:56 [debug    ] Decision loop completed        action=SCALE_OUT latency_ms=115.62 p99=46450.0
2026-02-26 06:57:11 [debug    ] HAProxy TCP command sent       command='show stat' response_length=2856
2026-02-26 06:57:11 [debug    ] GRU prediction received        confidence=0.72 latency_ms=39.61 predicted=65
2026-02-26 06:57:11 [debug    ] Using GRU prediction           confidence=0.72 predicted=65
2026-02-26 06:57:11 [info     ] Algorithm 1: SCALE_OUT         new_weights={'k3s': 50, 'knative': 50} p99=46450.0 serverless_enabled=True violation_sec=803
2026-02-26 06:57:11 [info     ] algorithm2_scaling_decision    action=MAINTAIN alpha=0.04 beta=0.0 buffer=1.2 current_replicas=4 predicted_load=65.0 required_resources=2.6 target_replicas=4
2026-02-26 06:57:11 [debug    ] Decision loop completed        action=SCALE_OUT latency_ms=118.79 p99=46450.0
2026-02-26 06:57:26 [debug    ] HAProxy TCP command sent       command='show stat' response_length=2853
2026-02-26 06:57:26 [debug    ] HAProxy fallback latency       delta_requests=537 interval_avg_ms=134382.0 max_rtime_ms=46450.0 p99_est=46450.0
2026-02-26 06:57:26 [debug    ] GRU prediction received        confidence=0.78 latency_ms=41.22 predicted=64
2026-02-26 06:57:26 [debug    ] Using GRU prediction           confidence=0.78 predicted=64
2026-02-26 06:57:26 [info     ] Algorithm 1: SCALE_OUT         new_weights={'k3s': 50, 'knative': 50} p99=46450.0 serverless_enabled=True violation_sec=818
2026-02-26 06:57:26 [info     ] algorithm2_scaling_decision    action=MAINTAIN alpha=0.04 beta=0.0 buffer=1.2 current_replicas=4 predicted_load=64.0 required_resources=2.56 target_replicas=4
2026-02-26 06:57:26 [debug    ] Decision loop completed        action=SCALE_OUT latency_ms=115.41 p99=46450.0
2026-02-26 06:57:41 [debug    ] HAProxy TCP command sent       command='show stat' response_length=2852
2026-02-26 06:57:41 [debug    ] HAProxy fallback latency       delta_requests=242 interval_avg_ms=659147.06 max_rtime_ms=46450.0 p99_est=46450.0
2026-02-26 06:57:41 [debug    ] GRU prediction received        confidence=0.72 latency_ms=38.47 predicted=62
2026-02-26 06:57:41 [debug    ] Using GRU prediction           confidence=0.72 predicted=62
2026-02-26 06:57:41 [info     ] Algorithm 1: SCALE_OUT         new_weights={'k3s': 50, 'knative': 50} p99=46450.0 serverless_enabled=True violation_sec=833
2026-02-26 06:57:41 [info     ] algorithm2_scaling_decision    action=SCALE_DOWN alpha=0.04 beta=0.0 buffer=1.2 current_replicas=4 predicted_load=62.0 required_resources=2.48 target_replicas=3
2026-02-26 06:57:41 [debug    ] Decision loop completed        action=SCALE_OUT latency_ms=116.67 p99=46450.0
2026-02-26 06:57:56 [debug    ] HAProxy TCP command sent       command='show stat' response_length=2853
2026-02-26 06:57:56 [debug    ] HAProxy fallback latency       delta_requests=521 interval_avg_ms=116295.34 max_rtime_ms=46450.0 p99_est=46450.0
2026-02-26 06:57:56 [debug    ] GRU prediction received        confidence=0.72 latency_ms=39.53 predicted=62
2026-02-26 06:57:56 [debug    ] Using GRU prediction           confidence=0.72 predicted=62
2026-02-26 06:57:56 [info     ] Algorithm 1: SCALE_OUT         new_weights={'k3s': 50, 'knative': 50} p99=46450.0 serverless_enabled=True violation_sec=848
2026-02-26 06:57:56 [info     ] algorithm2_scaling_decision    action=SCALE_DOWN alpha=0.04 beta=0.0 buffer=1.2 current_replicas=4 predicted_load=62.0 required_resources=2.48 target_replicas=3
2026-02-26 06:57:56 [debug    ] Decision loop completed        action=SCALE_OUT latency_ms=113.2 p99=46450.0
2026-02-26 06:58:11 [debug    ] HAProxy TCP command sent       command='show stat' response_length=2853
2026-02-26 06:58:11 [debug    ] GRU prediction received        confidence=0.72 latency_ms=39.89 predicted=64
2026-02-26 06:58:11 [debug    ] Using GRU prediction           confidence=0.72 predicted=64
2026-02-26 06:58:11 [info     ] Algorithm 1: SCALE_OUT         new_weights={'k3s': 50, 'knative': 50} p99=46450.0 serverless_enabled=True violation_sec=863
2026-02-26 06:58:11 [info     ] algorithm2_scaling_decision    action=MAINTAIN alpha=0.04 beta=0.0 buffer=1.2 current_replicas=4 predicted_load=64.0 required_resources=2.56 target_replicas=4
2026-02-26 06:58:11 [debug    ] Decision loop completed        action=SCALE_OUT latency_ms=118.41 p99=46450.0
2026-02-26 06:58:26 [debug    ] HAProxy TCP command sent       command='show stat' response_length=2852
2026-02-26 06:58:26 [debug    ] HAProxy fallback latency       delta_requests=998 interval_avg_ms=45281.62 max_rtime_ms=51426.0 p99_est=51426.0
2026-02-26 06:58:27 [debug    ] GRU prediction received        confidence=0.72 latency_ms=39.6 predicted=65
2026-02-26 06:58:27 [debug    ] Using GRU prediction           confidence=0.72 predicted=65
2026-02-26 06:58:27 [info     ] Algorithm 1: SCALE_OUT         new_weights={'k3s': 50, 'knative': 50} p99=51426.0 serverless_enabled=True violation_sec=878
2026-02-26 06:58:27 [info     ] algorithm2_scaling_decision    action=MAINTAIN alpha=0.04 beta=0.0 buffer=1.2 current_replicas=4 predicted_load=65.0 required_resources=2.6 target_replicas=4
2026-02-26 06:58:27 [debug    ] Decision loop completed        action=SCALE_OUT latency_ms=114.88 p99=51426.0
2026-02-26 06:58:42 [debug    ] HAProxy TCP command sent       command='show stat' response_length=2852
2026-02-26 06:58:42 [debug    ] HAProxy fallback latency       delta_requests=992 interval_avg_ms=15555.89 max_rtime_ms=51426.0 p99_est=31111.77
2026-02-26 06:58:42 [debug    ] GRU prediction received        confidence=0.72 latency_ms=40.67 predicted=66
2026-02-26 06:58:42 [debug    ] Using GRU prediction           confidence=0.72 predicted=66
2026-02-26 06:58:42 [info     ] Algorithm 1: SCALE_OUT         new_weights={'k3s': 50, 'knative': 50} p99=31111.770161290322 serverless_enabled=True violation_sec=894
2026-02-26 06:58:42 [info     ] algorithm2_scaling_decision    action=MAINTAIN alpha=0.04 beta=0.0 buffer=1.2 current_replicas=4 predicted_load=66.0 required_resources=2.64 target_replicas=4
2026-02-26 06:58:42 [debug    ] Decision loop completed        action=SCALE_OUT latency_ms=116.6 p99=31111.770161290322
2026-02-26 06:58:57 [debug    ] HAProxy TCP command sent       command='show stat' response_length=2854
2026-02-26 06:58:57 [debug    ] GRU prediction received        confidence=0.72 latency_ms=39.79 predicted=66
2026-02-26 06:58:57 [debug    ] Using GRU prediction           confidence=0.72 predicted=66
2026-02-26 06:58:57 [info     ] Algorithm 1: SCALE_OUT         new_weights={'k3s': 50, 'knative': 50} p99=31111.770161290322 serverless_enabled=True violation_sec=909
2026-02-26 06:58:57 [info     ] algorithm2_scaling_decision    action=MAINTAIN alpha=0.04 beta=0.0 buffer=1.2 current_replicas=4 predicted_load=66.0 required_resources=2.64 target_replicas=4
2026-02-26 06:58:57 [debug    ] Decision loop completed        action=SCALE_OUT latency_ms=114.19 p99=31111.770161290322
2026-02-26 06:59:12 [debug    ] HAProxy TCP command sent       command='show stat' response_length=2850
2026-02-26 06:59:12 [debug    ] GRU prediction received        confidence=0.76 latency_ms=39.06 predicted=65
2026-02-26 06:59:12 [debug    ] Using GRU prediction           confidence=0.76 predicted=65
2026-02-26 06:59:12 [info     ] Algorithm 1: SCALE_OUT         new_weights={'k3s': 50, 'knative': 50} p99=31111.770161290322 serverless_enabled=True violation_sec=924
2026-02-26 06:59:12 [info     ] algorithm2_scaling_decision    action=MAINTAIN alpha=0.04 beta=0.0 buffer=1.2 current_replicas=4 predicted_load=65.0 required_resources=2.6 target_replicas=4
2026-02-26 06:59:12 [debug    ] Decision loop completed        action=SCALE_OUT latency_ms=116.3 p99=31111.770161290322
2026-02-26 06:59:27 [debug    ] HAProxy TCP command sent       command='show stat' response_length=2863
2026-02-26 06:59:27 [debug    ] HAProxy fallback latency       delta_requests=1122 interval_avg_ms=17139.92 max_rtime_ms=51426.0 p99_est=34279.84
2026-02-26 06:59:27 [debug    ] GRU prediction received        confidence=0.78 latency_ms=38.36 predicted=67
2026-02-26 06:59:27 [debug    ] Using GRU prediction           confidence=0.78 predicted=67
2026-02-26 06:59:27 [info     ] Algorithm 1: SCALE_OUT         new_weights={'k3s': 50, 'knative': 50} p99=34279.84135472371 serverless_enabled=True violation_sec=939
2026-02-26 06:59:27 [info     ] algorithm2_scaling_decision    action=MAINTAIN alpha=0.04 beta=0.0 buffer=1.2 current_replicas=4 predicted_load=67.0 required_resources=2.68 target_replicas=4
2026-02-26 06:59:27 [debug    ] Decision loop completed        action=SCALE_OUT latency_ms=114.27 p99=34279.84135472371
2026-02-26 06:59:42 [debug    ] HAProxy TCP command sent       command='show stat' response_length=2857
2026-02-26 06:59:42 [debug    ] HAProxy fallback latency       delta_requests=1159 interval_avg_ms=102740.99 max_rtime_ms=51426.0 p99_est=51426.0
2026-02-26 06:59:42 [debug    ] GRU prediction received        confidence=0.76 latency_ms=39.39 predicted=67
2026-02-26 06:59:42 [debug    ] Using GRU prediction           confidence=0.76 predicted=67
2026-02-26 06:59:42 [info     ] Algorithm 1: SCALE_OUT         new_weights={'k3s': 50, 'knative': 50} p99=51426.0 serverless_enabled=True violation_sec=954
2026-02-26 06:59:42 [info     ] algorithm2_scaling_decision    action=MAINTAIN alpha=0.04 beta=0.0 buffer=1.2 current_replicas=4 predicted_load=67.0 required_resources=2.68 target_replicas=4
2026-02-26 06:59:42 [debug    ] Decision loop completed        action=SCALE_OUT latency_ms=116.03 p99=51426.0
2026-02-26 06:59:57 [debug    ] HAProxy TCP command sent       command='show stat' response_length=2856
2026-02-26 06:59:57 [debug    ] HAProxy fallback latency       delta_requests=988 interval_avg_ms=14865.9 max_rtime_ms=51426.0 p99_est=29731.8
2026-02-26 06:59:57 [debug    ] GRU prediction received        confidence=0.76 latency_ms=40.42 predicted=68
2026-02-26 06:59:57 [debug    ] Using GRU prediction           confidence=0.76 predicted=68
2026-02-26 06:59:57 [info     ] Algorithm 1: SCALE_OUT         new_weights={'k3s': 50, 'knative': 50} p99=29731.7975708502 serverless_enabled=True violation_sec=969
2026-02-26 06:59:57 [info     ] algorithm2_scaling_decision    action=MAINTAIN alpha=0.04 beta=0.0 buffer=1.2 current_replicas=4 predicted_load=68.0 required_resources=2.72 target_replicas=4
2026-02-26 06:59:57 [debug    ] Decision loop completed        action=SCALE_OUT latency_ms=113.4 p99=29731.7975708502
2026-02-26 07:00:12 [debug    ] HAProxy TCP command sent       command='show stat' response_length=2855
2026-02-26 07:00:12 [debug    ] HAProxy fallback latency       delta_requests=989 interval_avg_ms=5670.09 max_rtime_ms=51426.0 p99_est=11340.18
2026-02-26 07:00:12 [debug    ] GRU prediction received        confidence=0.77 latency_ms=39.07 predicted=68
2026-02-26 07:00:12 [debug    ] Using GRU prediction           confidence=0.77 predicted=68
2026-02-26 07:00:12 [info     ] Algorithm 1: SCALE_OUT         new_weights={'k3s': 50, 'knative': 50} p99=11340.182002022244 serverless_enabled=True violation_sec=984
2026-02-26 07:00:12 [info     ] algorithm2_scaling_decision    action=MAINTAIN alpha=0.04 beta=0.0 buffer=1.2 current_replicas=4 predicted_load=68.0 required_resources=2.72 target_replicas=4
2026-02-26 07:00:12 [debug    ] Decision loop completed        action=SCALE_OUT latency_ms=111.0 p99=11340.182002022244
2026-02-26 07:00:27 [debug    ] HAProxy TCP command sent       command='show stat' response_length=2857
2026-02-26 07:00:27 [debug    ] GRU prediction received        confidence=0.82 latency_ms=40.12 predicted=68
2026-02-26 07:00:27 [debug    ] Using GRU prediction           confidence=0.82 predicted=68
2026-02-26 07:00:27 [info     ] Algorithm 1: SCALE_OUT         new_weights={'k3s': 50, 'knative': 50} p99=11340.182002022244 serverless_enabled=True violation_sec=999
2026-02-26 07:00:27 [info     ] algorithm2_scaling_decision    action=MAINTAIN alpha=0.04 beta=0.0 buffer=1.2 current_replicas=4 predicted_load=68.0 required_resources=2.72 target_replicas=4
2026-02-26 07:00:27 [debug    ] Decision loop completed        action=SCALE_OUT latency_ms=113.66 p99=11340.182002022244
2026-02-26 07:00:42 [debug    ] HAProxy TCP command sent       command='show stat' response_length=2858
2026-02-26 07:00:43 [debug    ] GRU prediction received        confidence=0.75 latency_ms=39.39 predicted=67
2026-02-26 07:00:43 [debug    ] Using GRU prediction           confidence=0.75 predicted=67
2026-02-26 07:00:43 [info     ] Algorithm 1: SCALE_OUT         new_weights={'k3s': 50, 'knative': 50} p99=11340.182002022244 serverless_enabled=True violation_sec=1015
2026-02-26 07:00:43 [info     ] algorithm2_scaling_decision    action=MAINTAIN alpha=0.04 beta=0.0 buffer=1.2 current_replicas=4 predicted_load=67.0 required_resources=2.68 target_replicas=4
2026-02-26 07:00:43 [debug    ] Decision loop completed        action=SCALE_OUT latency_ms=122.35 p99=11340.182002022244
2026-02-26 07:00:58 [debug    ] HAProxy TCP command sent       command='show stat' response_length=2855
2026-02-26 07:00:58 [debug    ] GRU prediction received        confidence=0.76 latency_ms=38.52 predicted=67
2026-02-26 07:00:58 [debug    ] Using GRU prediction           confidence=0.76 predicted=67
2026-02-26 07:00:58 [info     ] Algorithm 1: SCALE_OUT         new_weights={'k3s': 50, 'knative': 50} p99=11340.182002022244 serverless_enabled=True violation_sec=1030
2026-02-26 07:00:58 [info     ] algorithm2_scaling_decision    action=MAINTAIN alpha=0.04 beta=0.0 buffer=1.2 current_replicas=4 predicted_load=67.0 required_resources=2.68 target_replicas=4
2026-02-26 07:00:58 [debug    ] Decision loop completed        action=SCALE_OUT latency_ms=116.37 p99=11340.182002022244
2026-02-26 07:01:13 [debug    ] HAProxy TCP command sent       command='show stat' response_length=2858
2026-02-26 07:01:13 [debug    ] GRU prediction received        confidence=0.76 latency_ms=38.5 predicted=66
2026-02-26 07:01:13 [debug    ] Using GRU prediction           confidence=0.76 predicted=66
2026-02-26 07:01:13 [info     ] Algorithm 1: SCALE_OUT         new_weights={'k3s': 50, 'knative': 50} p99=11340.182002022244 serverless_enabled=True violation_sec=1045
2026-02-26 07:01:13 [info     ] algorithm2_scaling_decision    action=MAINTAIN alpha=0.04 beta=0.0 buffer=1.2 current_replicas=4 predicted_load=66.0 required_resources=2.64 target_replicas=4
2026-02-26 07:01:13 [debug    ] Decision loop completed        action=SCALE_OUT latency_ms=110.69 p99=11340.182002022244
2026-02-26 07:01:28 [debug    ] HAProxy TCP command sent       command='show stat' response_length=2856
2026-02-26 07:01:28 [debug    ] HAProxy fallback latency       delta_requests=553 interval_avg_ms=114266.25 max_rtime_ms=51426.0 p99_est=51426.0
2026-02-26 07:01:28 [debug    ] GRU prediction received        confidence=0.76 latency_ms=38.82 predicted=65
2026-02-26 07:01:28 [debug    ] Using GRU prediction           confidence=0.76 predicted=65
2026-02-26 07:01:28 [info     ] Algorithm 1: SCALE_OUT         new_weights={'k3s': 50, 'knative': 50} p99=51426.0 serverless_enabled=True violation_sec=1060
2026-02-26 07:01:28 [info     ] algorithm2_scaling_decision    action=MAINTAIN alpha=0.04 beta=0.0 buffer=1.2 current_replicas=4 predicted_load=65.0 required_resources=2.6 target_replicas=4
2026-02-26 07:01:28 [debug    ] Decision loop completed        action=SCALE_OUT latency_ms=113.33 p99=51426.0
2026-02-26 07:01:43 [debug    ] HAProxy TCP command sent       command='show stat' response_length=2860
2026-02-26 07:01:43 [debug    ] GRU prediction received        confidence=0.82 latency_ms=38.71 predicted=65
2026-02-26 07:01:43 [debug    ] Using GRU prediction           confidence=0.82 predicted=65
2026-02-26 07:01:43 [info     ] Algorithm 1: SCALE_OUT         new_weights={'k3s': 50, 'knative': 50} p99=51426.0 serverless_enabled=True violation_sec=1075
2026-02-26 07:01:43 [info     ] algorithm2_scaling_decision    action=MAINTAIN alpha=0.04 beta=0.0 buffer=1.2 current_replicas=4 predicted_load=65.0 required_resources=2.6 target_replicas=4
2026-02-26 07:01:43 [debug    ] Decision loop completed        action=SCALE_OUT latency_ms=111.54 p99=51426.0
2026-02-26 07:01:58 [debug    ] HAProxy TCP command sent       command='show stat' response_length=2850
2026-02-26 07:01:58 [debug    ] HAProxy fallback latency       delta_requests=128 interval_avg_ms=141429.77 max_rtime_ms=51426.0 p99_est=51426.0
2026-02-26 07:01:58 [debug    ] GRU prediction received        confidence=0.72 latency_ms=39.39 predicted=63
2026-02-26 07:01:58 [debug    ] Using GRU prediction           confidence=0.72 predicted=63
2026-02-26 07:01:58 [info     ] Algorithm 1: SCALE_OUT         new_weights={'k3s': 50, 'knative': 50} p99=51426.0 serverless_enabled=True violation_sec=1090
2026-02-26 07:01:58 [info     ] algorithm2_scaling_decision    action=MAINTAIN alpha=0.04 beta=0.0 buffer=1.2 current_replicas=4 predicted_load=63.0 required_resources=2.52 target_replicas=4
2026-02-26 07:01:58 [debug    ] Decision loop completed        action=SCALE_OUT latency_ms=118.67 p99=51426.0
2026-02-26 07:02:13 [debug    ] HAProxy TCP command sent       command='show stat' response_length=2855
2026-02-26 07:02:13 [debug    ] GRU prediction received        confidence=0.72 latency_ms=39.32 predicted=62
2026-02-26 07:02:13 [debug    ] Using GRU prediction           confidence=0.72 predicted=62
2026-02-26 07:02:13 [info     ] Algorithm 1: SCALE_OUT         new_weights={'k3s': 50, 'knative': 50} p99=51426.0 serverless_enabled=True violation_sec=1105
2026-02-26 07:02:13 [info     ] algorithm2_scaling_decision    action=SCALE_DOWN alpha=0.04 beta=0.0 buffer=1.2 current_replicas=4 predicted_load=62.0 required_resources=2.48 target_replicas=3
2026-02-26 07:02:13 [debug    ] Decision loop completed        action=SCALE_OUT latency_ms=114.81 p99=51426.0
2026-02-26 07:02:28 [debug    ] HAProxy TCP command sent       command='show stat' response_length=2858
2026-02-26 07:02:28 [debug    ] GRU prediction received        confidence=0.72 latency_ms=39.69 predicted=62
2026-02-26 07:02:28 [debug    ] Using GRU prediction           confidence=0.72 predicted=62
2026-02-26 07:02:28 [info     ] Algorithm 1: SCALE_OUT         new_weights={'k3s': 50, 'knative': 50} p99=51426.0 serverless_enabled=True violation_sec=1120
2026-02-26 07:02:28 [info     ] algorithm2_scaling_decision    action=SCALE_DOWN alpha=0.04 beta=0.0 buffer=1.2 current_replicas=4 predicted_load=62.0 required_resources=2.48 target_replicas=3
2026-02-26 07:02:28 [debug    ] Decision loop completed        action=SCALE_OUT latency_ms=114.79 p99=51426.0
2026-02-26 07:02:43 [debug    ] HAProxy TCP command sent       command='show stat' response_length=2880
2026-02-26 07:02:43 [debug    ] HAProxy fallback latency       delta_requests=609 interval_avg_ms=230313.91 max_rtime_ms=51426.0 p99_est=51426.0
2026-02-26 07:02:43 [debug    ] GRU prediction received        confidence=0.72 latency_ms=38.89 predicted=62
2026-02-26 07:02:43 [debug    ] Using GRU prediction           confidence=0.72 predicted=62
2026-02-26 07:02:43 [info     ] Algorithm 1: SCALE_OUT         new_weights={'k3s': 50, 'knative': 50} p99=51426.0 serverless_enabled=True violation_sec=1135
2026-02-26 07:02:44 [info     ] algorithm2_scaling_decision    action=SCALE_DOWN alpha=0.04 beta=0.0 buffer=1.2 current_replicas=4 predicted_load=62.0 required_resources=2.48 target_replicas=3
2026-02-26 07:02:44 [debug    ] Decision loop completed        action=SCALE_OUT latency_ms=110.73 p99=51426.0
2026-02-26 07:02:59 [debug    ] HAProxy TCP command sent       command='show stat' response_length=2862
2026-02-26 07:02:59 [debug    ] GRU prediction received        confidence=0.72 latency_ms=38.65 predicted=62
2026-02-26 07:02:59 [debug    ] Using GRU prediction           confidence=0.72 predicted=62
2026-02-26 07:02:59 [info     ] Algorithm 1: SCALE_OUT         new_weights={'k3s': 50, 'knative': 50} p99=51426.0 serverless_enabled=True violation_sec=1151
2026-02-26 07:02:59 [info     ] algorithm2_scaling_decision    action=SCALE_DOWN alpha=0.04 beta=0.0 buffer=1.2 current_replicas=4 predicted_load=62.0 required_resources=2.48 target_replicas=3
2026-02-26 07:02:59 [debug    ] Decision loop completed        action=SCALE_OUT latency_ms=115.76 p99=51426.0
2026-02-26 07:03:14 [debug    ] HAProxy TCP command sent       command='show stat' response_length=2861
2026-02-26 07:03:14 [debug    ] GRU prediction received        confidence=0.72 latency_ms=40.71 predicted=63
2026-02-26 07:03:14 [debug    ] Using GRU prediction           confidence=0.72 predicted=63
2026-02-26 07:03:14 [info     ] Algorithm 1: SCALE_OUT         new_weights={'k3s': 50, 'knative': 50} p99=51426.0 serverless_enabled=True violation_sec=1166
2026-02-26 07:03:14 [info     ] algorithm2_scaling_decision    action=MAINTAIN alpha=0.04 beta=0.0 buffer=1.2 current_replicas=4 predicted_load=63.0 required_resources=2.52 target_replicas=4
2026-02-26 07:03:14 [debug    ] Decision loop completed        action=SCALE_OUT latency_ms=118.23 p99=51426.0
2026-02-26 07:03:29 [debug    ] HAProxy TCP command sent       command='show stat' response_length=2862
2026-02-26 07:03:29 [debug    ] HAProxy fallback latency       delta_requests=791 interval_avg_ms=54831.18 max_rtime_ms=51426.0 p99_est=51426.0
2026-02-26 07:03:29 [debug    ] GRU prediction received        confidence=0.8 latency_ms=40.32 predicted=63
2026-02-26 07:03:29 [debug    ] Using GRU prediction           confidence=0.8 predicted=63
2026-02-26 07:03:29 [info     ] Algorithm 1: SCALE_OUT         new_weights={'k3s': 50, 'knative': 50} p99=51426.0 serverless_enabled=True violation_sec=1181
2026-02-26 07:03:29 [info     ] algorithm2_scaling_decision    action=MAINTAIN alpha=0.04 beta=0.0 buffer=1.2 current_replicas=4 predicted_load=63.0 required_resources=2.52 target_replicas=4
2026-02-26 07:03:29 [debug    ] Decision loop completed        action=SCALE_OUT latency_ms=110.66 p99=51426.0
2026-02-26 07:03:44 [debug    ] HAProxy TCP command sent       command='show stat' response_length=2867
2026-02-26 07:03:44 [debug    ] HAProxy fallback latency       delta_requests=330 interval_avg_ms=144130.97 max_rtime_ms=51426.0 p99_est=51426.0
2026-02-26 07:03:44 [debug    ] GRU prediction received        confidence=0.72 latency_ms=40.68 predicted=62
2026-02-26 07:03:44 [debug    ] Using GRU prediction           confidence=0.72 predicted=62
2026-02-26 07:03:44 [info     ] Algorithm 1: SCALE_OUT         new_weights={'k3s': 50, 'knative': 50} p99=51426.0 serverless_enabled=True violation_sec=1196
2026-02-26 07:03:44 [info     ] algorithm2_scaling_decision    action=SCALE_DOWN alpha=0.04 beta=0.0 buffer=1.2 current_replicas=4 predicted_load=62.0 required_resources=2.48 target_replicas=3
2026-02-26 07:03:44 [debug    ] Decision loop completed        action=SCALE_OUT latency_ms=118.11 p99=51426.0
2026-02-26 07:03:59 [debug    ] HAProxy TCP command sent       command='show stat' response_length=2851
2026-02-26 07:03:59 [debug    ] GRU prediction received        confidence=0.72 latency_ms=40.3 predicted=60
2026-02-26 07:03:59 [debug    ] Using GRU prediction           confidence=0.72 predicted=60
2026-02-26 07:03:59 [info     ] Algorithm 1: SCALE_OUT         new_weights={'k3s': 50, 'knative': 50} p99=51426.0 serverless_enabled=True violation_sec=1211
2026-02-26 07:03:59 [info     ] algorithm2_scaling_decision    action=SCALE_DOWN alpha=0.04 beta=0.0 buffer=1.2 current_replicas=4 predicted_load=60.0 required_resources=2.4 target_replicas=3
2026-02-26 07:03:59 [debug    ] Decision loop completed        action=SCALE_OUT latency_ms=120.38 p99=51426.0
2026-02-26 07:04:14 [debug    ] HAProxy TCP command sent       command='show stat' response_length=2847
2026-02-26 07:04:14 [debug    ] GRU prediction received        confidence=0.72 latency_ms=38.7 predicted=59
2026-02-26 07:04:14 [debug    ] Using GRU prediction           confidence=0.72 predicted=59
2026-02-26 07:04:14 [info     ] Algorithm 1: SCALE_OUT         new_weights={'k3s': 50, 'knative': 50} p99=51426.0 serverless_enabled=True violation_sec=1226
2026-02-26 07:04:14 [info     ] algorithm2_scaling_decision    action=SCALE_DOWN alpha=0.04 beta=0.0 buffer=1.2 current_replicas=4 predicted_load=59.0 required_resources=2.36 target_replicas=3
2026-02-26 07:04:14 [debug    ] Decision loop completed        action=SCALE_OUT latency_ms=112.82 p99=51426.0
2026-02-26 07:04:29 [debug    ] HAProxy TCP command sent       command='show stat' response_length=2845
2026-02-26 07:04:29 [debug    ] GRU prediction received        confidence=0.72 latency_ms=38.45 predicted=58
2026-02-26 07:04:29 [debug    ] Using GRU prediction           confidence=0.72 predicted=58
2026-02-26 07:04:29 [info     ] Algorithm 1: SCALE_OUT         new_weights={'k3s': 50, 'knative': 50} p99=51426.0 serverless_enabled=True violation_sec=1241
2026-02-26 07:04:29 [info     ] algorithm2_scaling_decision    action=SCALE_DOWN alpha=0.04 beta=0.0 buffer=1.2 current_replicas=4 predicted_load=58.0 required_resources=2.32 target_replicas=3
2026-02-26 07:04:29 [debug    ] Decision loop completed        action=SCALE_OUT latency_ms=115.69 p99=51426.0
2026-02-26 07:04:44 [debug    ] HAProxy TCP command sent       command='show stat' response_length=2845
2026-02-26 07:04:44 [debug    ] GRU prediction received        confidence=0.72 latency_ms=38.06 predicted=58
2026-02-26 07:04:44 [debug    ] Using GRU prediction           confidence=0.72 predicted=58
2026-02-26 07:04:44 [info     ] Algorithm 1: SCALE_OUT         new_weights={'k3s': 50, 'knative': 50} p99=51426.0 serverless_enabled=True violation_sec=1256
2026-02-26 07:04:44 [info     ] algorithm2_scaling_decision    action=SCALE_DOWN alpha=0.04 beta=0.0 buffer=1.2 current_replicas=4 predicted_load=58.0 required_resources=2.32 target_replicas=3
2026-02-26 07:04:44 [debug    ] Decision loop completed        action=SCALE_OUT latency_ms=114.24 p99=51426.0
2026-02-26 07:04:52 [info     ] Received shutdown signal
2026-02-26 07:04:52 [info     ] Stopping routing daemon...
2026-02-26 07:04:52 [info     ] Routing daemon stopped
