2026-07-12 00:03:25 [info     ] SLOMonitor initialized         threshold_ms=200.0 violation_window=30
2026-07-12 00:03:25 [info     ] Algorithm1ControllerV3 initialized max_knative=50 r_saturation=33.3 target_cpu_util=0.5 total_budget=1000
2026-07-12 00:03:25 [info     ] Using V3 controller (Capacity-Driven) scenario=s3-hybrid-reactive version=v3
2026-07-12 00:03:25 [info     ] HAProxyWeightAdjuster initialized backend=servers host=localhost port=19999
2026-07-12 00:03:25 [info     ] GRUClient initialized          base_url=http://localhost:8090
2026-07-12 00:03:25 [info     ] K8sScaler initialized          deployment=test-app-warm namespace=default
2026-07-12 00:03:25 [info     ] RoutingDaemon initialized      decision_interval=15 description='Algorithm 1 reactive routing without predictions' scenario=s3-hybrid-reactive use_algorithm=True use_predictions=False
2026-07-12 00:03:25 [info     ] Starting routing daemon        interval=15 scenario=s3-hybrid-reactive
2026-07-12 00:03:25 [info     ] Weights updated                k3s=80 knative=20
2026-07-12 00:03:25 [info     ] Initial weights applied        k3s=80 knative=20
2026-07-12 00:03:25 [debug    ] HAProxy fallback primed        total_requests=0
2026-07-12 00:03:25 [info     ] algorithm2_scaling_decision    action=MAINTAIN alpha=0.030030030030030033 beta=0.0 buffer=1.2 current_replicas=3 predicted_load=0.0 required_resources=0.0 target_replicas=3
2026-07-12 00:03:25 [info     ] algorithm2_decision            action=MAINTAIN applied_target=3 current_replicas=3 hold_until=0.0 observed_load=0.0 observed_target=3 point_forecasts=None prediction_age_sec=None predictive_target=3 proactive=False scenario=s3-hybrid-reactive target_replicas=3 upper_forecasts=None
2026-07-12 00:03:25 [debug    ] Decision loop completed        action=MAINTAIN latency_ms=117.34 p99=0.0
2026-07-12 00:03:31 [debug    ] GRU health check failed        error="HTTPConnectionPool(host='localhost', port=8090): Read timed out. (read timeout=5.0)"
2026-07-12 00:03:40 [info     ] algorithm2_scaling_decision    action=MAINTAIN alpha=0.030030030030030033 beta=0.0 buffer=1.2 current_replicas=3 predicted_load=0.0 required_resources=0.0 target_replicas=3
2026-07-12 00:03:40 [info     ] algorithm2_decision            action=MAINTAIN applied_target=3 current_replicas=3 hold_until=0.0 observed_load=0.0 observed_target=3 point_forecasts=None prediction_age_sec=None predictive_target=3 proactive=False scenario=s3-hybrid-reactive target_replicas=3 upper_forecasts=None
2026-07-12 00:03:40 [debug    ] Decision loop completed        action=MAINTAIN latency_ms=112.92 p99=0.0
2026-07-12 00:03:55 [info     ] algorithm2_scaling_decision    action=MAINTAIN alpha=0.030030030030030033 beta=0.0 buffer=1.2 current_replicas=3 predicted_load=0.0 required_resources=0.0 target_replicas=3
2026-07-12 00:03:55 [info     ] algorithm2_decision            action=MAINTAIN applied_target=3 current_replicas=3 hold_until=0.0 observed_load=0.0 observed_target=3 point_forecasts=None prediction_age_sec=None predictive_target=3 proactive=False scenario=s3-hybrid-reactive target_replicas=3 upper_forecasts=None
2026-07-12 00:03:55 [debug    ] Decision loop completed        action=MAINTAIN latency_ms=103.5 p99=0.0
2026-07-12 00:04:10 [debug    ] HAProxy fallback latency       delta_requests=421 interval_avg_ms=64.0 max_rtime_ms=91.0 p99_est=91.0
2026-07-12 00:04:10 [info     ] controller_decision_v3         action=RECOVERY available_replicas=3 budget_remaining=1000 burn_adjustment=0 burst_ratio=0 capacity_deficit=False confidence=0 current_load=27.74179609003718 decision_id=20e3353b k8s_capacity=49.9 k8s_weight=100 knative_weight=0 p99=91.0 predicted_load=0 r_effective=16.6 serverless_enabled=False total_load=27.7 weights_after={'k3s': 100, 'knative': 0} weights_before={'k3s': 80, 'knative': 20}
2026-07-12 00:04:10 [info     ] Weights updated                k3s=100 knative=0
2026-07-12 00:04:10 [info     ] Weights updated                action=RECOVERY reason='load=28RPS | k8s_cap=50RPS | (reducing-serverless)' weights={'k3s': 100, 'knative': 0}
2026-07-12 00:04:10 [info     ] algorithm2_scaling_decision    action=MAINTAIN alpha=0.030030030030030033 beta=0.0 buffer=1.2 current_replicas=3 predicted_load=13.87089804501859 required_resources=0.417 target_replicas=3
2026-07-12 00:04:10 [info     ] algorithm2_decision            action=MAINTAIN applied_target=3 current_replicas=3 hold_until=0.0 observed_load=13.87 observed_target=3 point_forecasts=None prediction_age_sec=None predictive_target=3 proactive=False scenario=s3-hybrid-reactive target_replicas=3 upper_forecasts=None
2026-07-12 00:04:10 [debug    ] Decision loop completed        action=RECOVERY latency_ms=136.07 p99=91.0
2026-07-12 00:04:26 [debug    ] HAProxy fallback latency       delta_requests=666 interval_avg_ms=64.0 max_rtime_ms=100.0 p99_est=100.0
2026-07-12 00:04:26 [info     ] algorithm2_scaling_decision    action=MAINTAIN alpha=0.030030030030030033 beta=0.0 buffer=1.2 current_replicas=3 predicted_load=35.87208169871411 required_resources=1.077 target_replicas=3
2026-07-12 00:04:26 [info     ] algorithm2_decision            action=MAINTAIN applied_target=3 current_replicas=3 hold_until=0.0 observed_load=35.87 observed_target=3 point_forecasts=None prediction_age_sec=None predictive_target=3 proactive=False scenario=s3-hybrid-reactive target_replicas=3 upper_forecasts=None
2026-07-12 00:04:26 [debug    ] Decision loop completed        action=MAINTAIN latency_ms=105.81 p99=100.0
2026-07-12 00:04:41 [debug    ] HAProxy fallback latency       delta_requests=687 interval_avg_ms=66.58 max_rtime_ms=123.0 p99_est=123.0
2026-07-12 00:04:41 [info     ] algorithm2_scaling_decision    action=MAINTAIN alpha=0.030030030030030033 beta=0.0 buffer=1.2 current_replicas=3 predicted_load=44.74024749506671 required_resources=1.344 target_replicas=3
2026-07-12 00:04:41 [info     ] algorithm2_decision            action=MAINTAIN applied_target=3 current_replicas=3 hold_until=0.0 observed_load=44.74 observed_target=3 point_forecasts=None prediction_age_sec=None predictive_target=3 proactive=False scenario=s3-hybrid-reactive target_replicas=3 upper_forecasts=None
2026-07-12 00:04:41 [debug    ] Decision loop completed        action=MAINTAIN latency_ms=99.26 p99=123.0
2026-07-12 00:04:56 [debug    ] HAProxy fallback latency       delta_requests=787 interval_avg_ms=68.25 max_rtime_ms=123.0 p99_est=123.0
2026-07-12 00:04:56 [info     ] Knative pre-warm OK            cold_start_ms=2.4
2026-07-12 00:04:56 [info     ] controller_decision_v3         action=REACTIVE available_replicas=3 budget_remaining=1000 burn_adjustment=0 burst_ratio=0.0404 capacity_deficit=False confidence=0 current_load=52.0551947018422 decision_id=612630c0 k8s_capacity=49.9 k8s_weight=95 knative_weight=5 p99=123.0 predicted_load=0 r_effective=16.6 serverless_enabled=True total_load=52.1 weights_after={'k3s': 95, 'knative': 5} weights_before={'k3s': 100, 'knative': 0}
2026-07-12 00:04:56 [info     ] Weights updated                k3s=95 knative=5
2026-07-12 00:04:56 [info     ] Weights updated                action=REACTIVE reason='load=52RPS | k8s_cap=50RPS | (burst-routing)' weights={'k3s': 95, 'knative': 5}
2026-07-12 00:04:56 [info     ] algorithm2_scaling_decision    action=MAINTAIN alpha=0.030030030030030033 beta=0.0 buffer=1.2 current_replicas=3 predicted_load=48.76666119229229 required_resources=1.464 target_replicas=3
2026-07-12 00:04:56 [info     ] algorithm2_decision            action=MAINTAIN applied_target=3 current_replicas=3 hold_until=0.0 observed_load=48.77 observed_target=3 point_forecasts=None prediction_age_sec=None predictive_target=3 proactive=False scenario=s3-hybrid-reactive target_replicas=3 upper_forecasts=None
2026-07-12 00:04:56 [debug    ] Decision loop completed        action=REACTIVE latency_ms=111.53 p99=123.0
2026-07-12 00:05:11 [debug    ] HAProxy fallback latency       delta_requests=821 interval_avg_ms=61.88 max_rtime_ms=123.0 p99_est=123.0
2026-07-12 00:05:11 [info     ] controller_decision_v3         action=REACTIVE available_replicas=3 budget_remaining=1000 burn_adjustment=0 burst_ratio=0.0829 capacity_deficit=False confidence=0 current_load=54.46288279055977 decision_id=3c40c8bc k8s_capacity=49.9 k8s_weight=91 knative_weight=9 p99=123.0 predicted_load=0 r_effective=16.6 serverless_enabled=True total_load=54.5 weights_after={'k3s': 91, 'knative': 9} weights_before={'k3s': 95, 'knative': 5}
2026-07-12 00:05:11 [info     ] Weights updated                k3s=91 knative=9
2026-07-12 00:05:11 [info     ] Weights updated                action=REACTIVE reason='load=54RPS | k8s_cap=50RPS | (burst-routing)' weights={'k3s': 91, 'knative': 9}
2026-07-12 00:05:11 [info     ] algorithm2_scaling_decision    action=MAINTAIN alpha=0.030030030030030033 beta=0.0 buffer=1.2 current_replicas=3 predicted_load=53.259038746200986 required_resources=1.599 target_replicas=3
2026-07-12 00:05:11 [info     ] algorithm2_decision            action=MAINTAIN applied_target=3 current_replicas=3 hold_until=0.0 observed_load=53.26 observed_target=3 point_forecasts=None prediction_age_sec=None predictive_target=3 proactive=False scenario=s3-hybrid-reactive target_replicas=3 upper_forecasts=None
2026-07-12 00:05:11 [debug    ] Decision loop completed        action=REACTIVE latency_ms=107.48 p99=123.0
2026-07-12 00:05:26 [debug    ] HAProxy fallback latency       delta_requests=620 interval_avg_ms=65.0 max_rtime_ms=123.0 p99_est=123.0
2026-07-12 00:05:26 [info     ] controller_decision_v3         action=RECOVERY available_replicas=3 budget_remaining=1000 burn_adjustment=0 burst_ratio=0 capacity_deficit=False confidence=0 current_load=41.03572943238432 decision_id=92f0a6de k8s_capacity=49.9 k8s_weight=100 knative_weight=0 p99=123.0 predicted_load=0 r_effective=16.6 serverless_enabled=False total_load=41.0 weights_after={'k3s': 100, 'knative': 0} weights_before={'k3s': 91, 'knative': 9}
2026-07-12 00:05:26 [info     ] Weights updated                k3s=100 knative=0
2026-07-12 00:05:26 [info     ] Weights updated                action=RECOVERY reason='load=41RPS | k8s_cap=50RPS | (reducing-serverless)' weights={'k3s': 100, 'knative': 0}
2026-07-12 00:05:26 [info     ] algorithm2_scaling_decision    action=MAINTAIN alpha=0.030030030030030033 beta=0.0 buffer=1.2 current_replicas=3 predicted_load=47.749306111472045 required_resources=1.434 target_replicas=3
2026-07-12 00:05:26 [info     ] algorithm2_decision            action=MAINTAIN applied_target=3 current_replicas=3 hold_until=0.0 observed_load=47.75 observed_target=3 point_forecasts=None prediction_age_sec=None predictive_target=3 proactive=False scenario=s3-hybrid-reactive target_replicas=3 upper_forecasts=None
2026-07-12 00:05:26 [debug    ] Decision loop completed        action=RECOVERY latency_ms=141.18 p99=123.0
2026-07-12 00:05:41 [debug    ] HAProxy fallback latency       delta_requests=439 interval_avg_ms=65.0 max_rtime_ms=123.0 p99_est=123.0
2026-07-12 00:05:41 [info     ] algorithm2_scaling_decision    action=MAINTAIN alpha=0.030030030030030033 beta=0.0 buffer=1.2 current_replicas=3 predicted_load=35.015578552101616 required_resources=1.052 target_replicas=3
2026-07-12 00:05:41 [info     ] algorithm2_decision            action=MAINTAIN applied_target=3 current_replicas=3 hold_until=0.0 observed_load=35.02 observed_target=3 point_forecasts=None prediction_age_sec=None predictive_target=3 proactive=False scenario=s3-hybrid-reactive target_replicas=3 upper_forecasts=None
2026-07-12 00:05:41 [debug    ] Decision loop completed        action=MAINTAIN latency_ms=104.4 p99=123.0
2026-07-12 00:05:56 [debug    ] HAProxy fallback latency       delta_requests=375 interval_avg_ms=65.0 max_rtime_ms=123.0 p99_est=123.0
2026-07-12 00:05:56 [info     ] algorithm2_scaling_decision    action=MAINTAIN alpha=0.030030030030030033 beta=0.0 buffer=1.2 current_replicas=3 predicted_load=26.910848317152144 required_resources=0.808 target_replicas=3
2026-07-12 00:05:56 [info     ] algorithm2_decision            action=MAINTAIN applied_target=3 current_replicas=3 hold_until=0.0 observed_load=26.91 observed_target=3 point_forecasts=None prediction_age_sec=None predictive_target=3 proactive=False scenario=s3-hybrid-reactive target_replicas=3 upper_forecasts=None
2026-07-12 00:05:56 [debug    ] Decision loop completed        action=MAINTAIN latency_ms=105.7 p99=123.0
2026-07-12 00:06:11 [debug    ] HAProxy fallback latency       delta_requests=404 interval_avg_ms=77.92 max_rtime_ms=123.0 p99_est=123.0
2026-07-12 00:06:11 [info     ] algorithm2_scaling_decision    action=MAINTAIN alpha=0.030030030030030033 beta=0.0 buffer=1.2 current_replicas=3 predicted_load=25.78547949281473 required_resources=0.774 target_replicas=3
2026-07-12 00:06:11 [info     ] algorithm2_decision            action=MAINTAIN applied_target=3 current_replicas=3 hold_until=0.0 observed_load=25.79 observed_target=3 point_forecasts=None prediction_age_sec=None predictive_target=3 proactive=False scenario=s3-hybrid-reactive target_replicas=3 upper_forecasts=None
2026-07-12 00:06:11 [debug    ] Decision loop completed        action=MAINTAIN latency_ms=99.16 p99=123.0
2026-07-12 00:06:26 [debug    ] HAProxy fallback latency       delta_requests=677 interval_avg_ms=48.58 max_rtime_ms=123.0 p99_est=97.16
2026-07-12 00:06:26 [info     ] algorithm2_scaling_decision    action=MAINTAIN alpha=0.030030030030030033 beta=0.0 buffer=1.2 current_replicas=3 predicted_load=35.757949754998315 required_resources=1.074 target_replicas=3
2026-07-12 00:06:26 [info     ] algorithm2_decision            action=MAINTAIN applied_target=3 current_replicas=3 hold_until=0.0 observed_load=35.76 observed_target=3 point_forecasts=None prediction_age_sec=None predictive_target=3 proactive=False scenario=s3-hybrid-reactive target_replicas=3 upper_forecasts=None
2026-07-12 00:06:26 [debug    ] Decision loop completed        action=MAINTAIN latency_ms=108.98 p99=97.15805022156573
2026-07-12 00:06:41 [debug    ] HAProxy fallback latency       delta_requests=850 interval_avg_ms=71.94 max_rtime_ms=134.0 p99_est=134.0
2026-07-12 00:06:42 [info     ] Knative pre-warm OK            cold_start_ms=2.2
2026-07-12 00:06:42 [info     ] controller_decision_v3         action=REACTIVE available_replicas=3 budget_remaining=1000 burn_adjustment=0 burst_ratio=0.112 capacity_deficit=False confidence=0 current_load=56.253053841026905 decision_id=197817e4 k8s_capacity=49.9 k8s_weight=88 knative_weight=12 p99=134.0 predicted_load=0 r_effective=16.6 serverless_enabled=True total_load=56.3 weights_after={'k3s': 88, 'knative': 12} weights_before={'k3s': 100, 'knative': 0}
2026-07-12 00:06:42 [info     ] Weights updated                k3s=88 knative=12
2026-07-12 00:06:42 [info     ] Weights updated                action=REACTIVE reason='load=56RPS | k8s_cap=50RPS | (burst-routing)' weights={'k3s': 88, 'knative': 12}
2026-07-12 00:06:42 [info     ] algorithm2_scaling_decision    action=MAINTAIN alpha=0.030030030030030033 beta=0.0 buffer=1.2 current_replicas=3 predicted_load=50.512131663939726 required_resources=1.517 target_replicas=3
2026-07-12 00:06:42 [info     ] algorithm2_decision            action=MAINTAIN applied_target=3 current_replicas=3 hold_until=0.0 observed_load=50.51 observed_target=3 point_forecasts=None prediction_age_sec=None predictive_target=3 proactive=False scenario=s3-hybrid-reactive target_replicas=3 upper_forecasts=None
2026-07-12 00:06:42 [debug    ] Decision loop completed        action=REACTIVE latency_ms=106.73 p99=134.0
2026-07-12 00:06:57 [debug    ] HAProxy fallback latency       delta_requests=696 interval_avg_ms=65.0 max_rtime_ms=134.0 p99_est=130.0
2026-07-12 00:06:57 [info     ] controller_decision_v3         action=RECOVERY available_replicas=3 budget_remaining=1000 burn_adjustment=0 burst_ratio=0 capacity_deficit=False confidence=0 current_load=46.073636143007526 decision_id=e25bdc9c k8s_capacity=49.9 k8s_weight=100 knative_weight=0 p99=130.0 predicted_load=0 r_effective=16.6 serverless_enabled=False total_load=46.1 weights_after={'k3s': 100, 'knative': 0} weights_before={'k3s': 88, 'knative': 12}
2026-07-12 00:06:57 [info     ] Weights updated                k3s=100 knative=0
2026-07-12 00:06:57 [info     ] Weights updated                action=RECOVERY reason='load=46RPS | k8s_cap=50RPS | (reducing-serverless)' weights={'k3s': 100, 'knative': 0}
2026-07-12 00:06:57 [info     ] algorithm2_scaling_decision    action=MAINTAIN alpha=0.030030030030030033 beta=0.0 buffer=1.2 current_replicas=3 predicted_load=51.163344992017215 required_resources=1.536 target_replicas=3
2026-07-12 00:06:57 [info     ] algorithm2_decision            action=MAINTAIN applied_target=3 current_replicas=3 hold_until=0.0 observed_load=51.16 observed_target=3 point_forecasts=None prediction_age_sec=None predictive_target=3 proactive=False scenario=s3-hybrid-reactive target_replicas=3 upper_forecasts=None
2026-07-12 00:06:57 [debug    ] Decision loop completed        action=RECOVERY latency_ms=141.94 p99=130.0
2026-07-12 00:07:12 [debug    ] HAProxy fallback latency       delta_requests=613 interval_avg_ms=51.86 max_rtime_ms=134.0 p99_est=103.72
2026-07-12 00:07:12 [info     ] algorithm2_scaling_decision    action=MAINTAIN alpha=0.030030030030030033 beta=0.0 buffer=1.2 current_replicas=3 predicted_load=43.279321323237085 required_resources=1.3 target_replicas=3
2026-07-12 00:07:12 [info     ] algorithm2_decision            action=MAINTAIN applied_target=3 current_replicas=3 hold_until=0.0 observed_load=43.28 observed_target=3 point_forecasts=None prediction_age_sec=None predictive_target=3 proactive=False scenario=s3-hybrid-reactive target_replicas=3 upper_forecasts=None
2026-07-12 00:07:12 [debug    ] Decision loop completed        action=MAINTAIN latency_ms=107.69 p99=103.71615008156607
2026-07-12 00:07:27 [debug    ] HAProxy fallback latency       delta_requests=772 interval_avg_ms=75.44 max_rtime_ms=134.0 p99_est=134.0
2026-07-12 00:07:27 [info     ] Knative pre-warm OK            cold_start_ms=2.5
2026-07-12 00:07:27 [info     ] controller_decision_v3         action=REACTIVE available_replicas=3 budget_remaining=1000 burn_adjustment=0 burst_ratio=0.0225 capacity_deficit=False confidence=0 current_load=51.09827085678031 decision_id=21a31d23 k8s_capacity=49.9 k8s_weight=97 knative_weight=3 p99=134.0 predicted_load=0 r_effective=16.6 serverless_enabled=True total_load=51.1 weights_after={'k3s': 97, 'knative': 3} weights_before={'k3s': 100, 'knative': 0}
2026-07-12 00:07:27 [info     ] Weights updated                k3s=97 knative=3
2026-07-12 00:07:27 [info     ] Weights updated                action=REACTIVE reason='load=51RPS | k8s_cap=50RPS | (burst-routing)' weights={'k3s': 97, 'knative': 3}
2026-07-12 00:07:27 [info     ] algorithm2_scaling_decision    action=MAINTAIN alpha=0.030030030030030033 beta=0.0 buffer=1.2 current_replicas=3 predicted_load=45.79163868012347 required_resources=1.375 target_replicas=3
2026-07-12 00:07:27 [info     ] algorithm2_decision            action=MAINTAIN applied_target=3 current_replicas=3 hold_until=0.0 observed_load=45.79 observed_target=3 point_forecasts=None prediction_age_sec=None predictive_target=3 proactive=False scenario=s3-hybrid-reactive target_replicas=3 upper_forecasts=None
2026-07-12 00:07:27 [debug    ] Decision loop completed        action=REACTIVE latency_ms=114.02 p99=134.0
2026-07-12 00:07:42 [debug    ] HAProxy fallback latency       delta_requests=905 interval_avg_ms=65.0 max_rtime_ms=140.0 p99_est=130.0
2026-07-12 00:07:42 [info     ] controller_decision_v3         action=REACTIVE available_replicas=3 budget_remaining=1000 burn_adjustment=0 burst_ratio=0.1658 capacity_deficit=False confidence=0 current_load=59.8777991903453 decision_id=f1322838 k8s_capacity=49.9 k8s_weight=83 knative_weight=17 p99=130.0 predicted_load=0 r_effective=16.6 serverless_enabled=True total_load=59.9 weights_after={'k3s': 83, 'knative': 17} weights_before={'k3s': 97, 'knative': 3}
2026-07-12 00:07:42 [info     ] Weights updated                k3s=83 knative=17
2026-07-12 00:07:42 [info     ] Weights updated                action=REACTIVE reason='load=60RPS | k8s_cap=50RPS | (burst-routing)' weights={'k3s': 83, 'knative': 17}
2026-07-12 00:07:42 [info     ] algorithm2_scaling_decision    action=MAINTAIN alpha=0.030030030030030033 beta=0.0 buffer=1.2 current_replicas=3 predicted_load=55.4880350235628 required_resources=1.666 target_replicas=3
2026-07-12 00:07:42 [info     ] algorithm2_decision            action=MAINTAIN applied_target=3 current_replicas=3 hold_until=0.0 observed_load=55.49 observed_target=3 point_forecasts=None prediction_age_sec=None predictive_target=3 proactive=False scenario=s3-hybrid-reactive target_replicas=3 upper_forecasts=None
2026-07-12 00:07:42 [debug    ] Decision loop completed        action=REACTIVE latency_ms=108.18 p99=130.0
2026-07-12 00:07:57 [debug    ] HAProxy fallback latency       delta_requests=926 interval_avg_ms=53.49 max_rtime_ms=140.0 p99_est=106.98
2026-07-12 00:07:57 [info     ] controller_decision_v3         action=REACTIVE available_replicas=3 budget_remaining=1000 burn_adjustment=0 burst_ratio=0.185 capacity_deficit=False confidence=0 current_load=61.28931270781109 decision_id=6ab6add6 k8s_capacity=49.9 k8s_weight=81 knative_weight=19 p99=107.0 predicted_load=0 r_effective=16.6 serverless_enabled=True total_load=61.3 weights_after={'k3s': 81, 'knative': 19} weights_before={'k3s': 83, 'knative': 17}
2026-07-12 00:07:57 [info     ] Weights updated                k3s=81 knative=19
2026-07-12 00:07:57 [info     ] Weights updated                action=REACTIVE reason='load=61RPS | k8s_cap=50RPS | (burst-routing)' weights={'k3s': 81, 'knative': 19}
2026-07-12 00:07:57 [info     ] algorithm2_scaling_decision    action=MAINTAIN alpha=0.030030030030030033 beta=0.0 buffer=1.2 current_replicas=3 predicted_load=60.583555949078196 required_resources=1.819 target_replicas=3
2026-07-12 00:07:57 [info     ] algorithm2_decision            action=MAINTAIN applied_target=3 current_replicas=3 hold_until=0.0 observed_load=60.58 observed_target=3 point_forecasts=None prediction_age_sec=None predictive_target=3 proactive=False scenario=s3-hybrid-reactive target_replicas=3 upper_forecasts=None
2026-07-12 00:07:57 [debug    ] Decision loop completed        action=REACTIVE latency_ms=109.58 p99=106.97840172786177
2026-07-12 00:08:12 [debug    ] HAProxy fallback latency       delta_requests=968 interval_avg_ms=76.01 max_rtime_ms=142.0 p99_est=142.0
2026-07-12 00:08:12 [info     ] controller_decision_v3         action=REACTIVE available_replicas=3 budget_remaining=1000 burn_adjustment=0 burst_ratio=0.2203 capacity_deficit=False confidence=0 current_load=64.06542992717935 decision_id=2ef0ea2b k8s_capacity=49.9 k8s_weight=77 knative_weight=23 p99=142.0 predicted_load=0 r_effective=16.6 serverless_enabled=True total_load=64.1 weights_after={'k3s': 77, 'knative': 23} weights_before={'k3s': 81, 'knative': 19}
2026-07-12 00:08:12 [info     ] Weights updated                k3s=77 knative=23
2026-07-12 00:08:12 [info     ] Weights updated                action=REACTIVE reason='load=64RPS | k8s_cap=50RPS | (burst-routing)' weights={'k3s': 77, 'knative': 23}
2026-07-12 00:08:12 [info     ] algorithm2_scaling_decision    action=MAINTAIN alpha=0.030030030030030033 beta=0.0 buffer=1.2 current_replicas=3 predicted_load=62.67737131749522 required_resources=1.882 target_replicas=3
2026-07-12 00:08:12 [info     ] algorithm2_decision            action=MAINTAIN applied_target=3 current_replicas=3 hold_until=0.0 observed_load=62.68 observed_target=3 point_forecasts=None prediction_age_sec=None predictive_target=3 proactive=False scenario=s3-hybrid-reactive target_replicas=3 upper_forecasts=None
2026-07-12 00:08:12 [debug    ] Decision loop completed        action=REACTIVE latency_ms=106.99 p99=142.0
2026-07-12 00:08:27 [debug    ] HAProxy fallback latency       delta_requests=1080 interval_avg_ms=65.0 max_rtime_ms=142.0 p99_est=130.0
2026-07-12 00:08:27 [info     ] controller_decision_v3         action=REACTIVE available_replicas=3 budget_remaining=1000 burn_adjustment=0 burst_ratio=0.3007 capacity_deficit=False confidence=0 current_load=71.42444690943734 decision_id=2ff460fc k8s_capacity=49.9 k8s_weight=69 knative_weight=31 p99=130.0 predicted_load=0 r_effective=16.6 serverless_enabled=True total_load=71.4 weights_after={'k3s': 69, 'knative': 31} weights_before={'k3s': 77, 'knative': 23}
2026-07-12 00:08:27 [info     ] Weights updated                k3s=69 knative=31
2026-07-12 00:08:27 [info     ] Weights updated                action=REACTIVE reason='load=71RPS | k8s_cap=50RPS | (burst-routing)' weights={'k3s': 69, 'knative': 31}
2026-07-12 00:08:27 [info     ] algorithm2_scaling_decision    action=MAINTAIN alpha=0.030030030030030033 beta=0.0 buffer=1.2 current_replicas=3 predicted_load=67.74493841830835 required_resources=2.034 target_replicas=3
2026-07-12 00:08:27 [info     ] algorithm2_decision            action=MAINTAIN applied_target=3 current_replicas=3 hold_until=0.0 observed_load=67.74 observed_target=3 point_forecasts=None prediction_age_sec=None predictive_target=3 proactive=False scenario=s3-hybrid-reactive target_replicas=3 upper_forecasts=None
2026-07-12 00:08:27 [debug    ] Decision loop completed        action=REACTIVE latency_ms=108.63 p99=130.0
2026-07-12 00:08:42 [debug    ] HAProxy fallback latency       delta_requests=1214 interval_avg_ms=65.0 max_rtime_ms=142.0 p99_est=130.0
2026-07-12 00:08:42 [info     ] controller_decision_v3         action=REACTIVE available_replicas=3 budget_remaining=1000 burn_adjustment=0 burst_ratio=0.3783 capacity_deficit=False confidence=0 current_load=80.34989945699947 decision_id=7c1aa23b k8s_capacity=49.9 k8s_weight=62 knative_weight=38 p99=130.0 predicted_load=0 r_effective=16.6 serverless_enabled=True total_load=80.3 weights_after={'k3s': 62, 'knative': 38} weights_before={'k3s': 69, 'knative': 31}
2026-07-12 00:08:42 [info     ] Weights updated                k3s=62 knative=38
2026-07-12 00:08:42 [info     ] Weights updated                action=REACTIVE reason='load=80RPS | k8s_cap=50RPS | (burst-routing)' weights={'k3s': 62, 'knative': 38}
2026-07-12 00:08:42 [info     ] algorithm2_scaling_decision    action=MAINTAIN alpha=0.030030030030030033 beta=0.0 buffer=1.2 current_replicas=3 predicted_load=75.88717318321841 required_resources=2.279 target_replicas=3
2026-07-12 00:08:42 [info     ] algorithm2_decision            action=MAINTAIN applied_target=3 current_replicas=3 hold_until=0.0 observed_load=75.89 observed_target=3 point_forecasts=None prediction_age_sec=None predictive_target=3 proactive=False scenario=s3-hybrid-reactive target_replicas=3 upper_forecasts=None
2026-07-12 00:08:42 [debug    ] Decision loop completed        action=REACTIVE latency_ms=111.73 p99=130.0
2026-07-12 00:08:58 [debug    ] HAProxy fallback latency       delta_requests=1395 interval_avg_ms=75.98 max_rtime_ms=165.0 p99_est=151.96
2026-07-12 00:08:58 [info     ] controller_decision_v3         action=REACTIVE available_replicas=3 budget_remaining=1000 burn_adjustment=0 burst_ratio=0.4585 capacity_deficit=False confidence=0 current_load=92.24811339642918 decision_id=ac0188be k8s_capacity=49.9 k8s_weight=54 knative_weight=46 p99=152.0 predicted_load=0 r_effective=16.6 serverless_enabled=True total_load=92.2 weights_after={'k3s': 54, 'knative': 46} weights_before={'k3s': 62, 'knative': 38}
2026-07-12 00:08:58 [info     ] Weights updated                k3s=54 knative=46
2026-07-12 00:08:58 [info     ] Weights updated                action=REACTIVE reason='load=92RPS | k8s_cap=50RPS | (burst-routing)' weights={'k3s': 54, 'knative': 46}
2026-07-12 00:08:58 [info     ] algorithm2_scaling_decision    action=SCALE_UP alpha=0.030030030030030033 beta=0.0 buffer=1.2 current_replicas=3 predicted_load=86.29900642671433 required_resources=2.592 target_replicas=4
2026-07-12 00:08:58 [info     ] algorithm2_decision            action=SCALE_UP applied_target=4 current_replicas=3 hold_until=0.0 observed_load=86.3 observed_target=4 point_forecasts=None prediction_age_sec=None predictive_target=4 proactive=False scenario=s3-hybrid-reactive target_replicas=4 upper_forecasts=None
2026-07-12 00:08:58 [info     ] k8s_scale_executed             deployment=test-app-warm replicas=4
2026-07-12 00:08:58 [debug    ] Decision loop completed        action=REACTIVE latency_ms=153.86 p99=151.9584229390681
2026-07-12 00:09:13 [debug    ] HAProxy fallback latency       delta_requests=1596 interval_avg_ms=76.6 max_rtime_ms=165.0 p99_est=153.19
2026-07-12 00:09:13 [info     ] controller_decision_v3         action=RECOVERY available_replicas=4 budget_remaining=1000 burn_adjustment=0 burst_ratio=0.3676 capacity_deficit=False confidence=0 current_load=105.31740516683419 decision_id=44d797b3 k8s_capacity=66.6 k8s_weight=63 knative_weight=37 p99=153.2 predicted_load=0 r_effective=16.6 serverless_enabled=True total_load=105.3 weights_after={'k3s': 63, 'knative': 37} weights_before={'k3s': 54, 'knative': 46}
2026-07-12 00:09:13 [info     ] Weights updated                k3s=63 knative=37
2026-07-12 00:09:13 [info     ] Weights updated                action=RECOVERY reason='load=105RPS | k8s_cap=67RPS | (reducing-serverless)' weights={'k3s': 63, 'knative': 37}
2026-07-12 00:09:13 [info     ] algorithm2_scaling_decision    action=MAINTAIN alpha=0.030030030030030033 beta=0.0 buffer=1.2 current_replicas=4 predicted_load=98.78275928163168 required_resources=2.966 target_replicas=4
2026-07-12 00:09:13 [info     ] algorithm2_decision            action=MAINTAIN applied_target=4 current_replicas=4 hold_until=0.0 observed_load=98.78 observed_target=4 point_forecasts=None prediction_age_sec=None predictive_target=4 proactive=False scenario=s3-hybrid-reactive target_replicas=4 upper_forecasts=None
2026-07-12 00:09:13 [debug    ] Decision loop completed        action=RECOVERY latency_ms=146.35 p99=153.19298245614036
2026-07-12 00:09:28 [debug    ] HAProxy fallback latency       delta_requests=1824 interval_avg_ms=67.0 max_rtime_ms=167.0 p99_est=134.0
2026-07-12 00:09:28 [info     ] controller_decision_v3         action=REACTIVE available_replicas=4 budget_remaining=1000 burn_adjustment=0 burst_ratio=0.4466 capacity_deficit=False confidence=0 current_load=120.35373225243858 decision_id=7d784ae4 k8s_capacity=66.6 k8s_weight=55 knative_weight=45 p99=134.0 predicted_load=0 r_effective=16.6 serverless_enabled=True total_load=120.4 weights_after={'k3s': 55, 'knative': 45} weights_before={'k3s': 63, 'knative': 37}
2026-07-12 00:09:28 [info     ] Weights updated                k3s=55 knative=45
2026-07-12 00:09:28 [info     ] Weights updated                action=REACTIVE reason='load=120RPS | k8s_cap=67RPS | (burst-routing)' weights={'k3s': 55, 'knative': 45}
2026-07-12 00:09:28 [info     ] algorithm2_scaling_decision    action=SCALE_UP alpha=0.030030030030030033 beta=0.0 buffer=1.2 current_replicas=4 predicted_load=112.83556870963639 required_resources=3.388 target_replicas=5
2026-07-12 00:09:28 [info     ] algorithm2_decision            action=SCALE_UP applied_target=5 current_replicas=4 hold_until=0.0 observed_load=112.84 observed_target=5 point_forecasts=None prediction_age_sec=None predictive_target=5 proactive=False scenario=s3-hybrid-reactive target_replicas=5 upper_forecasts=None
2026-07-12 00:09:28 [info     ] k8s_scale_executed             deployment=test-app-warm replicas=5
2026-07-12 00:09:28 [debug    ] Decision loop completed        action=REACTIVE latency_ms=148.09 p99=134.0
2026-07-12 00:09:43 [debug    ] HAProxy fallback latency       delta_requests=1847 interval_avg_ms=78.14 max_rtime_ms=167.0 p99_est=156.29
2026-07-12 00:09:43 [info     ] controller_decision_v3         action=RECOVERY available_replicas=5 budget_remaining=1000 burn_adjustment=0 burst_ratio=0.3176 capacity_deficit=False confidence=0 current_load=122.00053140791223 decision_id=fe4051f3 k8s_capacity=83.2 k8s_weight=68 knative_weight=32 p99=156.3 predicted_load=0 r_effective=16.6 serverless_enabled=True total_load=122.0 weights_after={'k3s': 68, 'knative': 32} weights_before={'k3s': 55, 'knative': 45}
2026-07-12 00:09:43 [info     ] Weights updated                k3s=68 knative=32
2026-07-12 00:09:43 [info     ] Weights updated                action=RECOVERY reason='load=122RPS | k8s_cap=83RPS | (reducing-serverless)' weights={'k3s': 68, 'knative': 32}
2026-07-12 00:09:43 [info     ] algorithm2_scaling_decision    action=MAINTAIN alpha=0.030030030030030033 beta=0.0 buffer=1.2 current_replicas=5 predicted_load=121.1771318301754 required_resources=3.639 target_replicas=5
2026-07-12 00:09:43 [info     ] algorithm2_decision            action=MAINTAIN applied_target=5 current_replicas=5 hold_until=0.0 observed_load=121.18 observed_target=5 point_forecasts=None prediction_age_sec=None predictive_target=5 proactive=False scenario=s3-hybrid-reactive target_replicas=5 upper_forecasts=None
2026-07-12 00:09:43 [debug    ] Decision loop completed        action=RECOVERY latency_ms=142.85 p99=156.28803465078505
2026-07-12 00:09:58 [debug    ] HAProxy fallback latency       delta_requests=1447 interval_avg_ms=22.33 max_rtime_ms=167.0 p99_est=44.65
2026-07-12 00:09:58 [info     ] controller_decision_v3         action=RECOVERY available_replicas=5 budget_remaining=1000 burn_adjustment=0 burst_ratio=0.1294 capacity_deficit=False confidence=0 current_load=95.61827606577337 decision_id=2a100972 k8s_capacity=83.2 k8s_weight=87 knative_weight=13 p99=44.7 predicted_load=0 r_effective=16.6 serverless_enabled=True total_load=95.6 weights_after={'k3s': 87, 'knative': 13} weights_before={'k3s': 68, 'knative': 32}
2026-07-12 00:09:58 [info     ] Weights updated                k3s=87 knative=13
2026-07-12 00:09:58 [info     ] Weights updated                action=RECOVERY reason='load=96RPS | k8s_cap=83RPS | (reducing-serverless)' weights={'k3s': 87, 'knative': 13}
2026-07-12 00:09:58 [info     ] algorithm2_scaling_decision    action=MAINTAIN alpha=0.030030030030030033 beta=0.0 buffer=1.2 current_replicas=5 predicted_load=108.8094037368428 required_resources=3.268 target_replicas=4
2026-07-12 00:09:58 [info     ] algorithm2_decision            action=MAINTAIN applied_target=4 current_replicas=5 hold_until=0.0 observed_load=108.81 observed_target=4 point_forecasts=None prediction_age_sec=None predictive_target=4 proactive=False scenario=s3-hybrid-reactive target_replicas=4 upper_forecasts=None
2026-07-12 00:09:58 [debug    ] Decision loop completed        action=RECOVERY latency_ms=139.82 p99=44.65238424326192
2026-07-12 00:10:13 [debug    ] HAProxy fallback latency       delta_requests=1154 interval_avg_ms=44.91 max_rtime_ms=167.0 p99_est=89.82
2026-07-12 00:10:13 [info     ] controller_decision_v3         action=RECOVERY available_replicas=5 budget_remaining=1000 burn_adjustment=0 burst_ratio=0 capacity_deficit=False confidence=0 current_load=76.22064982680772 decision_id=b700e114 k8s_capacity=83.2 k8s_weight=100 knative_weight=0 p99=89.8 predicted_load=0 r_effective=16.6 serverless_enabled=False total_load=76.2 weights_after={'k3s': 100, 'knative': 0} weights_before={'k3s': 87, 'knative': 13}
2026-07-12 00:10:13 [info     ] Weights updated                k3s=100 knative=0
2026-07-12 00:10:13 [info     ] Weights updated                action=RECOVERY reason='load=76RPS | k8s_cap=83RPS | (reducing-serverless)' weights={'k3s': 100, 'knative': 0}
2026-07-12 00:10:13 [info     ] algorithm2_scaling_decision    action=MAINTAIN alpha=0.030030030030030033 beta=0.0 buffer=1.2 current_replicas=5 predicted_load=85.91946294629054 required_resources=2.58 target_replicas=4
2026-07-12 00:10:13 [info     ] algorithm2_decision            action=MAINTAIN applied_target=4 current_replicas=5 hold_until=0.0 observed_load=85.92 observed_target=4 point_forecasts=None prediction_age_sec=None predictive_target=4 proactive=False scenario=s3-hybrid-reactive target_replicas=4 upper_forecasts=None
2026-07-12 00:10:13 [debug    ] Decision loop completed        action=RECOVERY latency_ms=143.65 p99=89.81975736568458
2026-07-12 00:10:28 [debug    ] HAProxy fallback latency       delta_requests=1096 interval_avg_ms=86.15 max_rtime_ms=167.0 p99_est=167.0
2026-07-12 00:10:28 [info     ] algorithm2_scaling_decision    action=MAINTAIN alpha=0.030030030030030033 beta=0.0 buffer=1.2 current_replicas=5 predicted_load=74.2977423091668 required_resources=2.231 target_replicas=3
2026-07-12 00:10:28 [info     ] algorithm2_decision            action=MAINTAIN applied_target=3 current_replicas=5 hold_until=0.0 observed_load=74.3 observed_target=3 point_forecasts=None prediction_age_sec=None predictive_target=3 proactive=False scenario=s3-hybrid-reactive target_replicas=3 upper_forecasts=None
2026-07-12 00:10:28 [debug    ] Decision loop completed        action=MAINTAIN latency_ms=108.22 p99=167.0
2026-07-12 00:10:43 [debug    ] HAProxy fallback latency       delta_requests=999 interval_avg_ms=65.0 max_rtime_ms=167.0 p99_est=130.0
2026-07-12 00:10:44 [info     ] algorithm2_scaling_decision    action=MAINTAIN alpha=0.030030030030030033 beta=0.0 buffer=1.2 current_replicas=5 predicted_load=69.28122332972924 required_resources=2.081 target_replicas=3
2026-07-12 00:10:44 [info     ] algorithm2_decision            action=MAINTAIN applied_target=3 current_replicas=5 hold_until=0.0 observed_load=69.28 observed_target=3 point_forecasts=None prediction_age_sec=None predictive_target=3 proactive=False scenario=s3-hybrid-reactive target_replicas=3 upper_forecasts=None
2026-07-12 00:10:44 [debug    ] Decision loop completed        action=MAINTAIN latency_ms=108.93 p99=130.0
2026-07-12 00:10:59 [debug    ] HAProxy fallback latency       delta_requests=833 interval_avg_ms=65.0 max_rtime_ms=167.0 p99_est=130.0
2026-07-12 00:10:59 [info     ] algorithm2_scaling_decision    action=MAINTAIN alpha=0.030030030030030033 beta=0.0 buffer=1.2 current_replicas=5 predicted_load=60.693610210098555 required_resources=1.823 target_replicas=3
2026-07-12 00:10:59 [info     ] algorithm2_decision            action=MAINTAIN applied_target=3 current_replicas=5 hold_until=0.0 observed_load=60.69 observed_target=3 point_forecasts=None prediction_age_sec=None predictive_target=3 proactive=False scenario=s3-hybrid-reactive target_replicas=3 upper_forecasts=None
2026-07-12 00:10:59 [debug    ] Decision loop completed        action=MAINTAIN latency_ms=104.61 p99=130.0
2026-07-12 00:11:14 [debug    ] HAProxy fallback latency       delta_requests=979 interval_avg_ms=65.0 max_rtime_ms=167.0 p99_est=130.0
2026-07-12 00:11:14 [info     ] algorithm2_scaling_decision    action=MAINTAIN alpha=0.030030030030030033 beta=0.0 buffer=1.2 current_replicas=5 predicted_load=59.940082273242965 required_resources=1.8 target_replicas=3
2026-07-12 00:11:14 [info     ] algorithm2_decision            action=MAINTAIN applied_target=3 current_replicas=5 hold_until=0.0 observed_load=59.94 observed_target=3 point_forecasts=None prediction_age_sec=None predictive_target=3 proactive=False scenario=s3-hybrid-reactive target_replicas=3 upper_forecasts=None
2026-07-12 00:11:14 [debug    ] Decision loop completed        action=MAINTAIN latency_ms=112.12 p99=130.0
2026-07-12 00:11:29 [debug    ] HAProxy fallback latency       delta_requests=1663 interval_avg_ms=393.52 max_rtime_ms=296.0 p99_est=296.0
2026-07-12 00:11:29 [info     ] Knative pre-warm OK            cold_start_ms=2.3
2026-07-12 00:11:29 [info     ] controller_decision_v3         action=REACTIVE available_replicas=5 budget_remaining=999 burn_adjustment=0 burst_ratio=0.2426 capacity_deficit=False confidence=0 current_load=109.90874730033524 decision_id=e8417526 k8s_capacity=83.2 k8s_weight=75 knative_weight=25 p99=296.0 predicted_load=0 r_effective=16.6 serverless_enabled=True total_load=109.9 weights_after={'k3s': 75, 'knative': 25} weights_before={'k3s': 100, 'knative': 0}
2026-07-12 00:11:29 [info     ] Weights updated                k3s=75 knative=25
2026-07-12 00:11:29 [info     ] Weights updated                action=REACTIVE reason='load=110RPS | k8s_cap=83RPS | (burst-routing)' weights={'k3s': 75, 'knative': 25}
2026-07-12 00:11:29 [info     ] algorithm2_scaling_decision    action=MAINTAIN alpha=0.030030030030030033 beta=0.0 buffer=1.2 current_replicas=5 predicted_load=87.29465164727834 required_resources=2.621 target_replicas=4
2026-07-12 00:11:29 [info     ] algorithm2_decision            action=MAINTAIN applied_target=4 current_replicas=5 hold_until=0.0 observed_load=87.29 observed_target=4 point_forecasts=None prediction_age_sec=None predictive_target=4 proactive=False scenario=s3-hybrid-reactive target_replicas=4 upper_forecasts=None
2026-07-12 00:11:29 [debug    ] Decision loop completed        action=REACTIVE latency_ms=107.23 p99=296.0
2026-07-12 00:11:44 [info     ] controller_decision_v3         action=REACTIVE available_replicas=5 budget_remaining=998 burn_adjustment=0 burst_ratio=0.3527 capacity_deficit=False confidence=0 current_load=128.61827379391437 decision_id=b838c7d0 k8s_capacity=83.2 k8s_weight=64 knative_weight=36 p99=296.0 predicted_load=0 r_effective=16.6 serverless_enabled=True total_load=128.6 weights_after={'k3s': 64, 'knative': 36} weights_before={'k3s': 75, 'knative': 25}
2026-07-12 00:11:44 [info     ] Weights updated                k3s=64 knative=36
2026-07-12 00:11:44 [info     ] Weights updated                action=REACTIVE reason='load=129RPS | k8s_cap=83RPS | (burst-routing)' weights={'k3s': 64, 'knative': 36}
2026-07-12 00:11:44 [info     ] algorithm2_scaling_decision    action=MAINTAIN alpha=0.030030030030030033 beta=0.0 buffer=1.2 current_replicas=5 predicted_load=119.26351054712481 required_resources=3.581 target_replicas=5
2026-07-12 00:11:44 [info     ] algorithm2_decision            action=MAINTAIN applied_target=5 current_replicas=5 hold_until=0.0 observed_load=119.26 observed_target=5 point_forecasts=None prediction_age_sec=None predictive_target=5 proactive=False scenario=s3-hybrid-reactive target_replicas=5 upper_forecasts=None
2026-07-12 00:11:44 [debug    ] Decision loop completed        action=REACTIVE latency_ms=108.56 p99=296.0
2026-07-12 00:11:59 [info     ] controller_decision_v3         action=RECOVERY available_replicas=5 budget_remaining=997 burn_adjustment=0 burst_ratio=0.188 capacity_deficit=False confidence=0 current_load=102.52116482572642 decision_id=f83ce185 k8s_capacity=83.2 k8s_weight=81 knative_weight=19 p99=296.0 predicted_load=0 r_effective=16.6 serverless_enabled=True total_load=102.5 weights_after={'k3s': 81, 'knative': 19} weights_before={'k3s': 64, 'knative': 36}
2026-07-12 00:11:59 [info     ] Weights updated                k3s=81 knative=19
2026-07-12 00:11:59 [info     ] Weights updated                action=RECOVERY reason='load=103RPS | k8s_cap=83RPS | (reducing-serverless)' weights={'k3s': 81, 'knative': 19}
2026-07-12 00:11:59 [info     ] algorithm2_scaling_decision    action=MAINTAIN alpha=0.030030030030030033 beta=0.0 buffer=1.2 current_replicas=5 predicted_load=115.56971930982039 required_resources=3.471 target_replicas=5
2026-07-12 00:11:59 [info     ] algorithm2_decision            action=MAINTAIN applied_target=5 current_replicas=5 hold_until=0.0 observed_load=115.57 observed_target=5 point_forecasts=None prediction_age_sec=None predictive_target=5 proactive=False scenario=s3-hybrid-reactive target_replicas=5 upper_forecasts=None
2026-07-12 00:11:59 [debug    ] Decision loop completed        action=RECOVERY latency_ms=142.92 p99=296.0
2026-07-12 00:12:14 [debug    ] HAProxy fallback latency       delta_requests=1267 interval_avg_ms=117.9 max_rtime_ms=338.0 p99_est=235.8
2026-07-12 00:12:14 [info     ] controller_decision_v3         action=RECOVERY available_replicas=5 budget_remaining=996 burn_adjustment=0 burst_ratio=0.005 capacity_deficit=False confidence=0 current_load=83.66819929222984 decision_id=7fed7c81 k8s_capacity=83.2 k8s_weight=99 knative_weight=1 p99=235.8 predicted_load=0 r_effective=16.6 serverless_enabled=True total_load=83.7 weights_after={'k3s': 99, 'knative': 1} weights_before={'k3s': 81, 'knative': 19}
2026-07-12 00:12:14 [info     ] Weights updated                k3s=99 knative=1
2026-07-12 00:12:14 [info     ] Weights updated                action=RECOVERY reason='load=84RPS | k8s_cap=83RPS | (reducing-serverless)' weights={'k3s': 99, 'knative': 1}
2026-07-12 00:12:14 [info     ] algorithm2_scaling_decision    action=MAINTAIN alpha=0.030030030030030033 beta=0.0 buffer=1.2 current_replicas=5 predicted_load=93.09468205897812 required_resources=2.796 target_replicas=4
2026-07-12 00:12:14 [info     ] algorithm2_decision            action=MAINTAIN applied_target=4 current_replicas=5 hold_until=0.0 observed_load=93.09 observed_target=4 point_forecasts=None prediction_age_sec=None predictive_target=4 proactive=False scenario=s3-hybrid-reactive target_replicas=4 upper_forecasts=None
2026-07-12 00:12:14 [debug    ] Decision loop completed        action=RECOVERY latency_ms=147.1 p99=235.79636937647987
2026-07-12 00:12:29 [debug    ] HAProxy fallback latency       delta_requests=1165 interval_avg_ms=37.24 max_rtime_ms=338.0 p99_est=74.47
2026-07-12 00:12:29 [info     ] controller_decision_v3         action=RECOVERY available_replicas=5 budget_remaining=996 burn_adjustment=0 burst_ratio=0 capacity_deficit=False confidence=0 current_load=76.91206981697755 decision_id=0791f078 k8s_capacity=83.2 k8s_weight=100 knative_weight=0 p99=74.5 predicted_load=0 r_effective=16.6 serverless_enabled=False total_load=76.9 weights_after={'k3s': 100, 'knative': 0} weights_before={'k3s': 99, 'knative': 1}
2026-07-12 00:12:29 [info     ] Weights updated                k3s=100 knative=0
2026-07-12 00:12:29 [info     ] Weights updated                action=RECOVERY reason='load=77RPS | k8s_cap=83RPS | (reducing-serverless)' weights={'k3s': 100, 'knative': 0}
2026-07-12 00:12:29 [info     ] algorithm2_scaling_decision    action=MAINTAIN alpha=0.030030030030030033 beta=0.0 buffer=1.2 current_replicas=5 predicted_load=80.2901345546037 required_resources=2.411 target_replicas=3
2026-07-12 00:12:29 [info     ] algorithm2_decision            action=MAINTAIN applied_target=3 current_replicas=5 hold_until=0.0 observed_load=80.29 observed_target=3 point_forecasts=None prediction_age_sec=None predictive_target=3 proactive=False scenario=s3-hybrid-reactive target_replicas=3 upper_forecasts=None
2026-07-12 00:12:29 [debug    ] Decision loop completed        action=RECOVERY latency_ms=136.79 p99=74.47038626609442
2026-07-12 00:12:44 [debug    ] HAProxy fallback latency       delta_requests=1320 interval_avg_ms=120.54 max_rtime_ms=338.0 p99_est=241.08
2026-07-12 00:12:45 [info     ] Knative pre-warm OK            cold_start_ms=2.7
2026-07-12 00:12:45 [info     ] controller_decision_v3         action=REACTIVE available_replicas=5 budget_remaining=995 burn_adjustment=0 burst_ratio=0.0446 capacity_deficit=False confidence=0 current_load=87.13913657754159 decision_id=33ed825d k8s_capacity=83.2 k8s_weight=95 knative_weight=5 p99=241.1 predicted_load=0 r_effective=16.6 serverless_enabled=True total_load=87.1 weights_after={'k3s': 95, 'knative': 5} weights_before={'k3s': 100, 'knative': 0}
2026-07-12 00:12:45 [info     ] Weights updated                k3s=95 knative=5
2026-07-12 00:12:45 [info     ] Weights updated                action=REACTIVE reason='load=87RPS | k8s_cap=83RPS | (burst-routing)' weights={'k3s': 95, 'knative': 5}
2026-07-12 00:12:45 [info     ] algorithm2_scaling_decision    action=MAINTAIN alpha=0.030030030030030033 beta=0.0 buffer=1.2 current_replicas=5 predicted_load=82.02560319725957 required_resources=2.463 target_replicas=3
2026-07-12 00:12:45 [info     ] algorithm2_decision            action=MAINTAIN applied_target=3 current_replicas=5 hold_until=0.0 observed_load=82.03 observed_target=3 point_forecasts=None prediction_age_sec=None predictive_target=3 proactive=False scenario=s3-hybrid-reactive target_replicas=3 upper_forecasts=None
2026-07-12 00:12:45 [debug    ] Decision loop completed        action=REACTIVE latency_ms=121.32 p99=241.0787878787879
2026-07-12 00:13:00 [debug    ] HAProxy fallback latency       delta_requests=1841 interval_avg_ms=109.1 max_rtime_ms=338.0 p99_est=218.21
2026-07-12 00:13:00 [info     ] controller_decision_v3         action=REACTIVE available_replicas=5 budget_remaining=994 burn_adjustment=0 burst_ratio=0.3158 capacity_deficit=False confidence=0 current_load=121.6819882050677 decision_id=ff8dc5c3 k8s_capacity=83.2 k8s_weight=68 knative_weight=32 p99=218.2 predicted_load=0 r_effective=16.6 serverless_enabled=True total_load=121.7 weights_after={'k3s': 68, 'knative': 32} weights_before={'k3s': 95, 'knative': 5}
2026-07-12 00:13:00 [info     ] Weights updated                k3s=68 knative=32
2026-07-12 00:13:00 [info     ] Weights updated                action=REACTIVE reason='load=122RPS | k8s_cap=83RPS | (burst-routing)' weights={'k3s': 68, 'knative': 32}
2026-07-12 00:13:00 [info     ] algorithm2_scaling_decision    action=MAINTAIN alpha=0.030030030030030033 beta=0.0 buffer=1.2 current_replicas=5 predicted_load=104.41056239130464 required_resources=3.135 target_replicas=4
2026-07-12 00:13:00 [info     ] algorithm2_decision            action=MAINTAIN applied_target=4 current_replicas=5 hold_until=0.0 observed_load=104.41 observed_target=4 point_forecasts=None prediction_age_sec=None predictive_target=4 proactive=False scenario=s3-hybrid-reactive target_replicas=4 upper_forecasts=None
2026-07-12 00:13:00 [debug    ] Decision loop completed        action=REACTIVE latency_ms=113.26 p99=218.20966865833785
2026-07-12 00:13:15 [debug    ] HAProxy fallback latency       delta_requests=2215 interval_avg_ms=33.84 max_rtime_ms=338.0 p99_est=67.67
2026-07-12 00:13:15 [info     ] controller_decision_v3         action=REACTIVE available_replicas=5 budget_remaining=994 burn_adjustment=0 burst_ratio=0.432 capacity_deficit=False confidence=0 current_load=146.55856528082515 decision_id=ed00af0c k8s_capacity=83.2 k8s_weight=56 knative_weight=44 p99=67.7 predicted_load=0 r_effective=16.6 serverless_enabled=True total_load=146.6 weights_after={'k3s': 56, 'knative': 44} weights_before={'k3s': 68, 'knative': 32}
2026-07-12 00:13:15 [info     ] Weights updated                k3s=56 knative=44
2026-07-12 00:13:15 [info     ] Weights updated                action=REACTIVE reason='load=147RPS | k8s_cap=83RPS | (burst-routing)' weights={'k3s': 56, 'knative': 44}
2026-07-12 00:13:15 [info     ] algorithm2_scaling_decision    action=MAINTAIN alpha=0.030030030030030033 beta=0.0 buffer=1.2 current_replicas=5 predicted_load=134.12027674294643 required_resources=4.028 target_replicas=5
2026-07-12 00:13:15 [info     ] algorithm2_decision            action=MAINTAIN applied_target=5 current_replicas=5 hold_until=0.0 observed_load=134.12 observed_target=5 point_forecasts=None prediction_age_sec=None predictive_target=5 proactive=False scenario=s3-hybrid-reactive target_replicas=5 upper_forecasts=None
2026-07-12 00:13:15 [debug    ] Decision loop completed        action=REACTIVE latency_ms=109.74 p99=67.67133182844243
2026-07-12 00:13:30 [debug    ] HAProxy fallback latency       delta_requests=2383 interval_avg_ms=32.39 max_rtime_ms=338.0 p99_est=64.77
2026-07-12 00:13:30 [info     ] controller_decision_v3         action=REACTIVE available_replicas=5 budget_remaining=994 burn_adjustment=0 burst_ratio=0.4719 capacity_deficit=False confidence=0 current_load=157.6378465308007 decision_id=17cbd98b k8s_capacity=83.2 k8s_weight=52 knative_weight=48 p99=64.8 predicted_load=0 r_effective=16.6 serverless_enabled=True total_load=157.6 weights_after={'k3s': 52, 'knative': 48} weights_before={'k3s': 56, 'knative': 44}
2026-07-12 00:13:30 [info     ] Weights updated                k3s=52 knative=48
2026-07-12 00:13:30 [info     ] Weights updated                action=REACTIVE reason='load=158RPS | k8s_cap=83RPS | (burst-routing)' weights={'k3s': 52, 'knative': 48}
2026-07-12 00:13:30 [info     ] algorithm2_scaling_decision    action=SCALE_UP alpha=0.030030030030030033 beta=0.0 buffer=1.2 current_replicas=5 predicted_load=152.0982059058129 required_resources=4.568 target_replicas=6
2026-07-12 00:13:30 [info     ] algorithm2_decision            action=SCALE_UP applied_target=6 current_replicas=5 hold_until=0.0 observed_load=152.1 observed_target=6 point_forecasts=None prediction_age_sec=None predictive_target=6 proactive=False scenario=s3-hybrid-reactive target_replicas=6 upper_forecasts=None
2026-07-12 00:13:30 [info     ] k8s_scale_executed             deployment=test-app-warm replicas=6
2026-07-12 00:13:30 [debug    ] Decision loop completed        action=REACTIVE latency_ms=150.6 p99=64.7704574066303
2026-07-12 00:13:45 [debug    ] HAProxy fallback latency       delta_requests=2325 interval_avg_ms=46.75 max_rtime_ms=338.0 p99_est=93.5
2026-07-12 00:13:45 [info     ] controller_decision_v3         action=RECOVERY available_replicas=6 budget_remaining=994 burn_adjustment=0 burst_ratio=0.349 capacity_deficit=False confidence=0 current_load=153.46194033228298 decision_id=2cdb82b3 k8s_capacity=99.9 k8s_weight=65 knative_weight=35 p99=93.5 predicted_load=0 r_effective=16.6 serverless_enabled=True total_load=153.5 weights_after={'k3s': 65, 'knative': 35} weights_before={'k3s': 52, 'knative': 48}
2026-07-12 00:13:45 [info     ] Weights updated                k3s=65 knative=35
2026-07-12 00:13:45 [info     ] Weights updated                action=RECOVERY reason='load=153RPS | k8s_cap=100RPS | (reducing-serverless)' weights={'k3s': 65, 'knative': 35}
2026-07-12 00:13:45 [info     ] algorithm2_scaling_decision    action=MAINTAIN alpha=0.030030030030030033 beta=0.0 buffer=1.2 current_replicas=6 predicted_load=155.54989343154182 required_resources=4.671 target_replicas=6
2026-07-12 00:13:45 [info     ] algorithm2_decision            action=MAINTAIN applied_target=6 current_replicas=6 hold_until=0.0 observed_load=155.55 observed_target=6 point_forecasts=None prediction_age_sec=None predictive_target=6 proactive=False scenario=s3-hybrid-reactive target_replicas=6 upper_forecasts=None
2026-07-12 00:13:45 [debug    ] Decision loop completed        action=RECOVERY latency_ms=147.47 p99=93.49677419354839
2026-07-12 00:14:00 [debug    ] HAProxy fallback latency       delta_requests=1957 interval_avg_ms=88.87 max_rtime_ms=338.0 p99_est=177.74
2026-07-12 00:14:00 [info     ] controller_decision_v3         action=RECOVERY available_replicas=6 budget_remaining=994 burn_adjustment=0 burst_ratio=0.2276 capacity_deficit=False confidence=0 current_load=129.33057600751292 decision_id=be2083d2 k8s_capacity=99.9 k8s_weight=77 knative_weight=23 p99=177.7 predicted_load=0 r_effective=16.6 serverless_enabled=True total_load=129.3 weights_after={'k3s': 77, 'knative': 23} weights_before={'k3s': 65, 'knative': 35}
2026-07-12 00:14:00 [info     ] Weights updated                k3s=77 knative=23
2026-07-12 00:14:00 [info     ] Weights updated                action=RECOVERY reason='load=129RPS | k8s_cap=100RPS | (reducing-serverless)' weights={'k3s': 77, 'knative': 23}
2026-07-12 00:14:00 [info     ] algorithm2_scaling_decision    action=MAINTAIN alpha=0.030030030030030033 beta=0.0 buffer=1.2 current_replicas=6 predicted_load=141.39625816989795 required_resources=4.246 target_replicas=6
2026-07-12 00:14:00 [info     ] algorithm2_decision            action=MAINTAIN applied_target=6 current_replicas=6 hold_until=0.0 observed_load=141.4 observed_target=6 point_forecasts=None prediction_age_sec=None predictive_target=6 proactive=False scenario=s3-hybrid-reactive target_replicas=6 upper_forecasts=None
2026-07-12 00:14:00 [debug    ] Decision loop completed        action=RECOVERY latency_ms=138.27 p99=177.743484925907
2026-07-12 00:14:15 [debug    ] HAProxy fallback latency       delta_requests=1775 interval_avg_ms=93.32 max_rtime_ms=338.0 p99_est=186.64
2026-07-12 00:14:15 [info     ] controller_decision_v3         action=RECOVERY available_replicas=6 budget_remaining=994 burn_adjustment=0 burst_ratio=0.1475 capacity_deficit=False confidence=0 current_load=117.18213160900191 decision_id=13b05ae7 k8s_capacity=99.9 k8s_weight=85 knative_weight=15 p99=186.6 predicted_load=0 r_effective=16.6 serverless_enabled=True total_load=117.2 weights_after={'k3s': 85, 'knative': 15} weights_before={'k3s': 77, 'knative': 23}
2026-07-12 00:14:15 [info     ] Weights updated                k3s=85 knative=15
2026-07-12 00:14:15 [info     ] Weights updated                action=RECOVERY reason='load=117RPS | k8s_cap=100RPS | (reducing-serverless)' weights={'k3s': 85, 'knative': 15}
2026-07-12 00:14:15 [info     ] algorithm2_scaling_decision    action=MAINTAIN alpha=0.030030030030030033 beta=0.0 buffer=1.2 current_replicas=6 predicted_load=123.25635380825742 required_resources=3.701 target_replicas=5
2026-07-12 00:14:15 [info     ] algorithm2_decision            action=MAINTAIN applied_target=5 current_replicas=6 hold_until=0.0 observed_load=123.26 observed_target=5 point_forecasts=None prediction_age_sec=None predictive_target=5 proactive=False scenario=s3-hybrid-reactive target_replicas=5 upper_forecasts=None
2026-07-12 00:14:15 [debug    ] Decision loop completed        action=RECOVERY latency_ms=142.82 p99=186.6388732394366
2026-07-12 00:14:30 [debug    ] HAProxy fallback latency       delta_requests=1811 interval_avg_ms=94.78 max_rtime_ms=338.0 p99_est=189.55
2026-07-12 00:14:30 [info     ] controller_decision_v3         action=REACTIVE available_replicas=6 budget_remaining=994 burn_adjustment=0 burst_ratio=0.1651 capacity_deficit=False confidence=0 current_load=119.65774599610049 decision_id=d36294ad k8s_capacity=99.9 k8s_weight=83 knative_weight=17 p99=189.6 predicted_load=0 r_effective=16.6 serverless_enabled=True total_load=119.7 weights_after={'k3s': 83, 'knative': 17} weights_before={'k3s': 85, 'knative': 15}
2026-07-12 00:14:30 [info     ] Weights updated                k3s=83 knative=17
2026-07-12 00:14:30 [info     ] Weights updated                action=REACTIVE reason='load=120RPS | k8s_cap=100RPS | (burst-routing)' weights={'k3s': 83, 'knative': 17}
2026-07-12 00:14:30 [info     ] algorithm2_scaling_decision    action=MAINTAIN alpha=0.030030030030030033 beta=0.0 buffer=1.2 current_replicas=6 predicted_load=118.4199388025512 required_resources=3.556 target_replicas=5
2026-07-12 00:14:30 [info     ] algorithm2_decision            action=MAINTAIN applied_target=5 current_replicas=6 hold_until=0.0 observed_load=118.42 observed_target=5 point_forecasts=None prediction_age_sec=None predictive_target=5 proactive=False scenario=s3-hybrid-reactive target_replicas=5 upper_forecasts=None
2026-07-12 00:14:30 [debug    ] Decision loop completed        action=REACTIVE latency_ms=110.39 p99=189.55273329652127
2026-07-12 00:14:45 [debug    ] HAProxy fallback latency       delta_requests=1821 interval_avg_ms=125.25 max_rtime_ms=338.0 p99_est=250.5
2026-07-12 00:14:46 [info     ] controller_decision_v3         action=REACTIVE available_replicas=6 budget_remaining=993 burn_adjustment=0 burst_ratio=0.1711 capacity_deficit=False confidence=0 current_load=120.51689414231123 decision_id=be8710b1 k8s_capacity=99.9 k8s_weight=82 knative_weight=18 p99=250.5 predicted_load=0 r_effective=16.6 serverless_enabled=True total_load=120.5 weights_after={'k3s': 82, 'knative': 18} weights_before={'k3s': 83, 'knative': 17}
2026-07-12 00:14:46 [info     ] Weights updated                k3s=82 knative=18
2026-07-12 00:14:46 [info     ] Weights updated                action=REACTIVE reason='load=121RPS | k8s_cap=100RPS | (burst-routing)' weights={'k3s': 82, 'knative': 18}
2026-07-12 00:14:46 [info     ] algorithm2_scaling_decision    action=MAINTAIN alpha=0.030030030030030033 beta=0.0 buffer=1.2 current_replicas=6 predicted_load=120.08732006920586 required_resources=3.606 target_replicas=5
2026-07-12 00:14:46 [info     ] algorithm2_decision            action=MAINTAIN applied_target=5 current_replicas=6 hold_until=0.0 observed_load=120.09 observed_target=5 point_forecasts=None prediction_age_sec=None predictive_target=5 proactive=False scenario=s3-hybrid-reactive target_replicas=5 upper_forecasts=None
2026-07-12 00:14:46 [debug    ] Decision loop completed        action=REACTIVE latency_ms=109.69 p99=250.4953322350357
2026-07-12 00:15:01 [debug    ] HAProxy fallback latency       delta_requests=1806 interval_avg_ms=70.0 max_rtime_ms=338.0 p99_est=140.0
2026-07-12 00:15:01 [info     ] controller_decision_v3         action=RECOVERY available_replicas=6 budget_remaining=993 burn_adjustment=0 burst_ratio=0.1642 capacity_deficit=False confidence=0 current_load=119.52085116863938 decision_id=f06a8f43 k8s_capacity=99.9 k8s_weight=83 knative_weight=17 p99=140.0 predicted_load=0 r_effective=16.6 serverless_enabled=True total_load=119.5 weights_after={'k3s': 83, 'knative': 17} weights_before={'k3s': 82, 'knative': 18}
2026-07-12 00:15:01 [info     ] Weights updated                k3s=83 knative=17
2026-07-12 00:15:01 [info     ] Weights updated                action=RECOVERY reason='load=120RPS | k8s_cap=100RPS | (reducing-serverless)' weights={'k3s': 83, 'knative': 17}
2026-07-12 00:15:01 [info     ] algorithm2_scaling_decision    action=MAINTAIN alpha=0.030030030030030033 beta=0.0 buffer=1.2 current_replicas=6 predicted_load=120.0188726554753 required_resources=3.604 target_replicas=5
2026-07-12 00:15:01 [info     ] algorithm2_decision            action=MAINTAIN applied_target=5 current_replicas=6 hold_until=0.0 observed_load=120.02 observed_target=5 point_forecasts=None prediction_age_sec=None predictive_target=5 proactive=False scenario=s3-hybrid-reactive target_replicas=5 upper_forecasts=None
2026-07-12 00:15:01 [debug    ] Decision loop completed        action=RECOVERY latency_ms=144.58 p99=140.0
2026-07-12 00:15:16 [debug    ] HAProxy fallback latency       delta_requests=1654 interval_avg_ms=2.79 max_rtime_ms=338.0 p99_est=5.58
2026-07-12 00:15:16 [info     ] controller_decision_v3         action=RECOVERY available_replicas=6 budget_remaining=993 burn_adjustment=0 burst_ratio=0.0853 capacity_deficit=False confidence=0 current_load=109.2172226895183 decision_id=4bb694bf k8s_capacity=99.9 k8s_weight=91 knative_weight=9 p99=5.6 predicted_load=0 r_effective=16.6 serverless_enabled=True total_load=109.2 weights_after={'k3s': 91, 'knative': 9} weights_before={'k3s': 83, 'knative': 17}
2026-07-12 00:15:16 [info     ] Weights updated                k3s=91 knative=9
2026-07-12 00:15:16 [info     ] Weights updated                action=RECOVERY reason='load=109RPS | k8s_cap=100RPS | (reducing-serverless)' weights={'k3s': 91, 'knative': 9}
2026-07-12 00:15:16 [info     ] algorithm2_scaling_decision    action=MAINTAIN alpha=0.030030030030030033 beta=0.0 buffer=1.2 current_replicas=6 predicted_load=114.36903692907885 required_resources=3.435 target_replicas=5
2026-07-12 00:15:16 [info     ] algorithm2_decision            action=MAINTAIN applied_target=5 current_replicas=6 hold_until=0.0 observed_load=114.37 observed_target=5 point_forecasts=None prediction_age_sec=None predictive_target=5 proactive=False scenario=s3-hybrid-reactive target_replicas=5 upper_forecasts=None
2026-07-12 00:15:16 [debug    ] Decision loop completed        action=RECOVERY latency_ms=138.24 p99=5.576783555018138
2026-07-12 00:15:31 [debug    ] HAProxy fallback latency       delta_requests=1347 interval_avg_ms=25.73 max_rtime_ms=338.0 p99_est=51.47
2026-07-12 00:15:31 [info     ] controller_decision_v3         action=RECOVERY available_replicas=6 budget_remaining=993 burn_adjustment=0 burst_ratio=0 capacity_deficit=False confidence=0 current_load=89.04377555870467 decision_id=9c7e7a5b k8s_capacity=99.9 k8s_weight=100 knative_weight=0 p99=51.5 predicted_load=0 r_effective=16.6 serverless_enabled=False total_load=89.0 weights_after={'k3s': 100, 'knative': 0} weights_before={'k3s': 91, 'knative': 9}
2026-07-12 00:15:31 [info     ] Weights updated                k3s=100 knative=0
2026-07-12 00:15:31 [info     ] Weights updated                action=RECOVERY reason='load=89RPS | k8s_cap=100RPS | (reducing-serverless)' weights={'k3s': 100, 'knative': 0}
2026-07-12 00:15:31 [info     ] algorithm2_scaling_decision    action=MAINTAIN alpha=0.030030030030030033 beta=0.0 buffer=1.2 current_replicas=6 predicted_load=99.13049912411148 required_resources=2.977 target_replicas=4
2026-07-12 00:15:31 [info     ] algorithm2_decision            action=MAINTAIN applied_target=4 current_replicas=6 hold_until=0.0 observed_load=99.13 observed_target=4 point_forecasts=None prediction_age_sec=None predictive_target=4 proactive=False scenario=s3-hybrid-reactive target_replicas=4 upper_forecasts=None
2026-07-12 00:15:31 [debug    ] Decision loop completed        action=RECOVERY latency_ms=144.0 p99=51.469933184855236
2026-07-12 00:15:46 [info     ] algorithm2_scaling_decision    action=MAINTAIN alpha=0.030030030030030033 beta=0.0 buffer=1.2 current_replicas=6 predicted_load=82.52301445260562 required_resources=2.478 target_replicas=3
2026-07-12 00:15:46 [info     ] algorithm2_decision            action=MAINTAIN applied_target=3 current_replicas=6 hold_until=0.0 observed_load=82.52 observed_target=3 point_forecasts=None prediction_age_sec=None predictive_target=3 proactive=False scenario=s3-hybrid-reactive target_replicas=3 upper_forecasts=None
2026-07-12 00:15:46 [debug    ] Decision loop completed        action=MAINTAIN latency_ms=108.74 p99=51.469933184855236
2026-07-12 00:16:01 [debug    ] HAProxy fallback latency       delta_requests=1056 interval_avg_ms=9.0 max_rtime_ms=338.0 p99_est=18.0
2026-07-12 00:16:01 [info     ] algorithm2_scaling_decision    action=MAINTAIN alpha=0.030030030030030033 beta=0.0 buffer=1.2 current_replicas=6 predicted_load=72.94759346321189 required_resources=2.191 target_replicas=3
2026-07-12 00:16:01 [info     ] algorithm2_decision            action=MAINTAIN applied_target=3 current_replicas=6 hold_until=0.0 observed_load=72.95 observed_target=3 point_forecasts=None prediction_age_sec=None predictive_target=3 proactive=False scenario=s3-hybrid-reactive target_replicas=3 upper_forecasts=None
2026-07-12 00:16:01 [debug    ] Decision loop completed        action=MAINTAIN latency_ms=104.06 p99=17.998106060606062
2026-07-12 00:16:16 [debug    ] HAProxy fallback latency       delta_requests=1112 interval_avg_ms=64.0 max_rtime_ms=338.0 p99_est=128.0
2026-07-12 00:16:16 [info     ] algorithm2_scaling_decision    action=MAINTAIN alpha=0.030030030030030033 beta=0.0 buffer=1.2 current_replicas=6 predicted_load=71.7235053657458 required_resources=2.154 target_replicas=3
2026-07-12 00:16:16 [info     ] algorithm2_decision            action=MAINTAIN applied_target=3 current_replicas=6 hold_until=0.0 observed_load=71.72 observed_target=3 point_forecasts=None prediction_age_sec=None predictive_target=3 proactive=False scenario=s3-hybrid-reactive target_replicas=3 upper_forecasts=None
2026-07-12 00:16:16 [debug    ] Decision loop completed        action=MAINTAIN latency_ms=105.97 p99=128.0
2026-07-12 00:16:31 [debug    ] HAProxy fallback latency       delta_requests=1301 interval_avg_ms=64.0 max_rtime_ms=338.0 p99_est=128.0
2026-07-12 00:16:31 [info     ] algorithm2_scaling_decision    action=MAINTAIN alpha=0.030030030030030033 beta=0.0 buffer=1.2 current_replicas=6 predicted_load=79.80791026635266 required_resources=2.397 target_replicas=3
2026-07-12 00:16:31 [info     ] algorithm2_decision            action=MAINTAIN applied_target=3 current_replicas=6 hold_until=0.0 observed_load=79.81 observed_target=3 point_forecasts=None prediction_age_sec=None predictive_target=3 proactive=False scenario=s3-hybrid-reactive target_replicas=3 upper_forecasts=None
2026-07-12 00:16:31 [debug    ] Decision loop completed        action=MAINTAIN latency_ms=110.04 p99=128.0
2026-07-12 00:16:46 [debug    ] HAProxy fallback latency       delta_requests=1206 interval_avg_ms=116.04 max_rtime_ms=338.0 p99_est=232.07
2026-07-12 00:16:47 [info     ] algorithm2_scaling_decision    action=MAINTAIN alpha=0.030030030030030033 beta=0.0 buffer=1.2 current_replicas=6 predicted_load=83.00308060638778 required_resources=2.493 target_replicas=3
2026-07-12 00:16:47 [info     ] algorithm2_decision            action=MAINTAIN applied_target=3 current_replicas=6 hold_until=0.0 observed_load=83.0 observed_target=3 point_forecasts=None prediction_age_sec=None predictive_target=3 proactive=False scenario=s3-hybrid-reactive target_replicas=3 upper_forecasts=None
2026-07-12 00:16:47 [debug    ] Decision loop completed        action=MAINTAIN latency_ms=103.96 p99=232.07296849087894
2026-07-12 00:17:02 [info     ] algorithm2_scaling_decision    action=MAINTAIN alpha=0.030030030030030033 beta=0.0 buffer=1.2 current_replicas=6 predicted_load=68.6067353672629 required_resources=2.06 target_replicas=3
2026-07-12 00:17:02 [info     ] algorithm2_decision            action=MAINTAIN applied_target=3 current_replicas=6 hold_until=0.0 observed_load=68.61 observed_target=3 point_forecasts=None prediction_age_sec=None predictive_target=3 proactive=False scenario=s3-hybrid-reactive target_replicas=3 upper_forecasts=None
2026-07-12 00:17:02 [debug    ] Decision loop completed        action=MAINTAIN latency_ms=108.51 p99=232.07296849087894
2026-07-12 00:17:17 [debug    ] HAProxy fallback latency       delta_requests=706 interval_avg_ms=64.0 max_rtime_ms=338.0 p99_est=128.0
2026-07-12 00:17:17 [info     ] algorithm2_scaling_decision    action=MAINTAIN alpha=0.030030030030030033 beta=0.0 buffer=1.2 current_replicas=6 predicted_load=51.99866569154322 required_resources=1.562 target_replicas=3
2026-07-12 00:17:17 [info     ] algorithm2_decision            action=MAINTAIN applied_target=3 current_replicas=6 hold_until=0.0 observed_load=52.0 observed_target=3 point_forecasts=None prediction_age_sec=None predictive_target=3 proactive=False scenario=s3-hybrid-reactive target_replicas=3 upper_forecasts=None
2026-07-12 00:17:17 [debug    ] Decision loop completed        action=MAINTAIN latency_ms=104.19 p99=128.0
2026-07-12 00:17:32 [debug    ] HAProxy fallback latency       delta_requests=698 interval_avg_ms=64.0 max_rtime_ms=338.0 p99_est=128.0
2026-07-12 00:17:32 [info     ] algorithm2_scaling_decision    action=MAINTAIN alpha=0.030030030030030033 beta=0.0 buffer=1.2 current_replicas=6 predicted_load=46.47042443238266 required_resources=1.396 target_replicas=3
2026-07-12 00:17:32 [info     ] algorithm2_decision            action=MAINTAIN applied_target=3 current_replicas=6 hold_until=0.0 observed_load=46.47 observed_target=3 point_forecasts=None prediction_age_sec=None predictive_target=3 proactive=False scenario=s3-hybrid-reactive target_replicas=3 upper_forecasts=None
2026-07-12 00:17:32 [debug    ] Decision loop completed        action=MAINTAIN latency_ms=103.42 p99=128.0
2026-07-12 00:17:47 [debug    ] HAProxy fallback latency       delta_requests=669 interval_avg_ms=64.0 max_rtime_ms=338.0 p99_est=128.0
2026-07-12 00:17:47 [info     ] algorithm2_scaling_decision    action=MAINTAIN alpha=0.030030030030030033 beta=0.0 buffer=1.2 current_replicas=6 predicted_load=45.253267710525535 required_resources=1.359 target_replicas=3
2026-07-12 00:17:47 [info     ] algorithm2_decision            action=MAINTAIN applied_target=3 current_replicas=6 hold_until=0.0 observed_load=45.25 observed_target=3 point_forecasts=None prediction_age_sec=None predictive_target=3 proactive=False scenario=s3-hybrid-reactive target_replicas=3 upper_forecasts=None
2026-07-12 00:17:47 [debug    ] Decision loop completed        action=MAINTAIN latency_ms=108.82 p99=128.0
2026-07-12 00:18:02 [debug    ] HAProxy fallback latency       delta_requests=624 interval_avg_ms=170.28 max_rtime_ms=338.0 p99_est=338.0
2026-07-12 00:18:02 [info     ] algorithm2_scaling_decision    action=MAINTAIN alpha=0.030030030030030033 beta=0.0 buffer=1.2 current_replicas=6 predicted_load=42.8284334222527 required_resources=1.286 target_replicas=3
2026-07-12 00:18:02 [info     ] algorithm2_decision            action=MAINTAIN applied_target=3 current_replicas=6 hold_until=0.0 observed_load=42.83 observed_target=3 point_forecasts=None prediction_age_sec=None predictive_target=3 proactive=False scenario=s3-hybrid-reactive target_replicas=3 upper_forecasts=None
2026-07-12 00:18:02 [debug    ] Decision loop completed        action=MAINTAIN latency_ms=110.75 p99=338.0
2026-07-12 00:18:17 [info     ] algorithm2_scaling_decision    action=MAINTAIN alpha=0.030030030030030033 beta=0.0 buffer=1.2 current_replicas=6 predicted_load=45.466060605146104 required_resources=1.365 target_replicas=3
2026-07-12 00:18:17 [info     ] algorithm2_decision            action=MAINTAIN applied_target=3 current_replicas=6 hold_until=0.0 observed_load=45.47 observed_target=3 point_forecasts=None prediction_age_sec=None predictive_target=3 proactive=False scenario=s3-hybrid-reactive target_replicas=3 upper_forecasts=None
2026-07-12 00:18:17 [debug    ] Decision loop completed        action=MAINTAIN latency_ms=108.93 p99=338.0
2026-07-12 00:18:32 [debug    ] HAProxy fallback latency       delta_requests=999 interval_avg_ms=132.14 max_rtime_ms=338.0 p99_est=264.27
2026-07-12 00:18:32 [info     ] algorithm2_scaling_decision    action=MAINTAIN alpha=0.030030030030030033 beta=0.0 buffer=1.2 current_replicas=6 predicted_load=57.84431861163179 required_resources=1.737 target_replicas=3
2026-07-12 00:18:32 [info     ] algorithm2_decision            action=MAINTAIN applied_target=3 current_replicas=6 hold_until=0.0 observed_load=57.84 observed_target=3 point_forecasts=None prediction_age_sec=None predictive_target=3 proactive=False scenario=s3-hybrid-reactive target_replicas=3 upper_forecasts=None
2026-07-12 00:18:32 [debug    ] Decision loop completed        action=MAINTAIN latency_ms=109.99 p99=264.27027027027026
2026-07-12 00:18:47 [debug    ] HAProxy fallback latency       delta_requests=1085 interval_avg_ms=1.27 max_rtime_ms=338.0 p99_est=2.53
2026-07-12 00:18:47 [info     ] algorithm2_scaling_decision    action=MAINTAIN alpha=0.030030030030030033 beta=0.0 buffer=1.2 current_replicas=6 predicted_load=68.96469621362067 required_resources=2.071 target_replicas=3
2026-07-12 00:18:47 [info     ] algorithm2_decision            action=MAINTAIN applied_target=3 current_replicas=6 hold_until=0.0 observed_load=68.96 observed_target=3 point_forecasts=None prediction_age_sec=None predictive_target=3 proactive=False scenario=s3-hybrid-reactive target_replicas=3 upper_forecasts=None
2026-07-12 00:18:47 [debug    ] Decision loop completed        action=MAINTAIN latency_ms=110.27 p99=2.530875576036866
2026-07-12 00:19:02 [debug    ] HAProxy fallback latency       delta_requests=1055 interval_avg_ms=64.0 max_rtime_ms=338.0 p99_est=128.0
2026-07-12 00:19:02 [info     ] algorithm2_scaling_decision    action=MAINTAIN alpha=0.030030030030030033 beta=0.0 buffer=1.2 current_replicas=6 predicted_load=70.81334474431537 required_resources=2.127 target_replicas=3
2026-07-12 00:19:02 [info     ] algorithm2_decision            action=MAINTAIN applied_target=3 current_replicas=6 hold_until=0.0 observed_load=70.81 observed_target=3 point_forecasts=None prediction_age_sec=None predictive_target=3 proactive=False scenario=s3-hybrid-reactive target_replicas=3 upper_forecasts=None
2026-07-12 00:19:02 [debug    ] Decision loop completed        action=MAINTAIN latency_ms=104.25 p99=128.0
2026-07-12 00:19:18 [debug    ] HAProxy fallback latency       delta_requests=1061 interval_avg_ms=64.0 max_rtime_ms=338.0 p99_est=128.0
2026-07-12 00:19:18 [info     ] algorithm2_scaling_decision    action=MAINTAIN alpha=0.030030030030030033 beta=0.0 buffer=1.2 current_replicas=6 predicted_load=69.99816031784974 required_resources=2.102 target_replicas=3
2026-07-12 00:19:18 [info     ] algorithm2_decision            action=MAINTAIN applied_target=3 current_replicas=6 hold_until=0.0 observed_load=70.0 observed_target=3 point_forecasts=None prediction_age_sec=None predictive_target=3 proactive=False scenario=s3-hybrid-reactive target_replicas=3 upper_forecasts=None
2026-07-12 00:19:18 [debug    ] Decision loop completed        action=MAINTAIN latency_ms=109.07 p99=128.0
2026-07-12 00:19:33 [debug    ] HAProxy fallback latency       delta_requests=1093 interval_avg_ms=130.2 max_rtime_ms=338.0 p99_est=260.41
2026-07-12 00:19:33 [info     ] algorithm2_scaling_decision    action=MAINTAIN alpha=0.030030030030030033 beta=0.0 buffer=1.2 current_replicas=6 predicted_load=71.2931411398668 required_resources=2.141 target_replicas=3
2026-07-12 00:19:33 [info     ] algorithm2_decision            action=MAINTAIN applied_target=3 current_replicas=6 hold_until=0.0 observed_load=71.29 observed_target=3 point_forecasts=None prediction_age_sec=None predictive_target=3 proactive=False scenario=s3-hybrid-reactive target_replicas=3 upper_forecasts=None
2026-07-12 00:19:33 [debug    ] Decision loop completed        action=MAINTAIN latency_ms=106.44 p99=260.4080512351327
2026-07-12 00:19:48 [debug    ] HAProxy fallback latency       delta_requests=1292 interval_avg_ms=122.01 max_rtime_ms=338.0 p99_est=244.01
2026-07-12 00:19:48 [info     ] algorithm2_scaling_decision    action=MAINTAIN alpha=0.030030030030030033 beta=0.0 buffer=1.2 current_replicas=6 predicted_load=78.93102810317617 required_resources=2.37 target_replicas=3
2026-07-12 00:19:48 [info     ] algorithm2_decision            action=MAINTAIN applied_target=3 current_replicas=6 hold_until=0.0 observed_load=78.93 observed_target=3 point_forecasts=None prediction_age_sec=None predictive_target=3 proactive=False scenario=s3-hybrid-reactive target_replicas=3 upper_forecasts=None
2026-07-12 00:19:48 [debug    ] Decision loop completed        action=MAINTAIN latency_ms=108.02 p99=244.0139318885449
2026-07-12 00:20:03 [debug    ] HAProxy fallback latency       delta_requests=1591 interval_avg_ms=302.47 max_rtime_ms=338.0 p99_est=338.0
2026-07-12 00:20:03 [info     ] Knative pre-warm OK            cold_start_ms=2.9
2026-07-12 00:20:03 [info     ] controller_decision_v3         action=REACTIVE available_replicas=6 budget_remaining=985 burn_adjustment=0 burst_ratio=0.0508 capacity_deficit=False confidence=0 current_load=105.24220731568484 decision_id=8d0375ba k8s_capacity=99.9 k8s_weight=94 knative_weight=6 p99=338.0 predicted_load=0 r_effective=16.6 serverless_enabled=True total_load=105.2 weights_after={'k3s': 94, 'knative': 6} weights_before={'k3s': 100, 'knative': 0}
2026-07-12 00:20:03 [info     ] Weights updated                k3s=94 knative=6
2026-07-12 00:20:03 [info     ] Weights updated                action=REACTIVE reason='load=105RPS | k8s_cap=100RPS | (burst-routing)' weights={'k3s': 94, 'knative': 6}
2026-07-12 00:20:03 [info     ] algorithm2_scaling_decision    action=MAINTAIN alpha=0.030030030030030033 beta=0.0 buffer=1.2 current_replicas=6 predicted_load=95.34879349781397 required_resources=2.863 target_replicas=4
2026-07-12 00:20:03 [info     ] algorithm2_decision            action=MAINTAIN applied_target=4 current_replicas=6 hold_until=0.0 observed_load=95.35 observed_target=4 point_forecasts=None prediction_age_sec=None predictive_target=4 proactive=False scenario=s3-hybrid-reactive target_replicas=4 upper_forecasts=None
2026-07-12 00:20:03 [debug    ] Decision loop completed        action=REACTIVE latency_ms=115.42 p99=338.0
2026-07-12 00:20:18 [info     ] controller_decision_v3         action=RECOVERY available_replicas=6 budget_remaining=984 burn_adjustment=0 burst_ratio=0.0188 capacity_deficit=False confidence=0 current_load=101.81718760698733 decision_id=ebd1a355 k8s_capacity=99.9 k8s_weight=98 knative_weight=2 p99=338.0 predicted_load=0 r_effective=16.6 serverless_enabled=True total_load=101.8 weights_after={'k3s': 98, 'knative': 2} weights_before={'k3s': 94, 'knative': 6}
2026-07-12 00:20:18 [info     ] Weights updated                k3s=98 knative=2
2026-07-12 00:20:18 [info     ] Weights updated                action=RECOVERY reason='load=102RPS | k8s_cap=100RPS | (reducing-serverless)' weights={'k3s': 98, 'knative': 2}
2026-07-12 00:20:18 [info     ] algorithm2_scaling_decision    action=MAINTAIN alpha=0.030030030030030033 beta=0.0 buffer=1.2 current_replicas=6 predicted_load=103.52969746133608 required_resources=3.109 target_replicas=4
2026-07-12 00:20:18 [info     ] algorithm2_decision            action=MAINTAIN applied_target=4 current_replicas=6 hold_until=0.0 observed_load=103.53 observed_target=4 point_forecasts=None prediction_age_sec=None predictive_target=4 proactive=False scenario=s3-hybrid-reactive target_replicas=4 upper_forecasts=None
2026-07-12 00:20:18 [debug    ] Decision loop completed        action=RECOVERY latency_ms=134.45 p99=338.0
2026-07-12 00:20:33 [debug    ] HAProxy fallback latency       delta_requests=1273 interval_avg_ms=69.0 max_rtime_ms=338.0 p99_est=138.0
2026-07-12 00:20:33 [info     ] controller_decision_v3         action=RECOVERY available_replicas=6 budget_remaining=984 burn_adjustment=0 burst_ratio=0 capacity_deficit=False confidence=0 current_load=84.24463972299104 decision_id=6e489997 k8s_capacity=99.9 k8s_weight=100 knative_weight=0 p99=138.0 predicted_load=0 r_effective=16.6 serverless_enabled=False total_load=84.2 weights_after={'k3s': 100, 'knative': 0} weights_before={'k3s': 98, 'knative': 2}
2026-07-12 00:20:33 [info     ] Weights updated                k3s=100 knative=0
2026-07-12 00:20:33 [info     ] Weights updated                action=RECOVERY reason='load=84RPS | k8s_cap=100RPS | (reducing-serverless)' weights={'k3s': 100, 'knative': 0}
2026-07-12 00:20:33 [info     ] algorithm2_scaling_decision    action=MAINTAIN alpha=0.030030030030030033 beta=0.0 buffer=1.2 current_replicas=6 predicted_load=93.03091366498919 required_resources=2.794 target_replicas=4
2026-07-12 00:20:33 [info     ] algorithm2_decision            action=MAINTAIN applied_target=4 current_replicas=6 hold_until=0.0 observed_load=93.03 observed_target=4 point_forecasts=None prediction_age_sec=None predictive_target=4 proactive=False scenario=s3-hybrid-reactive target_replicas=4 upper_forecasts=None
2026-07-12 00:20:33 [debug    ] Decision loop completed        action=RECOVERY latency_ms=136.29 p99=138.0
2026-07-12 00:20:48 [info     ] algorithm2_scaling_decision    action=MAINTAIN alpha=0.030030030030030033 beta=0.0 buffer=1.2 current_replicas=6 predicted_load=75.55291068232911 required_resources=2.269 target_replicas=3
2026-07-12 00:20:48 [info     ] algorithm2_decision            action=MAINTAIN applied_target=3 current_replicas=6 hold_until=0.0 observed_load=75.55 observed_target=3 point_forecasts=None prediction_age_sec=None predictive_target=3 proactive=False scenario=s3-hybrid-reactive target_replicas=3 upper_forecasts=None
2026-07-12 00:20:48 [debug    ] Decision loop completed        action=MAINTAIN latency_ms=100.37 p99=138.0
2026-07-12 00:21:03 [info     ] algorithm2_scaling_decision    action=MAINTAIN alpha=0.030030030030030033 beta=0.0 buffer=1.2 current_replicas=6 predicted_load=58.395321859514205 required_resources=1.754 target_replicas=3
2026-07-12 00:21:03 [info     ] algorithm2_decision            action=MAINTAIN applied_target=3 current_replicas=6 hold_until=0.0 observed_load=58.4 observed_target=3 point_forecasts=None prediction_age_sec=None predictive_target=3 proactive=False scenario=s3-hybrid-reactive target_replicas=3 upper_forecasts=None
2026-07-12 00:21:03 [debug    ] Decision loop completed        action=MAINTAIN latency_ms=100.84 p99=138.0
2026-07-12 00:21:19 [info     ] algorithm2_scaling_decision    action=MAINTAIN alpha=0.030030030030030033 beta=0.0 buffer=1.2 current_replicas=6 predicted_load=46.817948913690444 required_resources=1.406 target_replicas=3
2026-07-12 00:21:19 [info     ] algorithm2_decision            action=MAINTAIN applied_target=3 current_replicas=6 hold_until=0.0 observed_load=46.82 observed_target=3 point_forecasts=None prediction_age_sec=None predictive_target=3 proactive=False scenario=s3-hybrid-reactive target_replicas=3 upper_forecasts=None
2026-07-12 00:21:19 [debug    ] Decision loop completed        action=MAINTAIN latency_ms=110.34 p99=138.0
2026-07-12 00:21:34 [debug    ] HAProxy fallback latency       delta_requests=655 interval_avg_ms=65.0 max_rtime_ms=338.0 p99_est=130.0
2026-07-12 00:21:34 [info     ] algorithm2_scaling_decision    action=MAINTAIN alpha=0.030030030030030033 beta=0.0 buffer=1.2 current_replicas=6 predicted_load=43.49402722267564 required_resources=1.306 target_replicas=3
2026-07-12 00:21:34 [info     ] algorithm2_decision            action=MAINTAIN applied_target=3 current_replicas=6 hold_until=0.0 observed_load=43.49 observed_target=3 point_forecasts=None prediction_age_sec=None predictive_target=3 proactive=False scenario=s3-hybrid-reactive target_replicas=3 upper_forecasts=None
2026-07-12 00:21:34 [debug    ] Decision loop completed        action=MAINTAIN latency_ms=110.3 p99=130.0
2026-07-12 00:21:49 [debug    ] HAProxy fallback latency       delta_requests=732 interval_avg_ms=176.84 max_rtime_ms=338.0 p99_est=338.0
2026-07-12 00:21:49 [info     ] algorithm2_scaling_decision    action=MAINTAIN alpha=0.030030030030030033 beta=0.0 buffer=1.2 current_replicas=6 predicted_load=45.86193480607339 required_resources=1.377 target_replicas=3
2026-07-12 00:21:49 [info     ] algorithm2_decision            action=MAINTAIN applied_target=3 current_replicas=6 hold_until=0.0 observed_load=45.86 observed_target=3 point_forecasts=None prediction_age_sec=None predictive_target=3 proactive=False scenario=s3-hybrid-reactive target_replicas=3 upper_forecasts=None
2026-07-12 00:21:49 [debug    ] Decision loop completed        action=MAINTAIN latency_ms=109.8 p99=338.0
2026-07-12 00:22:04 [debug    ] HAProxy fallback latency       delta_requests=849 interval_avg_ms=163.43 max_rtime_ms=338.0 p99_est=326.86
2026-07-12 00:22:04 [info     ] algorithm2_scaling_decision    action=MAINTAIN alpha=0.030030030030030033 beta=0.0 buffer=1.2 current_replicas=6 predicted_load=52.31453708066107 required_resources=1.571 target_replicas=3
2026-07-12 00:22:04 [info     ] algorithm2_decision            action=MAINTAIN applied_target=3 current_replicas=6 hold_until=0.0 observed_load=52.31 observed_target=3 point_forecasts=None prediction_age_sec=None predictive_target=3 proactive=False scenario=s3-hybrid-reactive target_replicas=3 upper_forecasts=None
2026-07-12 00:22:04 [debug    ] Decision loop completed        action=MAINTAIN latency_ms=108.4 p99=326.85747938751473
2026-07-12 00:22:19 [info     ] algorithm2_scaling_decision    action=MAINTAIN alpha=0.030030030030030033 beta=0.0 buffer=1.2 current_replicas=6 predicted_load=53.74288527466855 required_resources=1.614 target_replicas=3
2026-07-12 00:22:19 [info     ] algorithm2_decision            action=MAINTAIN applied_target=3 current_replicas=6 hold_until=0.0 observed_load=53.74 observed_target=3 point_forecasts=None prediction_age_sec=None predictive_target=3 proactive=False scenario=s3-hybrid-reactive target_replicas=3 upper_forecasts=None
2026-07-12 00:22:19 [debug    ] Decision loop completed        action=MAINTAIN latency_ms=98.89 p99=326.85747938751473
2026-07-12 00:22:34 [info     ] algorithm2_scaling_decision    action=MAINTAIN alpha=0.030030030030030033 beta=0.0 buffer=1.2 current_replicas=6 predicted_load=45.91551935570213 required_resources=1.379 target_replicas=3
2026-07-12 00:22:34 [info     ] algorithm2_decision            action=MAINTAIN applied_target=3 current_replicas=6 hold_until=0.0 observed_load=45.92 observed_target=3 point_forecasts=None prediction_age_sec=None predictive_target=3 proactive=False scenario=s3-hybrid-reactive target_replicas=3 upper_forecasts=None
2026-07-12 00:22:34 [debug    ] Decision loop completed        action=MAINTAIN latency_ms=104.66 p99=326.85747938751473
2026-07-12 00:22:49 [debug    ] HAProxy fallback latency       delta_requests=575 interval_avg_ms=65.0 max_rtime_ms=338.0 p99_est=130.0
2026-07-12 00:22:49 [info     ] algorithm2_scaling_decision    action=MAINTAIN alpha=0.030030030030030033 beta=0.0 buffer=1.2 current_replicas=6 predicted_load=39.29969162179622 required_resources=1.18 target_replicas=3
2026-07-12 00:22:49 [info     ] algorithm2_decision            action=MAINTAIN applied_target=3 current_replicas=6 hold_until=0.0 observed_load=39.3 observed_target=3 point_forecasts=None prediction_age_sec=None predictive_target=3 proactive=False scenario=s3-hybrid-reactive target_replicas=3 upper_forecasts=None
2026-07-12 00:22:49 [debug    ] Decision loop completed        action=MAINTAIN latency_ms=107.83 p99=130.0
2026-07-12 00:23:04 [info     ] algorithm2_scaling_decision    action=MAINTAIN alpha=0.030030030030030033 beta=0.0 buffer=1.2 current_replicas=6 predicted_load=38.823980463099375 required_resources=1.166 target_replicas=3
2026-07-12 00:23:04 [info     ] algorithm2_decision            action=MAINTAIN applied_target=3 current_replicas=6 hold_until=0.0 observed_load=38.82 observed_target=3 point_forecasts=None prediction_age_sec=None predictive_target=3 proactive=False scenario=s3-hybrid-reactive target_replicas=3 upper_forecasts=None
2026-07-12 00:23:04 [debug    ] Decision loop completed        action=MAINTAIN latency_ms=107.5 p99=130.0
2026-07-12 00:23:19 [debug    ] HAProxy fallback latency       delta_requests=621 interval_avg_ms=64.0 max_rtime_ms=338.0 p99_est=128.0
2026-07-12 00:23:19 [info     ] algorithm2_scaling_decision    action=MAINTAIN alpha=0.030030030030030033 beta=0.0 buffer=1.2 current_replicas=6 predicted_load=40.342908040205494 required_resources=1.211 target_replicas=3
2026-07-12 00:23:19 [info     ] algorithm2_decision            action=MAINTAIN applied_target=3 current_replicas=6 hold_until=0.0 observed_load=40.34 observed_target=3 point_forecasts=None prediction_age_sec=None predictive_target=3 proactive=False scenario=s3-hybrid-reactive target_replicas=3 upper_forecasts=None
2026-07-12 00:23:19 [debug    ] Decision loop completed        action=MAINTAIN latency_ms=105.32 p99=128.0
2026-07-12 00:23:34 [debug    ] HAProxy fallback latency       delta_requests=645 interval_avg_ms=64.0 max_rtime_ms=338.0 p99_est=128.0
2026-07-12 00:23:34 [info     ] algorithm2_scaling_decision    action=MAINTAIN alpha=0.030030030030030033 beta=0.0 buffer=1.2 current_replicas=6 predicted_load=41.90284229900867 required_resources=1.258 target_replicas=3
2026-07-12 00:23:34 [info     ] algorithm2_decision            action=MAINTAIN applied_target=3 current_replicas=6 hold_until=0.0 observed_load=41.9 observed_target=3 point_forecasts=None prediction_age_sec=None predictive_target=3 proactive=False scenario=s3-hybrid-reactive target_replicas=3 upper_forecasts=None
2026-07-12 00:23:34 [debug    ] Decision loop completed        action=MAINTAIN latency_ms=110.48 p99=128.0
2026-07-12 00:23:50 [debug    ] HAProxy fallback latency       delta_requests=712 interval_avg_ms=64.0 max_rtime_ms=338.0 p99_est=128.0
2026-07-12 00:23:50 [info     ] algorithm2_scaling_decision    action=MAINTAIN alpha=0.030030030030030033 beta=0.0 buffer=1.2 current_replicas=6 predicted_load=44.87617513116965 required_resources=1.348 target_replicas=3
2026-07-12 00:23:50 [info     ] algorithm2_decision            action=MAINTAIN applied_target=3 current_replicas=6 hold_until=0.0 observed_load=44.88 observed_target=3 point_forecasts=None prediction_age_sec=None predictive_target=3 proactive=False scenario=s3-hybrid-reactive target_replicas=3 upper_forecasts=None
2026-07-12 00:23:50 [debug    ] Decision loop completed        action=MAINTAIN latency_ms=104.8 p99=128.0
2026-07-12 00:24:05 [debug    ] HAProxy fallback latency       delta_requests=586 interval_avg_ms=213.9 max_rtime_ms=338.0 p99_est=338.0
2026-07-12 00:24:05 [info     ] algorithm2_scaling_decision    action=MAINTAIN alpha=0.030030030030030033 beta=0.0 buffer=1.2 current_replicas=6 predicted_load=42.98916972033618 required_resources=1.291 target_replicas=3
2026-07-12 00:24:05 [info     ] algorithm2_decision            action=MAINTAIN applied_target=3 current_replicas=6 hold_until=0.0 observed_load=42.99 observed_target=3 point_forecasts=None prediction_age_sec=None predictive_target=3 proactive=False scenario=s3-hybrid-reactive target_replicas=3 upper_forecasts=None
2026-07-12 00:24:05 [debug    ] Decision loop completed        action=MAINTAIN latency_ms=110.71 p99=338.0
2026-07-12 00:24:20 [info     ] algorithm2_scaling_decision    action=MAINTAIN alpha=0.030030030030030033 beta=0.0 buffer=1.2 current_replicas=6 predicted_load=19.46326339255993 required_resources=0.584 target_replicas=3
2026-07-12 00:24:20 [info     ] algorithm2_decision            action=MAINTAIN applied_target=3 current_replicas=6 hold_until=0.0 observed_load=19.46 observed_target=3 point_forecasts=None prediction_age_sec=None predictive_target=3 proactive=False scenario=s3-hybrid-reactive target_replicas=3 upper_forecasts=None
2026-07-12 00:24:20 [debug    ] Decision loop completed        action=MAINTAIN latency_ms=106.91 p99=338.0
2026-07-12 00:24:35 [info     ] algorithm2_scaling_decision    action=MAINTAIN alpha=0.030030030030030033 beta=0.0 buffer=1.2 current_replicas=6 predicted_load=0.0 required_resources=0.0 target_replicas=3
2026-07-12 00:24:35 [info     ] algorithm2_decision            action=MAINTAIN applied_target=3 current_replicas=6 hold_until=0.0 observed_load=0.0 observed_target=3 point_forecasts=None prediction_age_sec=None predictive_target=3 proactive=False scenario=s3-hybrid-reactive target_replicas=3 upper_forecasts=None
2026-07-12 00:24:35 [debug    ] Decision loop completed        action=MAINTAIN latency_ms=107.28 p99=338.0
2026-07-12 00:24:50 [info     ] algorithm2_scaling_decision    action=MAINTAIN alpha=0.030030030030030033 beta=0.0 buffer=1.2 current_replicas=6 predicted_load=0.0 required_resources=0.0 target_replicas=3
2026-07-12 00:24:50 [info     ] algorithm2_decision            action=MAINTAIN applied_target=3 current_replicas=6 hold_until=0.0 observed_load=0.0 observed_target=3 point_forecasts=None prediction_age_sec=None predictive_target=3 proactive=False scenario=s3-hybrid-reactive target_replicas=3 upper_forecasts=None
2026-07-12 00:24:50 [debug    ] Decision loop completed        action=MAINTAIN latency_ms=100.22 p99=338.0
2026-07-12 00:25:05 [info     ] algorithm2_scaling_decision    action=MAINTAIN alpha=0.030030030030030033 beta=0.0 buffer=1.2 current_replicas=6 predicted_load=0.0 required_resources=0.0 target_replicas=3
2026-07-12 00:25:05 [info     ] algorithm2_decision            action=MAINTAIN applied_target=3 current_replicas=6 hold_until=0.0 observed_load=0.0 observed_target=3 point_forecasts=None prediction_age_sec=None predictive_target=3 proactive=False scenario=s3-hybrid-reactive target_replicas=3 upper_forecasts=None
2026-07-12 00:25:05 [debug    ] Decision loop completed        action=MAINTAIN latency_ms=106.3 p99=338.0
2026-07-12 00:25:08 [debug    ] GRU health check failed        error="HTTPConnectionPool(host='localhost', port=8090): Read timed out. (read timeout=5.0)"
2026-07-12 00:25:08 [info     ] Received shutdown signal
2026-07-12 00:25:08 [info     ] Stopping routing daemon...
2026-07-12 00:25:08 [info     ] Routing daemon stopped
