2026-07-08 23:59:21 [info     ] SLOMonitor initialized         threshold_ms=200.0 violation_window=30
2026-07-08 23:59:21 [info     ] Algorithm1ControllerV3 initialized max_knative=50 r_saturation=66.7 target_cpu_util=0.5 total_budget=1000
2026-07-08 23:59:21 [info     ] Using V3 controller (Capacity-Driven) scenario=s3-hybrid-reactive version=v3
2026-07-08 23:59:21 [info     ] HAProxyWeightAdjuster initialized backend=servers host=localhost port=19999
2026-07-08 23:59:21 [info     ] GRUClient initialized          base_url=http://localhost:8090
2026-07-08 23:59:21 [info     ] K8sScaler initialized          deployment=test-app-warm namespace=default
2026-07-08 23:59:21 [info     ] RoutingDaemon initialized      decision_interval=15 description='Algorithm 1 reactive routing without predictions' scenario=s3-hybrid-reactive use_algorithm=True use_predictions=False
2026-07-08 23:59:21 [info     ] Starting routing daemon        interval=15 scenario=s3-hybrid-reactive
2026-07-08 23:59:21 [info     ] Weights updated                k3s=80 knative=20
2026-07-08 23:59:21 [info     ] Initial weights applied        k3s=80 knative=20
2026-07-08 23:59:21 [debug    ] HAProxy fallback primed        total_requests=0
2026-07-08 23:59:22 [info     ] algorithm2_scaling_decision    action=MAINTAIN alpha=0.014992503748125937 beta=0.0 buffer=1.2 current_replicas=3 predicted_load=0.0 required_resources=0.0 target_replicas=3
2026-07-08 23:59:22 [debug    ] Decision loop completed        action=MAINTAIN latency_ms=113.43 p99=0.0
2026-07-08 23:59:37 [info     ] algorithm2_scaling_decision    action=MAINTAIN alpha=0.014992503748125937 beta=0.0 buffer=1.2 current_replicas=3 predicted_load=0.0 required_resources=0.0 target_replicas=3
2026-07-08 23:59:37 [debug    ] Decision loop completed        action=MAINTAIN latency_ms=101.27 p99=0.0
2026-07-08 23:59:52 [info     ] algorithm2_scaling_decision    action=MAINTAIN alpha=0.014992503748125937 beta=0.0 buffer=1.2 current_replicas=3 predicted_load=0.0 required_resources=0.0 target_replicas=3
2026-07-08 23:59:52 [debug    ] Decision loop completed        action=MAINTAIN latency_ms=110.32 p99=0.0
2026-07-09 00:00:07 [debug    ] HAProxy fallback latency       delta_requests=641 interval_avg_ms=64.0 max_rtime_ms=126.0 p99_est=126.0
2026-07-09 00:00:07 [debug    ] burn_rate_adjustment           actual_burn=0.0 adjustment=-5 allowed_burn=0.83 budget_remaining=1000 burn_error=-1.0 burn_ratio=0.0
2026-07-09 00:00:07 [info     ] controller_decision_v3         action=RECOVERY available_replicas=3 budget_remaining=1000 burn_adjustment=-5 burst_ratio=0 capacity_deficit=False confidence=0 current_load=42.290283599356975 decision_id=36af3300 k8s_capacity=100.1 k8s_weight=100 knative_weight=0 p99=126.0 predicted_load=0 r_effective=33.4 serverless_enabled=False total_load=42.3 weights_after={'k3s': 100, 'knative': 0} weights_before={'k3s': 80, 'knative': 20}
2026-07-09 00:00:07 [info     ] Weights updated                k3s=100 knative=0
2026-07-09 00:00:07 [info     ] Weights updated                action=RECOVERY reason='load=42RPS | k8s_cap=100RPS | (reducing-serverless)' weights={'k3s': 100, 'knative': 0}
2026-07-09 00:00:07 [info     ] algorithm2_scaling_decision    action=MAINTAIN alpha=0.014992503748125937 beta=0.0 buffer=1.2 current_replicas=3 predicted_load=21.145141799678488 required_resources=0.317 target_replicas=3
2026-07-09 00:00:07 [debug    ] Decision loop completed        action=RECOVERY latency_ms=145.83 p99=126.0
2026-07-09 00:00:22 [debug    ] HAProxy fallback latency       delta_requests=666 interval_avg_ms=64.0 max_rtime_ms=126.0 p99_est=126.0
2026-07-09 00:00:22 [debug    ] burn_rate_adjustment           actual_burn=0.0 adjustment=-6 allowed_burn=0.83 budget_remaining=1000 burn_error=-1.0 burn_ratio=0.0
2026-07-09 00:00:22 [info     ] algorithm2_scaling_decision    action=MAINTAIN alpha=0.014992503748125937 beta=0.0 buffer=1.2 current_replicas=3 predicted_load=43.13118394581788 required_resources=0.647 target_replicas=3
2026-07-09 00:00:22 [debug    ] Decision loop completed        action=MAINTAIN latency_ms=109.3 p99=126.0
2026-07-09 00:00:37 [debug    ] HAProxy fallback latency       delta_requests=716 interval_avg_ms=66.83 max_rtime_ms=126.0 p99_est=126.0
2026-07-09 00:00:37 [debug    ] burn_rate_adjustment           actual_burn=0.0 adjustment=-6 allowed_burn=0.83 budget_remaining=1000 burn_error=-1.0 burn_ratio=0.0
2026-07-09 00:00:37 [info     ] algorithm2_scaling_decision    action=MAINTAIN alpha=0.014992503748125937 beta=0.0 buffer=1.2 current_replicas=3 predicted_load=45.680351701022694 required_resources=0.685 target_replicas=3
2026-07-09 00:00:37 [debug    ] Decision loop completed        action=MAINTAIN latency_ms=107.54 p99=126.0
2026-07-09 00:00:52 [debug    ] HAProxy fallback latency       delta_requests=822 interval_avg_ms=61.54 max_rtime_ms=126.0 p99_est=123.08
2026-07-09 00:00:52 [debug    ] burn_rate_adjustment           actual_burn=0.0 adjustment=-7 allowed_burn=0.83 budget_remaining=1000 burn_error=-1.0 burn_ratio=0.0
2026-07-09 00:00:52 [info     ] algorithm2_scaling_decision    action=MAINTAIN alpha=0.014992503748125937 beta=0.0 buffer=1.2 current_replicas=3 predicted_load=50.8983135292022 required_resources=0.763 target_replicas=3
2026-07-09 00:00:52 [debug    ] Decision loop completed        action=MAINTAIN latency_ms=105.21 p99=123.07785888077859
2026-07-09 00:01:07 [debug    ] HAProxy fallback latency       delta_requests=767 interval_avg_ms=64.0 max_rtime_ms=126.0 p99_est=126.0
2026-07-09 00:01:07 [debug    ] burn_rate_adjustment           actual_burn=0.0 adjustment=-7 allowed_burn=0.83 budget_remaining=1000 burn_error=-1.0 burn_ratio=0.0
2026-07-09 00:01:07 [info     ] algorithm2_scaling_decision    action=MAINTAIN alpha=0.014992503748125937 beta=0.0 buffer=1.2 current_replicas=3 predicted_load=52.62528403439762 required_resources=0.789 target_replicas=3
2026-07-09 00:01:07 [debug    ] Decision loop completed        action=MAINTAIN latency_ms=105.6 p99=126.0
2026-07-09 00:01:22 [debug    ] HAProxy fallback latency       delta_requests=547 interval_avg_ms=79.21 max_rtime_ms=126.0 p99_est=126.0
2026-07-09 00:01:22 [debug    ] burn_rate_adjustment           actual_burn=0.0 adjustment=-7 allowed_burn=0.83 budget_remaining=1000 burn_error=-1.0 burn_ratio=0.0
2026-07-09 00:01:22 [info     ] algorithm2_scaling_decision    action=MAINTAIN alpha=0.014992503748125937 beta=0.0 buffer=1.2 current_replicas=3 predicted_load=43.527091071650204 required_resources=0.653 target_replicas=3
2026-07-09 00:01:22 [debug    ] Decision loop completed        action=MAINTAIN latency_ms=106.78 p99=126.0
2026-07-09 00:01:37 [debug    ] HAProxy fallback latency       delta_requests=411 interval_avg_ms=54.88 max_rtime_ms=126.0 p99_est=109.76
2026-07-09 00:01:37 [debug    ] burn_rate_adjustment           actual_burn=0.0 adjustment=-7 allowed_burn=0.83 budget_remaining=1000 burn_error=-1.0 burn_ratio=0.0
2026-07-09 00:01:38 [info     ] algorithm2_scaling_decision    action=MAINTAIN alpha=0.014992503748125937 beta=0.0 buffer=1.2 current_replicas=3 predicted_load=31.708515374721316 required_resources=0.475 target_replicas=3
2026-07-09 00:01:38 [debug    ] Decision loop completed        action=MAINTAIN latency_ms=102.13 p99=109.76155717761557
2026-07-09 00:01:53 [debug    ] HAProxy fallback latency       delta_requests=358 interval_avg_ms=78.77 max_rtime_ms=126.0 p99_est=126.0
2026-07-09 00:01:53 [debug    ] burn_rate_adjustment           actual_burn=0.0 adjustment=-7 allowed_burn=0.83 budget_remaining=1000 burn_error=-1.0 burn_ratio=0.0
2026-07-09 00:01:53 [info     ] algorithm2_scaling_decision    action=MAINTAIN alpha=0.014992503748125937 beta=0.0 buffer=1.2 current_replicas=3 predicted_load=25.45526564247428 required_resources=0.382 target_replicas=3
2026-07-09 00:01:53 [debug    ] Decision loop completed        action=MAINTAIN latency_ms=107.14 p99=126.0
2026-07-09 00:02:08 [debug    ] HAProxy fallback latency       delta_requests=483 interval_avg_ms=54.8 max_rtime_ms=126.0 p99_est=109.59
2026-07-09 00:02:08 [debug    ] burn_rate_adjustment           actual_burn=0.0 adjustment=-7 allowed_burn=0.83 budget_remaining=1000 burn_error=-1.0 burn_ratio=0.0
2026-07-09 00:02:08 [info     ] algorithm2_scaling_decision    action=MAINTAIN alpha=0.014992503748125937 beta=0.0 buffer=1.2 current_replicas=3 predicted_load=27.83868914582107 required_resources=0.417 target_replicas=3
2026-07-09 00:02:08 [debug    ] Decision loop completed        action=MAINTAIN latency_ms=108.56 p99=109.59420289855072
2026-07-09 00:02:23 [debug    ] HAProxy fallback latency       delta_requests=772 interval_avg_ms=65.0 max_rtime_ms=126.0 p99_est=126.0
2026-07-09 00:02:23 [debug    ] burn_rate_adjustment           actual_burn=0.0 adjustment=-7 allowed_burn=0.83 budget_remaining=1000 burn_error=-1.0 burn_ratio=0.0
2026-07-09 00:02:23 [info     ] algorithm2_scaling_decision    action=MAINTAIN alpha=0.014992503748125937 beta=0.0 buffer=1.2 current_replicas=3 predicted_load=41.50155813658391 required_resources=0.622 target_replicas=3
2026-07-09 00:02:23 [debug    ] Decision loop completed        action=MAINTAIN latency_ms=106.93 p99=126.0
2026-07-09 00:02:38 [debug    ] HAProxy fallback latency       delta_requests=813 interval_avg_ms=65.0 max_rtime_ms=126.0 p99_est=126.0
2026-07-09 00:02:38 [debug    ] burn_rate_adjustment           actual_burn=0.0 adjustment=-7 allowed_burn=0.83 budget_remaining=1000 burn_error=-1.0 burn_ratio=0.0
2026-07-09 00:02:38 [info     ] algorithm2_scaling_decision    action=MAINTAIN alpha=0.014992503748125937 beta=0.0 buffer=1.2 current_replicas=3 predicted_load=52.423347073780405 required_resources=0.786 target_replicas=3
2026-07-09 00:02:38 [debug    ] Decision loop completed        action=MAINTAIN latency_ms=106.47 p99=126.0
2026-07-09 00:02:53 [debug    ] HAProxy fallback latency       delta_requests=638 interval_avg_ms=65.0 max_rtime_ms=126.0 p99_est=126.0
2026-07-09 00:02:53 [debug    ] burn_rate_adjustment           actual_burn=0.0 adjustment=-7 allowed_burn=0.83 budget_remaining=1000 burn_error=-1.0 burn_ratio=0.0
2026-07-09 00:02:53 [info     ] algorithm2_scaling_decision    action=MAINTAIN alpha=0.014992503748125937 beta=0.0 buffer=1.2 current_replicas=3 predicted_load=48.02415119018548 required_resources=0.72 target_replicas=3
2026-07-09 00:02:53 [debug    ] Decision loop completed        action=MAINTAIN latency_ms=112.05 p99=126.0
2026-07-09 00:03:08 [debug    ] HAProxy fallback latency       delta_requests=655 interval_avg_ms=77.65 max_rtime_ms=126.0 p99_est=126.0
2026-07-09 00:03:08 [debug    ] burn_rate_adjustment           actual_burn=0.0 adjustment=-7 allowed_burn=0.83 budget_remaining=1000 burn_error=-1.0 burn_ratio=0.0
2026-07-09 00:03:08 [info     ] algorithm2_scaling_decision    action=MAINTAIN alpha=0.014992503748125937 beta=0.0 buffer=1.2 current_replicas=3 predicted_load=42.78820265798922 required_resources=0.642 target_replicas=3
2026-07-09 00:03:08 [debug    ] Decision loop completed        action=MAINTAIN latency_ms=110.65 p99=126.0
2026-07-09 00:03:23 [debug    ] HAProxy fallback latency       delta_requests=831 interval_avg_ms=55.03 max_rtime_ms=126.0 p99_est=110.05
2026-07-09 00:03:23 [debug    ] burn_rate_adjustment           actual_burn=0.0 adjustment=-7 allowed_burn=0.83 budget_remaining=1000 burn_error=-1.0 burn_ratio=0.0
2026-07-09 00:03:23 [info     ] algorithm2_scaling_decision    action=MAINTAIN alpha=0.014992503748125937 beta=0.0 buffer=1.2 current_replicas=3 predicted_load=49.134424839283966 required_resources=0.737 target_replicas=3
2026-07-09 00:03:23 [debug    ] Decision loop completed        action=MAINTAIN latency_ms=112.13 p99=110.05054151624549
2026-07-09 00:03:38 [debug    ] HAProxy fallback latency       delta_requests=915 interval_avg_ms=54.03 max_rtime_ms=130.0 p99_est=108.07
2026-07-09 00:03:38 [debug    ] burn_rate_adjustment           actual_burn=0.0 adjustment=-7 allowed_burn=0.83 budget_remaining=1000 burn_error=-1.0 burn_ratio=0.0
2026-07-09 00:03:38 [info     ] algorithm2_scaling_decision    action=MAINTAIN alpha=0.014992503748125937 beta=0.0 buffer=1.2 current_replicas=3 predicted_load=57.77011800091784 required_resources=0.866 target_replicas=3
2026-07-09 00:03:38 [debug    ] Decision loop completed        action=MAINTAIN latency_ms=110.2 p99=108.06557377049181
2026-07-09 00:03:53 [debug    ] HAProxy fallback latency       delta_requests=931 interval_avg_ms=64.0 max_rtime_ms=131.0 p99_est=128.0
2026-07-09 00:03:53 [debug    ] burn_rate_adjustment           actual_burn=0.0 adjustment=-7 allowed_burn=0.83 budget_remaining=1000 burn_error=-1.0 burn_ratio=0.0
2026-07-09 00:03:53 [info     ] algorithm2_scaling_decision    action=MAINTAIN alpha=0.014992503748125937 beta=0.0 buffer=1.2 current_replicas=3 predicted_load=61.08156617731533 required_resources=0.916 target_replicas=3
2026-07-09 00:03:53 [debug    ] Decision loop completed        action=MAINTAIN latency_ms=111.47 p99=128.0
2026-07-09 00:04:09 [debug    ] HAProxy fallback latency       delta_requests=1003 interval_avg_ms=99.8 max_rtime_ms=141.0 p99_est=141.0
2026-07-09 00:04:09 [debug    ] burn_rate_adjustment           actual_burn=0.0 adjustment=-7 allowed_burn=0.83 budget_remaining=1000 burn_error=-1.0 burn_ratio=0.0
2026-07-09 00:04:09 [info     ] algorithm2_scaling_decision    action=MAINTAIN alpha=0.014992503748125937 beta=0.0 buffer=1.2 current_replicas=3 predicted_load=63.95868096755173 required_resources=0.959 target_replicas=3
2026-07-09 00:04:09 [debug    ] Decision loop completed        action=MAINTAIN latency_ms=108.22 p99=141.0
2026-07-09 00:04:24 [debug    ] HAProxy fallback latency       delta_requests=1117 interval_avg_ms=43.57 max_rtime_ms=146.0 p99_est=87.14
2026-07-09 00:04:24 [debug    ] burn_rate_adjustment           actual_burn=0.0 adjustment=-7 allowed_burn=0.83 budget_remaining=1000 burn_error=-1.0 burn_ratio=0.0
2026-07-09 00:04:24 [info     ] algorithm2_scaling_decision    action=MAINTAIN alpha=0.014992503748125937 beta=0.0 buffer=1.2 current_replicas=3 predicted_load=70.15255430901877 required_resources=1.052 target_replicas=3
2026-07-09 00:04:24 [debug    ] Decision loop completed        action=MAINTAIN latency_ms=110.25 p99=87.13876454789614
2026-07-09 00:04:39 [debug    ] HAProxy fallback latency       delta_requests=1272 interval_avg_ms=98.86 max_rtime_ms=146.0 p99_est=146.0
2026-07-09 00:04:39 [debug    ] burn_rate_adjustment           actual_burn=0.0 adjustment=-7 allowed_burn=0.83 budget_remaining=1000 burn_error=-1.0 burn_ratio=0.0
2026-07-09 00:04:39 [info     ] algorithm2_scaling_decision    action=MAINTAIN alpha=0.014992503748125937 beta=0.0 buffer=1.2 current_replicas=3 predicted_load=79.0581270271696 required_resources=1.185 target_replicas=3
2026-07-09 00:04:39 [debug    ] Decision loop completed        action=MAINTAIN latency_ms=111.12 p99=146.0
2026-07-09 00:04:54 [debug    ] HAProxy fallback latency       delta_requests=1455 interval_avg_ms=78.87 max_rtime_ms=158.0 p99_est=157.74
2026-07-09 00:04:54 [debug    ] burn_rate_adjustment           actual_burn=0.0 adjustment=-7 allowed_burn=0.83 budget_remaining=1000 burn_error=-1.0 burn_ratio=0.0
2026-07-09 00:04:54 [info     ] algorithm2_scaling_decision    action=MAINTAIN alpha=0.014992503748125937 beta=0.0 buffer=1.2 current_replicas=3 predicted_load=90.19885990163544 required_resources=1.352 target_replicas=3
2026-07-09 00:04:54 [debug    ] Decision loop completed        action=MAINTAIN latency_ms=106.8 p99=157.7360824742268
2026-07-09 00:05:09 [debug    ] HAProxy fallback latency       delta_requests=1665 interval_avg_ms=89.99 max_rtime_ms=172.0 p99_est=172.0
2026-07-09 00:05:09 [debug    ] burn_rate_adjustment           actual_burn=0.0 adjustment=-7 allowed_burn=0.83 budget_remaining=1000 burn_error=-1.0 burn_ratio=0.0
2026-07-09 00:05:09 [info     ] Knative pre-warm OK            cold_start_ms=2.9
2026-07-09 00:05:09 [info     ] controller_decision_v3         action=REACTIVE available_replicas=3 budget_remaining=1000 burn_adjustment=-7 burst_ratio=0.0922 capacity_deficit=False confidence=0 current_load=110.21533107726616 decision_id=4ff5cd76 k8s_capacity=100.1 k8s_weight=97 knative_weight=3 p99=172.0 predicted_load=0 r_effective=33.4 serverless_enabled=True total_load=110.2 weights_after={'k3s': 97, 'knative': 3} weights_before={'k3s': 100, 'knative': 0}
2026-07-09 00:05:09 [info     ] Weights updated                k3s=97 knative=3
2026-07-09 00:05:09 [info     ] Weights updated                action=REACTIVE reason='load=110RPS | k8s_cap=100RPS | (burst-routing)' weights={'k3s': 97, 'knative': 3}
2026-07-09 00:05:09 [info     ] algorithm2_scaling_decision    action=MAINTAIN alpha=0.014992503748125937 beta=0.0 buffer=1.2 current_replicas=3 predicted_load=103.21617649875054 required_resources=1.547 target_replicas=3
2026-07-09 00:05:09 [debug    ] Decision loop completed        action=REACTIVE latency_ms=112.71 p99=172.0
2026-07-09 00:05:24 [debug    ] HAProxy fallback latency       delta_requests=1889 interval_avg_ms=122.26 max_rtime_ms=184.0 p99_est=184.0
2026-07-09 00:05:24 [debug    ] burn_rate_adjustment           actual_burn=0.0 adjustment=-7 allowed_burn=0.83 budget_remaining=1000 burn_error=-1.0 burn_ratio=0.0
2026-07-09 00:05:24 [info     ] controller_decision_v3         action=REACTIVE available_replicas=3 budget_remaining=1000 burn_adjustment=-7 burst_ratio=0.1991 capacity_deficit=False confidence=0 current_load=124.92371683541293 decision_id=37556aac k8s_capacity=100.1 k8s_weight=87 knative_weight=13 p99=184.0 predicted_load=0 r_effective=33.4 serverless_enabled=True total_load=124.9 weights_after={'k3s': 87, 'knative': 13} weights_before={'k3s': 97, 'knative': 3}
2026-07-09 00:05:24 [info     ] Weights updated                k3s=87 knative=13
2026-07-09 00:05:24 [info     ] Weights updated                action=REACTIVE reason='load=125RPS | k8s_cap=100RPS | (burst-routing)' weights={'k3s': 87, 'knative': 13}
2026-07-09 00:05:24 [info     ] algorithm2_scaling_decision    action=MAINTAIN alpha=0.014992503748125937 beta=0.0 buffer=1.2 current_replicas=3 predicted_load=117.56952395633954 required_resources=1.763 target_replicas=3
2026-07-09 00:05:24 [debug    ] Decision loop completed        action=REACTIVE latency_ms=113.56 p99=184.0
2026-07-09 00:05:39 [debug    ] burn_rate_adjustment           actual_burn=0.0 adjustment=-7 allowed_burn=0.83 budget_remaining=1000 burn_error=-1.0 burn_ratio=0.0
2026-07-09 00:05:39 [info     ] controller_decision_v3         action=RECOVERY available_replicas=3 budget_remaining=1000 burn_adjustment=-7 burst_ratio=0.1234 capacity_deficit=False confidence=0 current_load=114.13729093127648 decision_id=746b29b8 k8s_capacity=100.1 k8s_weight=94 knative_weight=6 p99=184.0 predicted_load=0 r_effective=33.4 serverless_enabled=True total_load=114.1 weights_after={'k3s': 94, 'knative': 6} weights_before={'k3s': 87, 'knative': 13}
2026-07-09 00:05:39 [info     ] Weights updated                k3s=94 knative=6
2026-07-09 00:05:39 [info     ] Weights updated                action=RECOVERY reason='load=114RPS | k8s_cap=100RPS | (reducing-serverless)' weights={'k3s': 94, 'knative': 6}
2026-07-09 00:05:39 [info     ] algorithm2_scaling_decision    action=MAINTAIN alpha=0.014992503748125937 beta=0.0 buffer=1.2 current_replicas=3 predicted_load=119.53050388334471 required_resources=1.792 target_replicas=3
2026-07-09 00:05:39 [debug    ] Decision loop completed        action=RECOVERY latency_ms=150.37 p99=184.0
2026-07-09 00:05:54 [debug    ] HAProxy fallback latency       delta_requests=1318 interval_avg_ms=35.0 max_rtime_ms=184.0 p99_est=69.99
2026-07-09 00:05:54 [debug    ] burn_rate_adjustment           actual_burn=0.0 adjustment=-7 allowed_burn=0.83 budget_remaining=1000 burn_error=-1.0 burn_ratio=0.0
2026-07-09 00:05:54 [info     ] controller_decision_v3         action=RECOVERY available_replicas=3 budget_remaining=1000 burn_adjustment=-7 burst_ratio=0 capacity_deficit=False confidence=0 current_load=87.0567639038074 decision_id=26559844 k8s_capacity=100.1 k8s_weight=100 knative_weight=0 p99=70.0 predicted_load=0 r_effective=33.4 serverless_enabled=False total_load=87.1 weights_after={'k3s': 100, 'knative': 0} weights_before={'k3s': 94, 'knative': 6}
2026-07-09 00:05:54 [info     ] Weights updated                k3s=100 knative=0
2026-07-09 00:05:54 [info     ] Weights updated                action=RECOVERY reason='load=87RPS | k8s_cap=100RPS | (reducing-serverless)' weights={'k3s': 100, 'knative': 0}
2026-07-09 00:05:54 [info     ] algorithm2_scaling_decision    action=MAINTAIN alpha=0.014992503748125937 beta=0.0 buffer=1.2 current_replicas=3 predicted_load=100.59702741754194 required_resources=1.508 target_replicas=3
2026-07-09 00:05:54 [debug    ] Decision loop completed        action=RECOVERY latency_ms=153.11 p99=69.99089529590289
2026-07-09 00:06:09 [debug    ] HAProxy fallback latency       delta_requests=1132 interval_avg_ms=46.2 max_rtime_ms=184.0 p99_est=92.41
2026-07-09 00:06:10 [debug    ] burn_rate_adjustment           actual_burn=0.0 adjustment=-7 allowed_burn=0.83 budget_remaining=1000 burn_error=-1.0 burn_ratio=0.0
2026-07-09 00:06:10 [info     ] algorithm2_scaling_decision    action=MAINTAIN alpha=0.014992503748125937 beta=0.0 buffer=1.2 current_replicas=3 predicted_load=80.91458731722214 required_resources=1.213 target_replicas=3
2026-07-09 00:06:10 [debug    ] Decision loop completed        action=MAINTAIN latency_ms=107.67 p99=92.40812720848056
2026-07-09 00:06:25 [debug    ] HAProxy fallback latency       delta_requests=1075 interval_avg_ms=111.8 max_rtime_ms=185.0 p99_est=185.0
2026-07-09 00:06:25 [debug    ] burn_rate_adjustment           actual_burn=0.0 adjustment=-7 allowed_burn=0.83 budget_remaining=1000 burn_error=-1.0 burn_ratio=0.0
2026-07-09 00:06:25 [info     ] algorithm2_scaling_decision    action=MAINTAIN alpha=0.014992503748125937 beta=0.0 buffer=1.2 current_replicas=3 predicted_load=72.93005846179052 required_resources=1.093 target_replicas=3
2026-07-09 00:06:25 [debug    ] Decision loop completed        action=MAINTAIN latency_ms=108.54 p99=185.0
2026-07-09 00:06:40 [debug    ] HAProxy fallback latency       delta_requests=947 interval_avg_ms=14.01 max_rtime_ms=185.0 p99_est=28.03
2026-07-09 00:06:40 [debug    ] burn_rate_adjustment           actual_burn=0.0 adjustment=-7 allowed_burn=0.83 budget_remaining=1000 burn_error=-1.0 burn_ratio=0.0
2026-07-09 00:06:40 [info     ] algorithm2_scaling_decision    action=MAINTAIN alpha=0.014992503748125937 beta=0.0 buffer=1.2 current_replicas=3 predicted_load=66.91628902406214 required_resources=1.003 target_replicas=3
2026-07-09 00:06:40 [debug    ] Decision loop completed        action=MAINTAIN latency_ms=109.14 p99=28.025343189017953
2026-07-09 00:06:55 [debug    ] HAProxy fallback latency       delta_requests=793 interval_avg_ms=66.0 max_rtime_ms=185.0 p99_est=132.0
2026-07-09 00:06:55 [debug    ] burn_rate_adjustment           actual_burn=0.0 adjustment=-7 allowed_burn=0.83 budget_remaining=1000 burn_error=-1.0 burn_ratio=0.0
2026-07-09 00:06:55 [info     ] algorithm2_scaling_decision    action=MAINTAIN alpha=0.014992503748125937 beta=0.0 buffer=1.2 current_replicas=3 predicted_load=57.616088250836185 required_resources=0.864 target_replicas=3
2026-07-09 00:06:55 [debug    ] Decision loop completed        action=MAINTAIN latency_ms=111.46 p99=132.0
2026-07-09 00:07:10 [debug    ] HAProxy fallback latency       delta_requests=1192 interval_avg_ms=204.66 max_rtime_ms=255.0 p99_est=255.0
2026-07-09 00:07:10 [debug    ] burn_rate_adjustment           actual_burn=0.0 adjustment=-7 allowed_burn=0.83 budget_remaining=999 burn_error=-0.997 burn_ratio=0.003
2026-07-09 00:07:10 [info     ] algorithm2_scaling_decision    action=MAINTAIN alpha=0.014992503748125937 beta=0.0 buffer=1.2 current_replicas=3 predicted_load=65.61549836712565 required_resources=0.984 target_replicas=3
2026-07-09 00:07:10 [debug    ] Decision loop completed        action=MAINTAIN latency_ms=109.37 p99=255.0
2026-07-09 00:07:25 [debug    ] HAProxy fallback latency       delta_requests=1864 interval_avg_ms=860.95 max_rtime_ms=426.0 p99_est=426.0
2026-07-09 00:07:25 [debug    ] burn_rate_adjustment           actual_burn=0.0 adjustment=-7 allowed_burn=0.83 budget_remaining=998 burn_error=-0.995 burn_ratio=0.005
2026-07-09 00:07:25 [info     ] Knative pre-warm OK            cold_start_ms=3.1
2026-07-09 00:07:25 [info     ] controller_decision_v3         action=REACTIVE available_replicas=3 budget_remaining=998 burn_adjustment=-7 burst_ratio=0.1885 capacity_deficit=False confidence=0 current_load=123.29772634645808 decision_id=54725385 k8s_capacity=100.1 k8s_weight=88 knative_weight=12 p99=426.0 predicted_load=0 r_effective=33.4 serverless_enabled=True total_load=123.3 weights_after={'k3s': 88, 'knative': 12} weights_before={'k3s': 100, 'knative': 0}
2026-07-09 00:07:25 [info     ] Weights updated                k3s=88 knative=12
2026-07-09 00:07:25 [info     ] Weights updated                action=REACTIVE reason='load=123RPS | k8s_cap=100RPS | (burst-routing)' weights={'k3s': 88, 'knative': 12}
2026-07-09 00:07:25 [info     ] algorithm2_scaling_decision    action=MAINTAIN alpha=0.014992503748125937 beta=0.0 buffer=1.2 current_replicas=3 predicted_load=101.02070921710857 required_resources=1.515 target_replicas=3
2026-07-09 00:07:25 [debug    ] Decision loop completed        action=REACTIVE latency_ms=112.63 p99=426.0
2026-07-09 00:07:40 [debug    ] burn_rate_adjustment           actual_burn=0.01 adjustment=-7 allowed_burn=0.83 budget_remaining=997 burn_error=-0.993 burn_ratio=0.007
2026-07-09 00:07:40 [info     ] controller_decision_v3         action=RECOVERY available_replicas=3 budget_remaining=997 burn_adjustment=-7 burst_ratio=0.1711 capacity_deficit=False confidence=0 current_load=120.69573200510574 decision_id=0d3973af k8s_capacity=100.1 k8s_weight=89 knative_weight=11 p99=426.0 predicted_load=0 r_effective=33.4 serverless_enabled=True total_load=120.7 weights_after={'k3s': 89, 'knative': 11} weights_before={'k3s': 88, 'knative': 12}
2026-07-09 00:07:40 [info     ] Weights updated                k3s=89 knative=11
2026-07-09 00:07:40 [info     ] Weights updated                action=RECOVERY reason='load=121RPS | k8s_cap=100RPS | (reducing-serverless)' weights={'k3s': 89, 'knative': 11}
2026-07-09 00:07:40 [info     ] algorithm2_scaling_decision    action=MAINTAIN alpha=0.014992503748125937 beta=0.0 buffer=1.2 current_replicas=3 predicted_load=121.99672917578191 required_resources=1.829 target_replicas=3
2026-07-09 00:07:40 [debug    ] Decision loop completed        action=RECOVERY latency_ms=150.74 p99=426.0
2026-07-09 00:07:55 [debug    ] burn_rate_adjustment           actual_burn=0.01 adjustment=-7 allowed_burn=0.83 budget_remaining=996 burn_error=-0.991 burn_ratio=0.009
2026-07-09 00:07:55 [info     ] controller_decision_v3         action=RECOVERY available_replicas=3 budget_remaining=996 burn_adjustment=-7 burst_ratio=0 capacity_deficit=False confidence=0 current_load=94.45138410433013 decision_id=e8d1550d k8s_capacity=100.1 k8s_weight=100 knative_weight=0 p99=426.0 predicted_load=0 r_effective=33.4 serverless_enabled=False total_load=94.5 weights_after={'k3s': 100, 'knative': 0} weights_before={'k3s': 89, 'knative': 11}
2026-07-09 00:07:55 [info     ] Weights updated                k3s=100 knative=0
2026-07-09 00:07:55 [info     ] Weights updated                action=RECOVERY reason='load=94RPS | k8s_cap=100RPS | (reducing-serverless)' weights={'k3s': 100, 'knative': 0}
2026-07-09 00:07:55 [info     ] algorithm2_scaling_decision    action=MAINTAIN alpha=0.014992503748125937 beta=0.0 buffer=1.2 current_replicas=3 predicted_load=107.57355805471794 required_resources=1.613 target_replicas=3
2026-07-09 00:07:55 [debug    ] Decision loop completed        action=RECOVERY latency_ms=140.26 p99=426.0
2026-07-09 00:08:10 [debug    ] HAProxy fallback latency       delta_requests=1232 interval_avg_ms=68.0 max_rtime_ms=426.0 p99_est=136.0
2026-07-09 00:08:10 [debug    ] burn_rate_adjustment           actual_burn=0.01 adjustment=-7 allowed_burn=0.83 budget_remaining=996 burn_error=-0.991 burn_ratio=0.009
2026-07-09 00:08:11 [info     ] algorithm2_scaling_decision    action=MAINTAIN alpha=0.014992503748125937 beta=0.0 buffer=1.2 current_replicas=3 predicted_load=87.9106264111311 required_resources=1.318 target_replicas=3
2026-07-09 00:08:11 [debug    ] Decision loop completed        action=MAINTAIN latency_ms=103.63 p99=136.0
2026-07-09 00:08:26 [debug    ] HAProxy fallback latency       delta_requests=1145 interval_avg_ms=6.79 max_rtime_ms=426.0 p99_est=13.58
2026-07-09 00:08:26 [debug    ] burn_rate_adjustment           actual_burn=0.01 adjustment=-7 allowed_burn=0.83 budget_remaining=996 burn_error=-0.991 burn_ratio=0.009
2026-07-09 00:08:26 [info     ] algorithm2_scaling_decision    action=MAINTAIN alpha=0.014992503748125937 beta=0.0 buffer=1.2 current_replicas=3 predicted_load=78.58998176997122 required_resources=1.178 target_replicas=3
2026-07-09 00:08:26 [debug    ] Decision loop completed        action=MAINTAIN latency_ms=110.14 p99=13.582532751091703
2026-07-09 00:08:41 [debug    ] HAProxy fallback latency       delta_requests=1482 interval_avg_ms=213.87 max_rtime_ms=426.0 p99_est=426.0
2026-07-09 00:08:41 [debug    ] burn_rate_adjustment           actual_burn=0.01 adjustment=-7 allowed_burn=0.83 budget_remaining=995 burn_error=-0.989 burn_ratio=0.011
2026-07-09 00:08:41 [info     ] algorithm2_scaling_decision    action=MAINTAIN alpha=0.014992503748125937 beta=0.0 buffer=1.2 current_replicas=3 predicted_load=86.91141137978015 required_resources=1.303 target_replicas=3
2026-07-09 00:08:41 [debug    ] Decision loop completed        action=MAINTAIN latency_ms=108.55 p99=426.0
2026-07-09 00:08:56 [debug    ] HAProxy fallback latency       delta_requests=1997 interval_avg_ms=361.34 max_rtime_ms=426.0 p99_est=426.0
2026-07-09 00:08:56 [debug    ] burn_rate_adjustment           actual_burn=0.01 adjustment=-7 allowed_burn=0.83 budget_remaining=994 burn_error=-0.987 burn_ratio=0.013
2026-07-09 00:08:56 [info     ] Knative pre-warm OK            cold_start_ms=2.4
2026-07-09 00:08:56 [info     ] controller_decision_v3         action=REACTIVE available_replicas=3 budget_remaining=994 burn_adjustment=-7 burst_ratio=0.2423 capacity_deficit=False confidence=0 current_load=132.04141855948325 decision_id=9ac59a52 k8s_capacity=100.1 k8s_weight=82 knative_weight=18 p99=426.0 predicted_load=0 r_effective=33.4 serverless_enabled=True total_load=132.0 weights_after={'k3s': 82, 'knative': 18} weights_before={'k3s': 100, 'knative': 0}
2026-07-09 00:08:56 [info     ] Weights updated                k3s=82 knative=18
2026-07-09 00:08:56 [info     ] Weights updated                action=REACTIVE reason='load=132RPS | k8s_cap=100RPS | (burst-routing)' weights={'k3s': 82, 'knative': 18}
2026-07-09 00:08:56 [info     ] algorithm2_scaling_decision    action=MAINTAIN alpha=0.014992503748125937 beta=0.0 buffer=1.2 current_replicas=3 predicted_load=115.0270732485166 required_resources=1.725 target_replicas=3
2026-07-09 00:08:56 [debug    ] Decision loop completed        action=REACTIVE latency_ms=112.75 p99=426.0
2026-07-09 00:09:11 [debug    ] burn_rate_adjustment           actual_burn=0.01 adjustment=-7 allowed_burn=0.83 budget_remaining=993 burn_error=-0.986 burn_ratio=0.014
2026-07-09 00:09:11 [info     ] controller_decision_v3         action=REACTIVE available_replicas=3 budget_remaining=993 burn_adjustment=-7 burst_ratio=0.3336 capacity_deficit=False confidence=0 current_load=150.1418134679517 decision_id=6daa7dcf k8s_capacity=100.1 k8s_weight=73 knative_weight=27 p99=426.0 predicted_load=0 r_effective=33.4 serverless_enabled=True total_load=150.1 weights_after={'k3s': 73, 'knative': 27} weights_before={'k3s': 82, 'knative': 18}
2026-07-09 00:09:11 [info     ] Weights updated                k3s=73 knative=27
2026-07-09 00:09:11 [info     ] Weights updated                action=REACTIVE reason='load=150RPS | k8s_cap=100RPS | (burst-routing)' weights={'k3s': 73, 'knative': 27}
2026-07-09 00:09:11 [info     ] algorithm2_scaling_decision    action=MAINTAIN alpha=0.014992503748125937 beta=0.0 buffer=1.2 current_replicas=3 predicted_load=141.09161601371747 required_resources=2.115 target_replicas=3
2026-07-09 00:09:11 [debug    ] Decision loop completed        action=REACTIVE latency_ms=106.87 p99=426.0
2026-07-09 00:09:26 [debug    ] burn_rate_adjustment           actual_burn=0.01 adjustment=-7 allowed_burn=0.83 budget_remaining=992 burn_error=-0.984 burn_ratio=0.016
2026-07-09 00:09:26 [info     ] controller_decision_v3         action=REACTIVE available_replicas=3 budget_remaining=992 burn_adjustment=-7 burst_ratio=0.3751 capacity_deficit=False confidence=0 current_load=160.11570625246412 decision_id=debb9103 k8s_capacity=100.1 k8s_weight=69 knative_weight=31 p99=426.0 predicted_load=0 r_effective=33.4 serverless_enabled=True total_load=160.1 weights_after={'k3s': 69, 'knative': 31} weights_before={'k3s': 73, 'knative': 27}
2026-07-09 00:09:26 [info     ] Weights updated                k3s=69 knative=31
2026-07-09 00:09:26 [info     ] Weights updated                action=REACTIVE reason='load=160RPS | k8s_cap=100RPS | (burst-routing)' weights={'k3s': 69, 'knative': 31}
2026-07-09 00:09:26 [info     ] algorithm2_scaling_decision    action=MAINTAIN alpha=0.014992503748125937 beta=0.0 buffer=1.2 current_replicas=3 predicted_load=155.1287598602079 required_resources=2.326 target_replicas=3
2026-07-09 00:09:26 [debug    ] Decision loop completed        action=REACTIVE latency_ms=112.51 p99=426.0
2026-07-09 00:09:41 [debug    ] burn_rate_adjustment           actual_burn=0.01 adjustment=-7 allowed_burn=0.83 budget_remaining=991 burn_error=-0.983 burn_ratio=0.017
2026-07-09 00:09:41 [info     ] controller_decision_v3         action=RECOVERY available_replicas=3 budget_remaining=991 burn_adjustment=-7 burst_ratio=0.3143 capacity_deficit=False confidence=0 current_load=145.90879909964926 decision_id=e68f2416 k8s_capacity=100.1 k8s_weight=75 knative_weight=25 p99=426.0 predicted_load=0 r_effective=33.4 serverless_enabled=True total_load=145.9 weights_after={'k3s': 75, 'knative': 25} weights_before={'k3s': 69, 'knative': 31}
2026-07-09 00:09:41 [info     ] Weights updated                k3s=75 knative=25
2026-07-09 00:09:41 [info     ] Weights updated                action=RECOVERY reason='load=146RPS | k8s_cap=100RPS | (reducing-serverless)' weights={'k3s': 75, 'knative': 25}
2026-07-09 00:09:41 [info     ] algorithm2_scaling_decision    action=MAINTAIN alpha=0.014992503748125937 beta=0.0 buffer=1.2 current_replicas=3 predicted_load=153.01225267605668 required_resources=2.294 target_replicas=3
2026-07-09 00:09:41 [debug    ] Decision loop completed        action=RECOVERY latency_ms=143.37 p99=426.0
2026-07-09 00:09:56 [debug    ] HAProxy fallback latency       delta_requests=1858 interval_avg_ms=69.0 max_rtime_ms=426.0 p99_est=138.0
2026-07-09 00:09:56 [debug    ] burn_rate_adjustment           actual_burn=0.01 adjustment=-7 allowed_burn=0.83 budget_remaining=991 burn_error=-0.983 burn_ratio=0.017
2026-07-09 00:09:56 [info     ] controller_decision_v3         action=RECOVERY available_replicas=3 budget_remaining=991 burn_adjustment=-7 burst_ratio=0.1845 capacity_deficit=False confidence=0 current_load=122.69065346415438 decision_id=39d0f396 k8s_capacity=100.1 k8s_weight=88 knative_weight=12 p99=138.0 predicted_load=0 r_effective=33.4 serverless_enabled=True total_load=122.7 weights_after={'k3s': 88, 'knative': 12} weights_before={'k3s': 75, 'knative': 25}
2026-07-09 00:09:56 [info     ] Weights updated                k3s=88 knative=12
2026-07-09 00:09:56 [info     ] Weights updated                action=RECOVERY reason='load=123RPS | k8s_cap=100RPS | (reducing-serverless)' weights={'k3s': 88, 'knative': 12}
2026-07-09 00:09:56 [info     ] algorithm2_scaling_decision    action=MAINTAIN alpha=0.014992503748125937 beta=0.0 buffer=1.2 current_replicas=3 predicted_load=134.29972628190183 required_resources=2.013 target_replicas=3
2026-07-09 00:09:56 [debug    ] Decision loop completed        action=RECOVERY latency_ms=161.96 p99=138.0
2026-07-09 00:10:11 [debug    ] HAProxy fallback latency       delta_requests=1787 interval_avg_ms=151.36 max_rtime_ms=426.0 p99_est=302.72
2026-07-09 00:10:11 [debug    ] burn_rate_adjustment           actual_burn=0.02 adjustment=-7 allowed_burn=0.83 budget_remaining=990 burn_error=-0.982 burn_ratio=0.018
2026-07-09 00:10:11 [info     ] controller_decision_v3         action=RECOVERY available_replicas=3 budget_remaining=990 burn_adjustment=-7 burst_ratio=0.1516 capacity_deficit=False confidence=0 current_load=117.92376782151756 decision_id=a63fe83e k8s_capacity=100.1 k8s_weight=91 knative_weight=9 p99=302.7 predicted_load=0 r_effective=33.4 serverless_enabled=True total_load=117.9 weights_after={'k3s': 91, 'knative': 9} weights_before={'k3s': 88, 'knative': 12}
2026-07-09 00:10:11 [info     ] Weights updated                k3s=91 knative=9
2026-07-09 00:10:11 [info     ] Weights updated                action=RECOVERY reason='load=118RPS | k8s_cap=100RPS | (reducing-serverless)' weights={'k3s': 91, 'knative': 9}
2026-07-09 00:10:12 [info     ] algorithm2_scaling_decision    action=MAINTAIN alpha=0.014992503748125937 beta=0.0 buffer=1.2 current_replicas=3 predicted_load=120.30721064283597 required_resources=1.804 target_replicas=3
2026-07-09 00:10:12 [debug    ] Decision loop completed        action=RECOVERY latency_ms=137.13 p99=302.71628427532175
2026-07-09 00:10:27 [debug    ] HAProxy fallback latency       delta_requests=1821 interval_avg_ms=44.06 max_rtime_ms=426.0 p99_est=88.12
2026-07-09 00:10:27 [debug    ] burn_rate_adjustment           actual_burn=0.02 adjustment=-7 allowed_burn=0.83 budget_remaining=990 burn_error=-0.982 burn_ratio=0.018
2026-07-09 00:10:27 [info     ] controller_decision_v3         action=REACTIVE available_replicas=3 budget_remaining=990 burn_adjustment=-7 burst_ratio=0.1684 capacity_deficit=False confidence=0 current_load=120.3034706066612 decision_id=e0bfd1cc k8s_capacity=100.1 k8s_weight=90 knative_weight=10 p99=88.1 predicted_load=0 r_effective=33.4 serverless_enabled=True total_load=120.3 weights_after={'k3s': 90, 'knative': 10} weights_before={'k3s': 91, 'knative': 9}
2026-07-09 00:10:27 [info     ] Weights updated                k3s=90 knative=10
2026-07-09 00:10:27 [info     ] Weights updated                action=REACTIVE reason='load=120RPS | k8s_cap=100RPS | (burst-routing)' weights={'k3s': 90, 'knative': 10}
2026-07-09 00:10:27 [info     ] algorithm2_scaling_decision    action=MAINTAIN alpha=0.014992503748125937 beta=0.0 buffer=1.2 current_replicas=3 predicted_load=119.11361921408937 required_resources=1.786 target_replicas=3
2026-07-09 00:10:27 [debug    ] Decision loop completed        action=REACTIVE latency_ms=113.49 p99=88.11971444261395
2026-07-09 00:10:42 [debug    ] HAProxy fallback latency       delta_requests=1817 interval_avg_ms=100.0 max_rtime_ms=426.0 p99_est=200.0
2026-07-09 00:10:42 [debug    ] burn_rate_adjustment           actual_burn=0.02 adjustment=-7 allowed_burn=0.83 budget_remaining=989 burn_error=-0.981 burn_ratio=0.019
2026-07-09 00:10:42 [info     ] algorithm2_scaling_decision    action=MAINTAIN alpha=0.014992503748125937 beta=0.0 buffer=1.2 current_replicas=3 predicted_load=120.26247532340861 required_resources=1.803 target_replicas=3
2026-07-09 00:10:42 [debug    ] Decision loop completed        action=MAINTAIN latency_ms=106.59 p99=200.00330214639516
2026-07-09 00:10:57 [debug    ] HAProxy fallback latency       delta_requests=1787 interval_avg_ms=72.0 max_rtime_ms=426.0 p99_est=144.0
2026-07-09 00:10:57 [debug    ] burn_rate_adjustment           actual_burn=0.02 adjustment=-7 allowed_burn=0.83 budget_remaining=989 burn_error=-0.981 burn_ratio=0.019
2026-07-09 00:10:57 [info     ] controller_decision_v3         action=RECOVERY available_replicas=3 budget_remaining=989 burn_adjustment=-7 burst_ratio=0.1542 capacity_deficit=False confidence=0 current_load=118.29174415704564 decision_id=f3f867a0 k8s_capacity=100.1 k8s_weight=91 knative_weight=9 p99=144.0 predicted_load=0 r_effective=33.4 serverless_enabled=True total_load=118.3 weights_after={'k3s': 91, 'knative': 9} weights_before={'k3s': 90, 'knative': 10}
2026-07-09 00:10:57 [info     ] Weights updated                k3s=91 knative=9
2026-07-09 00:10:57 [info     ] Weights updated                action=RECOVERY reason='load=118RPS | k8s_cap=100RPS | (reducing-serverless)' weights={'k3s': 91, 'knative': 9}
2026-07-09 00:10:57 [info     ] algorithm2_scaling_decision    action=MAINTAIN alpha=0.014992503748125937 beta=0.0 buffer=1.2 current_replicas=3 predicted_load=119.25661209860083 required_resources=1.788 target_replicas=3
2026-07-09 00:10:57 [debug    ] Decision loop completed        action=RECOVERY latency_ms=144.44 p99=144.0
2026-07-09 00:11:12 [debug    ] HAProxy fallback latency       delta_requests=1558 interval_avg_ms=0.06 max_rtime_ms=426.0 p99_est=0.12
2026-07-09 00:11:12 [debug    ] burn_rate_adjustment           actual_burn=0.02 adjustment=-7 allowed_burn=0.83 budget_remaining=989 burn_error=-0.981 burn_ratio=0.019
2026-07-09 00:11:12 [info     ] controller_decision_v3         action=RECOVERY available_replicas=3 budget_remaining=989 burn_adjustment=-7 burst_ratio=0.0275 capacity_deficit=False confidence=0 current_load=102.87453486872138 decision_id=38c7a2fe k8s_capacity=100.1 k8s_weight=100 knative_weight=0 p99=0.1 predicted_load=0 r_effective=33.4 serverless_enabled=False total_load=102.9 weights_after={'k3s': 100, 'knative': 0} weights_before={'k3s': 91, 'knative': 9}
2026-07-09 00:11:12 [info     ] Weights updated                k3s=100 knative=0
2026-07-09 00:11:12 [info     ] Weights updated                action=RECOVERY reason='load=103RPS | k8s_cap=100RPS | (reducing-serverless)' weights={'k3s': 100, 'knative': 0}
2026-07-09 00:11:12 [info     ] algorithm2_scaling_decision    action=MAINTAIN alpha=0.014992503748125937 beta=0.0 buffer=1.2 current_replicas=3 predicted_load=110.58313951288352 required_resources=1.658 target_replicas=3
2026-07-09 00:11:12 [debug    ] Decision loop completed        action=RECOVERY latency_ms=147.09 p99=0.12066752246469833
2026-07-09 00:11:27 [debug    ] burn_rate_adjustment           actual_burn=0.02 adjustment=-7 allowed_burn=0.83 budget_remaining=989 burn_error=-0.982 burn_ratio=0.018
2026-07-09 00:11:27 [info     ] algorithm2_scaling_decision    action=MAINTAIN alpha=0.014992503748125937 beta=0.0 buffer=1.2 current_replicas=3 predicted_load=93.1617851756616 required_resources=1.397 target_replicas=3
2026-07-09 00:11:27 [debug    ] Decision loop completed        action=MAINTAIN latency_ms=108.74 p99=0.12066752246469833
2026-07-09 00:11:42 [debug    ] HAProxy fallback latency       delta_requests=1118 interval_avg_ms=14.74 max_rtime_ms=426.0 p99_est=29.49
2026-07-09 00:11:42 [debug    ] burn_rate_adjustment           actual_burn=0.01 adjustment=-7 allowed_burn=0.83 budget_remaining=989 burn_error=-0.982 burn_ratio=0.018
2026-07-09 00:11:42 [info     ] algorithm2_scaling_decision    action=MAINTAIN alpha=0.014992503748125937 beta=0.0 buffer=1.2 current_replicas=3 predicted_load=78.75558315557859 required_resources=1.181 target_replicas=3
2026-07-09 00:11:42 [debug    ] Decision loop completed        action=MAINTAIN latency_ms=106.45 p99=29.488372093023255
2026-07-09 00:11:57 [debug    ] HAProxy fallback latency       delta_requests=1043 interval_avg_ms=123.01 max_rtime_ms=426.0 p99_est=246.03
2026-07-09 00:11:57 [debug    ] burn_rate_adjustment           actual_burn=0.02 adjustment=-7 allowed_burn=0.83 budget_remaining=988 burn_error=-0.981 burn_ratio=0.019
2026-07-09 00:11:57 [info     ] algorithm2_scaling_decision    action=MAINTAIN alpha=0.014992503748125937 beta=0.0 buffer=1.2 current_replicas=3 predicted_load=71.55227395433025 required_resources=1.073 target_replicas=3
2026-07-09 00:11:57 [debug    ] Decision loop completed        action=MAINTAIN latency_ms=108.34 p99=246.0268456375839
2026-07-09 00:12:12 [debug    ] HAProxy fallback latency       delta_requests=1171 interval_avg_ms=67.0 max_rtime_ms=426.0 p99_est=134.0
2026-07-09 00:12:12 [debug    ] burn_rate_adjustment           actual_burn=0.02 adjustment=-7 allowed_burn=0.83 budget_remaining=988 burn_error=-0.981 burn_ratio=0.019
2026-07-09 00:12:12 [info     ] algorithm2_scaling_decision    action=MAINTAIN alpha=0.014992503748125937 beta=0.0 buffer=1.2 current_replicas=3 predicted_load=73.24082400569372 required_resources=1.098 target_replicas=3
2026-07-09 00:12:12 [debug    ] Decision loop completed        action=MAINTAIN latency_ms=102.96 p99=134.0
2026-07-09 00:12:27 [debug    ] HAProxy fallback latency       delta_requests=1329 interval_avg_ms=113.63 max_rtime_ms=426.0 p99_est=227.25
2026-07-09 00:12:28 [debug    ] burn_rate_adjustment           actual_burn=0.02 adjustment=-7 allowed_burn=0.83 budget_remaining=987 burn_error=-0.98 burn_ratio=0.02
2026-07-09 00:12:28 [info     ] algorithm2_scaling_decision    action=MAINTAIN alpha=0.014992503748125937 beta=0.0 buffer=1.2 current_replicas=3 predicted_load=82.71511260892477 required_resources=1.24 target_replicas=3
2026-07-09 00:12:28 [debug    ] Decision loop completed        action=MAINTAIN latency_ms=106.36 p99=227.25056433408577
2026-07-09 00:12:43 [debug    ] burn_rate_adjustment           actual_burn=0.02 adjustment=-7 allowed_burn=0.83 budget_remaining=986 burn_error=-0.979 burn_ratio=0.021
2026-07-09 00:12:43 [info     ] algorithm2_scaling_decision    action=MAINTAIN alpha=0.014992503748125937 beta=0.0 buffer=1.2 current_replicas=3 predicted_load=80.40532845836185 required_resources=1.205 target_replicas=3
2026-07-09 00:12:43 [debug    ] Decision loop completed        action=MAINTAIN latency_ms=110.11 p99=227.25056433408577
2026-07-09 00:12:58 [debug    ] burn_rate_adjustment           actual_burn=0.02 adjustment=-7 allowed_burn=0.83 budget_remaining=985 burn_error=-0.978 burn_ratio=0.022
2026-07-09 00:12:58 [info     ] algorithm2_scaling_decision    action=MAINTAIN alpha=0.014992503748125937 beta=0.0 buffer=1.2 current_replicas=3 predicted_load=62.187067668833166 required_resources=0.932 target_replicas=3
2026-07-09 00:12:58 [debug    ] Decision loop completed        action=MAINTAIN latency_ms=111.01 p99=227.25056433408577
2026-07-09 00:13:13 [debug    ] burn_rate_adjustment           actual_burn=0.02 adjustment=-7 allowed_burn=0.83 budget_remaining=984 burn_error=-0.977 burn_ratio=0.023
2026-07-09 00:13:13 [info     ] algorithm2_scaling_decision    action=MAINTAIN alpha=0.014992503748125937 beta=0.0 buffer=1.2 current_replicas=3 predicted_load=49.07064424496785 required_resources=0.736 target_replicas=3
2026-07-09 00:13:13 [debug    ] Decision loop completed        action=MAINTAIN latency_ms=105.08 p99=227.25056433408577
2026-07-09 00:13:28 [debug    ] HAProxy fallback latency       delta_requests=693 interval_avg_ms=64.0 max_rtime_ms=426.0 p99_est=128.0
2026-07-09 00:13:28 [debug    ] burn_rate_adjustment           actual_burn=0.02 adjustment=-7 allowed_burn=0.83 budget_remaining=984 burn_error=-0.977 burn_ratio=0.023
2026-07-09 00:13:28 [info     ] algorithm2_scaling_decision    action=MAINTAIN alpha=0.014992503748125937 beta=0.0 buffer=1.2 current_replicas=3 predicted_load=46.23232825488979 required_resources=0.693 target_replicas=3
2026-07-09 00:13:28 [debug    ] Decision loop completed        action=MAINTAIN latency_ms=108.69 p99=128.0
2026-07-09 00:13:43 [debug    ] HAProxy fallback latency       delta_requests=655 interval_avg_ms=64.0 max_rtime_ms=426.0 p99_est=128.0
2026-07-09 00:13:43 [debug    ] burn_rate_adjustment           actual_burn=0.02 adjustment=-7 allowed_burn=0.83 budget_remaining=984 burn_error=-0.978 burn_ratio=0.022
2026-07-09 00:13:43 [info     ] algorithm2_scaling_decision    action=MAINTAIN alpha=0.014992503748125937 beta=0.0 buffer=1.2 current_replicas=3 predicted_load=44.61638777451719 required_resources=0.669 target_replicas=3
2026-07-09 00:13:43 [debug    ] Decision loop completed        action=MAINTAIN latency_ms=103.96 p99=128.0
2026-07-09 00:13:58 [debug    ] HAProxy fallback latency       delta_requests=632 interval_avg_ms=64.0 max_rtime_ms=426.0 p99_est=128.0
2026-07-09 00:13:58 [debug    ] burn_rate_adjustment           actual_burn=0.02 adjustment=-7 allowed_burn=0.83 budget_remaining=984 burn_error=-0.978 burn_ratio=0.022
2026-07-09 00:13:58 [info     ] algorithm2_scaling_decision    action=MAINTAIN alpha=0.014992503748125937 beta=0.0 buffer=1.2 current_replicas=3 predicted_load=42.598223461104055 required_resources=0.639 target_replicas=3
2026-07-09 00:13:58 [debug    ] Decision loop completed        action=MAINTAIN latency_ms=111.72 p99=128.0
2026-07-09 00:14:13 [debug    ] HAProxy fallback latency       delta_requests=828 interval_avg_ms=145.35 max_rtime_ms=426.0 p99_est=290.69
2026-07-09 00:14:13 [debug    ] burn_rate_adjustment           actual_burn=0.02 adjustment=-7 allowed_burn=0.83 budget_remaining=983 burn_error=-0.977 burn_ratio=0.023
2026-07-09 00:14:13 [info     ] algorithm2_scaling_decision    action=MAINTAIN alpha=0.014992503748125937 beta=0.0 buffer=1.2 current_replicas=3 predicted_load=48.3153165278831 required_resources=0.724 target_replicas=3
2026-07-09 00:14:13 [debug    ] Decision loop completed        action=MAINTAIN latency_ms=109.33 p99=290.69323671497585
2026-07-09 00:14:28 [debug    ] HAProxy fallback latency       delta_requests=1056 interval_avg_ms=65.0 max_rtime_ms=426.0 p99_est=130.0
2026-07-09 00:14:28 [debug    ] burn_rate_adjustment           actual_burn=0.02 adjustment=-7 allowed_burn=0.83 budget_remaining=983 burn_error=-0.978 burn_ratio=0.022
2026-07-09 00:14:28 [info     ] algorithm2_scaling_decision    action=MAINTAIN alpha=0.014992503748125937 beta=0.0 buffer=1.2 current_replicas=3 predicted_load=62.34129638132701 required_resources=0.935 target_replicas=3
2026-07-09 00:14:28 [debug    ] Decision loop completed        action=MAINTAIN latency_ms=106.15 p99=130.0
2026-07-09 00:14:43 [debug    ] HAProxy fallback latency       delta_requests=1075 interval_avg_ms=129.64 max_rtime_ms=426.0 p99_est=259.28
2026-07-09 00:14:43 [debug    ] burn_rate_adjustment           actual_burn=0.02 adjustment=-7 allowed_burn=0.83 budget_remaining=982 burn_error=-0.977 burn_ratio=0.023
2026-07-09 00:14:44 [info     ] algorithm2_scaling_decision    action=MAINTAIN alpha=0.014992503748125937 beta=0.0 buffer=1.2 current_replicas=3 predicted_load=70.52760701004667 required_resources=1.057 target_replicas=3
2026-07-09 00:14:44 [debug    ] Decision loop completed        action=MAINTAIN latency_ms=106.22 p99=259.27627906976744
2026-07-09 00:14:59 [debug    ] HAProxy fallback latency       delta_requests=1051 interval_avg_ms=66.0 max_rtime_ms=426.0 p99_est=132.0
2026-07-09 00:14:59 [debug    ] burn_rate_adjustment           actual_burn=0.02 adjustment=-7 allowed_burn=0.83 budget_remaining=982 burn_error=-0.977 burn_ratio=0.023
2026-07-09 00:14:59 [info     ] algorithm2_scaling_decision    action=MAINTAIN alpha=0.014992503748125937 beta=0.0 buffer=1.2 current_replicas=3 predicted_load=70.33408208701796 required_resources=1.054 target_replicas=3
2026-07-09 00:14:59 [debug    ] Decision loop completed        action=MAINTAIN latency_ms=108.38 p99=132.0
2026-07-09 00:15:14 [debug    ] HAProxy fallback latency       delta_requests=1070 interval_avg_ms=66.0 max_rtime_ms=426.0 p99_est=132.0
2026-07-09 00:15:14 [debug    ] burn_rate_adjustment           actual_burn=0.02 adjustment=-7 allowed_burn=0.83 budget_remaining=982 burn_error=-0.977 burn_ratio=0.023
2026-07-09 00:15:14 [info     ] algorithm2_scaling_decision    action=MAINTAIN alpha=0.014992503748125937 beta=0.0 buffer=1.2 current_replicas=3 predicted_load=70.16302008038085 required_resources=1.052 target_replicas=3
2026-07-09 00:15:14 [debug    ] Decision loop completed        action=MAINTAIN latency_ms=110.45 p99=132.0
2026-07-09 00:15:29 [debug    ] HAProxy fallback latency       delta_requests=1127 interval_avg_ms=66.0 max_rtime_ms=426.0 p99_est=132.0
2026-07-09 00:15:29 [debug    ] burn_rate_adjustment           actual_burn=0.02 adjustment=-7 allowed_burn=0.83 budget_remaining=982 burn_error=-0.978 burn_ratio=0.022
2026-07-09 00:15:29 [info     ] algorithm2_scaling_decision    action=MAINTAIN alpha=0.014992503748125937 beta=0.0 buffer=1.2 current_replicas=3 predicted_load=72.7016175381462 required_resources=1.09 target_replicas=3
2026-07-09 00:15:29 [debug    ] Decision loop completed        action=MAINTAIN latency_ms=105.32 p99=132.0
2026-07-09 00:15:44 [debug    ] HAProxy fallback latency       delta_requests=1387 interval_avg_ms=172.88 max_rtime_ms=426.0 p99_est=345.76
2026-07-09 00:15:44 [debug    ] burn_rate_adjustment           actual_burn=0.02 adjustment=-7 allowed_burn=0.83 budget_remaining=981 burn_error=-0.977 burn_ratio=0.023
2026-07-09 00:15:44 [info     ] algorithm2_scaling_decision    action=MAINTAIN alpha=0.014992503748125937 beta=0.0 buffer=1.2 current_replicas=3 predicted_load=83.17009378209721 required_resources=1.247 target_replicas=3
2026-07-09 00:15:44 [debug    ] Decision loop completed        action=MAINTAIN latency_ms=112.94 p99=345.75919250180243
2026-07-09 00:15:59 [debug    ] HAProxy fallback latency       delta_requests=1635 interval_avg_ms=160.67 max_rtime_ms=426.0 p99_est=321.34
2026-07-09 00:15:59 [debug    ] burn_rate_adjustment           actual_burn=0.02 adjustment=-7 allowed_burn=0.83 budget_remaining=980 burn_error=-0.976 burn_ratio=0.024
2026-07-09 00:15:59 [info     ] Knative pre-warm OK            cold_start_ms=3.0
2026-07-09 00:15:59 [info     ] controller_decision_v3         action=REACTIVE available_replicas=3 budget_remaining=980 burn_adjustment=-7 burst_ratio=0.0752 capacity_deficit=False confidence=0 current_load=108.18784007839102 decision_id=3fa66557 k8s_capacity=100.1 k8s_weight=99 knative_weight=1 p99=321.3 predicted_load=0 r_effective=33.4 serverless_enabled=True total_load=108.2 weights_after={'k3s': 99, 'knative': 1} weights_before={'k3s': 100, 'knative': 0}
2026-07-09 00:15:59 [info     ] Weights updated                k3s=99 knative=1
2026-07-09 00:15:59 [info     ] Weights updated                action=REACTIVE reason='load=108RPS | k8s_cap=100RPS | (burst-routing)' weights={'k3s': 99, 'knative': 1}
2026-07-09 00:15:59 [info     ] algorithm2_scaling_decision    action=MAINTAIN alpha=0.014992503748125937 beta=0.0 buffer=1.2 current_replicas=3 predicted_load=99.97220538284844 required_resources=1.499 target_replicas=3
2026-07-09 00:15:59 [debug    ] Decision loop completed        action=REACTIVE latency_ms=112.35 p99=321.33577981651376
2026-07-09 00:16:14 [debug    ] burn_rate_adjustment           actual_burn=0.02 adjustment=-7 allowed_burn=0.83 budget_remaining=979 burn_error=-0.975 burn_ratio=0.025
2026-07-09 00:16:14 [info     ] controller_decision_v3         action=RECOVERY available_replicas=3 budget_remaining=979 burn_adjustment=-7 burst_ratio=0 capacity_deficit=False confidence=0 current_load=96.34023796986324 decision_id=5b313b12 k8s_capacity=100.1 k8s_weight=100 knative_weight=0 p99=321.3 predicted_load=0 r_effective=33.4 serverless_enabled=False total_load=96.3 weights_after={'k3s': 100, 'knative': 0} weights_before={'k3s': 99, 'knative': 1}
2026-07-09 00:16:14 [info     ] Weights updated                k3s=100 knative=0
2026-07-09 00:16:14 [info     ] Weights updated                action=RECOVERY reason='load=96RPS | k8s_cap=100RPS | (reducing-serverless)' weights={'k3s': 100, 'knative': 0}
2026-07-09 00:16:14 [info     ] algorithm2_scaling_decision    action=MAINTAIN alpha=0.014992503748125937 beta=0.0 buffer=1.2 current_replicas=3 predicted_load=102.26403902412713 required_resources=1.533 target_replicas=3
2026-07-09 00:16:14 [debug    ] Decision loop completed        action=RECOVERY latency_ms=145.81 p99=321.33577981651376
2026-07-09 00:16:29 [debug    ] burn_rate_adjustment           actual_burn=0.02 adjustment=-7 allowed_burn=0.83 budget_remaining=978 burn_error=-0.974 burn_ratio=0.026
2026-07-09 00:16:29 [info     ] algorithm2_scaling_decision    action=MAINTAIN alpha=0.014992503748125937 beta=0.0 buffer=1.2 current_replicas=3 predicted_load=87.52004011682178 required_resources=1.312 target_replicas=3
2026-07-09 00:16:29 [debug    ] Decision loop completed        action=MAINTAIN latency_ms=104.81 p99=321.33577981651376
2026-07-09 00:16:44 [debug    ] HAProxy fallback latency       delta_requests=928 interval_avg_ms=66.0 max_rtime_ms=426.0 p99_est=132.0
2026-07-09 00:16:44 [debug    ] burn_rate_adjustment           actual_burn=0.02 adjustment=-7 allowed_burn=0.83 budget_remaining=978 burn_error=-0.975 burn_ratio=0.025
2026-07-09 00:16:44 [info     ] algorithm2_scaling_decision    action=MAINTAIN alpha=0.014992503748125937 beta=0.0 buffer=1.2 current_replicas=3 predicted_load=70.06996849187696 required_resources=1.051 target_replicas=3
2026-07-09 00:16:44 [debug    ] Decision loop completed        action=MAINTAIN latency_ms=105.09 p99=132.0
2026-07-09 00:17:00 [debug    ] burn_rate_adjustment           actual_burn=0.02 adjustment=-7 allowed_burn=0.83 budget_remaining=978 burn_error=-0.975 burn_ratio=0.025
2026-07-09 00:17:00 [info     ] algorithm2_scaling_decision    action=MAINTAIN alpha=0.014992503748125937 beta=0.0 buffer=1.2 current_replicas=3 predicted_load=53.85751101151958 required_resources=0.807 target_replicas=3
2026-07-09 00:17:00 [debug    ] Decision loop completed        action=MAINTAIN latency_ms=113.78 p99=132.0
2026-07-09 00:17:15 [debug    ] HAProxy fallback latency       delta_requests=658 interval_avg_ms=64.0 max_rtime_ms=426.0 p99_est=128.0
2026-07-09 00:17:15 [debug    ] burn_rate_adjustment           actual_burn=0.02 adjustment=-7 allowed_burn=0.83 budget_remaining=978 burn_error=-0.975 burn_ratio=0.025
2026-07-09 00:17:15 [info     ] algorithm2_scaling_decision    action=MAINTAIN alpha=0.014992503748125937 beta=0.0 buffer=1.2 current_replicas=3 predicted_load=44.90550644197508 required_resources=0.673 target_replicas=3
2026-07-09 00:17:15 [debug    ] Decision loop completed        action=MAINTAIN latency_ms=108.01 p99=128.0
2026-07-09 00:17:30 [debug    ] HAProxy fallback latency       delta_requests=665 interval_avg_ms=64.0 max_rtime_ms=426.0 p99_est=128.0
2026-07-09 00:17:30 [debug    ] burn_rate_adjustment           actual_burn=0.02 adjustment=-7 allowed_burn=0.83 budget_remaining=978 burn_error=-0.976 burn_ratio=0.024
2026-07-09 00:17:30 [info     ] algorithm2_scaling_decision    action=MAINTAIN alpha=0.014992503748125937 beta=0.0 buffer=1.2 current_replicas=3 predicted_load=43.77517334738819 required_resources=0.656 target_replicas=3
2026-07-09 00:17:30 [debug    ] Decision loop completed        action=MAINTAIN latency_ms=107.04 p99=128.0
2026-07-09 00:17:45 [debug    ] HAProxy fallback latency       delta_requests=771 interval_avg_ms=170.51 max_rtime_ms=426.0 p99_est=341.03
2026-07-09 00:17:45 [debug    ] burn_rate_adjustment           actual_burn=0.02 adjustment=-7 allowed_burn=0.83 budget_remaining=977 burn_error=-0.975 burn_ratio=0.025
2026-07-09 00:17:45 [info     ] algorithm2_scaling_decision    action=MAINTAIN alpha=0.014992503748125937 beta=0.0 buffer=1.2 current_replicas=3 predicted_load=47.52483758078187 required_resources=0.713 target_replicas=3
2026-07-09 00:17:45 [debug    ] Decision loop completed        action=MAINTAIN latency_ms=107.31 p99=341.02983138780803
2026-07-09 00:18:00 [debug    ] HAProxy fallback latency       delta_requests=855 interval_avg_ms=65.0 max_rtime_ms=426.0 p99_est=130.0
2026-07-09 00:18:00 [debug    ] burn_rate_adjustment           actual_burn=0.02 adjustment=-7 allowed_burn=0.83 budget_remaining=977 burn_error=-0.975 burn_ratio=0.025
2026-07-09 00:18:00 [info     ] algorithm2_scaling_decision    action=MAINTAIN alpha=0.014992503748125937 beta=0.0 buffer=1.2 current_replicas=3 predicted_load=53.81660777684199 required_resources=0.807 target_replicas=3
2026-07-09 00:18:00 [debug    ] Decision loop completed        action=MAINTAIN latency_ms=103.12 p99=130.0
2026-07-09 00:18:15 [debug    ] HAProxy fallback latency       delta_requests=722 interval_avg_ms=65.0 max_rtime_ms=426.0 p99_est=130.0
2026-07-09 00:18:15 [debug    ] burn_rate_adjustment           actual_burn=0.02 adjustment=-7 allowed_burn=0.83 budget_remaining=977 burn_error=-0.976 burn_ratio=0.024
2026-07-09 00:18:15 [info     ] algorithm2_scaling_decision    action=MAINTAIN alpha=0.014992503748125937 beta=0.0 buffer=1.2 current_replicas=3 predicted_load=52.23271375361242 required_resources=0.783 target_replicas=3
2026-07-09 00:18:15 [debug    ] Decision loop completed        action=MAINTAIN latency_ms=109.43 p99=130.0
2026-07-09 00:18:30 [debug    ] HAProxy fallback latency       delta_requests=581 interval_avg_ms=65.0 max_rtime_ms=426.0 p99_est=130.0
2026-07-09 00:18:30 [debug    ] burn_rate_adjustment           actual_burn=0.02 adjustment=-7 allowed_burn=0.83 budget_remaining=977 burn_error=-0.976 burn_ratio=0.024
2026-07-09 00:18:30 [info     ] algorithm2_scaling_decision    action=MAINTAIN alpha=0.014992503748125937 beta=0.0 buffer=1.2 current_replicas=3 predicted_load=43.15923060733196 required_resources=0.647 target_replicas=3
2026-07-09 00:18:30 [debug    ] Decision loop completed        action=MAINTAIN latency_ms=104.41 p99=130.0
2026-07-09 00:18:45 [debug    ] HAProxy fallback latency       delta_requests=582 interval_avg_ms=65.0 max_rtime_ms=426.0 p99_est=130.0
2026-07-09 00:18:45 [debug    ] burn_rate_adjustment           actual_burn=0.02 adjustment=-7 allowed_burn=0.83 budget_remaining=977 burn_error=-0.976 burn_ratio=0.024
2026-07-09 00:18:45 [info     ] algorithm2_scaling_decision    action=MAINTAIN alpha=0.014992503748125937 beta=0.0 buffer=1.2 current_replicas=3 predicted_load=38.492092448092365 required_resources=0.577 target_replicas=3
2026-07-09 00:18:45 [debug    ] Decision loop completed        action=MAINTAIN latency_ms=108.75 p99=130.0
2026-07-09 00:19:00 [debug    ] HAProxy fallback latency       delta_requests=606 interval_avg_ms=65.0 max_rtime_ms=426.0 p99_est=130.0
2026-07-09 00:19:00 [debug    ] burn_rate_adjustment           actual_burn=0.02 adjustment=-7 allowed_burn=0.83 budget_remaining=977 burn_error=-0.977 burn_ratio=0.023
2026-07-09 00:19:00 [info     ] algorithm2_scaling_decision    action=MAINTAIN alpha=0.014992503748125937 beta=0.0 buffer=1.2 current_replicas=3 predicted_load=39.28829283745462 required_resources=0.589 target_replicas=3
2026-07-09 00:19:00 [debug    ] Decision loop completed        action=MAINTAIN latency_ms=105.67 p99=130.0
2026-07-09 00:19:15 [debug    ] burn_rate_adjustment           actual_burn=0.02 adjustment=-7 allowed_burn=0.83 budget_remaining=977 burn_error=-0.977 burn_ratio=0.023
2026-07-09 00:19:16 [info     ] algorithm2_scaling_decision    action=MAINTAIN alpha=0.014992503748125937 beta=0.0 buffer=1.2 current_replicas=3 predicted_load=40.80840994662178 required_resources=0.612 target_replicas=3
2026-07-09 00:19:16 [debug    ] Decision loop completed        action=MAINTAIN latency_ms=101.81 p99=130.0
2026-07-09 00:19:31 [debug    ] HAProxy fallback latency       delta_requests=660 interval_avg_ms=195.45 max_rtime_ms=426.0 p99_est=390.9
2026-07-09 00:19:31 [debug    ] burn_rate_adjustment           actual_burn=0.02 adjustment=-7 allowed_burn=0.83 budget_remaining=976 burn_error=-0.976 burn_ratio=0.024
2026-07-09 00:19:31 [info     ] algorithm2_scaling_decision    action=MAINTAIN alpha=0.014992503748125937 beta=0.0 buffer=1.2 current_replicas=3 predicted_load=42.636951562020144 required_resources=0.639 target_replicas=3
2026-07-09 00:19:31 [debug    ] Decision loop completed        action=MAINTAIN latency_ms=105.57 p99=390.8969696969697
2026-07-09 00:19:46 [debug    ] HAProxy fallback latency       delta_requests=738 interval_avg_ms=420.67 max_rtime_ms=426.0 p99_est=426.0
2026-07-09 00:19:46 [debug    ] burn_rate_adjustment           actual_burn=0.02 adjustment=-7 allowed_burn=0.83 budget_remaining=975 burn_error=-0.975 burn_ratio=0.025
2026-07-09 00:19:46 [info     ] algorithm2_scaling_decision    action=MAINTAIN alpha=0.014992503748125937 beta=0.0 buffer=1.2 current_replicas=3 predicted_load=46.246064991297445 required_resources=0.693 target_replicas=3
2026-07-09 00:19:46 [debug    ] Decision loop completed        action=MAINTAIN latency_ms=103.95 p99=426.0
2026-07-09 00:20:01 [debug    ] HAProxy fallback latency       delta_requests=346 interval_avg_ms=68.0 max_rtime_ms=426.0 p99_est=136.0
2026-07-09 00:20:01 [debug    ] burn_rate_adjustment           actual_burn=0.02 adjustment=-7 allowed_burn=0.83 budget_remaining=975 burn_error=-0.976 burn_ratio=0.024
2026-07-09 00:20:01 [info     ] algorithm2_scaling_decision    action=MAINTAIN alpha=0.014992503748125937 beta=0.0 buffer=1.2 current_replicas=3 predicted_load=35.915323997515586 required_resources=0.538 target_replicas=3
2026-07-09 00:20:01 [debug    ] Decision loop completed        action=MAINTAIN latency_ms=107.83 p99=136.0
2026-07-09 00:20:16 [info     ] algorithm2_scaling_decision    action=MAINTAIN alpha=0.014992503748125937 beta=0.0 buffer=1.2 current_replicas=3 predicted_load=11.519418617704295 required_resources=0.173 target_replicas=3
2026-07-09 00:20:16 [debug    ] Decision loop completed        action=MAINTAIN latency_ms=99.89 p99=136.0
2026-07-09 00:20:31 [info     ] algorithm2_scaling_decision    action=MAINTAIN alpha=0.014992503748125937 beta=0.0 buffer=1.2 current_replicas=3 predicted_load=0.0 required_resources=0.0 target_replicas=3
2026-07-09 00:20:31 [debug    ] Decision loop completed        action=MAINTAIN latency_ms=107.79 p99=136.0
2026-07-09 00:20:46 [info     ] algorithm2_scaling_decision    action=MAINTAIN alpha=0.014992503748125937 beta=0.0 buffer=1.2 current_replicas=3 predicted_load=0.0 required_resources=0.0 target_replicas=3
2026-07-09 00:20:46 [debug    ] Decision loop completed        action=MAINTAIN latency_ms=106.19 p99=136.0
2026-07-09 00:20:53 [info     ] Received shutdown signal
2026-07-09 00:20:53 [info     ] Stopping routing daemon...
2026-07-09 00:20:53 [info     ] Routing daemon stopped
