2026-07-07 17:27:21 [info     ] SLOMonitor initialized         threshold_ms=200.0 violation_window=30
2026-07-07 17:27:21 [info     ] Algorithm1ControllerV3 initialized max_knative=50 r_saturation=66.7 target_cpu_util=0.7 total_budget=1000
2026-07-07 17:27:21 [info     ] Using V3 controller (Capacity-Driven) scenario=s3-hybrid-reactive version=v3
2026-07-07 17:27:21 [info     ] HAProxyWeightAdjuster initialized backend=servers host=localhost port=19999
2026-07-07 17:27:21 [info     ] GRUClient initialized          base_url=http://localhost:8090
2026-07-07 17:27:21 [info     ] K8sScaler initialized          deployment=test-app-warm namespace=default
2026-07-07 17:27:21 [info     ] RoutingDaemon initialized      decision_interval=15 description='Algorithm 1 reactive routing without predictions' scenario=s3-hybrid-reactive use_algorithm=True use_predictions=False
2026-07-07 17:27:21 [info     ] Starting routing daemon        interval=15 scenario=s3-hybrid-reactive
2026-07-07 17:27:21 [info     ] Weights updated                k3s=80 knative=20
2026-07-07 17:27:21 [info     ] Initial weights applied        k3s=80 knative=20
2026-07-07 17:27:21 [debug    ] HAProxy fallback primed        total_requests=0
2026-07-07 17:27:21 [info     ] algorithm2_scaling_decision    action=MAINTAIN alpha=0.014992503748125937 beta=0.0 buffer=1.2 current_replicas=3 predicted_load=0.0 required_resources=0.0 target_replicas=3
2026-07-07 17:27:21 [debug    ] Decision loop completed        action=MAINTAIN latency_ms=109.47 p99=0.0
2026-07-07 17:27:36 [info     ] algorithm2_scaling_decision    action=MAINTAIN alpha=0.014992503748125937 beta=0.0 buffer=1.2 current_replicas=3 predicted_load=0.0 required_resources=0.0 target_replicas=3
2026-07-07 17:27:36 [debug    ] Decision loop completed        action=MAINTAIN latency_ms=110.6 p99=0.0
2026-07-07 17:27:51 [info     ] algorithm2_scaling_decision    action=MAINTAIN alpha=0.014992503748125937 beta=0.0 buffer=1.2 current_replicas=3 predicted_load=0.0 required_resources=0.0 target_replicas=3
2026-07-07 17:27:51 [debug    ] Decision loop completed        action=MAINTAIN latency_ms=108.05 p99=0.0
2026-07-07 17:28:06 [debug    ] HAProxy fallback latency       delta_requests=642 interval_avg_ms=60.0 max_rtime_ms=84.0 p99_est=84.0
2026-07-07 17:28:06 [debug    ] burn_rate_adjustment           actual_burn=0.0 adjustment=-5 allowed_burn=0.83 budget_remaining=1000 burn_error=-1.0 burn_ratio=0.0
2026-07-07 17:28:06 [info     ] controller_decision_v3         action=RECOVERY available_replicas=3 budget_remaining=1000 burn_adjustment=-5 burst_ratio=0 capacity_deficit=False confidence=0 current_load=42.36437154750923 decision_id=ec9142be k8s_capacity=140.1 k8s_weight=100 knative_weight=0 p99=84.0 predicted_load=0 r_effective=46.7 serverless_enabled=False total_load=42.4 weights_after={'k3s': 100, 'knative': 0} weights_before={'k3s': 80, 'knative': 20}
2026-07-07 17:28:06 [info     ] Weights updated                k3s=100 knative=0
2026-07-07 17:28:06 [info     ] Weights updated                action=RECOVERY reason='load=42RPS | k8s_cap=140RPS | (reducing-serverless)' weights={'k3s': 100, 'knative': 0}
2026-07-07 17:28:06 [info     ] algorithm2_scaling_decision    action=MAINTAIN alpha=0.014992503748125937 beta=0.0 buffer=1.2 current_replicas=3 predicted_load=21.182185773754615 required_resources=0.318 target_replicas=3
2026-07-07 17:28:06 [debug    ] Decision loop completed        action=RECOVERY latency_ms=151.83 p99=84.0
2026-07-07 17:28:21 [debug    ] HAProxy fallback latency       delta_requests=666 interval_avg_ms=60.0 max_rtime_ms=112.0 p99_est=112.0
2026-07-07 17:28:22 [debug    ] burn_rate_adjustment           actual_burn=0.0 adjustment=-6 allowed_burn=0.83 budget_remaining=1000 burn_error=-1.0 burn_ratio=0.0
2026-07-07 17:28:22 [info     ] algorithm2_scaling_decision    action=MAINTAIN alpha=0.014992503748125937 beta=0.0 buffer=1.2 current_replicas=3 predicted_load=43.19287876940738 required_resources=0.648 target_replicas=3
2026-07-07 17:28:22 [debug    ] Decision loop completed        action=MAINTAIN latency_ms=103.77 p99=112.0
2026-07-07 17:28:37 [debug    ] HAProxy fallback latency       delta_requests=716 interval_avg_ms=91.09 max_rtime_ms=184.0 p99_est=182.19
2026-07-07 17:28:37 [debug    ] burn_rate_adjustment           actual_burn=0.0 adjustment=-6 allowed_burn=0.83 budget_remaining=1000 burn_error=-1.0 burn_ratio=0.0
2026-07-07 17:28:37 [info     ] algorithm2_scaling_decision    action=MAINTAIN alpha=0.014992503748125937 beta=0.0 buffer=1.2 current_replicas=3 predicted_load=45.67951492162932 required_resources=0.685 target_replicas=3
2026-07-07 17:28:37 [debug    ] Decision loop completed        action=MAINTAIN latency_ms=110.34 p99=182.18994413407822
2026-07-07 17:28:52 [debug    ] HAProxy fallback latency       delta_requests=823 interval_avg_ms=102.13 max_rtime_ms=184.0 p99_est=184.0
2026-07-07 17:28:52 [debug    ] burn_rate_adjustment           actual_burn=0.0 adjustment=-7 allowed_burn=0.83 budget_remaining=1000 burn_error=-1.0 burn_ratio=0.0
2026-07-07 17:28:52 [info     ] algorithm2_scaling_decision    action=MAINTAIN alpha=0.014992503748125937 beta=0.0 buffer=1.2 current_replicas=3 predicted_load=50.90246071195652 required_resources=0.763 target_replicas=3
2026-07-07 17:28:52 [debug    ] Decision loop completed        action=MAINTAIN latency_ms=110.77 p99=184.0
2026-07-07 17:29:07 [debug    ] HAProxy fallback latency       delta_requests=767 interval_avg_ms=18.75 max_rtime_ms=184.0 p99_est=37.49
2026-07-07 17:29:07 [debug    ] burn_rate_adjustment           actual_burn=0.0 adjustment=-7 allowed_burn=0.83 budget_remaining=1000 burn_error=-1.0 burn_ratio=0.0
2026-07-07 17:29:07 [info     ] algorithm2_scaling_decision    action=MAINTAIN alpha=0.014992503748125937 beta=0.0 buffer=1.2 current_replicas=3 predicted_load=52.61280128330954 required_resources=0.789 target_replicas=3
2026-07-07 17:29:07 [debug    ] Decision loop completed        action=MAINTAIN latency_ms=109.34 p99=37.49152542372882
2026-07-07 17:29:22 [debug    ] HAProxy fallback latency       delta_requests=546 interval_avg_ms=36.52 max_rtime_ms=184.0 p99_est=73.05
2026-07-07 17:29:22 [debug    ] burn_rate_adjustment           actual_burn=0.0 adjustment=-7 allowed_burn=0.83 budget_remaining=1000 burn_error=-1.0 burn_ratio=0.0
2026-07-07 17:29:22 [info     ] algorithm2_scaling_decision    action=MAINTAIN alpha=0.014992503748125937 beta=0.0 buffer=1.2 current_replicas=3 predicted_load=43.480070428615875 required_resources=0.652 target_replicas=3
2026-07-07 17:29:22 [debug    ] Decision loop completed        action=MAINTAIN latency_ms=110.31 p99=73.04761904761905
2026-07-07 17:29:37 [debug    ] HAProxy fallback latency       delta_requests=411 interval_avg_ms=40.76 max_rtime_ms=184.0 p99_est=81.51
2026-07-07 17:29:37 [debug    ] burn_rate_adjustment           actual_burn=0.0 adjustment=-7 allowed_burn=0.83 budget_remaining=1000 burn_error=-1.0 burn_ratio=0.0
2026-07-07 17:29:37 [info     ] algorithm2_scaling_decision    action=MAINTAIN alpha=0.014992503748125937 beta=0.0 buffer=1.2 current_replicas=3 predicted_load=31.700490367853373 required_resources=0.475 target_replicas=3
2026-07-07 17:29:37 [debug    ] Decision loop completed        action=MAINTAIN latency_ms=106.86 p99=81.51338199513383
2026-07-07 17:29:52 [debug    ] HAProxy fallback latency       delta_requests=358 interval_avg_ms=61.0 max_rtime_ms=184.0 p99_est=122.0
2026-07-07 17:29:52 [debug    ] burn_rate_adjustment           actual_burn=0.0 adjustment=-7 allowed_burn=0.83 budget_remaining=1000 burn_error=-1.0 burn_ratio=0.0
2026-07-07 17:29:52 [info     ] algorithm2_scaling_decision    action=MAINTAIN alpha=0.014992503748125937 beta=0.0 buffer=1.2 current_replicas=3 predicted_load=25.448710566245623 required_resources=0.382 target_replicas=3
2026-07-07 17:29:52 [debug    ] Decision loop completed        action=MAINTAIN latency_ms=112.05 p99=122.0
2026-07-07 17:30:07 [debug    ] HAProxy fallback latency       delta_requests=484 interval_avg_ms=49.82 max_rtime_ms=184.0 p99_est=99.63
2026-07-07 17:30:07 [debug    ] burn_rate_adjustment           actual_burn=0.0 adjustment=-7 allowed_burn=0.83 budget_remaining=1000 burn_error=-1.0 burn_ratio=0.0
2026-07-07 17:30:07 [info     ] algorithm2_scaling_decision    action=MAINTAIN alpha=0.014992503748125937 beta=0.0 buffer=1.2 current_replicas=3 predicted_load=27.828546491293014 required_resources=0.417 target_replicas=3
2026-07-07 17:30:07 [debug    ] Decision loop completed        action=MAINTAIN latency_ms=108.71 p99=99.63223140495867
2026-07-07 17:30:22 [debug    ] HAProxy fallback latency       delta_requests=773 interval_avg_ms=68.0 max_rtime_ms=184.0 p99_est=136.01
2026-07-07 17:30:22 [debug    ] burn_rate_adjustment           actual_burn=0.0 adjustment=-7 allowed_burn=0.83 budget_remaining=1000 burn_error=-1.0 burn_ratio=0.0
2026-07-07 17:30:22 [info     ] algorithm2_scaling_decision    action=MAINTAIN alpha=0.014992503748125937 beta=0.0 buffer=1.2 current_replicas=3 predicted_load=41.56179668672509 required_resources=0.623 target_replicas=3
2026-07-07 17:30:22 [debug    ] Decision loop completed        action=MAINTAIN latency_ms=108.55 p99=136.0051746442432
2026-07-07 17:30:37 [debug    ] HAProxy fallback latency       delta_requests=813 interval_avg_ms=104.04 max_rtime_ms=184.0 p99_est=184.0
2026-07-07 17:30:38 [debug    ] burn_rate_adjustment           actual_burn=0.0 adjustment=-7 allowed_burn=0.83 budget_remaining=1000 burn_error=-1.0 burn_ratio=0.0
2026-07-07 17:30:38 [info     ] algorithm2_scaling_decision    action=MAINTAIN alpha=0.014992503748125937 beta=0.0 buffer=1.2 current_replicas=3 predicted_load=52.450261409495695 required_resources=0.786 target_replicas=3
2026-07-07 17:30:38 [debug    ] Decision loop completed        action=MAINTAIN latency_ms=221.87 p99=184.0
2026-07-07 17:30:53 [debug    ] HAProxy fallback latency       delta_requests=642 interval_avg_ms=77.9 max_rtime_ms=237.0 p99_est=155.8
2026-07-07 17:30:53 [debug    ] burn_rate_adjustment           actual_burn=0.0 adjustment=-7 allowed_burn=0.83 budget_remaining=1000 burn_error=-1.0 burn_ratio=0.0
2026-07-07 17:30:53 [info     ] algorithm2_scaling_decision    action=MAINTAIN alpha=0.014992503748125937 beta=0.0 buffer=1.2 current_replicas=3 predicted_load=47.98989098509201 required_resources=0.719 target_replicas=3
2026-07-07 17:30:53 [debug    ] Decision loop completed        action=MAINTAIN latency_ms=192.18 p99=155.80373831775702
2026-07-07 17:31:08 [debug    ] HAProxy fallback latency       delta_requests=660 interval_avg_ms=192.77 max_rtime_ms=370.0 p99_est=370.0
2026-07-07 17:31:08 [debug    ] burn_rate_adjustment           actual_burn=0.0 adjustment=-7 allowed_burn=0.83 budget_remaining=999 burn_error=-0.995 burn_ratio=0.005
2026-07-07 17:31:08 [info     ] algorithm2_scaling_decision    action=MAINTAIN alpha=0.014992503748125937 beta=0.0 buffer=1.2 current_replicas=3 predicted_load=42.87773804328192 required_resources=0.643 target_replicas=3
2026-07-07 17:31:08 [debug    ] Decision loop completed        action=MAINTAIN latency_ms=113.59 p99=370.0
2026-07-07 17:31:23 [debug    ] HAProxy fallback latency       delta_requests=833 interval_avg_ms=307.27 max_rtime_ms=370.0 p99_est=370.0
2026-07-07 17:31:23 [debug    ] burn_rate_adjustment           actual_burn=0.01 adjustment=-7 allowed_burn=0.83 budget_remaining=998 burn_error=-0.99 burn_ratio=0.01
2026-07-07 17:31:23 [info     ] algorithm2_scaling_decision    action=MAINTAIN alpha=0.014992503748125937 beta=0.0 buffer=1.2 current_replicas=3 predicted_load=49.28029009883176 required_resources=0.739 target_replicas=3
2026-07-07 17:31:23 [debug    ] Decision loop completed        action=MAINTAIN latency_ms=110.27 p99=370.0
2026-07-07 17:31:38 [debug    ] HAProxy fallback latency       delta_requests=916 interval_avg_ms=119.94 max_rtime_ms=370.0 p99_est=239.89
2026-07-07 17:31:38 [debug    ] burn_rate_adjustment           actual_burn=0.01 adjustment=-7 allowed_burn=0.83 budget_remaining=997 burn_error=-0.986 burn_ratio=0.014
2026-07-07 17:31:38 [info     ] algorithm2_scaling_decision    action=MAINTAIN alpha=0.014992503748125937 beta=0.0 buffer=1.2 current_replicas=3 predicted_load=57.83527431410219 required_resources=0.867 target_replicas=3
2026-07-07 17:31:38 [debug    ] Decision loop completed        action=MAINTAIN latency_ms=107.81 p99=239.88646288209608
2026-07-07 17:31:53 [debug    ] burn_rate_adjustment           actual_burn=0.01 adjustment=-7 allowed_burn=0.83 budget_remaining=996 burn_error=-0.982 burn_ratio=0.018
2026-07-07 17:31:53 [info     ] algorithm2_scaling_decision    action=MAINTAIN alpha=0.014992503748125937 beta=0.0 buffer=1.2 current_replicas=3 predicted_load=61.12195446839953 required_resources=0.916 target_replicas=3
2026-07-07 17:31:53 [debug    ] Decision loop completed        action=MAINTAIN latency_ms=108.98 p99=239.88646288209608
2026-07-07 17:32:08 [debug    ] HAProxy fallback latency       delta_requests=1004 interval_avg_ms=254.12 max_rtime_ms=370.0 p99_est=370.0
2026-07-07 17:32:08 [debug    ] burn_rate_adjustment           actual_burn=0.02 adjustment=-7 allowed_burn=0.83 budget_remaining=995 burn_error=-0.979 burn_ratio=0.021
2026-07-07 17:32:08 [info     ] algorithm2_scaling_decision    action=MAINTAIN alpha=0.014992503748125937 beta=0.0 buffer=1.2 current_replicas=3 predicted_load=64.03699028200151 required_resources=0.96 target_replicas=3
2026-07-07 17:32:08 [debug    ] Decision loop completed        action=MAINTAIN latency_ms=112.08 p99=370.0
2026-07-07 17:32:23 [debug    ] HAProxy fallback latency       delta_requests=1120 interval_avg_ms=241.41 max_rtime_ms=385.0 p99_est=385.0
2026-07-07 17:32:23 [debug    ] burn_rate_adjustment           actual_burn=0.02 adjustment=-7 allowed_burn=0.83 budget_remaining=994 burn_error=-0.976 burn_ratio=0.024
2026-07-07 17:32:24 [info     ] algorithm2_scaling_decision    action=MAINTAIN alpha=0.014992503748125937 beta=0.0 buffer=1.2 current_replicas=3 predicted_load=70.2479601394203 required_resources=1.053 target_replicas=3
2026-07-07 17:32:24 [debug    ] Decision loop completed        action=MAINTAIN latency_ms=113.39 p99=385.0
2026-07-07 17:32:39 [debug    ] HAProxy fallback latency       delta_requests=1275 interval_avg_ms=79.16 max_rtime_ms=466.0 p99_est=158.33
2026-07-07 17:32:39 [debug    ] burn_rate_adjustment           actual_burn=0.02 adjustment=-7 allowed_burn=0.83 budget_remaining=994 burn_error=-0.977 burn_ratio=0.023
2026-07-07 17:32:39 [info     ] algorithm2_scaling_decision    action=MAINTAIN alpha=0.014992503748125937 beta=0.0 buffer=1.2 current_replicas=3 predicted_load=79.20347053934185 required_resources=1.187 target_replicas=3
2026-07-07 17:32:39 [debug    ] Decision loop completed        action=MAINTAIN latency_ms=108.13 p99=158.3294117647059
2026-07-07 17:32:54 [debug    ] HAProxy fallback latency       delta_requests=1458 interval_avg_ms=457.61 max_rtime_ms=684.0 p99_est=684.0
2026-07-07 17:32:54 [debug    ] burn_rate_adjustment           actual_burn=0.02 adjustment=-7 allowed_burn=0.83 budget_remaining=993 burn_error=-0.975 burn_ratio=0.025
2026-07-07 17:32:54 [info     ] algorithm2_scaling_decision    action=MAINTAIN alpha=0.014992503748125937 beta=0.0 buffer=1.2 current_replicas=3 predicted_load=90.4318011998739 required_resources=1.356 target_replicas=3
2026-07-07 17:32:54 [debug    ] Decision loop completed        action=MAINTAIN latency_ms=110.44 p99=684.0
2026-07-07 17:33:09 [debug    ] HAProxy fallback latency       delta_requests=1669 interval_avg_ms=2197.94 max_rtime_ms=1442.0 p99_est=1442.0
2026-07-07 17:33:09 [debug    ] burn_rate_adjustment           actual_burn=0.02 adjustment=-7 allowed_burn=0.83 budget_remaining=992 burn_error=-0.972 burn_ratio=0.028
2026-07-07 17:33:09 [info     ] algorithm2_scaling_decision    action=MAINTAIN alpha=0.014992503748125937 beta=0.0 buffer=1.2 current_replicas=3 predicted_load=103.44354910819578 required_resources=1.551 target_replicas=3
2026-07-07 17:33:09 [debug    ] Decision loop completed        action=MAINTAIN latency_ms=108.52 p99=1442.0
2026-07-07 17:33:24 [debug    ] HAProxy fallback latency       delta_requests=1819 interval_avg_ms=14596.1 max_rtime_ms=5061.0 p99_est=5061.0
2026-07-07 17:33:24 [debug    ] burn_rate_adjustment           actual_burn=0.02 adjustment=-7 allowed_burn=0.83 budget_remaining=991 burn_error=-0.97 burn_ratio=0.03
2026-07-07 17:33:24 [info     ] algorithm2_scaling_decision    action=MAINTAIN alpha=0.014992503748125937 beta=0.0 buffer=1.2 current_replicas=3 predicted_load=115.3584961510457 required_resources=1.73 target_replicas=3
2026-07-07 17:33:24 [debug    ] Decision loop completed        action=MAINTAIN latency_ms=104.57 p99=5061.0
2026-07-07 17:33:39 [debug    ] HAProxy fallback latency       delta_requests=1661 interval_avg_ms=12255.63 max_rtime_ms=7285.0 p99_est=7285.0
2026-07-07 17:33:39 [debug    ] burn_rate_adjustment           actual_burn=0.03 adjustment=-7 allowed_burn=0.83 budget_remaining=990 burn_error=-0.968 burn_ratio=0.032
2026-07-07 17:33:39 [info     ] algorithm2_scaling_decision    action=MAINTAIN alpha=0.014992503748125937 beta=0.0 buffer=1.2 current_replicas=3 predicted_load=115.18135243827052 required_resources=1.727 target_replicas=3
2026-07-07 17:33:39 [debug    ] Decision loop completed        action=MAINTAIN latency_ms=104.13 p99=7285.0
2026-07-07 17:33:54 [debug    ] burn_rate_adjustment           actual_burn=0.03 adjustment=-7 allowed_burn=0.83 budget_remaining=989 burn_error=-0.966 burn_ratio=0.034
2026-07-07 17:33:54 [info     ] algorithm2_scaling_decision    action=MAINTAIN alpha=0.014992503748125937 beta=0.0 buffer=1.2 current_replicas=3 predicted_load=98.41469005771376 required_resources=1.475 target_replicas=3
2026-07-07 17:33:54 [debug    ] Decision loop completed        action=MAINTAIN latency_ms=108.44 p99=7285.0
2026-07-07 17:34:09 [debug    ] burn_rate_adjustment           actual_burn=0.03 adjustment=-7 allowed_burn=0.83 budget_remaining=988 burn_error=-0.965 burn_ratio=0.035
2026-07-07 17:34:09 [info     ] algorithm2_scaling_decision    action=MAINTAIN alpha=0.014992503748125937 beta=0.0 buffer=1.2 current_replicas=3 predicted_load=80.72874677493357 required_resources=1.21 target_replicas=3
2026-07-07 17:34:09 [debug    ] Decision loop completed        action=MAINTAIN latency_ms=103.77 p99=7285.0
2026-07-07 17:34:24 [debug    ] burn_rate_adjustment           actual_burn=0.03 adjustment=-7 allowed_burn=0.83 budget_remaining=987 burn_error=-0.963 burn_ratio=0.037
2026-07-07 17:34:24 [info     ] algorithm2_scaling_decision    action=MAINTAIN alpha=0.014992503748125937 beta=0.0 buffer=1.2 current_replicas=3 predicted_load=72.8805887252509 required_resources=1.093 target_replicas=3
2026-07-07 17:34:24 [debug    ] Decision loop completed        action=MAINTAIN latency_ms=108.16 p99=7285.0
2026-07-07 17:34:39 [debug    ] burn_rate_adjustment           actual_burn=0.03 adjustment=-7 allowed_burn=0.83 budget_remaining=986 burn_error=-0.962 burn_ratio=0.038
2026-07-07 17:34:39 [info     ] algorithm2_scaling_decision    action=MAINTAIN alpha=0.014992503748125937 beta=0.0 buffer=1.2 current_replicas=3 predicted_load=66.85921196174309 required_resources=1.002 target_replicas=3
2026-07-07 17:34:39 [debug    ] Decision loop completed        action=MAINTAIN latency_ms=111.67 p99=7285.0
2026-07-07 17:34:55 [debug    ] HAProxy fallback latency       delta_requests=793 interval_avg_ms=128.17 max_rtime_ms=7288.0 p99_est=256.34
2026-07-07 17:34:55 [debug    ] burn_rate_adjustment           actual_burn=0.03 adjustment=-7 allowed_burn=0.83 budget_remaining=985 burn_error=-0.96 burn_ratio=0.04
2026-07-07 17:34:55 [info     ] algorithm2_scaling_decision    action=MAINTAIN alpha=0.014992503748125937 beta=0.0 buffer=1.2 current_replicas=3 predicted_load=57.546241015660854 required_resources=0.863 target_replicas=3
2026-07-07 17:34:55 [debug    ] Decision loop completed        action=MAINTAIN latency_ms=107.33 p99=256.34300126103403
2026-07-07 17:35:10 [debug    ] HAProxy fallback latency       delta_requests=1198 interval_avg_ms=544.91 max_rtime_ms=7288.0 p99_est=1089.83
2026-07-07 17:35:10 [debug    ] burn_rate_adjustment           actual_burn=0.03 adjustment=-7 allowed_burn=0.83 budget_remaining=984 burn_error=-0.959 burn_ratio=0.041
2026-07-07 17:35:10 [info     ] algorithm2_scaling_decision    action=MAINTAIN alpha=0.014992503748125937 beta=0.0 buffer=1.2 current_replicas=3 predicted_load=65.82303485436384 required_resources=0.987 target_replicas=3
2026-07-07 17:35:10 [debug    ] Decision loop completed        action=MAINTAIN latency_ms=108.31 p99=1089.8280467445743
2026-07-07 17:35:25 [debug    ] HAProxy fallback latency       delta_requests=1869 interval_avg_ms=17614.09 max_rtime_ms=7288.0 p99_est=7288.0
2026-07-07 17:35:25 [debug    ] burn_rate_adjustment           actual_burn=0.04 adjustment=-7 allowed_burn=0.83 budget_remaining=983 burn_error=-0.958 burn_ratio=0.042
2026-07-07 17:35:25 [info     ] algorithm2_scaling_decision    action=MAINTAIN alpha=0.014992503748125937 beta=0.0 buffer=1.2 current_replicas=3 predicted_load=101.36988404216524 required_resources=1.52 target_replicas=3
2026-07-07 17:35:25 [debug    ] Decision loop completed        action=MAINTAIN latency_ms=120.07 p99=7288.0
2026-07-07 17:35:40 [debug    ] HAProxy fallback latency       delta_requests=826 interval_avg_ms=68101.81 max_rtime_ms=7690.0 p99_est=7690.0
2026-07-07 17:35:40 [debug    ] burn_rate_adjustment           actual_burn=0.04 adjustment=-7 allowed_burn=0.83 budget_remaining=982 burn_error=-0.957 burn_ratio=0.043
2026-07-07 17:35:40 [info     ] algorithm2_scaling_decision    action=MAINTAIN alpha=0.014992503748125937 beta=0.0 buffer=1.2 current_replicas=3 predicted_load=89.2961594132062 required_resources=1.339 target_replicas=3
2026-07-07 17:35:40 [debug    ] Decision loop completed        action=MAINTAIN latency_ms=109.93 p99=7690.0
2026-07-07 17:35:55 [info     ] algorithm2_scaling_decision    action=MAINTAIN alpha=0.014992503748125937 beta=0.0 buffer=1.2 current_replicas=3 predicted_load=27.511613930371603 required_resources=0.412 target_replicas=3
2026-07-07 17:35:55 [debug    ] Decision loop completed        action=MAINTAIN latency_ms=107.14 p99=7690.0
2026-07-07 17:36:10 [info     ] algorithm2_scaling_decision    action=MAINTAIN alpha=0.014992503748125937 beta=0.0 buffer=1.2 current_replicas=3 predicted_load=0.0 required_resources=0.0 target_replicas=3
2026-07-07 17:36:10 [debug    ] Decision loop completed        action=MAINTAIN latency_ms=110.0 p99=7690.0
2026-07-07 17:36:25 [info     ] algorithm2_scaling_decision    action=MAINTAIN alpha=0.014992503748125937 beta=0.0 buffer=1.2 current_replicas=3 predicted_load=0.0 required_resources=0.0 target_replicas=3
2026-07-07 17:36:25 [debug    ] Decision loop completed        action=MAINTAIN latency_ms=104.86 p99=7690.0
2026-07-07 17:36:40 [info     ] algorithm2_scaling_decision    action=MAINTAIN alpha=0.014992503748125937 beta=0.0 buffer=1.2 current_replicas=3 predicted_load=0.0 required_resources=0.0 target_replicas=3
2026-07-07 17:36:40 [debug    ] Decision loop completed        action=MAINTAIN latency_ms=212.03 p99=7690.0
2026-07-07 17:36:56 [info     ] algorithm2_scaling_decision    action=MAINTAIN alpha=0.014992503748125937 beta=0.0 buffer=1.2 current_replicas=3 predicted_load=0.0 required_resources=0.0 target_replicas=3
2026-07-07 17:36:56 [debug    ] Decision loop completed        action=MAINTAIN latency_ms=107.47 p99=7690.0
2026-07-07 17:37:11 [info     ] algorithm2_scaling_decision    action=MAINTAIN alpha=0.014992503748125937 beta=0.0 buffer=1.2 current_replicas=3 predicted_load=0.0 required_resources=0.0 target_replicas=3
2026-07-07 17:37:11 [debug    ] Decision loop completed        action=MAINTAIN latency_ms=108.29 p99=7690.0
2026-07-07 17:37:26 [info     ] algorithm2_scaling_decision    action=MAINTAIN alpha=0.014992503748125937 beta=0.0 buffer=1.2 current_replicas=3 predicted_load=0.0 required_resources=0.0 target_replicas=3
2026-07-07 17:37:26 [debug    ] Decision loop completed        action=MAINTAIN latency_ms=109.48 p99=7690.0
2026-07-07 17:37:41 [info     ] algorithm2_scaling_decision    action=MAINTAIN alpha=0.014992503748125937 beta=0.0 buffer=1.2 current_replicas=3 predicted_load=0.0 required_resources=0.0 target_replicas=3
2026-07-07 17:37:41 [debug    ] Decision loop completed        action=MAINTAIN latency_ms=105.55 p99=7690.0
2026-07-07 17:37:56 [info     ] algorithm2_scaling_decision    action=MAINTAIN alpha=0.014992503748125937 beta=0.0 buffer=1.2 current_replicas=3 predicted_load=0.0 required_resources=0.0 target_replicas=3
2026-07-07 17:37:56 [debug    ] Decision loop completed        action=MAINTAIN latency_ms=103.18 p99=7690.0
2026-07-07 17:38:11 [info     ] algorithm2_scaling_decision    action=MAINTAIN alpha=0.014992503748125937 beta=0.0 buffer=1.2 current_replicas=3 predicted_load=0.0 required_resources=0.0 target_replicas=3
2026-07-07 17:38:11 [debug    ] Decision loop completed        action=MAINTAIN latency_ms=142.24 p99=7690.0
2026-07-07 17:38:26 [info     ] algorithm2_scaling_decision    action=MAINTAIN alpha=0.014992503748125937 beta=0.0 buffer=1.2 current_replicas=3 predicted_load=0.0 required_resources=0.0 target_replicas=3
2026-07-07 17:38:26 [debug    ] Decision loop completed        action=MAINTAIN latency_ms=102.47 p99=7690.0
2026-07-07 17:38:41 [info     ] algorithm2_scaling_decision    action=MAINTAIN alpha=0.014992503748125937 beta=0.0 buffer=1.2 current_replicas=3 predicted_load=0.0 required_resources=0.0 target_replicas=3
2026-07-07 17:38:41 [debug    ] Decision loop completed        action=MAINTAIN latency_ms=109.32 p99=7690.0
2026-07-07 17:38:56 [info     ] algorithm2_scaling_decision    action=MAINTAIN alpha=0.014992503748125937 beta=0.0 buffer=1.2 current_replicas=3 predicted_load=0.0 required_resources=0.0 target_replicas=3
2026-07-07 17:38:56 [debug    ] Decision loop completed        action=MAINTAIN latency_ms=109.51 p99=7690.0
2026-07-07 17:39:12 [info     ] algorithm2_scaling_decision    action=MAINTAIN alpha=0.014992503748125937 beta=0.0 buffer=1.2 current_replicas=3 predicted_load=0.0 required_resources=0.0 target_replicas=3
2026-07-07 17:39:12 [debug    ] Decision loop completed        action=MAINTAIN latency_ms=107.38 p99=7690.0
2026-07-07 17:39:27 [info     ] algorithm2_scaling_decision    action=MAINTAIN alpha=0.014992503748125937 beta=0.0 buffer=1.2 current_replicas=3 predicted_load=0.0 required_resources=0.0 target_replicas=3
2026-07-07 17:39:27 [debug    ] Decision loop completed        action=MAINTAIN latency_ms=111.18 p99=7690.0
2026-07-07 17:39:42 [info     ] algorithm2_scaling_decision    action=MAINTAIN alpha=0.014992503748125937 beta=0.0 buffer=1.2 current_replicas=3 predicted_load=0.0 required_resources=0.0 target_replicas=3
2026-07-07 17:39:42 [debug    ] Decision loop completed        action=MAINTAIN latency_ms=109.5 p99=7690.0
2026-07-07 17:39:57 [info     ] algorithm2_scaling_decision    action=MAINTAIN alpha=0.014992503748125937 beta=0.0 buffer=1.2 current_replicas=3 predicted_load=0.0 required_resources=0.0 target_replicas=3
2026-07-07 17:39:57 [debug    ] Decision loop completed        action=MAINTAIN latency_ms=106.97 p99=7690.0
2026-07-07 17:40:12 [info     ] algorithm2_scaling_decision    action=MAINTAIN alpha=0.014992503748125937 beta=0.0 buffer=1.2 current_replicas=3 predicted_load=0.0 required_resources=0.0 target_replicas=3
2026-07-07 17:40:12 [debug    ] Decision loop completed        action=MAINTAIN latency_ms=108.14 p99=7690.0
2026-07-07 17:40:27 [info     ] algorithm2_scaling_decision    action=MAINTAIN alpha=0.014992503748125937 beta=0.0 buffer=1.2 current_replicas=3 predicted_load=0.0 required_resources=0.0 target_replicas=3
2026-07-07 17:40:27 [debug    ] Decision loop completed        action=MAINTAIN latency_ms=108.02 p99=7690.0
2026-07-07 17:40:42 [info     ] algorithm2_scaling_decision    action=MAINTAIN alpha=0.014992503748125937 beta=0.0 buffer=1.2 current_replicas=3 predicted_load=0.0 required_resources=0.0 target_replicas=3
2026-07-07 17:40:42 [debug    ] Decision loop completed        action=MAINTAIN latency_ms=102.43 p99=7690.0
2026-07-07 17:40:57 [info     ] algorithm2_scaling_decision    action=MAINTAIN alpha=0.014992503748125937 beta=0.0 buffer=1.2 current_replicas=3 predicted_load=0.0 required_resources=0.0 target_replicas=3
2026-07-07 17:40:57 [debug    ] Decision loop completed        action=MAINTAIN latency_ms=106.37 p99=7690.0
2026-07-07 17:41:12 [info     ] algorithm2_scaling_decision    action=MAINTAIN alpha=0.014992503748125937 beta=0.0 buffer=1.2 current_replicas=3 predicted_load=0.0 required_resources=0.0 target_replicas=3
2026-07-07 17:41:12 [debug    ] Decision loop completed        action=MAINTAIN latency_ms=104.99 p99=7690.0
2026-07-07 17:41:28 [info     ] algorithm2_scaling_decision    action=MAINTAIN alpha=0.014992503748125937 beta=0.0 buffer=1.2 current_replicas=3 predicted_load=0.0 required_resources=0.0 target_replicas=3
2026-07-07 17:41:28 [debug    ] Decision loop completed        action=MAINTAIN latency_ms=105.33 p99=7690.0
2026-07-07 17:41:43 [info     ] algorithm2_scaling_decision    action=MAINTAIN alpha=0.014992503748125937 beta=0.0 buffer=1.2 current_replicas=3 predicted_load=0.0 required_resources=0.0 target_replicas=3
2026-07-07 17:41:43 [debug    ] Decision loop completed        action=MAINTAIN latency_ms=109.69 p99=7690.0
2026-07-07 17:41:58 [info     ] algorithm2_scaling_decision    action=MAINTAIN alpha=0.014992503748125937 beta=0.0 buffer=1.2 current_replicas=3 predicted_load=0.0 required_resources=0.0 target_replicas=3
2026-07-07 17:41:58 [debug    ] Decision loop completed        action=MAINTAIN latency_ms=118.81 p99=7690.0
2026-07-07 17:42:13 [info     ] algorithm2_scaling_decision    action=MAINTAIN alpha=0.014992503748125937 beta=0.0 buffer=1.2 current_replicas=3 predicted_load=0.0 required_resources=0.0 target_replicas=3
2026-07-07 17:42:13 [debug    ] Decision loop completed        action=MAINTAIN latency_ms=106.23 p99=7690.0
2026-07-07 17:42:28 [info     ] algorithm2_scaling_decision    action=MAINTAIN alpha=0.014992503748125937 beta=0.0 buffer=1.2 current_replicas=3 predicted_load=0.0 required_resources=0.0 target_replicas=3
2026-07-07 17:42:28 [debug    ] Decision loop completed        action=MAINTAIN latency_ms=110.44 p99=7690.0
2026-07-07 17:42:43 [info     ] algorithm2_scaling_decision    action=MAINTAIN alpha=0.014992503748125937 beta=0.0 buffer=1.2 current_replicas=3 predicted_load=0.0 required_resources=0.0 target_replicas=3
2026-07-07 17:42:43 [debug    ] Decision loop completed        action=MAINTAIN latency_ms=102.94 p99=7690.0
2026-07-07 17:42:58 [info     ] algorithm2_scaling_decision    action=MAINTAIN alpha=0.014992503748125937 beta=0.0 buffer=1.2 current_replicas=3 predicted_load=0.0 required_resources=0.0 target_replicas=3
2026-07-07 17:42:58 [debug    ] Decision loop completed        action=MAINTAIN latency_ms=103.32 p99=7690.0
2026-07-07 17:43:13 [info     ] algorithm2_scaling_decision    action=MAINTAIN alpha=0.014992503748125937 beta=0.0 buffer=1.2 current_replicas=3 predicted_load=0.0 required_resources=0.0 target_replicas=3
2026-07-07 17:43:13 [debug    ] Decision loop completed        action=MAINTAIN latency_ms=101.36 p99=7690.0
2026-07-07 17:43:28 [info     ] algorithm2_scaling_decision    action=MAINTAIN alpha=0.014992503748125937 beta=0.0 buffer=1.2 current_replicas=3 predicted_load=0.0 required_resources=0.0 target_replicas=3
2026-07-07 17:43:28 [debug    ] Decision loop completed        action=MAINTAIN latency_ms=105.27 p99=7690.0
2026-07-07 17:43:43 [info     ] algorithm2_scaling_decision    action=MAINTAIN alpha=0.014992503748125937 beta=0.0 buffer=1.2 current_replicas=3 predicted_load=0.0 required_resources=0.0 target_replicas=3
2026-07-07 17:43:43 [debug    ] Decision loop completed        action=MAINTAIN latency_ms=103.91 p99=7690.0
2026-07-07 17:43:59 [info     ] algorithm2_scaling_decision    action=MAINTAIN alpha=0.014992503748125937 beta=0.0 buffer=1.2 current_replicas=3 predicted_load=0.0 required_resources=0.0 target_replicas=3
2026-07-07 17:43:59 [debug    ] Decision loop completed        action=MAINTAIN latency_ms=108.77 p99=7690.0
2026-07-07 17:44:14 [info     ] algorithm2_scaling_decision    action=MAINTAIN alpha=0.014992503748125937 beta=0.0 buffer=1.2 current_replicas=3 predicted_load=0.0 required_resources=0.0 target_replicas=3
2026-07-07 17:44:14 [debug    ] Decision loop completed        action=MAINTAIN latency_ms=104.29 p99=7690.0
2026-07-07 17:44:29 [info     ] algorithm2_scaling_decision    action=MAINTAIN alpha=0.014992503748125937 beta=0.0 buffer=1.2 current_replicas=3 predicted_load=0.0 required_resources=0.0 target_replicas=3
2026-07-07 17:44:29 [debug    ] Decision loop completed        action=MAINTAIN latency_ms=106.25 p99=7690.0
2026-07-07 17:44:44 [info     ] algorithm2_scaling_decision    action=MAINTAIN alpha=0.014992503748125937 beta=0.0 buffer=1.2 current_replicas=3 predicted_load=0.0 required_resources=0.0 target_replicas=3
2026-07-07 17:44:44 [debug    ] Decision loop completed        action=MAINTAIN latency_ms=105.93 p99=7690.0
2026-07-07 17:44:59 [info     ] algorithm2_scaling_decision    action=MAINTAIN alpha=0.014992503748125937 beta=0.0 buffer=1.2 current_replicas=3 predicted_load=0.0 required_resources=0.0 target_replicas=3
2026-07-07 17:44:59 [debug    ] Decision loop completed        action=MAINTAIN latency_ms=106.89 p99=7690.0
2026-07-07 17:45:14 [info     ] algorithm2_scaling_decision    action=MAINTAIN alpha=0.014992503748125937 beta=0.0 buffer=1.2 current_replicas=3 predicted_load=0.0 required_resources=0.0 target_replicas=3
2026-07-07 17:45:14 [debug    ] Decision loop completed        action=MAINTAIN latency_ms=120.06 p99=7690.0
2026-07-07 17:45:29 [info     ] algorithm2_scaling_decision    action=MAINTAIN alpha=0.014992503748125937 beta=0.0 buffer=1.2 current_replicas=3 predicted_load=0.0 required_resources=0.0 target_replicas=3
2026-07-07 17:45:29 [debug    ] Decision loop completed        action=MAINTAIN latency_ms=97.02 p99=7690.0
2026-07-07 17:45:44 [info     ] algorithm2_scaling_decision    action=MAINTAIN alpha=0.014992503748125937 beta=0.0 buffer=1.2 current_replicas=3 predicted_load=0.0 required_resources=0.0 target_replicas=3
2026-07-07 17:45:44 [debug    ] Decision loop completed        action=MAINTAIN latency_ms=109.59 p99=7690.0
2026-07-07 17:45:59 [info     ] algorithm2_scaling_decision    action=MAINTAIN alpha=0.014992503748125937 beta=0.0 buffer=1.2 current_replicas=3 predicted_load=0.0 required_resources=0.0 target_replicas=3
2026-07-07 17:45:59 [debug    ] Decision loop completed        action=MAINTAIN latency_ms=103.2 p99=7690.0
2026-07-07 17:46:15 [info     ] algorithm2_scaling_decision    action=MAINTAIN alpha=0.014992503748125937 beta=0.0 buffer=1.2 current_replicas=3 predicted_load=0.0 required_resources=0.0 target_replicas=3
2026-07-07 17:46:15 [debug    ] Decision loop completed        action=MAINTAIN latency_ms=103.54 p99=7690.0
2026-07-07 17:46:30 [info     ] algorithm2_scaling_decision    action=MAINTAIN alpha=0.014992503748125937 beta=0.0 buffer=1.2 current_replicas=3 predicted_load=0.0 required_resources=0.0 target_replicas=3
2026-07-07 17:46:30 [debug    ] Decision loop completed        action=MAINTAIN latency_ms=110.24 p99=7690.0
2026-07-07 17:46:45 [info     ] algorithm2_scaling_decision    action=MAINTAIN alpha=0.014992503748125937 beta=0.0 buffer=1.2 current_replicas=3 predicted_load=0.0 required_resources=0.0 target_replicas=3
2026-07-07 17:46:45 [debug    ] Decision loop completed        action=MAINTAIN latency_ms=101.99 p99=7690.0
2026-07-07 17:47:00 [info     ] algorithm2_scaling_decision    action=MAINTAIN alpha=0.014992503748125937 beta=0.0 buffer=1.2 current_replicas=3 predicted_load=0.0 required_resources=0.0 target_replicas=3
2026-07-07 17:47:00 [debug    ] Decision loop completed        action=MAINTAIN latency_ms=106.7 p99=7690.0
2026-07-07 17:47:15 [info     ] algorithm2_scaling_decision    action=MAINTAIN alpha=0.014992503748125937 beta=0.0 buffer=1.2 current_replicas=3 predicted_load=0.0 required_resources=0.0 target_replicas=3
2026-07-07 17:47:15 [debug    ] Decision loop completed        action=MAINTAIN latency_ms=101.13 p99=7690.0
2026-07-07 17:47:30 [info     ] algorithm2_scaling_decision    action=MAINTAIN alpha=0.014992503748125937 beta=0.0 buffer=1.2 current_replicas=3 predicted_load=0.0 required_resources=0.0 target_replicas=3
2026-07-07 17:47:30 [debug    ] Decision loop completed        action=MAINTAIN latency_ms=105.91 p99=7690.0
2026-07-07 17:47:45 [info     ] algorithm2_scaling_decision    action=MAINTAIN alpha=0.014992503748125937 beta=0.0 buffer=1.2 current_replicas=3 predicted_load=0.0 required_resources=0.0 target_replicas=3
2026-07-07 17:47:45 [debug    ] Decision loop completed        action=MAINTAIN latency_ms=109.62 p99=7690.0
2026-07-07 17:48:00 [info     ] algorithm2_scaling_decision    action=MAINTAIN alpha=0.014992503748125937 beta=0.0 buffer=1.2 current_replicas=3 predicted_load=0.0 required_resources=0.0 target_replicas=3
2026-07-07 17:48:00 [debug    ] Decision loop completed        action=MAINTAIN latency_ms=108.72 p99=7690.0
2026-07-07 17:48:15 [info     ] algorithm2_scaling_decision    action=MAINTAIN alpha=0.014992503748125937 beta=0.0 buffer=1.2 current_replicas=3 predicted_load=0.0 required_resources=0.0 target_replicas=3
2026-07-07 17:48:15 [debug    ] Decision loop completed        action=MAINTAIN latency_ms=109.18 p99=7690.0
2026-07-07 17:48:31 [info     ] algorithm2_scaling_decision    action=MAINTAIN alpha=0.014992503748125937 beta=0.0 buffer=1.2 current_replicas=3 predicted_load=0.0 required_resources=0.0 target_replicas=3
2026-07-07 17:48:31 [debug    ] Decision loop completed        action=MAINTAIN latency_ms=111.04 p99=7690.0
2026-07-07 17:48:46 [info     ] algorithm2_scaling_decision    action=MAINTAIN alpha=0.014992503748125937 beta=0.0 buffer=1.2 current_replicas=3 predicted_load=0.0 required_resources=0.0 target_replicas=3
2026-07-07 17:48:46 [debug    ] Decision loop completed        action=MAINTAIN latency_ms=106.26 p99=7690.0
2026-07-07 17:49:01 [info     ] algorithm2_scaling_decision    action=MAINTAIN alpha=0.014992503748125937 beta=0.0 buffer=1.2 current_replicas=3 predicted_load=0.0 required_resources=0.0 target_replicas=3
2026-07-07 17:49:01 [debug    ] Decision loop completed        action=MAINTAIN latency_ms=109.47 p99=7690.0
2026-07-07 17:49:16 [info     ] algorithm2_scaling_decision    action=MAINTAIN alpha=0.014992503748125937 beta=0.0 buffer=1.2 current_replicas=3 predicted_load=0.0 required_resources=0.0 target_replicas=3
2026-07-07 17:49:16 [debug    ] Decision loop completed        action=MAINTAIN latency_ms=106.73 p99=7690.0
2026-07-07 17:49:31 [info     ] algorithm2_scaling_decision    action=MAINTAIN alpha=0.014992503748125937 beta=0.0 buffer=1.2 current_replicas=3 predicted_load=0.0 required_resources=0.0 target_replicas=3
2026-07-07 17:49:31 [debug    ] Decision loop completed        action=MAINTAIN latency_ms=111.15 p99=7690.0
2026-07-07 17:49:46 [info     ] algorithm2_scaling_decision    action=MAINTAIN alpha=0.014992503748125937 beta=0.0 buffer=1.2 current_replicas=3 predicted_load=0.0 required_resources=0.0 target_replicas=3
2026-07-07 17:49:46 [debug    ] Decision loop completed        action=MAINTAIN latency_ms=106.78 p99=7690.0
2026-07-07 17:50:01 [info     ] algorithm2_scaling_decision    action=MAINTAIN alpha=0.014992503748125937 beta=0.0 buffer=1.2 current_replicas=3 predicted_load=0.0 required_resources=0.0 target_replicas=3
2026-07-07 17:50:01 [debug    ] Decision loop completed        action=MAINTAIN latency_ms=111.25 p99=7690.0
2026-07-07 17:50:16 [info     ] algorithm2_scaling_decision    action=MAINTAIN alpha=0.014992503748125937 beta=0.0 buffer=1.2 current_replicas=3 predicted_load=0.0 required_resources=0.0 target_replicas=3
2026-07-07 17:50:16 [debug    ] Decision loop completed        action=MAINTAIN latency_ms=105.58 p99=7690.0
2026-07-07 17:50:31 [info     ] algorithm2_scaling_decision    action=MAINTAIN alpha=0.014992503748125937 beta=0.0 buffer=1.2 current_replicas=3 predicted_load=0.0 required_resources=0.0 target_replicas=3
2026-07-07 17:50:31 [debug    ] Decision loop completed        action=MAINTAIN latency_ms=110.63 p99=7690.0
2026-07-07 17:50:46 [info     ] algorithm2_scaling_decision    action=MAINTAIN alpha=0.014992503748125937 beta=0.0 buffer=1.2 current_replicas=3 predicted_load=0.0 required_resources=0.0 target_replicas=3
2026-07-07 17:50:46 [debug    ] Decision loop completed        action=MAINTAIN latency_ms=100.41 p99=7690.0
2026-07-07 17:51:02 [info     ] algorithm2_scaling_decision    action=MAINTAIN alpha=0.014992503748125937 beta=0.0 buffer=1.2 current_replicas=3 predicted_load=0.0 required_resources=0.0 target_replicas=3
2026-07-07 17:51:02 [debug    ] Decision loop completed        action=MAINTAIN latency_ms=102.42 p99=7690.0
2026-07-07 17:51:17 [info     ] algorithm2_scaling_decision    action=MAINTAIN alpha=0.014992503748125937 beta=0.0 buffer=1.2 current_replicas=3 predicted_load=0.0 required_resources=0.0 target_replicas=3
2026-07-07 17:51:17 [debug    ] Decision loop completed        action=MAINTAIN latency_ms=105.73 p99=7690.0
2026-07-07 17:51:32 [info     ] algorithm2_scaling_decision    action=MAINTAIN alpha=0.014992503748125937 beta=0.0 buffer=1.2 current_replicas=3 predicted_load=0.0 required_resources=0.0 target_replicas=3
2026-07-07 17:51:32 [debug    ] Decision loop completed        action=MAINTAIN latency_ms=104.87 p99=7690.0
2026-07-07 17:51:47 [info     ] algorithm2_scaling_decision    action=MAINTAIN alpha=0.014992503748125937 beta=0.0 buffer=1.2 current_replicas=3 predicted_load=0.0 required_resources=0.0 target_replicas=3
2026-07-07 17:51:47 [debug    ] Decision loop completed        action=MAINTAIN latency_ms=107.78 p99=7690.0
2026-07-07 17:52:02 [info     ] algorithm2_scaling_decision    action=MAINTAIN alpha=0.014992503748125937 beta=0.0 buffer=1.2 current_replicas=3 predicted_load=0.0 required_resources=0.0 target_replicas=3
2026-07-07 17:52:02 [debug    ] Decision loop completed        action=MAINTAIN latency_ms=106.8 p99=7690.0
2026-07-07 17:52:17 [info     ] algorithm2_scaling_decision    action=MAINTAIN alpha=0.014992503748125937 beta=0.0 buffer=1.2 current_replicas=3 predicted_load=0.0 required_resources=0.0 target_replicas=3
2026-07-07 17:52:17 [debug    ] Decision loop completed        action=MAINTAIN latency_ms=108.62 p99=7690.0
2026-07-07 17:52:32 [info     ] algorithm2_scaling_decision    action=MAINTAIN alpha=0.014992503748125937 beta=0.0 buffer=1.2 current_replicas=3 predicted_load=0.0 required_resources=0.0 target_replicas=3
2026-07-07 17:52:32 [debug    ] Decision loop completed        action=MAINTAIN latency_ms=107.88 p99=7690.0
2026-07-07 17:52:47 [info     ] algorithm2_scaling_decision    action=MAINTAIN alpha=0.014992503748125937 beta=0.0 buffer=1.2 current_replicas=3 predicted_load=0.0 required_resources=0.0 target_replicas=3
2026-07-07 17:52:47 [debug    ] Decision loop completed        action=MAINTAIN latency_ms=109.74 p99=7690.0
2026-07-07 17:53:02 [info     ] algorithm2_scaling_decision    action=MAINTAIN alpha=0.014992503748125937 beta=0.0 buffer=1.2 current_replicas=3 predicted_load=0.0 required_resources=0.0 target_replicas=3
2026-07-07 17:53:02 [debug    ] Decision loop completed        action=MAINTAIN latency_ms=106.17 p99=7690.0
2026-07-07 17:53:18 [info     ] algorithm2_scaling_decision    action=MAINTAIN alpha=0.014992503748125937 beta=0.0 buffer=1.2 current_replicas=3 predicted_load=0.0 required_resources=0.0 target_replicas=3
2026-07-07 17:53:18 [debug    ] Decision loop completed        action=MAINTAIN latency_ms=102.89 p99=7690.0
2026-07-07 17:53:33 [info     ] algorithm2_scaling_decision    action=MAINTAIN alpha=0.014992503748125937 beta=0.0 buffer=1.2 current_replicas=3 predicted_load=0.0 required_resources=0.0 target_replicas=3
2026-07-07 17:53:33 [debug    ] Decision loop completed        action=MAINTAIN latency_ms=108.32 p99=7690.0
2026-07-07 17:53:48 [info     ] algorithm2_scaling_decision    action=MAINTAIN alpha=0.014992503748125937 beta=0.0 buffer=1.2 current_replicas=3 predicted_load=0.0 required_resources=0.0 target_replicas=3
2026-07-07 17:53:48 [debug    ] Decision loop completed        action=MAINTAIN latency_ms=105.68 p99=7690.0
2026-07-07 17:54:03 [info     ] algorithm2_scaling_decision    action=MAINTAIN alpha=0.014992503748125937 beta=0.0 buffer=1.2 current_replicas=3 predicted_load=0.0 required_resources=0.0 target_replicas=3
2026-07-07 17:54:03 [debug    ] Decision loop completed        action=MAINTAIN latency_ms=104.97 p99=7690.0
2026-07-07 17:54:18 [info     ] algorithm2_scaling_decision    action=MAINTAIN alpha=0.014992503748125937 beta=0.0 buffer=1.2 current_replicas=3 predicted_load=0.0 required_resources=0.0 target_replicas=3
2026-07-07 17:54:18 [debug    ] Decision loop completed        action=MAINTAIN latency_ms=112.43 p99=7690.0
2026-07-07 17:54:33 [info     ] algorithm2_scaling_decision    action=MAINTAIN alpha=0.014992503748125937 beta=0.0 buffer=1.2 current_replicas=3 predicted_load=0.0 required_resources=0.0 target_replicas=3
2026-07-07 17:54:33 [debug    ] Decision loop completed        action=MAINTAIN latency_ms=108.62 p99=7690.0
2026-07-07 17:54:48 [info     ] algorithm2_scaling_decision    action=MAINTAIN alpha=0.014992503748125937 beta=0.0 buffer=1.2 current_replicas=3 predicted_load=0.0 required_resources=0.0 target_replicas=3
2026-07-07 17:54:48 [debug    ] Decision loop completed        action=MAINTAIN latency_ms=104.54 p99=7690.0
2026-07-07 17:55:03 [info     ] algorithm2_scaling_decision    action=MAINTAIN alpha=0.014992503748125937 beta=0.0 buffer=1.2 current_replicas=3 predicted_load=0.0 required_resources=0.0 target_replicas=3
2026-07-07 17:55:03 [debug    ] Decision loop completed        action=MAINTAIN latency_ms=106.02 p99=7690.0
2026-07-07 17:55:18 [info     ] algorithm2_scaling_decision    action=MAINTAIN alpha=0.014992503748125937 beta=0.0 buffer=1.2 current_replicas=3 predicted_load=0.0 required_resources=0.0 target_replicas=3
2026-07-07 17:55:18 [debug    ] Decision loop completed        action=MAINTAIN latency_ms=106.6 p99=7690.0
2026-07-07 17:55:34 [info     ] algorithm2_scaling_decision    action=MAINTAIN alpha=0.014992503748125937 beta=0.0 buffer=1.2 current_replicas=3 predicted_load=0.0 required_resources=0.0 target_replicas=3
2026-07-07 17:55:34 [debug    ] Decision loop completed        action=MAINTAIN latency_ms=104.41 p99=7690.0
2026-07-07 17:55:49 [info     ] algorithm2_scaling_decision    action=MAINTAIN alpha=0.014992503748125937 beta=0.0 buffer=1.2 current_replicas=3 predicted_load=0.0 required_resources=0.0 target_replicas=3
2026-07-07 17:55:49 [debug    ] Decision loop completed        action=MAINTAIN latency_ms=111.98 p99=7690.0
2026-07-07 17:56:04 [info     ] algorithm2_scaling_decision    action=MAINTAIN alpha=0.014992503748125937 beta=0.0 buffer=1.2 current_replicas=3 predicted_load=0.0 required_resources=0.0 target_replicas=3
2026-07-07 17:56:04 [debug    ] Decision loop completed        action=MAINTAIN latency_ms=104.33 p99=7690.0
2026-07-07 17:56:19 [info     ] algorithm2_scaling_decision    action=MAINTAIN alpha=0.014992503748125937 beta=0.0 buffer=1.2 current_replicas=3 predicted_load=0.0 required_resources=0.0 target_replicas=3
2026-07-07 17:56:19 [debug    ] Decision loop completed        action=MAINTAIN latency_ms=105.77 p99=7690.0
2026-07-07 17:56:34 [info     ] algorithm2_scaling_decision    action=MAINTAIN alpha=0.014992503748125937 beta=0.0 buffer=1.2 current_replicas=3 predicted_load=0.0 required_resources=0.0 target_replicas=3
2026-07-07 17:56:34 [debug    ] Decision loop completed        action=MAINTAIN latency_ms=107.2 p99=7690.0
2026-07-07 17:56:49 [info     ] algorithm2_scaling_decision    action=MAINTAIN alpha=0.014992503748125937 beta=0.0 buffer=1.2 current_replicas=3 predicted_load=0.0 required_resources=0.0 target_replicas=3
2026-07-07 17:56:49 [debug    ] Decision loop completed        action=MAINTAIN latency_ms=119.75 p99=7690.0
2026-07-07 17:57:04 [info     ] algorithm2_scaling_decision    action=MAINTAIN alpha=0.014992503748125937 beta=0.0 buffer=1.2 current_replicas=3 predicted_load=0.0 required_resources=0.0 target_replicas=3
2026-07-07 17:57:04 [debug    ] Decision loop completed        action=MAINTAIN latency_ms=111.7 p99=7690.0
2026-07-07 17:57:19 [info     ] algorithm2_scaling_decision    action=MAINTAIN alpha=0.014992503748125937 beta=0.0 buffer=1.2 current_replicas=3 predicted_load=0.0 required_resources=0.0 target_replicas=3
2026-07-07 17:57:19 [debug    ] Decision loop completed        action=MAINTAIN latency_ms=109.53 p99=7690.0
2026-07-07 17:57:34 [info     ] algorithm2_scaling_decision    action=MAINTAIN alpha=0.014992503748125937 beta=0.0 buffer=1.2 current_replicas=3 predicted_load=0.0 required_resources=0.0 target_replicas=3
2026-07-07 17:57:34 [debug    ] Decision loop completed        action=MAINTAIN latency_ms=100.55 p99=7690.0
2026-07-07 17:57:50 [info     ] algorithm2_scaling_decision    action=MAINTAIN alpha=0.014992503748125937 beta=0.0 buffer=1.2 current_replicas=3 predicted_load=0.0 required_resources=0.0 target_replicas=3
2026-07-07 17:57:50 [debug    ] Decision loop completed        action=MAINTAIN latency_ms=109.93 p99=7690.0
2026-07-07 17:57:52 [info     ] Received shutdown signal
2026-07-07 17:57:52 [info     ] Stopping routing daemon...
2026-07-07 17:57:52 [info     ] Routing daemon stopped
