<frozen runpy>:128: RuntimeWarning: 'daemon.routing_daemon' found in sys.modules after import of package 'daemon', but prior to execution of 'daemon.routing_daemon'; this may result in unpredictable behaviour
2026-07-04 08:18:05 [info     ] SLOMonitor initialized         threshold_ms=200.0 violation_window=30
2026-07-04 08:18:05 [info     ] Algorithm1Controller initialized cooldown=15 weight_step=10
2026-07-04 08:18:05 [info     ] HAProxyWeightAdjuster initialized backend=servers socket_path=/tmp/haproxy.sock tcp_socket=localhost:19999 tcp_socket_available=True unix_socket_available=False
2026-07-04 08:18:05 [info     ] GRUClient initialized          base_url=http://localhost:8090
2026-07-04 08:18:05 [info     ] K8sScaler initialized          deployment=test-app-warm namespace=default
2026-07-04 08:18:05 [info     ] RoutingDaemon initialized      decision_interval=15 description='Algorithm 1 reactive routing without predictions' scenario=s3-hybrid-reactive use_algorithm=True use_predictions=False
2026-07-04 08:18:05 [info     ] Starting routing daemon        interval=15 scenario=s3-hybrid-reactive
2026-07-04 08:18:05 [debug    ] HAProxy TCP command sent       command='show stat' response_length=2593
2026-07-04 08:18:05 [debug    ] Current weights retrieved via socket weights={'k3s': 80, 'knative': 20}
2026-07-04 08:18:05 [debug    ] Weights already set correctly  k3s=80 knative=20
2026-07-04 08:18:05 [info     ] Initial weights applied        k3s=80 knative=20
2026-07-04 08:18:05 [debug    ] HAProxy TCP command sent       command='show stat' response_length=2593
2026-07-04 08:18:05 [debug    ] HAProxy fallback primed        total_requests=0
2026-07-04 08:18:05 [info     ] algorithm2_scaling_decision    action=MAINTAIN alpha=0.04 beta=0.0 buffer=1.2 current_replicas=1 predicted_load=0.0 required_resources=0.0 target_replicas=1
2026-07-04 08:18:05 [debug    ] Decision loop completed        action=MAINTAIN latency_ms=76.61 p99=0.0
2026-07-04 08:18:20 [debug    ] HAProxy TCP command sent       command='show stat' response_length=2594
2026-07-04 08:18:20 [info     ] algorithm2_scaling_decision    action=MAINTAIN alpha=0.04 beta=0.0 buffer=1.2 current_replicas=1 predicted_load=0.0 required_resources=0.0 target_replicas=1
2026-07-04 08:18:20 [debug    ] Decision loop completed        action=MAINTAIN latency_ms=76.49 p99=0.0
2026-07-04 08:18:35 [debug    ] HAProxy TCP command sent       command='show stat' response_length=2594
2026-07-04 08:18:36 [info     ] algorithm2_scaling_decision    action=MAINTAIN alpha=0.04 beta=0.0 buffer=1.2 current_replicas=1 predicted_load=0.0 required_resources=0.0 target_replicas=1
2026-07-04 08:18:36 [debug    ] Decision loop completed        action=MAINTAIN latency_ms=80.62 p99=0.0
2026-07-04 08:18:51 [debug    ] HAProxy TCP command sent       command='show stat' response_length=2699
2026-07-04 08:18:51 [debug    ] HAProxy fallback latency       delta_requests=635 interval_avg_ms=2237.0 max_rtime_ms=6047.0 p99_est=4474.0
2026-07-04 08:18:51 [info     ] algorithm2_scaling_decision    action=SCALE_UP alpha=0.04 beta=0.0 buffer=1.2 current_replicas=1 predicted_load=20.98721266607738 required_resources=0.839 target_replicas=2
2026-07-04 08:18:51 [info     ] k8s_scale_executed             deployment=test-app-warm replicas=2
2026-07-04 08:18:51 [debug    ] Decision loop completed        action=MAINTAIN latency_ms=114.69 p99=4474.0
2026-07-04 08:19:06 [debug    ] HAProxy TCP command sent       command='show stat' response_length=2739
2026-07-04 08:19:06 [info     ] algorithm2_scaling_decision    action=SCALE_UP alpha=0.04 beta=0.0 buffer=1.2 current_replicas=2 predicted_load=42.98529136800143 required_resources=1.719 target_replicas=3
2026-07-04 08:19:06 [debug    ] Decision loop completed        action=MAINTAIN latency_ms=75.64 p99=4474.0
2026-07-04 08:19:21 [debug    ] HAProxy TCP command sent       command='show stat' response_length=2752
2026-07-04 08:19:21 [debug    ] HAProxy fallback latency       delta_requests=474 interval_avg_ms=4900.28 max_rtime_ms=16537.0 p99_est=9800.57
2026-07-04 08:19:21 [info     ] Algorithm 1: SCALE_OUT         new_weights={'k3s': 70, 'knative': 30} p99=9800.565400843881 serverless_enabled=True violation_sec=30
2026-07-04 08:19:21 [debug    ] HAProxy TCP command sent       command='show stat' response_length=2753
2026-07-04 08:19:21 [debug    ] Current weights retrieved via socket weights={'k3s': 80, 'knative': 20}
2026-07-04 08:19:21 [debug    ] HAProxy TCP command sent       command='show stat' response_length=2753
2026-07-04 08:19:21 [debug    ] HAProxy TCP command sent       command='set server servers/k3s weight 70' response_length=0
2026-07-04 08:19:21 [debug    ] HAProxy TCP command sent       command='show stat' response_length=2751
2026-07-04 08:19:21 [debug    ] HAProxy TCP command sent       command='set server servers/knative weight 30' response_length=0
2026-07-04 08:19:21 [debug    ] Weight commands sent via socket successfully k3s=70 knative=30
2026-07-04 08:19:21 [debug    ] HAProxy TCP command sent       command='show stat' response_length=2753
2026-07-04 08:19:21 [debug    ] Current weights retrieved via socket weights={'k3s': 70, 'knative': 30}
2026-07-04 08:19:21 [info     ] Weights updated successfully via HTTP new={'k3s': 70, 'knative': 30} previous={'k3s': 80, 'knative': 20}
2026-07-04 08:19:21 [info     ] Weights updated                action=SCALE_OUT reason='SLO violation (9801ms > 200ms) for 30s' weights={'k3s': 70, 'knative': 30}
2026-07-04 08:19:21 [info     ] algorithm2_scaling_decision    action=MAINTAIN alpha=0.04 beta=0.0 buffer=1.2 current_replicas=2 predicted_load=37.71820844054941 required_resources=1.509 target_replicas=2
2026-07-04 08:19:21 [debug    ] Decision loop completed        action=SCALE_OUT latency_ms=573.78 p99=9800.565400843881
2026-07-04 08:19:36 [debug    ] HAProxy TCP command sent       command='show stat' response_length=2783
2026-07-04 08:19:36 [debug    ] HAProxy fallback latency       delta_requests=603 interval_avg_ms=8468.88 max_rtime_ms=27674.0 p99_est=16937.76
2026-07-04 08:19:36 [info     ] Algorithm 1: SCALE_OUT         new_weights={'k3s': 60, 'knative': 40} p99=16937.761194029852 serverless_enabled=True violation_sec=45
2026-07-04 08:19:36 [debug    ] HAProxy TCP command sent       command='show stat' response_length=2782
2026-07-04 08:19:36 [debug    ] Current weights retrieved via socket weights={'k3s': 70, 'knative': 30}
2026-07-04 08:19:36 [debug    ] HAProxy TCP command sent       command='show stat' response_length=2782
2026-07-04 08:19:36 [debug    ] HAProxy TCP command sent       command='set server servers/k3s weight 60' response_length=0
2026-07-04 08:19:36 [debug    ] HAProxy TCP command sent       command='show stat' response_length=2780
2026-07-04 08:19:36 [debug    ] HAProxy TCP command sent       command='set server servers/knative weight 40' response_length=0
2026-07-04 08:19:36 [debug    ] Weight commands sent via socket successfully k3s=60 knative=40
2026-07-04 08:19:37 [debug    ] HAProxy TCP command sent       command='show stat' response_length=2782
2026-07-04 08:19:37 [debug    ] Current weights retrieved via socket weights={'k3s': 60, 'knative': 40}
2026-07-04 08:19:37 [info     ] Weights updated successfully via HTTP new={'k3s': 60, 'knative': 40} previous={'k3s': 70, 'knative': 30}
2026-07-04 08:19:37 [info     ] Weights updated                action=SCALE_OUT reason='SLO violation (16938ms > 200ms) for 45s' weights={'k3s': 60, 'knative': 40}
2026-07-04 08:19:37 [info     ] algorithm2_scaling_decision    action=MAINTAIN alpha=0.04 beta=0.0 buffer=1.2 current_replicas=2 predicted_load=35.047782467988405 required_resources=1.402 target_replicas=2
2026-07-04 08:19:37 [debug    ] Decision loop completed        action=SCALE_OUT latency_ms=576.15 p99=16937.761194029852
2026-07-04 08:19:52 [debug    ] HAProxy TCP command sent       command='show stat' response_length=2783
2026-07-04 08:19:52 [info     ] Algorithm 1: SCALE_OUT         new_weights={'k3s': 50, 'knative': 50} p99=16937.761194029852 serverless_enabled=True violation_sec=61
2026-07-04 08:19:52 [debug    ] HAProxy TCP command sent       command='show stat' response_length=2787
2026-07-04 08:19:52 [debug    ] Current weights retrieved via socket weights={'k3s': 60, 'knative': 40}
2026-07-04 08:19:52 [debug    ] HAProxy TCP command sent       command='show stat' response_length=2787
2026-07-04 08:19:52 [debug    ] HAProxy TCP command sent       command='set server servers/k3s weight 50' response_length=0
2026-07-04 08:19:52 [debug    ] HAProxy TCP command sent       command='show stat' response_length=2785
2026-07-04 08:19:52 [debug    ] HAProxy TCP command sent       command='set server servers/knative weight 50' response_length=0
2026-07-04 08:19:52 [debug    ] Weight commands sent via socket successfully k3s=50 knative=50
2026-07-04 08:19:52 [debug    ] HAProxy TCP command sent       command='show stat' response_length=2790
2026-07-04 08:19:52 [debug    ] Current weights retrieved via socket weights={'k3s': 50, 'knative': 50}
2026-07-04 08:19:52 [info     ] Weights updated successfully via HTTP new={'k3s': 50, 'knative': 50} previous={'k3s': 60, 'knative': 40}
2026-07-04 08:19:52 [info     ] Weights updated                action=SCALE_OUT reason='SLO violation (16938ms > 200ms) for 61s' weights={'k3s': 50, 'knative': 50}
2026-07-04 08:19:52 [info     ] algorithm2_scaling_decision    action=SCALE_UP alpha=0.04 beta=0.0 buffer=1.2 current_replicas=2 predicted_load=45.61750605289903 required_resources=1.825 target_replicas=3
2026-07-04 08:19:52 [info     ] k8s_scale_executed             deployment=test-app-warm replicas=3
2026-07-04 08:19:52 [debug    ] Decision loop completed        action=SCALE_OUT latency_ms=621.34 p99=16937.761194029852
2026-07-04 08:20:08 [debug    ] HAProxy TCP command sent       command='show stat' response_length=2796
2026-07-04 08:20:08 [debug    ] HAProxy fallback latency       delta_requests=644 interval_avg_ms=11377.06 max_rtime_ms=27674.0 p99_est=22754.11
2026-07-04 08:20:08 [info     ] Algorithm 1: SCALE_OUT         new_weights={'k3s': 50, 'knative': 50} p99=22754.111801242238 serverless_enabled=True violation_sec=77
2026-07-04 08:20:08 [info     ] algorithm2_scaling_decision    action=MAINTAIN alpha=0.04 beta=0.0 buffer=1.2 current_replicas=3 predicted_load=46.90295438666223 required_resources=1.876 target_replicas=3
2026-07-04 08:20:08 [debug    ] Decision loop completed        action=SCALE_OUT latency_ms=74.12 p99=22754.111801242238
2026-07-04 08:20:23 [debug    ] HAProxy TCP command sent       command='show stat' response_length=2801
2026-07-04 08:20:23 [debug    ] HAProxy fallback latency       delta_requests=526 interval_avg_ms=1456.21 max_rtime_ms=27674.0 p99_est=2912.41
2026-07-04 08:20:23 [info     ] Algorithm 1: SCALE_OUT         new_weights={'k3s': 50, 'knative': 50} p99=2912.410646387833 serverless_enabled=True violation_sec=92
2026-07-04 08:20:23 [info     ] algorithm2_scaling_decision    action=SCALE_DOWN alpha=0.04 beta=0.0 buffer=1.2 current_replicas=3 predicted_load=38.05996318860517 required_resources=1.522 target_replicas=2
2026-07-04 08:20:23 [debug    ] Decision loop completed        action=SCALE_OUT latency_ms=78.51 p99=2912.410646387833
2026-07-04 08:20:38 [debug    ] HAProxy TCP command sent       command='show stat' response_length=2803
2026-07-04 08:20:38 [debug    ] HAProxy fallback latency       delta_requests=492 interval_avg_ms=6379.18 max_rtime_ms=27674.0 p99_est=12758.36
2026-07-04 08:20:38 [info     ] Algorithm 1: SCALE_OUT         new_weights={'k3s': 50, 'knative': 50} p99=12758.357723577235 serverless_enabled=True violation_sec=107
2026-07-04 08:20:38 [info     ] algorithm2_scaling_decision    action=SCALE_DOWN alpha=0.04 beta=0.0 buffer=1.2 current_replicas=3 predicted_load=33.761231765827446 required_resources=1.35 target_replicas=2
2026-07-04 08:20:38 [debug    ] Decision loop completed        action=SCALE_OUT latency_ms=72.66 p99=12758.357723577235
2026-07-04 08:20:53 [debug    ] HAProxy TCP command sent       command='show stat' response_length=2803
2026-07-04 08:20:53 [info     ] Algorithm 1: SCALE_OUT         new_weights={'k3s': 50, 'knative': 50} p99=12758.357723577235 serverless_enabled=True violation_sec=122
2026-07-04 08:20:53 [info     ] algorithm2_scaling_decision    action=SCALE_DOWN alpha=0.04 beta=0.0 buffer=1.2 current_replicas=3 predicted_load=33.03350839459621 required_resources=1.321 target_replicas=2
2026-07-04 08:20:53 [debug    ] Decision loop completed        action=SCALE_OUT latency_ms=79.79 p99=12758.357723577235
2026-07-04 08:21:08 [debug    ] HAProxy TCP command sent       command='show stat' response_length=2814
2026-07-04 08:21:08 [debug    ] HAProxy fallback latency       delta_requests=804 interval_avg_ms=13281.33 max_rtime_ms=27674.0 p99_est=26562.67
2026-07-04 08:21:08 [info     ] Algorithm 1: SCALE_OUT         new_weights={'k3s': 50, 'knative': 50} p99=26562.666666666668 serverless_enabled=True violation_sec=137
2026-07-04 08:21:08 [info     ] algorithm2_scaling_decision    action=MAINTAIN alpha=0.04 beta=0.0 buffer=1.2 current_replicas=3 predicted_load=43.34361663829225 required_resources=1.734 target_replicas=3
2026-07-04 08:21:08 [debug    ] Decision loop completed        action=SCALE_OUT latency_ms=77.21 p99=26562.666666666668
2026-07-04 08:21:23 [debug    ] HAProxy TCP command sent       command='show stat' response_length=2811
2026-07-04 08:21:23 [info     ] Algorithm 1: SCALE_OUT         new_weights={'k3s': 50, 'knative': 50} p99=26562.666666666668 serverless_enabled=True violation_sec=152
2026-07-04 08:21:23 [info     ] algorithm2_scaling_decision    action=MAINTAIN alpha=0.04 beta=0.0 buffer=1.2 current_replicas=3 predicted_load=53.08866808583756 required_resources=2.124 target_replicas=3
2026-07-04 08:21:23 [debug    ] Decision loop completed        action=SCALE_OUT latency_ms=74.57 p99=26562.666666666668
2026-07-04 08:21:38 [debug    ] HAProxy TCP command sent       command='show stat' response_length=2813
2026-07-04 08:21:38 [debug    ] HAProxy fallback latency       delta_requests=824 interval_avg_ms=5021.22 max_rtime_ms=27674.0 p99_est=10042.43
2026-07-04 08:21:38 [info     ] Algorithm 1: SCALE_OUT         new_weights={'k3s': 50, 'knative': 50} p99=10042.432038834952 serverless_enabled=True violation_sec=167
2026-07-04 08:21:38 [info     ] algorithm2_scaling_decision    action=MAINTAIN alpha=0.04 beta=0.0 buffer=1.2 current_replicas=3 predicted_load=53.827382417328394 required_resources=2.153 target_replicas=3
2026-07-04 08:21:38 [debug    ] Decision loop completed        action=SCALE_OUT latency_ms=76.62 p99=10042.432038834952
2026-07-04 08:21:53 [debug    ] HAProxy TCP command sent       command='show stat' response_length=2812
2026-07-04 08:21:53 [info     ] Algorithm 1: SCALE_OUT         new_weights={'k3s': 50, 'knative': 50} p99=10042.432038834952 serverless_enabled=True violation_sec=182
2026-07-04 08:21:53 [info     ] algorithm2_scaling_decision    action=MAINTAIN alpha=0.04 beta=0.0 buffer=1.2 current_replicas=3 predicted_load=49.45114095137055 required_resources=1.978 target_replicas=3
2026-07-04 08:21:53 [debug    ] Decision loop completed        action=SCALE_OUT latency_ms=92.8 p99=10042.432038834952
2026-07-04 08:22:08 [debug    ] HAProxy TCP command sent       command='show stat' response_length=2810
2026-07-04 08:22:08 [debug    ] HAProxy fallback latency       delta_requests=706 interval_avg_ms=6153.06 max_rtime_ms=27674.0 p99_est=12306.11
2026-07-04 08:22:08 [info     ] Algorithm 1: SCALE_OUT         new_weights={'k3s': 50, 'knative': 50} p99=12306.113314447592 serverless_enabled=True violation_sec=197
2026-07-04 08:22:08 [info     ] algorithm2_scaling_decision    action=MAINTAIN alpha=0.04 beta=0.0 buffer=1.2 current_replicas=3 predicted_load=45.54092514930128 required_resources=1.822 target_replicas=3
2026-07-04 08:22:08 [debug    ] Decision loop completed        action=SCALE_OUT latency_ms=77.51 p99=12306.113314447592
2026-07-04 08:22:23 [debug    ] HAProxy TCP command sent       command='show stat' response_length=2825
2026-07-04 08:22:23 [debug    ] HAProxy fallback latency       delta_requests=565 interval_avg_ms=31656.32 max_rtime_ms=27674.0 p99_est=27674.0
2026-07-04 08:22:23 [info     ] Algorithm 1: SCALE_OUT         new_weights={'k3s': 50, 'knative': 50} p99=27674.0 serverless_enabled=True violation_sec=212
2026-07-04 08:22:23 [info     ] algorithm2_scaling_decision    action=MAINTAIN alpha=0.04 beta=0.0 buffer=1.2 current_replicas=3 predicted_load=42.22273774793087 required_resources=1.689 target_replicas=3
2026-07-04 08:22:23 [debug    ] Decision loop completed        action=SCALE_OUT latency_ms=84.13 p99=27674.0
2026-07-04 08:22:38 [debug    ] HAProxy TCP command sent       command='show stat' response_length=2820
2026-07-04 08:22:38 [info     ] Algorithm 1: SCALE_OUT         new_weights={'k3s': 50, 'knative': 50} p99=27674.0 serverless_enabled=True violation_sec=227
2026-07-04 08:22:38 [info     ] algorithm2_scaling_decision    action=MAINTAIN alpha=0.04 beta=0.0 buffer=1.2 current_replicas=3 predicted_load=49.033522140242404 required_resources=1.961 target_replicas=3
2026-07-04 08:22:38 [debug    ] Decision loop completed        action=SCALE_OUT latency_ms=76.04 p99=27674.0
2026-07-04 08:22:53 [debug    ] HAProxy TCP command sent       command='show stat' response_length=2824
2026-07-04 08:22:53 [debug    ] HAProxy fallback latency       delta_requests=1021 interval_avg_ms=6703.94 max_rtime_ms=27674.0 p99_est=13407.88
2026-07-04 08:22:53 [info     ] Algorithm 1: SCALE_OUT         new_weights={'k3s': 50, 'knative': 50} p99=13407.880509304603 serverless_enabled=True violation_sec=242
2026-07-04 08:22:53 [info     ] algorithm2_scaling_decision    action=SCALE_UP alpha=0.04 beta=0.0 buffer=1.2 current_replicas=3 predicted_load=64.1265823507459 required_resources=2.565 target_replicas=4
2026-07-04 08:22:53 [info     ] k8s_scale_executed             deployment=test-app-warm replicas=4
2026-07-04 08:22:53 [debug    ] Decision loop completed        action=SCALE_OUT latency_ms=121.64 p99=13407.880509304603
2026-07-04 08:23:08 [debug    ] HAProxy TCP command sent       command='show stat' response_length=2823
2026-07-04 08:23:09 [debug    ] HAProxy fallback latency       delta_requests=1066 interval_avg_ms=16145.94 max_rtime_ms=27674.0 p99_est=27674.0
2026-07-04 08:23:09 [info     ] Algorithm 1: SCALE_OUT         new_weights={'k3s': 50, 'knative': 50} p99=27674.0 serverless_enabled=True violation_sec=258
2026-07-04 08:23:09 [info     ] algorithm2_scaling_decision    action=MAINTAIN alpha=0.04 beta=0.0 buffer=1.2 current_replicas=4 predicted_load=69.17455366447275 required_resources=2.767 target_replicas=4
2026-07-04 08:23:09 [debug    ] Decision loop completed        action=SCALE_OUT latency_ms=73.83 p99=27674.0
2026-07-04 08:23:24 [debug    ] HAProxy TCP command sent       command='show stat' response_length=2826
2026-07-04 08:23:24 [info     ] Algorithm 1: SCALE_OUT         new_weights={'k3s': 50, 'knative': 50} p99=27674.0 serverless_enabled=True violation_sec=273
2026-07-04 08:23:24 [info     ] algorithm2_scaling_decision    action=MAINTAIN alpha=0.04 beta=0.0 buffer=1.2 current_replicas=4 predicted_load=76.01148779179545 required_resources=3.04 target_replicas=4
2026-07-04 08:23:24 [debug    ] Decision loop completed        action=SCALE_OUT latency_ms=74.84 p99=27674.0
2026-07-04 08:23:39 [debug    ] HAProxy TCP command sent       command='show stat' response_length=2830
2026-07-04 08:23:39 [debug    ] HAProxy fallback latency       delta_requests=549 interval_avg_ms=39335.05 max_rtime_ms=27674.0 p99_est=27674.0
2026-07-04 08:23:39 [info     ] Algorithm 1: SCALE_OUT         new_weights={'k3s': 50, 'knative': 50} p99=27674.0 serverless_enabled=True violation_sec=288
2026-07-04 08:23:39 [info     ] algorithm2_scaling_decision    action=SCALE_DOWN alpha=0.04 beta=0.0 buffer=1.2 current_replicas=4 predicted_load=58.84292993453331 required_resources=2.354 target_replicas=3
2026-07-04 08:23:39 [debug    ] Decision loop completed        action=SCALE_OUT latency_ms=77.48 p99=27674.0
2026-07-04 08:23:54 [debug    ] HAProxy TCP command sent       command='show stat' response_length=2833
2026-07-04 08:23:54 [info     ] Algorithm 1: SCALE_OUT         new_weights={'k3s': 50, 'knative': 50} p99=27674.0 serverless_enabled=True violation_sec=303
2026-07-04 08:23:54 [info     ] algorithm2_scaling_decision    action=MAINTAIN alpha=0.04 beta=0.0 buffer=1.2 current_replicas=4 predicted_load=63.33992396238732 required_resources=2.534 target_replicas=4
2026-07-04 08:23:54 [debug    ] Decision loop completed        action=SCALE_OUT latency_ms=77.51 p99=27674.0
2026-07-04 08:24:09 [debug    ] HAProxy TCP command sent       command='show stat' response_length=2837
2026-07-04 08:24:09 [info     ] Algorithm 1: SCALE_OUT         new_weights={'k3s': 50, 'knative': 50} p99=27674.0 serverless_enabled=True violation_sec=318
2026-07-04 08:24:09 [info     ] algorithm2_scaling_decision    action=MAINTAIN alpha=0.04 beta=0.0 buffer=1.2 current_replicas=4 predicted_load=68.14447000335679 required_resources=2.726 target_replicas=4
2026-07-04 08:24:09 [debug    ] Decision loop completed        action=SCALE_OUT latency_ms=81.5 p99=27674.0
2026-07-04 08:24:24 [debug    ] HAProxy TCP command sent       command='show stat' response_length=2834
2026-07-04 08:24:24 [info     ] Algorithm 1: SCALE_OUT         new_weights={'k3s': 50, 'knative': 50} p99=27674.0 serverless_enabled=True violation_sec=333
2026-07-04 08:24:24 [info     ] algorithm2_scaling_decision    action=SCALE_DOWN alpha=0.04 beta=0.0 buffer=1.2 current_replicas=4 predicted_load=55.63744141332803 required_resources=2.225 target_replicas=3
2026-07-04 08:24:24 [debug    ] Decision loop completed        action=SCALE_OUT latency_ms=75.21 p99=27674.0
2026-07-04 08:24:39 [debug    ] HAProxy TCP command sent       command='show stat' response_length=2832
2026-07-04 08:24:39 [info     ] Algorithm 1: SCALE_OUT         new_weights={'k3s': 50, 'knative': 50} p99=27674.0 serverless_enabled=True violation_sec=348
2026-07-04 08:24:39 [info     ] algorithm2_scaling_decision    action=MAINTAIN alpha=0.04 beta=0.0 buffer=1.2 current_replicas=4 predicted_load=75.24313897789682 required_resources=3.01 target_replicas=4
2026-07-04 08:24:39 [debug    ] Decision loop completed        action=SCALE_OUT latency_ms=84.67 p99=27674.0
2026-07-04 08:24:54 [debug    ] HAProxy TCP command sent       command='show stat' response_length=2833
2026-07-04 08:24:54 [debug    ] HAProxy fallback latency       delta_requests=1125 interval_avg_ms=2756.35 max_rtime_ms=28035.0 p99_est=5512.7
2026-07-04 08:24:54 [info     ] Algorithm 1: SCALE_OUT         new_weights={'k3s': 50, 'knative': 50} p99=5512.704 serverless_enabled=True violation_sec=363
2026-07-04 08:24:54 [info     ] algorithm2_scaling_decision    action=MAINTAIN alpha=0.04 beta=0.0 buffer=1.2 current_replicas=4 predicted_load=79.84176154939892 required_resources=3.194 target_replicas=4
2026-07-04 08:24:54 [debug    ] Decision loop completed        action=SCALE_OUT latency_ms=73.94 p99=5512.704
2026-07-04 08:25:09 [debug    ] HAProxy TCP command sent       command='show stat' response_length=2857
2026-07-04 08:25:09 [debug    ] HAProxy fallback latency       delta_requests=847 interval_avg_ms=52094.74 max_rtime_ms=28035.0 p99_est=28035.0
2026-07-04 08:25:09 [info     ] Algorithm 1: SCALE_OUT         new_weights={'k3s': 50, 'knative': 50} p99=28035.0 serverless_enabled=True violation_sec=378
2026-07-04 08:25:09 [info     ] algorithm2_scaling_decision    action=MAINTAIN alpha=0.04 beta=0.0 buffer=1.2 current_replicas=4 predicted_load=65.38320497535202 required_resources=2.615 target_replicas=4
2026-07-04 08:25:09 [debug    ] Decision loop completed        action=SCALE_OUT latency_ms=78.49 p99=28035.0
2026-07-04 08:25:24 [debug    ] HAProxy TCP command sent       command='show stat' response_length=2838
2026-07-04 08:25:24 [info     ] Algorithm 1: SCALE_OUT         new_weights={'k3s': 50, 'knative': 50} p99=28035.0 serverless_enabled=True violation_sec=393
2026-07-04 08:25:24 [info     ] algorithm2_scaling_decision    action=SCALE_DOWN alpha=0.04 beta=0.0 buffer=1.2 current_replicas=4 predicted_load=58.79955547852149 required_resources=2.352 target_replicas=3
2026-07-04 08:25:24 [debug    ] Decision loop completed        action=SCALE_OUT latency_ms=75.67 p99=28035.0
2026-07-04 08:25:39 [debug    ] HAProxy TCP command sent       command='show stat' response_length=2834
2026-07-04 08:25:39 [debug    ] HAProxy fallback latency       delta_requests=964 interval_avg_ms=12643.42 max_rtime_ms=28035.0 p99_est=25286.84
2026-07-04 08:25:39 [info     ] Algorithm 1: SCALE_OUT         new_weights={'k3s': 50, 'knative': 50} p99=25286.83817427386 serverless_enabled=True violation_sec=408
2026-07-04 08:25:39 [info     ] algorithm2_scaling_decision    action=MAINTAIN alpha=0.04 beta=0.0 buffer=1.2 current_replicas=4 predicted_load=62.645110291979265 required_resources=2.506 target_replicas=4
2026-07-04 08:25:39 [debug    ] Decision loop completed        action=SCALE_OUT latency_ms=75.22 p99=25286.83817427386
2026-07-04 08:25:54 [debug    ] HAProxy TCP command sent       command='show stat' response_length=2831
2026-07-04 08:25:54 [debug    ] HAProxy fallback latency       delta_requests=509 interval_avg_ms=11542.13 max_rtime_ms=28035.0 p99_est=23084.26
2026-07-04 08:25:54 [info     ] Algorithm 1: SCALE_OUT         new_weights={'k3s': 50, 'knative': 50} p99=23084.259332023576 serverless_enabled=True violation_sec=423
2026-07-04 08:25:54 [info     ] algorithm2_scaling_decision    action=SCALE_DOWN alpha=0.04 beta=0.0 buffer=1.2 current_replicas=4 predicted_load=48.888147913272476 required_resources=1.956 target_replicas=3
2026-07-04 08:25:54 [debug    ] Decision loop completed        action=SCALE_OUT latency_ms=76.76 p99=23084.259332023576
2026-07-04 08:26:09 [debug    ] HAProxy TCP command sent       command='show stat' response_length=2839
2026-07-04 08:26:09 [info     ] Algorithm 1: SCALE_OUT         new_weights={'k3s': 50, 'knative': 50} p99=23084.259332023576 serverless_enabled=True violation_sec=438
2026-07-04 08:26:09 [info     ] algorithm2_scaling_decision    action=MAINTAIN alpha=0.04 beta=0.0 buffer=1.2 current_replicas=4 predicted_load=68.84897227854437 required_resources=2.754 target_replicas=4
2026-07-04 08:26:09 [debug    ] Decision loop completed        action=SCALE_OUT latency_ms=79.23 p99=23084.259332023576
2026-07-04 08:26:24 [debug    ] HAProxy TCP command sent       command='show stat' response_length=2833
2026-07-04 08:26:25 [debug    ] HAProxy fallback latency       delta_requests=1040 interval_avg_ms=7616.98 max_rtime_ms=28035.0 p99_est=15233.96
2026-07-04 08:26:25 [info     ] Algorithm 1: SCALE_OUT         new_weights={'k3s': 50, 'knative': 50} p99=15233.957692307693 serverless_enabled=True violation_sec=454
2026-07-04 08:26:25 [info     ] algorithm2_scaling_decision    action=SCALE_UP alpha=0.04 beta=0.0 buffer=1.2 current_replicas=4 predicted_load=86.4188480814753 required_resources=3.457 target_replicas=5
2026-07-04 08:26:25 [info     ] k8s_scale_executed             deployment=test-app-warm replicas=5
2026-07-04 08:26:25 [debug    ] Decision loop completed        action=SCALE_OUT latency_ms=118.32 p99=15233.957692307693
2026-07-04 08:26:40 [debug    ] HAProxy TCP command sent       command='show stat' response_length=2833
2026-07-04 08:26:40 [debug    ] HAProxy fallback latency       delta_requests=150 interval_avg_ms=223658.54 max_rtime_ms=28035.0 p99_est=28035.0
2026-07-04 08:26:40 [info     ] Algorithm 1: SCALE_OUT         new_weights={'k3s': 50, 'knative': 50} p99=28035.0 serverless_enabled=True violation_sec=469
2026-07-04 08:26:40 [info     ] algorithm2_scaling_decision    action=SCALE_DOWN alpha=0.04 beta=0.0 buffer=1.2 current_replicas=5 predicted_load=39.478392572086676 required_resources=1.579 target_replicas=2
2026-07-04 08:26:40 [debug    ] Decision loop completed        action=SCALE_OUT latency_ms=73.82 p99=28035.0
2026-07-04 08:26:55 [debug    ] HAProxy TCP command sent       command='show stat' response_length=2834
2026-07-04 08:26:55 [info     ] Algorithm 1: SCALE_OUT         new_weights={'k3s': 50, 'knative': 50} p99=28035.0 serverless_enabled=True violation_sec=484
2026-07-04 08:26:55 [info     ] algorithm2_scaling_decision    action=SCALE_DOWN alpha=0.04 beta=0.0 buffer=1.2 current_replicas=5 predicted_load=39.72298529855976 required_resources=1.589 target_replicas=2
2026-07-04 08:26:55 [debug    ] Decision loop completed        action=SCALE_OUT latency_ms=75.64 p99=28035.0
2026-07-04 08:27:10 [debug    ] HAProxy TCP command sent       command='show stat' response_length=2843
2026-07-04 08:27:10 [debug    ] HAProxy fallback latency       delta_requests=453 interval_avg_ms=225175.48 max_rtime_ms=28035.0 p99_est=28035.0
2026-07-04 08:27:10 [info     ] Algorithm 1: SCALE_OUT         new_weights={'k3s': 50, 'knative': 50} p99=28035.0 serverless_enabled=True violation_sec=499
2026-07-04 08:27:10 [info     ] algorithm2_scaling_decision    action=SCALE_DOWN alpha=0.04 beta=0.0 buffer=1.2 current_replicas=5 predicted_load=49.68706215115006 required_resources=1.987 target_replicas=3
2026-07-04 08:27:10 [debug    ] Decision loop completed        action=SCALE_OUT latency_ms=78.42 p99=28035.0
2026-07-04 08:27:25 [debug    ] HAProxy TCP command sent       command='show stat' response_length=2847
2026-07-04 08:27:25 [debug    ] HAProxy fallback latency       delta_requests=1307 interval_avg_ms=71764.06 max_rtime_ms=39704.0 p99_est=39704.0
2026-07-04 08:27:25 [info     ] Algorithm 1: SCALE_OUT         new_weights={'k3s': 50, 'knative': 50} p99=39704.0 serverless_enabled=True violation_sec=514
2026-07-04 08:27:25 [info     ] algorithm2_scaling_decision    action=SCALE_DOWN alpha=0.04 beta=0.0 buffer=1.2 current_replicas=5 predicted_load=58.230596676397205 required_resources=2.329 target_replicas=3
2026-07-04 08:27:25 [debug    ] Decision loop completed        action=SCALE_OUT latency_ms=81.28 p99=39704.0
2026-07-04 08:27:40 [debug    ] HAProxy TCP command sent       command='show stat' response_length=2844
2026-07-04 08:27:40 [info     ] Algorithm 1: SCALE_OUT         new_weights={'k3s': 50, 'knative': 50} p99=39704.0 serverless_enabled=True violation_sec=529
2026-07-04 08:27:40 [info     ] algorithm2_scaling_decision    action=MAINTAIN alpha=0.04 beta=0.0 buffer=1.2 current_replicas=5 predicted_load=87.92919752212005 required_resources=3.517 target_replicas=5
2026-07-04 08:27:40 [debug    ] Decision loop completed        action=SCALE_OUT latency_ms=78.0 p99=39704.0
2026-07-04 08:27:55 [debug    ] HAProxy TCP command sent       command='show stat' response_length=2841
2026-07-04 08:27:55 [debug    ] HAProxy fallback latency       delta_requests=471 interval_avg_ms=84758.04 max_rtime_ms=39704.0 p99_est=39704.0
2026-07-04 08:27:55 [info     ] Algorithm 1: SCALE_OUT         new_weights={'k3s': 50, 'knative': 50} p99=39704.0 serverless_enabled=True violation_sec=544
2026-07-04 08:27:55 [info     ] algorithm2_scaling_decision    action=SCALE_DOWN alpha=0.04 beta=0.0 buffer=1.2 current_replicas=5 predicted_load=60.341965719178575 required_resources=2.414 target_replicas=3
2026-07-04 08:27:55 [debug    ] Decision loop completed        action=SCALE_OUT latency_ms=79.81 p99=39704.0
2026-07-04 08:28:10 [debug    ] HAProxy TCP command sent       command='show stat' response_length=2840
2026-07-04 08:28:10 [info     ] Algorithm 1: SCALE_OUT         new_weights={'k3s': 50, 'knative': 50} p99=39704.0 serverless_enabled=True violation_sec=559
2026-07-04 08:28:10 [info     ] algorithm2_scaling_decision    action=SCALE_DOWN alpha=0.04 beta=0.0 buffer=1.2 current_replicas=5 predicted_load=52.65303078853482 required_resources=2.106 target_replicas=3
2026-07-04 08:28:10 [debug    ] Decision loop completed        action=SCALE_OUT latency_ms=77.86 p99=39704.0
2026-07-04 08:28:25 [debug    ] HAProxy TCP command sent       command='show stat' response_length=2842
2026-07-04 08:28:25 [info     ] Algorithm 1: SCALE_OUT         new_weights={'k3s': 50, 'knative': 50} p99=39704.0 serverless_enabled=True violation_sec=574
2026-07-04 08:28:25 [info     ] algorithm2_scaling_decision    action=SCALE_DOWN alpha=0.04 beta=0.0 buffer=1.2 current_replicas=5 predicted_load=51.55945783353237 required_resources=2.062 target_replicas=3
2026-07-04 08:28:25 [debug    ] Decision loop completed        action=SCALE_OUT latency_ms=79.17 p99=39704.0
2026-07-04 08:28:40 [debug    ] HAProxy TCP command sent       command='show stat' response_length=2844
2026-07-04 08:28:40 [info     ] Algorithm 1: SCALE_OUT         new_weights={'k3s': 50, 'knative': 50} p99=39704.0 serverless_enabled=True violation_sec=589
2026-07-04 08:28:40 [info     ] algorithm2_scaling_decision    action=MAINTAIN alpha=0.04 beta=0.0 buffer=1.2 current_replicas=5 predicted_load=71.25797791104671 required_resources=2.85 target_replicas=4
2026-07-04 08:28:40 [debug    ] Decision loop completed        action=SCALE_OUT latency_ms=76.45 p99=39704.0
2026-07-04 08:28:55 [debug    ] HAProxy TCP command sent       command='show stat' response_length=2841
2026-07-04 08:28:55 [debug    ] HAProxy fallback latency       delta_requests=418 interval_avg_ms=257060.82 max_rtime_ms=39704.0 p99_est=39704.0
2026-07-04 08:28:55 [info     ] Algorithm 1: SCALE_OUT         new_weights={'k3s': 50, 'knative': 50} p99=39704.0 serverless_enabled=True violation_sec=604
2026-07-04 08:28:55 [info     ] algorithm2_scaling_decision    action=MAINTAIN alpha=0.04 beta=0.0 buffer=1.2 current_replicas=5 predicted_load=70.46220527485724 required_resources=2.818 target_replicas=4
2026-07-04 08:28:55 [debug    ] Decision loop completed        action=SCALE_OUT latency_ms=72.09 p99=39704.0
2026-07-04 08:29:10 [debug    ] HAProxy TCP command sent       command='show stat' response_length=2846
2026-07-04 08:29:10 [info     ] Algorithm 1: SCALE_OUT         new_weights={'k3s': 50, 'knative': 50} p99=39704.0 serverless_enabled=True violation_sec=619
2026-07-04 08:29:10 [info     ] algorithm2_scaling_decision    action=SCALE_DOWN alpha=0.04 beta=0.0 buffer=1.2 current_replicas=5 predicted_load=45.576300827987296 required_resources=1.823 target_replicas=3
2026-07-04 08:29:10 [debug    ] Decision loop completed        action=SCALE_OUT latency_ms=77.7 p99=39704.0
2026-07-04 08:29:25 [debug    ] HAProxy TCP command sent       command='show stat' response_length=2845
2026-07-04 08:29:26 [info     ] Algorithm 1: SCALE_OUT         new_weights={'k3s': 50, 'knative': 50} p99=39704.0 serverless_enabled=True violation_sec=635
2026-07-04 08:29:26 [info     ] algorithm2_scaling_decision    action=SCALE_DOWN alpha=0.04 beta=0.0 buffer=1.2 current_replicas=5 predicted_load=53.30200899056395 required_resources=2.132 target_replicas=3
2026-07-04 08:29:26 [debug    ] Decision loop completed        action=SCALE_OUT latency_ms=79.56 p99=39704.0
2026-07-04 08:29:41 [debug    ] HAProxy TCP command sent       command='show stat' response_length=2846
2026-07-04 08:29:41 [debug    ] HAProxy fallback latency       delta_requests=1655 interval_avg_ms=16276.94 max_rtime_ms=39704.0 p99_est=32553.89
2026-07-04 08:29:41 [info     ] Algorithm 1: SCALE_OUT         new_weights={'k3s': 50, 'knative': 50} p99=32553.888821752265 serverless_enabled=True violation_sec=650
2026-07-04 08:29:41 [info     ] algorithm2_scaling_decision    action=MAINTAIN alpha=0.04 beta=0.0 buffer=1.2 current_replicas=5 predicted_load=76.46394713802503 required_resources=3.059 target_replicas=4
2026-07-04 08:29:41 [debug    ] Decision loop completed        action=SCALE_OUT latency_ms=78.03 p99=32553.888821752265
2026-07-04 08:29:56 [debug    ] HAProxy TCP command sent       command='show stat' response_length=2844
2026-07-04 08:29:56 [debug    ] HAProxy fallback latency       delta_requests=1079 interval_avg_ms=329.75 max_rtime_ms=39704.0 p99_est=659.5
2026-07-04 08:29:56 [info     ] Algorithm 1: SCALE_OUT         new_weights={'k3s': 50, 'knative': 50} p99=659.5032437442076 serverless_enabled=True violation_sec=665
2026-07-04 08:29:56 [info     ] algorithm2_scaling_decision    action=MAINTAIN alpha=0.04 beta=0.0 buffer=1.2 current_replicas=5 predicted_load=90.82157150617044 required_resources=3.633 target_replicas=5
2026-07-04 08:29:56 [debug    ] Decision loop completed        action=SCALE_OUT latency_ms=73.96 p99=659.5032437442076
2026-07-04 08:30:11 [debug    ] HAProxy TCP command sent       command='show stat' response_length=2845
2026-07-04 08:30:11 [info     ] Algorithm 1: SCALE_OUT         new_weights={'k3s': 50, 'knative': 50} p99=659.5032437442076 serverless_enabled=True violation_sec=680
2026-07-04 08:30:11 [info     ] algorithm2_scaling_decision    action=SCALE_DOWN alpha=0.04 beta=0.0 buffer=1.2 current_replicas=5 predicted_load=48.550235483317834 required_resources=1.942 target_replicas=3
2026-07-04 08:30:11 [debug    ] Decision loop completed        action=SCALE_OUT latency_ms=74.03 p99=659.5032437442076
2026-07-04 08:30:26 [debug    ] HAProxy TCP command sent       command='show stat' response_length=2840
2026-07-04 08:30:26 [info     ] Algorithm 1: SCALE_OUT         new_weights={'k3s': 50, 'knative': 50} p99=659.5032437442076 serverless_enabled=True violation_sec=695
2026-07-04 08:30:26 [info     ] algorithm2_scaling_decision    action=SCALE_DOWN alpha=0.04 beta=0.0 buffer=1.2 current_replicas=5 predicted_load=49.7202132908491 required_resources=1.989 target_replicas=3
2026-07-04 08:30:26 [debug    ] Decision loop completed        action=SCALE_OUT latency_ms=77.87 p99=659.5032437442076
2026-07-04 08:30:41 [debug    ] HAProxy TCP command sent       command='show stat' response_length=2842
2026-07-04 08:30:41 [debug    ] HAProxy fallback latency       delta_requests=1041 interval_avg_ms=41222.64 max_rtime_ms=39704.0 p99_est=39704.0
2026-07-04 08:30:41 [info     ] Algorithm 1: SCALE_OUT         new_weights={'k3s': 50, 'knative': 50} p99=39704.0 serverless_enabled=True violation_sec=710
2026-07-04 08:30:41 [info     ] algorithm2_scaling_decision    action=MAINTAIN alpha=0.04 beta=0.0 buffer=1.2 current_replicas=5 predicted_load=71.6024763737592 required_resources=2.864 target_replicas=4
2026-07-04 08:30:41 [debug    ] Decision loop completed        action=SCALE_OUT latency_ms=75.69 p99=39704.0
2026-07-04 08:30:56 [debug    ] HAProxy TCP command sent       command='show stat' response_length=2842
2026-07-04 08:30:56 [info     ] Algorithm 1: SCALE_OUT         new_weights={'k3s': 50, 'knative': 50} p99=39704.0 serverless_enabled=True violation_sec=725
2026-07-04 08:30:56 [info     ] algorithm2_scaling_decision    action=MAINTAIN alpha=0.04 beta=0.0 buffer=1.2 current_replicas=5 predicted_load=73.12618292534196 required_resources=2.925 target_replicas=4
2026-07-04 08:30:56 [debug    ] Decision loop completed        action=SCALE_OUT latency_ms=72.82 p99=39704.0
2026-07-04 08:31:11 [debug    ] HAProxy TCP command sent       command='show stat' response_length=2845
2026-07-04 08:31:11 [debug    ] HAProxy fallback latency       delta_requests=769 interval_avg_ms=91764.76 max_rtime_ms=39704.0 p99_est=39704.0
2026-07-04 08:31:11 [info     ] Algorithm 1: SCALE_OUT         new_weights={'k3s': 50, 'knative': 50} p99=39704.0 serverless_enabled=True violation_sec=740
2026-07-04 08:31:11 [info     ] algorithm2_scaling_decision    action=MAINTAIN alpha=0.04 beta=0.0 buffer=1.2 current_replicas=5 predicted_load=64.0823700720515 required_resources=2.563 target_replicas=4
2026-07-04 08:31:11 [debug    ] Decision loop completed        action=SCALE_OUT latency_ms=73.8 p99=39704.0
2026-07-04 08:31:26 [debug    ] HAProxy TCP command sent       command='show stat' response_length=2846
2026-07-04 08:31:26 [debug    ] HAProxy fallback latency       delta_requests=656 interval_avg_ms=37194.33 max_rtime_ms=39704.0 p99_est=39704.0
2026-07-04 08:31:26 [info     ] Algorithm 1: SCALE_OUT         new_weights={'k3s': 50, 'knative': 50} p99=39704.0 serverless_enabled=True violation_sec=755
2026-07-04 08:31:26 [info     ] algorithm2_scaling_decision    action=SCALE_DOWN alpha=0.04 beta=0.0 buffer=1.2 current_replicas=5 predicted_load=47.30080278955033 required_resources=1.892 target_replicas=3
2026-07-04 08:31:26 [debug    ] Decision loop completed        action=SCALE_OUT latency_ms=74.82 p99=39704.0
2026-07-04 08:31:41 [debug    ] HAProxy TCP command sent       command='show stat' response_length=2847
2026-07-04 08:31:41 [info     ] Algorithm 1: SCALE_OUT         new_weights={'k3s': 50, 'knative': 50} p99=39704.0 serverless_enabled=True violation_sec=770
2026-07-04 08:31:41 [info     ] algorithm2_scaling_decision    action=SCALE_DOWN alpha=0.04 beta=0.0 buffer=1.2 current_replicas=5 predicted_load=47.76172822062391 required_resources=1.91 target_replicas=3
2026-07-04 08:31:41 [debug    ] Decision loop completed        action=SCALE_OUT latency_ms=75.79 p99=39704.0
2026-07-04 08:31:56 [debug    ] HAProxy TCP command sent       command='show stat' response_length=2837
2026-07-04 08:31:56 [info     ] Algorithm 1: SCALE_OUT         new_weights={'k3s': 50, 'knative': 50} p99=39704.0 serverless_enabled=True violation_sec=785
2026-07-04 08:31:56 [info     ] algorithm2_scaling_decision    action=SCALE_DOWN alpha=0.04 beta=0.0 buffer=1.2 current_replicas=5 predicted_load=49.220298104143495 required_resources=1.969 target_replicas=3
2026-07-04 08:31:56 [debug    ] Decision loop completed        action=SCALE_OUT latency_ms=71.52 p99=39704.0
2026-07-04 08:32:11 [debug    ] HAProxy TCP command sent       command='show stat' response_length=2836
2026-07-04 08:32:11 [info     ] Algorithm 1: SCALE_OUT         new_weights={'k3s': 50, 'knative': 50} p99=39704.0 serverless_enabled=True violation_sec=800
2026-07-04 08:32:11 [info     ] algorithm2_scaling_decision    action=SCALE_DOWN alpha=0.04 beta=0.0 buffer=1.2 current_replicas=5 predicted_load=46.27241675504973 required_resources=1.851 target_replicas=3
2026-07-04 08:32:11 [debug    ] Decision loop completed        action=SCALE_OUT latency_ms=78.69 p99=39704.0
2026-07-04 08:32:26 [debug    ] HAProxy TCP command sent       command='show stat' response_length=2847
2026-07-04 08:32:26 [debug    ] HAProxy fallback latency       delta_requests=643 interval_avg_ms=101270.33 max_rtime_ms=39704.0 p99_est=39704.0
2026-07-04 08:32:26 [info     ] Algorithm 1: SCALE_OUT         new_weights={'k3s': 50, 'knative': 50} p99=39704.0 serverless_enabled=True violation_sec=815
2026-07-04 08:32:26 [info     ] algorithm2_scaling_decision    action=SCALE_DOWN alpha=0.04 beta=0.0 buffer=1.2 current_replicas=5 predicted_load=44.27762851052779 required_resources=1.771 target_replicas=3
2026-07-04 08:32:26 [debug    ] Decision loop completed        action=SCALE_OUT latency_ms=80.94 p99=39704.0
2026-07-04 08:32:41 [debug    ] HAProxy TCP command sent       command='show stat' response_length=2847
2026-07-04 08:32:41 [info     ] Algorithm 1: SCALE_OUT         new_weights={'k3s': 50, 'knative': 50} p99=39704.0 serverless_enabled=True violation_sec=830
2026-07-04 08:32:42 [info     ] algorithm2_scaling_decision    action=SCALE_DOWN alpha=0.04 beta=0.0 buffer=1.2 current_replicas=5 predicted_load=45.65712931047855 required_resources=1.826 target_replicas=3
2026-07-04 08:32:42 [debug    ] Decision loop completed        action=SCALE_OUT latency_ms=80.86 p99=39704.0
2026-07-04 08:32:57 [debug    ] HAProxy TCP command sent       command='show stat' response_length=2847
2026-07-04 08:32:57 [debug    ] HAProxy fallback latency       delta_requests=192 interval_avg_ms=456843.55 max_rtime_ms=39704.0 p99_est=39704.0
2026-07-04 08:32:57 [info     ] Algorithm 1: SCALE_OUT         new_weights={'k3s': 50, 'knative': 50} p99=39704.0 serverless_enabled=True violation_sec=846
2026-07-04 08:32:57 [info     ] algorithm2_scaling_decision    action=SCALE_DOWN alpha=0.04 beta=0.0 buffer=1.2 current_replicas=5 predicted_load=30.800642140865346 required_resources=1.232 target_replicas=2
2026-07-04 08:32:57 [debug    ] Decision loop completed        action=SCALE_OUT latency_ms=75.86 p99=39704.0
2026-07-04 08:33:12 [debug    ] HAProxy TCP command sent       command='show stat' response_length=2847
2026-07-04 08:33:12 [info     ] Algorithm 1: SCALE_OUT         new_weights={'k3s': 50, 'knative': 50} p99=39704.0 serverless_enabled=True violation_sec=861
2026-07-04 08:33:12 [info     ] algorithm2_scaling_decision    action=SCALE_DOWN alpha=0.04 beta=0.0 buffer=1.2 current_replicas=5 predicted_load=35.65121434522296 required_resources=1.426 target_replicas=2
2026-07-04 08:33:12 [debug    ] Decision loop completed        action=SCALE_OUT latency_ms=71.96 p99=39704.0
2026-07-04 08:33:27 [debug    ] HAProxy TCP command sent       command='show stat' response_length=2845
2026-07-04 08:33:27 [info     ] Algorithm 1: SCALE_OUT         new_weights={'k3s': 50, 'knative': 50} p99=39704.0 serverless_enabled=True violation_sec=876
2026-07-04 08:33:27 [info     ] algorithm2_scaling_decision    action=MAINTAIN alpha=0.04 beta=0.0 buffer=1.2 current_replicas=5 predicted_load=64.84795378167186 required_resources=2.594 target_replicas=4
2026-07-04 08:33:27 [debug    ] Decision loop completed        action=SCALE_OUT latency_ms=79.41 p99=39704.0
2026-07-04 08:33:42 [debug    ] HAProxy TCP command sent       command='show stat' response_length=2847
2026-07-04 08:33:42 [debug    ] HAProxy fallback latency       delta_requests=903 interval_avg_ms=129264.86 max_rtime_ms=39704.0 p99_est=39704.0
2026-07-04 08:33:42 [info     ] Algorithm 1: SCALE_OUT         new_weights={'k3s': 50, 'knative': 50} p99=39704.0 serverless_enabled=True violation_sec=891
2026-07-04 08:33:42 [info     ] algorithm2_scaling_decision    action=MAINTAIN alpha=0.04 beta=0.0 buffer=1.2 current_replicas=5 predicted_load=65.60327652949607 required_resources=2.624 target_replicas=4
2026-07-04 08:33:42 [debug    ] Decision loop completed        action=SCALE_OUT latency_ms=79.24 p99=39704.0
2026-07-04 08:33:57 [debug    ] HAProxy TCP command sent       command='show stat' response_length=2850
2026-07-04 08:33:57 [debug    ] HAProxy fallback latency       delta_requests=720 interval_avg_ms=143851.77 max_rtime_ms=39704.0 p99_est=39704.0
2026-07-04 08:33:57 [info     ] Algorithm 1: SCALE_OUT         new_weights={'k3s': 50, 'knative': 50} p99=39704.0 serverless_enabled=True violation_sec=906
2026-07-04 08:33:57 [info     ] algorithm2_scaling_decision    action=SCALE_DOWN alpha=0.04 beta=0.0 buffer=1.2 current_replicas=5 predicted_load=53.81471077791028 required_resources=2.153 target_replicas=3
2026-07-04 08:33:57 [debug    ] Decision loop completed        action=SCALE_OUT latency_ms=79.23 p99=39704.0
2026-07-04 08:34:12 [debug    ] HAProxy TCP command sent       command='show stat' response_length=2848
2026-07-04 08:34:12 [info     ] Algorithm 1: SCALE_OUT         new_weights={'k3s': 50, 'knative': 50} p99=39704.0 serverless_enabled=True violation_sec=921
2026-07-04 08:34:12 [info     ] algorithm2_scaling_decision    action=MAINTAIN alpha=0.04 beta=0.0 buffer=1.2 current_replicas=5 predicted_load=65.25465785900946 required_resources=2.61 target_replicas=4
2026-07-04 08:34:12 [debug    ] Decision loop completed        action=SCALE_OUT latency_ms=78.33 p99=39704.0
2026-07-04 08:34:27 [debug    ] HAProxy TCP command sent       command='show stat' response_length=2848
2026-07-04 08:34:27 [debug    ] HAProxy fallback latency       delta_requests=859 interval_avg_ms=47800.09 max_rtime_ms=39704.0 p99_est=39704.0
2026-07-04 08:34:27 [info     ] Algorithm 1: SCALE_OUT         new_weights={'k3s': 50, 'knative': 50} p99=39704.0 serverless_enabled=True violation_sec=936
2026-07-04 08:34:27 [info     ] algorithm2_scaling_decision    action=MAINTAIN alpha=0.04 beta=0.0 buffer=1.2 current_replicas=5 predicted_load=69.99698311573509 required_resources=2.8 target_replicas=4
2026-07-04 08:34:27 [debug    ] Decision loop completed        action=SCALE_OUT latency_ms=73.6 p99=39704.0
2026-07-04 08:34:42 [debug    ] HAProxy TCP command sent       command='show stat' response_length=2852
2026-07-04 08:34:42 [info     ] Algorithm 1: SCALE_OUT         new_weights={'k3s': 50, 'knative': 50} p99=39704.0 serverless_enabled=True violation_sec=951
2026-07-04 08:34:42 [info     ] algorithm2_scaling_decision    action=MAINTAIN alpha=0.04 beta=0.0 buffer=1.2 current_replicas=5 predicted_load=77.04555140272923 required_resources=3.082 target_replicas=4
2026-07-04 08:34:42 [debug    ] Decision loop completed        action=SCALE_OUT latency_ms=79.71 p99=39704.0
2026-07-04 08:34:57 [debug    ] HAProxy TCP command sent       command='show stat' response_length=2848
2026-07-04 08:34:57 [info     ] Algorithm 1: SCALE_OUT         new_weights={'k3s': 50, 'knative': 50} p99=39704.0 serverless_enabled=True violation_sec=966
2026-07-04 08:34:57 [info     ] algorithm2_scaling_decision    action=MAINTAIN alpha=0.04 beta=0.0 buffer=1.2 current_replicas=5 predicted_load=93.09044648877807 required_resources=3.724 target_replicas=5
2026-07-04 08:34:57 [debug    ] Decision loop completed        action=SCALE_OUT latency_ms=74.46 p99=39704.0
2026-07-04 08:35:12 [debug    ] HAProxy TCP command sent       command='show stat' response_length=2847
2026-07-04 08:35:12 [debug    ] HAProxy fallback latency       delta_requests=108 interval_avg_ms=506135.69 max_rtime_ms=39704.0 p99_est=39704.0
2026-07-04 08:35:12 [info     ] Algorithm 1: SCALE_OUT         new_weights={'k3s': 50, 'knative': 50} p99=39704.0 serverless_enabled=True violation_sec=981
2026-07-04 08:35:12 [info     ] algorithm2_scaling_decision    action=SCALE_DOWN alpha=0.04 beta=0.0 buffer=1.2 current_replicas=5 predicted_load=48.20962442808381 required_resources=1.928 target_replicas=3
2026-07-04 08:35:12 [debug    ] Decision loop completed        action=SCALE_OUT latency_ms=74.04 p99=39704.0
2026-07-04 08:35:27 [debug    ] HAProxy TCP command sent       command='show stat' response_length=2845
2026-07-04 08:35:27 [info     ] Algorithm 1: SCALE_OUT         new_weights={'k3s': 50, 'knative': 50} p99=39704.0 serverless_enabled=True violation_sec=996
2026-07-04 08:35:27 [info     ] algorithm2_scaling_decision    action=SCALE_DOWN alpha=0.04 beta=0.0 buffer=1.2 current_replicas=5 predicted_load=29.918228901779973 required_resources=1.197 target_replicas=2
2026-07-04 08:35:27 [debug    ] Decision loop completed        action=SCALE_OUT latency_ms=75.66 p99=39704.0
2026-07-04 08:35:42 [debug    ] HAProxy TCP command sent       command='show stat' response_length=2844
2026-07-04 08:35:42 [info     ] Algorithm 1: SCALE_OUT         new_weights={'k3s': 50, 'knative': 50} p99=39704.0 serverless_enabled=True violation_sec=1011
2026-07-04 08:35:42 [info     ] algorithm2_scaling_decision    action=SCALE_DOWN alpha=0.04 beta=0.0 buffer=1.2 current_replicas=5 predicted_load=49.784725800810236 required_resources=1.991 target_replicas=3
2026-07-04 08:35:42 [debug    ] Decision loop completed        action=SCALE_OUT latency_ms=77.65 p99=39704.0
2026-07-04 08:35:57 [debug    ] HAProxy TCP command sent       command='show stat' response_length=2845
2026-07-04 08:35:57 [info     ] Algorithm 1: SCALE_OUT         new_weights={'k3s': 50, 'knative': 50} p99=39704.0 serverless_enabled=True violation_sec=1026
2026-07-04 08:35:58 [info     ] algorithm2_scaling_decision    action=SCALE_DOWN alpha=0.04 beta=0.0 buffer=1.2 current_replicas=5 predicted_load=45.23600467635163 required_resources=1.809 target_replicas=3
2026-07-04 08:35:58 [debug    ] Decision loop completed        action=SCALE_OUT latency_ms=75.84 p99=39704.0
2026-07-04 08:36:13 [debug    ] HAProxy TCP command sent       command='show stat' response_length=2849
2026-07-04 08:36:13 [debug    ] HAProxy fallback latency       delta_requests=661 interval_avg_ms=80825.05 max_rtime_ms=39704.0 p99_est=39704.0
2026-07-04 08:36:13 [info     ] Algorithm 1: SCALE_OUT         new_weights={'k3s': 50, 'knative': 50} p99=39704.0 serverless_enabled=True violation_sec=1042
2026-07-04 08:36:13 [info     ] algorithm2_scaling_decision    action=SCALE_DOWN alpha=0.04 beta=0.0 buffer=1.2 current_replicas=5 predicted_load=43.67647498382938 required_resources=1.747 target_replicas=3
2026-07-04 08:36:13 [debug    ] Decision loop completed        action=SCALE_OUT latency_ms=77.48 p99=39704.0
2026-07-04 08:36:28 [debug    ] HAProxy TCP command sent       command='show stat' response_length=2844
2026-07-04 08:36:28 [info     ] Algorithm 1: SCALE_OUT         new_weights={'k3s': 50, 'knative': 50} p99=39704.0 serverless_enabled=True violation_sec=1057
2026-07-04 08:36:28 [info     ] algorithm2_scaling_decision    action=SCALE_DOWN alpha=0.04 beta=0.0 buffer=1.2 current_replicas=5 predicted_load=47.09135983548542 required_resources=1.884 target_replicas=3
2026-07-04 08:36:28 [debug    ] Decision loop completed        action=SCALE_OUT latency_ms=82.63 p99=39704.0
2026-07-04 08:36:43 [debug    ] HAProxy TCP command sent       command='show stat' response_length=2837
2026-07-04 08:36:43 [info     ] Algorithm 1: SCALE_OUT         new_weights={'k3s': 50, 'knative': 50} p99=39704.0 serverless_enabled=True violation_sec=1072
2026-07-04 08:36:43 [info     ] algorithm2_scaling_decision    action=SCALE_DOWN alpha=0.04 beta=0.0 buffer=1.2 current_replicas=5 predicted_load=53.54591986134724 required_resources=2.142 target_replicas=3
2026-07-04 08:36:43 [debug    ] Decision loop completed        action=SCALE_OUT latency_ms=75.19 p99=39704.0
2026-07-04 08:36:58 [debug    ] HAProxy TCP command sent       command='show stat' response_length=2845
2026-07-04 08:36:58 [debug    ] HAProxy fallback latency       delta_requests=734 interval_avg_ms=74697.37 max_rtime_ms=39704.0 p99_est=39704.0
2026-07-04 08:36:58 [info     ] Algorithm 1: SCALE_OUT         new_weights={'k3s': 50, 'knative': 50} p99=39704.0 serverless_enabled=True violation_sec=1087
2026-07-04 08:36:58 [info     ] algorithm2_scaling_decision    action=SCALE_DOWN alpha=0.04 beta=0.0 buffer=1.2 current_replicas=5 predicted_load=52.68890423737133 required_resources=2.108 target_replicas=3
2026-07-04 08:36:58 [debug    ] Decision loop completed        action=SCALE_OUT latency_ms=78.37 p99=39704.0
2026-07-04 08:37:13 [debug    ] HAProxy TCP command sent       command='show stat' response_length=2851
2026-07-04 08:37:13 [debug    ] HAProxy fallback latency       delta_requests=585 interval_avg_ms=360708.28 max_rtime_ms=39704.0 p99_est=39704.0
2026-07-04 08:37:13 [info     ] Algorithm 1: SCALE_OUT         new_weights={'k3s': 50, 'knative': 50} p99=39704.0 serverless_enabled=True violation_sec=1102
2026-07-04 08:37:13 [info     ] algorithm2_scaling_decision    action=SCALE_DOWN alpha=0.04 beta=0.0 buffer=1.2 current_replicas=5 predicted_load=43.77636135457089 required_resources=1.751 target_replicas=3
2026-07-04 08:37:13 [debug    ] Decision loop completed        action=SCALE_OUT latency_ms=77.87 p99=39704.0
2026-07-04 08:37:28 [debug    ] HAProxy TCP command sent       command='show stat' response_length=2863
2026-07-04 08:37:28 [debug    ] HAProxy fallback latency       delta_requests=694 interval_avg_ms=84761.83 max_rtime_ms=39704.0 p99_est=39704.0
2026-07-04 08:37:28 [info     ] Algorithm 1: SCALE_OUT         new_weights={'k3s': 50, 'knative': 50} p99=39704.0 serverless_enabled=True violation_sec=1117
2026-07-04 08:37:28 [info     ] algorithm2_scaling_decision    action=SCALE_DOWN alpha=0.04 beta=0.0 buffer=1.2 current_replicas=5 predicted_load=42.411766165939746 required_resources=1.696 target_replicas=3
2026-07-04 08:37:28 [debug    ] Decision loop completed        action=SCALE_OUT latency_ms=81.16 p99=39704.0
2026-07-04 08:37:43 [debug    ] HAProxy TCP command sent       command='show stat' response_length=2845
2026-07-04 08:37:43 [info     ] Algorithm 1: SCALE_OUT         new_weights={'k3s': 50, 'knative': 50} p99=39704.0 serverless_enabled=True violation_sec=1132
2026-07-04 08:37:43 [info     ] algorithm2_scaling_decision    action=SCALE_DOWN alpha=0.04 beta=0.0 buffer=1.2 current_replicas=5 predicted_load=42.87231213325304 required_resources=1.715 target_replicas=3
2026-07-04 08:37:43 [debug    ] Decision loop completed        action=SCALE_OUT latency_ms=76.52 p99=39704.0
2026-07-04 08:37:58 [debug    ] HAProxy TCP command sent       command='show stat' response_length=2847
2026-07-04 08:37:58 [info     ] Algorithm 1: SCALE_OUT         new_weights={'k3s': 50, 'knative': 50} p99=39704.0 serverless_enabled=True violation_sec=1147
2026-07-04 08:37:58 [info     ] algorithm2_scaling_decision    action=SCALE_DOWN alpha=0.04 beta=0.0 buffer=1.2 current_replicas=5 predicted_load=45.32791181773277 required_resources=1.813 target_replicas=3
2026-07-04 08:37:58 [debug    ] Decision loop completed        action=SCALE_OUT latency_ms=75.03 p99=39704.0
2026-07-04 08:38:13 [debug    ] HAProxy TCP command sent       command='show stat' response_length=2852
2026-07-04 08:38:13 [debug    ] HAProxy fallback latency       delta_requests=654 interval_avg_ms=5816.2 max_rtime_ms=39704.0 p99_est=11632.4
2026-07-04 08:38:13 [info     ] Algorithm 1: SCALE_OUT         new_weights={'k3s': 50, 'knative': 50} p99=11632.40366972477 serverless_enabled=True violation_sec=1162
2026-07-04 08:38:13 [info     ] algorithm2_scaling_decision    action=SCALE_DOWN alpha=0.04 beta=0.0 buffer=1.2 current_replicas=5 predicted_load=47.12714443200382 required_resources=1.885 target_replicas=3
2026-07-04 08:38:13 [debug    ] Decision loop completed        action=SCALE_OUT latency_ms=74.47 p99=11632.40366972477
2026-07-04 08:38:28 [debug    ] HAProxy TCP command sent       command='show stat' response_length=2858
2026-07-04 08:38:28 [debug    ] HAProxy fallback latency       delta_requests=736 interval_avg_ms=169682.85 max_rtime_ms=39704.0 p99_est=39704.0
2026-07-04 08:38:28 [info     ] Algorithm 1: SCALE_OUT         new_weights={'k3s': 50, 'knative': 50} p99=39704.0 serverless_enabled=True violation_sec=1177
2026-07-04 08:38:28 [info     ] algorithm2_scaling_decision    action=SCALE_DOWN alpha=0.04 beta=0.0 buffer=1.2 current_replicas=5 predicted_load=46.16947211946492 required_resources=1.847 target_replicas=3
2026-07-04 08:38:28 [debug    ] Decision loop completed        action=SCALE_OUT latency_ms=79.13 p99=39704.0
2026-07-04 08:38:43 [debug    ] HAProxy TCP command sent       command='show stat' response_length=2857
2026-07-04 08:38:43 [debug    ] HAProxy fallback latency       delta_requests=443 interval_avg_ms=87106.92 max_rtime_ms=39704.0 p99_est=39704.0
2026-07-04 08:38:43 [info     ] Algorithm 1: SCALE_OUT         new_weights={'k3s': 50, 'knative': 50} p99=39704.0 serverless_enabled=True violation_sec=1192
2026-07-04 08:38:43 [info     ] algorithm2_scaling_decision    action=SCALE_DOWN alpha=0.04 beta=0.0 buffer=1.2 current_replicas=5 predicted_load=39.16719445444052 required_resources=1.567 target_replicas=2
2026-07-04 08:38:43 [debug    ] Decision loop completed        action=SCALE_OUT latency_ms=73.62 p99=39704.0
2026-07-04 08:38:58 [debug    ] HAProxy TCP command sent       command='show stat' response_length=2851
2026-07-04 08:38:58 [info     ] Algorithm 1: SCALE_OUT         new_weights={'k3s': 50, 'knative': 50} p99=39704.0 serverless_enabled=True violation_sec=1207
2026-07-04 08:38:58 [info     ] algorithm2_scaling_decision    action=SCALE_DOWN alpha=0.04 beta=0.0 buffer=1.2 current_replicas=5 predicted_load=14.688814123257465 required_resources=0.588 target_replicas=1
2026-07-04 08:38:58 [debug    ] Decision loop completed        action=SCALE_OUT latency_ms=76.4 p99=39704.0
2026-07-04 08:39:13 [debug    ] HAProxy TCP command sent       command='show stat' response_length=2845
2026-07-04 08:39:13 [info     ] Algorithm 1: SCALE_OUT         new_weights={'k3s': 50, 'knative': 50} p99=39704.0 serverless_enabled=True violation_sec=1222
2026-07-04 08:39:14 [info     ] algorithm2_scaling_decision    action=SCALE_DOWN alpha=0.04 beta=0.0 buffer=1.2 current_replicas=5 predicted_load=0.0 required_resources=0.0 target_replicas=1
2026-07-04 08:39:14 [debug    ] Decision loop completed        action=SCALE_OUT latency_ms=76.43 p99=39704.0
2026-07-04 08:39:29 [debug    ] HAProxy TCP command sent       command='show stat' response_length=2842
2026-07-04 08:39:29 [info     ] Algorithm 1: SCALE_OUT         new_weights={'k3s': 50, 'knative': 50} p99=39704.0 serverless_enabled=True violation_sec=1238
2026-07-04 08:39:29 [info     ] algorithm2_scaling_decision    action=SCALE_DOWN alpha=0.04 beta=0.0 buffer=1.2 current_replicas=5 predicted_load=0.0 required_resources=0.0 target_replicas=1
2026-07-04 08:39:29 [debug    ] Decision loop completed        action=SCALE_OUT latency_ms=75.09 p99=39704.0
2026-07-04 08:39:44 [debug    ] HAProxy TCP command sent       command='show stat' response_length=2842
2026-07-04 08:39:44 [info     ] Algorithm 1: SCALE_OUT         new_weights={'k3s': 50, 'knative': 50} p99=39704.0 serverless_enabled=True violation_sec=1253
2026-07-04 08:39:44 [info     ] algorithm2_scaling_decision    action=SCALE_DOWN alpha=0.04 beta=0.0 buffer=1.2 current_replicas=5 predicted_load=0.0 required_resources=0.0 target_replicas=1
2026-07-04 08:39:44 [debug    ] Decision loop completed        action=SCALE_OUT latency_ms=76.37 p99=39704.0
2026-07-04 08:39:58 [info     ] Received shutdown signal
2026-07-04 08:39:58 [info     ] Stopping routing daemon...
2026-07-04 08:39:58 [info     ] Routing daemon stopped
