<frozen runpy>:128: RuntimeWarning: 'daemon.routing_daemon' found in sys.modules after import of package 'daemon', but prior to execution of 'daemon.routing_daemon'; this may result in unpredictable behaviour
2026-07-04 02:47:41 [info     ] SLOMonitor initialized         threshold_ms=200.0 violation_window=30
2026-07-04 02:47:41 [info     ] Algorithm1Controller initialized cooldown=15 weight_step=10
2026-07-04 02:47:41 [info     ] HAProxyWeightAdjuster initialized backend=servers socket_path=/tmp/haproxy.sock tcp_socket=localhost:19999 tcp_socket_available=True unix_socket_available=False
2026-07-04 02:47:41 [info     ] GRUClient initialized          base_url=http://localhost:8090
2026-07-04 02:47:41 [info     ] K8sScaler initialized          deployment=test-app-warm namespace=default
2026-07-04 02:47:41 [info     ] RoutingDaemon initialized      decision_interval=15 description='Static routing to K8s cluster only' scenario=s1-k8s-only use_algorithm=False use_predictions=False
2026-07-04 02:47:41 [info     ] Starting routing daemon        interval=15 scenario=s1-k8s-only
2026-07-04 02:47:41 [debug    ] HAProxy TCP command sent       command='show stat' response_length=2584
2026-07-04 02:47:41 [debug    ] Current weights retrieved via socket weights={'k3s': 100, 'knative': 0}
2026-07-04 02:47:41 [debug    ] Weights already set correctly  k3s=100 knative=0
2026-07-04 02:47:41 [info     ] Initial weights applied        k3s=100 knative=0
2026-07-04 02:47:41 [error    ] HPA conflict detected — Algorithm 2 manual scaling may conflict with HPA deployment=test-app-warm hpa_name=test-app-warm
2026-07-04 02:47:41 [error    ] HPA detected — Algorithm 2 scaling may conflict with HPA
2026-07-04 02:47:41 [debug    ] HAProxy TCP command sent       command='show stat' response_length=2584
2026-07-04 02:47:41 [debug    ] Static scenario - no decision needed scenario=s1-k8s-only weights={'k3s': 100, 'knative': 0}
2026-07-04 02:47:56 [debug    ] HAProxy TCP command sent       command='show stat' response_length=2585
2026-07-04 02:47:56 [debug    ] Static scenario - no decision needed scenario=s1-k8s-only weights={'k3s': 100, 'knative': 0}
2026-07-04 02:48:11 [debug    ] HAProxy TCP command sent       command='show stat' response_length=2586
2026-07-04 02:48:11 [debug    ] Static scenario - no decision needed scenario=s1-k8s-only weights={'k3s': 100, 'knative': 0}
2026-07-04 02:48:26 [debug    ] HAProxy TCP command sent       command='show stat' response_length=2680
2026-07-04 02:48:26 [debug    ] Static scenario - no decision needed scenario=s1-k8s-only weights={'k3s': 100, 'knative': 0}
2026-07-04 02:48:41 [debug    ] HAProxy TCP command sent       command='show stat' response_length=2719
2026-07-04 02:48:41 [debug    ] Static scenario - no decision needed scenario=s1-k8s-only weights={'k3s': 100, 'knative': 0}
2026-07-04 02:48:56 [debug    ] HAProxy TCP command sent       command='show stat' response_length=2726
2026-07-04 02:48:56 [debug    ] Static scenario - no decision needed scenario=s1-k8s-only weights={'k3s': 100, 'knative': 0}
2026-07-04 02:49:11 [debug    ] HAProxy TCP command sent       command='show stat' response_length=2736
2026-07-04 02:49:11 [debug    ] Static scenario - no decision needed scenario=s1-k8s-only weights={'k3s': 100, 'knative': 0}
2026-07-04 02:49:26 [debug    ] HAProxy TCP command sent       command='show stat' response_length=2735
2026-07-04 02:49:26 [debug    ] Static scenario - no decision needed scenario=s1-k8s-only weights={'k3s': 100, 'knative': 0}
2026-07-04 02:49:41 [debug    ] HAProxy TCP command sent       command='show stat' response_length=2746
2026-07-04 02:49:41 [debug    ] Static scenario - no decision needed scenario=s1-k8s-only weights={'k3s': 100, 'knative': 0}
2026-07-04 02:49:56 [debug    ] HAProxy TCP command sent       command='show stat' response_length=2740
2026-07-04 02:49:56 [debug    ] Static scenario - no decision needed scenario=s1-k8s-only weights={'k3s': 100, 'knative': 0}
2026-07-04 02:50:11 [debug    ] HAProxy TCP command sent       command='show stat' response_length=2743
2026-07-04 02:50:11 [debug    ] Static scenario - no decision needed scenario=s1-k8s-only weights={'k3s': 100, 'knative': 0}
2026-07-04 02:50:26 [debug    ] HAProxy TCP command sent       command='show stat' response_length=2750
2026-07-04 02:50:26 [debug    ] Static scenario - no decision needed scenario=s1-k8s-only weights={'k3s': 100, 'knative': 0}
2026-07-04 02:50:41 [debug    ] HAProxy TCP command sent       command='show stat' response_length=2748
2026-07-04 02:50:41 [debug    ] Static scenario - no decision needed scenario=s1-k8s-only weights={'k3s': 100, 'knative': 0}
2026-07-04 02:50:56 [debug    ] HAProxy TCP command sent       command='show stat' response_length=2749
2026-07-04 02:50:56 [debug    ] Static scenario - no decision needed scenario=s1-k8s-only weights={'k3s': 100, 'knative': 0}
2026-07-04 02:51:11 [debug    ] HAProxy TCP command sent       command='show stat' response_length=2746
2026-07-04 02:51:11 [debug    ] Static scenario - no decision needed scenario=s1-k8s-only weights={'k3s': 100, 'knative': 0}
2026-07-04 02:51:26 [debug    ] HAProxy TCP command sent       command='show stat' response_length=2746
2026-07-04 02:51:26 [debug    ] Static scenario - no decision needed scenario=s1-k8s-only weights={'k3s': 100, 'knative': 0}
2026-07-04 02:51:41 [debug    ] HAProxy TCP command sent       command='show stat' response_length=2746
2026-07-04 02:51:41 [debug    ] Static scenario - no decision needed scenario=s1-k8s-only weights={'k3s': 100, 'knative': 0}
2026-07-04 02:51:56 [debug    ] HAProxy TCP command sent       command='show stat' response_length=2758
2026-07-04 02:51:57 [debug    ] Static scenario - no decision needed scenario=s1-k8s-only weights={'k3s': 100, 'knative': 0}
2026-07-04 02:52:12 [debug    ] HAProxy TCP command sent       command='show stat' response_length=2754
2026-07-04 02:52:12 [debug    ] Static scenario - no decision needed scenario=s1-k8s-only weights={'k3s': 100, 'knative': 0}
2026-07-04 02:52:27 [debug    ] HAProxy TCP command sent       command='show stat' response_length=2753
2026-07-04 02:52:27 [debug    ] Static scenario - no decision needed scenario=s1-k8s-only weights={'k3s': 100, 'knative': 0}
2026-07-04 02:52:42 [debug    ] HAProxy TCP command sent       command='show stat' response_length=2762
2026-07-04 02:52:42 [debug    ] Static scenario - no decision needed scenario=s1-k8s-only weights={'k3s': 100, 'knative': 0}
2026-07-04 02:52:57 [debug    ] HAProxy TCP command sent       command='show stat' response_length=2758
2026-07-04 02:52:57 [debug    ] Static scenario - no decision needed scenario=s1-k8s-only weights={'k3s': 100, 'knative': 0}
2026-07-04 02:53:12 [debug    ] HAProxy TCP command sent       command='show stat' response_length=2760
2026-07-04 02:53:12 [debug    ] Static scenario - no decision needed scenario=s1-k8s-only weights={'k3s': 100, 'knative': 0}
2026-07-04 02:53:27 [debug    ] HAProxy TCP command sent       command='show stat' response_length=2765
2026-07-04 02:53:27 [debug    ] Static scenario - no decision needed scenario=s1-k8s-only weights={'k3s': 100, 'knative': 0}
2026-07-04 02:53:42 [debug    ] HAProxy TCP command sent       command='show stat' response_length=2766
2026-07-04 02:53:42 [debug    ] Static scenario - no decision needed scenario=s1-k8s-only weights={'k3s': 100, 'knative': 0}
2026-07-04 02:53:57 [debug    ] HAProxy TCP command sent       command='show stat' response_length=2758
2026-07-04 02:53:57 [debug    ] Static scenario - no decision needed scenario=s1-k8s-only weights={'k3s': 100, 'knative': 0}
2026-07-04 02:54:12 [debug    ] HAProxy TCP command sent       command='show stat' response_length=2768
2026-07-04 02:54:12 [debug    ] Static scenario - no decision needed scenario=s1-k8s-only weights={'k3s': 100, 'knative': 0}
2026-07-04 02:54:27 [debug    ] HAProxy TCP command sent       command='show stat' response_length=2759
2026-07-04 02:54:27 [debug    ] Static scenario - no decision needed scenario=s1-k8s-only weights={'k3s': 100, 'knative': 0}
2026-07-04 02:54:42 [debug    ] HAProxy TCP command sent       command='show stat' response_length=2774
2026-07-04 02:54:42 [debug    ] Static scenario - no decision needed scenario=s1-k8s-only weights={'k3s': 100, 'knative': 0}
2026-07-04 02:54:57 [debug    ] HAProxy TCP command sent       command='show stat' response_length=2766
2026-07-04 02:54:57 [debug    ] Static scenario - no decision needed scenario=s1-k8s-only weights={'k3s': 100, 'knative': 0}
2026-07-04 02:55:12 [debug    ] HAProxy TCP command sent       command='show stat' response_length=2765
2026-07-04 02:55:12 [debug    ] Static scenario - no decision needed scenario=s1-k8s-only weights={'k3s': 100, 'knative': 0}
2026-07-04 02:55:27 [debug    ] HAProxy TCP command sent       command='show stat' response_length=2768
2026-07-04 02:55:27 [debug    ] Static scenario - no decision needed scenario=s1-k8s-only weights={'k3s': 100, 'knative': 0}
2026-07-04 02:55:42 [debug    ] HAProxy TCP command sent       command='show stat' response_length=2768
2026-07-04 02:55:42 [debug    ] Static scenario - no decision needed scenario=s1-k8s-only weights={'k3s': 100, 'knative': 0}
2026-07-04 02:55:57 [debug    ] HAProxy TCP command sent       command='show stat' response_length=2768
2026-07-04 02:55:57 [debug    ] Static scenario - no decision needed scenario=s1-k8s-only weights={'k3s': 100, 'knative': 0}
2026-07-04 02:56:12 [debug    ] HAProxy TCP command sent       command='show stat' response_length=2766
2026-07-04 02:56:12 [debug    ] Static scenario - no decision needed scenario=s1-k8s-only weights={'k3s': 100, 'knative': 0}
2026-07-04 02:56:27 [debug    ] HAProxy TCP command sent       command='show stat' response_length=2766
2026-07-04 02:56:27 [debug    ] Static scenario - no decision needed scenario=s1-k8s-only weights={'k3s': 100, 'knative': 0}
2026-07-04 02:56:42 [debug    ] HAProxy TCP command sent       command='show stat' response_length=2766
2026-07-04 02:56:42 [debug    ] Static scenario - no decision needed scenario=s1-k8s-only weights={'k3s': 100, 'knative': 0}
2026-07-04 02:56:57 [debug    ] HAProxy TCP command sent       command='show stat' response_length=2768
2026-07-04 02:56:57 [debug    ] Static scenario - no decision needed scenario=s1-k8s-only weights={'k3s': 100, 'knative': 0}
2026-07-04 02:57:12 [debug    ] HAProxy TCP command sent       command='show stat' response_length=2772
2026-07-04 02:57:12 [debug    ] Static scenario - no decision needed scenario=s1-k8s-only weights={'k3s': 100, 'knative': 0}
2026-07-04 02:57:27 [debug    ] HAProxy TCP command sent       command='show stat' response_length=2772
2026-07-04 02:57:27 [debug    ] Static scenario - no decision needed scenario=s1-k8s-only weights={'k3s': 100, 'knative': 0}
2026-07-04 02:57:42 [debug    ] HAProxy TCP command sent       command='show stat' response_length=2772
2026-07-04 02:57:42 [debug    ] Static scenario - no decision needed scenario=s1-k8s-only weights={'k3s': 100, 'knative': 0}
2026-07-04 02:57:57 [debug    ] HAProxy TCP command sent       command='show stat' response_length=2772
2026-07-04 02:57:57 [debug    ] Static scenario - no decision needed scenario=s1-k8s-only weights={'k3s': 100, 'knative': 0}
2026-07-04 02:58:12 [debug    ] HAProxy TCP command sent       command='show stat' response_length=2772
2026-07-04 02:58:12 [debug    ] Static scenario - no decision needed scenario=s1-k8s-only weights={'k3s': 100, 'knative': 0}
2026-07-04 02:58:27 [debug    ] HAProxy TCP command sent       command='show stat' response_length=2772
2026-07-04 02:58:27 [debug    ] Static scenario - no decision needed scenario=s1-k8s-only weights={'k3s': 100, 'knative': 0}
2026-07-04 02:58:42 [debug    ] HAProxy TCP command sent       command='show stat' response_length=2767
2026-07-04 02:58:43 [debug    ] Static scenario - no decision needed scenario=s1-k8s-only weights={'k3s': 100, 'knative': 0}
2026-07-04 02:58:58 [debug    ] HAProxy TCP command sent       command='show stat' response_length=2767
2026-07-04 02:58:58 [debug    ] Static scenario - no decision needed scenario=s1-k8s-only weights={'k3s': 100, 'knative': 0}
2026-07-04 02:59:13 [debug    ] HAProxy TCP command sent       command='show stat' response_length=2768
2026-07-04 02:59:13 [debug    ] Static scenario - no decision needed scenario=s1-k8s-only weights={'k3s': 100, 'knative': 0}
2026-07-04 02:59:28 [debug    ] HAProxy TCP command sent       command='show stat' response_length=2766
2026-07-04 02:59:28 [debug    ] Static scenario - no decision needed scenario=s1-k8s-only weights={'k3s': 100, 'knative': 0}
2026-07-04 02:59:43 [debug    ] HAProxy TCP command sent       command='show stat' response_length=2766
2026-07-04 02:59:43 [debug    ] Static scenario - no decision needed scenario=s1-k8s-only weights={'k3s': 100, 'knative': 0}
2026-07-04 02:59:58 [debug    ] HAProxy TCP command sent       command='show stat' response_length=2768
2026-07-04 02:59:58 [debug    ] Static scenario - no decision needed scenario=s1-k8s-only weights={'k3s': 100, 'knative': 0}
2026-07-04 03:00:13 [debug    ] HAProxy TCP command sent       command='show stat' response_length=2767
2026-07-04 03:00:13 [debug    ] Static scenario - no decision needed scenario=s1-k8s-only weights={'k3s': 100, 'knative': 0}
2026-07-04 03:00:28 [debug    ] HAProxy TCP command sent       command='show stat' response_length=2772
2026-07-04 03:00:28 [debug    ] Static scenario - no decision needed scenario=s1-k8s-only weights={'k3s': 100, 'knative': 0}
2026-07-04 03:00:43 [debug    ] HAProxy TCP command sent       command='show stat' response_length=2767
2026-07-04 03:00:43 [debug    ] Static scenario - no decision needed scenario=s1-k8s-only weights={'k3s': 100, 'knative': 0}
2026-07-04 03:00:58 [debug    ] HAProxy TCP command sent       command='show stat' response_length=2775
2026-07-04 03:00:58 [debug    ] Static scenario - no decision needed scenario=s1-k8s-only weights={'k3s': 100, 'knative': 0}
2026-07-04 03:01:13 [debug    ] HAProxy TCP command sent       command='show stat' response_length=2785
2026-07-04 03:01:13 [debug    ] Static scenario - no decision needed scenario=s1-k8s-only weights={'k3s': 100, 'knative': 0}
2026-07-04 03:01:28 [debug    ] HAProxy TCP command sent       command='show stat' response_length=2769
2026-07-04 03:01:28 [debug    ] Static scenario - no decision needed scenario=s1-k8s-only weights={'k3s': 100, 'knative': 0}
2026-07-04 03:01:43 [debug    ] HAProxy TCP command sent       command='show stat' response_length=2769
2026-07-04 03:01:43 [debug    ] Static scenario - no decision needed scenario=s1-k8s-only weights={'k3s': 100, 'knative': 0}
2026-07-04 03:01:58 [debug    ] HAProxy TCP command sent       command='show stat' response_length=2769
2026-07-04 03:01:58 [debug    ] Static scenario - no decision needed scenario=s1-k8s-only weights={'k3s': 100, 'knative': 0}
2026-07-04 03:02:13 [debug    ] HAProxy TCP command sent       command='show stat' response_length=2769
2026-07-04 03:02:13 [debug    ] Static scenario - no decision needed scenario=s1-k8s-only weights={'k3s': 100, 'knative': 0}
2026-07-04 03:02:28 [debug    ] HAProxy TCP command sent       command='show stat' response_length=2769
2026-07-04 03:02:28 [debug    ] Static scenario - no decision needed scenario=s1-k8s-only weights={'k3s': 100, 'knative': 0}
2026-07-04 03:02:43 [debug    ] HAProxy TCP command sent       command='show stat' response_length=2773
2026-07-04 03:02:43 [debug    ] Static scenario - no decision needed scenario=s1-k8s-only weights={'k3s': 100, 'knative': 0}
2026-07-04 03:02:58 [debug    ] HAProxy TCP command sent       command='show stat' response_length=2773
2026-07-04 03:02:58 [debug    ] Static scenario - no decision needed scenario=s1-k8s-only weights={'k3s': 100, 'knative': 0}
2026-07-04 03:03:13 [debug    ] HAProxy TCP command sent       command='show stat' response_length=2773
2026-07-04 03:03:13 [debug    ] Static scenario - no decision needed scenario=s1-k8s-only weights={'k3s': 100, 'knative': 0}
2026-07-04 03:03:28 [debug    ] HAProxy TCP command sent       command='show stat' response_length=2773
2026-07-04 03:03:28 [debug    ] Static scenario - no decision needed scenario=s1-k8s-only weights={'k3s': 100, 'knative': 0}
2026-07-04 03:03:43 [debug    ] HAProxy TCP command sent       command='show stat' response_length=2773
2026-07-04 03:03:43 [debug    ] Static scenario - no decision needed scenario=s1-k8s-only weights={'k3s': 100, 'knative': 0}
2026-07-04 03:03:58 [debug    ] HAProxy TCP command sent       command='show stat' response_length=2773
2026-07-04 03:03:58 [debug    ] Static scenario - no decision needed scenario=s1-k8s-only weights={'k3s': 100, 'knative': 0}
2026-07-04 03:04:13 [debug    ] HAProxy TCP command sent       command='show stat' response_length=2775
2026-07-04 03:04:13 [debug    ] Static scenario - no decision needed scenario=s1-k8s-only weights={'k3s': 100, 'knative': 0}
2026-07-04 03:04:28 [debug    ] HAProxy TCP command sent       command='show stat' response_length=2768
2026-07-04 03:04:28 [debug    ] Static scenario - no decision needed scenario=s1-k8s-only weights={'k3s': 100, 'knative': 0}
2026-07-04 03:04:43 [debug    ] HAProxy TCP command sent       command='show stat' response_length=2766
2026-07-04 03:04:43 [debug    ] Static scenario - no decision needed scenario=s1-k8s-only weights={'k3s': 100, 'knative': 0}
2026-07-04 03:04:58 [debug    ] HAProxy TCP command sent       command='show stat' response_length=2767
2026-07-04 03:04:58 [debug    ] Static scenario - no decision needed scenario=s1-k8s-only weights={'k3s': 100, 'knative': 0}
2026-07-04 03:05:13 [debug    ] HAProxy TCP command sent       command='show stat' response_length=2773
2026-07-04 03:05:13 [debug    ] Static scenario - no decision needed scenario=s1-k8s-only weights={'k3s': 100, 'knative': 0}
2026-07-04 03:05:29 [debug    ] HAProxy TCP command sent       command='show stat' response_length=2771
2026-07-04 03:05:29 [debug    ] Static scenario - no decision needed scenario=s1-k8s-only weights={'k3s': 100, 'knative': 0}
2026-07-04 03:05:44 [debug    ] HAProxy TCP command sent       command='show stat' response_length=2771
2026-07-04 03:05:44 [debug    ] Static scenario - no decision needed scenario=s1-k8s-only weights={'k3s': 100, 'knative': 0}
2026-07-04 03:05:59 [debug    ] HAProxy TCP command sent       command='show stat' response_length=2771
2026-07-04 03:05:59 [debug    ] Static scenario - no decision needed scenario=s1-k8s-only weights={'k3s': 100, 'knative': 0}
2026-07-04 03:06:14 [debug    ] HAProxy TCP command sent       command='show stat' response_length=2771
2026-07-04 03:06:14 [debug    ] Static scenario - no decision needed scenario=s1-k8s-only weights={'k3s': 100, 'knative': 0}
2026-07-04 03:06:29 [debug    ] HAProxy TCP command sent       command='show stat' response_length=2771
2026-07-04 03:06:29 [debug    ] Static scenario - no decision needed scenario=s1-k8s-only weights={'k3s': 100, 'knative': 0}
2026-07-04 03:06:44 [debug    ] HAProxy TCP command sent       command='show stat' response_length=2773
2026-07-04 03:06:44 [debug    ] Static scenario - no decision needed scenario=s1-k8s-only weights={'k3s': 100, 'knative': 0}
2026-07-04 03:06:59 [debug    ] HAProxy TCP command sent       command='show stat' response_length=2775
2026-07-04 03:06:59 [debug    ] Static scenario - no decision needed scenario=s1-k8s-only weights={'k3s': 100, 'knative': 0}
2026-07-04 03:07:14 [debug    ] HAProxy TCP command sent       command='show stat' response_length=2770
2026-07-04 03:07:14 [debug    ] Static scenario - no decision needed scenario=s1-k8s-only weights={'k3s': 100, 'knative': 0}
2026-07-04 03:07:29 [debug    ] HAProxy TCP command sent       command='show stat' response_length=2780
2026-07-04 03:07:29 [debug    ] Static scenario - no decision needed scenario=s1-k8s-only weights={'k3s': 100, 'knative': 0}
2026-07-04 03:07:44 [debug    ] HAProxy TCP command sent       command='show stat' response_length=2787
2026-07-04 03:07:44 [debug    ] Static scenario - no decision needed scenario=s1-k8s-only weights={'k3s': 100, 'knative': 0}
2026-07-04 03:07:59 [debug    ] HAProxy TCP command sent       command='show stat' response_length=2771
2026-07-04 03:07:59 [debug    ] Static scenario - no decision needed scenario=s1-k8s-only weights={'k3s': 100, 'knative': 0}
2026-07-04 03:08:14 [debug    ] HAProxy TCP command sent       command='show stat' response_length=2767
2026-07-04 03:08:14 [debug    ] Static scenario - no decision needed scenario=s1-k8s-only weights={'k3s': 100, 'knative': 0}
2026-07-04 03:08:29 [debug    ] HAProxy TCP command sent       command='show stat' response_length=2767
2026-07-04 03:08:29 [debug    ] Static scenario - no decision needed scenario=s1-k8s-only weights={'k3s': 100, 'knative': 0}
2026-07-04 03:08:44 [debug    ] HAProxy TCP command sent       command='show stat' response_length=2767
2026-07-04 03:08:44 [debug    ] Static scenario - no decision needed scenario=s1-k8s-only weights={'k3s': 100, 'knative': 0}
2026-07-04 03:08:59 [debug    ] HAProxy TCP command sent       command='show stat' response_length=2767
2026-07-04 03:08:59 [debug    ] Static scenario - no decision needed scenario=s1-k8s-only weights={'k3s': 100, 'knative': 0}
2026-07-04 03:09:14 [debug    ] HAProxy TCP command sent       command='show stat' response_length=2771
2026-07-04 03:09:14 [debug    ] Static scenario - no decision needed scenario=s1-k8s-only weights={'k3s': 100, 'knative': 0}
2026-07-04 03:09:14 [info     ] Received shutdown signal
2026-07-04 03:09:14 [info     ] Stopping routing daemon...
2026-07-04 03:09:14 [info     ] Routing daemon stopped
